Timestamp               Ty Process[PID:TID]
2026-09-14 15:31:01.476 A  PeachCommander[25894:14c5f] (libsystem_info.dylib) Retrieve User by ID
2026-09-14 15:31:01.476 Df PeachCommander[25894:14c5f] [com.apple.xpc:connection] [0x106a92860] activating connection: mach=true listener=false peer=false name=com.apple.cfprefsd.daemon
2026-09-14 15:31:01.476 Df PeachCommander[25894:14c63] [com.apple.xpc:connection] [0x106a93960] activating connection: mach=true listener=false peer=false name=com.apple.cfprefsd.agent
2026-09-14 15:31:01.477 Df PeachCommander[25894:14c5f] [com.apple.xpc:connection] [0x106a96620] activating connection: mach=true listener=false peer=false name=com.apple.coreservices.launchservicesd
2026-09-14 15:31:01.477 I  PeachCommander[25894:14c5f] [com.apple.launchservices:cas] Registering for notification <private> on default queue, to re-boostrap client connection.
2026-09-14 15:31:01.478 Df PeachCommander[25894:14c5f] [com.apple.xpc:connection] [0x958c48000] activating connection: mach=true listener=false peer=false name=com.apple.pasteboard.1
2026-09-14 15:31:01.478 Df PeachCommander[25894:14c5f] [com.apple.xpc:connection] [0x958c48140] activating connection: mach=true listener=false peer=false name=com.apple.distributed_notifications@Uv3
2026-09-14 15:31:01.479 Df PeachCommander[25894:14c5f] [com.apple.AppKit:AutomaticTermination] void _NSDisableAutomaticTerminationAndLog(NSString *) No windows open yet
2026-09-14 15:31:01.479 A  PeachCommander[25894:14c5f] (TCC) TCCAccessRequest() IPC
2026-09-14 15:31:01.479 Df PeachCommander[25894:14c5f] [com.apple.xpc:connection] [0x958c48280] activating connection: mach=true listener=false peer=false name=com.apple.tccd.system
2026-09-14 15:31:01.479 I  PeachCommander[25894:14c5f] [com.apple.TCC:access] SEND: 0/7 synchronous to com.apple.tccd.system: request: msgID=25894.1, function=TCCAccessRequest, service=kTCCServiceListenEvent,
2026-09-14 15:31:01.480 I  PeachCommander[25894:14c5f] [com.apple.TCC:access] RECV: synchronous reply <dictionary: 0x958c38000> { count = 5, transaction: 0, voucher = 0x0, contents =
	"prompt_type" => <uint64: 0x8efdb9daad8581ef>: 1
	"auth_value" => <uint64: 0x8efdb9daad8581ef>: 1
	"preflight_unknown" => <bool: 0x1ef2a5190>: true
	"auth_version" => <uint64: 0x8efdb9daad8581ef>: 1
	"auth_reason" => <uint64: 0x8efdb9daad8581cf>: 5
}
2026-09-14 15:31:01.480 Df PeachCommander[25894:14c5f] [com.apple.xpc:connection] [0x958c48280] invalidated after the last release of the connection object
2026-09-14 15:31:01.480 Df PeachCommander[25894:14c5f] [com.apple.SkyLight:default] server port 0x00003913, session port 0x00003913
2026-09-14 15:31:01.482 Df PeachCommander[25894:14c5f] [com.apple.SkyLight:default] New connection 0x4b6c3 main
2026-09-14 15:31:01.482 I  PeachCommander[25894:14c64] [com.apple.SkyLight:processes] 0[outside of RPC]: First connection id 308931 mapped to ctx = 0x959044280
2026-09-14 15:31:01.483 I  PeachCommander[25894:14c5f] [com.apple.hiservices:processmgr] Checking in with CAS, pid=25894
2026-09-14 15:31:01.483 I  PeachCommander[25894:14c5f] [com.apple.launchservices:cas] LSApplicationCheckIn(), app being registered is:"/Users/admin/pc-test/PeachCommander.app/Contents/MacOS/PeachCommander"
2026-09-14 15:31:01.483 I  PeachCommander[25894:14c5f] [com.apple.launchservices:cas]  { "ApplicationType"="Foreground", "BuildMachineOSBuild"="25E246", "CFBundleDevelopmentRegion"="en", "CFBundleDocumentTypes"=( { "CFBundleTypeName"="Peach Commander Plugin Package", "CFBundleTypeRole"="Viewer", "LSHandlerRank"="Owner", "LSItemContentTypes"=( "com.peachcommander.plugin-package") }), "CFBundleExecutable"="PeachCommander", "CFBundleExecutablePath"="/Users/admin/pc-test/PeachCommander.app/Contents/MacOS/PeachCommander", "CFBundleHelpBookFolder"="PeachCommander.help", "CFBundleHelpBookName"="Peach Commander Help", "CFBundleIconFile"="AppIcon", "CFBundleIconName"="AppIcon", "CFBundleIdentifier"="com.peachcommander.app", "CFBundleInfoDictionaryVersion"="6.0", "CFBundleName"="PeachCommander", "CFBundleNumericVersion"=402685952, "CFBundlePackageType"="APPL", "CFBundleShortVersionString"="0.9.0", "CFBundleSignature"="?????", "CFBundleSupportedPlatforms"=( "MacOSX"), "CFBundleVersion"="18", "DTCompiler"="com.apple.compilers.llvm.clang.1_0", "DTPlatformBuild"="25F70", "DTPlatformName"="macosx", "<…>
2026-09-14 15:31:01.483 Df PeachCommander[25894:14c5f] [com.apple.processmanager:front-35286506] CHECKIN: pid=25894
2026-09-14 15:31:01.484 Df PeachCommander[25894:14c5f] [com.apple.processmanager:front-35286506] CHECKEDIN: pid=25894 asn=0x0-0x159159 foreground=1
2026-09-14 15:31:01.484 I  PeachCommander[25894:14c5f] [com.apple.launchservices:cas] Setting processControlState to default PROC_SETPC_SUSPEND because application does not have LSProcessControlValue key
2026-09-14 15:31:01.484 Df PeachCommander[25894:14c5f] [com.apple.xpc:connection] [0x958c48280] activating connection: mach=false listener=true peer=false name=(anonymous)
2026-09-14 15:31:01.484 Df PeachCommander[25894:14c5f] [com.apple.xpc:connection] [0x958c48280] Connection returned listener port: 0x4103
2026-09-14 15:31:01.485 Df PeachCommander[25894:14c63] [com.apple.xpc:connection] [0x9590e0300] activating connection: mach=false listener=false peer=true name=com.apple.xpc.anonymous.0x958c48280.peer[131].0x9590e0300
2026-09-14 15:31:01.485 Df PeachCommander[25894:14c5f] [com.apple.processmanager:front-35286506] FRONTLOGGING: version 1
2026-09-14 15:31:01.485 Df PeachCommander[25894:14c5f] [com.apple.processmanager:front-35286506] Registered, pid=25894 ASN=0x0,0x159159
2026-09-14 15:31:01.485 Df PeachCommander[25894:14c5f] [com.apple.xpc:connection] [0x958c483c0] activating connection: mach=true listener=false peer=false name=com.apple.analyticsd
2026-09-14 15:31:01.485 I  PeachCommander[25894:14c5f] [com.apple.CoreAnalytics:client] Daemon status changed from 0 to 1
2026-09-14 15:31:01.485 I  PeachCommander[25894:14c63] [com.apple.CarbonCore:coreservicesdaemon] SCSession():SCSession( id=100, this=0x0x106a9c0f0 option=65538) created, forUID=501 mach_port_t=0x5303.
2026-09-14 15:31:01.485 I  PeachCommander[25894:14c63] [com.apple.CarbonCore:coreservicesdaemon] SCSession():SCSession( id=101, this=0x0x106a9c230 option=65538) created, forUID=501 mach_port_t=0x4603.
2026-09-14 15:31:01.485 I  PeachCommander[25894:14c63] [com.apple.CarbonCore:coreservicesdaemon] connectToCoreServicesD():Instantiating server (coreservicesd based) SCSession, port=0x5303 serverOptions=0x10002.
2026-09-14 15:31:01.485 I  PeachCommander[25894:14c5f] [com.apple.hiservices:processmgr] _RegisterApplication( pid 25894 => 0x0,0x159159) type=foreground
2026-09-14 15:31:01.485 Df PeachCommander[25894:14c68] [com.apple.CoreAnalytics:client] Received configuration update from daemon (initial)
2026-09-14 15:31:01.485 Df PeachCommander[25894:14c5f] [com.apple.xpc:connection] [0x958c48280] Connection returned listener port: 0x4103
2026-09-14 15:31:01.486 Df PeachCommander[25894:14c63] [com.apple.xpc:connection] [0x958c48500] activating connection: mach=true listener=false peer=false name=com.apple.lsd.mapdb
2026-09-14 15:31:01.486 I  PeachCommander[25894:14c5f] [com.apple.launchservices:cas] CFArrayRef _LSCopyLaunchModifiers(LSSessionID, LSASNRef _Nonnull), result for psn [ kLSCurrentApp ASN, 0x0,0x2]  is 1 items.
2026-09-14 15:31:01.486 Df PeachCommander[25894:14c5f] [com.apple.processmanager:front-35286506] BringForward: pid=25894 asn=0x0-0x159159 bringForward=1 foreground=1 uiElement=0 launchedByLS=1 modifiersCount=1 allDisabled=1
2026-09-14 15:31:01.486 Df PeachCommander[25894:14c5f] [com.apple.processmanager:front-35286506] BringFrontModifier: pid=25894 asn=0x0-0x159159 Modifier 0 hideAfter=0 hideOthers=0 dontMakeFrontmost=0 mouseDown=0/0 seed=0/0
2026-09-14 15:31:01.486 Df PeachCommander[25894:14c5f] [com.apple.processmanager:front-35286506] BringForward: pid=25894 asn=0x0-0x159159
2026-09-14 15:31:01.486 Df PeachCommander[25894:14c5f] [com.apple.processmanager:front-35286506] SetFrontProcess: asn=0x0-0x159159 options=0
2026-09-14 15:31:01.486 I  PeachCommander[25894:14c5f] [com.apple.SkyLight:processes] 0[outside of RPC]: SLPSetFrontProcess(0x0-0x159159 window=0 options=0x0
2026-09-14 15:31:01.486 I  PeachCommander[25894:14c63] [com.apple.launchservices:db] LaunchServices database schema version: 20971544
2026-09-14 15:31:01.487 Df PeachCommander[25894:14c5f] [com.apple.AppKit:Appearance] Current system appearance, (HLTB: 1), (SLS: 0)
2026-09-14 15:31:01.488 Df PeachCommander[25894:14c5f] (libMobileGestalt.dylib) No persisted cache on this platform.
2026-09-14 15:31:01.488 I  PeachCommander[25894:14c68] [com.apple.launchservices:cas] information in shared memory for 0x0-0x159159 with seed 533 was still valid, so using cached info { "ApplicationType"="Foreground", "BuildMachineOSBuild"="25E246", "BundleIdentifierLowerCase"="com.peachcommander.app", "CFBundleDevelopmentRegion"="en", "CFBundleDocumentTypes"=( { "CFBundleTypeName"="Peach Commander Plugin Package", "CFBundleTypeRole"="Viewer", "LSHandlerRank"="Owner", "LSItemContentTypes"=( "com.peachcommander.plugin-package") }), "CFBundleExecutable"="PeachCommander", "CFBundleExecutablePath"="/Users/admin/pc-test/PeachCommander.app/Contents/MacOS/PeachCommander", "CFBundleExecutablePathDeviceID"=16777229, "CFBundleExecutablePathINode"=487591, "CFBundleHelpBookFolder"="PeachCommander.help", "CFBundleHelpBookName"="Peach Commander Help", "CFBundleIconFile"="AppIcon", "CFBundleIconName"="AppIcon", "CFBundleIdentifier"="com.peachcommander.app", "CFBundleInfoDictionaryVersion"="6.0", "CFBundleName"="PeachCommander", "CFBundleNameLowerCase"="peachcommander", "CFBundleNumericVersion"=402685952, "CFBundlePackageType"="APPL", "CFBundleShortVersionString"="0.9.0", "CFBun<…>
2026-09-14 15:31:01.488 Df PeachCommander[25894:14c5f] (libMobileGestalt.dylib) Could not get size of EAN data (IOConnectCallScalarMethod kAppleNVMeEANGetSize returned 0xE00002E2)
2026-09-14 15:31:01.488 Df PeachCommander[25894:14c5f] (libMobileGestalt.dylib) Failed to copy 'aptk' from EAN
2026-09-14 15:31:01.488 Df PeachCommander[25894:14c5f] (libMobileGestalt.dylib) Failed to copy APTicket properties. Falling back to default policy.
2026-09-14 15:31:01.488 Df PeachCommander[25894:14c5f] (libMobileGestalt.dylib) Creating default MGSysConfigPolicy
2026-09-14 15:31:01.488 Df PeachCommander[25894:14c5f] (libMobileGestalt.dylib) CFDictionaryRef copySyscfgDictionary(void) enumeration of <private> failed.
2026-09-14 15:31:01.488 Df PeachCommander[25894:14c5f] (libMobileGestalt.dylib) Failed to find key <private>
2026-09-14 15:31:01.489 Df PeachCommander[25894:14c5f] [com.apple.AppKit:Appearance] Current system appearance, (HLTB: 1), (SLS: 0)
2026-09-14 15:31:01.489 Df PeachCommander[25894:14c5f] [com.apple.AppKit:Appearance] Post-registration system appearance: (HLTB: 1)
2026-09-14 15:31:01.490 I  PeachCommander[25894:14c63] [com.apple.launchservices:default] Unable to load Info.plist exceptions (eGPUOverrides)
2026-09-14 15:31:01.490 I  PeachCommander[25894:14c63] [com.apple.launchservices:default] Unable to load Info.plist exceptions (gameModeOverrides)
2026-09-14 15:31:01.490 I  PeachCommander[25894:14c63] [com.apple.launchservices:default] Unable to load Info.plist exceptions (identifiedGameOverrides)
2026-09-14 15:31:01.490 I  PeachCommander[25894:14c63] [com.apple.launchservices:default] Unable to load Info.plist exceptions (SystemHiddenPreferred)
2026-09-14 15:31:01.491 Df PeachCommander[25894:14c5f] [com.apple.FrontBoard:Common] FBSWorkspace: endpoint monitoring is disabled.
2026-09-14 15:31:01.491 Df PeachCommander[25894:14c5f] [com.apple.FrontBoard:Common] FBSWorkspace: default shell endpoint is disabled.
2026-09-14 15:31:01.491 Df PeachCommander[25894:14c5f] [com.apple.runningboard:connection] Initializing connection
2026-09-14 15:31:01.491 Df PeachCommander[25894:14c5f] [com.apple.runningboard:process] Removing all cached process handles
2026-09-14 15:31:01.491 Df PeachCommander[25894:14c68] [com.apple.runningboard:connection] Sending handshake request attempt #1 to server
2026-09-14 15:31:01.491 Df PeachCommander[25894:14c68] [com.apple.runningboard:connection] Creating connection to com.apple.runningboard
2026-09-14 15:31:01.491 Df PeachCommander[25894:14c68] [com.apple.xpc:connection] [0x958c48640] activating connection: mach=true listener=false peer=false name=com.apple.runningboard
2026-09-14 15:31:01.491 Df PeachCommander[25894:14c5f] [com.apple.xpc:connection] [0x958c48280] Connection returned listener port: 0x4103
2026-09-14 15:31:01.491 A  PeachCommander[25894:14c69] (RunningBoardServices) didChangeInheritances
2026-09-14 15:31:01.491 I  PeachCommander[25894:14c5f] [com.apple.launchservices:cas] information in shared memory for 0x0-0x159159 with seed 533 was still valid, so using cached info { "ApplicationType"="Foreground", "BuildMachineOSBuild"="25E246", "BundleIdentifierLowerCase"="com.peachcommander.app", "CFBundleDevelopmentRegion"="en", "CFBundleDocumentTypes"=( { "CFBundleTypeName"="Peach Commander Plugin Package", "CFBundleTypeRole"="Viewer", "LSHandlerRank"="Owner", "LSItemContentTypes"=( "com.peachcommander.plugin-package") }), "CFBundleExecutable"="PeachCommander", "CFBundleExecutablePath"="/Users/admin/pc-test/PeachCommander.app/Contents/MacOS/PeachCommander", "CFBundleExecutablePathDeviceID"=16777229, "CFBundleExecutablePathINode"=487591, "CFBundleHelpBookFolder"="PeachCommander.help", "CFBundleHelpBookName"="Peach Commander Help", "CFBundleIconFile"="AppIcon", "CFBundleIconName"="AppIcon", "CFBundleIdentifier"="com.peachcommander.app", "CFBundleInfoDictionaryVersion"="6.0", "CFBundleName"="PeachCommander", "CFBundleNameLowerCase"="peachcommander", "CFBundleNumericVersion"=402685952, "CFBundlePackageType"="APPL", "CFBundleShortVersionString"="0.9.0", "CFBun<…>
2026-09-14 15:31:01.492 Df PeachCommander[25894:14c68] [com.apple.runningboard:connection] Handshake succeeded
2026-09-14 15:31:01.492 Df PeachCommander[25894:14c68] [com.apple.runningboard:connection] Identity resolved as app<application.com.peachcommander.app.486730.487591(501)>
2026-09-14 15:31:01.493 Df PeachCommander[25894:14c5f] [com.apple.xpc:connection] [0x958c48280] Connection returned listener port: 0x4103
2026-09-14 15:31:01.493 A  PeachCommander[25894:14c63] (AppIntents) appintents:register process
2026-09-14 15:31:01.493 Df PeachCommander[25894:14c63] [com.apple.appintents:Connection] Created a new Process Instance Registry XPC connection (inactive)
2026-09-14 15:31:01.493 Df PeachCommander[25894:14c63] [com.apple.xpc:connection] [0x958c488c0] activating connection: mach=true listener=false peer=false name=com.apple.linkd.autoShortcut
2026-09-14 15:31:01.494 Df PeachCommander[25894:14c63] [com.apple.appintents:Connection] Activated connection to linkd (ApplicationService)
2026-09-14 15:31:01.494 Df PeachCommander[25894:14c63] [com.apple.xpc:connection] [0x958c48a00] activating connection: mach=false listener=true peer=false name=(anonymous)
2026-09-14 15:31:01.494 I  PeachCommander[25894:14c5f] [com.apple.launchservices:cas] information in shared memory for 0x0-0x159159 with seed 533 was still valid, so using cached info { "ApplicationType"="Foreground", "BuildMachineOSBuild"="25E246", "BundleIdentifierLowerCase"="com.peachcommander.app", "CFBundleDevelopmentRegion"="en", "CFBundleDocumentTypes"=( { "CFBundleTypeName"="Peach Commander Plugin Package", "CFBundleTypeRole"="Viewer", "LSHandlerRank"="Owner", "LSItemContentTypes"=( "com.peachcommander.plugin-package") }), "CFBundleExecutable"="PeachCommander", "CFBundleExecutablePath"="/Users/admin/pc-test/PeachCommander.app/Contents/MacOS/PeachCommander", "CFBundleExecutablePathDeviceID"=16777229, "CFBundleExecutablePathINode"=487591, "CFBundleHelpBookFolder"="PeachCommander.help", "CFBundleHelpBookName"="Peach Commander Help", "CFBundleIconFile"="AppIcon", "CFBundleIconName"="AppIcon", "CFBundleIdentifier"="com.peachcommander.app", "CFBundleInfoDictionaryVersion"="6.0", "CFBundleName"="PeachCommander", "CFBundleNameLowerCase"="peachcommander", "CFBundleNumericVersion"=402685952, "CFBundlePackageType"="APPL", "CFBundleShortVersionString"="0.9.0", "CFBun<…>
2026-09-14 15:31:01.494 I  PeachCommander[25894:14c5f] [com.apple.hiservices:processmgr] TransformProcessType(0x0,0x2 => 1 wasFront=1 pickNew=0)
2026-09-14 15:31:01.494 I  PeachCommander[25894:14c5f] [com.apple.CoreAnalytics:client] Dropping "com.apple.appkit.app_config" as it isn't used in any transform (not in the config or budgeted?)
2026-09-14 15:31:01.494 I  PeachCommander[25894:14c63] [com.apple.appintents:Execution] LNAppConnectionListener instantiated
2026-09-14 15:31:01.494 Df PeachCommander[25894:14c63] [com.apple.xpc:connection] [0x958c48a00] Connection returned listener port: 0x6f03
2026-09-14 15:31:01.494 Df PeachCommander[25894:14c5f] [com.apple.dt.xctest:Default] Registering for test daemon availability notify post.
2026-09-14 15:31:01.494 Df PeachCommander[25894:14c64] [com.apple.xpc:connection] [0x958c488c0] Re-initialization successful; calling out to event handler with XPC_ERROR_CONNECTION_INTERRUPTED
2026-09-14 15:31:01.494 Df PeachCommander[25894:14c64] [com.apple.appintents:Connection] Process Instance Registry XPC connection has been interrupted
2026-09-14 15:31:01.494 Df PeachCommander[25894:14c5f] [com.apple.dt.xctest:Default] notify_get_state check indicated test daemon not ready.
2026-09-14 15:31:01.494 E  PeachCommander[25894:14c63] [com.apple.appintents:Connection] Unable to get synchronousRemoteObjectProxy, error: Error Domain=NSCocoaErrorDomain Code=4097 "connection to service named com.apple.linkd.autoShortcut" UserInfo={NSDebugDescription=connection to service named com.apple.linkd.autoShortcut}
2026-09-14 15:31:01.494 E  PeachCommander[25894:14c63] [com.apple.AppKit:Application] Error registering app with intents framework: Error Domain=NSCocoaErrorDomain Code=4097 UserInfo={NSDebugDescription=<private>}
2026-09-14 15:31:01.494 Df PeachCommander[25894:14c64] [com.apple.appintents:Connection] Created a new Process Instance Registry XPC connection (inactive)
2026-09-14 15:31:01.494 A  PeachCommander[25894:14c64] (AppIntents) appintents:register process
2026-09-14 15:31:01.494 Df PeachCommander[25894:14c5f] [com.apple.dt.xctest:Default] notify_get_state check indicated test daemon not ready.
2026-09-14 15:31:01.494 Df PeachCommander[25894:14c64] [com.apple.appintents:Connection] Created a new Process Instance Registry XPC connection (inactive)
2026-09-14 15:31:01.494 Df PeachCommander[25894:14c64] [com.apple.xpc:connection] [0x958c48c80] activating connection: mach=true listener=false peer=false name=com.apple.linkd.autoShortcut
2026-09-14 15:31:01.495 Df PeachCommander[25894:14c5f] [com.apple.dt.xctest:Default] notify_get_state check indicated test daemon not ready.
2026-09-14 15:31:01.495 Df PeachCommander[25894:14c64] [com.apple.appintents:Connection] Activated connection to linkd (ApplicationService)
2026-09-14 15:31:01.495 Df PeachCommander[25894:14c64] [com.apple.xpc:connection] [0x958c48a00] Connection returned listener port: 0x6f03
2026-09-14 15:31:01.495 Df PeachCommander[25894:14c63] [com.apple.xpc:connection] [0x958c48c80] Re-initialization successful; calling out to event handler with XPC_ERROR_CONNECTION_INTERRUPTED
2026-09-14 15:31:01.495 Df PeachCommander[25894:14c63] [com.apple.appintents:Connection] Process Instance Registry XPC connection has been interrupted
2026-09-14 15:31:01.495 E  PeachCommander[25894:14c64] [com.apple.appintents:Connection] Unable to get synchronousRemoteObjectProxy, error: Error Domain=NSCocoaErrorDomain Code=4097 "connection to service named com.apple.linkd.autoShortcut" UserInfo={NSDebugDescription=connection to service named com.apple.linkd.autoShortcut}
2026-09-14 15:31:01.495 E  PeachCommander[25894:14c64] [com.apple.appintents:Connection] Unable to re-register with Process Instance Registry, error: Error Domain=NSCocoaErrorDomain Code=4097 "connection to service named com.apple.linkd.autoShortcut" UserInfo={NSDebugDescription=connection to service named com.apple.linkd.autoShortcut}
2026-09-14 15:31:01.495 Df PeachCommander[25894:14c63] [com.apple.appintents:Connection] Created a new Process Instance Registry XPC connection (inactive)
2026-09-14 15:31:01.495 A  PeachCommander[25894:14c63] (AppIntents) appintents:register process
2026-09-14 15:31:01.495 Df PeachCommander[25894:14c63] [com.apple.appintents:Connection] Created a new Process Instance Registry XPC connection (inactive)
2026-09-14 15:31:01.495 Df PeachCommander[25894:14c63] [com.apple.xpc:connection] [0x958c492c0] activating connection: mach=true listener=false peer=false name=com.apple.linkd.autoShortcut
2026-09-14 15:31:01.495 Df PeachCommander[25894:14c63] [com.apple.appintents:Connection] Activated connection to linkd (ApplicationService)
2026-09-14 15:31:01.495 Df PeachCommander[25894:14c63] [com.apple.xpc:connection] [0x958c48a00] Connection returned listener port: 0x6f03
2026-09-14 15:31:01.495 Df PeachCommander[25894:14c64] [com.apple.xpc:connection] [0x958c492c0] Re-initialization successful; calling out to event handler with XPC_ERROR_CONNECTION_INTERRUPTED
2026-09-14 15:31:01.495 Df PeachCommander[25894:14c64] [com.apple.appintents:Connection] Process Instance Registry XPC connection has been interrupted
2026-09-14 15:31:01.495 E  PeachCommander[25894:14c63] [com.apple.appintents:Connection] Unable to get synchronousRemoteObjectProxy, error: Error Domain=NSCocoaErrorDomain Code=4097 "connection to service named com.apple.linkd.autoShortcut" UserInfo={NSDebugDescription=connection to service named com.apple.linkd.autoShortcut}
2026-09-14 15:31:01.495 E  PeachCommander[25894:14c63] [com.apple.appintents:Connection] Unable to re-register with Process Instance Registry, error: Error Domain=NSCocoaErrorDomain Code=4097 "connection to service named com.apple.linkd.autoShortcut" UserInfo={NSDebugDescription=connection to service named com.apple.linkd.autoShortcut}
2026-09-14 15:31:01.495 Df PeachCommander[25894:14c64] [com.apple.appintents:Connection] Created a new Process Instance Registry XPC connection (inactive)
2026-09-14 15:31:01.495 A  PeachCommander[25894:14c64] (AppIntents) appintents:register process
2026-09-14 15:31:01.495 Df PeachCommander[25894:14c64] [com.apple.appintents:Connection] Created a new Process Instance Registry XPC connection (inactive)
2026-09-14 15:31:01.495 Df PeachCommander[25894:14c64] [com.apple.xpc:connection] [0x958c49540] activating connection: mach=true listener=false peer=false name=com.apple.linkd.autoShortcut
2026-09-14 15:31:01.495 Df PeachCommander[25894:14c64] [com.apple.appintents:Connection] Activated connection to linkd (ApplicationService)
2026-09-14 15:31:01.495 Df PeachCommander[25894:14c64] [com.apple.xpc:connection] [0x958c48a00] Connection returned listener port: 0x6f03
2026-09-14 15:31:01.495 Df PeachCommander[25894:14c63] [com.apple.xpc:connection] [0x958c49540] Re-initialization successful; calling out to event handler with XPC_ERROR_CONNECTION_INTERRUPTED
2026-09-14 15:31:01.495 Df PeachCommander[25894:14c63] [com.apple.appintents:Connection] Process Instance Registry XPC connection has been interrupted
2026-09-14 15:31:01.495 E  PeachCommander[25894:14c63] [com.apple.appintents:Connection] Will NOT re-try to establish the connection
2026-09-14 15:31:01.495 E  PeachCommander[25894:14c64] [com.apple.appintents:Connection] Unable to get synchronousRemoteObjectProxy, error: Error Domain=NSCocoaErrorDomain Code=4097 "connection to service named com.apple.linkd.autoShortcut" UserInfo={NSDebugDescription=connection to service named com.apple.linkd.autoShortcut}
2026-09-14 15:31:01.495 E  PeachCommander[25894:14c64] [com.apple.appintents:Connection] Unable to re-register with Process Instance Registry, error: Error Domain=NSCocoaErrorDomain Code=4097 "connection to service named com.apple.linkd.autoShortcut" UserInfo={NSDebugDescription=connection to service named com.apple.linkd.autoShortcut}
2026-09-14 15:31:01.498 A  PeachCommander[25894:14c5f] (CoreFoundation) Loading Preferences From System CFPrefsD
2026-09-14 15:31:01.498 Df PeachCommander[25894:14c5f] (libMobileGestalt.dylib) couldn't load support library
2026-09-14 15:31:01.498 Df PeachCommander[25894:14c5f] (libMobileGestalt.dylib) called dummy function!
2026-09-14 15:31:01.498 I  PeachCommander[25894:14c5f] [com.apple.GenerativeModels:availability] Current availability state: unavailable, use cases: com.apple.WritingTools, language: <any>, api: <private>
2026-09-14 15:31:01.498 Df PeachCommander[25894:14c5f] [com.apple.GenerativeModels:availability] registering darwin observer for name: com.apple.gms.availability.notification
2026-09-14 15:31:01.498 Df PeachCommander[25894:14c5f] [com.apple.GenerativeModels:availability] registering darwin observer for name: com.apple.os-eligibility-domain.change.greymatter
2026-09-14 15:31:01.498 Df PeachCommander[25894:14c5f] [com.apple.GenerativeModels:availability] registering darwin observer for name: com.apple.language.changed
2026-09-14 15:31:01.498 Df PeachCommander[25894:14c5f] [com.apple.WritingTools:Default] isAvailable value changed: isMDMAllowed = true, gmAvailable (current) = false
2026-09-14 15:31:01.501 I  PeachCommander[25894:14c5f] [com.apple.CoreAnalytics:client] Dropping "com.apple.appkit.app_config" as it isn't used in any transform (not in the config or budgeted?)
2026-09-14 15:31:01.503 Df PeachCommander[25894:14c5f] [com.apple.AppKit:Appearance] NSApp cache appearance:
-NSRequiresAquaSystemAppearance: 0
-appearance: (null)
-effectiveAppearance: <NSCompositeAppearance: 0x958c3c500
 (
    "<NSAquaAppearance: 0x958c3c780>",
    "<NSSystemAppearance: 0x958c3c460>"
)>
2026-09-14 15:31:01.506 A  PeachCommander[25894:14c5f] (CoreFoundation) Loading Preferences From User CFPrefsD
2026-09-14 15:31:01.507 A  PeachCommander[25894:14c5f] (CoreFoundation) Loading Preferences From User CFPrefsD
2026-09-14 15:31:01.510 A  PeachCommander[25894:14c63] (libsystem_info.dylib) Membership API: translate identifier
2026-09-14 15:31:01.512 I  PeachCommander[25894:14c5f] [com.apple.CoreAnalytics:client] Dropping "com.apple.appkit.app_config" as it isn't used in any transform (not in the config or budgeted?)
2026-09-14 15:31:01.512 I  PeachCommander[25894:14c5f] [com.apple.CoreAnalytics:client] Dropping "com.apple.appkit.app_config" as it isn't used in any transform (not in the config or budgeted?)
2026-09-14 15:31:01.513 Df PeachCommander[25894:14c64] [com.apple.xpc:connection] [0x958c49a40] activating connection: mach=true listener=false peer=false name=com.apple.dock.fullscreen
2026-09-14 15:31:01.514 Df PeachCommander[25894:14c5f] [com.apple.xpc:connection] [0x958c49b80] activating connection: mach=true listener=false peer=false name=com.apple.fonts
2026-09-14 15:31:01.516 I  PeachCommander[25894:14c5f] [com.apple.launchservices:cas] information in shared memory for 0x0-0x159159 with seed 533 was still valid, so using cached info { "ApplicationType"="Foreground", "BuildMachineOSBuild"="25E246", "BundleIdentifierLowerCase"="com.peachcommander.app", "CFBundleDevelopmentRegion"="en", "CFBundleDocumentTypes"=( { "CFBundleTypeName"="Peach Commander Plugin Package", "CFBundleTypeRole"="Viewer", "LSHandlerRank"="Owner", "LSItemContentTypes"=( "com.peachcommander.plugin-package") }), "CFBundleExecutable"="PeachCommander", "CFBundleExecutablePath"="/Users/admin/pc-test/PeachCommander.app/Contents/MacOS/PeachCommander", "CFBundleExecutablePathDeviceID"=16777229, "CFBundleExecutablePathINode"=487591, "CFBundleHelpBookFolder"="PeachCommander.help", "CFBundleHelpBookName"="Peach Commander Help", "CFBundleIconFile"="AppIcon", "CFBundleIconName"="AppIcon", "CFBundleIdentifier"="com.peachcommander.app", "CFBundleInfoDictionaryVersion"="6.0", "CFBundleName"="PeachCommander", "CFBundleNameLowerCase"="peachcommander", "CFBundleNumericVersion"=402685952, "CFBundlePackageType"="APPL", "CFBundleShortVersionString"="0.9.0", "CFBun<…>
2026-09-14 15:31:01.516 I  PeachCommander[25894:14c5f] [com.apple.CoreAnalytics:client] Dropping "com.apple.appkit.app_config" as it isn't used in any transform (not in the config or budgeted?)
2026-09-14 15:31:01.516 Df PeachCommander[25894:14c5f] [com.apple.AppKit:AutomaticTermination] -[NSApplication(NSAppssassination) _checkForAutomaticTerminationSupportPossiblyEnablingIt]_block_invoke Enabling automatic termination support.
2026-09-14 15:31:01.517 Df PeachCommander[25894:14c5f] [com.apple.xpc:connection] [0x958c48dc0] activating connection: mach=true listener=false peer=false name=com.apple.appkit.restoration_storage
2026-09-14 15:31:01.517 I  PeachCommander[25894:14c5f] [com.apple.launchservices:cas] information in shared memory for 0x0-0x159159 with seed 533 was still valid, so using cached info { "ApplicationType"="Foreground", "BuildMachineOSBuild"="25E246", "BundleIdentifierLowerCase"="com.peachcommander.app", "CFBundleDevelopmentRegion"="en", "CFBundleDocumentTypes"=( { "CFBundleTypeName"="Peach Commander Plugin Package", "CFBundleTypeRole"="Viewer", "LSHandlerRank"="Owner", "LSItemContentTypes"=( "com.peachcommander.plugin-package") }), "CFBundleExecutable"="PeachCommander", "CFBundleExecutablePath"="/Users/admin/pc-test/PeachCommander.app/Contents/MacOS/PeachCommander", "CFBundleExecutablePathDeviceID"=16777229, "CFBundleExecutablePathINode"=487591, "CFBundleHelpBookFolder"="PeachCommander.help", "CFBundleHelpBookName"="Peach Commander Help", "CFBundleIconFile"="AppIcon", "CFBundleIconName"="AppIcon", "CFBundleIdentifier"="com.peachcommander.app", "CFBundleInfoDictionaryVersion"="6.0", "CFBundleName"="PeachCommander", "CFBundleNameLowerCase"="peachcommander", "CFBundleNumericVersion"=402685952, "CFBundlePackageType"="APPL", "CFBundleShortVersionString"="0.9.0", "CFBun<…>
2026-09-14 15:31:01.517 Df PeachCommander[25894:14c5f] [com.apple.xpc:connection] [0x958c48f00] activating connection: mach=true listener=false peer=false name=com.apple.coreservices.appleevents
2026-09-14 15:31:01.517 I  PeachCommander[25894:14c5f] [com.apple.appleevents:main] _AEGetRegisteredMachPort() created default port (port:64003/0xfa03 rcv:1 send:1 limit:5) and registered it with server
2026-09-14 15:31:01.517 Df PeachCommander[25894:14c5f] [com.apple.xpc:connection] [0x958c48280] Connection returned listener port: 0x4103
2026-09-14 15:31:01.517 I  PeachCommander[25894:14c5f] [com.apple.launchservices:cas] information in shared memory for 0x0-0x159159 with seed 533 was still valid, so using cached info { "ApplicationType"="Foreground", "BuildMachineOSBuild"="25E246", "BundleIdentifierLowerCase"="com.peachcommander.app", "CFBundleDevelopmentRegion"="en", "CFBundleDocumentTypes"=( { "CFBundleTypeName"="Peach Commander Plugin Package", "CFBundleTypeRole"="Viewer", "LSHandlerRank"="Owner", "LSItemContentTypes"=( "com.peachcommander.plugin-package") }), "CFBundleExecutable"="PeachCommander", "CFBundleExecutablePath"="/Users/admin/pc-test/PeachCommander.app/Contents/MacOS/PeachCommander", "CFBundleExecutablePathDeviceID"=16777229, "CFBundleExecutablePathINode"=487591, "CFBundleHelpBookFolder"="PeachCommander.help", "CFBundleHelpBookName"="Peach Commander Help", "CFBundleIconFile"="AppIcon", "CFBundleIconName"="AppIcon", "CFBundleIdentifier"="com.peachcommander.app", "CFBundleInfoDictionaryVersion"="6.0", "CFBundleName"="PeachCommander", "CFBundleNameLowerCase"="peachcommander", "CFBundleNumericVersion"=402685952, "CFBundlePackageType"="APPL", "CFBundleShortVersionString"="0.9.0", "CFBun<…>
2026-09-14 15:31:01.517 Df PeachCommander[25894:14c5f] [com.apple.processmanager:front-35286506] SignalReady: pid=25894 asn=0x0-0x159159
2026-09-14 15:31:01.517 Df PeachCommander[25894:14c5f] [com.apple.processmanager:front-35286506] SIGNAL: pid=25894 asn=0x0x-0x159159
2026-09-14 15:31:01.517 I  PeachCommander[25894:14c5f] [com.apple.appleevents:main] aeGenerateFakeFirstOAPPEventIfNecessary()
2026-09-14 15:31:01.517 I  PeachCommander[25894:14c5f] [com.apple.appleevents:main] aeGenerateFakeFirstOAPPEventIfNecessary(), needToCreateFakeOAPPEventIfFirstEvent == true
2026-09-14 15:31:01.517 I  PeachCommander[25894:14c5f] [com.apple.launchservices:cas] Removing cached information for app [ 0x0-0x159159]  "PeachCommander", as its seed is different from that in shared memory ( 533 vs 535)
2026-09-14 15:31:01.518 I  PeachCommander[25894:14c5f] [com.apple.CFPasteboard:entry] CopyData('DefaultAsciiKeyboardLayoutPasteboard' (<CFUUID 0x958dd0140> B29681EF-B134-4FBF-92B6-F996E30DBCFA) gen: -1 item: 1264739405 flavor: 'DefaultAsciiKeyboardLayoutFlavor')
2026-09-14 15:31:01.518 I  PeachCommander[25894:14c5f] [com.apple.CFPasteboard:cache] Rebuilding cache for 'DefaultAsciiKeyboardLayoutPasteboard' (<CFUUID 0x958dd0140> B29681EF-B134-4FBF-92B6-F996E30DBCFA)
2026-09-14 15:31:01.518 I  PeachCommander[25894:14c5f] [com.apple.CFPasteboard:exit] (not-in-cache) - result: -8 generation: 0 null data flags: 0
2026-09-14 15:31:01.518 A  PeachCommander[25894:14c5f] (CoreFoundation) Loading Preferences From User CFPrefsD
2026-09-14 15:31:01.518 A  PeachCommander[25894:14c5f] (CoreFoundation) Loading Preferences From System CFPrefsD
2026-09-14 15:31:01.519 I  PeachCommander[25894:14c5f] [com.apple.CFPasteboard:entry] CopyData('AppleIntlFileCacheModificationDatePasteboard' (<CFUUID 0x958dd0180> 4B2FF391-9987-4986-B7BF-A84AE7B812E4) gen: -1 item: 1 flavor: '-32766 1768845414')
2026-09-14 15:31:01.519 I  PeachCommander[25894:14c5f] [com.apple.CFPasteboard:cache] Rebuilding cache for 'AppleIntlFileCacheModificationDatePasteboard' (<CFUUID 0x958dd0180> 4B2FF391-9987-4986-B7BF-A84AE7B812E4)
2026-09-14 15:31:01.519 I  PeachCommander[25894:14c5f] [com.apple.CFPasteboard:general] Will request data from daemon
2026-09-14 15:31:01.519 I  PeachCommander[25894:14c5f] [com.apple.CFPasteboard:exit] (not-in-cache) - result: 0 generation: 1 data (310 bytes) flags: 0
2026-09-14 15:31:01.519 I  PeachCommander[25894:14c5f] [com.apple.CFPasteboard:entry] CopyData('AppleIntlFileCacheModificationDatePasteboard' (<CFUUID 0x958dd0180> 4B2FF391-9987-4986-B7BF-A84AE7B812E4) gen: -1 item: 1 flavor: '-32765 1802264953')
2026-09-14 15:31:01.519 I  PeachCommander[25894:14c5f] [com.apple.CFPasteboard:general] Will request data from daemon
2026-09-14 15:31:01.519 I  PeachCommander[25894:14c5f] [com.apple.CFPasteboard:exit] (not-in-cache) - result: 0 generation: 1 data (306 bytes) flags: 0
2026-09-14 15:31:01.519 I  PeachCommander[25894:14c5f] [com.apple.CFPasteboard:entry] CopyData('AppleIntlFileCacheModificationDatePasteboard' (<CFUUID 0x958dd0180> 4B2FF391-9987-4986-B7BF-A84AE7B812E4) gen: -1 item: 1 flavor: '-32764 1802264953')
2026-09-14 15:31:01.519 I  PeachCommander[25894:14c5f] [com.apple.CFPasteboard:general] Will request data from daemon
2026-09-14 15:31:01.519 I  PeachCommander[25894:14c5f] [com.apple.CFPasteboard:exit] (not-in-cache) - result: 0 generation: 1 data (281 bytes) flags: 0
2026-09-14 15:31:01.519 I  PeachCommander[25894:14c5f] [com.apple.CFPasteboard:entry] CopyData('AppleIntlFileCacheModificationDatePasteboard' (<CFUUID 0x958dd0180> 4B2FF391-9987-4986-B7BF-A84AE7B812E4) gen: -1 item: 1 flavor: '-32763 1802264953')
2026-09-14 15:31:01.519 I  PeachCommander[25894:14c5f] [com.apple.CFPasteboard:general] Will request data from daemon
2026-09-14 15:31:01.519 I  PeachCommander[25894:14c5f] [com.apple.CFPasteboard:exit] (not-in-cache) - result: 0 generation: 1 data (318 bytes) flags: 0
2026-09-14 15:31:01.519 I  PeachCommander[25894:14c5f] [com.apple.CFPasteboard:entry] CopyData('AppleIntlFileCacheModificationDatePasteboard' (<CFUUID 0x958dd0180> 4B2FF391-9987-4986-B7BF-A84AE7B812E4) gen: -1 item: 1 flavor: '-32765 1768845414')
2026-09-14 15:31:01.519 I  PeachCommander[25894:14c5f] [com.apple.CFPasteboard:general] Will request data from daemon
2026-09-14 15:31:01.519 I  PeachCommander[25894:14c5f] [com.apple.CFPasteboard:exit] (not-in-cache) - result: 0 generation: 1 data (303 bytes) flags: 0
2026-09-14 15:31:01.519 I  PeachCommander[25894:14c5f] [com.apple.CFPasteboard:entry] CopyData('AppleIntlFileCacheModificationDatePasteboard' (<CFUUID 0x958dd0180> 4B2FF391-9987-4986-B7BF-A84AE7B812E4) gen: -1 item: 1 flavor: '-32763 1768845414')
2026-09-14 15:31:01.519 I  PeachCommander[25894:14c5f] [com.apple.CFPasteboard:general] Will request data from daemon
2026-09-14 15:31:01.519 I  PeachCommander[25894:14c5f] [com.apple.CFPasteboard:exit] (not-in-cache) - result: 0 generation: 1 data (315 bytes) flags: 0
2026-09-14 15:31:01.521 I  PeachCommander[25894:14c5f] [com.apple.launchservices:cas] information in shared memory for 0x0-0x159159 with seed 535 was still valid, so using cached info { "ApplicationType"="Foreground", "BuildMachineOSBuild"="25E246", "BundleIdentifierLowerCase"="com.peachcommander.app", "CFBundleDevelopmentRegion"="en", "CFBundleDocumentTypes"=( { "CFBundleTypeName"="Peach Commander Plugin Package", "CFBundleTypeRole"="Viewer", "LSHandlerRank"="Owner", "LSItemContentTypes"=( "com.peachcommander.plugin-package") }), "CFBundleExecutable"="PeachCommander", "CFBundleExecutablePath"="/Users/admin/pc-test/PeachCommander.app/Contents/MacOS/PeachCommander", "CFBundleExecutablePathDeviceID"=16777229, "CFBundleExecutablePathINode"=487591, "CFBundleHelpBookFolder"="PeachCommander.help", "CFBundleHelpBookName"="Peach Commander Help", "CFBundleIconFile"="AppIcon", "CFBundleIconName"="AppIcon", "CFBundleIdentifier"="com.peachcommander.app", "CFBundleInfoDictionaryVersion"="6.0", "CFBundleName"="PeachCommander", "CFBundleNameLowerCase"="peachcommander", "CFBundleNumericVersion"=402685952, "CFBundlePackageType"="APPL", "CFBundleShortVersionString"="0.9.0", "CFBun<…>
2026-09-14 15:31:01.521 Df PeachCommander[25894:14c5f] [com.apple.xpc:connection] [0x958c49e00] activating connection: mach=false listener=false peer=false name=com.apple.ViewBridgeAuxiliary
2026-09-14 15:31:01.525 Df PeachCommander[25894:14c5f] [com.apple.xpc:connection] [0x958c49cc0] activating connection: mach=false listener=false peer=false name=(anonymous)
2026-09-14 15:31:01.525 Df PeachCommander[25894:14c5f] [com.apple.xpc:connection] [0x958c49f40] activating connection: mach=false listener=true peer=false name=(anonymous)
2026-09-14 15:31:01.525 Df PeachCommander[25894:14c5f] [com.apple.xpc:connection] [0x958c49f40] Connection returned listener port: 0xf303
2026-09-14 15:31:01.525 Df PeachCommander[25894:14c5f] [com.apple.xpc:connection] [0x958c49e00] invalidated after the last release of the connection object
2026-09-14 15:31:01.526 I  PeachCommander[25894:14c5f] [com.apple.showhide:pr-59900543] SHOWHIDE: SHOW id=576 0x0-0x159159, err=0 eventTime=1738367144291 windowID=0
2026-09-14 15:31:01.526 I  PeachCommander[25894:14c5f] [com.apple.CarbonCore:coreservicesdaemon] findOrCreateCacheable():findOrCreateCacheable(), factoryName=3 cacheableName=<private> fCacheables.size()=0
2026-09-14 15:31:01.526 I  PeachCommander[25894:14c5f] [com.apple.CarbonCore:coreservicesdaemon] findOrCreateCacheable():findOrCreateCacheable(), result = 0x9593b83c0 (should be non-NULL)
2026-09-14 15:31:01.526 Df PeachCommander[25894:14c5f] [com.apple.AppKit:AutomaticTermination] void _NSDisableAutomaticTerminationAndLog(NSString *) Restoring windows
2026-09-14 15:31:01.526 Df PeachCommander[25894:14c5f] [com.apple.AppKit:StateRestoration] -[NSApplication _reopenWindowsAsNecessaryIncludingRestorableState:withFullFidelity:completionHandler:] shouldRestoreState=1 hasPersistentStateToRestore=0 shouldStillRestoreStateAfterPrompting=0
2026-09-14 15:31:01.526 Df PeachCommander[25894:14c5f] [com.apple.xpc:connection] [0x958c49e00] activating connection: mach=true listener=false peer=false name=com.apple.window_proxies
2026-09-14 15:31:01.526 Df PeachCommander[25894:14c5f] [com.apple.xpc:connection] [0x958c49e00] invalidated because the current process cancelled the connection by calling xpc_connection_cancel()
2026-09-14 15:31:01.526 I  PeachCommander[25894:14c5f] [com.apple.SkyLight:processes] 0[outside of RPC]: SLSSetFrontProcessWithInfo(0x0-0x2 window=0 options=0x1
2026-09-14 15:31:01.527 I  PeachCommander[25894:14c5f] [com.apple.CoreAnalytics:client] Dropping "com.apple.appkit.app_config" as it isn't used in any transform (not in the config or budgeted?)
2026-09-14 15:31:01.527 Df PeachCommander[25894:14c5f] [com.apple.AppKit:AutomaticTermination] void _NSEnableAutomaticTerminationAndLog(NSString *) Restoring windows
2026-09-14 15:31:01.529 I  PeachCommander[25894:14c5f] [com.apple.CoreAnalytics:client] Dropping "com.apple.appkit.app_config" as it isn't used in any transform (not in the config or budgeted?)
2026-09-14 15:31:01.529 I  PeachCommander[25894:14c5f] [com.apple.CoreAnalytics:client] Dropping "com.apple.appkit.app_config" as it isn't used in any transform (not in the config or budgeted?)
2026-09-14 15:31:01.537 A  PeachCommander[25894:14c5f] (CoreFoundation) Loading Preferences From User CFPrefsD
2026-09-14 15:31:01.543 I  PeachCommander[25894:14c5f] [com.peachcommander:PCFoundation] VolumeManager initialized
2026-09-14 15:31:01.558 Df PeachCommander[25894:14c5f] [com.apple.BoardServices:XPCErrors] [C:1] Alloc <private>
2026-09-14 15:31:01.559 Df PeachCommander[25894:14c5f] [com.apple.xpc:connection] [0x958f45180] activating connection: mach=false listener=false peer=false name=(anonymous)
2026-09-14 15:31:01.560 I  PeachCommander[25894:14c5f] [com.apple.AppKit:Window] context (0 -> 27d5b6a) for window 571
2026-09-14 15:31:01.561 Df PeachCommander[25894:14c68] [com.apple.corespotlight:index] (<private>) deleteSearchableItemsWithDomainIdentifiers, protectionClass:(null), domainIdentifiers number:1
2026-09-14 15:31:01.561 A  PeachCommander[25894:14c68] (CoreSpotlight) delete-domains
2026-09-14 15:31:01.561 Df PeachCommander[25894:14c68] [com.apple.corespotlight:index] CSInlineDonation:<private>: Skipping donation (feature flag disabled)
2026-09-14 15:31:01.561 Df PeachCommander[25894:14c68] (CoreSpotlight) sConnectionName: com.apple.spotlight.IndexAgent
2026-09-14 15:31:01.561 Df PeachCommander[25894:14c68] (CoreSpotlight) Start service name com.apple.spotlight.IndexAgent
2026-09-14 15:31:01.561 Df PeachCommander[25894:14c68] [com.apple.xpc:connection] [0x958f45400] activating connection: mach=true listener=false peer=false name=com.apple.spotlight.IndexAgent
2026-09-14 15:31:01.561 I  PeachCommander[25894:14c5f] [com.peachcommander:PCFoundation] MainWindowController initialized (config: <private>)
2026-09-14 15:31:01.561 I  PeachCommander[25894:14c5f] [com.peachcommander:PCFoundation] SelectionState initialized
2026-09-14 15:31:01.561 I  PeachCommander[25894:14c5f] [com.peachcommander:PCFoundation] DirectoryModel initialized
2026-09-14 15:31:01.561 I  PeachCommander[25894:14c5f] [com.peachcommander:PCFoundation] VolumeManager initialized
2026-09-14 15:31:01.561 I  PeachCommander[25894:14c5f] [com.peachcommander:PCFoundation] PanelController initialized for <private> panel
2026-09-14 15:31:01.562 I  PeachCommander[25894:14c5f] [com.peachcommander:PCFoundation] SelectionState initialized
2026-09-14 15:31:01.562 I  PeachCommander[25894:14c5f] [com.peachcommander:PCFoundation] DirectoryModel initialized
2026-09-14 15:31:01.562 I  PeachCommander[25894:14c5f] [com.peachcommander:PCFoundation] VolumeManager initialized
2026-09-14 15:31:01.562 I  PeachCommander[25894:14c5f] [com.peachcommander:PCFoundation] PanelController initialized for <private> panel
2026-09-14 15:31:01.565 I  PeachCommander[25894:14c5f] [com.apple.AppKit:Animation] Running new animation: <private>
2026-09-14 15:31:01.565 I  PeachCommander[25894:14c5f] [com.apple.AppKit:Animation] Running new animation: <private>
2026-09-14 15:31:01.565 I  PeachCommander[25894:14c5f] [com.apple.AppKit:Animation] Running new animation: <private>
2026-09-14 15:31:01.565 I  PeachCommander[25894:14c5f] [com.apple.AppKit:Animation] Running new animation: <private>
2026-09-14 15:31:01.565 I  PeachCommander[25894:14c5f] [com.apple.AppKit:Animation] Running new animation: <private>
2026-09-14 15:31:01.566 I  PeachCommander[25894:14c5f] [com.apple.AppKit:Animation] Running new animation: <private>
2026-09-14 15:31:01.566 I  PeachCommander[25894:14c5f] [com.apple.AppKit:Animation] Running new animation: <private>
2026-09-14 15:31:01.566 I  PeachCommander[25894:14c5f] [com.apple.AppKit:Animation] Running new animation: <private>
2026-09-14 15:31:01.566 I  PeachCommander[25894:14c5f] [com.apple.AppKit:Animation] Running new animation: <private>
2026-09-14 15:31:01.566 I  PeachCommander[25894:14c5f] [com.apple.AppKit:Animation] Running new animation: <private>
2026-09-14 15:31:01.572 I  PeachCommander[25894:14c5f] [com.apple.CoreAnalytics:client] Dropping "com.apple.appkit.app_config" as it isn't used in any transform (not in the config or budgeted?)
2026-09-14 15:31:01.574 A  PeachCommander[25894:14c63] (RunningBoardServices) didChangeInheritances
2026-09-14 15:31:01.574 I  PeachCommander[25894:14c5f] [com.apple.CoreAnalytics:client] Dropping "com.apple.appkit.app_config" as it isn't used in any transform (not in the config or budgeted?)
2026-09-14 15:31:01.577 I  PeachCommander[25894:14c5f] [com.apple.launchservices:datasep] application record search init. Node: <FSNode 0x9596debc0> { isDir = ?, path = <private> } bundleID: (null) itemID: 0
2026-09-14 15:31:01.578 I  PeachCommander[25894:14c5f] [com.apple.GenerativeModels:availability] Current availability state: unavailable, use cases: com.apple.Settings.AppleIntelligence,com.apple.Siri.NLRouter, language: en, api: <private>
2026-09-14 15:31:01.578 Df PeachCommander[25894:14c5f] [com.apple.GenerativeModels:availability] isOkayToHaveAsset: False
2026-09-14 15:31:01.578 E  PeachCommander[25894:14c5f] [com.apple.siri:Utility] AFIsDeviceGreymatterEligible Missing entitlements for os_eligibility lookup
2026-09-14 15:31:01.578 I  PeachCommander[25894:14c5f] [com.apple.GenerativeModels:availability] Current availability state: unavailable, use cases: com.apple.Settings.AppleIntelligence, language: en, api: <private>
2026-09-14 15:31:01.578 Df PeachCommander[25894:14c5f] [com.apple.GenerativeModels:availability] isOkayToHaveAsset: False
2026-09-14 15:31:01.578 Df PeachCommander[25894:14c5f] [com.apple.siri:Utility] -[AFSystemAssistantExperienceStatusManager fetchGenerativeModelsAvailability] #SAEStatus #cacheUpdate Updating cache:
deviceSupportsSAE: 0 (0)
       saeEnabled: 0 (0)
     saeAvailable: 0 (0)
      swaiEnabled: 0 (0)
        viEnabled: 0 (0)
        siriAvailability:
        <private>
        ((null))
2026-09-14 15:31:01.578 Df PeachCommander[25894:14c5f] [com.apple.xpc:connection] [0x958520140] activating connection: mach=true listener=false peer=false name=com.apple.iconservices
2026-09-14 15:31:01.579 Df PeachCommander[25894:14c5f] [com.apple.xpc:connection] [0x958520280] activating connection: mach=true listener=false peer=false name=com.apple.iconservices.store
2026-09-14 15:31:01.583 I  PeachCommander[25894:14c5f] [com.peachcommander:Theme] no user themes in /Users/admin/pc-cfg/themes
2026-09-14 15:31:01.583 Df PeachCommander[25894:14c5f] [com.apple.AppKit:Appearance] Invalidate NSApp effectiveAppearance
2026-09-14 15:31:01.583 Df PeachCommander[25894:14c5f] [com.apple.AppKit:Appearance] NSApp cache appearance:
-NSRequiresAquaSystemAppearance: 0
-appearance: (null)
-effectiveAppearance: <NSCompositeAppearance: 0x958c3c500
 (
    "<NSAquaAppearance: 0x958c3c780>",
    "<NSSystemAppearance: 0x958c3c460>"
)>
2026-09-14 15:31:01.583 A  PeachCommander[25894:14c68] (libsystem_info.dylib) Retrieve Group by ID
2026-09-14 15:31:01.584 I  PeachCommander[25894:14c5f] [com.peachcommander:PCFoundation] Theme applied: id=system, appearance=system, dark=false, background=#FFFFFF
2026-09-14 15:31:01.607 I  PeachCommander[25894:14c5f] [com.apple.iconservices:foundation] layer data size zero
2026-09-14 15:31:01.607 I  PeachCommander[25894:14c5f] [com.apple.CoreAnalytics:client] Dropping "com.apple.appkit.app_config" as it isn't used in any transform (not in the config or budgeted?)
2026-09-14 15:31:01.611 I  PeachCommander[25894:14c5f] [com.peachcommander:PCFoundation] Keymap loaded: scheme=<private>, 82 effective bindings
2026-09-14 15:31:01.612 I  PeachCommander[25894:14c5f] [com.apple.AppKit:Animation] Running new animation: <private>
2026-09-14 15:31:01.612 I  PeachCommander[25894:14c5f] [com.apple.AppKit:Animation] Running new animation: <private>
2026-09-14 15:31:01.612 I  PeachCommander[25894:14c5f] [com.apple.AppKit:Animation] Running new animation: <private>
2026-09-14 15:31:01.612 I  PeachCommander[25894:14c5f] [com.apple.AppKit:Animation] Running new animation: <private>
2026-09-14 15:31:01.612 I  PeachCommander[25894:14c5f] [com.apple.AppKit:Animation] Running new animation: <private>
2026-09-14 15:31:01.612 I  PeachCommander[25894:14c5f] [com.apple.AppKit:Animation] Running new animation: <private>
2026-09-14 15:31:01.612 I  PeachCommander[25894:14c5f] [com.apple.AppKit:Animation] Running new animation: <private>
2026-09-14 15:31:01.612 I  PeachCommander[25894:14c5f] [com.apple.AppKit:Animation] Running new animation: <private>
2026-09-14 15:31:01.612 I  PeachCommander[25894:14c5f] [com.apple.AppKit:Animation] Running new animation: <private>
2026-09-14 15:31:01.612 I  PeachCommander[25894:14c5f] [com.apple.AppKit:Animation] Running new animation: <private>
2026-09-14 15:31:01.614 I  PeachCommander[25894:14c5f] [com.apple.CoreAnalytics:client] Dropping "<private>" as it isn't used in any transform (not in the config or budgeted?)
2026-09-14 15:31:01.615 I  PeachCommander[25894:14c5f] [com.apple.CoreAnalytics:client] Dropping "<private>" as it isn't used in any transform (not in the config or budgeted?)
2026-09-14 15:31:01.615 I  PeachCommander[25894:14c5f] [com.apple.CoreAnalytics:client] Dropping "<private>" as it isn't used in any transform (not in the config or budgeted?)
2026-09-14 15:31:01.615 I  PeachCommander[25894:14c5f] [com.peachcommander:PCFoundation] MainWindowController window loaded
2026-09-14 15:31:01.616 I  PeachCommander[25894:14c5f] [com.apple.launchservices:cas] information in shared memory for 0x0-0x159159 with seed 535 was still valid, so using cached info { "ApplicationType"="Foreground", "BuildMachineOSBuild"="25E246", "BundleIdentifierLowerCase"="com.peachcommander.app", "CFBundleDevelopmentRegion"="en", "CFBundleDocumentTypes"=( { "CFBundleTypeName"="Peach Commander Plugin Package", "CFBundleTypeRole"="Viewer", "LSHandlerRank"="Owner", "LSItemContentTypes"=( "com.peachcommander.plugin-package") }), "CFBundleExecutable"="PeachCommander", "CFBundleExecutablePath"="/Users/admin/pc-test/PeachCommander.app/Contents/MacOS/PeachCommander", "CFBundleExecutablePathDeviceID"=16777229, "CFBundleExecutablePathINode"=487591, "CFBundleHelpBookFolder"="PeachCommander.help", "CFBundleHelpBookName"="Peach Commander Help", "CFBundleIconFile"="AppIcon", "CFBundleIconName"="AppIcon", "CFBundleIdentifier"="com.peachcommander.app", "CFBundleInfoDictionaryVersion"="6.0", "CFBundleName"="PeachCommander", "CFBundleNameLowerCase"="peachcommander", "CFBundleNumericVersion"=402685952, "CFBundlePackageType"="APPL", "CFBundleShortVersionString"="0.9.0", "CFBun<…>
2026-09-14 15:31:01.616 I  PeachCommander[25894:14c5f] [com.apple.launchservices:cas] information in shared memory for 0x0-0x159159 with seed 535 was still valid, so using cached info { "ApplicationType"="Foreground", "BuildMachineOSBuild"="25E246", "BundleIdentifierLowerCase"="com.peachcommander.app", "CFBundleDevelopmentRegion"="en", "CFBundleDocumentTypes"=( { "CFBundleTypeName"="Peach Commander Plugin Package", "CFBundleTypeRole"="Viewer", "LSHandlerRank"="Owner", "LSItemContentTypes"=( "com.peachcommander.plugin-package") }), "CFBundleExecutable"="PeachCommander", "CFBundleExecutablePath"="/Users/admin/pc-test/PeachCommander.app/Contents/MacOS/PeachCommander", "CFBundleExecutablePathDeviceID"=16777229, "CFBundleExecutablePathINode"=487591, "CFBundleHelpBookFolder"="PeachCommander.help", "CFBundleHelpBookName"="Peach Commander Help", "CFBundleIconFile"="AppIcon", "CFBundleIconName"="AppIcon", "CFBundleIdentifier"="com.peachcommander.app", "CFBundleInfoDictionaryVersion"="6.0", "CFBundleName"="PeachCommander", "CFBundleNameLowerCase"="peachcommander", "CFBundleNumericVersion"=402685952, "CFBundlePackageType"="APPL", "CFBundleShortVersionString"="0.9.0", "CFBun<…>
2026-09-14 15:31:01.624 I  PeachCommander[25894:14c5f] [com.apple.AppKit:Window] order window front conditionally: 571 related: 0
2026-09-14 15:31:01.624 Df PeachCommander[25894:14c5f] [com.apple.AppKit:AutomaticTermination] void _NSEnableAutomaticTerminationAndLog(NSString *) No windows open yet
2026-09-14 15:31:01.625 I  PeachCommander[25894:14c5f] [com.apple.AppKit:Intelligence] starting collection observation
2026-09-14 15:31:01.625 Df PeachCommander[25894:14c68] [com.apple.UIIntelligenceSupport:xpc] establishing connection to agent
2026-09-14 15:31:01.625 Df PeachCommander[25894:14c68] [com.apple.xpc:session] [0x958775130] Session created.
2026-09-14 15:31:01.625 Df PeachCommander[25894:14c68] [com.apple.xpc:session] [0x958775130] Session created from connection [0x958522300]
2026-09-14 15:31:01.625 Df PeachCommander[25894:14c68] [com.apple.xpc:connection] [0x958522300] activating connection: mach=true listener=false peer=false name=com.apple.uiintelligencesupport.agent
2026-09-14 15:31:01.625 Df PeachCommander[25894:14c68] [com.apple.xpc:session] [0x958775130] Session activated
2026-09-14 15:31:01.625 I  PeachCommander[25894:14c5f] [com.apple.SkyLight:processes] 0[outside of RPC]: SLSSetFrontProcessWithInfo(0x0-0x2 window=0 options=0x1
2026-09-14 15:31:01.625 Df PeachCommander[25894:14c64] [com.apple.UIIntelligenceSupport:xpc] Connection established with agent PID: 1207
2026-09-14 15:31:01.626 I  PeachCommander[25894:14c5f] [com.apple.launchservices:cas] information in shared memory for 0x0-0x159159 with seed 535 was still valid, so using cached info { "ApplicationType"="Foreground", "BuildMachineOSBuild"="25E246", "BundleIdentifierLowerCase"="com.peachcommander.app", "CFBundleDevelopmentRegion"="en", "CFBundleDocumentTypes"=( { "CFBundleTypeName"="Peach Commander Plugin Package", "CFBundleTypeRole"="Viewer", "LSHandlerRank"="Owner", "LSItemContentTypes"=( "com.peachcommander.plugin-package") }), "CFBundleExecutable"="PeachCommander", "CFBundleExecutablePath"="/Users/admin/pc-test/PeachCommander.app/Contents/MacOS/PeachCommander", "CFBundleExecutablePathDeviceID"=16777229, "CFBundleExecutablePathINode"=487591, "CFBundleHelpBookFolder"="PeachCommander.help", "CFBundleHelpBookName"="Peach Commander Help", "CFBundleIconFile"="AppIcon", "CFBundleIconName"="AppIcon", "CFBundleIdentifier"="com.peachcommander.app", "CFBundleInfoDictionaryVersion"="6.0", "CFBundleName"="PeachCommander", "CFBundleNameLowerCase"="peachcommander", "CFBundleNumericVersion"=402685952, "CFBundlePackageType"="APPL", "CFBundleShortVersionString"="0.9.0", "CFBun<…>
2026-09-14 15:31:01.626 Df PeachCommander[25894:14c5f] [com.apple.xpc:connection] [0x958522440] activating connection: mach=true listener=false peer=false name=com.apple.FileCoordination
2026-09-14 15:31:01.626 Df PeachCommander[25894:14c64] [com.apple.foundation.filecoordination:presenter] Adding presenter AF749A6C-67C4-4382-A261-B4BC324FFA2D for URL: <private>
2026-09-14 15:31:01.626 I  PeachCommander[25894:14c5f] [com.apple.launchservices:cas] information in shared memory for 0x0-0x159159 with seed 535 was still valid, so using cached info { "ApplicationType"="Foreground", "BuildMachineOSBuild"="25E246", "BundleIdentifierLowerCase"="com.peachcommander.app", "CFBundleDevelopmentRegion"="en", "CFBundleDocumentTypes"=( { "CFBundleTypeName"="Peach Commander Plugin Package", "CFBundleTypeRole"="Viewer", "LSHandlerRank"="Owner", "LSItemContentTypes"=( "com.peachcommander.plugin-package") }), "CFBundleExecutable"="PeachCommander", "CFBundleExecutablePath"="/Users/admin/pc-test/PeachCommander.app/Contents/MacOS/PeachCommander", "CFBundleExecutablePathDeviceID"=16777229, "CFBundleExecutablePathINode"=487591, "CFBundleHelpBookFolder"="PeachCommander.help", "CFBundleHelpBookName"="Peach Commander Help", "CFBundleIconFile"="AppIcon", "CFBundleIconName"="AppIcon", "CFBundleIdentifier"="com.peachcommander.app", "CFBundleInfoDictionaryVersion"="6.0", "CFBundleName"="PeachCommander", "CFBundleNameLowerCase"="peachcommander", "CFBundleNumericVersion"=402685952, "CFBundlePackageType"="APPL", "CFBundleShortVersionString"="0.9.0", "CFBun<…>
2026-09-14 15:31:01.629 I  PeachCommander[25894:14c5f] [com.apple.AppKit:Window] order all windows front 1738367144291
2026-09-14 15:31:01.629 I  PeachCommander[25894:14c5f] [com.apple.launchservices:cas] information in shared memory for 0x0-0x159159 with seed 535 was still valid, so using cached info { "ApplicationType"="Foreground", "BuildMachineOSBuild"="25E246", "BundleIdentifierLowerCase"="com.peachcommander.app", "CFBundleDevelopmentRegion"="en", "CFBundleDocumentTypes"=( { "CFBundleTypeName"="Peach Commander Plugin Package", "CFBundleTypeRole"="Viewer", "LSHandlerRank"="Owner", "LSItemContentTypes"=( "com.peachcommander.plugin-package") }), "CFBundleExecutable"="PeachCommander", "CFBundleExecutablePath"="/Users/admin/pc-test/PeachCommander.app/Contents/MacOS/PeachCommander", "CFBundleExecutablePathDeviceID"=16777229, "CFBundleExecutablePathINode"=487591, "CFBundleHelpBookFolder"="PeachCommander.help", "CFBundleHelpBookName"="Peach Commander Help", "CFBundleIconFile"="AppIcon", "CFBundleIconName"="AppIcon", "CFBundleIdentifier"="com.peachcommander.app", "CFBundleInfoDictionaryVersion"="6.0", "CFBundleName"="PeachCommander", "CFBundleNameLowerCase"="peachcommander", "CFBundleNumericVersion"=402685952, "CFBundlePackageType"="APPL", "CFBundleShortVersionString"="0.9.0", "CFBun<…>
2026-09-14 15:31:01.629 I  PeachCommander[25894:14c5f] [com.apple.showhide:pr-59900543] SHOWHIDE: CONFIRM, id=576, err=0
2026-09-14 15:31:01.629 I  PeachCommander[25894:14c5f] [com.apple.AppKit:Window] context (0 -> d4c94a5e) for window 570
2026-09-14 15:31:01.629 I  PeachCommander[25894:14c5f] [com.apple.AppKit:Window] context (0 -> 4954bb2) for window 56f
2026-09-14 15:31:01.629 I  PeachCommander[25894:14c5f] [com.apple.AppKit:Window] context (0 -> e2d0e3f1) for window 56e
2026-09-14 15:31:01.629 I  PeachCommander[25894:14c5f] [com.apple.AppKit:Window] context (0 -> 530fbf07) for window 56d
2026-09-14 15:31:01.653 Df PeachCommander[25894:14c5f] [com.apple.AppKit:AutomaticTermination] void _updateToReflectAutomaticTerminationState(void) Setting _kLSApplicationWouldBeTerminatedByTALKey=0
2026-09-14 15:31:01.653 I  PeachCommander[25894:14c5f] [com.apple.runningboard:assertion] Acquiring assertion: <RBSAssertionDescriptor| "AppNap adapter assertion" ID:(null) target:25894>
2026-09-14 15:31:01.687 A  PeachCommander[25894:14c68] (RunningBoardServices) didChangeInheritances
2026-09-14 15:31:01.713 Df PeachCommander[25894:14c5f] [com.apple.libsystem.libdispatch:] DEPRECATED USE in libdispatch client: dispatch source activated with no event handler set; set a breakpoint on _dispatch_bug_deprecated to debug
2026-09-14 15:31:01.801 I  PeachCommander[25894:14c5f] [com.apple.coreanimation:Utilities] IOSurface Compression Enabled: NO
2026-09-14 15:31:01.802 Df PeachCommander[25894:14c68] [com.apple.coreanimation:Metal] Precompiled pipelines disabled on unsupported hardware.
2026-09-14 15:31:01.813 I  PeachCommander[25894:14c5f] [com.apple.CarbonCore:gestalt] SetGestaltValuesBulk SetGestaltValuesBulk( count=22 tuples=0x185b96650
2026-09-14 15:31:01.813 I  PeachCommander[25894:14c5f] [com.apple.CarbonCore:gestalt] SetGestaltValue SetGestaltValue(alis 1C9) => 0
2026-09-14 15:31:01.813 I  PeachCommander[25894:14c5f] [com.apple.CarbonCore:gestalt] SetGestaltValue SetGestaltValue(os   FE) => 0
2026-09-14 15:31:01.813 I  PeachCommander[25894:14c5f] [com.apple.CarbonCore:gestalt] SetGestaltValue SetGestaltValue(addr 7) => 0
2026-09-14 15:31:01.813 I  PeachCommander[25894:14c5f] [com.apple.CarbonCore:gestalt] SetGestaltValue SetGestaltValue(fs   3D332) => 0
2026-09-14 15:31:01.813 I  PeachCommander[25894:14c5f] [com.apple.CarbonCore:gestalt] SetGestaltValue SetGestaltValue(fold 11) => 0
2026-09-14 15:31:01.813 I  PeachCommander[25894:14c5f] [com.apple.CarbonCore:gestalt] SetGestaltValue SetGestaltValue(lram 7FFFF000) => 0
2026-09-14 15:31:01.813 I  PeachCommander[25894:14c5f] [com.apple.CarbonCore:gestalt] SetGestaltValue SetGestaltValue(mmap 1) => 0
2026-09-14 15:31:01.813 I  PeachCommander[25894:14c5f] [com.apple.CarbonCore:gestalt] SetGestaltValue SetGestaltValue(cfrg 1) => 0
2026-09-14 15:31:01.813 I  PeachCommander[25894:14c5f] [com.apple.CarbonCore:gestalt] SetGestaltValue SetGestaltValue(thds 7) => 0
2026-09-14 15:31:01.813 I  PeachCommander[25894:14c5f] [com.apple.CarbonCore:gestalt] SetGestaltValue SetGestaltValue(tmgr E) => 0
2026-09-14 15:31:01.813 I  PeachCommander[25894:14c5f] [com.apple.CarbonCore:gestalt] SetGestaltValue SetGestaltValue(vers 7) => 0
2026-09-14 15:31:01.813 I  PeachCommander[25894:14c5f] [com.apple.CarbonCore:gestalt] SetGestaltValue SetGestaltValue(cbon 160) => 0
2026-09-14 15:31:01.813 I  PeachCommander[25894:14c5f] [com.apple.CarbonCore:gestalt] SetGestaltValue SetGestaltValue(cltn 1108000) => 0
2026-09-14 15:31:01.813 I  PeachCommander[25894:14c5f] [com.apple.CarbonCore:gestalt] SetGestaltValue SetGestaltValue(cpnt 8) => 0
2026-09-14 15:31:01.813 I  PeachCommander[25894:14c5f] [com.apple.CarbonCore:gestalt] SetGestaltValue SetGestaltValue(rsrc 3) => 0
2026-09-14 15:31:01.813 I  PeachCommander[25894:14c5f] [com.apple.CarbonCore:gestalt] SetGestaltValue SetGestaltValue(rmbg 11F) => 0
2026-09-14 15:31:01.813 I  PeachCommander[25894:14c5f] [com.apple.CarbonCore:gestalt] SetGestaltValue SetGestaltValue(vm   11) => 0
2026-09-14 15:31:01.813 I  PeachCommander[25894:14c5f] [com.apple.CarbonCore:gestalt] SetGestaltValue SetGestaltValue(srad 4170706C) => 0
2026-09-14 15:31:01.813 I  PeachCommander[25894:14c5f] [com.apple.CarbonCore:gestalt] SetGestaltValue SetGestaltValue(sysa 14) => 0
2026-09-14 15:31:01.813 I  PeachCommander[25894:14c5f] [com.apple.CarbonCore:gestalt] SetGestaltValue SetGestaltValue(copl 9) => 0
2026-09-14 15:31:01.813 I  PeachCommander[25894:14c5f] [com.apple.CarbonCore:gestalt] SetGestaltValue SetGestaltValue(xlat 0) => 0
2026-09-14 15:31:01.813 I  PeachCommander[25894:14c5f] [com.apple.CarbonCore:gestalt] SetGestaltValue SetGestaltValue(stdf 0) => 0
2026-09-14 15:31:01.813 I  PeachCommander[25894:14c5f] [com.apple.CarbonCore:gestalt] _NewGestalt _NewGestalt(ram  0x185b0f644) => 0
2026-09-14 15:31:01.813 I  PeachCommander[25894:14c5f] [com.apple.CarbonCore:gestalt] _NewGestalt _NewGestalt(ramm 0x185b0f644) => 0
2026-09-14 15:31:01.813 I  PeachCommander[25894:14c5f] [com.apple.CarbonCore:gestalt] _NewGestalt _NewGestalt(cput 0x185b0f734) => 0
2026-09-14 15:31:01.813 I  PeachCommander[25894:14c5f] [com.apple.CarbonCore:gestalt] _NewGestalt _NewGestalt(cpuf 0x185b0f764) => 0
2026-09-14 15:31:01.813 I  PeachCommander[25894:14c5f] [com.apple.CarbonCore:gestalt] _NewGestalt _NewGestalt(bclk 0x185b0f794) => 0
2026-09-14 15:31:01.813 I  PeachCommander[25894:14c5f] [com.apple.CarbonCore:gestalt] _NewGestalt _NewGestalt(bclm 0x185b0f794) => 0
2026-09-14 15:31:01.813 I  PeachCommander[25894:14c5f] [com.apple.CarbonCore:gestalt] _NewGestalt _NewGestalt(pclk 0x185b0f834) => 0
2026-09-14 15:31:01.813 I  PeachCommander[25894:14c5f] [com.apple.CarbonCore:gestalt] _NewGestalt _NewGestalt(mclk 0x185b0f834) => 0
2026-09-14 15:31:01.813 I  PeachCommander[25894:14c5f] [com.apple.CarbonCore:gestalt] _NewGestalt _NewGestalt(a/ux 0x185b0f94c) => 0
2026-09-14 15:31:01.813 I  PeachCommander[25894:14c5f] [com.apple.CarbonCore:gestalt] _NewGestalt _NewGestalt(pgsz 0x185b0f954) => 0
2026-09-14 15:31:01.813 I  PeachCommander[25894:14c5f] [com.apple.CarbonCore:gestalt] _NewGestalt _NewGestalt(csiz 0x185b0f994) => 0
2026-09-14 15:31:01.813 I  PeachCommander[25894:14c5f] [com.apple.CarbonCore:gestalt] _NewGestalt _NewGestalt(sysv 0x185abadfc) => 0
2026-09-14 15:31:01.813 I  PeachCommander[25894:14c5f] [com.apple.CarbonCore:gestalt] _NewGestalt _NewGestalt(sys1 0x185abadfc) => 0
2026-09-14 15:31:01.813 I  PeachCommander[25894:14c5f] [com.apple.CarbonCore:gestalt] _NewGestalt _NewGestalt(sys2 0x185abadfc) => 0
2026-09-14 15:31:01.813 I  PeachCommander[25894:14c5f] [com.apple.CarbonCore:gestalt] _NewGestalt _NewGestalt(sys3 0x185abadfc) => 0
2026-09-14 15:31:01.813 I  PeachCommander[25894:14c5f] [com.apple.CarbonCore:gestalt] _NewGestalt _NewGestalt(cdfl 0x185b0f9d4) => 0
2026-09-14 15:31:01.813 I  PeachCommander[25894:14c5f] [com.apple.CarbonCore:gestalt] _NewGestalt _NewGestalt(cdrm 0x185b0fc30) => 0
2026-09-14 15:31:01.813 I  PeachCommander[25894:14c5f] [com.apple.CarbonCore:gestalt] _NewGestalt _NewGestalt(cpus 0x185b0fc78) => 0
2026-09-14 15:31:01.813 I  PeachCommander[25894:14c5f] [com.apple.CarbonCore:gestalt] SetGestaltValue SetGestaltValue(swex 1) => 0
2026-09-14 15:31:01.813 Df PeachCommander[25894:14c5f] [com.apple.xpc:connection] [0x958523980] activating connection: mach=false listener=false peer=false name=com.apple.hiservices-xpcservice
2026-09-14 15:31:01.814 I  PeachCommander[25894:14c5f] [com.apple.CFPasteboard:entry] CopyData('ApplePerContextInputPasteboard' (<CFUUID 0x958019b20> 572D7573-8872-421B-9346-62E14101BBCE) gen: -1 item: 1264739405 flavor: 'ApplePerContextInputFlavor')
2026-09-14 15:31:01.814 I  PeachCommander[25894:14c5f] [com.apple.CFPasteboard:cache] Rebuilding cache for 'ApplePerContextInputPasteboard' (<CFUUID 0x958019b20> 572D7573-8872-421B-9346-62E14101BBCE)
2026-09-14 15:31:01.814 I  PeachCommander[25894:14c5f] [com.apple.CFPasteboard:general] Will request data from daemon
2026-09-14 15:31:01.814 I  PeachCommander[25894:14c5f] [com.apple.CFPasteboard:exit] (not-in-cache) - result: 0 generation: 1 data (182 bytes) flags: 0
2026-09-14 15:31:01.814 I  PeachCommander[25894:14c5f] [com.apple.CFPasteboard:entry] CopyData('DefaultAsciiKeyboardLayoutPasteboard' (<CFUUID 0x958dd0140> B29681EF-B134-4FBF-92B6-F996E30DBCFA) gen: -1 item: 1264739405 flavor: 'DefaultAsciiKeyboardLayoutFlavor')
2026-09-14 15:31:01.814 I  PeachCommander[25894:14c5f] [com.apple.CFPasteboard:exit] (not-in-cache) - result: -8 generation: 0 null data flags: 0
2026-09-14 15:31:01.816 I  PeachCommander[25894:14c5f] [com.apple.AppKit:Window] context (0 -> 90ad8ce1) for window 572
2026-09-14 15:31:01.816 Df PeachCommander[25894:14c5f] [com.apple.inputmethodkitClient:Client] +[IMKClient subclass]: chose IMKClient_Modern
2026-09-14 15:31:01.816 Df PeachCommander[25894:14c5f] [com.apple.BoardServices:XPCErrors] [C:2] Alloc com.apple.backboard.hid-services.xpc
2026-09-14 15:31:01.816 Df PeachCommander[25894:14c5f] [com.apple.xpc:connection] [0x958523ac0] activating connection: mach=false listener=false peer=false name=(anonymous)
2026-09-14 15:31:01.816 E  PeachCommander[25894:14c68] [com.apple.BaseBoard:Common] Unable to obtain a task name port right for pid 163: (os/kern) failure (0x5)
2026-09-14 15:31:01.816 Df PeachCommander[25894:14c63] [com.apple.xpc:connection] [0x958522940] activating connection: mach=false listener=false peer=false name=com.apple.TextInputUI.xpc.CursorUIViewService
2026-09-14 15:31:01.817 Df PeachCommander[25894:14c69] [com.apple.xpc:connection] [0x958522940] invalidated after the last release of the connection object
2026-09-14 15:31:01.817 I  PeachCommander[25894:14c5f] [com.apple.CFPasteboard:entry] CopyData('DefaultAsciiKeyboardLayoutPasteboard' (<CFUUID 0x958dd0140> B29681EF-B134-4FBF-92B6-F996E30DBCFA) gen: -1 item: 1264739405 flavor: 'DefaultAsciiKeyboardLayoutFlavor')
2026-09-14 15:31:01.817 I  PeachCommander[25894:14c5f] [com.apple.CFPasteboard:exit] (not-in-cache) - result: -8 generation: 0 null data flags: 0
2026-09-14 15:31:01.817 Df PeachCommander[25894:14c5f] [com.apple.xpc:connection] [0x9585226c0] activating connection: mach=false listener=false peer=false name=(anonymous)
2026-09-14 15:31:01.817 Df PeachCommander[25894:14c5f] [com.apple.xpc:connection] [0x958522940] activating connection: mach=false listener=false peer=false name=com.apple.ViewBridgeAuxiliary
2026-09-14 15:31:01.817 Df PeachCommander[25894:14c5f] [com.apple.xpc:connection] [0x958522580] activating connection: mach=false listener=false peer=false name=(anonymous)
2026-09-14 15:31:01.817 Df PeachCommander[25894:14c5f] [com.apple.xpc:connection] [0x958522940] invalidated after the last release of the connection object
2026-09-14 15:31:01.832 Df PeachCommander[25894:14c5f] [com.apple.TextInputUI:CursorUI] -[TUINSCursorUIController activate:]_block_invoke: Create CursorUIViewService: TUINSRemoteViewController
2026-09-14 15:31:01.832 I  PeachCommander[25894:14c5f] [com.apple.AppKit:Window] window <TUINSWindow: 0x959d20a00> windowNumber=572 finishing close
2026-09-14 15:31:01.832 I  PeachCommander[25894:14c5f] [com.apple.AppKit:Window] order window: 572 op: 0 relative: 0 related: 0
2026-09-14 15:31:01.834 A  PeachCommander[25894:14c69] (CoreFoundation) Loading Preferences From System CFPrefsD
2026-09-14 15:31:01.838 I  PeachCommander[25894:14c5f] [com.apple.iconservices:foundation] layer data size zero
2026-09-14 15:31:01.839 A  PeachCommander[25894:14c5f] (CoreFoundation) Loading Preferences From User CFPrefsD
2026-09-14 15:31:01.839 I  PeachCommander[25894:14c5f] [com.apple.CoreAnalytics:client] Dropping "com.apple.ImageIO.readerSelection" as it isn't used in any transform (not in the config or budgeted?)
2026-09-14 15:31:01.914 Df PeachCommander[25894:14c5f] [com.apple.BoardServices:XPCErrors] [C:3] Alloc com.apple.backboard.hid-services.xpc
2026-09-14 15:31:01.914 Df PeachCommander[25894:14c5f] [com.apple.xpc:connection] [0x958522080] activating connection: mach=false listener=false peer=false name=(anonymous)
2026-09-14 15:31:01.915 Df PeachCommander[25894:14c69] [com.apple.BackBoard:EventDelivery] BKSHIDEventDeliveryManager - connection activation
2026-09-14 15:31:01.940 I  PeachCommander[25894:14c5f] [com.peachcommander:PCFoundation] Session restored
2026-09-14 15:31:01.940 Df PeachCommander[25894:14c5f] (Foundation) <private>
2026-09-14 15:31:01.940 I  PeachCommander[25894:14c5f] [com.peachcommander:PCFoundation] [automation] running /Users/admin/auto.txt
2026-09-14 15:31:01.940 Df PeachCommander[25894:14c5f] (Foundation) <private>
2026-09-14 15:31:01.940 I  PeachCommander[25894:14c5f] [com.peachcommander:PCFoundation] [automation] > active left
2026-09-14 15:31:01.940 Df PeachCommander[25894:14c5f] (Foundation) <private>
2026-09-14 15:31:01.940 I  PeachCommander[25894:14c5f] [com.peachcommander:PCFoundation] [automation] > left /Users/admin/pc-demo
2026-09-14 15:31:02.016 I  PeachCommander[25894:14c5f] [com.apple.CoreAnalytics:client] Dropping "com.apple.appkit.app_config" as it isn't used in any transform (not in the config or budgeted?)
2026-09-14 15:31:02.017 I  PeachCommander[25894:14c5f] [com.apple.launchservices:datasep] application record search init. Node: <FSNode 0x95a35d420> { isDir = y, path = <private> } bundleID: (null) itemID: 0
2026-09-14 15:31:02.017 I  PeachCommander[25894:14c5f] [com.apple.launchservices:datasep] application record search init. Node: <FSNode 0x95a35d420> { isDir = y, path = <private> } bundleID: (null) itemID: 0
2026-09-14 15:31:02.017 I  PeachCommander[25894:14c5f] [com.apple.SafariPlatformSupport:SafariPlatformSupport] -[SFSafariPlatformSupport credentialSelected:] with nil credential
2026-09-14 15:31:02.017 I  PeachCommander[25894:14c5f] [com.apple.SafariPlatformSupport:SafariPlatformSupport] -[SFSafariPlatformSupport oneTimeCodeSelected:] with nil code
2026-09-14 15:31:02.062 I  PeachCommander[25894:14cfc] [com.apple.AppKit:WindowTab] Indexing 1 items
2026-09-14 15:31:02.062 A  PeachCommander[25894:14cfc] (CoreSpotlight) end-index-batch
2026-09-14 15:31:02.062 Df PeachCommander[25894:14cfc] [com.apple.corespotlight:index] *warn* MailCS ======%%% _setMailMessageAttributes skip:1
2026-09-14 15:31:02.062 A  PeachCommander[25894:14cfc] (CoreSpotlight) index-items
2026-09-14 15:31:02.062 Df PeachCommander[25894:14cfc] [com.apple.corespotlight:index] CSInlineDonation:<private>: Skipping donation (feature flag disabled)
2026-09-14 15:31:02.063 Df PeachCommander[25894:14cfc] [com.apple.corespotlight:index] CSInlineDonation:<private>: Skipping donation (feature flag disabled)
2026-09-14 15:31:02.188 I  PeachCommander[25894:14c5f] [com.apple.HIToolbox:MBDisplays] <private>
2026-09-14 15:31:02.188 I  PeachCommander[25894:14c5f] [com.apple.HIToolbox:MBDisplays] <private>
2026-09-14 15:31:02.359 Df PeachCommander[25894:14cf5] [com.apple.xpc:connection] [0x9585221c0] activating connection: mach=false listener=false peer=false name=com.apple.SafariPlatformSupport.Helper
2026-09-14 15:31:02.368 Df PeachCommander[25894:14c5f] (Foundation) <private>
2026-09-14 15:31:02.368 I  PeachCommander[25894:14c5f] [com.peachcommander:PCFoundation] [automation] > wait 1500
2026-09-14 15:31:02.386 I  PeachCommander[25894:14c5f] [com.apple.iconservices:foundation] layer data size zero
2026-09-14 15:31:02.411 Df PeachCommander[25894:14c68] [com.apple.xpc:connection] [0x9585221c0] invalidated after the last release of the connection object
2026-09-14 15:31:02.422 I  PeachCommander[25894:14c5f] [com.apple.launchservices:cas] Removing cached information for app [ 0x0-0x159159]  "PeachCommander", as its seed is different from that in shared memory ( 535 vs 537)
2026-09-14 15:31:02.422 Df PeachCommander[25894:14c5f] [com.apple.xpc:connection] [0x958521cc0] activating connection: mach=false listener=false peer=false name=(anonymous)
2026-09-14 15:31:02.422 Df PeachCommander[25894:14c5f] [com.apple.xpc:connection] [0x9585221c0] activating connection: mach=false listener=false peer=false name=(anonymous)
2026-09-14 15:31:02.422 I  PeachCommander[25894:14c5f] [com.apple.iconservices:foundation] layer data size zero
2026-09-14 15:31:02.422 I  PeachCommander[25894:14c5f] [com.apple.iconservices:foundation] layer data size zero
2026-09-14 15:31:02.422 I  PeachCommander[25894:14c5f] [com.apple.iconservices:foundation] layer data size zero
2026-09-14 15:31:02.423 I  PeachCommander[25894:14c5f] [com.apple.iconservices:foundation] layer data size zero
2026-09-14 15:31:02.656 I  PeachCommander[25894:14c5f] [com.apple.SafariPlatformSupport:SafariPlatformSupport] -[SPSafariPlatformSupport completionListPreferredContentSizeDidUpdate] with size {0, 0}, in window that is visible
2026-09-14 15:31:02.749 I  PeachCommander[25894:14cfc] [com.apple.AppKit:WindowTab] Indexing 1 items
2026-09-14 15:31:02.749 A  PeachCommander[25894:14cfc] (CoreSpotlight) end-index-batch
2026-09-14 15:31:02.749 A  PeachCommander[25894:14cfc] (CoreSpotlight) index-items
2026-09-14 15:31:02.749 Df PeachCommander[25894:14cfc] [com.apple.corespotlight:index] CSInlineDonation:<private>: Skipping donation (feature flag disabled)
2026-09-14 15:31:02.749 Df PeachCommander[25894:14cfc] [com.apple.corespotlight:index] CSInlineDonation:<private>: Skipping donation (feature flag disabled)
2026-09-14 15:31:03.943 Df PeachCommander[25894:14c5f] (Foundation) <private>
2026-09-14 15:31:03.943 I  PeachCommander[25894:14c5f] [com.peachcommander:PCFoundation] [automation] > modaldump /Users/admin/verify.txt
2026-09-14 15:31:03.944 Df PeachCommander[25894:14c5f] (Foundation) <private>
2026-09-14 15:31:03.944 I  PeachCommander[25894:14c5f] [com.peachcommander:PCFoundation] [automation] > bgcopyverify /Users/admin/pc-demo/hosts.txt|/Users/admin
2026-09-14 15:31:03.961 I  PeachCommander[25894:14c5f] [com.apple.AppKit:Window] context (0 -> 61b2ff79) for window 575
2026-09-14 15:31:03.974 I  PeachCommander[25894:14c5f] [com.apple.CFPasteboard:entry] CopyData('DefaultAsciiKeyboardLayoutPasteboard' (<CFUUID 0x958dd0140> B29681EF-B134-4FBF-92B6-F996E30DBCFA) gen: -1 item: 1264739405 flavor: 'DefaultAsciiKeyboardLayoutFlavor')
2026-09-14 15:31:03.974 I  PeachCommander[25894:14c5f] [com.apple.CFPasteboard:exit] (not-in-cache) - result: -8 generation: 0 null data flags: 0
2026-09-14 15:31:04.001 I  PeachCommander[25894:14c5f] [com.apple.AppKit:Window] order window front conditionally: 575 related: 0
2026-09-14 15:31:04.001 I  PeachCommander[25894:14c5f] [com.apple.AppKit:Window] order window front conditionally: 575 related: 0
2026-09-14 15:31:04.001 Df PeachCommander[25894:14c5f] (Foundation) <private>
2026-09-14 15:31:04.001 I  PeachCommander[25894:14c5f] [com.peachcommander:PCFoundation] [automation] > wait 4000
2026-09-14 15:31:04.099 I  PeachCommander[25894:14c5f] [com.apple.launchservices:datasep] application record search init. Node: <FSNode 0x95a469560> { isDir = ?, path = <private> } bundleID: (null) itemID: 0
2026-09-14 15:31:04.104 I  PeachCommander[25894:14c5f] [com.apple.DesignLibrary:defaults] liveTuning=false
2026-09-14 15:31:04.115 I  PeachCommander[25894:14c5f] [com.apple.AppKit:Window] (app) begin modal window ffffffff
2026-09-14 15:31:04.115 I  PeachCommander[25894:14c5f] [com.apple.SkyLight:processes] 0[outside of RPC]: SLSSetFrontProcessWithInfo(0x0-0x2 window=0 options=0x1
2026-09-14 15:31:04.116 I  PeachCommander[25894:14c5f] [com.apple.AppKit:Window] context (0 -> 7f684c0b) for window 576
2026-09-14 15:31:04.118 I  PeachCommander[25894:14c5f] [com.apple.AppKit:Window] order window front conditionally: 576 related: 0
2026-09-14 15:31:04.328 I  PeachCommander[25894:14c69] [com.apple.AppKit:WindowTab] Indexing 3 items
2026-09-14 15:31:04.328 A  PeachCommander[25894:14c69] (CoreSpotlight) end-index-batch
2026-09-14 15:31:04.329 A  PeachCommander[25894:14c69] (CoreSpotlight) index-items
2026-09-14 15:31:04.329 Df PeachCommander[25894:14c69] [com.apple.corespotlight:index] CSInlineDonation:<private>: Skipping donation (feature flag disabled)
2026-09-14 15:31:04.329 Df PeachCommander[25894:14c69] [com.apple.corespotlight:index] CSInlineDonation:<private>: Skipping donation (feature flag disabled)
2026-09-14 15:31:05.450 I  PeachCommander[25894:14c5f] [com.apple.AppKit:Window] order window: 575 op: 1 relative: 576 related: 0
2026-09-14 15:31:05.450 I  PeachCommander[25894:14c5f] [com.apple.AppKit:Window] order window: 576 op: 0 relative: 0 related: 0
2026-09-14 15:31:05.451 I  PeachCommander[25894:14c5f] [com.apple.AppKit:Window] context (7f684c0b -> 0) for window 576
2026-09-14 15:31:05.696 I  PeachCommander[25894:14cfc] [com.apple.AppKit:WindowTab] Indexing 2 items
2026-09-14 15:31:05.696 A  PeachCommander[25894:14cfc] (CoreSpotlight) end-index-batch
2026-09-14 15:31:05.696 A  PeachCommander[25894:14cfc] (CoreSpotlight) index-items
2026-09-14 15:31:05.696 Df PeachCommander[25894:14cfc] [com.apple.corespotlight:index] CSInlineDonation:<private>: Skipping donation (feature flag disabled)
2026-09-14 15:31:05.697 Df PeachCommander[25894:14cfc] [com.apple.corespotlight:index] CSInlineDonation:<private>: Skipping donation (feature flag disabled)
