Timestamp               Ty Process[PID:TID]
2026-09-16 15:52:36.498 A  PeachCommander[23230:129dc] (libsystem_info.dylib) Retrieve User by ID
2026-09-16 15:52:36.498 Df PeachCommander[23230:129dc] [com.apple.xpc:connection] [0x1063164d0] activating connection: mach=true listener=false peer=false name=com.apple.cfprefsd.daemon
2026-09-16 15:52:36.499 Df PeachCommander[23230:129e5] [com.apple.xpc:connection] [0x1063175d0] activating connection: mach=true listener=false peer=false name=com.apple.cfprefsd.agent
2026-09-16 15:52:36.500 Df PeachCommander[23230:129dc] [com.apple.xpc:connection] [0x10631bc30] activating connection: mach=true listener=false peer=false name=com.apple.coreservices.launchservicesd
2026-09-16 15:52:36.500 I  PeachCommander[23230:129dc] [com.apple.launchservices:cas] Registering for notification <private> on default queue, to re-boostrap client connection.
2026-09-16 15:52:36.500 Df PeachCommander[23230:129dc] [com.apple.xpc:connection] [0xab0c80000] activating connection: mach=true listener=false peer=false name=com.apple.pasteboard.1
2026-09-16 15:52:36.501 Df PeachCommander[23230:129dc] [com.apple.xpc:connection] [0xab0c80140] activating connection: mach=true listener=false peer=false name=com.apple.distributed_notifications@Uv3
2026-09-16 15:52:36.502 Df PeachCommander[23230:129dc] [com.apple.AppKit:AutomaticTermination] void _NSDisableAutomaticTerminationAndLog(NSString *) No windows open yet
2026-09-16 15:52:36.502 A  PeachCommander[23230:129dc] (TCC) TCCAccessRequest() IPC
2026-09-16 15:52:36.502 Df PeachCommander[23230:129dc] [com.apple.xpc:connection] [0xab0c80280] activating connection: mach=true listener=false peer=false name=com.apple.tccd.system
2026-09-16 15:52:36.502 I  PeachCommander[23230:129dc] [com.apple.TCC:access] SEND: 0/7 synchronous to com.apple.tccd.system: request: msgID=23230.1, function=TCCAccessRequest, service=kTCCServiceListenEvent,
2026-09-16 15:52:36.504 I  PeachCommander[23230:129dc] [com.apple.TCC:access] RECV: synchronous reply <dictionary: 0xab0c50000> { count = 5, transaction: 0, voucher = 0x0, contents =
	"prompt_type" => <uint64: 0x90199a6772f27937>: 1
	"auth_value" => <uint64: 0x90199a6772f27937>: 1
	"preflight_unknown" => <bool: 0x1f3191190>: true
	"auth_version" => <uint64: 0x90199a6772f27937>: 1
	"auth_reason" => <uint64: 0x90199a6772f27917>: 5
}
2026-09-16 15:52:36.504 Df PeachCommander[23230:129dc] [com.apple.xpc:connection] [0xab0c80280] invalidated after the last release of the connection object
2026-09-16 15:52:36.504 Df PeachCommander[23230:129dc] [com.apple.SkyLight:default] server port 0x00003a13, session port 0x00003a13
2026-09-16 15:52:36.507 Df PeachCommander[23230:129dc] [com.apple.SkyLight:default] New connection 0x4941f main
2026-09-16 15:52:36.507 I  PeachCommander[23230:129e5] [com.apple.SkyLight:processes] 0[outside of RPC]: First connection id 300063 mapped to ctx = 0xab0c30f80
2026-09-16 15:52:36.508 I  PeachCommander[23230:129dc] [com.apple.hiservices:processmgr] Checking in with CAS, pid=23230
2026-09-16 15:52:36.508 I  PeachCommander[23230:129dc] [com.apple.launchservices:cas] LSApplicationCheckIn(), app being registered is:"/Users/admin/pc-test/PeachCommander.app/Contents/MacOS/PeachCommander"
2026-09-16 15:52:36.508 I  PeachCommander[23230:129dc] [com.apple.launchservices:cas]  { "ApplicationType"="Foreground", "BuildMachineOSBuild"="25E246", "CFBundleDevelopmentRegion"="en", "CFBundleDocumentTypes"=( { "CFBundleTypeName"="Peach Commander Plugin Package", "CFBundleTypeRole"="Viewer", "LSHandlerRank"="Owner", "LSItemContentTypes"=( "com.peachcommander.plugin-package") }, { "CFBundleTypeName"="Peach Commander Workspace", "CFBundleTypeRole"="Viewer", "LSHandlerRank"="Owner", "LSItemContentTypes"=( "com.peachcommander.workspace") }), "CFBundleExecutable"="PeachCommander", "CFBundleExecutablePath"="/Users/admin/pc-test/PeachCommander.app/Contents/MacOS/PeachCommander", "CFBundleHelpBookFolder"="PeachCommander.help", "CFBundleHelpBookName"="Peach Commander Help", "CFBundleIconFile"="AppIcon", "CFBundleIconName"="AppIcon", "CFBundleIdentifier"="com.peachcommander.app", "CFBundleInfoDictionaryVersion"="6.0", "CFBundleName"="PeachCommander", "CFBundleNumericVersion"=419463168, "CFBundlePackageType"="APPL", "CFBundleShortVersionString"="0.9.1", "CFBundleSignature"="?????", "CFBundleS<…>
2026-09-16 15:52:36.508 Df PeachCommander[23230:129dc] [com.apple.processmanager:front-35286506] CHECKIN: pid=23230
2026-09-16 15:52:36.510 Df PeachCommander[23230:129dc] [com.apple.processmanager:front-35286506] CHECKEDIN: pid=23230 asn=0x0-0x102102 foreground=1
2026-09-16 15:52:36.510 I  PeachCommander[23230:129dc] [com.apple.launchservices:cas] Setting processControlState to default PROC_SETPC_SUSPEND because application does not have LSProcessControlValue key
2026-09-16 15:52:36.510 Df PeachCommander[23230:129dc] [com.apple.xpc:connection] [0xab0c80280] activating connection: mach=false listener=true peer=false name=(anonymous)
2026-09-16 15:52:36.510 Df PeachCommander[23230:129dc] [com.apple.xpc:connection] [0xab0c80280] Connection returned listener port: 0x4103
2026-09-16 15:52:36.510 Df PeachCommander[23230:129e6] [com.apple.xpc:connection] [0xab1088300] activating connection: mach=false listener=false peer=true name=com.apple.xpc.anonymous.0xab0c80280.peer[131].0xab1088300
2026-09-16 15:52:36.511 Df PeachCommander[23230:129dc] [com.apple.processmanager:front-35286506] FRONTLOGGING: version 1
2026-09-16 15:52:36.511 Df PeachCommander[23230:129dc] [com.apple.processmanager:front-35286506] Registered, pid=23230 ASN=0x0,0x102102
2026-09-16 15:52:36.511 Df PeachCommander[23230:129dc] [com.apple.xpc:connection] [0xab0c803c0] activating connection: mach=true listener=false peer=false name=com.apple.analyticsd
2026-09-16 15:52:36.511 I  PeachCommander[23230:129dc] [com.apple.CoreAnalytics:client] Daemon status changed from 0 to 1
2026-09-16 15:52:36.511 I  PeachCommander[23230:129e6] [com.apple.CarbonCore:coreservicesdaemon] SCSession():SCSession( id=100, this=0x0x106323380 option=65538) created, forUID=501 mach_port_t=0x5203.
2026-09-16 15:52:36.511 I  PeachCommander[23230:129e6] [com.apple.CarbonCore:coreservicesdaemon] SCSession():SCSession( id=101, this=0x0x1063234c0 option=65538) created, forUID=501 mach_port_t=0x4603.
2026-09-16 15:52:36.511 I  PeachCommander[23230:129e6] [com.apple.CarbonCore:coreservicesdaemon] connectToCoreServicesD():Instantiating server (coreservicesd based) SCSession, port=0x5203 serverOptions=0x10002.
2026-09-16 15:52:36.511 I  PeachCommander[23230:129dc] [com.apple.hiservices:processmgr] _RegisterApplication( pid 23230 => 0x0,0x102102) type=foreground
2026-09-16 15:52:36.511 Df PeachCommander[23230:129dc] [com.apple.xpc:connection] [0xab0c80280] Connection returned listener port: 0x4103
2026-09-16 15:52:36.511 I  PeachCommander[23230:129dc] [com.apple.launchservices:cas] CFArrayRef _LSCopyLaunchModifiers(LSSessionID, LSASNRef _Nonnull), result for psn [ kLSCurrentApp ASN, 0x0,0x2]  is 1 items.
2026-09-16 15:52:36.511 Df PeachCommander[23230:129dc] [com.apple.processmanager:front-35286506] BringForward: pid=23230 asn=0x0-0x102102 bringForward=1 foreground=1 uiElement=0 launchedByLS=1 modifiersCount=1 allDisabled=1
2026-09-16 15:52:36.511 Df PeachCommander[23230:129dc] [com.apple.processmanager:front-35286506] BringFrontModifier: pid=23230 asn=0x0-0x102102 Modifier 0 hideAfter=0 hideOthers=0 dontMakeFrontmost=0 mouseDown=0/0 seed=0/0
2026-09-16 15:52:36.511 Df PeachCommander[23230:129dc] [com.apple.processmanager:front-35286506] BringForward: pid=23230 asn=0x0-0x102102
2026-09-16 15:52:36.511 Df PeachCommander[23230:129dc] [com.apple.processmanager:front-35286506] SetFrontProcess: asn=0x0-0x102102 options=0
2026-09-16 15:52:36.511 I  PeachCommander[23230:129dc] [com.apple.SkyLight:processes] 0[outside of RPC]: SLPSetFrontProcess(0x0-0x102102 window=0 options=0x0
2026-09-16 15:52:36.511 Df PeachCommander[23230:129e6] [com.apple.xpc:connection] [0xab0c80500] activating connection: mach=true listener=false peer=false name=com.apple.lsd.mapdb
2026-09-16 15:52:36.512 Df PeachCommander[23230:129ea] [com.apple.CoreAnalytics:client] Received configuration update from daemon (initial)
2026-09-16 15:52:36.513 Df PeachCommander[23230:129dc] [com.apple.AppKit:Appearance] Current system appearance, (HLTB: 1), (SLS: 0)
2026-09-16 15:52:36.514 Df PeachCommander[23230:129dc] (libMobileGestalt.dylib) No persisted cache on this platform.
2026-09-16 15:52:36.514 I  PeachCommander[23230:129e5] [com.apple.launchservices:cas] information in shared memory for 0x0-0x102102 with seed 533 was still valid, so using cached info { "ApplicationType"="Foreground", "BuildMachineOSBuild"="25E246", "BundleIdentifierLowerCase"="com.peachcommander.app", "CFBundleDevelopmentRegion"="en", "CFBundleDocumentTypes"=( { "CFBundleTypeName"="Peach Commander Plugin Package", "CFBundleTypeRole"="Viewer", "LSHandlerRank"="Owner", "LSItemContentTypes"=( "com.peachcommander.plugin-package") }, { "CFBundleTypeName"="Peach Commander Workspace", "CFBundleTypeRole"="Viewer", "LSHandlerRank"="Owner", "LSItemContentTypes"=( "com.peachcommander.workspace") }), "CFBundleExecutable"="PeachCommander", "CFBundleExecutablePath"="/Users/admin/pc-test/PeachCommander.app/Contents/MacOS/PeachCommander", "CFBundleExecutablePathDeviceID"=16777225, "CFBundleExecutablePathINode"=488203, "CFBundleHelpBookFolder"="PeachCommander.help", "CFBundleHelpBookName"="Peach Commander Help", "CFBundleIconFile"="AppIcon", "CFBundleIconName"="AppIcon", "CFBundleIdentifier"="com.peachcommander.app", "CFBundleInfoDictionaryVersion"="6.0", "CFBundleName"="PeachCo<…>
2026-09-16 15:52:36.515 Df PeachCommander[23230:129dc] (libMobileGestalt.dylib) Could not get size of EAN data (IOConnectCallScalarMethod kAppleNVMeEANGetSize returned 0xE00002E2)
2026-09-16 15:52:36.515 Df PeachCommander[23230:129dc] (libMobileGestalt.dylib) Failed to copy 'aptk' from EAN
2026-09-16 15:52:36.515 Df PeachCommander[23230:129dc] (libMobileGestalt.dylib) Failed to copy APTicket properties. Falling back to default policy.
2026-09-16 15:52:36.515 Df PeachCommander[23230:129dc] (libMobileGestalt.dylib) Creating default MGSysConfigPolicy
2026-09-16 15:52:36.515 Df PeachCommander[23230:129dc] (libMobileGestalt.dylib) CFDictionaryRef copySyscfgDictionary(void) enumeration of <private> failed.
2026-09-16 15:52:36.515 Df PeachCommander[23230:129dc] (libMobileGestalt.dylib) Failed to find key <private>
2026-09-16 15:52:36.515 I  PeachCommander[23230:129e6] [com.apple.launchservices:db] LaunchServices database schema version: 20971544
2026-09-16 15:52:36.516 Df PeachCommander[23230:129dc] [com.apple.AppKit:Appearance] Current system appearance, (HLTB: 1), (SLS: 0)
2026-09-16 15:52:36.517 Df PeachCommander[23230:129dc] [com.apple.AppKit:Appearance] Post-registration system appearance: (HLTB: 1)
2026-09-16 15:52:36.518 I  PeachCommander[23230:129e6] [com.apple.launchservices:default] Unable to load Info.plist exceptions (eGPUOverrides)
2026-09-16 15:52:36.518 I  PeachCommander[23230:129e6] [com.apple.launchservices:default] Unable to load Info.plist exceptions (gameModeOverrides)
2026-09-16 15:52:36.518 I  PeachCommander[23230:129e6] [com.apple.launchservices:default] Unable to load Info.plist exceptions (identifiedGameOverrides)
2026-09-16 15:52:36.518 I  PeachCommander[23230:129e6] [com.apple.launchservices:default] Unable to load Info.plist exceptions (SystemHiddenPreferred)
2026-09-16 15:52:36.519 Df PeachCommander[23230:129dc] [com.apple.FrontBoard:Common] FBSWorkspace: endpoint monitoring is disabled.
2026-09-16 15:52:36.519 Df PeachCommander[23230:129dc] [com.apple.FrontBoard:Common] FBSWorkspace: default shell endpoint is disabled.
2026-09-16 15:52:36.519 Df PeachCommander[23230:129dc] [com.apple.runningboard:connection] Initializing connection
2026-09-16 15:52:36.519 Df PeachCommander[23230:129dc] [com.apple.runningboard:process] Removing all cached process handles
2026-09-16 15:52:36.519 Df PeachCommander[23230:129e6] [com.apple.runningboard:connection] Sending handshake request attempt #1 to server
2026-09-16 15:52:36.519 Df PeachCommander[23230:129e6] [com.apple.runningboard:connection] Creating connection to com.apple.runningboard
2026-09-16 15:52:36.519 Df PeachCommander[23230:129e6] [com.apple.xpc:connection] [0xab0c80640] activating connection: mach=true listener=false peer=false name=com.apple.runningboard
2026-09-16 15:52:36.520 Df PeachCommander[23230:129dc] [com.apple.xpc:connection] [0xab0c80280] Connection returned listener port: 0x4103
2026-09-16 15:52:36.520 A  PeachCommander[23230:129e5] (RunningBoardServices) didChangeInheritances
2026-09-16 15:52:36.520 I  PeachCommander[23230:129dc] [com.apple.launchservices:cas] information in shared memory for 0x0-0x102102 with seed 533 was still valid, so using cached info { "ApplicationType"="Foreground", "BuildMachineOSBuild"="25E246", "BundleIdentifierLowerCase"="com.peachcommander.app", "CFBundleDevelopmentRegion"="en", "CFBundleDocumentTypes"=( { "CFBundleTypeName"="Peach Commander Plugin Package", "CFBundleTypeRole"="Viewer", "LSHandlerRank"="Owner", "LSItemContentTypes"=( "com.peachcommander.plugin-package") }, { "CFBundleTypeName"="Peach Commander Workspace", "CFBundleTypeRole"="Viewer", "LSHandlerRank"="Owner", "LSItemContentTypes"=( "com.peachcommander.workspace") }), "CFBundleExecutable"="PeachCommander", "CFBundleExecutablePath"="/Users/admin/pc-test/PeachCommander.app/Contents/MacOS/PeachCommander", "CFBundleExecutablePathDeviceID"=16777225, "CFBundleExecutablePathINode"=488203, "CFBundleHelpBookFolder"="PeachCommander.help", "CFBundleHelpBookName"="Peach Commander Help", "CFBundleIconFile"="AppIcon", "CFBundleIconName"="AppIcon", "CFBundleIdentifier"="com.peachcommander.app", "CFBundleInfoDictionaryVersion"="6.0", "CFBundleName"="PeachCo<…>
2026-09-16 15:52:36.520 Df PeachCommander[23230:129e6] [com.apple.runningboard:connection] Handshake succeeded
2026-09-16 15:52:36.520 Df PeachCommander[23230:129e6] [com.apple.runningboard:connection] Identity resolved as app<application.com.peachcommander.app.487009.488203(501)>
2026-09-16 15:52:36.521 Df PeachCommander[23230:129dc] [com.apple.xpc:connection] [0xab0c80280] Connection returned listener port: 0x4103
2026-09-16 15:52:36.522 A  PeachCommander[23230:129e5] (AppIntents) appintents:register process
2026-09-16 15:52:36.523 Df PeachCommander[23230:129e5] [com.apple.appintents:Connection] Created a new Process Instance Registry XPC connection (inactive)
2026-09-16 15:52:36.523 Df PeachCommander[23230:129e5] [com.apple.xpc:connection] [0xab0c808c0] activating connection: mach=true listener=false peer=false name=com.apple.linkd.autoShortcut
2026-09-16 15:52:36.523 Df PeachCommander[23230:129e5] [com.apple.appintents:Connection] Activated connection to linkd (ApplicationService)
2026-09-16 15:52:36.523 Df PeachCommander[23230:129e5] [com.apple.xpc:connection] [0xab0c80a00] activating connection: mach=false listener=true peer=false name=(anonymous)
2026-09-16 15:52:36.523 I  PeachCommander[23230:129dc] [com.apple.launchservices:cas] information in shared memory for 0x0-0x102102 with seed 533 was still valid, so using cached info { "ApplicationType"="Foreground", "BuildMachineOSBuild"="25E246", "BundleIdentifierLowerCase"="com.peachcommander.app", "CFBundleDevelopmentRegion"="en", "CFBundleDocumentTypes"=( { "CFBundleTypeName"="Peach Commander Plugin Package", "CFBundleTypeRole"="Viewer", "LSHandlerRank"="Owner", "LSItemContentTypes"=( "com.peachcommander.plugin-package") }, { "CFBundleTypeName"="Peach Commander Workspace", "CFBundleTypeRole"="Viewer", "LSHandlerRank"="Owner", "LSItemContentTypes"=( "com.peachcommander.workspace") }), "CFBundleExecutable"="PeachCommander", "CFBundleExecutablePath"="/Users/admin/pc-test/PeachCommander.app/Contents/MacOS/PeachCommander", "CFBundleExecutablePathDeviceID"=16777225, "CFBundleExecutablePathINode"=488203, "CFBundleHelpBookFolder"="PeachCommander.help", "CFBundleHelpBookName"="Peach Commander Help", "CFBundleIconFile"="AppIcon", "CFBundleIconName"="AppIcon", "CFBundleIdentifier"="com.peachcommander.app", "CFBundleInfoDictionaryVersion"="6.0", "CFBundleName"="PeachCo<…>
2026-09-16 15:52:36.523 I  PeachCommander[23230:129dc] [com.apple.hiservices:processmgr] TransformProcessType(0x0,0x2 => 1 wasFront=1 pickNew=0)
2026-09-16 15:52:36.523 I  PeachCommander[23230:129dc] [com.apple.CoreAnalytics:client] Dropping "com.apple.appkit.app_config" as it isn't used in any transform (not in the config or budgeted?)
2026-09-16 15:52:36.523 I  PeachCommander[23230:129e5] [com.apple.appintents:Execution] LNAppConnectionListener instantiated
2026-09-16 15:52:36.523 Df PeachCommander[23230:129e5] [com.apple.xpc:connection] [0xab0c80a00] Connection returned listener port: 0x6203
2026-09-16 15:52:36.524 Df PeachCommander[23230:129e6] [com.apple.xpc:connection] [0xab0c808c0] Re-initialization successful; calling out to event handler with XPC_ERROR_CONNECTION_INTERRUPTED
2026-09-16 15:52:36.524 Df PeachCommander[23230:129dc] [com.apple.dt.xctest:Default] Registering for test daemon availability notify post.
2026-09-16 15:52:36.524 Df PeachCommander[23230:129e6] [com.apple.appintents:Connection] Process Instance Registry XPC connection has been interrupted
2026-09-16 15:52:36.524 E  PeachCommander[23230:129e5] [com.apple.appintents:Connection] Unable to get synchronousRemoteObjectProxy, error: Error Domain=NSCocoaErrorDomain Code=4097 "connection to service named com.apple.linkd.autoShortcut" UserInfo={NSDebugDescription=connection to service named com.apple.linkd.autoShortcut}
2026-09-16 15:52:36.524 Df PeachCommander[23230:129dc] [com.apple.dt.xctest:Default] notify_get_state check indicated test daemon not ready.
2026-09-16 15:52:36.524 E  PeachCommander[23230:129e5] [com.apple.AppKit:Application] Error registering app with intents framework: Error Domain=NSCocoaErrorDomain Code=4097 UserInfo={NSDebugDescription=<private>}
2026-09-16 15:52:36.524 Df PeachCommander[23230:129ee] [com.apple.appintents:Connection] Created a new Process Instance Registry XPC connection (inactive)
2026-09-16 15:52:36.524 A  PeachCommander[23230:129ee] (AppIntents) appintents:register process
2026-09-16 15:52:36.524 Df PeachCommander[23230:129dc] [com.apple.dt.xctest:Default] notify_get_state check indicated test daemon not ready.
2026-09-16 15:52:36.524 Df PeachCommander[23230:129ee] [com.apple.appintents:Connection] Created a new Process Instance Registry XPC connection (inactive)
2026-09-16 15:52:36.524 Df PeachCommander[23230:129ee] [com.apple.xpc:connection] [0xab0c80c80] activating connection: mach=true listener=false peer=false name=com.apple.linkd.autoShortcut
2026-09-16 15:52:36.524 Df PeachCommander[23230:129dc] [com.apple.dt.xctest:Default] notify_get_state check indicated test daemon not ready.
2026-09-16 15:52:36.524 Df PeachCommander[23230:129ee] [com.apple.appintents:Connection] Activated connection to linkd (ApplicationService)
2026-09-16 15:52:36.524 Df PeachCommander[23230:129ee] [com.apple.xpc:connection] [0xab0c80a00] Connection returned listener port: 0x6203
2026-09-16 15:52:36.524 Df PeachCommander[23230:129e5] [com.apple.xpc:connection] [0xab0c80c80] Re-initialization successful; calling out to event handler with XPC_ERROR_CONNECTION_INTERRUPTED
2026-09-16 15:52:36.524 Df PeachCommander[23230:129e5] [com.apple.appintents:Connection] Process Instance Registry XPC connection has been interrupted
2026-09-16 15:52:36.524 E  PeachCommander[23230:129ee] [com.apple.appintents:Connection] Unable to get synchronousRemoteObjectProxy, error: Error Domain=NSCocoaErrorDomain Code=4097 "connection to service named com.apple.linkd.autoShortcut" UserInfo={NSDebugDescription=connection to service named com.apple.linkd.autoShortcut}
2026-09-16 15:52:36.524 E  PeachCommander[23230:129ee] [com.apple.appintents:Connection] Unable to re-register with Process Instance Registry, error: Error Domain=NSCocoaErrorDomain Code=4097 "connection to service named com.apple.linkd.autoShortcut" UserInfo={NSDebugDescription=connection to service named com.apple.linkd.autoShortcut}
2026-09-16 15:52:36.524 Df PeachCommander[23230:129e5] [com.apple.appintents:Connection] Created a new Process Instance Registry XPC connection (inactive)
2026-09-16 15:52:36.524 A  PeachCommander[23230:129e5] (AppIntents) appintents:register process
2026-09-16 15:52:36.524 Df PeachCommander[23230:129e5] [com.apple.appintents:Connection] Created a new Process Instance Registry XPC connection (inactive)
2026-09-16 15:52:36.524 Df PeachCommander[23230:129e5] [com.apple.xpc:connection] [0xab0c812c0] activating connection: mach=true listener=false peer=false name=com.apple.linkd.autoShortcut
2026-09-16 15:52:36.524 Df PeachCommander[23230:129e5] [com.apple.appintents:Connection] Activated connection to linkd (ApplicationService)
2026-09-16 15:52:36.524 Df PeachCommander[23230:129e5] [com.apple.xpc:connection] [0xab0c80a00] Connection returned listener port: 0x6203
2026-09-16 15:52:36.524 Df PeachCommander[23230:129ee] [com.apple.xpc:connection] [0xab0c812c0] Re-initialization successful; calling out to event handler with XPC_ERROR_CONNECTION_INTERRUPTED
2026-09-16 15:52:36.524 Df PeachCommander[23230:129ee] [com.apple.appintents:Connection] Process Instance Registry XPC connection has been interrupted
2026-09-16 15:52:36.524 Df PeachCommander[23230:129ee] [com.apple.appintents:Connection] Created a new Process Instance Registry XPC connection (inactive)
2026-09-16 15:52:36.524 A  PeachCommander[23230:129ee] (AppIntents) appintents:register process
2026-09-16 15:52:36.524 E  PeachCommander[23230:129e5] [com.apple.appintents:Connection] Unable to get synchronousRemoteObjectProxy, error: Error Domain=NSCocoaErrorDomain Code=4097 "connection to service named com.apple.linkd.autoShortcut" UserInfo={NSDebugDescription=connection to service named com.apple.linkd.autoShortcut}
2026-09-16 15:52:36.524 E  PeachCommander[23230:129e5] [com.apple.appintents:Connection] Unable to re-register with Process Instance Registry, error: Error Domain=NSCocoaErrorDomain Code=4097 "connection to service named com.apple.linkd.autoShortcut" UserInfo={NSDebugDescription=connection to service named com.apple.linkd.autoShortcut}
2026-09-16 15:52:36.524 Df PeachCommander[23230:129ee] [com.apple.appintents:Connection] Created a new Process Instance Registry XPC connection (inactive)
2026-09-16 15:52:36.524 Df PeachCommander[23230:129ee] [com.apple.xpc:connection] [0xab0c81540] activating connection: mach=true listener=false peer=false name=com.apple.linkd.autoShortcut
2026-09-16 15:52:36.525 Df PeachCommander[23230:129ee] [com.apple.appintents:Connection] Activated connection to linkd (ApplicationService)
2026-09-16 15:52:36.525 Df PeachCommander[23230:129ee] [com.apple.xpc:connection] [0xab0c80a00] Connection returned listener port: 0x6203
2026-09-16 15:52:36.525 Df PeachCommander[23230:129ea] [com.apple.xpc:connection] [0xab0c81540] Re-initialization successful; calling out to event handler with XPC_ERROR_CONNECTION_INTERRUPTED
2026-09-16 15:52:36.525 Df PeachCommander[23230:129ea] [com.apple.appintents:Connection] Process Instance Registry XPC connection has been interrupted
2026-09-16 15:52:36.525 E  PeachCommander[23230:129ea] [com.apple.appintents:Connection] Will NOT re-try to establish the connection
2026-09-16 15:52:36.525 E  PeachCommander[23230:129ee] [com.apple.appintents:Connection] Unable to get synchronousRemoteObjectProxy, error: Error Domain=NSCocoaErrorDomain Code=4097 "connection to service named com.apple.linkd.autoShortcut" UserInfo={NSDebugDescription=connection to service named com.apple.linkd.autoShortcut}
2026-09-16 15:52:36.525 E  PeachCommander[23230:129ee] [com.apple.appintents:Connection] Unable to re-register with Process Instance Registry, error: Error Domain=NSCocoaErrorDomain Code=4097 "connection to service named com.apple.linkd.autoShortcut" UserInfo={NSDebugDescription=connection to service named com.apple.linkd.autoShortcut}
2026-09-16 15:52:36.528 A  PeachCommander[23230:129dc] (CoreFoundation) Loading Preferences From System CFPrefsD
2026-09-16 15:52:36.529 Df PeachCommander[23230:129dc] (libMobileGestalt.dylib) couldn't load support library
2026-09-16 15:52:36.529 Df PeachCommander[23230:129dc] (libMobileGestalt.dylib) called dummy function!
2026-09-16 15:52:36.529 I  PeachCommander[23230:129dc] [com.apple.GenerativeModels:availability] Current availability state: unavailable, use cases: com.apple.WritingTools, language: <any>, api: <private>
2026-09-16 15:52:36.529 Df PeachCommander[23230:129dc] [com.apple.GenerativeModels:availability] registering darwin observer for name: com.apple.gms.availability.notification
2026-09-16 15:52:36.529 Df PeachCommander[23230:129dc] [com.apple.GenerativeModels:availability] registering darwin observer for name: com.apple.os-eligibility-domain.change.greymatter
2026-09-16 15:52:36.529 Df PeachCommander[23230:129dc] [com.apple.GenerativeModels:availability] registering darwin observer for name: com.apple.language.changed
2026-09-16 15:52:36.529 Df PeachCommander[23230:129dc] [com.apple.WritingTools:Default] isAvailable value changed: isMDMAllowed = true, gmAvailable (current) = false
2026-09-16 15:52:36.532 I  PeachCommander[23230:129dc] [com.apple.CoreAnalytics:client] Dropping "com.apple.appkit.app_config" as it isn't used in any transform (not in the config or budgeted?)
2026-09-16 15:52:36.536 Df PeachCommander[23230:129dc] [com.apple.AppKit:Appearance] NSApp cache appearance:
-NSRequiresAquaSystemAppearance: 0
-appearance: (null)
-effectiveAppearance: <NSCompositeAppearance: 0xab10705a0
 (
    "<NSAquaAppearance: 0xab1070640>",
    "<NSSystemAppearance: 0xab10706e0>"
)>
2026-09-16 15:52:36.540 A  PeachCommander[23230:129dc] (CoreFoundation) Loading Preferences From User CFPrefsD
2026-09-16 15:52:36.540 A  PeachCommander[23230:129dc] (CoreFoundation) Loading Preferences From User CFPrefsD
2026-09-16 15:52:36.544 A  PeachCommander[23230:129ea] (libsystem_info.dylib) Membership API: translate identifier
2026-09-16 15:52:36.547 I  PeachCommander[23230:129dc] [com.apple.CoreAnalytics:client] Dropping "com.apple.appkit.app_config" as it isn't used in any transform (not in the config or budgeted?)
2026-09-16 15:52:36.547 I  PeachCommander[23230:129dc] [com.apple.CoreAnalytics:client] Dropping "com.apple.appkit.app_config" as it isn't used in any transform (not in the config or budgeted?)
2026-09-16 15:52:36.549 Df PeachCommander[23230:129ea] [com.apple.xpc:connection] [0xab0c81a40] activating connection: mach=true listener=false peer=false name=com.apple.dock.fullscreen
2026-09-16 15:52:36.552 Df PeachCommander[23230:129dc] [com.apple.xpc:connection] [0xab0c81b80] activating connection: mach=true listener=false peer=false name=com.apple.fonts
2026-09-16 15:52:36.555 I  PeachCommander[23230:129dc] [com.apple.launchservices:cas] information in shared memory for 0x0-0x102102 with seed 533 was still valid, so using cached info { "ApplicationType"="Foreground", "BuildMachineOSBuild"="25E246", "BundleIdentifierLowerCase"="com.peachcommander.app", "CFBundleDevelopmentRegion"="en", "CFBundleDocumentTypes"=( { "CFBundleTypeName"="Peach Commander Plugin Package", "CFBundleTypeRole"="Viewer", "LSHandlerRank"="Owner", "LSItemContentTypes"=( "com.peachcommander.plugin-package") }, { "CFBundleTypeName"="Peach Commander Workspace", "CFBundleTypeRole"="Viewer", "LSHandlerRank"="Owner", "LSItemContentTypes"=( "com.peachcommander.workspace") }), "CFBundleExecutable"="PeachCommander", "CFBundleExecutablePath"="/Users/admin/pc-test/PeachCommander.app/Contents/MacOS/PeachCommander", "CFBundleExecutablePathDeviceID"=16777225, "CFBundleExecutablePathINode"=488203, "CFBundleHelpBookFolder"="PeachCommander.help", "CFBundleHelpBookName"="Peach Commander Help", "CFBundleIconFile"="AppIcon", "CFBundleIconName"="AppIcon", "CFBundleIdentifier"="com.peachcommander.app", "CFBundleInfoDictionaryVersion"="6.0", "CFBundleName"="PeachCo<…>
2026-09-16 15:52:36.555 I  PeachCommander[23230:129dc] [com.apple.CoreAnalytics:client] Dropping "com.apple.appkit.app_config" as it isn't used in any transform (not in the config or budgeted?)
2026-09-16 15:52:36.555 Df PeachCommander[23230:129dc] [com.apple.AppKit:AutomaticTermination] -[NSApplication(NSAppssassination) _checkForAutomaticTerminationSupportPossiblyEnablingIt]_block_invoke Enabling automatic termination support.
2026-09-16 15:52:36.555 Df PeachCommander[23230:129dc] [com.apple.xpc:connection] [0xab0c80dc0] activating connection: mach=true listener=false peer=false name=com.apple.appkit.restoration_storage
2026-09-16 15:52:36.556 I  PeachCommander[23230:129dc] [com.apple.launchservices:cas] information in shared memory for 0x0-0x102102 with seed 533 was still valid, so using cached info { "ApplicationType"="Foreground", "BuildMachineOSBuild"="25E246", "BundleIdentifierLowerCase"="com.peachcommander.app", "CFBundleDevelopmentRegion"="en", "CFBundleDocumentTypes"=( { "CFBundleTypeName"="Peach Commander Plugin Package", "CFBundleTypeRole"="Viewer", "LSHandlerRank"="Owner", "LSItemContentTypes"=( "com.peachcommander.plugin-package") }, { "CFBundleTypeName"="Peach Commander Workspace", "CFBundleTypeRole"="Viewer", "LSHandlerRank"="Owner", "LSItemContentTypes"=( "com.peachcommander.workspace") }), "CFBundleExecutable"="PeachCommander", "CFBundleExecutablePath"="/Users/admin/pc-test/PeachCommander.app/Contents/MacOS/PeachCommander", "CFBundleExecutablePathDeviceID"=16777225, "CFBundleExecutablePathINode"=488203, "CFBundleHelpBookFolder"="PeachCommander.help", "CFBundleHelpBookName"="Peach Commander Help", "CFBundleIconFile"="AppIcon", "CFBundleIconName"="AppIcon", "CFBundleIdentifier"="com.peachcommander.app", "CFBundleInfoDictionaryVersion"="6.0", "CFBundleName"="PeachCo<…>
2026-09-16 15:52:36.556 Df PeachCommander[23230:129dc] [com.apple.xpc:connection] [0xab0c80f00] activating connection: mach=true listener=false peer=false name=com.apple.coreservices.appleevents
2026-09-16 15:52:36.556 I  PeachCommander[23230:129dc] [com.apple.appleevents:main] _AEGetRegisteredMachPort() created default port (port:44803/0xaf03 rcv:1 send:1 limit:5) and registered it with server
2026-09-16 15:52:36.556 Df PeachCommander[23230:129dc] [com.apple.xpc:connection] [0xab0c80280] Connection returned listener port: 0x4103
2026-09-16 15:52:36.556 I  PeachCommander[23230:129dc] [com.apple.launchservices:cas] information in shared memory for 0x0-0x102102 with seed 533 was still valid, so using cached info { "ApplicationType"="Foreground", "BuildMachineOSBuild"="25E246", "BundleIdentifierLowerCase"="com.peachcommander.app", "CFBundleDevelopmentRegion"="en", "CFBundleDocumentTypes"=( { "CFBundleTypeName"="Peach Commander Plugin Package", "CFBundleTypeRole"="Viewer", "LSHandlerRank"="Owner", "LSItemContentTypes"=( "com.peachcommander.plugin-package") }, { "CFBundleTypeName"="Peach Commander Workspace", "CFBundleTypeRole"="Viewer", "LSHandlerRank"="Owner", "LSItemContentTypes"=( "com.peachcommander.workspace") }), "CFBundleExecutable"="PeachCommander", "CFBundleExecutablePath"="/Users/admin/pc-test/PeachCommander.app/Contents/MacOS/PeachCommander", "CFBundleExecutablePathDeviceID"=16777225, "CFBundleExecutablePathINode"=488203, "CFBundleHelpBookFolder"="PeachCommander.help", "CFBundleHelpBookName"="Peach Commander Help", "CFBundleIconFile"="AppIcon", "CFBundleIconName"="AppIcon", "CFBundleIdentifier"="com.peachcommander.app", "CFBundleInfoDictionaryVersion"="6.0", "CFBundleName"="PeachCo<…>
2026-09-16 15:52:36.556 Df PeachCommander[23230:129dc] [com.apple.processmanager:front-35286506] SignalReady: pid=23230 asn=0x0-0x102102
2026-09-16 15:52:36.557 Df PeachCommander[23230:129dc] [com.apple.processmanager:front-35286506] SIGNAL: pid=23230 asn=0x0x-0x102102
2026-09-16 15:52:36.557 I  PeachCommander[23230:129dc] [com.apple.appleevents:main] aeGenerateFakeFirstOAPPEventIfNecessary()
2026-09-16 15:52:36.557 I  PeachCommander[23230:129dc] [com.apple.appleevents:main] aeGenerateFakeFirstOAPPEventIfNecessary(), needToCreateFakeOAPPEventIfFirstEvent == true
2026-09-16 15:52:36.557 I  PeachCommander[23230:129dc] [com.apple.launchservices:cas] Removing cached information for app [ 0x0-0x102102]  "PeachCommander", as its seed is different from that in shared memory ( 533 vs 535)
2026-09-16 15:52:36.558 I  PeachCommander[23230:129dc] [com.apple.CFPasteboard:entry] CopyData('DefaultAsciiKeyboardLayoutPasteboard' (<CFUUID 0xab0f3a800> 322110C6-D667-4196-B7ED-CC94320C1A17) gen: -1 item: 1264739405 flavor: 'DefaultAsciiKeyboardLayoutFlavor')
2026-09-16 15:52:36.558 I  PeachCommander[23230:129dc] [com.apple.CFPasteboard:cache] Rebuilding cache for 'DefaultAsciiKeyboardLayoutPasteboard' (<CFUUID 0xab0f3a800> 322110C6-D667-4196-B7ED-CC94320C1A17)
2026-09-16 15:52:36.558 I  PeachCommander[23230:129dc] [com.apple.CFPasteboard:exit] (not-in-cache) - result: -8 generation: 0 null data flags: 0
2026-09-16 15:52:36.558 A  PeachCommander[23230:129dc] (CoreFoundation) Loading Preferences From User CFPrefsD
2026-09-16 15:52:36.558 A  PeachCommander[23230:129dc] (CoreFoundation) Loading Preferences From System CFPrefsD
2026-09-16 15:52:36.559 I  PeachCommander[23230:129dc] [com.apple.CFPasteboard:entry] CopyData('AppleIntlFileCacheModificationDatePasteboard' (<CFUUID 0xab0f3a700> C9983E3D-6C70-4FE3-B424-90A4F5402CF6) gen: -1 item: 1 flavor: '-32766 1768845414')
2026-09-16 15:52:36.559 I  PeachCommander[23230:129dc] [com.apple.CFPasteboard:cache] Rebuilding cache for 'AppleIntlFileCacheModificationDatePasteboard' (<CFUUID 0xab0f3a700> C9983E3D-6C70-4FE3-B424-90A4F5402CF6)
2026-09-16 15:52:36.559 I  PeachCommander[23230:129dc] [com.apple.CFPasteboard:general] Will request data from daemon
2026-09-16 15:52:36.559 I  PeachCommander[23230:129dc] [com.apple.CFPasteboard:exit] (not-in-cache) - result: 0 generation: 1 data (310 bytes) flags: 0
2026-09-16 15:52:36.559 I  PeachCommander[23230:129dc] [com.apple.CFPasteboard:entry] CopyData('AppleIntlFileCacheModificationDatePasteboard' (<CFUUID 0xab0f3a700> C9983E3D-6C70-4FE3-B424-90A4F5402CF6) gen: -1 item: 1 flavor: '-32765 1802264953')
2026-09-16 15:52:36.559 I  PeachCommander[23230:129dc] [com.apple.CFPasteboard:general] Will request data from daemon
2026-09-16 15:52:36.560 I  PeachCommander[23230:129dc] [com.apple.CFPasteboard:exit] (not-in-cache) - result: 0 generation: 1 data (306 bytes) flags: 0
2026-09-16 15:52:36.560 I  PeachCommander[23230:129dc] [com.apple.CFPasteboard:entry] CopyData('AppleIntlFileCacheModificationDatePasteboard' (<CFUUID 0xab0f3a700> C9983E3D-6C70-4FE3-B424-90A4F5402CF6) gen: -1 item: 1 flavor: '-32764 1802264953')
2026-09-16 15:52:36.560 I  PeachCommander[23230:129dc] [com.apple.CFPasteboard:general] Will request data from daemon
2026-09-16 15:52:36.560 I  PeachCommander[23230:129dc] [com.apple.CFPasteboard:exit] (not-in-cache) - result: 0 generation: 1 data (281 bytes) flags: 0
2026-09-16 15:52:36.560 I  PeachCommander[23230:129dc] [com.apple.CFPasteboard:entry] CopyData('AppleIntlFileCacheModificationDatePasteboard' (<CFUUID 0xab0f3a700> C9983E3D-6C70-4FE3-B424-90A4F5402CF6) gen: -1 item: 1 flavor: '-32763 1802264953')
2026-09-16 15:52:36.560 I  PeachCommander[23230:129dc] [com.apple.CFPasteboard:general] Will request data from daemon
2026-09-16 15:52:36.560 I  PeachCommander[23230:129dc] [com.apple.CFPasteboard:exit] (not-in-cache) - result: 0 generation: 1 data (318 bytes) flags: 0
2026-09-16 15:52:36.560 I  PeachCommander[23230:129dc] [com.apple.CFPasteboard:entry] CopyData('AppleIntlFileCacheModificationDatePasteboard' (<CFUUID 0xab0f3a700> C9983E3D-6C70-4FE3-B424-90A4F5402CF6) gen: -1 item: 1 flavor: '-32765 1768845414')
2026-09-16 15:52:36.560 I  PeachCommander[23230:129dc] [com.apple.CFPasteboard:general] Will request data from daemon
2026-09-16 15:52:36.560 I  PeachCommander[23230:129dc] [com.apple.CFPasteboard:exit] (not-in-cache) - result: 0 generation: 1 data (303 bytes) flags: 0
2026-09-16 15:52:36.560 I  PeachCommander[23230:129dc] [com.apple.CFPasteboard:entry] CopyData('AppleIntlFileCacheModificationDatePasteboard' (<CFUUID 0xab0f3a700> C9983E3D-6C70-4FE3-B424-90A4F5402CF6) gen: -1 item: 1 flavor: '-32763 1768845414')
2026-09-16 15:52:36.560 I  PeachCommander[23230:129dc] [com.apple.CFPasteboard:general] Will request data from daemon
2026-09-16 15:52:36.560 I  PeachCommander[23230:129dc] [com.apple.CFPasteboard:exit] (not-in-cache) - result: 0 generation: 1 data (315 bytes) flags: 0
2026-09-16 15:52:36.562 I  PeachCommander[23230:129dc] [com.apple.launchservices:cas] information in shared memory for 0x0-0x102102 with seed 535 was still valid, so using cached info { "ApplicationType"="Foreground", "BuildMachineOSBuild"="25E246", "BundleIdentifierLowerCase"="com.peachcommander.app", "CFBundleDevelopmentRegion"="en", "CFBundleDocumentTypes"=( { "CFBundleTypeName"="Peach Commander Plugin Package", "CFBundleTypeRole"="Viewer", "LSHandlerRank"="Owner", "LSItemContentTypes"=( "com.peachcommander.plugin-package") }, { "CFBundleTypeName"="Peach Commander Workspace", "CFBundleTypeRole"="Viewer", "LSHandlerRank"="Owner", "LSItemContentTypes"=( "com.peachcommander.workspace") }), "CFBundleExecutable"="PeachCommander", "CFBundleExecutablePath"="/Users/admin/pc-test/PeachCommander.app/Contents/MacOS/PeachCommander", "CFBundleExecutablePathDeviceID"=16777225, "CFBundleExecutablePathINode"=488203, "CFBundleHelpBookFolder"="PeachCommander.help", "CFBundleHelpBookName"="Peach Commander Help", "CFBundleIconFile"="AppIcon", "CFBundleIconName"="AppIcon", "CFBundleIdentifier"="com.peachcommander.app", "CFBundleInfoDictionaryVersion"="6.0", "CFBundleName"="PeachCo<…>
2026-09-16 15:52:36.562 Df PeachCommander[23230:129dc] [com.apple.xpc:connection] [0xab0c81e00] activating connection: mach=false listener=false peer=false name=com.apple.ViewBridgeAuxiliary
2026-09-16 15:52:36.568 Df PeachCommander[23230:129dc] [com.apple.xpc:connection] [0xab0c81cc0] activating connection: mach=false listener=false peer=false name=(anonymous)
2026-09-16 15:52:36.568 Df PeachCommander[23230:129dc] [com.apple.xpc:connection] [0xab0c81f40] activating connection: mach=false listener=true peer=false name=(anonymous)
2026-09-16 15:52:36.568 Df PeachCommander[23230:129dc] [com.apple.xpc:connection] [0xab0c81f40] Connection returned listener port: 0xb603
2026-09-16 15:52:36.569 Df PeachCommander[23230:129dc] [com.apple.xpc:connection] [0xab0c81e00] invalidated after the last release of the connection object
2026-09-16 15:52:36.569 I  PeachCommander[23230:129dc] [com.apple.showhide:pr-59900543] SHOWHIDE: SHOW id=500 0x0-0x102102, err=0 eventTime=1687863739291 windowID=0
2026-09-16 15:52:36.569 I  PeachCommander[23230:129dc] [com.apple.CarbonCore:coreservicesdaemon] findOrCreateCacheable():findOrCreateCacheable(), factoryName=3 cacheableName=<private> fCacheables.size()=0
2026-09-16 15:52:36.569 I  PeachCommander[23230:129dc] [com.apple.CarbonCore:coreservicesdaemon] findOrCreateCacheable():findOrCreateCacheable(), result = 0xab0c4bf40 (should be non-NULL)
2026-09-16 15:52:36.569 Df PeachCommander[23230:129dc] [com.apple.AppKit:AutomaticTermination] void _NSDisableAutomaticTerminationAndLog(NSString *) Restoring windows
2026-09-16 15:52:36.569 Df PeachCommander[23230:129dc] [com.apple.AppKit:StateRestoration] -[NSApplication _reopenWindowsAsNecessaryIncludingRestorableState:withFullFidelity:completionHandler:] shouldRestoreState=1 hasPersistentStateToRestore=0 shouldStillRestoreStateAfterPrompting=0
2026-09-16 15:52:36.570 Df PeachCommander[23230:129dc] [com.apple.xpc:connection] [0xab0c81e00] activating connection: mach=true listener=false peer=false name=com.apple.window_proxies
2026-09-16 15:52:36.570 Df PeachCommander[23230:129dc] [com.apple.xpc:connection] [0xab0c81e00] invalidated because the current process cancelled the connection by calling xpc_connection_cancel()
2026-09-16 15:52:36.570 I  PeachCommander[23230:129dc] [com.apple.SkyLight:processes] 0[outside of RPC]: SLSSetFrontProcessWithInfo(0x0-0x2 window=0 options=0x1
2026-09-16 15:52:36.571 I  PeachCommander[23230:129dc] [com.apple.CoreAnalytics:client] Dropping "com.apple.appkit.app_config" as it isn't used in any transform (not in the config or budgeted?)
2026-09-16 15:52:36.571 Df PeachCommander[23230:129dc] [com.apple.AppKit:AutomaticTermination] void _NSEnableAutomaticTerminationAndLog(NSString *) Restoring windows
2026-09-16 15:52:36.574 I  PeachCommander[23230:129dc] [com.apple.CoreAnalytics:client] Dropping "com.apple.appkit.app_config" as it isn't used in any transform (not in the config or budgeted?)
2026-09-16 15:52:36.574 I  PeachCommander[23230:129dc] [com.apple.CoreAnalytics:client] Dropping "com.apple.appkit.app_config" as it isn't used in any transform (not in the config or budgeted?)
2026-09-16 15:52:36.591 A  PeachCommander[23230:129e6] (RunningBoardServices) didChangeInheritances
2026-09-16 15:52:36.592 A  PeachCommander[23230:129dc] (CoreFoundation) Loading Preferences From User CFPrefsD
2026-09-16 15:52:36.599 I  PeachCommander[23230:129dc] [com.peachcommander:PCFoundation] VolumeManager initialized
2026-09-16 15:52:36.629 Df PeachCommander[23230:129dc] [com.apple.BoardServices:XPCErrors] [C:1] Alloc <private>
2026-09-16 15:52:36.629 Df PeachCommander[23230:129dc] [com.apple.xpc:connection] [0xab0425540] activating connection: mach=false listener=false peer=false name=(anonymous)
2026-09-16 15:52:36.631 I  PeachCommander[23230:129dc] [com.apple.AppKit:Window] context (0 -> 81fea31a) for window 44e
2026-09-16 15:52:36.631 Df PeachCommander[23230:129ea] [com.apple.corespotlight:index] (<private>) deleteSearchableItemsWithDomainIdentifiers, protectionClass:(null), domainIdentifiers number:1
2026-09-16 15:52:36.632 A  PeachCommander[23230:129ea] (CoreSpotlight) delete-domains
2026-09-16 15:52:36.632 I  PeachCommander[23230:129dc] [com.peachcommander:PCFoundation] MainWindowController initialized (config: <private>)
2026-09-16 15:52:36.632 Df PeachCommander[23230:129e6] [com.apple.corespotlight:index] CSInlineDonation:<private>: Skipping donation (feature flag disabled)
2026-09-16 15:52:36.632 Df PeachCommander[23230:129e6] (CoreSpotlight) sConnectionName: com.apple.spotlight.IndexAgent
2026-09-16 15:52:36.632 Df PeachCommander[23230:129e6] (CoreSpotlight) Start service name com.apple.spotlight.IndexAgent
2026-09-16 15:52:36.632 Df PeachCommander[23230:129e6] [com.apple.xpc:connection] [0xab04257c0] activating connection: mach=true listener=false peer=false name=com.apple.spotlight.IndexAgent
2026-09-16 15:52:36.632 I  PeachCommander[23230:129dc] [com.peachcommander:PCFoundation] SelectionState initialized
2026-09-16 15:52:36.632 I  PeachCommander[23230:129dc] [com.peachcommander:PCFoundation] DirectoryModel initialized
2026-09-16 15:52:36.632 I  PeachCommander[23230:129dc] [com.peachcommander:PCFoundation] VolumeManager initialized
2026-09-16 15:52:36.632 I  PeachCommander[23230:129dc] [com.peachcommander:PCFoundation] PanelController initialized for <private> panel
2026-09-16 15:52:36.633 I  PeachCommander[23230:129dc] [com.peachcommander:PCFoundation] SelectionState initialized
2026-09-16 15:52:36.633 I  PeachCommander[23230:129dc] [com.peachcommander:PCFoundation] DirectoryModel initialized
2026-09-16 15:52:36.633 I  PeachCommander[23230:129dc] [com.peachcommander:PCFoundation] VolumeManager initialized
2026-09-16 15:52:36.633 I  PeachCommander[23230:129dc] [com.peachcommander:PCFoundation] PanelController initialized for <private> panel
2026-09-16 15:52:36.640 I  PeachCommander[23230:129dc] [com.apple.AppKit:Animation] Running new animation: <private>
2026-09-16 15:52:36.640 I  PeachCommander[23230:129dc] [com.apple.AppKit:Animation] Running new animation: <private>
2026-09-16 15:52:36.640 I  PeachCommander[23230:129dc] [com.apple.AppKit:Animation] Running new animation: <private>
2026-09-16 15:52:36.640 I  PeachCommander[23230:129dc] [com.apple.AppKit:Animation] Running new animation: <private>
2026-09-16 15:52:36.640 I  PeachCommander[23230:129dc] [com.apple.AppKit:Animation] Running new animation: <private>
2026-09-16 15:52:36.643 I  PeachCommander[23230:129dc] [com.apple.AppKit:Animation] Running new animation: <private>
2026-09-16 15:52:36.643 I  PeachCommander[23230:129dc] [com.apple.AppKit:Animation] Running new animation: <private>
2026-09-16 15:52:36.643 I  PeachCommander[23230:129dc] [com.apple.AppKit:Animation] Running new animation: <private>
2026-09-16 15:52:36.643 I  PeachCommander[23230:129dc] [com.apple.AppKit:Animation] Running new animation: <private>
2026-09-16 15:52:36.643 I  PeachCommander[23230:129dc] [com.apple.AppKit:Animation] Running new animation: <private>
2026-09-16 15:52:36.656 I  PeachCommander[23230:129dc] [com.apple.CoreAnalytics:client] Dropping "com.apple.appkit.app_config" as it isn't used in any transform (not in the config or budgeted?)
2026-09-16 15:52:36.658 I  PeachCommander[23230:129dc] [com.apple.CoreAnalytics:client] Dropping "com.apple.appkit.app_config" as it isn't used in any transform (not in the config or budgeted?)
2026-09-16 15:52:36.663 I  PeachCommander[23230:129dc] [com.apple.launchservices:datasep] application record search init. Node: <FSNode 0xab15479e0> { isDir = ?, path = <private> } bundleID: (null) itemID: 0
2026-09-16 15:52:36.665 I  PeachCommander[23230:129dc] [com.apple.GenerativeModels:availability] Current availability state: unavailable, use cases: com.apple.Settings.AppleIntelligence,com.apple.Siri.NLRouter, language: en, api: <private>
2026-09-16 15:52:36.665 Df PeachCommander[23230:129dc] [com.apple.GenerativeModels:availability] isOkayToHaveAsset: False
2026-09-16 15:52:36.665 E  PeachCommander[23230:129dc] [com.apple.siri:Utility] AFIsDeviceGreymatterEligible Missing entitlements for os_eligibility lookup
2026-09-16 15:52:36.665 I  PeachCommander[23230:129dc] [com.apple.GenerativeModels:availability] Current availability state: unavailable, use cases: com.apple.Settings.AppleIntelligence, language: en, api: <private>
2026-09-16 15:52:36.665 Df PeachCommander[23230:129dc] [com.apple.GenerativeModels:availability] isOkayToHaveAsset: False
2026-09-16 15:52:36.665 Df PeachCommander[23230:129dc] [com.apple.siri:Utility] -[AFSystemAssistantExperienceStatusManager fetchGenerativeModelsAvailability] #SAEStatus #cacheUpdate Updating cache:
deviceSupportsSAE: 0 (0)
       saeEnabled: 0 (0)
     saeAvailable: 0 (0)
      swaiEnabled: 0 (0)
        viEnabled: 0 (0)
        siriAvailability:
        <private>
        ((null))
2026-09-16 15:52:36.665 Df PeachCommander[23230:129dc] [com.apple.xpc:connection] [0xab060c500] activating connection: mach=true listener=false peer=false name=com.apple.iconservices
2026-09-16 15:52:36.666 Df PeachCommander[23230:129dc] [com.apple.xpc:connection] [0xab060c640] activating connection: mach=true listener=false peer=false name=com.apple.iconservices.store
2026-09-16 15:52:36.676 I  PeachCommander[23230:129dc] [com.peachcommander:Theme] no user themes in /Users/admin/pc-cfg/themes
2026-09-16 15:52:36.676 Df PeachCommander[23230:129dc] [com.apple.AppKit:Appearance] Invalidate NSApp effectiveAppearance
2026-09-16 15:52:36.677 Df PeachCommander[23230:129dc] [com.apple.AppKit:Appearance] NSApp cache appearance:
-NSRequiresAquaSystemAppearance: 0
-appearance: <NSCompositeAppearance: 0xab10719a0
 (
    "<NSDarkAquaAppearance: 0xab1071a40>",
    "<NSSystemAppearance: 0xab10706e0>"
)>
-effectiveAppearance: <NSCompositeAppearance: 0xab10719a0
 (
    "<NSDarkAquaAppearance: 0xab1071a40>",
    "<NSSystemAppearance: 0xab10706e0>"
)>
2026-09-16 15:52:36.679 I  PeachCommander[23230:129dc] [com.peachcommander:PCFoundation] Theme applied: id=norton, appearance=dark, dark=true, background=#0000AA
2026-09-16 15:52:36.722 I  PeachCommander[23230:129dc] [com.apple.iconservices:foundation] layer data size zero
2026-09-16 15:52:36.722 I  PeachCommander[23230:129dc] [com.apple.CoreAnalytics:client] Dropping "com.apple.appkit.app_config" as it isn't used in any transform (not in the config or budgeted?)
2026-09-16 15:52:36.727 I  PeachCommander[23230:129dc] [com.apple.AppKit:Animation] Running new animation: <private>
2026-09-16 15:52:36.728 I  PeachCommander[23230:129dc] [com.apple.AppKit:Animation] Running new animation: <private>
2026-09-16 15:52:36.728 I  PeachCommander[23230:129dc] [com.apple.AppKit:Animation] Running new animation: <private>
2026-09-16 15:52:36.728 I  PeachCommander[23230:129dc] [com.apple.AppKit:Animation] Running new animation: <private>
2026-09-16 15:52:36.728 I  PeachCommander[23230:129dc] [com.apple.AppKit:Animation] Running new animation: <private>
2026-09-16 15:52:36.728 I  PeachCommander[23230:129dc] [com.apple.AppKit:Animation] Running new animation: <private>
2026-09-16 15:52:36.728 I  PeachCommander[23230:129dc] [com.apple.AppKit:Animation] Running new animation: <private>
2026-09-16 15:52:36.728 I  PeachCommander[23230:129dc] [com.apple.AppKit:Animation] Running new animation: <private>
2026-09-16 15:52:36.728 I  PeachCommander[23230:129dc] [com.apple.AppKit:Animation] Running new animation: <private>
2026-09-16 15:52:36.728 I  PeachCommander[23230:129dc] [com.apple.AppKit:Animation] Running new animation: <private>
2026-09-16 15:52:36.731 I  PeachCommander[23230:129dc] [com.peachcommander:PCFoundation] Keymap loaded: scheme=<private>, 82 effective bindings
2026-09-16 15:52:36.738 I  PeachCommander[23230:129dc] [com.apple.CoreAnalytics:client] Dropping "<private>" as it isn't used in any transform (not in the config or budgeted?)
2026-09-16 15:52:36.738 I  PeachCommander[23230:129dc] [com.apple.CoreAnalytics:client] Dropping "<private>" as it isn't used in any transform (not in the config or budgeted?)
2026-09-16 15:52:36.739 I  PeachCommander[23230:129dc] [com.apple.CoreAnalytics:client] Dropping "<private>" as it isn't used in any transform (not in the config or budgeted?)
2026-09-16 15:52:36.739 I  PeachCommander[23230:129dc] [com.peachcommander:PCFoundation] MainWindowController window loaded
2026-09-16 15:52:36.739 I  PeachCommander[23230:129dc] [com.apple.launchservices:cas] information in shared memory for 0x0-0x102102 with seed 535 was still valid, so using cached info { "ApplicationType"="Foreground", "BuildMachineOSBuild"="25E246", "BundleIdentifierLowerCase"="com.peachcommander.app", "CFBundleDevelopmentRegion"="en", "CFBundleDocumentTypes"=( { "CFBundleTypeName"="Peach Commander Plugin Package", "CFBundleTypeRole"="Viewer", "LSHandlerRank"="Owner", "LSItemContentTypes"=( "com.peachcommander.plugin-package") }, { "CFBundleTypeName"="Peach Commander Workspace", "CFBundleTypeRole"="Viewer", "LSHandlerRank"="Owner", "LSItemContentTypes"=( "com.peachcommander.workspace") }), "CFBundleExecutable"="PeachCommander", "CFBundleExecutablePath"="/Users/admin/pc-test/PeachCommander.app/Contents/MacOS/PeachCommander", "CFBundleExecutablePathDeviceID"=16777225, "CFBundleExecutablePathINode"=488203, "CFBundleHelpBookFolder"="PeachCommander.help", "CFBundleHelpBookName"="Peach Commander Help", "CFBundleIconFile"="AppIcon", "CFBundleIconName"="AppIcon", "CFBundleIdentifier"="com.peachcommander.app", "CFBundleInfoDictionaryVersion"="6.0", "CFBundleName"="PeachCo<…>
2026-09-16 15:52:36.740 I  PeachCommander[23230:129dc] [com.apple.launchservices:cas] information in shared memory for 0x0-0x102102 with seed 535 was still valid, so using cached info { "ApplicationType"="Foreground", "BuildMachineOSBuild"="25E246", "BundleIdentifierLowerCase"="com.peachcommander.app", "CFBundleDevelopmentRegion"="en", "CFBundleDocumentTypes"=( { "CFBundleTypeName"="Peach Commander Plugin Package", "CFBundleTypeRole"="Viewer", "LSHandlerRank"="Owner", "LSItemContentTypes"=( "com.peachcommander.plugin-package") }, { "CFBundleTypeName"="Peach Commander Workspace", "CFBundleTypeRole"="Viewer", "LSHandlerRank"="Owner", "LSItemContentTypes"=( "com.peachcommander.workspace") }), "CFBundleExecutable"="PeachCommander", "CFBundleExecutablePath"="/Users/admin/pc-test/PeachCommander.app/Contents/MacOS/PeachCommander", "CFBundleExecutablePathDeviceID"=16777225, "CFBundleExecutablePathINode"=488203, "CFBundleHelpBookFolder"="PeachCommander.help", "CFBundleHelpBookName"="Peach Commander Help", "CFBundleIconFile"="AppIcon", "CFBundleIconName"="AppIcon", "CFBundleIdentifier"="com.peachcommander.app", "CFBundleInfoDictionaryVersion"="6.0", "CFBundleName"="PeachCo<…>
2026-09-16 15:52:36.752 I  PeachCommander[23230:129dc] [com.apple.AppKit:Window] order window front conditionally: 44e related: 0
2026-09-16 15:52:36.752 Df PeachCommander[23230:129dc] [com.apple.AppKit:AutomaticTermination] void _NSEnableAutomaticTerminationAndLog(NSString *) No windows open yet
2026-09-16 15:52:36.753 I  PeachCommander[23230:129dc] [com.apple.AppKit:Intelligence] starting collection observation
2026-09-16 15:52:36.753 Df PeachCommander[23230:129ea] [com.apple.UIIntelligenceSupport:xpc] establishing connection to agent
2026-09-16 15:52:36.753 Df PeachCommander[23230:129ea] [com.apple.xpc:session] [0xab01c3660] Session created.
2026-09-16 15:52:36.753 Df PeachCommander[23230:129ea] [com.apple.xpc:session] [0xab01c3660] Session created from connection [0xab060ebc0]
2026-09-16 15:52:36.753 Df PeachCommander[23230:129ea] [com.apple.xpc:connection] [0xab060ebc0] activating connection: mach=true listener=false peer=false name=com.apple.uiintelligencesupport.agent
2026-09-16 15:52:36.753 Df PeachCommander[23230:129ea] [com.apple.xpc:session] [0xab01c3660] Session activated
2026-09-16 15:52:36.753 I  PeachCommander[23230:129dc] [com.apple.SkyLight:processes] 0[outside of RPC]: SLSSetFrontProcessWithInfo(0x0-0x2 window=0 options=0x1
2026-09-16 15:52:36.754 Df PeachCommander[23230:129ea] [com.apple.UIIntelligenceSupport:xpc] Connection established with agent PID: 1211
2026-09-16 15:52:36.754 I  PeachCommander[23230:129dc] [com.apple.launchservices:cas] information in shared memory for 0x0-0x102102 with seed 535 was still valid, so using cached info { "ApplicationType"="Foreground", "BuildMachineOSBuild"="25E246", "BundleIdentifierLowerCase"="com.peachcommander.app", "CFBundleDevelopmentRegion"="en", "CFBundleDocumentTypes"=( { "CFBundleTypeName"="Peach Commander Plugin Package", "CFBundleTypeRole"="Viewer", "LSHandlerRank"="Owner", "LSItemContentTypes"=( "com.peachcommander.plugin-package") }, { "CFBundleTypeName"="Peach Commander Workspace", "CFBundleTypeRole"="Viewer", "LSHandlerRank"="Owner", "LSItemContentTypes"=( "com.peachcommander.workspace") }), "CFBundleExecutable"="PeachCommander", "CFBundleExecutablePath"="/Users/admin/pc-test/PeachCommander.app/Contents/MacOS/PeachCommander", "CFBundleExecutablePathDeviceID"=16777225, "CFBundleExecutablePathINode"=488203, "CFBundleHelpBookFolder"="PeachCommander.help", "CFBundleHelpBookName"="Peach Commander Help", "CFBundleIconFile"="AppIcon", "CFBundleIconName"="AppIcon", "CFBundleIdentifier"="com.peachcommander.app", "CFBundleInfoDictionaryVersion"="6.0", "CFBundleName"="PeachCo<…>
2026-09-16 15:52:36.754 Df PeachCommander[23230:129dc] [com.apple.xpc:connection] [0xab060ed00] activating connection: mach=true listener=false peer=false name=com.apple.FileCoordination
2026-09-16 15:52:36.755 Df PeachCommander[23230:129ea] [com.apple.foundation.filecoordination:presenter] Adding presenter D101C225-C8B3-460D-9B0B-6262654070ED for URL: <private>
2026-09-16 15:52:36.755 I  PeachCommander[23230:129dc] [com.apple.launchservices:cas] information in shared memory for 0x0-0x102102 with seed 535 was still valid, so using cached info { "ApplicationType"="Foreground", "BuildMachineOSBuild"="25E246", "BundleIdentifierLowerCase"="com.peachcommander.app", "CFBundleDevelopmentRegion"="en", "CFBundleDocumentTypes"=( { "CFBundleTypeName"="Peach Commander Plugin Package", "CFBundleTypeRole"="Viewer", "LSHandlerRank"="Owner", "LSItemContentTypes"=( "com.peachcommander.plugin-package") }, { "CFBundleTypeName"="Peach Commander Workspace", "CFBundleTypeRole"="Viewer", "LSHandlerRank"="Owner", "LSItemContentTypes"=( "com.peachcommander.workspace") }), "CFBundleExecutable"="PeachCommander", "CFBundleExecutablePath"="/Users/admin/pc-test/PeachCommander.app/Contents/MacOS/PeachCommander", "CFBundleExecutablePathDeviceID"=16777225, "CFBundleExecutablePathINode"=488203, "CFBundleHelpBookFolder"="PeachCommander.help", "CFBundleHelpBookName"="Peach Commander Help", "CFBundleIconFile"="AppIcon", "CFBundleIconName"="AppIcon", "CFBundleIdentifier"="com.peachcommander.app", "CFBundleInfoDictionaryVersion"="6.0", "CFBundleName"="PeachCo<…>
2026-09-16 15:52:36.759 I  PeachCommander[23230:129dc] [com.apple.AppKit:Window] order all windows front 1687863739291
2026-09-16 15:52:36.759 I  PeachCommander[23230:129dc] [com.apple.launchservices:cas] information in shared memory for 0x0-0x102102 with seed 535 was still valid, so using cached info { "ApplicationType"="Foreground", "BuildMachineOSBuild"="25E246", "BundleIdentifierLowerCase"="com.peachcommander.app", "CFBundleDevelopmentRegion"="en", "CFBundleDocumentTypes"=( { "CFBundleTypeName"="Peach Commander Plugin Package", "CFBundleTypeRole"="Viewer", "LSHandlerRank"="Owner", "LSItemContentTypes"=( "com.peachcommander.plugin-package") }, { "CFBundleTypeName"="Peach Commander Workspace", "CFBundleTypeRole"="Viewer", "LSHandlerRank"="Owner", "LSItemContentTypes"=( "com.peachcommander.workspace") }), "CFBundleExecutable"="PeachCommander", "CFBundleExecutablePath"="/Users/admin/pc-test/PeachCommander.app/Contents/MacOS/PeachCommander", "CFBundleExecutablePathDeviceID"=16777225, "CFBundleExecutablePathINode"=488203, "CFBundleHelpBookFolder"="PeachCommander.help", "CFBundleHelpBookName"="Peach Commander Help", "CFBundleIconFile"="AppIcon", "CFBundleIconName"="AppIcon", "CFBundleIdentifier"="com.peachcommander.app", "CFBundleInfoDictionaryVersion"="6.0", "CFBundleName"="PeachCo<…>
2026-09-16 15:52:36.759 I  PeachCommander[23230:129dc] [com.apple.showhide:pr-59900543] SHOWHIDE: CONFIRM, id=500, err=0
2026-09-16 15:52:36.759 I  PeachCommander[23230:129dc] [com.apple.AppKit:Window] context (0 -> b9310401) for window 44d
2026-09-16 15:52:36.759 I  PeachCommander[23230:129dc] [com.apple.AppKit:Window] context (0 -> af353c5b) for window 44c
2026-09-16 15:52:36.759 I  PeachCommander[23230:129dc] [com.apple.AppKit:Window] context (0 -> 7527929d) for window 44b
2026-09-16 15:52:36.759 I  PeachCommander[23230:129dc] [com.apple.AppKit:Window] context (0 -> 2591c795) for window 44a
2026-09-16 15:52:36.781 I  PeachCommander[23230:129dc] [com.apple.iconservices:foundation] layer data size zero
2026-09-16 15:52:36.791 Df PeachCommander[23230:129dc] [com.apple.AppKit:AutomaticTermination] void _updateToReflectAutomaticTerminationState(void) Setting _kLSApplicationWouldBeTerminatedByTALKey=0
2026-09-16 15:52:36.792 I  PeachCommander[23230:129dc] [com.apple.runningboard:assertion] Acquiring assertion: <RBSAssertionDescriptor| "AppNap adapter assertion" ID:(null) target:23230>
2026-09-16 15:52:36.826 A  PeachCommander[23230:129f3] (RunningBoardServices) didChangeInheritances
2026-09-16 15:52:36.875 Df PeachCommander[23230:129dc] [com.apple.libsystem.libdispatch:] DEPRECATED USE in libdispatch client: dispatch source activated with no event handler set; set a breakpoint on _dispatch_bug_deprecated to debug
2026-09-16 15:52:37.011 I  PeachCommander[23230:129dc] [com.apple.CarbonCore:gestalt] SetGestaltValuesBulk SetGestaltValuesBulk( count=22 tuples=0x189a82650
2026-09-16 15:52:37.011 I  PeachCommander[23230:129dc] [com.apple.CarbonCore:gestalt] SetGestaltValue SetGestaltValue(alis 1C9) => 0
2026-09-16 15:52:37.011 I  PeachCommander[23230:129dc] [com.apple.CarbonCore:gestalt] SetGestaltValue SetGestaltValue(os   FE) => 0
2026-09-16 15:52:37.011 I  PeachCommander[23230:129dc] [com.apple.CarbonCore:gestalt] SetGestaltValue SetGestaltValue(addr 7) => 0
2026-09-16 15:52:37.011 I  PeachCommander[23230:129dc] [com.apple.CarbonCore:gestalt] SetGestaltValue SetGestaltValue(fs   3D332) => 0
2026-09-16 15:52:37.011 I  PeachCommander[23230:129dc] [com.apple.CarbonCore:gestalt] SetGestaltValue SetGestaltValue(fold 11) => 0
2026-09-16 15:52:37.011 I  PeachCommander[23230:129dc] [com.apple.CarbonCore:gestalt] SetGestaltValue SetGestaltValue(lram 7FFFF000) => 0
2026-09-16 15:52:37.011 I  PeachCommander[23230:129dc] [com.apple.CarbonCore:gestalt] SetGestaltValue SetGestaltValue(mmap 1) => 0
2026-09-16 15:52:37.011 I  PeachCommander[23230:129dc] [com.apple.CarbonCore:gestalt] SetGestaltValue SetGestaltValue(cfrg 1) => 0
2026-09-16 15:52:37.011 I  PeachCommander[23230:129dc] [com.apple.CarbonCore:gestalt] SetGestaltValue SetGestaltValue(thds 7) => 0
2026-09-16 15:52:37.011 I  PeachCommander[23230:129dc] [com.apple.CarbonCore:gestalt] SetGestaltValue SetGestaltValue(tmgr E) => 0
2026-09-16 15:52:37.011 I  PeachCommander[23230:129dc] [com.apple.CarbonCore:gestalt] SetGestaltValue SetGestaltValue(vers 7) => 0
2026-09-16 15:52:37.011 I  PeachCommander[23230:129dc] [com.apple.CarbonCore:gestalt] SetGestaltValue SetGestaltValue(cbon 160) => 0
2026-09-16 15:52:37.011 I  PeachCommander[23230:129dc] [com.apple.CarbonCore:gestalt] SetGestaltValue SetGestaltValue(cltn 1108000) => 0
2026-09-16 15:52:37.011 I  PeachCommander[23230:129dc] [com.apple.CarbonCore:gestalt] SetGestaltValue SetGestaltValue(cpnt 8) => 0
2026-09-16 15:52:37.011 I  PeachCommander[23230:129dc] [com.apple.CarbonCore:gestalt] SetGestaltValue SetGestaltValue(rsrc 3) => 0
2026-09-16 15:52:37.011 I  PeachCommander[23230:129dc] [com.apple.CarbonCore:gestalt] SetGestaltValue SetGestaltValue(rmbg 11F) => 0
2026-09-16 15:52:37.011 I  PeachCommander[23230:129dc] [com.apple.CarbonCore:gestalt] SetGestaltValue SetGestaltValue(vm   11) => 0
2026-09-16 15:52:37.011 I  PeachCommander[23230:129dc] [com.apple.CarbonCore:gestalt] SetGestaltValue SetGestaltValue(srad 4170706C) => 0
2026-09-16 15:52:37.011 I  PeachCommander[23230:129dc] [com.apple.CarbonCore:gestalt] SetGestaltValue SetGestaltValue(sysa 14) => 0
2026-09-16 15:52:37.011 I  PeachCommander[23230:129dc] [com.apple.CarbonCore:gestalt] SetGestaltValue SetGestaltValue(copl 9) => 0
2026-09-16 15:52:37.011 I  PeachCommander[23230:129dc] [com.apple.CarbonCore:gestalt] SetGestaltValue SetGestaltValue(xlat 0) => 0
2026-09-16 15:52:37.011 I  PeachCommander[23230:129dc] [com.apple.CarbonCore:gestalt] SetGestaltValue SetGestaltValue(stdf 0) => 0
2026-09-16 15:52:37.011 I  PeachCommander[23230:129dc] [com.apple.CarbonCore:gestalt] _NewGestalt _NewGestalt(ram  0x1899fb644) => 0
2026-09-16 15:52:37.011 I  PeachCommander[23230:129dc] [com.apple.CarbonCore:gestalt] _NewGestalt _NewGestalt(ramm 0x1899fb644) => 0
2026-09-16 15:52:37.011 I  PeachCommander[23230:129dc] [com.apple.CarbonCore:gestalt] _NewGestalt _NewGestalt(cput 0x1899fb734) => 0
2026-09-16 15:52:37.011 I  PeachCommander[23230:129dc] [com.apple.CarbonCore:gestalt] _NewGestalt _NewGestalt(cpuf 0x1899fb764) => 0
2026-09-16 15:52:37.011 I  PeachCommander[23230:129dc] [com.apple.CarbonCore:gestalt] _NewGestalt _NewGestalt(bclk 0x1899fb794) => 0
2026-09-16 15:52:37.011 I  PeachCommander[23230:129dc] [com.apple.CarbonCore:gestalt] _NewGestalt _NewGestalt(bclm 0x1899fb794) => 0
2026-09-16 15:52:37.011 I  PeachCommander[23230:129dc] [com.apple.CarbonCore:gestalt] _NewGestalt _NewGestalt(pclk 0x1899fb834) => 0
2026-09-16 15:52:37.011 I  PeachCommander[23230:129dc] [com.apple.CarbonCore:gestalt] _NewGestalt _NewGestalt(mclk 0x1899fb834) => 0
2026-09-16 15:52:37.011 I  PeachCommander[23230:129dc] [com.apple.CarbonCore:gestalt] _NewGestalt _NewGestalt(a/ux 0x1899fb94c) => 0
2026-09-16 15:52:37.011 I  PeachCommander[23230:129dc] [com.apple.CarbonCore:gestalt] _NewGestalt _NewGestalt(pgsz 0x1899fb954) => 0
2026-09-16 15:52:37.011 I  PeachCommander[23230:129dc] [com.apple.CarbonCore:gestalt] _NewGestalt _NewGestalt(csiz 0x1899fb994) => 0
2026-09-16 15:52:37.011 I  PeachCommander[23230:129dc] [com.apple.CarbonCore:gestalt] _NewGestalt _NewGestalt(sysv 0x1899a6dfc) => 0
2026-09-16 15:52:37.011 I  PeachCommander[23230:129dc] [com.apple.CarbonCore:gestalt] _NewGestalt _NewGestalt(sys1 0x1899a6dfc) => 0
2026-09-16 15:52:37.011 I  PeachCommander[23230:129dc] [com.apple.CarbonCore:gestalt] _NewGestalt _NewGestalt(sys2 0x1899a6dfc) => 0
2026-09-16 15:52:37.011 I  PeachCommander[23230:129dc] [com.apple.CarbonCore:gestalt] _NewGestalt _NewGestalt(sys3 0x1899a6dfc) => 0
2026-09-16 15:52:37.011 I  PeachCommander[23230:129dc] [com.apple.CarbonCore:gestalt] _NewGestalt _NewGestalt(cdfl 0x1899fb9d4) => 0
2026-09-16 15:52:37.011 I  PeachCommander[23230:129dc] [com.apple.CarbonCore:gestalt] _NewGestalt _NewGestalt(cdrm 0x1899fbc30) => 0
2026-09-16 15:52:37.011 I  PeachCommander[23230:129dc] [com.apple.CarbonCore:gestalt] _NewGestalt _NewGestalt(cpus 0x1899fbc78) => 0
2026-09-16 15:52:37.011 I  PeachCommander[23230:129dc] [com.apple.CarbonCore:gestalt] SetGestaltValue SetGestaltValue(swex 1) => 0
2026-09-16 15:52:37.011 Df PeachCommander[23230:129dc] [com.apple.xpc:connection] [0xab060e800] activating connection: mach=false listener=false peer=false name=com.apple.hiservices-xpcservice
2026-09-16 15:52:37.012 I  PeachCommander[23230:129dc] [com.apple.CFPasteboard:entry] CopyData('ApplePerContextInputPasteboard' (<CFUUID 0xaaf8d1540> 5911D813-16A4-43E4-8EA4-A13F95AF07F4) gen: -1 item: 1264739405 flavor: 'ApplePerContextInputFlavor')
2026-09-16 15:52:37.012 I  PeachCommander[23230:129dc] [com.apple.CFPasteboard:cache] Rebuilding cache for 'ApplePerContextInputPasteboard' (<CFUUID 0xaaf8d1540> 5911D813-16A4-43E4-8EA4-A13F95AF07F4)
2026-09-16 15:52:37.012 I  PeachCommander[23230:129dc] [com.apple.CFPasteboard:general] Will request data from daemon
2026-09-16 15:52:37.012 I  PeachCommander[23230:129dc] [com.apple.CFPasteboard:exit] (not-in-cache) - result: 0 generation: 1 data (182 bytes) flags: 0
2026-09-16 15:52:37.013 I  PeachCommander[23230:129dc] [com.apple.CFPasteboard:entry] CopyData('DefaultAsciiKeyboardLayoutPasteboard' (<CFUUID 0xab0f3a800> 322110C6-D667-4196-B7ED-CC94320C1A17) gen: -1 item: 1264739405 flavor: 'DefaultAsciiKeyboardLayoutFlavor')
2026-09-16 15:52:37.013 I  PeachCommander[23230:129dc] [com.apple.CFPasteboard:exit] (not-in-cache) - result: -8 generation: 0 null data flags: 0
2026-09-16 15:52:37.033 A  PeachCommander[23230:129f3] (CoreFoundation) Loading Preferences From System CFPrefsD
2026-09-16 15:52:37.039 A  PeachCommander[23230:129dc] (CoreFoundation) Loading Preferences From User CFPrefsD
2026-09-16 15:52:37.039 I  PeachCommander[23230:129dc] [com.apple.CoreAnalytics:client] Dropping "com.apple.ImageIO.readerSelection" as it isn't used in any transform (not in the config or budgeted?)
2026-09-16 15:52:37.135 I  PeachCommander[23230:129dc] [com.apple.iconservices:foundation] layer data size zero
2026-09-16 15:52:37.147 I  PeachCommander[23230:129dc] [com.apple.coreanimation:Utilities] IOSurface Compression Enabled: NO
2026-09-16 15:52:37.149 Df PeachCommander[23230:129f3] [com.apple.coreanimation:Metal] Precompiled pipelines disabled on unsupported hardware.
2026-09-16 15:52:37.157 I  PeachCommander[23230:129e5] [com.apple.AppKit:WindowTab] Indexing 1 items
2026-09-16 15:52:37.157 A  PeachCommander[23230:129e5] (CoreSpotlight) end-index-batch
2026-09-16 15:52:37.157 Df PeachCommander[23230:129e5] [com.apple.corespotlight:index] *warn* MailCS ======%%% _setMailMessageAttributes skip:1
2026-09-16 15:52:37.157 A  PeachCommander[23230:129e5] (CoreSpotlight) index-items
2026-09-16 15:52:37.158 A  PeachCommander[23230:129e5] (libsystem_info.dylib) Retrieve Group by ID
2026-09-16 15:52:37.158 Df PeachCommander[23230:12a7d] [com.apple.corespotlight:index] CSInlineDonation:<private>: Skipping donation (feature flag disabled)
2026-09-16 15:52:37.158 Df PeachCommander[23230:12a7d] [com.apple.corespotlight:index] CSInlineDonation:<private>: Skipping donation (feature flag disabled)
2026-09-16 15:52:37.277 I  PeachCommander[23230:129dc] [com.apple.HIToolbox:MBDisplays] <private>
2026-09-16 15:52:37.277 I  PeachCommander[23230:129dc] [com.apple.HIToolbox:MBDisplays] <private>
2026-09-16 15:52:37.416 I  PeachCommander[23230:129dc] [com.peachcommander:PCFoundation] Session restored
2026-09-16 15:52:37.416 Df PeachCommander[23230:129dc] (Foundation) <private>
2026-09-16 15:52:37.416 I  PeachCommander[23230:129dc] [com.peachcommander:PCFoundation] [automation] running /Users/admin/auto.txt
2026-09-16 15:52:37.416 Df PeachCommander[23230:129dc] (Foundation) <private>
2026-09-16 15:52:37.416 I  PeachCommander[23230:129dc] [com.peachcommander:PCFoundation] [automation] > active left
2026-09-16 15:52:37.416 Df PeachCommander[23230:129dc] (Foundation) <private>
2026-09-16 15:52:37.416 I  PeachCommander[23230:129dc] [com.peachcommander:PCFoundation] [automation] > left /Users/admin/pc-cmp/a
2026-09-16 15:52:37.564 Df PeachCommander[23230:129dc] (Foundation) <private>
2026-09-16 15:52:37.564 I  PeachCommander[23230:129dc] [com.peachcommander:PCFoundation] [automation] > wait 1000
2026-09-16 15:52:37.589 I  PeachCommander[23230:129dc] [com.apple.AppKit:Image] ISImage reported a placeholder, image rep is providing a placeholder image for <private>
2026-09-16 15:52:37.589 I  PeachCommander[23230:129dc] [com.apple.AppKit:Image] ISImage reported a placeholder, image rep is providing a placeholder image for <private>
2026-09-16 15:52:37.590 I  PeachCommander[23230:12a81] [com.apple.iconservices:foundation] layer data size zero
2026-09-16 15:52:37.591 I  PeachCommander[23230:129dc] [com.apple.AppKit:Image] ISImage reported a placeholder, image rep is providing a placeholder image for <private>
2026-09-16 15:52:37.591 I  PeachCommander[23230:129dc] [com.apple.AppKit:Image] ISImage reported a placeholder, image rep is providing a placeholder image for <private>
2026-09-16 15:52:37.594 I  PeachCommander[23230:12a81] [com.apple.iconservices:foundation] layer data size zero
2026-09-16 15:52:37.613 I  PeachCommander[23230:129dc] [com.apple.iconservices:foundation] layer data size zero
2026-09-16 15:52:37.613 I  PeachCommander[23230:129dc] [com.apple.AppKit:Image] ISImage reported a placeholder, image rep is providing a placeholder image for <private>
2026-09-16 15:52:37.614 I  PeachCommander[23230:129dc] [com.apple.AppKit:Image] ISImage reported a placeholder, image rep is providing a placeholder image for <private>
2026-09-16 15:52:37.618 I  PeachCommander[23230:129dc] [com.apple.iconservices:foundation] layer data size zero
2026-09-16 15:52:37.787 I  PeachCommander[23230:129ea] [com.apple.AppKit:WindowTab] Indexing 1 items
2026-09-16 15:52:37.787 A  PeachCommander[23230:129ea] (CoreSpotlight) end-index-batch
2026-09-16 15:52:37.787 A  PeachCommander[23230:129ea] (CoreSpotlight) index-items
2026-09-16 15:52:37.787 Df PeachCommander[23230:129ea] [com.apple.corespotlight:index] CSInlineDonation:<private>: Skipping donation (feature flag disabled)
2026-09-16 15:52:37.788 Df PeachCommander[23230:129ea] [com.apple.corespotlight:index] CSInlineDonation:<private>: Skipping donation (feature flag disabled)
2026-09-16 15:52:38.585 Df PeachCommander[23230:129dc] (Foundation) <private>
2026-09-16 15:52:38.585 I  PeachCommander[23230:129dc] [com.peachcommander:PCFoundation] [automation] > right /Users/admin/pc-cmp/b
2026-09-16 15:52:38.602 Df PeachCommander[23230:129dc] (Foundation) <private>
2026-09-16 15:52:38.602 I  PeachCommander[23230:129dc] [com.peachcommander:PCFoundation] [automation] > wait 1000
2026-09-16 15:52:39.650 Df PeachCommander[23230:129dc] (Foundation) <private>
2026-09-16 15:52:39.650 I  PeachCommander[23230:129dc] [com.peachcommander:PCFoundation] [automation] > cmd cm_CompareDirsWithSubdirs
2026-09-16 15:52:39.650 Df PeachCommander[23230:129dc] (Foundation) <private>
2026-09-16 15:52:39.650 I  PeachCommander[23230:129dc] [com.peachcommander:PCFoundation] [automation] > wait 2500
2026-09-16 15:52:42.175 Df PeachCommander[23230:129dc] (Foundation) <private>
2026-09-16 15:52:42.175 I  PeachCommander[23230:129dc] [com.peachcommander:PCFoundation] [automation] > seldump /Users/admin/compare.txt
2026-09-16 15:52:42.177 Df PeachCommander[23230:129dc] (Foundation) <private>
2026-09-16 15:52:42.177 I  PeachCommander[23230:129dc] [com.peachcommander:PCFoundation] [automation] > wait 500
2026-09-16 15:52:42.721 Df PeachCommander[23230:129dc] (Foundation) <private>
2026-09-16 15:52:42.721 I  PeachCommander[23230:129dc] [com.peachcommander:PCFoundation] [automation] done
