Timestamp               Ty Process[PID:TID]
2026-09-14 10:32:55.955 A  PeachCommander[18698:f11a] (libsystem_info.dylib) Retrieve User by ID
2026-09-14 10:32:55.956 Df PeachCommander[18698:f11a] [com.apple.xpc:connection] [0x105450400] activating connection: mach=true listener=false peer=false name=com.apple.cfprefsd.daemon
2026-09-14 10:32:55.956 Df PeachCommander[18698:f11f] [com.apple.xpc:connection] [0x105453ac0] activating connection: mach=true listener=false peer=false name=com.apple.cfprefsd.agent
2026-09-14 10:32:55.957 Df PeachCommander[18698:f11a] [com.apple.xpc:connection] [0x105456370] activating connection: mach=true listener=false peer=false name=com.apple.coreservices.launchservicesd
2026-09-14 10:32:55.957 I  PeachCommander[18698:f11a] [com.apple.launchservices:cas] Registering for notification <private> on default queue, to re-boostrap client connection.
2026-09-14 10:32:55.957 Df PeachCommander[18698:f11a] [com.apple.xpc:connection] [0xcaeca8000] activating connection: mach=true listener=false peer=false name=com.apple.pasteboard.1
2026-09-14 10:32:55.957 Df PeachCommander[18698:f11a] [com.apple.xpc:connection] [0xcaeca8140] activating connection: mach=true listener=false peer=false name=com.apple.distributed_notifications@Uv3
2026-09-14 10:32:55.959 Df PeachCommander[18698:f11a] [com.apple.AppKit:AutomaticTermination] void _NSDisableAutomaticTerminationAndLog(NSString *) No windows open yet
2026-09-14 10:32:55.959 A  PeachCommander[18698:f11a] (TCC) TCCAccessRequest() IPC
2026-09-14 10:32:55.959 Df PeachCommander[18698:f11a] [com.apple.xpc:connection] [0xcaeca8280] activating connection: mach=true listener=false peer=false name=com.apple.tccd.system
2026-09-14 10:32:55.959 I  PeachCommander[18698:f11a] [com.apple.TCC:access] SEND: 0/7 synchronous to com.apple.tccd.system: request: msgID=18698.1, function=TCCAccessRequest, service=kTCCServiceListenEvent,
2026-09-14 10:32:55.960 I  PeachCommander[18698:f11a] [com.apple.TCC:access] RECV: synchronous reply <dictionary: 0xcaec98000> { count = 5, transaction: 0, voucher = 0x0, contents =
	"prompt_type" => <uint64: 0x964d249c2c5a0407>: 1
	"auth_value" => <uint64: 0x964d249c2c5a0407>: 1
	"preflight_unknown" => <bool: 0x1f720d190>: true
	"auth_version" => <uint64: 0x964d249c2c5a0407>: 1
	"auth_reason" => <uint64: 0x964d249c2c5a0427>: 5
}
2026-09-14 10:32:55.960 Df PeachCommander[18698:f11a] [com.apple.xpc:connection] [0xcaeca8280] invalidated after the last release of the connection object
2026-09-14 10:32:55.960 Df PeachCommander[18698:f11a] [com.apple.SkyLight:default] server port 0x00003913, session port 0x00003913
2026-09-14 10:32:55.962 Df PeachCommander[18698:f11a] [com.apple.SkyLight:default] New connection 0x50417 main
2026-09-14 10:32:55.962 I  PeachCommander[18698:f11f] [com.apple.SkyLight:processes] 0[outside of RPC]: First connection id 328727 mapped to ctx = 0xcaec9c700
2026-09-14 10:32:55.963 I  PeachCommander[18698:f11a] [com.apple.hiservices:processmgr] Checking in with CAS, pid=18698
2026-09-14 10:32:55.963 I  PeachCommander[18698:f11a] [com.apple.launchservices:cas] LSApplicationCheckIn(), app being registered is:"/Users/admin/pc-test/PeachCommander.app/Contents/MacOS/PeachCommander"
2026-09-14 10:32:55.963 I  PeachCommander[18698:f11a] [com.apple.launchservices:cas]  { "ApplicationType"="Foreground", "BuildMachineOSBuild"="25E246", "CFBundleDevelopmentRegion"="en", "CFBundleDocumentTypes"=( { "CFBundleTypeName"="Peach Commander Plugin Package", "CFBundleTypeRole"="Viewer", "LSHandlerRank"="Owner", "LSItemContentTypes"=( "com.peachcommander.plugin-package") }), "CFBundleExecutable"="PeachCommander", "CFBundleExecutablePath"="/Users/admin/pc-test/PeachCommander.app/Contents/MacOS/PeachCommander", "CFBundleHelpBookFolder"="PeachCommander.help", "CFBundleHelpBookName"="Peach Commander Help", "CFBundleIconFile"="AppIcon", "CFBundleIconName"="AppIcon", "CFBundleIdentifier"="com.peachcommander.app", "CFBundleInfoDictionaryVersion"="6.0", "CFBundleName"="PeachCommander", "CFBundleNumericVersion"=402685952, "CFBundlePackageType"="APPL", "CFBundleShortVersionString"="0.9.0", "CFBundleSignature"="?????", "CFBundleSupportedPlatforms"=( "MacOSX"), "CFBundleVersion"="18", "DTCompiler"="com.apple.compilers.llvm.clang.1_0", "DTPlatformBuild"="25F70", "DTPlatformName"="macosx", "<…>
2026-09-14 10:32:55.963 Df PeachCommander[18698:f11a] [com.apple.processmanager:front-35286506] CHECKIN: pid=18698
2026-09-14 10:32:55.965 Df PeachCommander[18698:f11a] [com.apple.processmanager:front-35286506] CHECKEDIN: pid=18698 asn=0x0-0xe60e6 foreground=1
2026-09-14 10:32:55.965 I  PeachCommander[18698:f11a] [com.apple.launchservices:cas] Setting processControlState to default PROC_SETPC_SUSPEND because application does not have LSProcessControlValue key
2026-09-14 10:32:55.965 Df PeachCommander[18698:f11a] [com.apple.xpc:connection] [0xcaeca8280] activating connection: mach=false listener=true peer=false name=(anonymous)
2026-09-14 10:32:55.965 Df PeachCommander[18698:f11a] [com.apple.xpc:connection] [0xcaeca8280] Connection returned listener port: 0x4203
2026-09-14 10:32:55.965 Df PeachCommander[18698:f120] [com.apple.xpc:connection] [0xcaf080300] activating connection: mach=false listener=false peer=true name=com.apple.xpc.anonymous.0xcaeca8280.peer[131].0xcaf080300
2026-09-14 10:32:55.965 Df PeachCommander[18698:f11a] [com.apple.processmanager:front-35286506] FRONTLOGGING: version 1
2026-09-14 10:32:55.965 Df PeachCommander[18698:f11a] [com.apple.processmanager:front-35286506] Registered, pid=18698 ASN=0x0,0xe60e6
2026-09-14 10:32:55.965 Df PeachCommander[18698:f11a] [com.apple.xpc:connection] [0xcaeca83c0] activating connection: mach=true listener=false peer=false name=com.apple.analyticsd
2026-09-14 10:32:55.965 I  PeachCommander[18698:f11a] [com.apple.CoreAnalytics:client] Daemon status changed from 0 to 1
2026-09-14 10:32:55.965 I  PeachCommander[18698:f120] [com.apple.CarbonCore:coreservicesdaemon] SCSession():SCSession( id=100, this=0x0x105453d40 option=65538) created, forUID=501 mach_port_t=0x5003.
2026-09-14 10:32:55.965 I  PeachCommander[18698:f120] [com.apple.CarbonCore:coreservicesdaemon] SCSession():SCSession( id=101, this=0x0x105453e80 option=65538) created, forUID=501 mach_port_t=0x5103.
2026-09-14 10:32:55.965 I  PeachCommander[18698:f120] [com.apple.CarbonCore:coreservicesdaemon] connectToCoreServicesD():Instantiating server (coreservicesd based) SCSession, port=0x5003 serverOptions=0x10002.
2026-09-14 10:32:55.966 I  PeachCommander[18698:f11a] [com.apple.hiservices:processmgr] _RegisterApplication( pid 18698 => 0x0,0xe60e6) type=foreground
2026-09-14 10:32:55.966 Df PeachCommander[18698:f11a] [com.apple.xpc:connection] [0xcaeca8280] Connection returned listener port: 0x4203
2026-09-14 10:32:55.966 I  PeachCommander[18698:f11a] [com.apple.launchservices:cas] CFArrayRef _LSCopyLaunchModifiers(LSSessionID, LSASNRef _Nonnull), result for psn [ kLSCurrentApp ASN, 0x0,0x2]  is 1 items.
2026-09-14 10:32:55.966 Df PeachCommander[18698:f11a] [com.apple.processmanager:front-35286506] BringForward: pid=18698 asn=0x0-0xe60e6 bringForward=1 foreground=1 uiElement=0 launchedByLS=1 modifiersCount=1 allDisabled=1
2026-09-14 10:32:55.966 Df PeachCommander[18698:f11a] [com.apple.processmanager:front-35286506] BringFrontModifier: pid=18698 asn=0x0-0xe60e6 Modifier 0 hideAfter=0 hideOthers=0 dontMakeFrontmost=0 mouseDown=0/0 seed=0/0
2026-09-14 10:32:55.966 Df PeachCommander[18698:f11a] [com.apple.processmanager:front-35286506] BringForward: pid=18698 asn=0x0-0xe60e6
2026-09-14 10:32:55.966 Df PeachCommander[18698:f11a] [com.apple.processmanager:front-35286506] SetFrontProcess: asn=0x0-0xe60e6 options=0
2026-09-14 10:32:55.966 I  PeachCommander[18698:f11a] [com.apple.SkyLight:processes] 0[outside of RPC]: SLPSetFrontProcess(0x0-0xe60e6 window=0 options=0x0
2026-09-14 10:32:55.966 Df PeachCommander[18698:f120] [com.apple.xpc:connection] [0xcaeca8500] activating connection: mach=true listener=false peer=false name=com.apple.lsd.mapdb
2026-09-14 10:32:55.968 Df PeachCommander[18698:f11a] [com.apple.AppKit:Appearance] Current system appearance, (HLTB: 1), (SLS: 0)
2026-09-14 10:32:55.968 Df PeachCommander[18698:f11a] (libMobileGestalt.dylib) No persisted cache on this platform.
2026-09-14 10:32:55.969 I  PeachCommander[18698:f11f] [com.apple.launchservices:cas] information in shared memory for 0x0-0xe60e6 with seed 533 was still valid, so using cached info { "ApplicationType"="Foreground", "BuildMachineOSBuild"="25E246", "BundleIdentifierLowerCase"="com.peachcommander.app", "CFBundleDevelopmentRegion"="en", "CFBundleDocumentTypes"=( { "CFBundleTypeName"="Peach Commander Plugin Package", "CFBundleTypeRole"="Viewer", "LSHandlerRank"="Owner", "LSItemContentTypes"=( "com.peachcommander.plugin-package") }), "CFBundleExecutable"="PeachCommander", "CFBundleExecutablePath"="/Users/admin/pc-test/PeachCommander.app/Contents/MacOS/PeachCommander", "CFBundleExecutablePathDeviceID"=16777225, "CFBundleExecutablePathINode"=488026, "CFBundleHelpBookFolder"="PeachCommander.help", "CFBundleHelpBookName"="Peach Commander Help", "CFBundleIconFile"="AppIcon", "CFBundleIconName"="AppIcon", "CFBundleIdentifier"="com.peachcommander.app", "CFBundleInfoDictionaryVersion"="6.0", "CFBundleName"="PeachCommander", "CFBundleNameLowerCase"="peachcommander", "CFBundleNumericVersion"=402685952, "CFBundlePackageType"="APPL", "CFBundleShortVersionString"="0.9.0", "CFBun<…>
2026-09-14 10:32:55.969 Df PeachCommander[18698:f11a] (libMobileGestalt.dylib) Could not get size of EAN data (IOConnectCallScalarMethod kAppleNVMeEANGetSize returned 0xE00002E2)
2026-09-14 10:32:55.969 Df PeachCommander[18698:f11a] (libMobileGestalt.dylib) Failed to copy 'aptk' from EAN
2026-09-14 10:32:55.969 Df PeachCommander[18698:f11a] (libMobileGestalt.dylib) Failed to copy APTicket properties. Falling back to default policy.
2026-09-14 10:32:55.969 Df PeachCommander[18698:f11a] (libMobileGestalt.dylib) Creating default MGSysConfigPolicy
2026-09-14 10:32:55.969 Df PeachCommander[18698:f11a] (libMobileGestalt.dylib) CFDictionaryRef copySyscfgDictionary(void) enumeration of <private> failed.
2026-09-14 10:32:55.969 Df PeachCommander[18698:f11a] (libMobileGestalt.dylib) Failed to find key <private>
2026-09-14 10:32:55.969 I  PeachCommander[18698:f120] [com.apple.launchservices:db] LaunchServices database schema version: 20971544
2026-09-14 10:32:55.969 Df PeachCommander[18698:f11a] [com.apple.AppKit:Appearance] Current system appearance, (HLTB: 1), (SLS: 0)
2026-09-14 10:32:55.970 Df PeachCommander[18698:f11a] [com.apple.AppKit:Appearance] Post-registration system appearance: (HLTB: 1)
2026-09-14 10:32:55.970 I  PeachCommander[18698:f120] [com.apple.launchservices:default] Unable to load Info.plist exceptions (eGPUOverrides)
2026-09-14 10:32:55.970 I  PeachCommander[18698:f120] [com.apple.launchservices:default] Unable to load Info.plist exceptions (gameModeOverrides)
2026-09-14 10:32:55.970 I  PeachCommander[18698:f120] [com.apple.launchservices:default] Unable to load Info.plist exceptions (identifiedGameOverrides)
2026-09-14 10:32:55.970 I  PeachCommander[18698:f120] [com.apple.launchservices:default] Unable to load Info.plist exceptions (SystemHiddenPreferred)
2026-09-14 10:32:55.971 Df PeachCommander[18698:f11a] [com.apple.FrontBoard:Common] FBSWorkspace: endpoint monitoring is disabled.
2026-09-14 10:32:55.971 Df PeachCommander[18698:f11a] [com.apple.FrontBoard:Common] FBSWorkspace: default shell endpoint is disabled.
2026-09-14 10:32:55.971 Df PeachCommander[18698:f11a] [com.apple.runningboard:connection] Initializing connection
2026-09-14 10:32:55.971 Df PeachCommander[18698:f11a] [com.apple.runningboard:process] Removing all cached process handles
2026-09-14 10:32:55.971 Df PeachCommander[18698:f125] [com.apple.runningboard:connection] Sending handshake request attempt #1 to server
2026-09-14 10:32:55.971 Df PeachCommander[18698:f125] [com.apple.runningboard:connection] Creating connection to com.apple.runningboard
2026-09-14 10:32:55.971 Df PeachCommander[18698:f125] [com.apple.xpc:connection] [0xcaeca8640] activating connection: mach=true listener=false peer=false name=com.apple.runningboard
2026-09-14 10:32:55.971 A  PeachCommander[18698:f124] (RunningBoardServices) didChangeInheritances
2026-09-14 10:32:55.972 Df PeachCommander[18698:f125] [com.apple.runningboard:connection] Handshake succeeded
2026-09-14 10:32:55.972 Df PeachCommander[18698:f125] [com.apple.runningboard:connection] Identity resolved as app<application.com.peachcommander.app.486930.488026(501)>
2026-09-14 10:32:55.972 Df PeachCommander[18698:f125] [com.apple.CoreAnalytics:client] Received configuration update from daemon (initial)
2026-09-14 10:32:55.972 Df PeachCommander[18698:f11a] [com.apple.xpc:connection] [0xcaeca8280] Connection returned listener port: 0x4203
2026-09-14 10:32:55.972 I  PeachCommander[18698:f11a] [com.apple.launchservices:cas] information in shared memory for 0x0-0xe60e6 with seed 533 was still valid, so using cached info { "ApplicationType"="Foreground", "BuildMachineOSBuild"="25E246", "BundleIdentifierLowerCase"="com.peachcommander.app", "CFBundleDevelopmentRegion"="en", "CFBundleDocumentTypes"=( { "CFBundleTypeName"="Peach Commander Plugin Package", "CFBundleTypeRole"="Viewer", "LSHandlerRank"="Owner", "LSItemContentTypes"=( "com.peachcommander.plugin-package") }), "CFBundleExecutable"="PeachCommander", "CFBundleExecutablePath"="/Users/admin/pc-test/PeachCommander.app/Contents/MacOS/PeachCommander", "CFBundleExecutablePathDeviceID"=16777225, "CFBundleExecutablePathINode"=488026, "CFBundleHelpBookFolder"="PeachCommander.help", "CFBundleHelpBookName"="Peach Commander Help", "CFBundleIconFile"="AppIcon", "CFBundleIconName"="AppIcon", "CFBundleIdentifier"="com.peachcommander.app", "CFBundleInfoDictionaryVersion"="6.0", "CFBundleName"="PeachCommander", "CFBundleNameLowerCase"="peachcommander", "CFBundleNumericVersion"=402685952, "CFBundlePackageType"="APPL", "CFBundleShortVersionString"="0.9.0", "CFBun<…>
2026-09-14 10:32:55.973 Df PeachCommander[18698:f11a] [com.apple.xpc:connection] [0xcaeca8280] Connection returned listener port: 0x4203
2026-09-14 10:32:55.974 A  PeachCommander[18698:f120] (AppIntents) appintents:register process
2026-09-14 10:32:55.974 Df PeachCommander[18698:f120] [com.apple.appintents:Connection] Created a new Process Instance Registry XPC connection (inactive)
2026-09-14 10:32:55.974 Df PeachCommander[18698:f120] [com.apple.xpc:connection] [0xcaeca8780] activating connection: mach=true listener=false peer=false name=com.apple.linkd.autoShortcut
2026-09-14 10:32:55.975 Df PeachCommander[18698:f120] [com.apple.appintents:Connection] Activated connection to linkd (ApplicationService)
2026-09-14 10:32:55.975 Df PeachCommander[18698:f120] [com.apple.xpc:connection] [0xcaeca8a00] activating connection: mach=false listener=true peer=false name=(anonymous)
2026-09-14 10:32:55.975 I  PeachCommander[18698:f11a] [com.apple.launchservices:cas] information in shared memory for 0x0-0xe60e6 with seed 533 was still valid, so using cached info { "ApplicationType"="Foreground", "BuildMachineOSBuild"="25E246", "BundleIdentifierLowerCase"="com.peachcommander.app", "CFBundleDevelopmentRegion"="en", "CFBundleDocumentTypes"=( { "CFBundleTypeName"="Peach Commander Plugin Package", "CFBundleTypeRole"="Viewer", "LSHandlerRank"="Owner", "LSItemContentTypes"=( "com.peachcommander.plugin-package") }), "CFBundleExecutable"="PeachCommander", "CFBundleExecutablePath"="/Users/admin/pc-test/PeachCommander.app/Contents/MacOS/PeachCommander", "CFBundleExecutablePathDeviceID"=16777225, "CFBundleExecutablePathINode"=488026, "CFBundleHelpBookFolder"="PeachCommander.help", "CFBundleHelpBookName"="Peach Commander Help", "CFBundleIconFile"="AppIcon", "CFBundleIconName"="AppIcon", "CFBundleIdentifier"="com.peachcommander.app", "CFBundleInfoDictionaryVersion"="6.0", "CFBundleName"="PeachCommander", "CFBundleNameLowerCase"="peachcommander", "CFBundleNumericVersion"=402685952, "CFBundlePackageType"="APPL", "CFBundleShortVersionString"="0.9.0", "CFBun<…>
2026-09-14 10:32:55.975 I  PeachCommander[18698:f11a] [com.apple.hiservices:processmgr] TransformProcessType(0x0,0x2 => 1 wasFront=1 pickNew=0)
2026-09-14 10:32:55.975 I  PeachCommander[18698:f11a] [com.apple.CoreAnalytics:client] Dropping "com.apple.appkit.app_config" as it isn't used in any transform (not in the config or budgeted?)
2026-09-14 10:32:55.975 I  PeachCommander[18698:f120] [com.apple.appintents:Execution] LNAppConnectionListener instantiated
2026-09-14 10:32:55.975 Df PeachCommander[18698:f120] [com.apple.xpc:connection] [0xcaeca8a00] Connection returned listener port: 0x6c03
2026-09-14 10:32:55.975 Df PeachCommander[18698:f11a] [com.apple.dt.xctest:Default] Registering for test daemon availability notify post.
2026-09-14 10:32:55.975 Df PeachCommander[18698:f125] [com.apple.xpc:connection] [0xcaeca8780] Re-initialization successful; calling out to event handler with XPC_ERROR_CONNECTION_INTERRUPTED
2026-09-14 10:32:55.975 Df PeachCommander[18698:f125] [com.apple.appintents:Connection] Process Instance Registry XPC connection has been interrupted
2026-09-14 10:32:55.975 E  PeachCommander[18698:f120] [com.apple.appintents:Connection] Unable to get synchronousRemoteObjectProxy, error: Error Domain=NSCocoaErrorDomain Code=4097 "connection to service named com.apple.linkd.autoShortcut" UserInfo={NSDebugDescription=connection to service named com.apple.linkd.autoShortcut}
2026-09-14 10:32:55.975 Df PeachCommander[18698:f11a] [com.apple.dt.xctest:Default] notify_get_state check indicated test daemon not ready.
2026-09-14 10:32:55.975 E  PeachCommander[18698:f120] [com.apple.AppKit:Application] Error registering app with intents framework: Error Domain=NSCocoaErrorDomain Code=4097 UserInfo={NSDebugDescription=<private>}
2026-09-14 10:32:55.976 Df PeachCommander[18698:f124] [com.apple.appintents:Connection] Created a new Process Instance Registry XPC connection (inactive)
2026-09-14 10:32:55.976 A  PeachCommander[18698:f124] (AppIntents) appintents:register process
2026-09-14 10:32:55.976 Df PeachCommander[18698:f11a] [com.apple.dt.xctest:Default] notify_get_state check indicated test daemon not ready.
2026-09-14 10:32:55.976 Df PeachCommander[18698:f124] [com.apple.appintents:Connection] Created a new Process Instance Registry XPC connection (inactive)
2026-09-14 10:32:55.976 Df PeachCommander[18698:f124] [com.apple.xpc:connection] [0xcaeca8c80] activating connection: mach=true listener=false peer=false name=com.apple.linkd.autoShortcut
2026-09-14 10:32:55.976 Df PeachCommander[18698:f11a] [com.apple.dt.xctest:Default] notify_get_state check indicated test daemon not ready.
2026-09-14 10:32:55.976 Df PeachCommander[18698:f124] [com.apple.appintents:Connection] Activated connection to linkd (ApplicationService)
2026-09-14 10:32:55.976 Df PeachCommander[18698:f124] [com.apple.xpc:connection] [0xcaeca8a00] Connection returned listener port: 0x6c03
2026-09-14 10:32:55.976 Df PeachCommander[18698:f120] [com.apple.xpc:connection] [0xcaeca8c80] Re-initialization successful; calling out to event handler with XPC_ERROR_CONNECTION_INTERRUPTED
2026-09-14 10:32:55.976 Df PeachCommander[18698:f120] [com.apple.appintents:Connection] Process Instance Registry XPC connection has been interrupted
2026-09-14 10:32:55.976 E  PeachCommander[18698:f124] [com.apple.appintents:Connection] Unable to get synchronousRemoteObjectProxy, error: Error Domain=NSCocoaErrorDomain Code=4097 "connection to service named com.apple.linkd.autoShortcut" UserInfo={NSDebugDescription=connection to service named com.apple.linkd.autoShortcut}
2026-09-14 10:32:55.976 E  PeachCommander[18698:f124] [com.apple.appintents:Connection] Unable to re-register with Process Instance Registry, error: Error Domain=NSCocoaErrorDomain Code=4097 "connection to service named com.apple.linkd.autoShortcut" UserInfo={NSDebugDescription=connection to service named com.apple.linkd.autoShortcut}
2026-09-14 10:32:55.976 Df PeachCommander[18698:f125] [com.apple.appintents:Connection] Created a new Process Instance Registry XPC connection (inactive)
2026-09-14 10:32:55.976 A  PeachCommander[18698:f125] (AppIntents) appintents:register process
2026-09-14 10:32:55.976 Df PeachCommander[18698:f125] [com.apple.appintents:Connection] Created a new Process Instance Registry XPC connection (inactive)
2026-09-14 10:32:55.976 Df PeachCommander[18698:f125] [com.apple.xpc:connection] [0xcaeca92c0] activating connection: mach=true listener=false peer=false name=com.apple.linkd.autoShortcut
2026-09-14 10:32:55.976 Df PeachCommander[18698:f125] [com.apple.appintents:Connection] Activated connection to linkd (ApplicationService)
2026-09-14 10:32:55.976 Df PeachCommander[18698:f125] [com.apple.xpc:connection] [0xcaeca8a00] Connection returned listener port: 0x6c03
2026-09-14 10:32:55.976 Df PeachCommander[18698:f124] [com.apple.xpc:connection] [0xcaeca92c0] Re-initialization successful; calling out to event handler with XPC_ERROR_CONNECTION_INTERRUPTED
2026-09-14 10:32:55.976 Df PeachCommander[18698:f124] [com.apple.appintents:Connection] Process Instance Registry XPC connection has been interrupted
2026-09-14 10:32:55.976 E  PeachCommander[18698:f125] [com.apple.appintents:Connection] Unable to get synchronousRemoteObjectProxy, error: Error Domain=NSCocoaErrorDomain Code=4097 "connection to service named com.apple.linkd.autoShortcut" UserInfo={NSDebugDescription=connection to service named com.apple.linkd.autoShortcut}
2026-09-14 10:32:55.976 E  PeachCommander[18698:f125] [com.apple.appintents:Connection] Unable to re-register with Process Instance Registry, error: Error Domain=NSCocoaErrorDomain Code=4097 "connection to service named com.apple.linkd.autoShortcut" UserInfo={NSDebugDescription=connection to service named com.apple.linkd.autoShortcut}
2026-09-14 10:32:55.976 Df PeachCommander[18698:f124] [com.apple.appintents:Connection] Created a new Process Instance Registry XPC connection (inactive)
2026-09-14 10:32:55.976 A  PeachCommander[18698:f124] (AppIntents) appintents:register process
2026-09-14 10:32:55.976 Df PeachCommander[18698:f124] [com.apple.appintents:Connection] Created a new Process Instance Registry XPC connection (inactive)
2026-09-14 10:32:55.976 Df PeachCommander[18698:f124] [com.apple.xpc:connection] [0xcaeca9540] activating connection: mach=true listener=false peer=false name=com.apple.linkd.autoShortcut
2026-09-14 10:32:55.976 Df PeachCommander[18698:f124] [com.apple.appintents:Connection] Activated connection to linkd (ApplicationService)
2026-09-14 10:32:55.976 Df PeachCommander[18698:f124] [com.apple.xpc:connection] [0xcaeca8a00] Connection returned listener port: 0x6c03
2026-09-14 10:32:55.977 Df PeachCommander[18698:f120] [com.apple.xpc:connection] [0xcaeca9540] Re-initialization successful; calling out to event handler with XPC_ERROR_CONNECTION_INTERRUPTED
2026-09-14 10:32:55.977 Df PeachCommander[18698:f120] [com.apple.appintents:Connection] Process Instance Registry XPC connection has been interrupted
2026-09-14 10:32:55.977 E  PeachCommander[18698:f120] [com.apple.appintents:Connection] Will NOT re-try to establish the connection
2026-09-14 10:32:55.977 E  PeachCommander[18698:f124] [com.apple.appintents:Connection] Unable to get synchronousRemoteObjectProxy, error: Error Domain=NSCocoaErrorDomain Code=4097 "connection to service named com.apple.linkd.autoShortcut" UserInfo={NSDebugDescription=connection to service named com.apple.linkd.autoShortcut}
2026-09-14 10:32:55.977 E  PeachCommander[18698:f124] [com.apple.appintents:Connection] Unable to re-register with Process Instance Registry, error: Error Domain=NSCocoaErrorDomain Code=4097 "connection to service named com.apple.linkd.autoShortcut" UserInfo={NSDebugDescription=connection to service named com.apple.linkd.autoShortcut}
2026-09-14 10:32:55.979 A  PeachCommander[18698:f11a] (CoreFoundation) Loading Preferences From System CFPrefsD
2026-09-14 10:32:55.980 Df PeachCommander[18698:f11a] (libMobileGestalt.dylib) couldn't load support library
2026-09-14 10:32:55.980 Df PeachCommander[18698:f11a] (libMobileGestalt.dylib) called dummy function!
2026-09-14 10:32:55.980 I  PeachCommander[18698:f11a] [com.apple.GenerativeModels:availability] Current availability state: unavailable, use cases: com.apple.WritingTools, language: <any>, api: <private>
2026-09-14 10:32:55.980 Df PeachCommander[18698:f11a] [com.apple.GenerativeModels:availability] registering darwin observer for name: com.apple.gms.availability.notification
2026-09-14 10:32:55.980 Df PeachCommander[18698:f11a] [com.apple.GenerativeModels:availability] registering darwin observer for name: com.apple.os-eligibility-domain.change.greymatter
2026-09-14 10:32:55.980 Df PeachCommander[18698:f11a] [com.apple.GenerativeModels:availability] registering darwin observer for name: com.apple.language.changed
2026-09-14 10:32:55.980 Df PeachCommander[18698:f11a] [com.apple.WritingTools:Default] isAvailable value changed: isMDMAllowed = true, gmAvailable (current) = false
2026-09-14 10:32:55.982 I  PeachCommander[18698:f11a] [com.apple.CoreAnalytics:client] Dropping "com.apple.appkit.app_config" as it isn't used in any transform (not in the config or budgeted?)
2026-09-14 10:32:55.985 Df PeachCommander[18698:f11a] [com.apple.AppKit:Appearance] NSApp cache appearance:
-NSRequiresAquaSystemAppearance: 0
-appearance: (null)
-effectiveAppearance: <NSCompositeAppearance: 0xcaf024500
 (
    "<NSAquaAppearance: 0xcaf0246e0>",
    "<NSSystemAppearance: 0xcaf024780>"
)>
2026-09-14 10:32:55.987 A  PeachCommander[18698:f11a] (CoreFoundation) Loading Preferences From User CFPrefsD
2026-09-14 10:32:55.987 A  PeachCommander[18698:f11a] (CoreFoundation) Loading Preferences From User CFPrefsD
2026-09-14 10:32:55.990 A  PeachCommander[18698:f120] (libsystem_info.dylib) Membership API: translate identifier
2026-09-14 10:32:55.992 I  PeachCommander[18698:f11a] [com.apple.CoreAnalytics:client] Dropping "com.apple.appkit.app_config" as it isn't used in any transform (not in the config or budgeted?)
2026-09-14 10:32:55.992 I  PeachCommander[18698:f11a] [com.apple.CoreAnalytics:client] Dropping "com.apple.appkit.app_config" as it isn't used in any transform (not in the config or budgeted?)
2026-09-14 10:32:55.993 Df PeachCommander[18698:f124] [com.apple.xpc:connection] [0xcaeca9a40] activating connection: mach=true listener=false peer=false name=com.apple.dock.fullscreen
2026-09-14 10:32:55.995 Df PeachCommander[18698:f11a] [com.apple.xpc:connection] [0xcaeca9b80] activating connection: mach=true listener=false peer=false name=com.apple.fonts
2026-09-14 10:32:55.997 I  PeachCommander[18698:f11a] [com.apple.launchservices:cas] information in shared memory for 0x0-0xe60e6 with seed 533 was still valid, so using cached info { "ApplicationType"="Foreground", "BuildMachineOSBuild"="25E246", "BundleIdentifierLowerCase"="com.peachcommander.app", "CFBundleDevelopmentRegion"="en", "CFBundleDocumentTypes"=( { "CFBundleTypeName"="Peach Commander Plugin Package", "CFBundleTypeRole"="Viewer", "LSHandlerRank"="Owner", "LSItemContentTypes"=( "com.peachcommander.plugin-package") }), "CFBundleExecutable"="PeachCommander", "CFBundleExecutablePath"="/Users/admin/pc-test/PeachCommander.app/Contents/MacOS/PeachCommander", "CFBundleExecutablePathDeviceID"=16777225, "CFBundleExecutablePathINode"=488026, "CFBundleHelpBookFolder"="PeachCommander.help", "CFBundleHelpBookName"="Peach Commander Help", "CFBundleIconFile"="AppIcon", "CFBundleIconName"="AppIcon", "CFBundleIdentifier"="com.peachcommander.app", "CFBundleInfoDictionaryVersion"="6.0", "CFBundleName"="PeachCommander", "CFBundleNameLowerCase"="peachcommander", "CFBundleNumericVersion"=402685952, "CFBundlePackageType"="APPL", "CFBundleShortVersionString"="0.9.0", "CFBun<…>
2026-09-14 10:32:55.997 I  PeachCommander[18698:f11a] [com.apple.CoreAnalytics:client] Dropping "com.apple.appkit.app_config" as it isn't used in any transform (not in the config or budgeted?)
2026-09-14 10:32:55.997 Df PeachCommander[18698:f11a] [com.apple.AppKit:AutomaticTermination] -[NSApplication(NSAppssassination) _checkForAutomaticTerminationSupportPossiblyEnablingIt]_block_invoke Enabling automatic termination support.
2026-09-14 10:32:55.997 Df PeachCommander[18698:f11a] [com.apple.xpc:connection] [0xcaeca8dc0] activating connection: mach=true listener=false peer=false name=com.apple.appkit.restoration_storage
2026-09-14 10:32:55.998 I  PeachCommander[18698:f11a] [com.apple.launchservices:cas] information in shared memory for 0x0-0xe60e6 with seed 533 was still valid, so using cached info { "ApplicationType"="Foreground", "BuildMachineOSBuild"="25E246", "BundleIdentifierLowerCase"="com.peachcommander.app", "CFBundleDevelopmentRegion"="en", "CFBundleDocumentTypes"=( { "CFBundleTypeName"="Peach Commander Plugin Package", "CFBundleTypeRole"="Viewer", "LSHandlerRank"="Owner", "LSItemContentTypes"=( "com.peachcommander.plugin-package") }), "CFBundleExecutable"="PeachCommander", "CFBundleExecutablePath"="/Users/admin/pc-test/PeachCommander.app/Contents/MacOS/PeachCommander", "CFBundleExecutablePathDeviceID"=16777225, "CFBundleExecutablePathINode"=488026, "CFBundleHelpBookFolder"="PeachCommander.help", "CFBundleHelpBookName"="Peach Commander Help", "CFBundleIconFile"="AppIcon", "CFBundleIconName"="AppIcon", "CFBundleIdentifier"="com.peachcommander.app", "CFBundleInfoDictionaryVersion"="6.0", "CFBundleName"="PeachCommander", "CFBundleNameLowerCase"="peachcommander", "CFBundleNumericVersion"=402685952, "CFBundlePackageType"="APPL", "CFBundleShortVersionString"="0.9.0", "CFBun<…>
2026-09-14 10:32:55.998 Df PeachCommander[18698:f11a] [com.apple.xpc:connection] [0xcaeca8f00] activating connection: mach=true listener=false peer=false name=com.apple.coreservices.appleevents
2026-09-14 10:32:55.998 I  PeachCommander[18698:f11a] [com.apple.appleevents:main] _AEGetRegisteredMachPort() created default port (port:63235/0xf703 rcv:1 send:1 limit:5) and registered it with server
2026-09-14 10:32:55.998 Df PeachCommander[18698:f11a] [com.apple.xpc:connection] [0xcaeca8280] Connection returned listener port: 0x4203
2026-09-14 10:32:55.998 I  PeachCommander[18698:f11a] [com.apple.launchservices:cas] information in shared memory for 0x0-0xe60e6 with seed 533 was still valid, so using cached info { "ApplicationType"="Foreground", "BuildMachineOSBuild"="25E246", "BundleIdentifierLowerCase"="com.peachcommander.app", "CFBundleDevelopmentRegion"="en", "CFBundleDocumentTypes"=( { "CFBundleTypeName"="Peach Commander Plugin Package", "CFBundleTypeRole"="Viewer", "LSHandlerRank"="Owner", "LSItemContentTypes"=( "com.peachcommander.plugin-package") }), "CFBundleExecutable"="PeachCommander", "CFBundleExecutablePath"="/Users/admin/pc-test/PeachCommander.app/Contents/MacOS/PeachCommander", "CFBundleExecutablePathDeviceID"=16777225, "CFBundleExecutablePathINode"=488026, "CFBundleHelpBookFolder"="PeachCommander.help", "CFBundleHelpBookName"="Peach Commander Help", "CFBundleIconFile"="AppIcon", "CFBundleIconName"="AppIcon", "CFBundleIdentifier"="com.peachcommander.app", "CFBundleInfoDictionaryVersion"="6.0", "CFBundleName"="PeachCommander", "CFBundleNameLowerCase"="peachcommander", "CFBundleNumericVersion"=402685952, "CFBundlePackageType"="APPL", "CFBundleShortVersionString"="0.9.0", "CFBun<…>
2026-09-14 10:32:55.998 Df PeachCommander[18698:f11a] [com.apple.processmanager:front-35286506] SignalReady: pid=18698 asn=0x0-0xe60e6
2026-09-14 10:32:55.998 Df PeachCommander[18698:f11a] [com.apple.processmanager:front-35286506] SIGNAL: pid=18698 asn=0x0x-0xe60e6
2026-09-14 10:32:55.998 I  PeachCommander[18698:f11a] [com.apple.appleevents:main] aeGenerateFakeFirstOAPPEventIfNecessary()
2026-09-14 10:32:55.998 I  PeachCommander[18698:f11a] [com.apple.appleevents:main] aeGenerateFakeFirstOAPPEventIfNecessary(), needToCreateFakeOAPPEventIfFirstEvent == true
2026-09-14 10:32:55.998 I  PeachCommander[18698:f11a] [com.apple.launchservices:cas] Removing cached information for app [ 0x0-0xe60e6]  "PeachCommander", as its seed is different from that in shared memory ( 533 vs 535)
2026-09-14 10:32:55.999 I  PeachCommander[18698:f11a] [com.apple.CFPasteboard:entry] CopyData('DefaultAsciiKeyboardLayoutPasteboard' (<CFUUID 0xcaee76780> 2473F795-4F9E-41AF-8C15-8225BFF5D049) gen: -1 item: 1264739405 flavor: 'DefaultAsciiKeyboardLayoutFlavor')
2026-09-14 10:32:55.999 I  PeachCommander[18698:f11a] [com.apple.CFPasteboard:cache] Rebuilding cache for 'DefaultAsciiKeyboardLayoutPasteboard' (<CFUUID 0xcaee76780> 2473F795-4F9E-41AF-8C15-8225BFF5D049)
2026-09-14 10:32:55.999 I  PeachCommander[18698:f11a] [com.apple.CFPasteboard:exit] (not-in-cache) - result: -8 generation: 0 null data flags: 0
2026-09-14 10:32:55.999 A  PeachCommander[18698:f11a] (CoreFoundation) Loading Preferences From User CFPrefsD
2026-09-14 10:32:55.999 A  PeachCommander[18698:f11a] (CoreFoundation) Loading Preferences From System CFPrefsD
2026-09-14 10:32:56.000 I  PeachCommander[18698:f11a] [com.apple.CFPasteboard:entry] CopyData('AppleIntlFileCacheModificationDatePasteboard' (<CFUUID 0xcaee766a0> 18D597F1-4E84-4858-9C1D-F7C667F385AB) gen: -1 item: 1 flavor: '-32766 1768845414')
2026-09-14 10:32:56.000 I  PeachCommander[18698:f11a] [com.apple.CFPasteboard:cache] Rebuilding cache for 'AppleIntlFileCacheModificationDatePasteboard' (<CFUUID 0xcaee766a0> 18D597F1-4E84-4858-9C1D-F7C667F385AB)
2026-09-14 10:32:56.000 I  PeachCommander[18698:f11a] [com.apple.CFPasteboard:general] Will request data from daemon
2026-09-14 10:32:56.000 I  PeachCommander[18698:f11a] [com.apple.CFPasteboard:exit] (not-in-cache) - result: 0 generation: 1 data (310 bytes) flags: 0
2026-09-14 10:32:56.000 I  PeachCommander[18698:f11a] [com.apple.CFPasteboard:entry] CopyData('AppleIntlFileCacheModificationDatePasteboard' (<CFUUID 0xcaee766a0> 18D597F1-4E84-4858-9C1D-F7C667F385AB) gen: -1 item: 1 flavor: '-32765 1802264953')
2026-09-14 10:32:56.000 I  PeachCommander[18698:f11a] [com.apple.CFPasteboard:general] Will request data from daemon
2026-09-14 10:32:56.000 I  PeachCommander[18698:f11a] [com.apple.CFPasteboard:exit] (not-in-cache) - result: 0 generation: 1 data (306 bytes) flags: 0
2026-09-14 10:32:56.000 I  PeachCommander[18698:f11a] [com.apple.CFPasteboard:entry] CopyData('AppleIntlFileCacheModificationDatePasteboard' (<CFUUID 0xcaee766a0> 18D597F1-4E84-4858-9C1D-F7C667F385AB) gen: -1 item: 1 flavor: '-32764 1802264953')
2026-09-14 10:32:56.000 I  PeachCommander[18698:f11a] [com.apple.CFPasteboard:general] Will request data from daemon
2026-09-14 10:32:56.000 I  PeachCommander[18698:f11a] [com.apple.CFPasteboard:exit] (not-in-cache) - result: 0 generation: 1 data (281 bytes) flags: 0
2026-09-14 10:32:56.000 I  PeachCommander[18698:f11a] [com.apple.CFPasteboard:entry] CopyData('AppleIntlFileCacheModificationDatePasteboard' (<CFUUID 0xcaee766a0> 18D597F1-4E84-4858-9C1D-F7C667F385AB) gen: -1 item: 1 flavor: '-32763 1802264953')
2026-09-14 10:32:56.000 I  PeachCommander[18698:f11a] [com.apple.CFPasteboard:general] Will request data from daemon
2026-09-14 10:32:56.000 I  PeachCommander[18698:f11a] [com.apple.CFPasteboard:exit] (not-in-cache) - result: 0 generation: 1 data (318 bytes) flags: 0
2026-09-14 10:32:56.000 I  PeachCommander[18698:f11a] [com.apple.CFPasteboard:entry] CopyData('AppleIntlFileCacheModificationDatePasteboard' (<CFUUID 0xcaee766a0> 18D597F1-4E84-4858-9C1D-F7C667F385AB) gen: -1 item: 1 flavor: '-32765 1768845414')
2026-09-14 10:32:56.000 I  PeachCommander[18698:f11a] [com.apple.CFPasteboard:general] Will request data from daemon
2026-09-14 10:32:56.000 I  PeachCommander[18698:f11a] [com.apple.CFPasteboard:exit] (not-in-cache) - result: 0 generation: 1 data (303 bytes) flags: 0
2026-09-14 10:32:56.000 I  PeachCommander[18698:f11a] [com.apple.CFPasteboard:entry] CopyData('AppleIntlFileCacheModificationDatePasteboard' (<CFUUID 0xcaee766a0> 18D597F1-4E84-4858-9C1D-F7C667F385AB) gen: -1 item: 1 flavor: '-32763 1768845414')
2026-09-14 10:32:56.000 I  PeachCommander[18698:f11a] [com.apple.CFPasteboard:general] Will request data from daemon
2026-09-14 10:32:56.000 I  PeachCommander[18698:f11a] [com.apple.CFPasteboard:exit] (not-in-cache) - result: 0 generation: 1 data (315 bytes) flags: 0
2026-09-14 10:32:56.001 I  PeachCommander[18698:f11a] [com.apple.launchservices:cas] information in shared memory for 0x0-0xe60e6 with seed 535 was still valid, so using cached info { "ApplicationType"="Foreground", "BuildMachineOSBuild"="25E246", "BundleIdentifierLowerCase"="com.peachcommander.app", "CFBundleDevelopmentRegion"="en", "CFBundleDocumentTypes"=( { "CFBundleTypeName"="Peach Commander Plugin Package", "CFBundleTypeRole"="Viewer", "LSHandlerRank"="Owner", "LSItemContentTypes"=( "com.peachcommander.plugin-package") }), "CFBundleExecutable"="PeachCommander", "CFBundleExecutablePath"="/Users/admin/pc-test/PeachCommander.app/Contents/MacOS/PeachCommander", "CFBundleExecutablePathDeviceID"=16777225, "CFBundleExecutablePathINode"=488026, "CFBundleHelpBookFolder"="PeachCommander.help", "CFBundleHelpBookName"="Peach Commander Help", "CFBundleIconFile"="AppIcon", "CFBundleIconName"="AppIcon", "CFBundleIdentifier"="com.peachcommander.app", "CFBundleInfoDictionaryVersion"="6.0", "CFBundleName"="PeachCommander", "CFBundleNameLowerCase"="peachcommander", "CFBundleNumericVersion"=402685952, "CFBundlePackageType"="APPL", "CFBundleShortVersionString"="0.9.0", "CFBun<…>
2026-09-14 10:32:56.001 Df PeachCommander[18698:f11a] [com.apple.xpc:connection] [0xcaeca9e00] activating connection: mach=false listener=false peer=false name=com.apple.ViewBridgeAuxiliary
2026-09-14 10:32:56.006 Df PeachCommander[18698:f11a] [com.apple.xpc:connection] [0xcaeca9cc0] activating connection: mach=false listener=false peer=false name=(anonymous)
2026-09-14 10:32:56.006 Df PeachCommander[18698:f11a] [com.apple.xpc:connection] [0xcaeca9f40] activating connection: mach=false listener=true peer=false name=(anonymous)
2026-09-14 10:32:56.006 Df PeachCommander[18698:f11a] [com.apple.xpc:connection] [0xcaeca9f40] Connection returned listener port: 0xed03
2026-09-14 10:32:56.006 Df PeachCommander[18698:f11a] [com.apple.xpc:connection] [0xcaeca9e00] invalidated after the last release of the connection object
2026-09-14 10:32:56.007 I  PeachCommander[18698:f11a] [com.apple.showhide:pr-59900543] SHOWHIDE: SHOW id=396 0x0-0xE60E6, err=0 eventTime=1257456542958 windowID=0
2026-09-14 10:32:56.007 I  PeachCommander[18698:f11a] [com.apple.CarbonCore:coreservicesdaemon] findOrCreateCacheable():findOrCreateCacheable(), factoryName=3 cacheableName=<private> fCacheables.size()=0
2026-09-14 10:32:56.007 I  PeachCommander[18698:f11a] [com.apple.CarbonCore:coreservicesdaemon] findOrCreateCacheable():findOrCreateCacheable(), result = 0xcaf374f80 (should be non-NULL)
2026-09-14 10:32:56.007 Df PeachCommander[18698:f11a] [com.apple.AppKit:AutomaticTermination] void _NSDisableAutomaticTerminationAndLog(NSString *) Restoring windows
2026-09-14 10:32:56.007 Df PeachCommander[18698:f11a] [com.apple.AppKit:StateRestoration] -[NSApplication _reopenWindowsAsNecessaryIncludingRestorableState:withFullFidelity:completionHandler:] shouldRestoreState=1 hasPersistentStateToRestore=0 shouldStillRestoreStateAfterPrompting=0
2026-09-14 10:32:56.007 Df PeachCommander[18698:f11a] [com.apple.xpc:connection] [0xcaeca9e00] activating connection: mach=true listener=false peer=false name=com.apple.window_proxies
2026-09-14 10:32:56.007 Df PeachCommander[18698:f11a] [com.apple.xpc:connection] [0xcaeca9e00] invalidated because the current process cancelled the connection by calling xpc_connection_cancel()
2026-09-14 10:32:56.007 I  PeachCommander[18698:f11a] [com.apple.SkyLight:processes] 0[outside of RPC]: SLSSetFrontProcessWithInfo(0x0-0x2 window=0 options=0x1
2026-09-14 10:32:56.007 I  PeachCommander[18698:f11a] [com.apple.CoreAnalytics:client] Dropping "com.apple.appkit.app_config" as it isn't used in any transform (not in the config or budgeted?)
2026-09-14 10:32:56.007 Df PeachCommander[18698:f11a] [com.apple.AppKit:AutomaticTermination] void _NSEnableAutomaticTerminationAndLog(NSString *) Restoring windows
2026-09-14 10:32:56.009 I  PeachCommander[18698:f11a] [com.apple.CoreAnalytics:client] Dropping "com.apple.appkit.app_config" as it isn't used in any transform (not in the config or budgeted?)
2026-09-14 10:32:56.010 I  PeachCommander[18698:f11a] [com.apple.CoreAnalytics:client] Dropping "com.apple.appkit.app_config" as it isn't used in any transform (not in the config or budgeted?)
2026-09-14 10:32:56.018 A  PeachCommander[18698:f11a] (CoreFoundation) Loading Preferences From User CFPrefsD
2026-09-14 10:32:56.023 I  PeachCommander[18698:f11a] [com.peachcommander:PCFoundation] VolumeManager initialized
2026-09-14 10:32:56.040 Df PeachCommander[18698:f11a] [com.apple.BoardServices:XPCErrors] [C:1] Alloc <private>
2026-09-14 10:32:56.040 Df PeachCommander[18698:f11a] [com.apple.xpc:connection] [0xcaef25180] activating connection: mach=false listener=false peer=false name=(anonymous)
2026-09-14 10:32:56.041 I  PeachCommander[18698:f11a] [com.apple.AppKit:Window] context (0 -> 7d208263) for window 3b2
2026-09-14 10:32:56.042 Df PeachCommander[18698:f125] [com.apple.corespotlight:index] (<private>) deleteSearchableItemsWithDomainIdentifiers, protectionClass:(null), domainIdentifiers number:1
2026-09-14 10:32:56.042 A  PeachCommander[18698:f125] (CoreSpotlight) delete-domains
2026-09-14 10:32:56.042 Df PeachCommander[18698:f125] [com.apple.corespotlight:index] CSInlineDonation:<private>: Skipping donation (feature flag disabled)
2026-09-14 10:32:56.042 Df PeachCommander[18698:f125] (CoreSpotlight) sConnectionName: com.apple.spotlight.IndexAgent
2026-09-14 10:32:56.042 Df PeachCommander[18698:f125] (CoreSpotlight) Start service name com.apple.spotlight.IndexAgent
2026-09-14 10:32:56.042 Df PeachCommander[18698:f125] [com.apple.xpc:connection] [0xcaef25400] activating connection: mach=true listener=false peer=false name=com.apple.spotlight.IndexAgent
2026-09-14 10:32:56.042 I  PeachCommander[18698:f11a] [com.peachcommander:PCFoundation] MainWindowController initialized (config: <private>)
2026-09-14 10:32:56.042 I  PeachCommander[18698:f11a] [com.peachcommander:PCFoundation] SelectionState initialized
2026-09-14 10:32:56.042 I  PeachCommander[18698:f11a] [com.peachcommander:PCFoundation] DirectoryModel initialized
2026-09-14 10:32:56.042 I  PeachCommander[18698:f11a] [com.peachcommander:PCFoundation] VolumeManager initialized
2026-09-14 10:32:56.042 I  PeachCommander[18698:f11a] [com.peachcommander:PCFoundation] PanelController initialized for <private> panel
2026-09-14 10:32:56.043 I  PeachCommander[18698:f11a] [com.peachcommander:PCFoundation] SelectionState initialized
2026-09-14 10:32:56.043 I  PeachCommander[18698:f11a] [com.peachcommander:PCFoundation] DirectoryModel initialized
2026-09-14 10:32:56.043 I  PeachCommander[18698:f11a] [com.peachcommander:PCFoundation] VolumeManager initialized
2026-09-14 10:32:56.043 I  PeachCommander[18698:f11a] [com.peachcommander:PCFoundation] PanelController initialized for <private> panel
2026-09-14 10:32:56.047 I  PeachCommander[18698:f11a] [com.apple.AppKit:Animation] Running new animation: <private>
2026-09-14 10:32:56.047 I  PeachCommander[18698:f11a] [com.apple.AppKit:Animation] Running new animation: <private>
2026-09-14 10:32:56.047 I  PeachCommander[18698:f11a] [com.apple.AppKit:Animation] Running new animation: <private>
2026-09-14 10:32:56.047 I  PeachCommander[18698:f11a] [com.apple.AppKit:Animation] Running new animation: <private>
2026-09-14 10:32:56.047 I  PeachCommander[18698:f11a] [com.apple.AppKit:Animation] Running new animation: <private>
2026-09-14 10:32:56.048 A  PeachCommander[18698:f124] (RunningBoardServices) didChangeInheritances
2026-09-14 10:32:56.050 I  PeachCommander[18698:f11a] [com.apple.AppKit:Animation] Running new animation: <private>
2026-09-14 10:32:56.050 I  PeachCommander[18698:f11a] [com.apple.AppKit:Animation] Running new animation: <private>
2026-09-14 10:32:56.050 I  PeachCommander[18698:f11a] [com.apple.AppKit:Animation] Running new animation: <private>
2026-09-14 10:32:56.050 I  PeachCommander[18698:f11a] [com.apple.AppKit:Animation] Running new animation: <private>
2026-09-14 10:32:56.050 I  PeachCommander[18698:f11a] [com.apple.AppKit:Animation] Running new animation: <private>
2026-09-14 10:32:56.056 I  PeachCommander[18698:f11a] [com.apple.CoreAnalytics:client] Dropping "com.apple.appkit.app_config" as it isn't used in any transform (not in the config or budgeted?)
2026-09-14 10:32:56.058 I  PeachCommander[18698:f11a] [com.apple.CoreAnalytics:client] Dropping "com.apple.appkit.app_config" as it isn't used in any transform (not in the config or budgeted?)
2026-09-14 10:32:56.061 I  PeachCommander[18698:f11a] [com.apple.launchservices:datasep] application record search init. Node: <FSNode 0xcaf6cab00> { isDir = ?, path = <private> } bundleID: (null) itemID: 0
2026-09-14 10:32:56.062 I  PeachCommander[18698:f11a] [com.apple.GenerativeModels:availability] Current availability state: unavailable, use cases: com.apple.Settings.AppleIntelligence,com.apple.Siri.NLRouter, language: en, api: <private>
2026-09-14 10:32:56.062 Df PeachCommander[18698:f11a] [com.apple.GenerativeModels:availability] isOkayToHaveAsset: False
2026-09-14 10:32:56.062 E  PeachCommander[18698:f11a] [com.apple.siri:Utility] AFIsDeviceGreymatterEligible Missing entitlements for os_eligibility lookup
2026-09-14 10:32:56.062 I  PeachCommander[18698:f11a] [com.apple.GenerativeModels:availability] Current availability state: unavailable, use cases: com.apple.Settings.AppleIntelligence, language: en, api: <private>
2026-09-14 10:32:56.062 Df PeachCommander[18698:f11a] [com.apple.GenerativeModels:availability] isOkayToHaveAsset: False
2026-09-14 10:32:56.062 Df PeachCommander[18698:f11a] [com.apple.siri:Utility] -[AFSystemAssistantExperienceStatusManager fetchGenerativeModelsAvailability] #SAEStatus #cacheUpdate Updating cache:
deviceSupportsSAE: 0 (0)
       saeEnabled: 0 (0)
     saeAvailable: 0 (0)
      swaiEnabled: 0 (0)
        viEnabled: 0 (0)
        siriAvailability:
        <private>
        ((null))
2026-09-14 10:32:56.062 Df PeachCommander[18698:f11a] [com.apple.xpc:connection] [0xcae4cc140] activating connection: mach=true listener=false peer=false name=com.apple.iconservices
2026-09-14 10:32:56.063 Df PeachCommander[18698:f11a] [com.apple.xpc:connection] [0xcae4cc280] activating connection: mach=true listener=false peer=false name=com.apple.iconservices.store
2026-09-14 10:32:56.068 I  PeachCommander[18698:f11a] [com.peachcommander:Theme] no user themes in /Users/admin/pc-cfg/themes
2026-09-14 10:32:56.068 Df PeachCommander[18698:f11a] [com.apple.AppKit:Appearance] Invalidate NSApp effectiveAppearance
2026-09-14 10:32:56.068 Df PeachCommander[18698:f11a] [com.apple.AppKit:Appearance] NSApp cache appearance:
-NSRequiresAquaSystemAppearance: 0
-appearance: <NSCompositeAppearance: 0xcaf0259a0
 (
    "<NSDarkAquaAppearance: 0xcaf025a40>",
    "<NSSystemAppearance: 0xcaf024780>"
)>
-effectiveAppearance: <NSCompositeAppearance: 0xcaf0259a0
 (
    "<NSDarkAquaAppearance: 0xcaf025a40>",
    "<NSSystemAppearance: 0xcaf024780>"
)>
2026-09-14 10:32:56.070 I  PeachCommander[18698:f11a] [com.peachcommander:PCFoundation] Theme applied: id=norton, appearance=dark, dark=true, background=#0000AA
2026-09-14 10:32:56.100 I  PeachCommander[18698:f11a] [com.apple.iconservices:foundation] layer data size zero
2026-09-14 10:32:56.100 I  PeachCommander[18698:f11a] [com.apple.CoreAnalytics:client] Dropping "com.apple.appkit.app_config" as it isn't used in any transform (not in the config or budgeted?)
2026-09-14 10:32:56.104 I  PeachCommander[18698:f11a] [com.peachcommander:PCFoundation] Keymap loaded: scheme=<private>, 82 effective bindings
2026-09-14 10:32:56.105 I  PeachCommander[18698:f11a] [com.apple.AppKit:Animation] Running new animation: <private>
2026-09-14 10:32:56.105 I  PeachCommander[18698:f11a] [com.apple.AppKit:Animation] Running new animation: <private>
2026-09-14 10:32:56.105 I  PeachCommander[18698:f11a] [com.apple.AppKit:Animation] Running new animation: <private>
2026-09-14 10:32:56.105 I  PeachCommander[18698:f11a] [com.apple.AppKit:Animation] Running new animation: <private>
2026-09-14 10:32:56.105 I  PeachCommander[18698:f11a] [com.apple.AppKit:Animation] Running new animation: <private>
2026-09-14 10:32:56.105 I  PeachCommander[18698:f11a] [com.apple.AppKit:Animation] Running new animation: <private>
2026-09-14 10:32:56.105 I  PeachCommander[18698:f11a] [com.apple.AppKit:Animation] Running new animation: <private>
2026-09-14 10:32:56.105 I  PeachCommander[18698:f11a] [com.apple.AppKit:Animation] Running new animation: <private>
2026-09-14 10:32:56.105 I  PeachCommander[18698:f11a] [com.apple.AppKit:Animation] Running new animation: <private>
2026-09-14 10:32:56.105 I  PeachCommander[18698:f11a] [com.apple.AppKit:Animation] Running new animation: <private>
2026-09-14 10:32:56.108 I  PeachCommander[18698:f11a] [com.apple.CoreAnalytics:client] Dropping "<private>" as it isn't used in any transform (not in the config or budgeted?)
2026-09-14 10:32:56.108 I  PeachCommander[18698:f11a] [com.apple.CoreAnalytics:client] Dropping "<private>" as it isn't used in any transform (not in the config or budgeted?)
2026-09-14 10:32:56.108 I  PeachCommander[18698:f11a] [com.apple.CoreAnalytics:client] Dropping "<private>" as it isn't used in any transform (not in the config or budgeted?)
2026-09-14 10:32:56.109 I  PeachCommander[18698:f11a] [com.peachcommander:PCFoundation] MainWindowController window loaded
2026-09-14 10:32:56.109 I  PeachCommander[18698:f11a] [com.apple.launchservices:cas] information in shared memory for 0x0-0xe60e6 with seed 535 was still valid, so using cached info { "ApplicationType"="Foreground", "BuildMachineOSBuild"="25E246", "BundleIdentifierLowerCase"="com.peachcommander.app", "CFBundleDevelopmentRegion"="en", "CFBundleDocumentTypes"=( { "CFBundleTypeName"="Peach Commander Plugin Package", "CFBundleTypeRole"="Viewer", "LSHandlerRank"="Owner", "LSItemContentTypes"=( "com.peachcommander.plugin-package") }), "CFBundleExecutable"="PeachCommander", "CFBundleExecutablePath"="/Users/admin/pc-test/PeachCommander.app/Contents/MacOS/PeachCommander", "CFBundleExecutablePathDeviceID"=16777225, "CFBundleExecutablePathINode"=488026, "CFBundleHelpBookFolder"="PeachCommander.help", "CFBundleHelpBookName"="Peach Commander Help", "CFBundleIconFile"="AppIcon", "CFBundleIconName"="AppIcon", "CFBundleIdentifier"="com.peachcommander.app", "CFBundleInfoDictionaryVersion"="6.0", "CFBundleName"="PeachCommander", "CFBundleNameLowerCase"="peachcommander", "CFBundleNumericVersion"=402685952, "CFBundlePackageType"="APPL", "CFBundleShortVersionString"="0.9.0", "CFBun<…>
2026-09-14 10:32:56.109 I  PeachCommander[18698:f11a] [com.apple.launchservices:cas] information in shared memory for 0x0-0xe60e6 with seed 535 was still valid, so using cached info { "ApplicationType"="Foreground", "BuildMachineOSBuild"="25E246", "BundleIdentifierLowerCase"="com.peachcommander.app", "CFBundleDevelopmentRegion"="en", "CFBundleDocumentTypes"=( { "CFBundleTypeName"="Peach Commander Plugin Package", "CFBundleTypeRole"="Viewer", "LSHandlerRank"="Owner", "LSItemContentTypes"=( "com.peachcommander.plugin-package") }), "CFBundleExecutable"="PeachCommander", "CFBundleExecutablePath"="/Users/admin/pc-test/PeachCommander.app/Contents/MacOS/PeachCommander", "CFBundleExecutablePathDeviceID"=16777225, "CFBundleExecutablePathINode"=488026, "CFBundleHelpBookFolder"="PeachCommander.help", "CFBundleHelpBookName"="Peach Commander Help", "CFBundleIconFile"="AppIcon", "CFBundleIconName"="AppIcon", "CFBundleIdentifier"="com.peachcommander.app", "CFBundleInfoDictionaryVersion"="6.0", "CFBundleName"="PeachCommander", "CFBundleNameLowerCase"="peachcommander", "CFBundleNumericVersion"=402685952, "CFBundlePackageType"="APPL", "CFBundleShortVersionString"="0.9.0", "CFBun<…>
2026-09-14 10:32:56.119 I  PeachCommander[18698:f11a] [com.apple.AppKit:Window] order window front conditionally: 3b2 related: 0
2026-09-14 10:32:56.119 Df PeachCommander[18698:f11a] [com.apple.AppKit:AutomaticTermination] void _NSEnableAutomaticTerminationAndLog(NSString *) No windows open yet
2026-09-14 10:32:56.119 I  PeachCommander[18698:f11a] [com.apple.AppKit:Intelligence] starting collection observation
2026-09-14 10:32:56.119 Df PeachCommander[18698:f124] [com.apple.UIIntelligenceSupport:xpc] establishing connection to agent
2026-09-14 10:32:56.119 Df PeachCommander[18698:f124] [com.apple.xpc:session] [0xcae741590] Session created.
2026-09-14 10:32:56.119 Df PeachCommander[18698:f124] [com.apple.xpc:session] [0xcae741590] Session created from connection [0xcae4ce440]
2026-09-14 10:32:56.119 Df PeachCommander[18698:f124] [com.apple.xpc:connection] [0xcae4ce440] activating connection: mach=true listener=false peer=false name=com.apple.uiintelligencesupport.agent
2026-09-14 10:32:56.119 Df PeachCommander[18698:f124] [com.apple.xpc:session] [0xcae741590] Session activated
2026-09-14 10:32:56.119 I  PeachCommander[18698:f11a] [com.apple.SkyLight:processes] 0[outside of RPC]: SLSSetFrontProcessWithInfo(0x0-0x2 window=0 options=0x1
2026-09-14 10:32:56.120 Df PeachCommander[18698:f125] [com.apple.UIIntelligenceSupport:xpc] Connection established with agent PID: 1217
2026-09-14 10:32:56.120 I  PeachCommander[18698:f11a] [com.apple.launchservices:cas] information in shared memory for 0x0-0xe60e6 with seed 535 was still valid, so using cached info { "ApplicationType"="Foreground", "BuildMachineOSBuild"="25E246", "BundleIdentifierLowerCase"="com.peachcommander.app", "CFBundleDevelopmentRegion"="en", "CFBundleDocumentTypes"=( { "CFBundleTypeName"="Peach Commander Plugin Package", "CFBundleTypeRole"="Viewer", "LSHandlerRank"="Owner", "LSItemContentTypes"=( "com.peachcommander.plugin-package") }), "CFBundleExecutable"="PeachCommander", "CFBundleExecutablePath"="/Users/admin/pc-test/PeachCommander.app/Contents/MacOS/PeachCommander", "CFBundleExecutablePathDeviceID"=16777225, "CFBundleExecutablePathINode"=488026, "CFBundleHelpBookFolder"="PeachCommander.help", "CFBundleHelpBookName"="Peach Commander Help", "CFBundleIconFile"="AppIcon", "CFBundleIconName"="AppIcon", "CFBundleIdentifier"="com.peachcommander.app", "CFBundleInfoDictionaryVersion"="6.0", "CFBundleName"="PeachCommander", "CFBundleNameLowerCase"="peachcommander", "CFBundleNumericVersion"=402685952, "CFBundlePackageType"="APPL", "CFBundleShortVersionString"="0.9.0", "CFBun<…>
2026-09-14 10:32:56.120 Df PeachCommander[18698:f11a] [com.apple.xpc:connection] [0xcae4ce580] activating connection: mach=true listener=false peer=false name=com.apple.FileCoordination
2026-09-14 10:32:56.120 Df PeachCommander[18698:f125] [com.apple.foundation.filecoordination:presenter] Adding presenter CCD161CA-6C83-4E8F-8094-F81EFEE4237B for URL: <private>
2026-09-14 10:32:56.120 I  PeachCommander[18698:f11a] [com.apple.launchservices:cas] information in shared memory for 0x0-0xe60e6 with seed 535 was still valid, so using cached info { "ApplicationType"="Foreground", "BuildMachineOSBuild"="25E246", "BundleIdentifierLowerCase"="com.peachcommander.app", "CFBundleDevelopmentRegion"="en", "CFBundleDocumentTypes"=( { "CFBundleTypeName"="Peach Commander Plugin Package", "CFBundleTypeRole"="Viewer", "LSHandlerRank"="Owner", "LSItemContentTypes"=( "com.peachcommander.plugin-package") }), "CFBundleExecutable"="PeachCommander", "CFBundleExecutablePath"="/Users/admin/pc-test/PeachCommander.app/Contents/MacOS/PeachCommander", "CFBundleExecutablePathDeviceID"=16777225, "CFBundleExecutablePathINode"=488026, "CFBundleHelpBookFolder"="PeachCommander.help", "CFBundleHelpBookName"="Peach Commander Help", "CFBundleIconFile"="AppIcon", "CFBundleIconName"="AppIcon", "CFBundleIdentifier"="com.peachcommander.app", "CFBundleInfoDictionaryVersion"="6.0", "CFBundleName"="PeachCommander", "CFBundleNameLowerCase"="peachcommander", "CFBundleNumericVersion"=402685952, "CFBundlePackageType"="APPL", "CFBundleShortVersionString"="0.9.0", "CFBun<…>
2026-09-14 10:32:56.123 I  PeachCommander[18698:f11a] [com.apple.AppKit:Window] order all windows front 1257456542958
2026-09-14 10:32:56.123 I  PeachCommander[18698:f11a] [com.apple.launchservices:cas] information in shared memory for 0x0-0xe60e6 with seed 535 was still valid, so using cached info { "ApplicationType"="Foreground", "BuildMachineOSBuild"="25E246", "BundleIdentifierLowerCase"="com.peachcommander.app", "CFBundleDevelopmentRegion"="en", "CFBundleDocumentTypes"=( { "CFBundleTypeName"="Peach Commander Plugin Package", "CFBundleTypeRole"="Viewer", "LSHandlerRank"="Owner", "LSItemContentTypes"=( "com.peachcommander.plugin-package") }), "CFBundleExecutable"="PeachCommander", "CFBundleExecutablePath"="/Users/admin/pc-test/PeachCommander.app/Contents/MacOS/PeachCommander", "CFBundleExecutablePathDeviceID"=16777225, "CFBundleExecutablePathINode"=488026, "CFBundleHelpBookFolder"="PeachCommander.help", "CFBundleHelpBookName"="Peach Commander Help", "CFBundleIconFile"="AppIcon", "CFBundleIconName"="AppIcon", "CFBundleIdentifier"="com.peachcommander.app", "CFBundleInfoDictionaryVersion"="6.0", "CFBundleName"="PeachCommander", "CFBundleNameLowerCase"="peachcommander", "CFBundleNumericVersion"=402685952, "CFBundlePackageType"="APPL", "CFBundleShortVersionString"="0.9.0", "CFBun<…>
2026-09-14 10:32:56.123 I  PeachCommander[18698:f11a] [com.apple.showhide:pr-59900543] SHOWHIDE: CONFIRM, id=396, err=0
2026-09-14 10:32:56.123 I  PeachCommander[18698:f11a] [com.apple.AppKit:Window] context (0 -> add87b83) for window 3b1
2026-09-14 10:32:56.123 I  PeachCommander[18698:f11a] [com.apple.AppKit:Window] context (0 -> 4ed06ef5) for window 3b0
2026-09-14 10:32:56.123 I  PeachCommander[18698:f11a] [com.apple.AppKit:Window] context (0 -> 3cc91a1) for window 3af
2026-09-14 10:32:56.123 I  PeachCommander[18698:f11a] [com.apple.AppKit:Window] context (0 -> 50e0d2b2) for window 3ae
2026-09-14 10:32:56.141 I  PeachCommander[18698:f11a] [com.apple.iconservices:foundation] layer data size zero
2026-09-14 10:32:56.151 Df PeachCommander[18698:f11a] [com.apple.AppKit:AutomaticTermination] void _updateToReflectAutomaticTerminationState(void) Setting _kLSApplicationWouldBeTerminatedByTALKey=0
2026-09-14 10:32:56.151 I  PeachCommander[18698:f11a] [com.apple.runningboard:assertion] Acquiring assertion: <RBSAssertionDescriptor| "AppNap adapter assertion" ID:(null) target:18698>
2026-09-14 10:32:56.185 A  PeachCommander[18698:f125] (RunningBoardServices) didChangeInheritances
2026-09-14 10:32:56.208 Df PeachCommander[18698:f11a] [com.apple.libsystem.libdispatch:] DEPRECATED USE in libdispatch client: dispatch source activated with no event handler set; set a breakpoint on _dispatch_bug_deprecated to debug
2026-09-14 10:32:56.301 I  PeachCommander[18698:f11a] [com.apple.coreanimation:Utilities] IOSurface Compression Enabled: NO
2026-09-14 10:32:56.302 Df PeachCommander[18698:f124] [com.apple.coreanimation:Metal] Precompiled pipelines disabled on unsupported hardware.
2026-09-14 10:32:56.313 I  PeachCommander[18698:f11a] [com.apple.CarbonCore:gestalt] SetGestaltValuesBulk SetGestaltValuesBulk( count=22 tuples=0x18dafe650
2026-09-14 10:32:56.313 I  PeachCommander[18698:f11a] [com.apple.CarbonCore:gestalt] SetGestaltValue SetGestaltValue(alis 1C9) => 0
2026-09-14 10:32:56.313 I  PeachCommander[18698:f11a] [com.apple.CarbonCore:gestalt] SetGestaltValue SetGestaltValue(os   FE) => 0
2026-09-14 10:32:56.313 I  PeachCommander[18698:f11a] [com.apple.CarbonCore:gestalt] SetGestaltValue SetGestaltValue(addr 7) => 0
2026-09-14 10:32:56.313 I  PeachCommander[18698:f11a] [com.apple.CarbonCore:gestalt] SetGestaltValue SetGestaltValue(fs   3D332) => 0
2026-09-14 10:32:56.313 I  PeachCommander[18698:f11a] [com.apple.CarbonCore:gestalt] SetGestaltValue SetGestaltValue(fold 11) => 0
2026-09-14 10:32:56.313 I  PeachCommander[18698:f11a] [com.apple.CarbonCore:gestalt] SetGestaltValue SetGestaltValue(lram 7FFFF000) => 0
2026-09-14 10:32:56.313 I  PeachCommander[18698:f11a] [com.apple.CarbonCore:gestalt] SetGestaltValue SetGestaltValue(mmap 1) => 0
2026-09-14 10:32:56.313 I  PeachCommander[18698:f11a] [com.apple.CarbonCore:gestalt] SetGestaltValue SetGestaltValue(cfrg 1) => 0
2026-09-14 10:32:56.313 I  PeachCommander[18698:f11a] [com.apple.CarbonCore:gestalt] SetGestaltValue SetGestaltValue(thds 7) => 0
2026-09-14 10:32:56.313 I  PeachCommander[18698:f11a] [com.apple.CarbonCore:gestalt] SetGestaltValue SetGestaltValue(tmgr E) => 0
2026-09-14 10:32:56.313 I  PeachCommander[18698:f11a] [com.apple.CarbonCore:gestalt] SetGestaltValue SetGestaltValue(vers 7) => 0
2026-09-14 10:32:56.313 I  PeachCommander[18698:f11a] [com.apple.CarbonCore:gestalt] SetGestaltValue SetGestaltValue(cbon 160) => 0
2026-09-14 10:32:56.313 I  PeachCommander[18698:f11a] [com.apple.CarbonCore:gestalt] SetGestaltValue SetGestaltValue(cltn 1108000) => 0
2026-09-14 10:32:56.313 I  PeachCommander[18698:f11a] [com.apple.CarbonCore:gestalt] SetGestaltValue SetGestaltValue(cpnt 8) => 0
2026-09-14 10:32:56.313 I  PeachCommander[18698:f11a] [com.apple.CarbonCore:gestalt] SetGestaltValue SetGestaltValue(rsrc 3) => 0
2026-09-14 10:32:56.313 I  PeachCommander[18698:f11a] [com.apple.CarbonCore:gestalt] SetGestaltValue SetGestaltValue(rmbg 11F) => 0
2026-09-14 10:32:56.313 I  PeachCommander[18698:f11a] [com.apple.CarbonCore:gestalt] SetGestaltValue SetGestaltValue(vm   11) => 0
2026-09-14 10:32:56.313 I  PeachCommander[18698:f11a] [com.apple.CarbonCore:gestalt] SetGestaltValue SetGestaltValue(srad 4170706C) => 0
2026-09-14 10:32:56.313 I  PeachCommander[18698:f11a] [com.apple.CarbonCore:gestalt] SetGestaltValue SetGestaltValue(sysa 14) => 0
2026-09-14 10:32:56.313 I  PeachCommander[18698:f11a] [com.apple.CarbonCore:gestalt] SetGestaltValue SetGestaltValue(copl 9) => 0
2026-09-14 10:32:56.313 I  PeachCommander[18698:f11a] [com.apple.CarbonCore:gestalt] SetGestaltValue SetGestaltValue(xlat 0) => 0
2026-09-14 10:32:56.313 I  PeachCommander[18698:f11a] [com.apple.CarbonCore:gestalt] SetGestaltValue SetGestaltValue(stdf 0) => 0
2026-09-14 10:32:56.313 I  PeachCommander[18698:f11a] [com.apple.CarbonCore:gestalt] _NewGestalt _NewGestalt(ram  0x18da77644) => 0
2026-09-14 10:32:56.313 I  PeachCommander[18698:f11a] [com.apple.CarbonCore:gestalt] _NewGestalt _NewGestalt(ramm 0x18da77644) => 0
2026-09-14 10:32:56.313 I  PeachCommander[18698:f11a] [com.apple.CarbonCore:gestalt] _NewGestalt _NewGestalt(cput 0x18da77734) => 0
2026-09-14 10:32:56.313 I  PeachCommander[18698:f11a] [com.apple.CarbonCore:gestalt] _NewGestalt _NewGestalt(cpuf 0x18da77764) => 0
2026-09-14 10:32:56.313 I  PeachCommander[18698:f11a] [com.apple.CarbonCore:gestalt] _NewGestalt _NewGestalt(bclk 0x18da77794) => 0
2026-09-14 10:32:56.313 I  PeachCommander[18698:f11a] [com.apple.CarbonCore:gestalt] _NewGestalt _NewGestalt(bclm 0x18da77794) => 0
2026-09-14 10:32:56.313 I  PeachCommander[18698:f11a] [com.apple.CarbonCore:gestalt] _NewGestalt _NewGestalt(pclk 0x18da77834) => 0
2026-09-14 10:32:56.313 I  PeachCommander[18698:f11a] [com.apple.CarbonCore:gestalt] _NewGestalt _NewGestalt(mclk 0x18da77834) => 0
2026-09-14 10:32:56.313 I  PeachCommander[18698:f11a] [com.apple.CarbonCore:gestalt] _NewGestalt _NewGestalt(a/ux 0x18da7794c) => 0
2026-09-14 10:32:56.313 I  PeachCommander[18698:f11a] [com.apple.CarbonCore:gestalt] _NewGestalt _NewGestalt(pgsz 0x18da77954) => 0
2026-09-14 10:32:56.313 I  PeachCommander[18698:f11a] [com.apple.CarbonCore:gestalt] _NewGestalt _NewGestalt(csiz 0x18da77994) => 0
2026-09-14 10:32:56.313 I  PeachCommander[18698:f11a] [com.apple.CarbonCore:gestalt] _NewGestalt _NewGestalt(sysv 0x18da22dfc) => 0
2026-09-14 10:32:56.313 I  PeachCommander[18698:f11a] [com.apple.CarbonCore:gestalt] _NewGestalt _NewGestalt(sys1 0x18da22dfc) => 0
2026-09-14 10:32:56.313 I  PeachCommander[18698:f11a] [com.apple.CarbonCore:gestalt] _NewGestalt _NewGestalt(sys2 0x18da22dfc) => 0
2026-09-14 10:32:56.313 I  PeachCommander[18698:f11a] [com.apple.CarbonCore:gestalt] _NewGestalt _NewGestalt(sys3 0x18da22dfc) => 0
2026-09-14 10:32:56.313 I  PeachCommander[18698:f11a] [com.apple.CarbonCore:gestalt] _NewGestalt _NewGestalt(cdfl 0x18da779d4) => 0
2026-09-14 10:32:56.313 I  PeachCommander[18698:f11a] [com.apple.CarbonCore:gestalt] _NewGestalt _NewGestalt(cdrm 0x18da77c30) => 0
2026-09-14 10:32:56.313 I  PeachCommander[18698:f11a] [com.apple.CarbonCore:gestalt] _NewGestalt _NewGestalt(cpus 0x18da77c78) => 0
2026-09-14 10:32:56.313 I  PeachCommander[18698:f11a] [com.apple.CarbonCore:gestalt] SetGestaltValue SetGestaltValue(swex 1) => 0
2026-09-14 10:32:56.313 Df PeachCommander[18698:f11a] [com.apple.xpc:connection] [0xcae4cf980] activating connection: mach=false listener=false peer=false name=com.apple.hiservices-xpcservice
2026-09-14 10:32:56.314 I  PeachCommander[18698:f11a] [com.apple.CFPasteboard:entry] CopyData('ApplePerContextInputPasteboard' (<CFUUID 0xcae538200> 1D4A7E3E-329F-4263-8AA1-2AA6FCECEF18) gen: -1 item: 1264739405 flavor: 'ApplePerContextInputFlavor')
2026-09-14 10:32:56.314 I  PeachCommander[18698:f11a] [com.apple.CFPasteboard:cache] Rebuilding cache for 'ApplePerContextInputPasteboard' (<CFUUID 0xcae538200> 1D4A7E3E-329F-4263-8AA1-2AA6FCECEF18)
2026-09-14 10:32:56.314 I  PeachCommander[18698:f11a] [com.apple.CFPasteboard:general] Will request data from daemon
2026-09-14 10:32:56.314 I  PeachCommander[18698:f11a] [com.apple.CFPasteboard:exit] (not-in-cache) - result: 0 generation: 1 data (182 bytes) flags: 0
2026-09-14 10:32:56.314 I  PeachCommander[18698:f11a] [com.apple.CFPasteboard:entry] CopyData('DefaultAsciiKeyboardLayoutPasteboard' (<CFUUID 0xcaee76780> 2473F795-4F9E-41AF-8C15-8225BFF5D049) gen: -1 item: 1264739405 flavor: 'DefaultAsciiKeyboardLayoutFlavor')
2026-09-14 10:32:56.314 I  PeachCommander[18698:f11a] [com.apple.CFPasteboard:exit] (not-in-cache) - result: -8 generation: 0 null data flags: 0
2026-09-14 10:32:56.316 I  PeachCommander[18698:f11a] [com.apple.AppKit:Window] context (0 -> 77e3e5e) for window 3b3
2026-09-14 10:32:56.316 Df PeachCommander[18698:f11a] [com.apple.inputmethodkitClient:Client] +[IMKClient subclass]: chose IMKClient_Modern
2026-09-14 10:32:56.317 Df PeachCommander[18698:f11a] [com.apple.BoardServices:XPCErrors] [C:2] Alloc com.apple.backboard.hid-services.xpc
2026-09-14 10:32:56.317 Df PeachCommander[18698:f11a] [com.apple.xpc:connection] [0xcae4cfac0] activating connection: mach=false listener=false peer=false name=(anonymous)
2026-09-14 10:32:56.317 E  PeachCommander[18698:f124] [com.apple.BaseBoard:Common] Unable to obtain a task name port right for pid 169: (os/kern) failure (0x5)
2026-09-14 10:32:56.317 Df PeachCommander[18698:f125] [com.apple.xpc:connection] [0xcae4ce940] activating connection: mach=false listener=false peer=false name=com.apple.TextInputUI.xpc.CursorUIViewService
2026-09-14 10:32:56.317 Df PeachCommander[18698:f125] [com.apple.xpc:connection] [0xcae4ce940] invalidated after the last release of the connection object
2026-09-14 10:32:56.317 I  PeachCommander[18698:f11a] [com.apple.CFPasteboard:entry] CopyData('DefaultAsciiKeyboardLayoutPasteboard' (<CFUUID 0xcaee76780> 2473F795-4F9E-41AF-8C15-8225BFF5D049) gen: -1 item: 1264739405 flavor: 'DefaultAsciiKeyboardLayoutFlavor')
2026-09-14 10:32:56.317 I  PeachCommander[18698:f11a] [com.apple.CFPasteboard:exit] (not-in-cache) - result: -8 generation: 0 null data flags: 0
2026-09-14 10:32:56.318 Df PeachCommander[18698:f11a] [com.apple.xpc:connection] [0xcae4ce6c0] activating connection: mach=false listener=false peer=false name=(anonymous)
2026-09-14 10:32:56.318 Df PeachCommander[18698:f11a] [com.apple.xpc:connection] [0xcae4ce940] activating connection: mach=false listener=false peer=false name=com.apple.ViewBridgeAuxiliary
2026-09-14 10:32:56.318 Df PeachCommander[18698:f11a] [com.apple.xpc:connection] [0xcae4ce1c0] activating connection: mach=false listener=false peer=false name=(anonymous)
2026-09-14 10:32:56.318 Df PeachCommander[18698:f11a] [com.apple.xpc:connection] [0xcae4ce940] invalidated after the last release of the connection object
2026-09-14 10:32:56.333 Df PeachCommander[18698:f11a] [com.apple.TextInputUI:CursorUI] -[TUINSCursorUIController activate:]_block_invoke: Create CursorUIViewService: TUINSRemoteViewController
2026-09-14 10:32:56.334 I  PeachCommander[18698:f11a] [com.apple.AppKit:Window] window <TUINSWindow: 0xcafa4e300> windowNumber=3b3 finishing close
2026-09-14 10:32:56.334 I  PeachCommander[18698:f11a] [com.apple.AppKit:Window] order window: 3b3 op: 0 relative: 0 related: 0
2026-09-14 10:32:56.335 A  PeachCommander[18698:f12b] (CoreFoundation) Loading Preferences From System CFPrefsD
2026-09-14 10:32:56.423 I  PeachCommander[18698:f11a] [com.apple.iconservices:foundation] layer data size zero
2026-09-14 10:32:56.423 A  PeachCommander[18698:f11a] (CoreFoundation) Loading Preferences From User CFPrefsD
2026-09-14 10:32:56.424 I  PeachCommander[18698:f11a] [com.apple.CoreAnalytics:client] Dropping "com.apple.ImageIO.readerSelection" as it isn't used in any transform (not in the config or budgeted?)
2026-09-14 10:32:56.441 I  PeachCommander[18698:f11a] [com.apple.CoreAnalytics:client] Dropping "com.apple.appkit.app_config" as it isn't used in any transform (not in the config or budgeted?)
2026-09-14 10:32:56.441 I  PeachCommander[18698:f11a] [com.apple.SafariPlatformSupport:SafariPlatformSupport] -[SFSafariPlatformSupport credentialSelected:] with nil credential
2026-09-14 10:32:56.441 I  PeachCommander[18698:f11a] [com.apple.SafariPlatformSupport:SafariPlatformSupport] -[SFSafariPlatformSupport oneTimeCodeSelected:] with nil code
2026-09-14 10:32:56.441 Df PeachCommander[18698:f124] [com.apple.xpc:connection] [0xcae4ce940] activating connection: mach=false listener=false peer=false name=com.apple.SafariPlatformSupport.Helper
2026-09-14 10:32:56.447 A  PeachCommander[18698:f124] (libsystem_info.dylib) Retrieve Group by ID
2026-09-14 10:32:56.448 Df PeachCommander[18698:f11a] [com.apple.BoardServices:XPCErrors] [C:3] Alloc com.apple.backboard.hid-services.xpc
2026-09-14 10:32:56.448 Df PeachCommander[18698:f11a] [com.apple.xpc:connection] [0xcae4cdcc0] activating connection: mach=false listener=false peer=false name=(anonymous)
2026-09-14 10:32:56.449 Df PeachCommander[18698:f12c] [com.apple.BackBoard:EventDelivery] BKSHIDEventDeliveryManager - connection activation
2026-09-14 10:32:56.449 I  PeachCommander[18698:f11a] [com.peachcommander:PCFoundation] Session restored
2026-09-14 10:32:56.449 Df PeachCommander[18698:f11a] (Foundation) <private>
2026-09-14 10:32:56.449 I  PeachCommander[18698:f11a] [com.peachcommander:PCFoundation] [automation] running /Users/admin/auto.txt
2026-09-14 10:32:56.449 Df PeachCommander[18698:f11a] (Foundation) <private>
2026-09-14 10:32:56.449 I  PeachCommander[18698:f11a] [com.peachcommander:PCFoundation] [automation] > probe /Users/admin/editor-unreadable-seed.txt|mkdir -p ~/pc-unread && printf 'eins\134nzwei\134ndrei\134n' > ~/pc-unread/wo.txt && chmod 222 ~/pc-unread/wo.txt && (cat ~/pc-unread/wo.txt >/dev/null 2>&1 && echo readable || echo unreadable)
2026-09-14 10:32:56.461 Df PeachCommander[18698:f11a] (Foundation) <private>
2026-09-14 10:32:56.461 I  PeachCommander[18698:f11a] [com.peachcommander:PCFoundation] [automation] > wait 600
2026-09-14 10:32:56.504 Df PeachCommander[18698:f11a] [com.apple.xpc:connection] [0xcae4cdb80] activating connection: mach=false listener=false peer=false name=(anonymous)
2026-09-14 10:32:56.504 Df PeachCommander[18698:f11a] [com.apple.xpc:connection] [0xcae4cf0c0] activating connection: mach=false listener=false peer=false name=(anonymous)
2026-09-14 10:32:56.544 I  PeachCommander[18698:f1bb] [com.apple.AppKit:WindowTab] Indexing 1 items
2026-09-14 10:32:56.544 A  PeachCommander[18698:f1bb] (CoreSpotlight) end-index-batch
2026-09-14 10:32:56.544 Df PeachCommander[18698:f1bb] [com.apple.corespotlight:index] *warn* MailCS ======%%% _setMailMessageAttributes skip:1
2026-09-14 10:32:56.544 A  PeachCommander[18698:f1bb] (CoreSpotlight) index-items
2026-09-14 10:32:56.544 Df PeachCommander[18698:f1bb] [com.apple.corespotlight:index] CSInlineDonation:<private>: Skipping donation (feature flag disabled)
2026-09-14 10:32:56.545 Df PeachCommander[18698:f1bb] [com.apple.corespotlight:index] CSInlineDonation:<private>: Skipping donation (feature flag disabled)
2026-09-14 10:32:56.551 I  PeachCommander[18698:f11a] [com.apple.launchservices:datasep] application record search init. Node: <FSNode 0xcafe1e0c0> { isDir = y, path = <private> } bundleID: (null) itemID: 0
2026-09-14 10:32:56.551 I  PeachCommander[18698:f11a] [com.apple.launchservices:datasep] application record search init. Node: <FSNode 0xcafe1e0c0> { isDir = y, path = <private> } bundleID: (null) itemID: 0
2026-09-14 10:32:56.551 I  PeachCommander[18698:f11a] [com.apple.SafariPlatformSupport:SafariPlatformSupport] -[SFSafariPlatformSupport credentialSelected:] with nil credential
2026-09-14 10:32:56.551 I  PeachCommander[18698:f11a] [com.apple.SafariPlatformSupport:SafariPlatformSupport] -[SFSafariPlatformSupport oneTimeCodeSelected:] with nil code
2026-09-14 10:32:56.656 I  PeachCommander[18698:f11a] [com.apple.HIToolbox:MBDisplays] <private>
2026-09-14 10:32:56.656 I  PeachCommander[18698:f11a] [com.apple.HIToolbox:MBDisplays] <private>
2026-09-14 10:32:56.933 Df PeachCommander[18698:f11f] [com.apple.xpc:connection] [0xcae4ce940] invalidated after the last release of the connection object
2026-09-14 10:32:56.933 I  PeachCommander[18698:f11a] [com.apple.launchservices:cas] Removing cached information for app [ 0x0-0xe60e6]  "PeachCommander", as its seed is different from that in shared memory ( 535 vs 537)
2026-09-14 10:32:57.046 I  PeachCommander[18698:f11a] [com.apple.SafariPlatformSupport:SafariPlatformSupport] -[SPSafariPlatformSupport completionListPreferredContentSizeDidUpdate] with size {0, 0}, in window that is visible
2026-09-14 10:32:57.556 Df PeachCommander[18698:f11a] (Foundation) <private>
2026-09-14 10:32:57.556 I  PeachCommander[18698:f11a] [com.peachcommander:PCFoundation] [automation] > editdump /Users/admin/pc-unread/wo.txt /Users/admin/editor-unreadable.txt
2026-09-14 10:32:57.570 I  PeachCommander[18698:f11a] [com.apple.AppKit:Window] context (0 -> a6cef42f) for window 3b6
2026-09-14 10:32:57.578 I  PeachCommander[18698:f11a] [com.apple.CFPasteboard:entry] CopyItemsAndFlavors('Apple CFPasteboard find (<CFUUID 0xcae267d60> 70FC1329-0AE9-4032-8046-08631148D60E)' gen: -1)
2026-09-14 10:32:57.578 I  PeachCommander[18698:f11a] [com.apple.CFPasteboard:cache] Rebuilding cache for 'Apple CFPasteboard find' (<CFUUID 0xcae267d60> 70FC1329-0AE9-4032-8046-08631148D60E)
2026-09-14 10:32:57.578 I  PeachCommander[18698:f11a] [com.apple.CFPasteboard:exit] result: 0, gen: -1 item-count: 2 flavor-count: 2 (-1 means nil)
2026-09-14 10:32:57.578 I  PeachCommander[18698:f11a] [com.apple.CFPasteboard:entry] GetDataFlags('Apple CFPasteboard find' (<CFUUID 0xcae267d60> 70FC1329-0AE9-4032-8046-08631148D60E) gen: -1  item: 789514, flavor: 'public.utf8-plain-text')
2026-09-14 10:32:57.578 I  PeachCommander[18698:f11a] [com.apple.CFPasteboard:exit] result: 0 flags: 20000000
2026-09-14 10:32:57.578 I  PeachCommander[18698:f11a] [com.apple.CFPasteboard:entry] GetDataFlags('Apple CFPasteboard find' (<CFUUID 0xcae267d60> 70FC1329-0AE9-4032-8046-08631148D60E) gen: -1  item: 789514, flavor: 'com.apple.cocoa.pasteboard.find-panel-search-options')
2026-09-14 10:32:57.578 I  PeachCommander[18698:f11a] [com.apple.CFPasteboard:exit] result: 0 flags: 20000000
2026-09-14 10:32:57.579 Df PeachCommander[18698:f11a] [com.apple.AppKit:Pasteboard] NSPasteboard (name: Apple CFPasteboard find): data requested for type NSStringPboardType at index 0
2026-09-14 10:32:57.579 I  PeachCommander[18698:f11a] [com.apple.CFPasteboard:entry] GetItemCount('Apple CFPasteboard find' (<CFUUID 0xcae267d60> 70FC1329-0AE9-4032-8046-08631148D60E) gen: -1)
2026-09-14 10:32:57.579 I  PeachCommander[18698:f11a] [com.apple.CFPasteboard:exit] result: 0 gen: 1 count: 1
2026-09-14 10:32:57.579 I  PeachCommander[18698:f11a] [com.apple.CFPasteboard:entry] CopyItemsAndFlavors('Apple CFPasteboard find (<CFUUID 0xcae267d60> 70FC1329-0AE9-4032-8046-08631148D60E)' gen: -1)
2026-09-14 10:32:57.579 I  PeachCommander[18698:f11a] [com.apple.CFPasteboard:exit] result: 0, gen: -1 item-count: 2 flavor-count: 2 (-1 means nil)
2026-09-14 10:32:57.579 I  PeachCommander[18698:f11a] [com.apple.CFPasteboard:entry] CopyData('Apple CFPasteboard find' (<CFUUID 0xcae267d60> 70FC1329-0AE9-4032-8046-08631148D60E) gen: 1 item: 789514 flavor: 'public.utf8-plain-text')
2026-09-14 10:32:57.579 I  PeachCommander[18698:f11a] [com.apple.CFPasteboard:general] Will request data from daemon
2026-09-14 10:32:57.579 I  PeachCommander[18698:f11a] [com.apple.CFPasteboard:exit] (not-in-cache) - result: 0 generation: 1 data (0 bytes) flags: 20000000
2026-09-14 10:32:57.580 I  PeachCommander[18698:f11a] [com.apple.CoreAnalytics:client] Dropping "com.apple.appkit.app_config" as it isn't used in any transform (not in the config or budgeted?)
2026-09-14 10:32:57.584 I  PeachCommander[18698:f11a] [com.apple.AppKit:Animation] Running new animation: <private>
2026-09-14 10:32:57.584 I  PeachCommander[18698:f11a] [com.apple.AppKit:Animation] Running new animation: <private>
2026-09-14 10:32:57.584 I  PeachCommander[18698:f11a] [com.apple.AppKit:Animation] Running new animation: <private>
2026-09-14 10:32:57.584 I  PeachCommander[18698:f11a] [com.apple.AppKit:Animation] Running new animation: <private>
2026-09-14 10:32:57.584 I  PeachCommander[18698:f11a] [com.apple.AppKit:Animation] Running new animation: <private>
2026-09-14 10:32:57.586 I  PeachCommander[18698:f11a] [com.apple.inputAnalytics.client:IATextInputActions] initWithAnalyticsMetadataObserver service
2026-09-14 10:32:57.586 Df PeachCommander[18698:f11a] [com.apple.TextInputUI:CursorUI] -[TUINSCursorUIController scheduleUpdateCursorLocation]
2026-09-14 10:32:57.586 Df PeachCommander[18698:f11a] [com.apple.TextInputUI:CursorUI] -[TUINSCursorUIController scheduleUpdateCursorLocation]
2026-09-14 10:32:57.587 I  PeachCommander[18698:f11a] [com.apple.CFPasteboard:entry] CopyData('DefaultAsciiKeyboardLayoutPasteboard' (<CFUUID 0xcaee76780> 2473F795-4F9E-41AF-8C15-8225BFF5D049) gen: -1 item: 1264739405 flavor: 'DefaultAsciiKeyboardLayoutFlavor')
2026-09-14 10:32:57.587 I  PeachCommander[18698:f11a] [com.apple.CFPasteboard:exit] (not-in-cache) - result: -8 generation: 0 null data flags: 0
2026-09-14 10:32:57.630 I  PeachCommander[18698:f11a] [com.apple.AppKit:Window] order window front conditionally: 3b6 related: 0
2026-09-14 10:32:57.630 I  PeachCommander[18698:f11a] [com.apple.AppKit:Window] order window front conditionally: 3b6 related: 0
2026-09-14 10:32:57.631 I  PeachCommander[18698:f124] [com.apple.inputAnalytics.client:IATextInputActions] mergeOrConsumeAction calling sendSignal:toChannel:withNullableSessionID:withPayload:
2026-09-14 10:32:57.632 Df PeachCommander[18698:f124] [com.apple.inputAnalytics.client:IASignalAnalytics] channel:<private> signal:<private> sessionID:<private> timestamp:<private> payload:<private>
2026-09-14 10:32:57.632 I  PeachCommander[18698:f124] [com.apple.inputAnalytics.client:IAXPCClient] IASignalAnalytics: fetching xpcClient...
2026-09-14 10:32:57.632 I  PeachCommander[18698:f124] [com.apple.inputAnalytics.client:IAXPCClient] Initialized 0xcb061b7a0
2026-09-14 10:32:57.632 I  PeachCommander[18698:f124] [com.apple.inputAnalytics.client:IAXPCClient] 0xcb061b7a0 using shared remote object proxy
2026-09-14 10:32:57.632 I  PeachCommander[18698:f124] [com.apple.inputAnalytics.client:IAXPCClient] 0xcb061b7a0 calling connection resume after shared instance
2026-09-14 10:32:57.632 Df PeachCommander[18698:f124] [com.apple.xpc:connection] [0xcad73bac0] activating connection: mach=true listener=false peer=false name=com.apple.inputanalyticsd
2026-09-14 10:32:57.632 I  PeachCommander[18698:f124] [com.apple.inputAnalytics.client:IAXPCClient] IAXPCclient 0xcb061b7a0 init created _connection 0xcafce1400 _server 0x0 with IXAXPCProtocol
2026-09-14 10:32:57.632 I  PeachCommander[18698:f124] [com.apple.inputAnalytics.client:IAXPCClient] IASignalAnalytics: ...returning xpcClient 0xcb061b7a0
2026-09-14 10:32:57.632 I  PeachCommander[18698:f124] [com.apple.inputAnalytics.client:IAXPCClient] server: returning server 0xcad980320
2026-09-14 10:32:57.632 Df PeachCommander[18698:f1bb] [com.apple.xpc:connection] [0xcad73bc00] activating connection: mach=false listener=false peer=false name=com.apple.TextInputUI.xpc.CursorUIViewService
2026-09-14 10:32:57.632 Df PeachCommander[18698:f11a] [com.apple.TextInputUI:CursorUI] -[TUINSCursorUIController scheduleUpdateCursorLocation]
2026-09-14 10:32:57.632 Df PeachCommander[18698:f1c7] [com.apple.xpc:connection] [0xcad73bc00] invalidated after the last release of the connection object
2026-09-14 10:32:57.632 I  PeachCommander[18698:f124] [com.apple.inputAnalytics:IAServerStats] Logging <private>
2026-09-14 10:32:57.632 I  PeachCommander[18698:f124] [com.apple.CoreAnalytics:client] Dropping "com.apple.inputAnalytics.serverStats" as it isn't used in any transform (not in the config or budgeted?)
2026-09-14 10:32:57.638 Df PeachCommander[18698:f11a] [com.apple.xpc:connection] [0xcad73bd40] activating connection: mach=false listener=false peer=false name=(anonymous)
2026-09-14 10:32:57.638 Df PeachCommander[18698:f11a] [com.apple.xpc:connection] [0xcad739f40] activating connection: mach=false listener=false peer=false name=(anonymous)
2026-09-14 10:32:57.646 Df PeachCommander[18698:f11a] [com.apple.TextInputUI:CursorUI] -[TUINSCursorUIController scheduleUpdateCursorLocation]
2026-09-14 10:32:57.646 Df PeachCommander[18698:f11a] [com.apple.TextInputUI:CursorUI] -[TUINSCursorUIController scheduleUpdateCursorLocation]
2026-09-14 10:32:57.650 Df PeachCommander[18698:f11a] (UIFoundation) !!! _NSLayoutTreeLineFragmentRectForGlyphAtIndex invalid glyph index 0
2026-09-14 10:32:57.663 Df PeachCommander[18698:f11a] [com.apple.TextInputUI:CursorUI] -[TUINSCursorUIController scheduleUpdateCursorLocation]
2026-09-14 10:32:57.663 Df PeachCommander[18698:f11a] [com.apple.TextInputUI:CursorUI] -[TUINSCursorUIController scheduleUpdateCursorLocation]
2026-09-14 10:32:57.665 Df PeachCommander[18698:f11a] [com.apple.TextInputUI:CursorUI] -[TUINSCursorUIController activate:]_block_invoke: Create CursorUIViewService: TUINSRemoteViewController
2026-09-14 10:32:57.665 Df PeachCommander[18698:f11a] [com.apple.xpc:connection] [0xcae4ce1c0] invalidated because the current process cancelled the connection by calling xpc_connection_cancel()
2026-09-14 10:32:57.665 Df PeachCommander[18698:f11a] [com.apple.xpc:connection] [0xcae4ce6c0] invalidated because the current process cancelled the connection by calling xpc_connection_cancel()
2026-09-14 10:32:57.665 E  PeachCommander[18698:f11a] [com.apple.TextInputUI:CursorUI] ViewBridge to RemoteViewService Terminated: Error Domain=com.apple.ViewBridge Code=18 UserInfo={com.apple.ViewBridge.error.hint=this process disconnected remote view controller -- benign unless unexpected, com.apple.ViewBridge.error.description=NSViewBridgeErrorCanceled}
2026-09-14 10:32:57.681 Df PeachCommander[18698:f11a] [com.apple.TextInputUI:CursorUI] -[TUINSCursorUIController scheduleUpdateCursorLocation]
2026-09-14 10:32:57.681 Df PeachCommander[18698:f11a] [com.apple.TextInputUI:CursorUI] -[TUINSCursorUIController scheduleUpdateCursorLocation]
2026-09-14 10:32:57.697 Df PeachCommander[18698:f11a] [com.apple.TextInputUI:CursorUI] -[TUINSCursorUIController scheduleUpdateCursorLocation]
2026-09-14 10:32:57.697 Df PeachCommander[18698:f11a] [com.apple.TextInputUI:CursorUI] -[TUINSCursorUIController scheduleUpdateCursorLocation]
2026-09-14 10:32:57.714 Df PeachCommander[18698:f11a] [com.apple.TextInputUI:CursorUI] -[TUINSCursorUIController scheduleUpdateCursorLocation]
2026-09-14 10:32:57.714 Df PeachCommander[18698:f11a] [com.apple.TextInputUI:CursorUI] -[TUINSCursorUIController scheduleUpdateCursorLocation]
2026-09-14 10:32:57.731 Df PeachCommander[18698:f11a] [com.apple.TextInputUI:CursorUI] -[TUINSCursorUIController scheduleUpdateCursorLocation]
2026-09-14 10:32:57.731 Df PeachCommander[18698:f11a] [com.apple.TextInputUI:CursorUI] -[TUINSCursorUIController scheduleUpdateCursorLocation]
2026-09-14 10:32:57.747 Df PeachCommander[18698:f11a] [com.apple.TextInputUI:CursorUI] -[TUINSCursorUIController scheduleUpdateCursorLocation]
2026-09-14 10:32:57.747 Df PeachCommander[18698:f11a] [com.apple.TextInputUI:CursorUI] -[TUINSCursorUIController scheduleUpdateCursorLocation]
2026-09-14 10:32:57.765 Df PeachCommander[18698:f11a] [com.apple.TextInputUI:CursorUI] -[TUINSCursorUIController scheduleUpdateCursorLocation]
2026-09-14 10:32:57.765 Df PeachCommander[18698:f11a] [com.apple.TextInputUI:CursorUI] -[TUINSCursorUIController scheduleUpdateCursorLocation]
2026-09-14 10:32:57.780 Df PeachCommander[18698:f11a] [com.apple.TextInputUI:CursorUI] -[TUINSCursorUIController scheduleUpdateCursorLocation]
2026-09-14 10:32:57.780 Df PeachCommander[18698:f11a] [com.apple.TextInputUI:CursorUI] -[TUINSCursorUIController scheduleUpdateCursorLocation]
2026-09-14 10:32:57.797 Df PeachCommander[18698:f11a] [com.apple.TextInputUI:CursorUI] -[TUINSCursorUIController scheduleUpdateCursorLocation]
2026-09-14 10:32:57.797 Df PeachCommander[18698:f11a] [com.apple.TextInputUI:CursorUI] -[TUINSCursorUIController scheduleUpdateCursorLocation]
2026-09-14 10:32:57.813 Df PeachCommander[18698:f11a] [com.apple.TextInputUI:CursorUI] -[TUINSCursorUIController scheduleUpdateCursorLocation]
2026-09-14 10:32:57.813 Df PeachCommander[18698:f11a] [com.apple.TextInputUI:CursorUI] -[TUINSCursorUIController scheduleUpdateCursorLocation]
2026-09-14 10:32:57.831 Df PeachCommander[18698:f11a] [com.apple.TextInputUI:CursorUI] -[TUINSCursorUIController scheduleUpdateCursorLocation]
2026-09-14 10:32:57.831 Df PeachCommander[18698:f11a] [com.apple.TextInputUI:CursorUI] -[TUINSCursorUIController scheduleUpdateCursorLocation]
2026-09-14 10:32:57.848 Df PeachCommander[18698:f11a] [com.apple.TextInputUI:CursorUI] -[TUINSCursorUIController scheduleUpdateCursorLocation]
2026-09-14 10:32:57.848 Df PeachCommander[18698:f11a] [com.apple.TextInputUI:CursorUI] -[TUINSCursorUIController scheduleUpdateCursorLocation]
2026-09-14 10:32:57.864 Df PeachCommander[18698:f11a] [com.apple.TextInputUI:CursorUI] -[TUINSCursorUIController scheduleUpdateCursorLocation]
2026-09-14 10:32:57.864 Df PeachCommander[18698:f11a] [com.apple.TextInputUI:CursorUI] -[TUINSCursorUIController scheduleUpdateCursorLocation]
2026-09-14 10:32:57.880 Df PeachCommander[18698:f11a] [com.apple.TextInputUI:CursorUI] -[TUINSCursorUIController scheduleUpdateCursorLocation]
2026-09-14 10:32:57.880 Df PeachCommander[18698:f11a] [com.apple.TextInputUI:CursorUI] -[TUINSCursorUIController scheduleUpdateCursorLocation]
2026-09-14 10:32:58.087 I  PeachCommander[18698:f1bb] [com.apple.AppKit:WindowTab] Indexing 2 items
2026-09-14 10:32:58.087 A  PeachCommander[18698:f1bb] (CoreSpotlight) end-index-batch
2026-09-14 10:32:58.087 A  PeachCommander[18698:f1bb] (CoreSpotlight) index-items
2026-09-14 10:32:58.088 Df PeachCommander[18698:f1bb] [com.apple.corespotlight:index] CSInlineDonation:<private>: Skipping donation (feature flag disabled)
2026-09-14 10:32:58.088 Df PeachCommander[18698:f1bb] [com.apple.corespotlight:index] CSInlineDonation:<private>: Skipping donation (feature flag disabled)
2026-09-14 10:32:59.088 Df PeachCommander[18698:f11a] [com.apple.TextInputUI:CursorUI] -[TUINSCursorUIController scheduleUpdateCursorLocation]
2026-09-14 10:32:59.089 Df PeachCommander[18698:f11a] [com.apple.TextInputUI:CursorUI] -[TUINSCursorUIController scheduleUpdateCursorLocation]
2026-09-14 10:32:59.090 Df PeachCommander[18698:f11a] (Foundation) <private>
2026-09-14 10:32:59.091 Df PeachCommander[18698:f11a] (Foundation) <private>
2026-09-14 10:32:59.091 I  PeachCommander[18698:f11a] [com.peachcommander:PCFoundation] [automation] done
