Timestamp               Ty Process[PID:TID]
2026-09-14 15:22:17.802 A  PeachCommander[18060:e92c] (libsystem_info.dylib) Retrieve User by ID
2026-09-14 15:22:17.802 Df PeachCommander[18060:e92c] [com.apple.xpc:connection] [0x103d66860] activating connection: mach=true listener=false peer=false name=com.apple.cfprefsd.daemon
2026-09-14 15:22:17.802 Df PeachCommander[18060:e932] [com.apple.xpc:connection] [0x103d67960] activating connection: mach=true listener=false peer=false name=com.apple.cfprefsd.agent
2026-09-14 15:22:17.803 Df PeachCommander[18060:e92c] [com.apple.xpc:connection] [0x103d6a620] activating connection: mach=true listener=false peer=false name=com.apple.coreservices.launchservicesd
2026-09-14 15:22:17.804 I  PeachCommander[18060:e92c] [com.apple.launchservices:cas] Registering for notification <private> on default queue, to re-boostrap client connection.
2026-09-14 15:22:17.804 Df PeachCommander[18060:e92c] [com.apple.xpc:connection] [0x8ecc48000] activating connection: mach=true listener=false peer=false name=com.apple.pasteboard.1
2026-09-14 15:22:17.804 Df PeachCommander[18060:e92c] [com.apple.xpc:connection] [0x8ecc48140] activating connection: mach=true listener=false peer=false name=com.apple.distributed_notifications@Uv3
2026-09-14 15:22:17.805 Df PeachCommander[18060:e92c] [com.apple.AppKit:AutomaticTermination] void _NSDisableAutomaticTerminationAndLog(NSString *) No windows open yet
2026-09-14 15:22:17.805 A  PeachCommander[18060:e92c] (TCC) TCCAccessRequest() IPC
2026-09-14 15:22:17.805 Df PeachCommander[18060:e92c] [com.apple.xpc:connection] [0x8ecc48280] activating connection: mach=true listener=false peer=false name=com.apple.tccd.system
2026-09-14 15:22:17.806 I  PeachCommander[18060:e92c] [com.apple.TCC:access] SEND: 0/7 synchronous to com.apple.tccd.system: request: msgID=18060.1, function=TCCAccessRequest, service=kTCCServiceListenEvent,
2026-09-14 15:22:17.807 I  PeachCommander[18060:e92c] [com.apple.TCC:access] RECV: synchronous reply <dictionary: 0x8ecc38000> { count = 5, transaction: 0, voucher = 0x0, contents =
	"prompt_type" => <uint64: 0xa9311f1f1fc685e7>: 1
	"auth_value" => <uint64: 0xa9311f1f1fc685e7>: 1
	"preflight_unknown" => <bool: 0x1ef2a5190>: true
	"auth_version" => <uint64: 0xa9311f1f1fc685e7>: 1
	"auth_reason" => <uint64: 0xa9311f1f1fc685c7>: 5
}
2026-09-14 15:22:17.807 Df PeachCommander[18060:e92c] [com.apple.xpc:connection] [0x8ecc48280] invalidated after the last release of the connection object
2026-09-14 15:22:17.807 Df PeachCommander[18060:e92c] [com.apple.SkyLight:default] server port 0x00003b13, session port 0x00003b13
2026-09-14 15:22:17.809 I  PeachCommander[18060:e933] [com.apple.SkyLight:processes] 0[outside of RPC]: First connection id 25019 mapped to ctx = 0x8ed044280
2026-09-14 15:22:17.809 Df PeachCommander[18060:e92c] [com.apple.SkyLight:default] New connection 0x61bb main
2026-09-14 15:22:17.810 I  PeachCommander[18060:e92c] [com.apple.hiservices:processmgr] Checking in with CAS, pid=18060
2026-09-14 15:22:17.810 I  PeachCommander[18060:e92c] [com.apple.launchservices:cas] LSApplicationCheckIn(), app being registered is:"/Users/admin/pc-test/PeachCommander.app/Contents/MacOS/PeachCommander"
2026-09-14 15:22:17.810 I  PeachCommander[18060:e92c] [com.apple.launchservices:cas]  { "ApplicationType"="Foreground", "BuildMachineOSBuild"="25E246", "CFBundleDevelopmentRegion"="en", "CFBundleDocumentTypes"=( { "CFBundleTypeName"="Peach Commander Plugin Package", "CFBundleTypeRole"="Viewer", "LSHandlerRank"="Owner", "LSItemContentTypes"=( "com.peachcommander.plugin-package") }), "CFBundleExecutable"="PeachCommander", "CFBundleExecutablePath"="/Users/admin/pc-test/PeachCommander.app/Contents/MacOS/PeachCommander", "CFBundleHelpBookFolder"="PeachCommander.help", "CFBundleHelpBookName"="Peach Commander Help", "CFBundleIconFile"="AppIcon", "CFBundleIconName"="AppIcon", "CFBundleIdentifier"="com.peachcommander.app", "CFBundleInfoDictionaryVersion"="6.0", "CFBundleName"="PeachCommander", "CFBundleNumericVersion"=402685952, "CFBundlePackageType"="APPL", "CFBundleShortVersionString"="0.9.0", "CFBundleSignature"="?????", "CFBundleSupportedPlatforms"=( "MacOSX"), "CFBundleVersion"="18", "DTCompiler"="com.apple.compilers.llvm.clang.1_0", "DTPlatformBuild"="25F70", "DTPlatformName"="macosx", "<…>
2026-09-14 15:22:17.810 Df PeachCommander[18060:e92c] [com.apple.processmanager:front-35286506] CHECKIN: pid=18060
2026-09-14 15:22:17.812 Df PeachCommander[18060:e92c] [com.apple.processmanager:front-35286506] CHECKEDIN: pid=18060 asn=0x0-0xdd0dd foreground=1
2026-09-14 15:22:17.812 I  PeachCommander[18060:e92c] [com.apple.launchservices:cas] Setting processControlState to default PROC_SETPC_SUSPEND because application does not have LSProcessControlValue key
2026-09-14 15:22:17.812 Df PeachCommander[18060:e92c] [com.apple.xpc:connection] [0x8ecc48280] activating connection: mach=false listener=true peer=false name=(anonymous)
2026-09-14 15:22:17.812 Df PeachCommander[18060:e92c] [com.apple.xpc:connection] [0x8ecc48280] Connection returned listener port: 0x5403
2026-09-14 15:22:17.812 Df PeachCommander[18060:e932] [com.apple.xpc:connection] [0x8ed0dc300] activating connection: mach=false listener=false peer=true name=com.apple.xpc.anonymous.0x8ecc48280.peer[131].0x8ed0dc300
2026-09-14 15:22:17.812 Df PeachCommander[18060:e92c] [com.apple.processmanager:front-35286506] FRONTLOGGING: version 1
2026-09-14 15:22:17.812 Df PeachCommander[18060:e92c] [com.apple.processmanager:front-35286506] Registered, pid=18060 ASN=0x0,0xdd0dd
2026-09-14 15:22:17.812 Df PeachCommander[18060:e92c] [com.apple.xpc:connection] [0x8ecc483c0] activating connection: mach=true listener=false peer=false name=com.apple.analyticsd
2026-09-14 15:22:17.813 I  PeachCommander[18060:e92c] [com.apple.CoreAnalytics:client] Daemon status changed from 0 to 1
2026-09-14 15:22:17.813 I  PeachCommander[18060:e932] [com.apple.CarbonCore:coreservicesdaemon] SCSession():SCSession( id=100, this=0x0x103d70140 option=65538) created, forUID=501 mach_port_t=0x4503.
2026-09-14 15:22:17.813 I  PeachCommander[18060:e932] [com.apple.CarbonCore:coreservicesdaemon] SCSession():SCSession( id=101, this=0x0x103d70280 option=65538) created, forUID=501 mach_port_t=0x5203.
2026-09-14 15:22:17.813 I  PeachCommander[18060:e932] [com.apple.CarbonCore:coreservicesdaemon] connectToCoreServicesD():Instantiating server (coreservicesd based) SCSession, port=0x4503 serverOptions=0x10002.
2026-09-14 15:22:17.813 I  PeachCommander[18060:e92c] [com.apple.hiservices:processmgr] _RegisterApplication( pid 18060 => 0x0,0xdd0dd) type=foreground
2026-09-14 15:22:17.813 Df PeachCommander[18060:e92c] [com.apple.xpc:connection] [0x8ecc48280] Connection returned listener port: 0x5403
2026-09-14 15:22:17.813 Df PeachCommander[18060:e937] [com.apple.CoreAnalytics:client] Received configuration update from daemon (initial)
2026-09-14 15:22:17.813 I  PeachCommander[18060:e92c] [com.apple.launchservices:cas] CFArrayRef _LSCopyLaunchModifiers(LSSessionID, LSASNRef _Nonnull), result for psn [ kLSCurrentApp ASN, 0x0,0x2]  is 1 items.
2026-09-14 15:22:17.813 Df PeachCommander[18060:e92c] [com.apple.processmanager:front-35286506] BringForward: pid=18060 asn=0x0-0xdd0dd bringForward=1 foreground=1 uiElement=0 launchedByLS=1 modifiersCount=1 allDisabled=1
2026-09-14 15:22:17.813 Df PeachCommander[18060:e92c] [com.apple.processmanager:front-35286506] BringFrontModifier: pid=18060 asn=0x0-0xdd0dd Modifier 0 hideAfter=0 hideOthers=0 dontMakeFrontmost=0 mouseDown=0/0 seed=0/0
2026-09-14 15:22:17.813 Df PeachCommander[18060:e92c] [com.apple.processmanager:front-35286506] BringForward: pid=18060 asn=0x0-0xdd0dd
2026-09-14 15:22:17.813 Df PeachCommander[18060:e92c] [com.apple.processmanager:front-35286506] SetFrontProcess: asn=0x0-0xdd0dd options=0
2026-09-14 15:22:17.813 I  PeachCommander[18060:e92c] [com.apple.SkyLight:processes] 0[outside of RPC]: SLPSetFrontProcess(0x0-0xdd0dd window=0 options=0x0
2026-09-14 15:22:17.813 Df PeachCommander[18060:e932] [com.apple.xpc:connection] [0x8ecc48640] activating connection: mach=true listener=false peer=false name=com.apple.lsd.mapdb
2026-09-14 15:22:17.815 Df PeachCommander[18060:e92c] [com.apple.AppKit:Appearance] Current system appearance, (HLTB: 1), (SLS: 0)
2026-09-14 15:22:17.815 Df PeachCommander[18060:e92c] (libMobileGestalt.dylib) No persisted cache on this platform.
2026-09-14 15:22:17.816 Df PeachCommander[18060:e92c] (libMobileGestalt.dylib) Could not get size of EAN data (IOConnectCallScalarMethod kAppleNVMeEANGetSize returned 0xE00002E2)
2026-09-14 15:22:17.816 Df PeachCommander[18060:e92c] (libMobileGestalt.dylib) Failed to copy 'aptk' from EAN
2026-09-14 15:22:17.816 Df PeachCommander[18060:e92c] (libMobileGestalt.dylib) Failed to copy APTicket properties. Falling back to default policy.
2026-09-14 15:22:17.816 Df PeachCommander[18060:e92c] (libMobileGestalt.dylib) Creating default MGSysConfigPolicy
2026-09-14 15:22:17.816 Df PeachCommander[18060:e92c] (libMobileGestalt.dylib) CFDictionaryRef copySyscfgDictionary(void) enumeration of <private> failed.
2026-09-14 15:22:17.816 Df PeachCommander[18060:e92c] (libMobileGestalt.dylib) Failed to find key <private>
2026-09-14 15:22:17.816 I  PeachCommander[18060:e933] [com.apple.launchservices:cas] information in shared memory for 0x0-0xdd0dd with seed 533 was still valid, so using cached info { "ApplicationType"="Foreground", "BuildMachineOSBuild"="25E246", "BundleIdentifierLowerCase"="com.peachcommander.app", "CFBundleDevelopmentRegion"="en", "CFBundleDocumentTypes"=( { "CFBundleTypeName"="Peach Commander Plugin Package", "CFBundleTypeRole"="Viewer", "LSHandlerRank"="Owner", "LSItemContentTypes"=( "com.peachcommander.plugin-package") }), "CFBundleExecutable"="PeachCommander", "CFBundleExecutablePath"="/Users/admin/pc-test/PeachCommander.app/Contents/MacOS/PeachCommander", "CFBundleExecutablePathDeviceID"=16777229, "CFBundleExecutablePathINode"=487591, "CFBundleHelpBookFolder"="PeachCommander.help", "CFBundleHelpBookName"="Peach Commander Help", "CFBundleIconFile"="AppIcon", "CFBundleIconName"="AppIcon", "CFBundleIdentifier"="com.peachcommander.app", "CFBundleInfoDictionaryVersion"="6.0", "CFBundleName"="PeachCommander", "CFBundleNameLowerCase"="peachcommander", "CFBundleNumericVersion"=402685952, "CFBundlePackageType"="APPL", "CFBundleShortVersionString"="0.9.0", "CFBun<…>
2026-09-14 15:22:17.816 Df PeachCommander[18060:e92c] [com.apple.AppKit:Appearance] Current system appearance, (HLTB: 1), (SLS: 0)
2026-09-14 15:22:17.816 I  PeachCommander[18060:e932] [com.apple.launchservices:db] LaunchServices database schema version: 20971544
2026-09-14 15:22:17.817 Df PeachCommander[18060:e92c] [com.apple.AppKit:Appearance] Post-registration system appearance: (HLTB: 1)
2026-09-14 15:22:17.818 I  PeachCommander[18060:e932] [com.apple.launchservices:default] Unable to load Info.plist exceptions (eGPUOverrides)
2026-09-14 15:22:17.818 I  PeachCommander[18060:e932] [com.apple.launchservices:default] Unable to load Info.plist exceptions (gameModeOverrides)
2026-09-14 15:22:17.818 I  PeachCommander[18060:e932] [com.apple.launchservices:default] Unable to load Info.plist exceptions (identifiedGameOverrides)
2026-09-14 15:22:17.818 I  PeachCommander[18060:e932] [com.apple.launchservices:default] Unable to load Info.plist exceptions (SystemHiddenPreferred)
2026-09-14 15:22:17.818 Df PeachCommander[18060:e92c] [com.apple.FrontBoard:Common] FBSWorkspace: endpoint monitoring is disabled.
2026-09-14 15:22:17.818 Df PeachCommander[18060:e92c] [com.apple.FrontBoard:Common] FBSWorkspace: default shell endpoint is disabled.
2026-09-14 15:22:17.818 Df PeachCommander[18060:e92c] [com.apple.runningboard:connection] Initializing connection
2026-09-14 15:22:17.819 Df PeachCommander[18060:e92c] [com.apple.runningboard:process] Removing all cached process handles
2026-09-14 15:22:17.819 Df PeachCommander[18060:e932] [com.apple.runningboard:connection] Sending handshake request attempt #1 to server
2026-09-14 15:22:17.819 Df PeachCommander[18060:e932] [com.apple.runningboard:connection] Creating connection to com.apple.runningboard
2026-09-14 15:22:17.819 Df PeachCommander[18060:e932] [com.apple.xpc:connection] [0x8ecc48500] activating connection: mach=true listener=false peer=false name=com.apple.runningboard
2026-09-14 15:22:17.819 Df PeachCommander[18060:e92c] [com.apple.xpc:connection] [0x8ecc48280] Connection returned listener port: 0x5403
2026-09-14 15:22:17.819 A  PeachCommander[18060:e937] (RunningBoardServices) didChangeInheritances
2026-09-14 15:22:17.819 I  PeachCommander[18060:e92c] [com.apple.launchservices:cas] information in shared memory for 0x0-0xdd0dd with seed 533 was still valid, so using cached info { "ApplicationType"="Foreground", "BuildMachineOSBuild"="25E246", "BundleIdentifierLowerCase"="com.peachcommander.app", "CFBundleDevelopmentRegion"="en", "CFBundleDocumentTypes"=( { "CFBundleTypeName"="Peach Commander Plugin Package", "CFBundleTypeRole"="Viewer", "LSHandlerRank"="Owner", "LSItemContentTypes"=( "com.peachcommander.plugin-package") }), "CFBundleExecutable"="PeachCommander", "CFBundleExecutablePath"="/Users/admin/pc-test/PeachCommander.app/Contents/MacOS/PeachCommander", "CFBundleExecutablePathDeviceID"=16777229, "CFBundleExecutablePathINode"=487591, "CFBundleHelpBookFolder"="PeachCommander.help", "CFBundleHelpBookName"="Peach Commander Help", "CFBundleIconFile"="AppIcon", "CFBundleIconName"="AppIcon", "CFBundleIdentifier"="com.peachcommander.app", "CFBundleInfoDictionaryVersion"="6.0", "CFBundleName"="PeachCommander", "CFBundleNameLowerCase"="peachcommander", "CFBundleNumericVersion"=402685952, "CFBundlePackageType"="APPL", "CFBundleShortVersionString"="0.9.0", "CFBun<…>
2026-09-14 15:22:17.819 Df PeachCommander[18060:e932] [com.apple.runningboard:connection] Handshake succeeded
2026-09-14 15:22:17.819 Df PeachCommander[18060:e932] [com.apple.runningboard:connection] Identity resolved as app<application.com.peachcommander.app.486730.487591(501)>
2026-09-14 15:22:17.821 Df PeachCommander[18060:e92c] [com.apple.xpc:connection] [0x8ecc48280] Connection returned listener port: 0x5403
2026-09-14 15:22:17.821 A  PeachCommander[18060:e937] (AppIntents) appintents:register process
2026-09-14 15:22:17.821 Df PeachCommander[18060:e937] [com.apple.appintents:Connection] Created a new Process Instance Registry XPC connection (inactive)
2026-09-14 15:22:17.821 Df PeachCommander[18060:e937] [com.apple.xpc:connection] [0x8ecc48780] activating connection: mach=true listener=false peer=false name=com.apple.linkd.autoShortcut
2026-09-14 15:22:17.822 Df PeachCommander[18060:e937] [com.apple.appintents:Connection] Activated connection to linkd (ApplicationService)
2026-09-14 15:22:17.822 Df PeachCommander[18060:e937] [com.apple.xpc:connection] [0x8ecc48a00] activating connection: mach=false listener=true peer=false name=(anonymous)
2026-09-14 15:22:17.822 I  PeachCommander[18060:e92c] [com.apple.launchservices:cas] information in shared memory for 0x0-0xdd0dd with seed 533 was still valid, so using cached info { "ApplicationType"="Foreground", "BuildMachineOSBuild"="25E246", "BundleIdentifierLowerCase"="com.peachcommander.app", "CFBundleDevelopmentRegion"="en", "CFBundleDocumentTypes"=( { "CFBundleTypeName"="Peach Commander Plugin Package", "CFBundleTypeRole"="Viewer", "LSHandlerRank"="Owner", "LSItemContentTypes"=( "com.peachcommander.plugin-package") }), "CFBundleExecutable"="PeachCommander", "CFBundleExecutablePath"="/Users/admin/pc-test/PeachCommander.app/Contents/MacOS/PeachCommander", "CFBundleExecutablePathDeviceID"=16777229, "CFBundleExecutablePathINode"=487591, "CFBundleHelpBookFolder"="PeachCommander.help", "CFBundleHelpBookName"="Peach Commander Help", "CFBundleIconFile"="AppIcon", "CFBundleIconName"="AppIcon", "CFBundleIdentifier"="com.peachcommander.app", "CFBundleInfoDictionaryVersion"="6.0", "CFBundleName"="PeachCommander", "CFBundleNameLowerCase"="peachcommander", "CFBundleNumericVersion"=402685952, "CFBundlePackageType"="APPL", "CFBundleShortVersionString"="0.9.0", "CFBun<…>
2026-09-14 15:22:17.822 I  PeachCommander[18060:e92c] [com.apple.hiservices:processmgr] TransformProcessType(0x0,0x2 => 1 wasFront=1 pickNew=0)
2026-09-14 15:22:17.822 I  PeachCommander[18060:e92c] [com.apple.CoreAnalytics:client] Dropping "com.apple.appkit.app_config" as it isn't used in any transform (not in the config or budgeted?)
2026-09-14 15:22:17.822 I  PeachCommander[18060:e937] [com.apple.appintents:Execution] LNAppConnectionListener instantiated
2026-09-14 15:22:17.822 Df PeachCommander[18060:e937] [com.apple.xpc:connection] [0x8ecc48a00] Connection returned listener port: 0x6b03
2026-09-14 15:22:17.822 Df PeachCommander[18060:e92c] [com.apple.dt.xctest:Default] Registering for test daemon availability notify post.
2026-09-14 15:22:17.822 Df PeachCommander[18060:e92c] [com.apple.dt.xctest:Default] notify_get_state check indicated test daemon not ready.
2026-09-14 15:22:17.822 Df PeachCommander[18060:e92c] [com.apple.dt.xctest:Default] notify_get_state check indicated test daemon not ready.
2026-09-14 15:22:17.822 Df PeachCommander[18060:e932] [com.apple.xpc:connection] [0x8ecc48780] Re-initialization successful; calling out to event handler with XPC_ERROR_CONNECTION_INTERRUPTED
2026-09-14 15:22:17.822 Df PeachCommander[18060:e932] [com.apple.appintents:Connection] Process Instance Registry XPC connection has been interrupted
2026-09-14 15:22:17.823 E  PeachCommander[18060:e937] [com.apple.appintents:Connection] Unable to get synchronousRemoteObjectProxy, error: Error Domain=NSCocoaErrorDomain Code=4097 "connection to service named com.apple.linkd.autoShortcut" UserInfo={NSDebugDescription=connection to service named com.apple.linkd.autoShortcut}
2026-09-14 15:22:17.823 Df PeachCommander[18060:e92c] [com.apple.dt.xctest:Default] notify_get_state check indicated test daemon not ready.
2026-09-14 15:22:17.823 E  PeachCommander[18060:e937] [com.apple.AppKit:Application] Error registering app with intents framework: Error Domain=NSCocoaErrorDomain Code=4097 UserInfo={NSDebugDescription=<private>}
2026-09-14 15:22:17.823 Df PeachCommander[18060:e932] [com.apple.appintents:Connection] Created a new Process Instance Registry XPC connection (inactive)
2026-09-14 15:22:17.823 A  PeachCommander[18060:e932] (AppIntents) appintents:register process
2026-09-14 15:22:17.823 Df PeachCommander[18060:e932] [com.apple.appintents:Connection] Created a new Process Instance Registry XPC connection (inactive)
2026-09-14 15:22:17.823 Df PeachCommander[18060:e932] [com.apple.xpc:connection] [0x8ecc48c80] activating connection: mach=true listener=false peer=false name=com.apple.linkd.autoShortcut
2026-09-14 15:22:17.823 Df PeachCommander[18060:e932] [com.apple.appintents:Connection] Activated connection to linkd (ApplicationService)
2026-09-14 15:22:17.823 Df PeachCommander[18060:e932] [com.apple.xpc:connection] [0x8ecc48a00] Connection returned listener port: 0x6b03
2026-09-14 15:22:17.823 Df PeachCommander[18060:e937] [com.apple.xpc:connection] [0x8ecc48c80] Re-initialization successful; calling out to event handler with XPC_ERROR_CONNECTION_INTERRUPTED
2026-09-14 15:22:17.823 Df PeachCommander[18060:e937] [com.apple.appintents:Connection] Process Instance Registry XPC connection has been interrupted
2026-09-14 15:22:17.823 E  PeachCommander[18060:e932] [com.apple.appintents:Connection] Unable to get synchronousRemoteObjectProxy, error: Error Domain=NSCocoaErrorDomain Code=4097 "connection to service named com.apple.linkd.autoShortcut" UserInfo={NSDebugDescription=connection to service named com.apple.linkd.autoShortcut}
2026-09-14 15:22:17.823 E  PeachCommander[18060:e932] [com.apple.appintents:Connection] Unable to re-register with Process Instance Registry, error: Error Domain=NSCocoaErrorDomain Code=4097 "connection to service named com.apple.linkd.autoShortcut" UserInfo={NSDebugDescription=connection to service named com.apple.linkd.autoShortcut}
2026-09-14 15:22:17.823 Df PeachCommander[18060:e937] [com.apple.appintents:Connection] Created a new Process Instance Registry XPC connection (inactive)
2026-09-14 15:22:17.823 A  PeachCommander[18060:e937] (AppIntents) appintents:register process
2026-09-14 15:22:17.823 Df PeachCommander[18060:e937] [com.apple.appintents:Connection] Created a new Process Instance Registry XPC connection (inactive)
2026-09-14 15:22:17.823 Df PeachCommander[18060:e937] [com.apple.xpc:connection] [0x8ecc492c0] activating connection: mach=true listener=false peer=false name=com.apple.linkd.autoShortcut
2026-09-14 15:22:17.823 Df PeachCommander[18060:e937] [com.apple.appintents:Connection] Activated connection to linkd (ApplicationService)
2026-09-14 15:22:17.823 Df PeachCommander[18060:e937] [com.apple.xpc:connection] [0x8ecc48a00] Connection returned listener port: 0x6b03
2026-09-14 15:22:17.824 Df PeachCommander[18060:e932] [com.apple.xpc:connection] [0x8ecc492c0] Re-initialization successful; calling out to event handler with XPC_ERROR_CONNECTION_INTERRUPTED
2026-09-14 15:22:17.824 Df PeachCommander[18060:e932] [com.apple.appintents:Connection] Process Instance Registry XPC connection has been interrupted
2026-09-14 15:22:17.824 Df PeachCommander[18060:e932] [com.apple.appintents:Connection] Created a new Process Instance Registry XPC connection (inactive)
2026-09-14 15:22:17.824 A  PeachCommander[18060:e932] (AppIntents) appintents:register process
2026-09-14 15:22:17.824 Df PeachCommander[18060:e932] [com.apple.appintents:Connection] Created a new Process Instance Registry XPC connection (inactive)
2026-09-14 15:22:17.824 Df PeachCommander[18060:e932] [com.apple.xpc:connection] [0x8ecc49540] activating connection: mach=true listener=false peer=false name=com.apple.linkd.autoShortcut
2026-09-14 15:22:17.824 E  PeachCommander[18060:e937] [com.apple.appintents:Connection] Unable to get synchronousRemoteObjectProxy, error: Error Domain=NSCocoaErrorDomain Code=4097 "connection to service named com.apple.linkd.autoShortcut" UserInfo={NSDebugDescription=connection to service named com.apple.linkd.autoShortcut}
2026-09-14 15:22:17.824 E  PeachCommander[18060:e937] [com.apple.appintents:Connection] Unable to re-register with Process Instance Registry, error: Error Domain=NSCocoaErrorDomain Code=4097 "connection to service named com.apple.linkd.autoShortcut" UserInfo={NSDebugDescription=connection to service named com.apple.linkd.autoShortcut}
2026-09-14 15:22:17.824 Df PeachCommander[18060:e932] [com.apple.appintents:Connection] Activated connection to linkd (ApplicationService)
2026-09-14 15:22:17.824 Df PeachCommander[18060:e932] [com.apple.xpc:connection] [0x8ecc48a00] Connection returned listener port: 0x6b03
2026-09-14 15:22:17.826 A  PeachCommander[18060:e92c] (CoreFoundation) Loading Preferences From System CFPrefsD
2026-09-14 15:22:17.826 Df PeachCommander[18060:e937] [com.apple.xpc:connection] [0x8ecc49540] Re-initialization successful; calling out to event handler with XPC_ERROR_CONNECTION_INTERRUPTED
2026-09-14 15:22:17.826 Df PeachCommander[18060:e937] [com.apple.appintents:Connection] Process Instance Registry XPC connection has been interrupted
2026-09-14 15:22:17.826 E  PeachCommander[18060:e937] [com.apple.appintents:Connection] Will NOT re-try to establish the connection
2026-09-14 15:22:17.826 E  PeachCommander[18060:e932] [com.apple.appintents:Connection] Unable to get synchronousRemoteObjectProxy, error: Error Domain=NSCocoaErrorDomain Code=4097 "connection to service named com.apple.linkd.autoShortcut" UserInfo={NSDebugDescription=connection to service named com.apple.linkd.autoShortcut}
2026-09-14 15:22:17.826 E  PeachCommander[18060:e932] [com.apple.appintents:Connection] Unable to re-register with Process Instance Registry, error: Error Domain=NSCocoaErrorDomain Code=4097 "connection to service named com.apple.linkd.autoShortcut" UserInfo={NSDebugDescription=connection to service named com.apple.linkd.autoShortcut}
2026-09-14 15:22:17.826 Df PeachCommander[18060:e92c] (libMobileGestalt.dylib) couldn't load support library
2026-09-14 15:22:17.826 Df PeachCommander[18060:e92c] (libMobileGestalt.dylib) called dummy function!
2026-09-14 15:22:17.826 I  PeachCommander[18060:e92c] [com.apple.GenerativeModels:availability] Current availability state: unavailable, use cases: com.apple.WritingTools, language: <any>, api: <private>
2026-09-14 15:22:17.826 Df PeachCommander[18060:e92c] [com.apple.GenerativeModels:availability] registering darwin observer for name: com.apple.gms.availability.notification
2026-09-14 15:22:17.826 Df PeachCommander[18060:e92c] [com.apple.GenerativeModels:availability] registering darwin observer for name: com.apple.os-eligibility-domain.change.greymatter
2026-09-14 15:22:17.826 Df PeachCommander[18060:e92c] [com.apple.GenerativeModels:availability] registering darwin observer for name: com.apple.language.changed
2026-09-14 15:22:17.826 Df PeachCommander[18060:e92c] [com.apple.WritingTools:Default] isAvailable value changed: isMDMAllowed = true, gmAvailable (current) = false
2026-09-14 15:22:17.829 I  PeachCommander[18060:e92c] [com.apple.CoreAnalytics:client] Dropping "com.apple.appkit.app_config" as it isn't used in any transform (not in the config or budgeted?)
2026-09-14 15:22:17.831 Df PeachCommander[18060:e92c] [com.apple.AppKit:Appearance] NSApp cache appearance:
-NSRequiresAquaSystemAppearance: 0
-appearance: (null)
-effectiveAppearance: <NSCompositeAppearance: 0x8ecc3c500
 (
    "<NSAquaAppearance: 0x8ecc3c460>",
    "<NSSystemAppearance: 0x8ecc3c780>"
)>
2026-09-14 15:22:17.833 A  PeachCommander[18060:e92c] (CoreFoundation) Loading Preferences From User CFPrefsD
2026-09-14 15:22:17.833 A  PeachCommander[18060:e92c] (CoreFoundation) Loading Preferences From User CFPrefsD
2026-09-14 15:22:17.836 A  PeachCommander[18060:e933] (libsystem_info.dylib) Membership API: translate identifier
2026-09-14 15:22:17.838 I  PeachCommander[18060:e92c] [com.apple.CoreAnalytics:client] Dropping "com.apple.appkit.app_config" as it isn't used in any transform (not in the config or budgeted?)
2026-09-14 15:22:17.838 I  PeachCommander[18060:e92c] [com.apple.CoreAnalytics:client] Dropping "com.apple.appkit.app_config" as it isn't used in any transform (not in the config or budgeted?)
2026-09-14 15:22:17.840 Df PeachCommander[18060:e937] [com.apple.xpc:connection] [0x8ecc49a40] activating connection: mach=true listener=false peer=false name=com.apple.dock.fullscreen
2026-09-14 15:22:17.841 Df PeachCommander[18060:e92c] [com.apple.xpc:connection] [0x8ecc49b80] activating connection: mach=true listener=false peer=false name=com.apple.fonts
2026-09-14 15:22:17.843 I  PeachCommander[18060:e92c] [com.apple.launchservices:cas] information in shared memory for 0x0-0xdd0dd with seed 533 was still valid, so using cached info { "ApplicationType"="Foreground", "BuildMachineOSBuild"="25E246", "BundleIdentifierLowerCase"="com.peachcommander.app", "CFBundleDevelopmentRegion"="en", "CFBundleDocumentTypes"=( { "CFBundleTypeName"="Peach Commander Plugin Package", "CFBundleTypeRole"="Viewer", "LSHandlerRank"="Owner", "LSItemContentTypes"=( "com.peachcommander.plugin-package") }), "CFBundleExecutable"="PeachCommander", "CFBundleExecutablePath"="/Users/admin/pc-test/PeachCommander.app/Contents/MacOS/PeachCommander", "CFBundleExecutablePathDeviceID"=16777229, "CFBundleExecutablePathINode"=487591, "CFBundleHelpBookFolder"="PeachCommander.help", "CFBundleHelpBookName"="Peach Commander Help", "CFBundleIconFile"="AppIcon", "CFBundleIconName"="AppIcon", "CFBundleIdentifier"="com.peachcommander.app", "CFBundleInfoDictionaryVersion"="6.0", "CFBundleName"="PeachCommander", "CFBundleNameLowerCase"="peachcommander", "CFBundleNumericVersion"=402685952, "CFBundlePackageType"="APPL", "CFBundleShortVersionString"="0.9.0", "CFBun<…>
2026-09-14 15:22:17.843 I  PeachCommander[18060:e92c] [com.apple.CoreAnalytics:client] Dropping "com.apple.appkit.app_config" as it isn't used in any transform (not in the config or budgeted?)
2026-09-14 15:22:17.843 Df PeachCommander[18060:e92c] [com.apple.AppKit:AutomaticTermination] -[NSApplication(NSAppssassination) _checkForAutomaticTerminationSupportPossiblyEnablingIt]_block_invoke Enabling automatic termination support.
2026-09-14 15:22:17.843 Df PeachCommander[18060:e92c] [com.apple.xpc:connection] [0x8ecc48f00] activating connection: mach=true listener=false peer=false name=com.apple.appkit.restoration_storage
2026-09-14 15:22:17.843 I  PeachCommander[18060:e92c] [com.apple.launchservices:cas] information in shared memory for 0x0-0xdd0dd with seed 533 was still valid, so using cached info { "ApplicationType"="Foreground", "BuildMachineOSBuild"="25E246", "BundleIdentifierLowerCase"="com.peachcommander.app", "CFBundleDevelopmentRegion"="en", "CFBundleDocumentTypes"=( { "CFBundleTypeName"="Peach Commander Plugin Package", "CFBundleTypeRole"="Viewer", "LSHandlerRank"="Owner", "LSItemContentTypes"=( "com.peachcommander.plugin-package") }), "CFBundleExecutable"="PeachCommander", "CFBundleExecutablePath"="/Users/admin/pc-test/PeachCommander.app/Contents/MacOS/PeachCommander", "CFBundleExecutablePathDeviceID"=16777229, "CFBundleExecutablePathINode"=487591, "CFBundleHelpBookFolder"="PeachCommander.help", "CFBundleHelpBookName"="Peach Commander Help", "CFBundleIconFile"="AppIcon", "CFBundleIconName"="AppIcon", "CFBundleIdentifier"="com.peachcommander.app", "CFBundleInfoDictionaryVersion"="6.0", "CFBundleName"="PeachCommander", "CFBundleNameLowerCase"="peachcommander", "CFBundleNumericVersion"=402685952, "CFBundlePackageType"="APPL", "CFBundleShortVersionString"="0.9.0", "CFBun<…>
2026-09-14 15:22:17.843 Df PeachCommander[18060:e92c] [com.apple.xpc:connection] [0x8ecc49040] activating connection: mach=true listener=false peer=false name=com.apple.coreservices.appleevents
2026-09-14 15:22:17.844 I  PeachCommander[18060:e92c] [com.apple.appleevents:main] _AEGetRegisteredMachPort() created default port (port:44291/0xad03 rcv:1 send:1 limit:5) and registered it with server
2026-09-14 15:22:17.844 Df PeachCommander[18060:e92c] [com.apple.xpc:connection] [0x8ecc48280] Connection returned listener port: 0x5403
2026-09-14 15:22:17.844 I  PeachCommander[18060:e92c] [com.apple.launchservices:cas] information in shared memory for 0x0-0xdd0dd with seed 533 was still valid, so using cached info { "ApplicationType"="Foreground", "BuildMachineOSBuild"="25E246", "BundleIdentifierLowerCase"="com.peachcommander.app", "CFBundleDevelopmentRegion"="en", "CFBundleDocumentTypes"=( { "CFBundleTypeName"="Peach Commander Plugin Package", "CFBundleTypeRole"="Viewer", "LSHandlerRank"="Owner", "LSItemContentTypes"=( "com.peachcommander.plugin-package") }), "CFBundleExecutable"="PeachCommander", "CFBundleExecutablePath"="/Users/admin/pc-test/PeachCommander.app/Contents/MacOS/PeachCommander", "CFBundleExecutablePathDeviceID"=16777229, "CFBundleExecutablePathINode"=487591, "CFBundleHelpBookFolder"="PeachCommander.help", "CFBundleHelpBookName"="Peach Commander Help", "CFBundleIconFile"="AppIcon", "CFBundleIconName"="AppIcon", "CFBundleIdentifier"="com.peachcommander.app", "CFBundleInfoDictionaryVersion"="6.0", "CFBundleName"="PeachCommander", "CFBundleNameLowerCase"="peachcommander", "CFBundleNumericVersion"=402685952, "CFBundlePackageType"="APPL", "CFBundleShortVersionString"="0.9.0", "CFBun<…>
2026-09-14 15:22:17.844 Df PeachCommander[18060:e92c] [com.apple.processmanager:front-35286506] SignalReady: pid=18060 asn=0x0-0xdd0dd
2026-09-14 15:22:17.844 Df PeachCommander[18060:e92c] [com.apple.processmanager:front-35286506] SIGNAL: pid=18060 asn=0x0x-0xdd0dd
2026-09-14 15:22:17.844 I  PeachCommander[18060:e92c] [com.apple.appleevents:main] aeGenerateFakeFirstOAPPEventIfNecessary()
2026-09-14 15:22:17.844 I  PeachCommander[18060:e92c] [com.apple.appleevents:main] aeGenerateFakeFirstOAPPEventIfNecessary(), needToCreateFakeOAPPEventIfFirstEvent == true
2026-09-14 15:22:17.844 I  PeachCommander[18060:e92c] [com.apple.launchservices:cas] Removing cached information for app [ 0x0-0xdd0dd]  "PeachCommander", as its seed is different from that in shared memory ( 533 vs 535)
2026-09-14 15:22:17.845 I  PeachCommander[18060:e92c] [com.apple.CFPasteboard:entry] CopyData('DefaultAsciiKeyboardLayoutPasteboard' (<CFUUID 0x8ecdd0140> D0FF4AA1-7951-4792-A022-6FBEB5610152) gen: -1 item: 1264739405 flavor: 'DefaultAsciiKeyboardLayoutFlavor')
2026-09-14 15:22:17.845 I  PeachCommander[18060:e92c] [com.apple.CFPasteboard:cache] Rebuilding cache for 'DefaultAsciiKeyboardLayoutPasteboard' (<CFUUID 0x8ecdd0140> D0FF4AA1-7951-4792-A022-6FBEB5610152)
2026-09-14 15:22:17.845 I  PeachCommander[18060:e92c] [com.apple.CFPasteboard:exit] (not-in-cache) - result: -8 generation: 0 null data flags: 0
2026-09-14 15:22:17.845 A  PeachCommander[18060:e92c] (CoreFoundation) Loading Preferences From User CFPrefsD
2026-09-14 15:22:17.845 A  PeachCommander[18060:e92c] (CoreFoundation) Loading Preferences From System CFPrefsD
2026-09-14 15:22:17.845 I  PeachCommander[18060:e92c] [com.apple.CFPasteboard:entry] CopyData('AppleIntlFileCacheModificationDatePasteboard' (<CFUUID 0x8ecdd0180> 283661E4-3761-4F70-81D8-DC70088984A7) gen: -1 item: 1 flavor: '-32766 1768845414')
2026-09-14 15:22:17.845 I  PeachCommander[18060:e92c] [com.apple.CFPasteboard:cache] Rebuilding cache for 'AppleIntlFileCacheModificationDatePasteboard' (<CFUUID 0x8ecdd0180> 283661E4-3761-4F70-81D8-DC70088984A7)
2026-09-14 15:22:17.845 I  PeachCommander[18060:e92c] [com.apple.CFPasteboard:general] Will request data from daemon
2026-09-14 15:22:17.846 I  PeachCommander[18060:e92c] [com.apple.CFPasteboard:exit] (not-in-cache) - result: 0 generation: 1 data (310 bytes) flags: 0
2026-09-14 15:22:17.846 I  PeachCommander[18060:e92c] [com.apple.CFPasteboard:entry] CopyData('AppleIntlFileCacheModificationDatePasteboard' (<CFUUID 0x8ecdd0180> 283661E4-3761-4F70-81D8-DC70088984A7) gen: -1 item: 1 flavor: '-32765 1802264953')
2026-09-14 15:22:17.846 I  PeachCommander[18060:e92c] [com.apple.CFPasteboard:general] Will request data from daemon
2026-09-14 15:22:17.846 I  PeachCommander[18060:e92c] [com.apple.CFPasteboard:exit] (not-in-cache) - result: 0 generation: 1 data (306 bytes) flags: 0
2026-09-14 15:22:17.846 I  PeachCommander[18060:e92c] [com.apple.CFPasteboard:entry] CopyData('AppleIntlFileCacheModificationDatePasteboard' (<CFUUID 0x8ecdd0180> 283661E4-3761-4F70-81D8-DC70088984A7) gen: -1 item: 1 flavor: '-32764 1802264953')
2026-09-14 15:22:17.846 I  PeachCommander[18060:e92c] [com.apple.CFPasteboard:general] Will request data from daemon
2026-09-14 15:22:17.846 I  PeachCommander[18060:e92c] [com.apple.CFPasteboard:exit] (not-in-cache) - result: 0 generation: 1 data (281 bytes) flags: 0
2026-09-14 15:22:17.846 I  PeachCommander[18060:e92c] [com.apple.CFPasteboard:entry] CopyData('AppleIntlFileCacheModificationDatePasteboard' (<CFUUID 0x8ecdd0180> 283661E4-3761-4F70-81D8-DC70088984A7) gen: -1 item: 1 flavor: '-32763 1802264953')
2026-09-14 15:22:17.846 I  PeachCommander[18060:e92c] [com.apple.CFPasteboard:general] Will request data from daemon
2026-09-14 15:22:17.846 I  PeachCommander[18060:e92c] [com.apple.CFPasteboard:exit] (not-in-cache) - result: 0 generation: 1 data (318 bytes) flags: 0
2026-09-14 15:22:17.846 I  PeachCommander[18060:e92c] [com.apple.CFPasteboard:entry] CopyData('AppleIntlFileCacheModificationDatePasteboard' (<CFUUID 0x8ecdd0180> 283661E4-3761-4F70-81D8-DC70088984A7) gen: -1 item: 1 flavor: '-32765 1768845414')
2026-09-14 15:22:17.846 I  PeachCommander[18060:e92c] [com.apple.CFPasteboard:general] Will request data from daemon
2026-09-14 15:22:17.846 I  PeachCommander[18060:e92c] [com.apple.CFPasteboard:exit] (not-in-cache) - result: 0 generation: 1 data (303 bytes) flags: 0
2026-09-14 15:22:17.846 I  PeachCommander[18060:e92c] [com.apple.CFPasteboard:entry] CopyData('AppleIntlFileCacheModificationDatePasteboard' (<CFUUID 0x8ecdd0180> 283661E4-3761-4F70-81D8-DC70088984A7) gen: -1 item: 1 flavor: '-32763 1768845414')
2026-09-14 15:22:17.846 I  PeachCommander[18060:e92c] [com.apple.CFPasteboard:general] Will request data from daemon
2026-09-14 15:22:17.846 I  PeachCommander[18060:e92c] [com.apple.CFPasteboard:exit] (not-in-cache) - result: 0 generation: 1 data (315 bytes) flags: 0
2026-09-14 15:22:17.847 I  PeachCommander[18060:e92c] [com.apple.launchservices:cas] information in shared memory for 0x0-0xdd0dd with seed 535 was still valid, so using cached info { "ApplicationType"="Foreground", "BuildMachineOSBuild"="25E246", "BundleIdentifierLowerCase"="com.peachcommander.app", "CFBundleDevelopmentRegion"="en", "CFBundleDocumentTypes"=( { "CFBundleTypeName"="Peach Commander Plugin Package", "CFBundleTypeRole"="Viewer", "LSHandlerRank"="Owner", "LSItemContentTypes"=( "com.peachcommander.plugin-package") }), "CFBundleExecutable"="PeachCommander", "CFBundleExecutablePath"="/Users/admin/pc-test/PeachCommander.app/Contents/MacOS/PeachCommander", "CFBundleExecutablePathDeviceID"=16777229, "CFBundleExecutablePathINode"=487591, "CFBundleHelpBookFolder"="PeachCommander.help", "CFBundleHelpBookName"="Peach Commander Help", "CFBundleIconFile"="AppIcon", "CFBundleIconName"="AppIcon", "CFBundleIdentifier"="com.peachcommander.app", "CFBundleInfoDictionaryVersion"="6.0", "CFBundleName"="PeachCommander", "CFBundleNameLowerCase"="peachcommander", "CFBundleNumericVersion"=402685952, "CFBundlePackageType"="APPL", "CFBundleShortVersionString"="0.9.0", "CFBun<…>
2026-09-14 15:22:17.847 Df PeachCommander[18060:e92c] [com.apple.xpc:connection] [0x8ecc49e00] activating connection: mach=false listener=false peer=false name=com.apple.ViewBridgeAuxiliary
2026-09-14 15:22:17.851 Df PeachCommander[18060:e92c] [com.apple.xpc:connection] [0x8ecc49cc0] activating connection: mach=false listener=false peer=false name=(anonymous)
2026-09-14 15:22:17.851 Df PeachCommander[18060:e92c] [com.apple.xpc:connection] [0x8ecc49f40] activating connection: mach=false listener=true peer=false name=(anonymous)
2026-09-14 15:22:17.851 Df PeachCommander[18060:e92c] [com.apple.xpc:connection] [0x8ecc49f40] Connection returned listener port: 0xb503
2026-09-14 15:22:17.852 Df PeachCommander[18060:e92c] [com.apple.xpc:connection] [0x8ecc49e00] invalidated after the last release of the connection object
2026-09-14 15:22:17.852 I  PeachCommander[18060:e92c] [com.apple.runningboard:assertion] Acquiring assertion: <RBSAssertionDescriptor| "AppNap adapter assertion" ID:(null) target:18060>
2026-09-14 15:22:17.855 I  PeachCommander[18060:e92c] [com.apple.showhide:pr-59900543] SHOWHIDE: SHOW id=380 0x0-0xDD0DD, err=0 eventTime=1214694839125 windowID=0
2026-09-14 15:22:17.855 I  PeachCommander[18060:e92c] [com.apple.CarbonCore:coreservicesdaemon] findOrCreateCacheable():findOrCreateCacheable(), factoryName=3 cacheableName=<private> fCacheables.size()=0
2026-09-14 15:22:17.855 I  PeachCommander[18060:e92c] [com.apple.CarbonCore:coreservicesdaemon] findOrCreateCacheable():findOrCreateCacheable(), result = 0x8ed3b83c0 (should be non-NULL)
2026-09-14 15:22:17.855 Df PeachCommander[18060:e92c] [com.apple.AppKit:AutomaticTermination] void _NSDisableAutomaticTerminationAndLog(NSString *) Restoring windows
2026-09-14 15:22:17.855 Df PeachCommander[18060:e92c] [com.apple.AppKit:StateRestoration] -[NSApplication _reopenWindowsAsNecessaryIncludingRestorableState:withFullFidelity:completionHandler:] shouldRestoreState=1 hasPersistentStateToRestore=0 shouldStillRestoreStateAfterPrompting=0
2026-09-14 15:22:17.855 Df PeachCommander[18060:e92c] [com.apple.xpc:connection] [0x8ecc49e00] activating connection: mach=true listener=false peer=false name=com.apple.window_proxies
2026-09-14 15:22:17.855 Df PeachCommander[18060:e92c] [com.apple.xpc:connection] [0x8ecc49e00] invalidated because the current process cancelled the connection by calling xpc_connection_cancel()
2026-09-14 15:22:17.855 I  PeachCommander[18060:e92c] [com.apple.SkyLight:processes] 0[outside of RPC]: SLSSetFrontProcessWithInfo(0x0-0x2 window=0 options=0x1
2026-09-14 15:22:17.856 I  PeachCommander[18060:e92c] [com.apple.CoreAnalytics:client] Dropping "com.apple.appkit.app_config" as it isn't used in any transform (not in the config or budgeted?)
2026-09-14 15:22:17.856 Df PeachCommander[18060:e92c] [com.apple.AppKit:AutomaticTermination] void _NSEnableAutomaticTerminationAndLog(NSString *) Restoring windows
2026-09-14 15:22:17.858 I  PeachCommander[18060:e92c] [com.apple.CoreAnalytics:client] Dropping "com.apple.appkit.app_config" as it isn't used in any transform (not in the config or budgeted?)
2026-09-14 15:22:17.858 I  PeachCommander[18060:e92c] [com.apple.CoreAnalytics:client] Dropping "com.apple.appkit.app_config" as it isn't used in any transform (not in the config or budgeted?)
2026-09-14 15:22:17.867 A  PeachCommander[18060:e92c] (CoreFoundation) Loading Preferences From User CFPrefsD
2026-09-14 15:22:17.873 I  PeachCommander[18060:e92c] [com.peachcommander:PCFoundation] VolumeManager initialized
2026-09-14 15:22:17.887 Df PeachCommander[18060:e92c] [com.apple.BoardServices:XPCErrors] [C:1] Alloc <private>
2026-09-14 15:22:17.887 Df PeachCommander[18060:e92c] [com.apple.xpc:connection] [0x8ecf49180] activating connection: mach=false listener=false peer=false name=(anonymous)
2026-09-14 15:22:17.889 I  PeachCommander[18060:e92c] [com.apple.AppKit:Window] context (0 -> e6c2773a) for window 38e
2026-09-14 15:22:17.889 Df PeachCommander[18060:e932] [com.apple.corespotlight:index] (<private>) deleteSearchableItemsWithDomainIdentifiers, protectionClass:(null), domainIdentifiers number:1
2026-09-14 15:22:17.890 A  PeachCommander[18060:e932] (CoreSpotlight) delete-domains
2026-09-14 15:22:17.890 Df PeachCommander[18060:e937] [com.apple.corespotlight:index] CSInlineDonation:<private>: Skipping donation (feature flag disabled)
2026-09-14 15:22:17.890 Df PeachCommander[18060:e937] (CoreSpotlight) sConnectionName: com.apple.spotlight.IndexAgent
2026-09-14 15:22:17.890 Df PeachCommander[18060:e937] (CoreSpotlight) Start service name com.apple.spotlight.IndexAgent
2026-09-14 15:22:17.890 I  PeachCommander[18060:e92c] [com.peachcommander:PCFoundation] MainWindowController initialized (config: <private>)
2026-09-14 15:22:17.890 Df PeachCommander[18060:e937] [com.apple.xpc:connection] [0x8ecf49400] activating connection: mach=true listener=false peer=false name=com.apple.spotlight.IndexAgent
2026-09-14 15:22:17.890 I  PeachCommander[18060:e92c] [com.peachcommander:PCFoundation] SelectionState initialized
2026-09-14 15:22:17.890 I  PeachCommander[18060:e92c] [com.peachcommander:PCFoundation] DirectoryModel initialized
2026-09-14 15:22:17.890 I  PeachCommander[18060:e92c] [com.peachcommander:PCFoundation] VolumeManager initialized
2026-09-14 15:22:17.890 I  PeachCommander[18060:e92c] [com.peachcommander:PCFoundation] PanelController initialized for <private> panel
2026-09-14 15:22:17.891 I  PeachCommander[18060:e92c] [com.peachcommander:PCFoundation] SelectionState initialized
2026-09-14 15:22:17.891 I  PeachCommander[18060:e92c] [com.peachcommander:PCFoundation] DirectoryModel initialized
2026-09-14 15:22:17.891 I  PeachCommander[18060:e92c] [com.peachcommander:PCFoundation] VolumeManager initialized
2026-09-14 15:22:17.891 I  PeachCommander[18060:e92c] [com.peachcommander:PCFoundation] PanelController initialized for <private> panel
2026-09-14 15:22:17.894 I  PeachCommander[18060:e92c] [com.apple.AppKit:Animation] Running new animation: <private>
2026-09-14 15:22:17.894 I  PeachCommander[18060:e92c] [com.apple.AppKit:Animation] Running new animation: <private>
2026-09-14 15:22:17.894 I  PeachCommander[18060:e92c] [com.apple.AppKit:Animation] Running new animation: <private>
2026-09-14 15:22:17.894 I  PeachCommander[18060:e92c] [com.apple.AppKit:Animation] Running new animation: <private>
2026-09-14 15:22:17.894 I  PeachCommander[18060:e92c] [com.apple.AppKit:Animation] Running new animation: <private>
2026-09-14 15:22:17.896 I  PeachCommander[18060:e92c] [com.apple.AppKit:Animation] Running new animation: <private>
2026-09-14 15:22:17.896 I  PeachCommander[18060:e92c] [com.apple.AppKit:Animation] Running new animation: <private>
2026-09-14 15:22:17.896 I  PeachCommander[18060:e92c] [com.apple.AppKit:Animation] Running new animation: <private>
2026-09-14 15:22:17.896 I  PeachCommander[18060:e92c] [com.apple.AppKit:Animation] Running new animation: <private>
2026-09-14 15:22:17.896 I  PeachCommander[18060:e92c] [com.apple.AppKit:Animation] Running new animation: <private>
2026-09-14 15:22:17.896 A  PeachCommander[18060:e932] (RunningBoardServices) didChangeInheritances
2026-09-14 15:22:17.901 I  PeachCommander[18060:e92c] [com.apple.CoreAnalytics:client] Dropping "com.apple.appkit.app_config" as it isn't used in any transform (not in the config or budgeted?)
2026-09-14 15:22:17.903 I  PeachCommander[18060:e92c] [com.apple.CoreAnalytics:client] Dropping "com.apple.appkit.app_config" as it isn't used in any transform (not in the config or budgeted?)
2026-09-14 15:22:17.907 I  PeachCommander[18060:e92c] [com.apple.launchservices:datasep] application record search init. Node: <FSNode 0x8ed6dec80> { isDir = ?, path = <private> } bundleID: (null) itemID: 0
2026-09-14 15:22:17.909 I  PeachCommander[18060:e92c] [com.apple.GenerativeModels:availability] Current availability state: unavailable, use cases: com.apple.Settings.AppleIntelligence,com.apple.Siri.NLRouter, language: en, api: <private>
2026-09-14 15:22:17.909 Df PeachCommander[18060:e92c] [com.apple.GenerativeModels:availability] isOkayToHaveAsset: False
2026-09-14 15:22:17.909 E  PeachCommander[18060:e92c] [com.apple.siri:Utility] AFIsDeviceGreymatterEligible Missing entitlements for os_eligibility lookup
2026-09-14 15:22:17.909 I  PeachCommander[18060:e92c] [com.apple.GenerativeModels:availability] Current availability state: unavailable, use cases: com.apple.Settings.AppleIntelligence, language: en, api: <private>
2026-09-14 15:22:17.909 Df PeachCommander[18060:e92c] [com.apple.GenerativeModels:availability] isOkayToHaveAsset: False
2026-09-14 15:22:17.909 Df PeachCommander[18060:e92c] [com.apple.siri:Utility] -[AFSystemAssistantExperienceStatusManager fetchGenerativeModelsAvailability] #SAEStatus #cacheUpdate Updating cache:
deviceSupportsSAE: 0 (0)
       saeEnabled: 0 (0)
     saeAvailable: 0 (0)
      swaiEnabled: 0 (0)
        viEnabled: 0 (0)
        siriAvailability:
        <private>
        ((null))
2026-09-14 15:22:17.909 Df PeachCommander[18060:e92c] [com.apple.xpc:connection] [0x8ec520140] activating connection: mach=true listener=false peer=false name=com.apple.iconservices
2026-09-14 15:22:17.909 Df PeachCommander[18060:e92c] [com.apple.xpc:connection] [0x8ec520280] activating connection: mach=true listener=false peer=false name=com.apple.iconservices.store
2026-09-14 15:22:17.913 I  PeachCommander[18060:e92c] [com.peachcommander:Theme] no user themes in /Users/admin/pc-cfg/themes
2026-09-14 15:22:17.913 Df PeachCommander[18060:e92c] [com.apple.AppKit:Appearance] Invalidate NSApp effectiveAppearance
2026-09-14 15:22:17.913 Df PeachCommander[18060:e92c] [com.apple.AppKit:Appearance] NSApp cache appearance:
-NSRequiresAquaSystemAppearance: 0
-appearance: <NSCompositeAppearance: 0x8ecc3d9a0
 (
    "<NSDarkAquaAppearance: 0x8ecc3da40>",
    "<NSSystemAppearance: 0x8ecc3c780>"
)>
-effectiveAppearance: <NSCompositeAppearance: 0x8ecc3d9a0
 (
    "<NSDarkAquaAppearance: 0x8ecc3da40>",
    "<NSSystemAppearance: 0x8ecc3c780>"
)>
2026-09-14 15:22:17.915 I  PeachCommander[18060:e92c] [com.peachcommander:PCFoundation] Theme applied: id=norton, appearance=dark, dark=true, background=#0000AA
2026-09-14 15:22:17.938 I  PeachCommander[18060:e92c] [com.apple.iconservices:foundation] layer data size zero
2026-09-14 15:22:17.938 I  PeachCommander[18060:e92c] [com.apple.CoreAnalytics:client] Dropping "com.apple.appkit.app_config" as it isn't used in any transform (not in the config or budgeted?)
2026-09-14 15:22:17.942 I  PeachCommander[18060:e92c] [com.peachcommander:PCFoundation] Keymap loaded: scheme=<private>, 82 effective bindings
2026-09-14 15:22:17.944 I  PeachCommander[18060:e92c] [com.apple.AppKit:Animation] Running new animation: <private>
2026-09-14 15:22:17.944 I  PeachCommander[18060:e92c] [com.apple.AppKit:Animation] Running new animation: <private>
2026-09-14 15:22:17.944 I  PeachCommander[18060:e92c] [com.apple.AppKit:Animation] Running new animation: <private>
2026-09-14 15:22:17.944 I  PeachCommander[18060:e92c] [com.apple.AppKit:Animation] Running new animation: <private>
2026-09-14 15:22:17.944 I  PeachCommander[18060:e92c] [com.apple.AppKit:Animation] Running new animation: <private>
2026-09-14 15:22:17.944 I  PeachCommander[18060:e92c] [com.apple.AppKit:Animation] Running new animation: <private>
2026-09-14 15:22:17.944 I  PeachCommander[18060:e92c] [com.apple.AppKit:Animation] Running new animation: <private>
2026-09-14 15:22:17.944 I  PeachCommander[18060:e92c] [com.apple.AppKit:Animation] Running new animation: <private>
2026-09-14 15:22:17.944 I  PeachCommander[18060:e92c] [com.apple.AppKit:Animation] Running new animation: <private>
2026-09-14 15:22:17.944 I  PeachCommander[18060:e92c] [com.apple.AppKit:Animation] Running new animation: <private>
2026-09-14 15:22:17.946 I  PeachCommander[18060:e92c] [com.apple.CoreAnalytics:client] Dropping "<private>" as it isn't used in any transform (not in the config or budgeted?)
2026-09-14 15:22:17.947 I  PeachCommander[18060:e92c] [com.apple.CoreAnalytics:client] Dropping "<private>" as it isn't used in any transform (not in the config or budgeted?)
2026-09-14 15:22:17.947 I  PeachCommander[18060:e92c] [com.apple.CoreAnalytics:client] Dropping "<private>" as it isn't used in any transform (not in the config or budgeted?)
2026-09-14 15:22:17.947 I  PeachCommander[18060:e92c] [com.peachcommander:PCFoundation] MainWindowController window loaded
2026-09-14 15:22:17.947 I  PeachCommander[18060:e92c] [com.apple.launchservices:cas] information in shared memory for 0x0-0xdd0dd with seed 535 was still valid, so using cached info { "ApplicationType"="Foreground", "BuildMachineOSBuild"="25E246", "BundleIdentifierLowerCase"="com.peachcommander.app", "CFBundleDevelopmentRegion"="en", "CFBundleDocumentTypes"=( { "CFBundleTypeName"="Peach Commander Plugin Package", "CFBundleTypeRole"="Viewer", "LSHandlerRank"="Owner", "LSItemContentTypes"=( "com.peachcommander.plugin-package") }), "CFBundleExecutable"="PeachCommander", "CFBundleExecutablePath"="/Users/admin/pc-test/PeachCommander.app/Contents/MacOS/PeachCommander", "CFBundleExecutablePathDeviceID"=16777229, "CFBundleExecutablePathINode"=487591, "CFBundleHelpBookFolder"="PeachCommander.help", "CFBundleHelpBookName"="Peach Commander Help", "CFBundleIconFile"="AppIcon", "CFBundleIconName"="AppIcon", "CFBundleIdentifier"="com.peachcommander.app", "CFBundleInfoDictionaryVersion"="6.0", "CFBundleName"="PeachCommander", "CFBundleNameLowerCase"="peachcommander", "CFBundleNumericVersion"=402685952, "CFBundlePackageType"="APPL", "CFBundleShortVersionString"="0.9.0", "CFBun<…>
2026-09-14 15:22:17.948 I  PeachCommander[18060:e92c] [com.apple.launchservices:cas] information in shared memory for 0x0-0xdd0dd with seed 535 was still valid, so using cached info { "ApplicationType"="Foreground", "BuildMachineOSBuild"="25E246", "BundleIdentifierLowerCase"="com.peachcommander.app", "CFBundleDevelopmentRegion"="en", "CFBundleDocumentTypes"=( { "CFBundleTypeName"="Peach Commander Plugin Package", "CFBundleTypeRole"="Viewer", "LSHandlerRank"="Owner", "LSItemContentTypes"=( "com.peachcommander.plugin-package") }), "CFBundleExecutable"="PeachCommander", "CFBundleExecutablePath"="/Users/admin/pc-test/PeachCommander.app/Contents/MacOS/PeachCommander", "CFBundleExecutablePathDeviceID"=16777229, "CFBundleExecutablePathINode"=487591, "CFBundleHelpBookFolder"="PeachCommander.help", "CFBundleHelpBookName"="Peach Commander Help", "CFBundleIconFile"="AppIcon", "CFBundleIconName"="AppIcon", "CFBundleIdentifier"="com.peachcommander.app", "CFBundleInfoDictionaryVersion"="6.0", "CFBundleName"="PeachCommander", "CFBundleNameLowerCase"="peachcommander", "CFBundleNumericVersion"=402685952, "CFBundlePackageType"="APPL", "CFBundleShortVersionString"="0.9.0", "CFBun<…>
2026-09-14 15:22:17.956 I  PeachCommander[18060:e92c] [com.apple.AppKit:Window] order window front conditionally: 38e related: 0
2026-09-14 15:22:17.956 Df PeachCommander[18060:e92c] [com.apple.AppKit:AutomaticTermination] void _NSEnableAutomaticTerminationAndLog(NSString *) No windows open yet
2026-09-14 15:22:17.956 I  PeachCommander[18060:e92c] [com.apple.AppKit:Intelligence] starting collection observation
2026-09-14 15:22:17.956 Df PeachCommander[18060:e933] [com.apple.UIIntelligenceSupport:xpc] establishing connection to agent
2026-09-14 15:22:17.957 Df PeachCommander[18060:e933] [com.apple.xpc:session] [0x8ec769630] Session created.
2026-09-14 15:22:17.957 Df PeachCommander[18060:e933] [com.apple.xpc:session] [0x8ec769630] Session created from connection [0x8ec522440]
2026-09-14 15:22:17.957 Df PeachCommander[18060:e933] [com.apple.xpc:connection] [0x8ec522440] activating connection: mach=true listener=false peer=false name=com.apple.uiintelligencesupport.agent
2026-09-14 15:22:17.957 I  PeachCommander[18060:e92c] [com.apple.SkyLight:processes] 0[outside of RPC]: SLSSetFrontProcessWithInfo(0x0-0x2 window=0 options=0x1
2026-09-14 15:22:17.957 Df PeachCommander[18060:e933] [com.apple.xpc:session] [0x8ec769630] Session activated
2026-09-14 15:22:17.957 I  PeachCommander[18060:e92c] [com.apple.launchservices:cas] information in shared memory for 0x0-0xdd0dd with seed 535 was still valid, so using cached info { "ApplicationType"="Foreground", "BuildMachineOSBuild"="25E246", "BundleIdentifierLowerCase"="com.peachcommander.app", "CFBundleDevelopmentRegion"="en", "CFBundleDocumentTypes"=( { "CFBundleTypeName"="Peach Commander Plugin Package", "CFBundleTypeRole"="Viewer", "LSHandlerRank"="Owner", "LSItemContentTypes"=( "com.peachcommander.plugin-package") }), "CFBundleExecutable"="PeachCommander", "CFBundleExecutablePath"="/Users/admin/pc-test/PeachCommander.app/Contents/MacOS/PeachCommander", "CFBundleExecutablePathDeviceID"=16777229, "CFBundleExecutablePathINode"=487591, "CFBundleHelpBookFolder"="PeachCommander.help", "CFBundleHelpBookName"="Peach Commander Help", "CFBundleIconFile"="AppIcon", "CFBundleIconName"="AppIcon", "CFBundleIdentifier"="com.peachcommander.app", "CFBundleInfoDictionaryVersion"="6.0", "CFBundleName"="PeachCommander", "CFBundleNameLowerCase"="peachcommander", "CFBundleNumericVersion"=402685952, "CFBundlePackageType"="APPL", "CFBundleShortVersionString"="0.9.0", "CFBun<…>
2026-09-14 15:22:17.957 Df PeachCommander[18060:e933] [com.apple.UIIntelligenceSupport:xpc] Connection established with agent PID: 1207
2026-09-14 15:22:17.958 Df PeachCommander[18060:e92c] [com.apple.xpc:connection] [0x8ec522580] activating connection: mach=true listener=false peer=false name=com.apple.FileCoordination
2026-09-14 15:22:17.958 Df PeachCommander[18060:e933] [com.apple.foundation.filecoordination:presenter] Adding presenter AD762F49-C833-4937-B32B-E81D4F8DC27F for URL: <private>
2026-09-14 15:22:17.958 I  PeachCommander[18060:e92c] [com.apple.launchservices:cas] information in shared memory for 0x0-0xdd0dd with seed 535 was still valid, so using cached info { "ApplicationType"="Foreground", "BuildMachineOSBuild"="25E246", "BundleIdentifierLowerCase"="com.peachcommander.app", "CFBundleDevelopmentRegion"="en", "CFBundleDocumentTypes"=( { "CFBundleTypeName"="Peach Commander Plugin Package", "CFBundleTypeRole"="Viewer", "LSHandlerRank"="Owner", "LSItemContentTypes"=( "com.peachcommander.plugin-package") }), "CFBundleExecutable"="PeachCommander", "CFBundleExecutablePath"="/Users/admin/pc-test/PeachCommander.app/Contents/MacOS/PeachCommander", "CFBundleExecutablePathDeviceID"=16777229, "CFBundleExecutablePathINode"=487591, "CFBundleHelpBookFolder"="PeachCommander.help", "CFBundleHelpBookName"="Peach Commander Help", "CFBundleIconFile"="AppIcon", "CFBundleIconName"="AppIcon", "CFBundleIdentifier"="com.peachcommander.app", "CFBundleInfoDictionaryVersion"="6.0", "CFBundleName"="PeachCommander", "CFBundleNameLowerCase"="peachcommander", "CFBundleNumericVersion"=402685952, "CFBundlePackageType"="APPL", "CFBundleShortVersionString"="0.9.0", "CFBun<…>
2026-09-14 15:22:17.961 I  PeachCommander[18060:e92c] [com.apple.AppKit:Window] order all windows front 1214694839125
2026-09-14 15:22:17.961 I  PeachCommander[18060:e92c] [com.apple.launchservices:cas] information in shared memory for 0x0-0xdd0dd with seed 535 was still valid, so using cached info { "ApplicationType"="Foreground", "BuildMachineOSBuild"="25E246", "BundleIdentifierLowerCase"="com.peachcommander.app", "CFBundleDevelopmentRegion"="en", "CFBundleDocumentTypes"=( { "CFBundleTypeName"="Peach Commander Plugin Package", "CFBundleTypeRole"="Viewer", "LSHandlerRank"="Owner", "LSItemContentTypes"=( "com.peachcommander.plugin-package") }), "CFBundleExecutable"="PeachCommander", "CFBundleExecutablePath"="/Users/admin/pc-test/PeachCommander.app/Contents/MacOS/PeachCommander", "CFBundleExecutablePathDeviceID"=16777229, "CFBundleExecutablePathINode"=487591, "CFBundleHelpBookFolder"="PeachCommander.help", "CFBundleHelpBookName"="Peach Commander Help", "CFBundleIconFile"="AppIcon", "CFBundleIconName"="AppIcon", "CFBundleIdentifier"="com.peachcommander.app", "CFBundleInfoDictionaryVersion"="6.0", "CFBundleName"="PeachCommander", "CFBundleNameLowerCase"="peachcommander", "CFBundleNumericVersion"=402685952, "CFBundlePackageType"="APPL", "CFBundleShortVersionString"="0.9.0", "CFBun<…>
2026-09-14 15:22:17.961 I  PeachCommander[18060:e92c] [com.apple.showhide:pr-59900543] SHOWHIDE: CONFIRM, id=380, err=0
2026-09-14 15:22:17.961 I  PeachCommander[18060:e92c] [com.apple.AppKit:Window] context (0 -> b8eb1995) for window 38d
2026-09-14 15:22:17.961 I  PeachCommander[18060:e92c] [com.apple.AppKit:Window] context (0 -> d1ddaada) for window 38c
2026-09-14 15:22:17.961 I  PeachCommander[18060:e92c] [com.apple.AppKit:Window] context (0 -> 362e64a) for window 38b
2026-09-14 15:22:17.961 I  PeachCommander[18060:e92c] [com.apple.AppKit:Window] context (0 -> bbd892a) for window 38a
2026-09-14 15:22:17.977 I  PeachCommander[18060:e92c] [com.apple.iconservices:foundation] layer data size zero
2026-09-14 15:22:17.984 Df PeachCommander[18060:e92c] [com.apple.AppKit:AutomaticTermination] void _updateToReflectAutomaticTerminationState(void) Setting _kLSApplicationWouldBeTerminatedByTALKey=0
2026-09-14 15:22:18.018 A  PeachCommander[18060:e938] (RunningBoardServices) didChangeInheritances
2026-09-14 15:22:18.042 Df PeachCommander[18060:e92c] [com.apple.libsystem.libdispatch:] DEPRECATED USE in libdispatch client: dispatch source activated with no event handler set; set a breakpoint on _dispatch_bug_deprecated to debug
2026-09-14 15:22:18.130 I  PeachCommander[18060:e92c] [com.apple.coreanimation:Utilities] IOSurface Compression Enabled: NO
2026-09-14 15:22:18.131 Df PeachCommander[18060:e933] [com.apple.coreanimation:Metal] Precompiled pipelines disabled on unsupported hardware.
2026-09-14 15:22:18.141 I  PeachCommander[18060:e92c] [com.apple.CarbonCore:gestalt] SetGestaltValuesBulk SetGestaltValuesBulk( count=22 tuples=0x185b96650
2026-09-14 15:22:18.141 I  PeachCommander[18060:e92c] [com.apple.CarbonCore:gestalt] SetGestaltValue SetGestaltValue(alis 1C9) => 0
2026-09-14 15:22:18.141 I  PeachCommander[18060:e92c] [com.apple.CarbonCore:gestalt] SetGestaltValue SetGestaltValue(os   FE) => 0
2026-09-14 15:22:18.141 I  PeachCommander[18060:e92c] [com.apple.CarbonCore:gestalt] SetGestaltValue SetGestaltValue(addr 7) => 0
2026-09-14 15:22:18.141 I  PeachCommander[18060:e92c] [com.apple.CarbonCore:gestalt] SetGestaltValue SetGestaltValue(fs   3D332) => 0
2026-09-14 15:22:18.141 I  PeachCommander[18060:e92c] [com.apple.CarbonCore:gestalt] SetGestaltValue SetGestaltValue(fold 11) => 0
2026-09-14 15:22:18.141 I  PeachCommander[18060:e92c] [com.apple.CarbonCore:gestalt] SetGestaltValue SetGestaltValue(lram 7FFFF000) => 0
2026-09-14 15:22:18.141 I  PeachCommander[18060:e92c] [com.apple.CarbonCore:gestalt] SetGestaltValue SetGestaltValue(mmap 1) => 0
2026-09-14 15:22:18.141 I  PeachCommander[18060:e92c] [com.apple.CarbonCore:gestalt] SetGestaltValue SetGestaltValue(cfrg 1) => 0
2026-09-14 15:22:18.141 I  PeachCommander[18060:e92c] [com.apple.CarbonCore:gestalt] SetGestaltValue SetGestaltValue(thds 7) => 0
2026-09-14 15:22:18.141 I  PeachCommander[18060:e92c] [com.apple.CarbonCore:gestalt] SetGestaltValue SetGestaltValue(tmgr E) => 0
2026-09-14 15:22:18.141 I  PeachCommander[18060:e92c] [com.apple.CarbonCore:gestalt] SetGestaltValue SetGestaltValue(vers 7) => 0
2026-09-14 15:22:18.141 I  PeachCommander[18060:e92c] [com.apple.CarbonCore:gestalt] SetGestaltValue SetGestaltValue(cbon 160) => 0
2026-09-14 15:22:18.141 I  PeachCommander[18060:e92c] [com.apple.CarbonCore:gestalt] SetGestaltValue SetGestaltValue(cltn 1108000) => 0
2026-09-14 15:22:18.141 I  PeachCommander[18060:e92c] [com.apple.CarbonCore:gestalt] SetGestaltValue SetGestaltValue(cpnt 8) => 0
2026-09-14 15:22:18.141 I  PeachCommander[18060:e92c] [com.apple.CarbonCore:gestalt] SetGestaltValue SetGestaltValue(rsrc 3) => 0
2026-09-14 15:22:18.141 I  PeachCommander[18060:e92c] [com.apple.CarbonCore:gestalt] SetGestaltValue SetGestaltValue(rmbg 11F) => 0
2026-09-14 15:22:18.141 I  PeachCommander[18060:e92c] [com.apple.CarbonCore:gestalt] SetGestaltValue SetGestaltValue(vm   11) => 0
2026-09-14 15:22:18.141 I  PeachCommander[18060:e92c] [com.apple.CarbonCore:gestalt] SetGestaltValue SetGestaltValue(srad 4170706C) => 0
2026-09-14 15:22:18.141 I  PeachCommander[18060:e92c] [com.apple.CarbonCore:gestalt] SetGestaltValue SetGestaltValue(sysa 14) => 0
2026-09-14 15:22:18.141 I  PeachCommander[18060:e92c] [com.apple.CarbonCore:gestalt] SetGestaltValue SetGestaltValue(copl 9) => 0
2026-09-14 15:22:18.141 I  PeachCommander[18060:e92c] [com.apple.CarbonCore:gestalt] SetGestaltValue SetGestaltValue(xlat 0) => 0
2026-09-14 15:22:18.141 I  PeachCommander[18060:e92c] [com.apple.CarbonCore:gestalt] SetGestaltValue SetGestaltValue(stdf 0) => 0
2026-09-14 15:22:18.141 I  PeachCommander[18060:e92c] [com.apple.CarbonCore:gestalt] _NewGestalt _NewGestalt(ram  0x185b0f644) => 0
2026-09-14 15:22:18.141 I  PeachCommander[18060:e92c] [com.apple.CarbonCore:gestalt] _NewGestalt _NewGestalt(ramm 0x185b0f644) => 0
2026-09-14 15:22:18.141 I  PeachCommander[18060:e92c] [com.apple.CarbonCore:gestalt] _NewGestalt _NewGestalt(cput 0x185b0f734) => 0
2026-09-14 15:22:18.141 I  PeachCommander[18060:e92c] [com.apple.CarbonCore:gestalt] _NewGestalt _NewGestalt(cpuf 0x185b0f764) => 0
2026-09-14 15:22:18.141 I  PeachCommander[18060:e92c] [com.apple.CarbonCore:gestalt] _NewGestalt _NewGestalt(bclk 0x185b0f794) => 0
2026-09-14 15:22:18.141 I  PeachCommander[18060:e92c] [com.apple.CarbonCore:gestalt] _NewGestalt _NewGestalt(bclm 0x185b0f794) => 0
2026-09-14 15:22:18.141 I  PeachCommander[18060:e92c] [com.apple.CarbonCore:gestalt] _NewGestalt _NewGestalt(pclk 0x185b0f834) => 0
2026-09-14 15:22:18.141 I  PeachCommander[18060:e92c] [com.apple.CarbonCore:gestalt] _NewGestalt _NewGestalt(mclk 0x185b0f834) => 0
2026-09-14 15:22:18.141 I  PeachCommander[18060:e92c] [com.apple.CarbonCore:gestalt] _NewGestalt _NewGestalt(a/ux 0x185b0f94c) => 0
2026-09-14 15:22:18.141 I  PeachCommander[18060:e92c] [com.apple.CarbonCore:gestalt] _NewGestalt _NewGestalt(pgsz 0x185b0f954) => 0
2026-09-14 15:22:18.141 I  PeachCommander[18060:e92c] [com.apple.CarbonCore:gestalt] _NewGestalt _NewGestalt(csiz 0x185b0f994) => 0
2026-09-14 15:22:18.141 I  PeachCommander[18060:e92c] [com.apple.CarbonCore:gestalt] _NewGestalt _NewGestalt(sysv 0x185abadfc) => 0
2026-09-14 15:22:18.141 I  PeachCommander[18060:e92c] [com.apple.CarbonCore:gestalt] _NewGestalt _NewGestalt(sys1 0x185abadfc) => 0
2026-09-14 15:22:18.141 I  PeachCommander[18060:e92c] [com.apple.CarbonCore:gestalt] _NewGestalt _NewGestalt(sys2 0x185abadfc) => 0
2026-09-14 15:22:18.141 I  PeachCommander[18060:e92c] [com.apple.CarbonCore:gestalt] _NewGestalt _NewGestalt(sys3 0x185abadfc) => 0
2026-09-14 15:22:18.141 I  PeachCommander[18060:e92c] [com.apple.CarbonCore:gestalt] _NewGestalt _NewGestalt(cdfl 0x185b0f9d4) => 0
2026-09-14 15:22:18.141 I  PeachCommander[18060:e92c] [com.apple.CarbonCore:gestalt] _NewGestalt _NewGestalt(cdrm 0x185b0fc30) => 0
2026-09-14 15:22:18.141 I  PeachCommander[18060:e92c] [com.apple.CarbonCore:gestalt] _NewGestalt _NewGestalt(cpus 0x185b0fc78) => 0
2026-09-14 15:22:18.141 I  PeachCommander[18060:e92c] [com.apple.CarbonCore:gestalt] SetGestaltValue SetGestaltValue(swex 1) => 0
2026-09-14 15:22:18.141 Df PeachCommander[18060:e92c] [com.apple.xpc:connection] [0x8ec523980] activating connection: mach=false listener=false peer=false name=com.apple.hiservices-xpcservice
2026-09-14 15:22:18.142 I  PeachCommander[18060:e92c] [com.apple.CFPasteboard:entry] CopyData('ApplePerContextInputPasteboard' (<CFUUID 0x8ec005de0> 3E8664C4-99DF-457A-8C44-2B1CE1DA55B3) gen: -1 item: 1264739405 flavor: 'ApplePerContextInputFlavor')
2026-09-14 15:22:18.142 I  PeachCommander[18060:e92c] [com.apple.CFPasteboard:cache] Rebuilding cache for 'ApplePerContextInputPasteboard' (<CFUUID 0x8ec005de0> 3E8664C4-99DF-457A-8C44-2B1CE1DA55B3)
2026-09-14 15:22:18.142 I  PeachCommander[18060:e92c] [com.apple.CFPasteboard:general] Will request data from daemon
2026-09-14 15:22:18.142 I  PeachCommander[18060:e92c] [com.apple.CFPasteboard:exit] (not-in-cache) - result: 0 generation: 1 data (182 bytes) flags: 0
2026-09-14 15:22:18.142 I  PeachCommander[18060:e92c] [com.apple.CFPasteboard:entry] CopyData('DefaultAsciiKeyboardLayoutPasteboard' (<CFUUID 0x8ecdd0140> D0FF4AA1-7951-4792-A022-6FBEB5610152) gen: -1 item: 1264739405 flavor: 'DefaultAsciiKeyboardLayoutFlavor')
2026-09-14 15:22:18.142 I  PeachCommander[18060:e92c] [com.apple.CFPasteboard:exit] (not-in-cache) - result: -8 generation: 0 null data flags: 0
2026-09-14 15:22:18.144 I  PeachCommander[18060:e92c] [com.apple.AppKit:Window] context (0 -> 62abe549) for window 38f
2026-09-14 15:22:18.144 Df PeachCommander[18060:e92c] [com.apple.inputmethodkitClient:Client] +[IMKClient subclass]: chose IMKClient_Modern
2026-09-14 15:22:18.145 Df PeachCommander[18060:e92c] [com.apple.BoardServices:XPCErrors] [C:2] Alloc com.apple.backboard.hid-services.xpc
2026-09-14 15:22:18.145 Df PeachCommander[18060:e92c] [com.apple.xpc:connection] [0x8ec523ac0] activating connection: mach=false listener=false peer=false name=(anonymous)
2026-09-14 15:22:18.145 E  PeachCommander[18060:e933] [com.apple.BaseBoard:Common] Unable to obtain a task name port right for pid 163: (os/kern) failure (0x5)
2026-09-14 15:22:18.145 Df PeachCommander[18060:e933] [com.apple.xpc:connection] [0x8ec522940] activating connection: mach=false listener=false peer=false name=com.apple.TextInputUI.xpc.CursorUIViewService
2026-09-14 15:22:18.145 Df PeachCommander[18060:e93d] [com.apple.xpc:connection] [0x8ec522940] invalidated after the last release of the connection object
2026-09-14 15:22:18.145 I  PeachCommander[18060:e92c] [com.apple.CFPasteboard:entry] CopyData('DefaultAsciiKeyboardLayoutPasteboard' (<CFUUID 0x8ecdd0140> D0FF4AA1-7951-4792-A022-6FBEB5610152) gen: -1 item: 1264739405 flavor: 'DefaultAsciiKeyboardLayoutFlavor')
2026-09-14 15:22:18.145 I  PeachCommander[18060:e92c] [com.apple.CFPasteboard:exit] (not-in-cache) - result: -8 generation: 0 null data flags: 0
2026-09-14 15:22:18.146 Df PeachCommander[18060:e92c] [com.apple.xpc:connection] [0x8ec522800] activating connection: mach=false listener=false peer=false name=(anonymous)
2026-09-14 15:22:18.146 Df PeachCommander[18060:e92c] [com.apple.xpc:connection] [0x8ec522940] activating connection: mach=false listener=false peer=false name=com.apple.ViewBridgeAuxiliary
2026-09-14 15:22:18.146 Df PeachCommander[18060:e92c] [com.apple.xpc:connection] [0x8ec5221c0] activating connection: mach=false listener=false peer=false name=(anonymous)
2026-09-14 15:22:18.146 Df PeachCommander[18060:e92c] [com.apple.xpc:connection] [0x8ec522940] invalidated after the last release of the connection object
2026-09-14 15:22:18.160 Df PeachCommander[18060:e92c] [com.apple.TextInputUI:CursorUI] -[TUINSCursorUIController activate:]_block_invoke: Create CursorUIViewService: TUINSRemoteViewController
2026-09-14 15:22:18.161 I  PeachCommander[18060:e92c] [com.apple.AppKit:Window] window <TUINSWindow: 0x8edd30280> windowNumber=38f finishing close
2026-09-14 15:22:18.161 I  PeachCommander[18060:e92c] [com.apple.AppKit:Window] order window: 38f op: 0 relative: 0 related: 0
2026-09-14 15:22:18.168 A  PeachCommander[18060:e93d] (CoreFoundation) Loading Preferences From System CFPrefsD
2026-09-14 15:22:18.209 I  PeachCommander[18060:e92c] [com.apple.iconservices:foundation] layer data size zero
2026-09-14 15:22:18.210 A  PeachCommander[18060:e92c] (CoreFoundation) Loading Preferences From User CFPrefsD
2026-09-14 15:22:18.210 I  PeachCommander[18060:e92c] [com.apple.CoreAnalytics:client] Dropping "com.apple.ImageIO.readerSelection" as it isn't used in any transform (not in the config or budgeted?)
2026-09-14 15:22:18.220 A  PeachCommander[18060:e93d] (libsystem_info.dylib) Retrieve Group by ID
2026-09-14 15:22:18.267 I  PeachCommander[18060:e92c] [com.apple.CoreAnalytics:client] Dropping "com.apple.appkit.app_config" as it isn't used in any transform (not in the config or budgeted?)
2026-09-14 15:22:18.267 I  PeachCommander[18060:e92c] [com.apple.SafariPlatformSupport:SafariPlatformSupport] -[SFSafariPlatformSupport credentialSelected:] with nil credential
2026-09-14 15:22:18.267 I  PeachCommander[18060:e92c] [com.apple.SafariPlatformSupport:SafariPlatformSupport] -[SFSafariPlatformSupport oneTimeCodeSelected:] with nil code
2026-09-14 15:22:18.392 I  PeachCommander[18060:e93e] [com.apple.AppKit:WindowTab] Indexing 1 items
2026-09-14 15:22:18.392 A  PeachCommander[18060:e93e] (CoreSpotlight) end-index-batch
2026-09-14 15:22:18.392 Df PeachCommander[18060:e93e] [com.apple.corespotlight:index] *warn* MailCS ======%%% _setMailMessageAttributes skip:1
2026-09-14 15:22:18.392 A  PeachCommander[18060:e93e] (CoreSpotlight) index-items
2026-09-14 15:22:18.392 Df PeachCommander[18060:e93e] [com.apple.corespotlight:index] CSInlineDonation:<private>: Skipping donation (feature flag disabled)
2026-09-14 15:22:18.393 Df PeachCommander[18060:e93e] [com.apple.corespotlight:index] CSInlineDonation:<private>: Skipping donation (feature flag disabled)
2026-09-14 15:22:18.502 I  PeachCommander[18060:e92c] [com.apple.HIToolbox:MBDisplays] <private>
2026-09-14 15:22:18.502 I  PeachCommander[18060:e92c] [com.apple.HIToolbox:MBDisplays] <private>
2026-09-14 15:22:18.502 Df PeachCommander[18060:e92c] [com.apple.BoardServices:XPCErrors] [C:3] Alloc com.apple.backboard.hid-services.xpc
2026-09-14 15:22:18.502 Df PeachCommander[18060:e92c] [com.apple.xpc:connection] [0x8ec522940] activating connection: mach=false listener=false peer=false name=(anonymous)
2026-09-14 15:22:18.502 Df PeachCommander[18060:e932] [com.apple.BackBoard:EventDelivery] BKSHIDEventDeliveryManager - connection activation
2026-09-14 15:22:18.556 Df PeachCommander[18060:e933] [com.apple.xpc:connection] [0x8ec521e00] activating connection: mach=false listener=false peer=false name=com.apple.SafariPlatformSupport.Helper
2026-09-14 15:22:18.557 I  PeachCommander[18060:e92c] [com.peachcommander:PCFoundation] Session restored
2026-09-14 15:22:18.557 Df PeachCommander[18060:e92c] (Foundation) <private>
2026-09-14 15:22:18.557 I  PeachCommander[18060:e92c] [com.peachcommander:PCFoundation] [automation] running /Users/admin/auto.txt
2026-09-14 15:22:18.557 Df PeachCommander[18060:e92c] (Foundation) <private>
2026-09-14 15:22:18.557 I  PeachCommander[18060:e92c] [com.peachcommander:PCFoundation] [automation] > active left
2026-09-14 15:22:18.558 Df PeachCommander[18060:e92c] (Foundation) <private>
2026-09-14 15:22:18.558 I  PeachCommander[18060:e92c] [com.peachcommander:PCFoundation] [automation] > left /Users/admin/pc-demo
2026-09-14 15:22:18.608 Df PeachCommander[18060:e938] [com.apple.xpc:connection] [0x8ec521e00] invalidated after the last release of the connection object
2026-09-14 15:22:18.616 I  PeachCommander[18060:e92c] [com.apple.launchservices:cas] Removing cached information for app [ 0x0-0xdd0dd]  "PeachCommander", as its seed is different from that in shared memory ( 535 vs 537)
2026-09-14 15:22:18.616 Df PeachCommander[18060:e92c] [com.apple.xpc:connection] [0x8ec521cc0] activating connection: mach=false listener=false peer=false name=(anonymous)
2026-09-14 15:22:18.616 Df PeachCommander[18060:e92c] [com.apple.xpc:connection] [0x8ec521e00] activating connection: mach=false listener=false peer=false name=(anonymous)
2026-09-14 15:22:18.617 I  PeachCommander[18060:e92c] [com.apple.launchservices:datasep] application record search init. Node: <FSNode 0x8ee56c8e0> { isDir = y, path = <private> } bundleID: (null) itemID: 0
2026-09-14 15:22:18.617 I  PeachCommander[18060:e92c] [com.apple.launchservices:datasep] application record search init. Node: <FSNode 0x8ee56c8e0> { isDir = y, path = <private> } bundleID: (null) itemID: 0
2026-09-14 15:22:18.617 I  PeachCommander[18060:e92c] [com.apple.SafariPlatformSupport:SafariPlatformSupport] -[SFSafariPlatformSupport credentialSelected:] with nil credential
2026-09-14 15:22:18.617 I  PeachCommander[18060:e92c] [com.apple.SafariPlatformSupport:SafariPlatformSupport] -[SFSafariPlatformSupport oneTimeCodeSelected:] with nil code
2026-09-14 15:22:18.625 Df PeachCommander[18060:e92c] (Foundation) <private>
2026-09-14 15:22:18.625 I  PeachCommander[18060:e92c] [com.peachcommander:PCFoundation] [automation] > wait 1500
2026-09-14 15:22:18.644 I  PeachCommander[18060:e92c] [com.apple.AppKit:Image] ISImage reported a placeholder, image rep is providing a placeholder image for <private>
2026-09-14 15:22:18.644 I  PeachCommander[18060:e92c] [com.apple.AppKit:Image] ISImage reported a placeholder, image rep is providing a placeholder image for <private>
2026-09-14 15:22:18.644 I  PeachCommander[18060:e937] [com.apple.iconservices:foundation] layer data size zero
2026-09-14 15:22:18.646 I  PeachCommander[18060:e92c] [com.apple.AppKit:Image] ISImage reported a placeholder, image rep is providing a placeholder image for <private>
2026-09-14 15:22:18.646 I  PeachCommander[18060:e92c] [com.apple.AppKit:Image] ISImage reported a placeholder, image rep is providing a placeholder image for <private>
2026-09-14 15:22:18.647 I  PeachCommander[18060:e92c] [com.apple.AppKit:Image] ISImage reported a placeholder, image rep is providing a placeholder image for <private>
2026-09-14 15:22:18.647 I  PeachCommander[18060:e92c] [com.apple.AppKit:Image] ISImage reported a placeholder, image rep is providing a placeholder image for <private>
2026-09-14 15:22:18.648 I  PeachCommander[18060:e92c] [com.apple.AppKit:Image] ISImage reported a placeholder, image rep is providing a placeholder image for <private>
2026-09-14 15:22:18.648 I  PeachCommander[18060:e92c] [com.apple.AppKit:Image] ISImage reported a placeholder, image rep is providing a placeholder image for <private>
2026-09-14 15:22:18.649 I  PeachCommander[18060:e92c] [com.apple.AppKit:Image] ISImage reported a placeholder, image rep is providing a placeholder image for <private>
2026-09-14 15:22:18.649 I  PeachCommander[18060:e92c] [com.apple.AppKit:Image] ISImage reported a placeholder, image rep is providing a placeholder image for <private>
2026-09-14 15:22:18.650 I  PeachCommander[18060:e92c] [com.apple.AppKit:Image] ISImage reported a placeholder, image rep is providing a placeholder image for <private>
2026-09-14 15:22:18.650 I  PeachCommander[18060:e92c] [com.apple.AppKit:Image] ISImage reported a placeholder, image rep is providing a placeholder image for <private>
2026-09-14 15:22:18.654 I  PeachCommander[18060:e937] [com.apple.iconservices:foundation] layer data size zero
2026-09-14 15:22:18.681 I  PeachCommander[18060:e92c] [com.apple.iconservices:foundation] layer data size zero
2026-09-14 15:22:18.681 I  PeachCommander[18060:e92c] [com.apple.AppKit:Image] ISImage reported a placeholder, image rep is providing a placeholder image for <private>
2026-09-14 15:22:18.681 I  PeachCommander[18060:e92c] [com.apple.iconservices:foundation] layer data size zero
2026-09-14 15:22:18.681 I  PeachCommander[18060:e92c] [com.apple.AppKit:Image] ISImage reported a placeholder, image rep is providing a placeholder image for <private>
2026-09-14 15:22:18.681 I  PeachCommander[18060:e92c] [com.apple.iconservices:foundation] layer data size zero
2026-09-14 15:22:18.681 I  PeachCommander[18060:e92c] [com.apple.AppKit:Image] ISImage reported a placeholder, image rep is providing a placeholder image for <private>
2026-09-14 15:22:18.682 I  PeachCommander[18060:e92c] [com.apple.AppKit:Image] ISImage reported a placeholder, image rep is providing a placeholder image for <private>
2026-09-14 15:22:18.682 I  PeachCommander[18060:e92c] [com.apple.AppKit:Image] ISImage reported a placeholder, image rep is providing a placeholder image for <private>
2026-09-14 15:22:18.682 I  PeachCommander[18060:e92c] [com.apple.iconservices:foundation] layer data size zero
2026-09-14 15:22:18.682 I  PeachCommander[18060:e92c] [com.apple.AppKit:Image] ISImage reported a placeholder, image rep is providing a placeholder image for <private>
2026-09-14 15:22:18.688 I  PeachCommander[18060:e92c] [com.apple.iconservices:foundation] layer data size zero
2026-09-14 15:22:18.688 I  PeachCommander[18060:e92c] [com.apple.iconservices:foundation] layer data size zero
2026-09-14 15:22:18.688 I  PeachCommander[18060:e92c] [com.apple.iconservices:foundation] layer data size zero
2026-09-14 15:22:18.688 I  PeachCommander[18060:e92c] [com.apple.iconservices:foundation] layer data size zero
2026-09-14 15:22:18.688 I  PeachCommander[18060:e92c] [com.apple.SafariPlatformSupport:SafariPlatformSupport] -[SPSafariPlatformSupport completionListPreferredContentSizeDidUpdate] with size {0, 0}, in window that is visible
2026-09-14 15:22:19.235 I  PeachCommander[18060:e9c5] [com.apple.AppKit:WindowTab] Indexing 1 items
2026-09-14 15:22:19.235 A  PeachCommander[18060:e9c5] (CoreSpotlight) end-index-batch
2026-09-14 15:22:19.235 A  PeachCommander[18060:e9c5] (CoreSpotlight) index-items
2026-09-14 15:22:19.235 Df PeachCommander[18060:e9c5] [com.apple.corespotlight:index] CSInlineDonation:<private>: Skipping donation (feature flag disabled)
2026-09-14 15:22:19.235 Df PeachCommander[18060:e9c5] [com.apple.corespotlight:index] CSInlineDonation:<private>: Skipping donation (feature flag disabled)
2026-09-14 15:22:20.208 Df PeachCommander[18060:e92c] (Foundation) <private>
2026-09-14 15:22:20.208 I  PeachCommander[18060:e92c] [com.peachcommander:PCFoundation] [automation] > menudump /Users/admin/menu-eject.txt
2026-09-14 15:22:20.210 Df PeachCommander[18060:e92c] (Foundation) <private>
2026-09-14 15:22:20.210 Df PeachCommander[18060:e92c] (Foundation) <private>
2026-09-14 15:22:20.210 I  PeachCommander[18060:e92c] [com.peachcommander:PCFoundation] [automation] > wait 500
2026-09-14 15:22:20.729 Df PeachCommander[18060:e92c] (Foundation) <private>
2026-09-14 15:22:20.729 I  PeachCommander[18060:e92c] [com.peachcommander:PCFoundation] [automation] done
