Timestamp               Ty Process[PID:TID]
2026-09-16 15:56:08.360 A  PeachCommander[26459:150b2] (libsystem_info.dylib) Retrieve User by ID
2026-09-16 15:56:08.360 Df PeachCommander[26459:150b2] [com.apple.xpc:connection] [0x10682e4d0] activating connection: mach=true listener=false peer=false name=com.apple.cfprefsd.daemon
2026-09-16 15:56:08.360 Df PeachCommander[26459:150b8] [com.apple.xpc:connection] [0x10682f5d0] activating connection: mach=true listener=false peer=false name=com.apple.cfprefsd.agent
2026-09-16 15:56:08.362 Df PeachCommander[26459:150b2] [com.apple.xpc:connection] [0x106833c30] activating connection: mach=true listener=false peer=false name=com.apple.coreservices.launchservicesd
2026-09-16 15:56:08.362 I  PeachCommander[26459:150b2] [com.apple.launchservices:cas] Registering for notification <private> on default queue, to re-boostrap client connection.
2026-09-16 15:56:08.362 Df PeachCommander[26459:150b2] [com.apple.xpc:connection] [0xb9cc80000] activating connection: mach=true listener=false peer=false name=com.apple.pasteboard.1
2026-09-16 15:56:08.362 Df PeachCommander[26459:150b2] [com.apple.xpc:connection] [0xb9cc80140] activating connection: mach=true listener=false peer=false name=com.apple.distributed_notifications@Uv3
2026-09-16 15:56:08.364 Df PeachCommander[26459:150b2] [com.apple.AppKit:AutomaticTermination] void _NSDisableAutomaticTerminationAndLog(NSString *) No windows open yet
2026-09-16 15:56:08.364 A  PeachCommander[26459:150b2] (TCC) TCCAccessRequest() IPC
2026-09-16 15:56:08.364 Df PeachCommander[26459:150b2] [com.apple.xpc:connection] [0xb9cc80280] activating connection: mach=true listener=false peer=false name=com.apple.tccd.system
2026-09-16 15:56:08.364 I  PeachCommander[26459:150b2] [com.apple.TCC:access] SEND: 0/7 synchronous to com.apple.tccd.system: request: msgID=26459.1, function=TCCAccessRequest, service=kTCCServiceListenEvent,
2026-09-16 15:56:08.365 I  PeachCommander[26459:150b2] [com.apple.TCC:access] RECV: synchronous reply <dictionary: 0xb9cc50000> { count = 5, transaction: 0, voucher = 0x0, contents =
	"prompt_type" => <uint64: 0xa41157f7f87cb5f7>: 1
	"auth_value" => <uint64: 0xa41157f7f87cb5f7>: 1
	"preflight_unknown" => <bool: 0x1f3191190>: true
	"auth_version" => <uint64: 0xa41157f7f87cb5f7>: 1
	"auth_reason" => <uint64: 0xa41157f7f87cb5d7>: 5
}
2026-09-16 15:56:08.365 Df PeachCommander[26459:150b2] [com.apple.xpc:connection] [0xb9cc80280] invalidated after the last release of the connection object
2026-09-16 15:56:08.365 Df PeachCommander[26459:150b2] [com.apple.SkyLight:default] server port 0x00003907, session port 0x00003907
2026-09-16 15:56:08.368 Df PeachCommander[26459:150b2] [com.apple.SkyLight:default] New connection 0x101a3 main
2026-09-16 15:56:08.368 I  PeachCommander[26459:150b9] [com.apple.SkyLight:processes] 0[outside of RPC]: First connection id 65955 mapped to ctx = 0xb9cc30f80
2026-09-16 15:56:08.369 I  PeachCommander[26459:150b2] [com.apple.hiservices:processmgr] Checking in with CAS, pid=26459
2026-09-16 15:56:08.369 I  PeachCommander[26459:150b2] [com.apple.launchservices:cas] LSApplicationCheckIn(), app being registered is:"/Users/admin/pc-test/PeachCommander.app/Contents/MacOS/PeachCommander"
2026-09-16 15:56:08.369 I  PeachCommander[26459:150b2] [com.apple.launchservices:cas]  { "ApplicationType"="Foreground", "BuildMachineOSBuild"="25E246", "CFBundleDevelopmentRegion"="en", "CFBundleDocumentTypes"=( { "CFBundleTypeName"="Peach Commander Plugin Package", "CFBundleTypeRole"="Viewer", "LSHandlerRank"="Owner", "LSItemContentTypes"=( "com.peachcommander.plugin-package") }, { "CFBundleTypeName"="Peach Commander Workspace", "CFBundleTypeRole"="Viewer", "LSHandlerRank"="Owner", "LSItemContentTypes"=( "com.peachcommander.workspace") }), "CFBundleExecutable"="PeachCommander", "CFBundleExecutablePath"="/Users/admin/pc-test/PeachCommander.app/Contents/MacOS/PeachCommander", "CFBundleHelpBookFolder"="PeachCommander.help", "CFBundleHelpBookName"="Peach Commander Help", "CFBundleIconFile"="AppIcon", "CFBundleIconName"="AppIcon", "CFBundleIdentifier"="com.peachcommander.app", "CFBundleInfoDictionaryVersion"="6.0", "CFBundleName"="PeachCommander", "CFBundleNumericVersion"=419463168, "CFBundlePackageType"="APPL", "CFBundleShortVersionString"="0.9.1", "CFBundleSignature"="?????", "CFBundleS<…>
2026-09-16 15:56:08.369 Df PeachCommander[26459:150b2] [com.apple.processmanager:front-35286506] CHECKIN: pid=26459
2026-09-16 15:56:08.371 Df PeachCommander[26459:150b2] [com.apple.processmanager:front-35286506] CHECKEDIN: pid=26459 asn=0x0-0x127127 foreground=1
2026-09-16 15:56:08.371 I  PeachCommander[26459:150b2] [com.apple.launchservices:cas] Setting processControlState to default PROC_SETPC_SUSPEND because application does not have LSProcessControlValue key
2026-09-16 15:56:08.371 Df PeachCommander[26459:150b2] [com.apple.xpc:connection] [0xb9cc80280] activating connection: mach=false listener=true peer=false name=(anonymous)
2026-09-16 15:56:08.371 Df PeachCommander[26459:150b2] [com.apple.xpc:connection] [0xb9cc80280] Connection returned listener port: 0x5403
2026-09-16 15:56:08.371 Df PeachCommander[26459:150b8] [com.apple.xpc:connection] [0xb9d088300] activating connection: mach=false listener=false peer=true name=com.apple.xpc.anonymous.0xb9cc80280.peer[131].0xb9d088300
2026-09-16 15:56:08.372 Df PeachCommander[26459:150b2] [com.apple.processmanager:front-35286506] FRONTLOGGING: version 1
2026-09-16 15:56:08.372 Df PeachCommander[26459:150b2] [com.apple.processmanager:front-35286506] Registered, pid=26459 ASN=0x0,0x127127
2026-09-16 15:56:08.372 Df PeachCommander[26459:150b2] [com.apple.xpc:connection] [0xb9cc803c0] activating connection: mach=true listener=false peer=false name=com.apple.analyticsd
2026-09-16 15:56:08.372 I  PeachCommander[26459:150b2] [com.apple.CoreAnalytics:client] Daemon status changed from 0 to 1
2026-09-16 15:56:08.372 I  PeachCommander[26459:150b8] [com.apple.CarbonCore:coreservicesdaemon] SCSession():SCSession( id=100, this=0x0x10683cfc0 option=65538) created, forUID=501 mach_port_t=0x5103.
2026-09-16 15:56:08.372 I  PeachCommander[26459:150b8] [com.apple.CarbonCore:coreservicesdaemon] SCSession():SCSession( id=101, this=0x0x10683d100 option=65538) created, forUID=501 mach_port_t=0x4403.
2026-09-16 15:56:08.372 I  PeachCommander[26459:150b8] [com.apple.CarbonCore:coreservicesdaemon] connectToCoreServicesD():Instantiating server (coreservicesd based) SCSession, port=0x5103 serverOptions=0x10002.
2026-09-16 15:56:08.372 I  PeachCommander[26459:150b2] [com.apple.hiservices:processmgr] _RegisterApplication( pid 26459 => 0x0,0x127127) type=foreground
2026-09-16 15:56:08.372 Df PeachCommander[26459:150b2] [com.apple.xpc:connection] [0xb9cc80280] Connection returned listener port: 0x5403
2026-09-16 15:56:08.372 I  PeachCommander[26459:150b2] [com.apple.launchservices:cas] CFArrayRef _LSCopyLaunchModifiers(LSSessionID, LSASNRef _Nonnull), result for psn [ kLSCurrentApp ASN, 0x0,0x2]  is 1 items.
2026-09-16 15:56:08.372 Df PeachCommander[26459:150b2] [com.apple.processmanager:front-35286506] BringForward: pid=26459 asn=0x0-0x127127 bringForward=1 foreground=1 uiElement=0 launchedByLS=1 modifiersCount=1 allDisabled=1
2026-09-16 15:56:08.372 Df PeachCommander[26459:150b2] [com.apple.processmanager:front-35286506] BringFrontModifier: pid=26459 asn=0x0-0x127127 Modifier 0 hideAfter=0 hideOthers=0 dontMakeFrontmost=0 mouseDown=0/0 seed=0/0
2026-09-16 15:56:08.372 Df PeachCommander[26459:150b2] [com.apple.processmanager:front-35286506] BringForward: pid=26459 asn=0x0-0x127127
2026-09-16 15:56:08.372 Df PeachCommander[26459:150b2] [com.apple.processmanager:front-35286506] SetFrontProcess: asn=0x0-0x127127 options=0
2026-09-16 15:56:08.373 I  PeachCommander[26459:150b2] [com.apple.SkyLight:processes] 0[outside of RPC]: SLPSetFrontProcess(0x0-0x127127 window=0 options=0x0
2026-09-16 15:56:08.373 Df PeachCommander[26459:150b8] [com.apple.xpc:connection] [0xb9cc80500] activating connection: mach=true listener=false peer=false name=com.apple.lsd.mapdb
2026-09-16 15:56:08.373 Df PeachCommander[26459:150b9] [com.apple.CoreAnalytics:client] Received configuration update from daemon (initial)
2026-09-16 15:56:08.375 Df PeachCommander[26459:150b2] [com.apple.AppKit:Appearance] Current system appearance, (HLTB: 1), (SLS: 0)
2026-09-16 15:56:08.375 Df PeachCommander[26459:150b2] (libMobileGestalt.dylib) No persisted cache on this platform.
2026-09-16 15:56:08.376 I  PeachCommander[26459:150b9] [com.apple.launchservices:cas] information in shared memory for 0x0-0x127127 with seed 533 was still valid, so using cached info { "ApplicationType"="Foreground", "BuildMachineOSBuild"="25E246", "BundleIdentifierLowerCase"="com.peachcommander.app", "CFBundleDevelopmentRegion"="en", "CFBundleDocumentTypes"=( { "CFBundleTypeName"="Peach Commander Plugin Package", "CFBundleTypeRole"="Viewer", "LSHandlerRank"="Owner", "LSItemContentTypes"=( "com.peachcommander.plugin-package") }, { "CFBundleTypeName"="Peach Commander Workspace", "CFBundleTypeRole"="Viewer", "LSHandlerRank"="Owner", "LSItemContentTypes"=( "com.peachcommander.workspace") }), "CFBundleExecutable"="PeachCommander", "CFBundleExecutablePath"="/Users/admin/pc-test/PeachCommander.app/Contents/MacOS/PeachCommander", "CFBundleExecutablePathDeviceID"=16777225, "CFBundleExecutablePathINode"=488203, "CFBundleHelpBookFolder"="PeachCommander.help", "CFBundleHelpBookName"="Peach Commander Help", "CFBundleIconFile"="AppIcon", "CFBundleIconName"="AppIcon", "CFBundleIdentifier"="com.peachcommander.app", "CFBundleInfoDictionaryVersion"="6.0", "CFBundleName"="PeachCo<…>
2026-09-16 15:56:08.376 Df PeachCommander[26459:150b2] (libMobileGestalt.dylib) Could not get size of EAN data (IOConnectCallScalarMethod kAppleNVMeEANGetSize returned 0xE00002E2)
2026-09-16 15:56:08.376 Df PeachCommander[26459:150b2] (libMobileGestalt.dylib) Failed to copy 'aptk' from EAN
2026-09-16 15:56:08.376 Df PeachCommander[26459:150b2] (libMobileGestalt.dylib) Failed to copy APTicket properties. Falling back to default policy.
2026-09-16 15:56:08.376 Df PeachCommander[26459:150b2] (libMobileGestalt.dylib) Creating default MGSysConfigPolicy
2026-09-16 15:56:08.376 Df PeachCommander[26459:150b2] (libMobileGestalt.dylib) CFDictionaryRef copySyscfgDictionary(void) enumeration of <private> failed.
2026-09-16 15:56:08.376 Df PeachCommander[26459:150b2] (libMobileGestalt.dylib) Failed to find key <private>
2026-09-16 15:56:08.377 Df PeachCommander[26459:150b2] [com.apple.AppKit:Appearance] Current system appearance, (HLTB: 1), (SLS: 0)
2026-09-16 15:56:08.377 I  PeachCommander[26459:150b8] [com.apple.launchservices:db] LaunchServices database schema version: 20971544
2026-09-16 15:56:08.377 Df PeachCommander[26459:150b2] [com.apple.AppKit:Appearance] Post-registration system appearance: (HLTB: 1)
2026-09-16 15:56:08.379 I  PeachCommander[26459:150b8] [com.apple.launchservices:default] Unable to load Info.plist exceptions (eGPUOverrides)
2026-09-16 15:56:08.379 I  PeachCommander[26459:150b8] [com.apple.launchservices:default] Unable to load Info.plist exceptions (gameModeOverrides)
2026-09-16 15:56:08.379 I  PeachCommander[26459:150b8] [com.apple.launchservices:default] Unable to load Info.plist exceptions (identifiedGameOverrides)
2026-09-16 15:56:08.379 I  PeachCommander[26459:150b8] [com.apple.launchservices:default] Unable to load Info.plist exceptions (SystemHiddenPreferred)
2026-09-16 15:56:08.380 Df PeachCommander[26459:150b2] [com.apple.FrontBoard:Common] FBSWorkspace: endpoint monitoring is disabled.
2026-09-16 15:56:08.380 Df PeachCommander[26459:150b2] [com.apple.FrontBoard:Common] FBSWorkspace: default shell endpoint is disabled.
2026-09-16 15:56:08.380 Df PeachCommander[26459:150b2] [com.apple.runningboard:connection] Initializing connection
2026-09-16 15:56:08.380 Df PeachCommander[26459:150b2] [com.apple.runningboard:process] Removing all cached process handles
2026-09-16 15:56:08.380 Df PeachCommander[26459:150bd] [com.apple.runningboard:connection] Sending handshake request attempt #1 to server
2026-09-16 15:56:08.380 Df PeachCommander[26459:150bd] [com.apple.runningboard:connection] Creating connection to com.apple.runningboard
2026-09-16 15:56:08.380 Df PeachCommander[26459:150bd] [com.apple.xpc:connection] [0xb9cc80640] activating connection: mach=true listener=false peer=false name=com.apple.runningboard
2026-09-16 15:56:08.381 Df PeachCommander[26459:150b2] [com.apple.xpc:connection] [0xb9cc80280] Connection returned listener port: 0x5403
2026-09-16 15:56:08.381 A  PeachCommander[26459:150b9] (RunningBoardServices) didChangeInheritances
2026-09-16 15:56:08.381 I  PeachCommander[26459:150b2] [com.apple.launchservices:cas] information in shared memory for 0x0-0x127127 with seed 533 was still valid, so using cached info { "ApplicationType"="Foreground", "BuildMachineOSBuild"="25E246", "BundleIdentifierLowerCase"="com.peachcommander.app", "CFBundleDevelopmentRegion"="en", "CFBundleDocumentTypes"=( { "CFBundleTypeName"="Peach Commander Plugin Package", "CFBundleTypeRole"="Viewer", "LSHandlerRank"="Owner", "LSItemContentTypes"=( "com.peachcommander.plugin-package") }, { "CFBundleTypeName"="Peach Commander Workspace", "CFBundleTypeRole"="Viewer", "LSHandlerRank"="Owner", "LSItemContentTypes"=( "com.peachcommander.workspace") }), "CFBundleExecutable"="PeachCommander", "CFBundleExecutablePath"="/Users/admin/pc-test/PeachCommander.app/Contents/MacOS/PeachCommander", "CFBundleExecutablePathDeviceID"=16777225, "CFBundleExecutablePathINode"=488203, "CFBundleHelpBookFolder"="PeachCommander.help", "CFBundleHelpBookName"="Peach Commander Help", "CFBundleIconFile"="AppIcon", "CFBundleIconName"="AppIcon", "CFBundleIdentifier"="com.peachcommander.app", "CFBundleInfoDictionaryVersion"="6.0", "CFBundleName"="PeachCo<…>
2026-09-16 15:56:08.381 Df PeachCommander[26459:150bd] [com.apple.runningboard:connection] Handshake succeeded
2026-09-16 15:56:08.381 Df PeachCommander[26459:150bd] [com.apple.runningboard:connection] Identity resolved as app<application.com.peachcommander.app.487009.488203(501)>
2026-09-16 15:56:08.384 Df PeachCommander[26459:150b2] [com.apple.xpc:connection] [0xb9cc80280] Connection returned listener port: 0x5403
2026-09-16 15:56:08.386 A  PeachCommander[26459:150bd] (AppIntents) appintents:register process
2026-09-16 15:56:08.387 I  PeachCommander[26459:150b2] [com.apple.launchservices:cas] information in shared memory for 0x0-0x127127 with seed 533 was still valid, so using cached info { "ApplicationType"="Foreground", "BuildMachineOSBuild"="25E246", "BundleIdentifierLowerCase"="com.peachcommander.app", "CFBundleDevelopmentRegion"="en", "CFBundleDocumentTypes"=( { "CFBundleTypeName"="Peach Commander Plugin Package", "CFBundleTypeRole"="Viewer", "LSHandlerRank"="Owner", "LSItemContentTypes"=( "com.peachcommander.plugin-package") }, { "CFBundleTypeName"="Peach Commander Workspace", "CFBundleTypeRole"="Viewer", "LSHandlerRank"="Owner", "LSItemContentTypes"=( "com.peachcommander.workspace") }), "CFBundleExecutable"="PeachCommander", "CFBundleExecutablePath"="/Users/admin/pc-test/PeachCommander.app/Contents/MacOS/PeachCommander", "CFBundleExecutablePathDeviceID"=16777225, "CFBundleExecutablePathINode"=488203, "CFBundleHelpBookFolder"="PeachCommander.help", "CFBundleHelpBookName"="Peach Commander Help", "CFBundleIconFile"="AppIcon", "CFBundleIconName"="AppIcon", "CFBundleIdentifier"="com.peachcommander.app", "CFBundleInfoDictionaryVersion"="6.0", "CFBundleName"="PeachCo<…>
2026-09-16 15:56:08.387 Df PeachCommander[26459:150bd] [com.apple.appintents:Connection] Created a new Process Instance Registry XPC connection (inactive)
2026-09-16 15:56:08.387 Df PeachCommander[26459:150bd] [com.apple.xpc:connection] [0xb9cc80780] activating connection: mach=true listener=false peer=false name=com.apple.linkd.autoShortcut
2026-09-16 15:56:08.387 I  PeachCommander[26459:150b2] [com.apple.hiservices:processmgr] TransformProcessType(0x0,0x2 => 1 wasFront=1 pickNew=0)
2026-09-16 15:56:08.387 Df PeachCommander[26459:150bd] [com.apple.appintents:Connection] Activated connection to linkd (ApplicationService)
2026-09-16 15:56:08.387 Df PeachCommander[26459:150bd] [com.apple.xpc:connection] [0xb9cc80a00] activating connection: mach=false listener=true peer=false name=(anonymous)
2026-09-16 15:56:08.387 I  PeachCommander[26459:150b2] [com.apple.CoreAnalytics:client] Dropping "com.apple.appkit.app_config" as it isn't used in any transform (not in the config or budgeted?)
2026-09-16 15:56:08.388 I  PeachCommander[26459:150bd] [com.apple.appintents:Execution] LNAppConnectionListener instantiated
2026-09-16 15:56:08.388 Df PeachCommander[26459:150bd] [com.apple.xpc:connection] [0xb9cc80a00] Connection returned listener port: 0x6703
2026-09-16 15:56:08.388 Df PeachCommander[26459:150b2] [com.apple.dt.xctest:Default] Registering for test daemon availability notify post.
2026-09-16 15:56:08.388 Df PeachCommander[26459:150be] [com.apple.xpc:connection] [0xb9cc80780] Re-initialization successful; calling out to event handler with XPC_ERROR_CONNECTION_INTERRUPTED
2026-09-16 15:56:08.388 Df PeachCommander[26459:150be] [com.apple.appintents:Connection] Process Instance Registry XPC connection has been interrupted
2026-09-16 15:56:08.388 Df PeachCommander[26459:150b2] [com.apple.dt.xctest:Default] notify_get_state check indicated test daemon not ready.
2026-09-16 15:56:08.388 E  PeachCommander[26459:150bd] [com.apple.appintents:Connection] Unable to get synchronousRemoteObjectProxy, error: Error Domain=NSCocoaErrorDomain Code=4097 "connection to service named com.apple.linkd.autoShortcut" UserInfo={NSDebugDescription=connection to service named com.apple.linkd.autoShortcut}
2026-09-16 15:56:08.388 Df PeachCommander[26459:150b2] [com.apple.dt.xctest:Default] notify_get_state check indicated test daemon not ready.
2026-09-16 15:56:08.388 E  PeachCommander[26459:150bd] [com.apple.AppKit:Application] Error registering app with intents framework: Error Domain=NSCocoaErrorDomain Code=4097 UserInfo={NSDebugDescription=<private>}
2026-09-16 15:56:08.388 Df PeachCommander[26459:150b2] [com.apple.dt.xctest:Default] notify_get_state check indicated test daemon not ready.
2026-09-16 15:56:08.388 Df PeachCommander[26459:150be] [com.apple.appintents:Connection] Created a new Process Instance Registry XPC connection (inactive)
2026-09-16 15:56:08.388 A  PeachCommander[26459:150be] (AppIntents) appintents:register process
2026-09-16 15:56:08.389 Df PeachCommander[26459:150be] [com.apple.appintents:Connection] Created a new Process Instance Registry XPC connection (inactive)
2026-09-16 15:56:08.389 Df PeachCommander[26459:150be] [com.apple.xpc:connection] [0xb9cc80c80] activating connection: mach=true listener=false peer=false name=com.apple.linkd.autoShortcut
2026-09-16 15:56:08.389 Df PeachCommander[26459:150be] [com.apple.appintents:Connection] Activated connection to linkd (ApplicationService)
2026-09-16 15:56:08.389 Df PeachCommander[26459:150be] [com.apple.xpc:connection] [0xb9cc80a00] Connection returned listener port: 0x6703
2026-09-16 15:56:08.389 Df PeachCommander[26459:150b9] [com.apple.xpc:connection] [0xb9cc80c80] Re-initialization successful; calling out to event handler with XPC_ERROR_CONNECTION_INTERRUPTED
2026-09-16 15:56:08.389 Df PeachCommander[26459:150b9] [com.apple.appintents:Connection] Process Instance Registry XPC connection has been interrupted
2026-09-16 15:56:08.389 E  PeachCommander[26459:150be] [com.apple.appintents:Connection] Unable to get synchronousRemoteObjectProxy, error: Error Domain=NSCocoaErrorDomain Code=4097 "connection to service named com.apple.linkd.autoShortcut" UserInfo={NSDebugDescription=connection to service named com.apple.linkd.autoShortcut}
2026-09-16 15:56:08.389 E  PeachCommander[26459:150be] [com.apple.appintents:Connection] Unable to re-register with Process Instance Registry, error: Error Domain=NSCocoaErrorDomain Code=4097 "connection to service named com.apple.linkd.autoShortcut" UserInfo={NSDebugDescription=connection to service named com.apple.linkd.autoShortcut}
2026-09-16 15:56:08.389 Df PeachCommander[26459:150b9] [com.apple.appintents:Connection] Created a new Process Instance Registry XPC connection (inactive)
2026-09-16 15:56:08.389 A  PeachCommander[26459:150b9] (AppIntents) appintents:register process
2026-09-16 15:56:08.389 Df PeachCommander[26459:150b9] [com.apple.appintents:Connection] Created a new Process Instance Registry XPC connection (inactive)
2026-09-16 15:56:08.389 Df PeachCommander[26459:150b9] [com.apple.xpc:connection] [0xb9cc812c0] activating connection: mach=true listener=false peer=false name=com.apple.linkd.autoShortcut
2026-09-16 15:56:08.389 Df PeachCommander[26459:150b9] [com.apple.appintents:Connection] Activated connection to linkd (ApplicationService)
2026-09-16 15:56:08.389 Df PeachCommander[26459:150b9] [com.apple.xpc:connection] [0xb9cc80a00] Connection returned listener port: 0x6703
2026-09-16 15:56:08.389 Df PeachCommander[26459:150be] [com.apple.xpc:connection] [0xb9cc812c0] Re-initialization successful; calling out to event handler with XPC_ERROR_CONNECTION_INTERRUPTED
2026-09-16 15:56:08.389 Df PeachCommander[26459:150be] [com.apple.appintents:Connection] Process Instance Registry XPC connection has been interrupted
2026-09-16 15:56:08.389 E  PeachCommander[26459:150b9] [com.apple.appintents:Connection] Unable to get synchronousRemoteObjectProxy, error: Error Domain=NSCocoaErrorDomain Code=4097 "connection to service named com.apple.linkd.autoShortcut" UserInfo={NSDebugDescription=connection to service named com.apple.linkd.autoShortcut}
2026-09-16 15:56:08.389 E  PeachCommander[26459:150b9] [com.apple.appintents:Connection] Unable to re-register with Process Instance Registry, error: Error Domain=NSCocoaErrorDomain Code=4097 "connection to service named com.apple.linkd.autoShortcut" UserInfo={NSDebugDescription=connection to service named com.apple.linkd.autoShortcut}
2026-09-16 15:56:08.389 Df PeachCommander[26459:150be] [com.apple.appintents:Connection] Created a new Process Instance Registry XPC connection (inactive)
2026-09-16 15:56:08.389 A  PeachCommander[26459:150be] (AppIntents) appintents:register process
2026-09-16 15:56:08.390 Df PeachCommander[26459:150be] [com.apple.appintents:Connection] Created a new Process Instance Registry XPC connection (inactive)
2026-09-16 15:56:08.390 Df PeachCommander[26459:150be] [com.apple.xpc:connection] [0xb9cc81540] activating connection: mach=true listener=false peer=false name=com.apple.linkd.autoShortcut
2026-09-16 15:56:08.390 Df PeachCommander[26459:150be] [com.apple.appintents:Connection] Activated connection to linkd (ApplicationService)
2026-09-16 15:56:08.390 Df PeachCommander[26459:150be] [com.apple.xpc:connection] [0xb9cc80a00] Connection returned listener port: 0x6703
2026-09-16 15:56:08.390 Df PeachCommander[26459:150b9] [com.apple.xpc:connection] [0xb9cc81540] Re-initialization successful; calling out to event handler with XPC_ERROR_CONNECTION_INTERRUPTED
2026-09-16 15:56:08.390 Df PeachCommander[26459:150b9] [com.apple.appintents:Connection] Process Instance Registry XPC connection has been interrupted
2026-09-16 15:56:08.390 E  PeachCommander[26459:150b9] [com.apple.appintents:Connection] Will NOT re-try to establish the connection
2026-09-16 15:56:08.390 E  PeachCommander[26459:150be] [com.apple.appintents:Connection] Unable to get synchronousRemoteObjectProxy, error: Error Domain=NSCocoaErrorDomain Code=4097 "connection to service named com.apple.linkd.autoShortcut" UserInfo={NSDebugDescription=connection to service named com.apple.linkd.autoShortcut}
2026-09-16 15:56:08.390 E  PeachCommander[26459:150be] [com.apple.appintents:Connection] Unable to re-register with Process Instance Registry, error: Error Domain=NSCocoaErrorDomain Code=4097 "connection to service named com.apple.linkd.autoShortcut" UserInfo={NSDebugDescription=connection to service named com.apple.linkd.autoShortcut}
2026-09-16 15:56:08.393 A  PeachCommander[26459:150b2] (CoreFoundation) Loading Preferences From System CFPrefsD
2026-09-16 15:56:08.394 Df PeachCommander[26459:150b2] (libMobileGestalt.dylib) couldn't load support library
2026-09-16 15:56:08.394 Df PeachCommander[26459:150b2] (libMobileGestalt.dylib) called dummy function!
2026-09-16 15:56:08.394 I  PeachCommander[26459:150b2] [com.apple.GenerativeModels:availability] Current availability state: unavailable, use cases: com.apple.WritingTools, language: <any>, api: <private>
2026-09-16 15:56:08.394 Df PeachCommander[26459:150b2] [com.apple.GenerativeModels:availability] registering darwin observer for name: com.apple.gms.availability.notification
2026-09-16 15:56:08.394 Df PeachCommander[26459:150b2] [com.apple.GenerativeModels:availability] registering darwin observer for name: com.apple.os-eligibility-domain.change.greymatter
2026-09-16 15:56:08.394 Df PeachCommander[26459:150b2] [com.apple.GenerativeModels:availability] registering darwin observer for name: com.apple.language.changed
2026-09-16 15:56:08.394 Df PeachCommander[26459:150b2] [com.apple.WritingTools:Default] isAvailable value changed: isMDMAllowed = true, gmAvailable (current) = false
2026-09-16 15:56:08.397 I  PeachCommander[26459:150b2] [com.apple.CoreAnalytics:client] Dropping "com.apple.appkit.app_config" as it isn't used in any transform (not in the config or budgeted?)
2026-09-16 15:56:08.401 Df PeachCommander[26459:150b2] [com.apple.AppKit:Appearance] NSApp cache appearance:
-NSRequiresAquaSystemAppearance: 0
-appearance: (null)
-effectiveAppearance: <NSCompositeAppearance: 0xb9d070780
 (
    "<NSAquaAppearance: 0xb9d070460>",
    "<NSSystemAppearance: 0xb9d070500>"
)>
2026-09-16 15:56:08.405 A  PeachCommander[26459:150b2] (CoreFoundation) Loading Preferences From User CFPrefsD
2026-09-16 15:56:08.405 A  PeachCommander[26459:150b2] (CoreFoundation) Loading Preferences From User CFPrefsD
2026-09-16 15:56:08.410 A  PeachCommander[26459:150bd] (libsystem_info.dylib) Membership API: translate identifier
2026-09-16 15:56:08.413 I  PeachCommander[26459:150b2] [com.apple.CoreAnalytics:client] Dropping "com.apple.appkit.app_config" as it isn't used in any transform (not in the config or budgeted?)
2026-09-16 15:56:08.413 I  PeachCommander[26459:150b2] [com.apple.CoreAnalytics:client] Dropping "com.apple.appkit.app_config" as it isn't used in any transform (not in the config or budgeted?)
2026-09-16 15:56:08.415 Df PeachCommander[26459:150bd] [com.apple.xpc:connection] [0xb9cc81a40] activating connection: mach=true listener=false peer=false name=com.apple.dock.fullscreen
2026-09-16 15:56:08.418 Df PeachCommander[26459:150b2] [com.apple.xpc:connection] [0xb9cc81b80] activating connection: mach=true listener=false peer=false name=com.apple.fonts
2026-09-16 15:56:08.421 I  PeachCommander[26459:150b2] [com.apple.launchservices:cas] information in shared memory for 0x0-0x127127 with seed 533 was still valid, so using cached info { "ApplicationType"="Foreground", "BuildMachineOSBuild"="25E246", "BundleIdentifierLowerCase"="com.peachcommander.app", "CFBundleDevelopmentRegion"="en", "CFBundleDocumentTypes"=( { "CFBundleTypeName"="Peach Commander Plugin Package", "CFBundleTypeRole"="Viewer", "LSHandlerRank"="Owner", "LSItemContentTypes"=( "com.peachcommander.plugin-package") }, { "CFBundleTypeName"="Peach Commander Workspace", "CFBundleTypeRole"="Viewer", "LSHandlerRank"="Owner", "LSItemContentTypes"=( "com.peachcommander.workspace") }), "CFBundleExecutable"="PeachCommander", "CFBundleExecutablePath"="/Users/admin/pc-test/PeachCommander.app/Contents/MacOS/PeachCommander", "CFBundleExecutablePathDeviceID"=16777225, "CFBundleExecutablePathINode"=488203, "CFBundleHelpBookFolder"="PeachCommander.help", "CFBundleHelpBookName"="Peach Commander Help", "CFBundleIconFile"="AppIcon", "CFBundleIconName"="AppIcon", "CFBundleIdentifier"="com.peachcommander.app", "CFBundleInfoDictionaryVersion"="6.0", "CFBundleName"="PeachCo<…>
2026-09-16 15:56:08.422 I  PeachCommander[26459:150b2] [com.apple.CoreAnalytics:client] Dropping "com.apple.appkit.app_config" as it isn't used in any transform (not in the config or budgeted?)
2026-09-16 15:56:08.422 Df PeachCommander[26459:150b2] [com.apple.AppKit:AutomaticTermination] -[NSApplication(NSAppssassination) _checkForAutomaticTerminationSupportPossiblyEnablingIt]_block_invoke Enabling automatic termination support.
2026-09-16 15:56:08.422 Df PeachCommander[26459:150b2] [com.apple.xpc:connection] [0xb9cc80dc0] activating connection: mach=true listener=false peer=false name=com.apple.appkit.restoration_storage
2026-09-16 15:56:08.422 I  PeachCommander[26459:150b2] [com.apple.launchservices:cas] information in shared memory for 0x0-0x127127 with seed 533 was still valid, so using cached info { "ApplicationType"="Foreground", "BuildMachineOSBuild"="25E246", "BundleIdentifierLowerCase"="com.peachcommander.app", "CFBundleDevelopmentRegion"="en", "CFBundleDocumentTypes"=( { "CFBundleTypeName"="Peach Commander Plugin Package", "CFBundleTypeRole"="Viewer", "LSHandlerRank"="Owner", "LSItemContentTypes"=( "com.peachcommander.plugin-package") }, { "CFBundleTypeName"="Peach Commander Workspace", "CFBundleTypeRole"="Viewer", "LSHandlerRank"="Owner", "LSItemContentTypes"=( "com.peachcommander.workspace") }), "CFBundleExecutable"="PeachCommander", "CFBundleExecutablePath"="/Users/admin/pc-test/PeachCommander.app/Contents/MacOS/PeachCommander", "CFBundleExecutablePathDeviceID"=16777225, "CFBundleExecutablePathINode"=488203, "CFBundleHelpBookFolder"="PeachCommander.help", "CFBundleHelpBookName"="Peach Commander Help", "CFBundleIconFile"="AppIcon", "CFBundleIconName"="AppIcon", "CFBundleIdentifier"="com.peachcommander.app", "CFBundleInfoDictionaryVersion"="6.0", "CFBundleName"="PeachCo<…>
2026-09-16 15:56:08.422 Df PeachCommander[26459:150b2] [com.apple.xpc:connection] [0xb9cc80f00] activating connection: mach=true listener=false peer=false name=com.apple.coreservices.appleevents
2026-09-16 15:56:08.422 I  PeachCommander[26459:150b2] [com.apple.appleevents:main] _AEGetRegisteredMachPort() created default port (port:64259/0xfb03 rcv:1 send:1 limit:5) and registered it with server
2026-09-16 15:56:08.422 Df PeachCommander[26459:150b2] [com.apple.xpc:connection] [0xb9cc80280] Connection returned listener port: 0x5403
2026-09-16 15:56:08.423 I  PeachCommander[26459:150b2] [com.apple.launchservices:cas] information in shared memory for 0x0-0x127127 with seed 533 was still valid, so using cached info { "ApplicationType"="Foreground", "BuildMachineOSBuild"="25E246", "BundleIdentifierLowerCase"="com.peachcommander.app", "CFBundleDevelopmentRegion"="en", "CFBundleDocumentTypes"=( { "CFBundleTypeName"="Peach Commander Plugin Package", "CFBundleTypeRole"="Viewer", "LSHandlerRank"="Owner", "LSItemContentTypes"=( "com.peachcommander.plugin-package") }, { "CFBundleTypeName"="Peach Commander Workspace", "CFBundleTypeRole"="Viewer", "LSHandlerRank"="Owner", "LSItemContentTypes"=( "com.peachcommander.workspace") }), "CFBundleExecutable"="PeachCommander", "CFBundleExecutablePath"="/Users/admin/pc-test/PeachCommander.app/Contents/MacOS/PeachCommander", "CFBundleExecutablePathDeviceID"=16777225, "CFBundleExecutablePathINode"=488203, "CFBundleHelpBookFolder"="PeachCommander.help", "CFBundleHelpBookName"="Peach Commander Help", "CFBundleIconFile"="AppIcon", "CFBundleIconName"="AppIcon", "CFBundleIdentifier"="com.peachcommander.app", "CFBundleInfoDictionaryVersion"="6.0", "CFBundleName"="PeachCo<…>
2026-09-16 15:56:08.423 Df PeachCommander[26459:150b2] [com.apple.processmanager:front-35286506] SignalReady: pid=26459 asn=0x0-0x127127
2026-09-16 15:56:08.423 Df PeachCommander[26459:150b2] [com.apple.processmanager:front-35286506] SIGNAL: pid=26459 asn=0x0x-0x127127
2026-09-16 15:56:08.423 I  PeachCommander[26459:150b2] [com.apple.appleevents:main] aeGenerateFakeFirstOAPPEventIfNecessary()
2026-09-16 15:56:08.423 I  PeachCommander[26459:150b2] [com.apple.appleevents:main] aeGenerateFakeFirstOAPPEventIfNecessary(), needToCreateFakeOAPPEventIfFirstEvent == true
2026-09-16 15:56:08.423 I  PeachCommander[26459:150b2] [com.apple.launchservices:cas] Removing cached information for app [ 0x0-0x127127]  "PeachCommander", as its seed is different from that in shared memory ( 533 vs 535)
2026-09-16 15:56:08.424 I  PeachCommander[26459:150b2] [com.apple.CFPasteboard:entry] CopyData('DefaultAsciiKeyboardLayoutPasteboard' (<CFUUID 0xb9cf3e7e0> F6BC2B95-F5F1-45A5-9E0E-3166AAF28AE8) gen: -1 item: 1264739405 flavor: 'DefaultAsciiKeyboardLayoutFlavor')
2026-09-16 15:56:08.424 I  PeachCommander[26459:150b2] [com.apple.CFPasteboard:cache] Rebuilding cache for 'DefaultAsciiKeyboardLayoutPasteboard' (<CFUUID 0xb9cf3e7e0> F6BC2B95-F5F1-45A5-9E0E-3166AAF28AE8)
2026-09-16 15:56:08.424 I  PeachCommander[26459:150b2] [com.apple.CFPasteboard:exit] (not-in-cache) - result: -8 generation: 0 null data flags: 0
2026-09-16 15:56:08.424 A  PeachCommander[26459:150b2] (CoreFoundation) Loading Preferences From User CFPrefsD
2026-09-16 15:56:08.424 A  PeachCommander[26459:150b2] (CoreFoundation) Loading Preferences From System CFPrefsD
2026-09-16 15:56:08.425 I  PeachCommander[26459:150b2] [com.apple.CFPasteboard:entry] CopyData('AppleIntlFileCacheModificationDatePasteboard' (<CFUUID 0xb9cf3e6e0> A70BD9BA-5A45-4880-93CC-0DF20217ECF8) gen: -1 item: 1 flavor: '-32766 1768845414')
2026-09-16 15:56:08.425 I  PeachCommander[26459:150b2] [com.apple.CFPasteboard:cache] Rebuilding cache for 'AppleIntlFileCacheModificationDatePasteboard' (<CFUUID 0xb9cf3e6e0> A70BD9BA-5A45-4880-93CC-0DF20217ECF8)
2026-09-16 15:56:08.425 I  PeachCommander[26459:150b2] [com.apple.CFPasteboard:general] Will request data from daemon
2026-09-16 15:56:08.425 I  PeachCommander[26459:150b2] [com.apple.CFPasteboard:exit] (not-in-cache) - result: 0 generation: 1 data (310 bytes) flags: 0
2026-09-16 15:56:08.425 I  PeachCommander[26459:150b2] [com.apple.CFPasteboard:entry] CopyData('AppleIntlFileCacheModificationDatePasteboard' (<CFUUID 0xb9cf3e6e0> A70BD9BA-5A45-4880-93CC-0DF20217ECF8) gen: -1 item: 1 flavor: '-32765 1802264953')
2026-09-16 15:56:08.425 I  PeachCommander[26459:150b2] [com.apple.CFPasteboard:general] Will request data from daemon
2026-09-16 15:56:08.425 I  PeachCommander[26459:150b2] [com.apple.CFPasteboard:exit] (not-in-cache) - result: 0 generation: 1 data (306 bytes) flags: 0
2026-09-16 15:56:08.425 I  PeachCommander[26459:150b2] [com.apple.CFPasteboard:entry] CopyData('AppleIntlFileCacheModificationDatePasteboard' (<CFUUID 0xb9cf3e6e0> A70BD9BA-5A45-4880-93CC-0DF20217ECF8) gen: -1 item: 1 flavor: '-32764 1802264953')
2026-09-16 15:56:08.425 I  PeachCommander[26459:150b2] [com.apple.CFPasteboard:general] Will request data from daemon
2026-09-16 15:56:08.425 I  PeachCommander[26459:150b2] [com.apple.CFPasteboard:exit] (not-in-cache) - result: 0 generation: 1 data (281 bytes) flags: 0
2026-09-16 15:56:08.425 I  PeachCommander[26459:150b2] [com.apple.CFPasteboard:entry] CopyData('AppleIntlFileCacheModificationDatePasteboard' (<CFUUID 0xb9cf3e6e0> A70BD9BA-5A45-4880-93CC-0DF20217ECF8) gen: -1 item: 1 flavor: '-32763 1802264953')
2026-09-16 15:56:08.425 I  PeachCommander[26459:150b2] [com.apple.CFPasteboard:general] Will request data from daemon
2026-09-16 15:56:08.425 I  PeachCommander[26459:150b2] [com.apple.CFPasteboard:exit] (not-in-cache) - result: 0 generation: 1 data (318 bytes) flags: 0
2026-09-16 15:56:08.425 I  PeachCommander[26459:150b2] [com.apple.CFPasteboard:entry] CopyData('AppleIntlFileCacheModificationDatePasteboard' (<CFUUID 0xb9cf3e6e0> A70BD9BA-5A45-4880-93CC-0DF20217ECF8) gen: -1 item: 1 flavor: '-32765 1768845414')
2026-09-16 15:56:08.425 I  PeachCommander[26459:150b2] [com.apple.CFPasteboard:general] Will request data from daemon
2026-09-16 15:56:08.425 I  PeachCommander[26459:150b2] [com.apple.CFPasteboard:exit] (not-in-cache) - result: 0 generation: 1 data (303 bytes) flags: 0
2026-09-16 15:56:08.425 I  PeachCommander[26459:150b2] [com.apple.CFPasteboard:entry] CopyData('AppleIntlFileCacheModificationDatePasteboard' (<CFUUID 0xb9cf3e6e0> A70BD9BA-5A45-4880-93CC-0DF20217ECF8) gen: -1 item: 1 flavor: '-32763 1768845414')
2026-09-16 15:56:08.425 I  PeachCommander[26459:150b2] [com.apple.CFPasteboard:general] Will request data from daemon
2026-09-16 15:56:08.425 I  PeachCommander[26459:150b2] [com.apple.CFPasteboard:exit] (not-in-cache) - result: 0 generation: 1 data (315 bytes) flags: 0
2026-09-16 15:56:08.427 I  PeachCommander[26459:150b2] [com.apple.launchservices:cas] information in shared memory for 0x0-0x127127 with seed 535 was still valid, so using cached info { "ApplicationType"="Foreground", "BuildMachineOSBuild"="25E246", "BundleIdentifierLowerCase"="com.peachcommander.app", "CFBundleDevelopmentRegion"="en", "CFBundleDocumentTypes"=( { "CFBundleTypeName"="Peach Commander Plugin Package", "CFBundleTypeRole"="Viewer", "LSHandlerRank"="Owner", "LSItemContentTypes"=( "com.peachcommander.plugin-package") }, { "CFBundleTypeName"="Peach Commander Workspace", "CFBundleTypeRole"="Viewer", "LSHandlerRank"="Owner", "LSItemContentTypes"=( "com.peachcommander.workspace") }), "CFBundleExecutable"="PeachCommander", "CFBundleExecutablePath"="/Users/admin/pc-test/PeachCommander.app/Contents/MacOS/PeachCommander", "CFBundleExecutablePathDeviceID"=16777225, "CFBundleExecutablePathINode"=488203, "CFBundleHelpBookFolder"="PeachCommander.help", "CFBundleHelpBookName"="Peach Commander Help", "CFBundleIconFile"="AppIcon", "CFBundleIconName"="AppIcon", "CFBundleIdentifier"="com.peachcommander.app", "CFBundleInfoDictionaryVersion"="6.0", "CFBundleName"="PeachCo<…>
2026-09-16 15:56:08.427 Df PeachCommander[26459:150b2] [com.apple.xpc:connection] [0xb9cc81e00] activating connection: mach=false listener=false peer=false name=com.apple.ViewBridgeAuxiliary
2026-09-16 15:56:08.433 Df PeachCommander[26459:150b2] [com.apple.xpc:connection] [0xb9cc81cc0] activating connection: mach=false listener=false peer=false name=(anonymous)
2026-09-16 15:56:08.433 Df PeachCommander[26459:150b2] [com.apple.xpc:connection] [0xb9cc81f40] activating connection: mach=false listener=true peer=false name=(anonymous)
2026-09-16 15:56:08.433 Df PeachCommander[26459:150b2] [com.apple.xpc:connection] [0xb9cc81f40] Connection returned listener port: 0xf203
2026-09-16 15:56:08.434 Df PeachCommander[26459:150b2] [com.apple.xpc:connection] [0xb9cc81e00] invalidated after the last release of the connection object
2026-09-16 15:56:08.435 I  PeachCommander[26459:150b2] [com.apple.showhide:pr-59900543] SHOWHIDE: SHOW id=576 0x0-0x127127, err=0 eventTime=1899724932208 windowID=0
2026-09-16 15:56:08.435 I  PeachCommander[26459:150b2] [com.apple.CarbonCore:coreservicesdaemon] findOrCreateCacheable():findOrCreateCacheable(), factoryName=3 cacheableName=<private> fCacheables.size()=0
2026-09-16 15:56:08.435 I  PeachCommander[26459:150b2] [com.apple.CarbonCore:coreservicesdaemon] findOrCreateCacheable():findOrCreateCacheable(), result = 0xb9cc4be80 (should be non-NULL)
2026-09-16 15:56:08.435 Df PeachCommander[26459:150b2] [com.apple.AppKit:AutomaticTermination] void _NSDisableAutomaticTerminationAndLog(NSString *) Restoring windows
2026-09-16 15:56:08.435 Df PeachCommander[26459:150b2] [com.apple.AppKit:StateRestoration] -[NSApplication _reopenWindowsAsNecessaryIncludingRestorableState:withFullFidelity:completionHandler:] shouldRestoreState=1 hasPersistentStateToRestore=0 shouldStillRestoreStateAfterPrompting=0
2026-09-16 15:56:08.435 Df PeachCommander[26459:150b2] [com.apple.xpc:connection] [0xb9cc81e00] activating connection: mach=true listener=false peer=false name=com.apple.window_proxies
2026-09-16 15:56:08.435 Df PeachCommander[26459:150b2] [com.apple.xpc:connection] [0xb9cc81e00] invalidated because the current process cancelled the connection by calling xpc_connection_cancel()
2026-09-16 15:56:08.436 I  PeachCommander[26459:150b2] [com.apple.SkyLight:processes] 0[outside of RPC]: SLSSetFrontProcessWithInfo(0x0-0x2 window=0 options=0x1
2026-09-16 15:56:08.436 I  PeachCommander[26459:150b2] [com.apple.CoreAnalytics:client] Dropping "com.apple.appkit.app_config" as it isn't used in any transform (not in the config or budgeted?)
2026-09-16 15:56:08.436 Df PeachCommander[26459:150b2] [com.apple.AppKit:AutomaticTermination] void _NSEnableAutomaticTerminationAndLog(NSString *) Restoring windows
2026-09-16 15:56:08.440 I  PeachCommander[26459:150b2] [com.apple.CoreAnalytics:client] Dropping "com.apple.appkit.app_config" as it isn't used in any transform (not in the config or budgeted?)
2026-09-16 15:56:08.440 I  PeachCommander[26459:150b2] [com.apple.CoreAnalytics:client] Dropping "com.apple.appkit.app_config" as it isn't used in any transform (not in the config or budgeted?)
2026-09-16 15:56:08.451 A  PeachCommander[26459:150be] (RunningBoardServices) didChangeInheritances
2026-09-16 15:56:08.453 A  PeachCommander[26459:150b2] (CoreFoundation) Loading Preferences From User CFPrefsD
2026-09-16 15:56:08.462 I  PeachCommander[26459:150b2] [com.peachcommander:PCFoundation] VolumeManager initialized
2026-09-16 15:56:08.486 Df PeachCommander[26459:150b2] [com.apple.BoardServices:XPCErrors] [C:1] Alloc <private>
2026-09-16 15:56:08.486 Df PeachCommander[26459:150b2] [com.apple.xpc:connection] [0xb9c425540] activating connection: mach=false listener=false peer=false name=(anonymous)
2026-09-16 15:56:08.489 I  PeachCommander[26459:150b2] [com.apple.AppKit:Window] context (0 -> f040cc9d) for window 4dc
2026-09-16 15:56:08.490 Df PeachCommander[26459:150b8] [com.apple.corespotlight:index] (<private>) deleteSearchableItemsWithDomainIdentifiers, protectionClass:(null), domainIdentifiers number:1
2026-09-16 15:56:08.490 A  PeachCommander[26459:150b8] (CoreSpotlight) delete-domains
2026-09-16 15:56:08.490 Df PeachCommander[26459:150b8] [com.apple.corespotlight:index] CSInlineDonation:<private>: Skipping donation (feature flag disabled)
2026-09-16 15:56:08.490 Df PeachCommander[26459:150b8] (CoreSpotlight) sConnectionName: com.apple.spotlight.IndexAgent
2026-09-16 15:56:08.490 Df PeachCommander[26459:150b8] (CoreSpotlight) Start service name com.apple.spotlight.IndexAgent
2026-09-16 15:56:08.490 Df PeachCommander[26459:150b8] [com.apple.xpc:connection] [0xb9c4257c0] activating connection: mach=true listener=false peer=false name=com.apple.spotlight.IndexAgent
2026-09-16 15:56:08.490 I  PeachCommander[26459:150b2] [com.peachcommander:PCFoundation] MainWindowController initialized (config: <private>)
2026-09-16 15:56:08.490 I  PeachCommander[26459:150b2] [com.peachcommander:PCFoundation] SelectionState initialized
2026-09-16 15:56:08.490 I  PeachCommander[26459:150b2] [com.peachcommander:PCFoundation] DirectoryModel initialized
2026-09-16 15:56:08.490 I  PeachCommander[26459:150b2] [com.peachcommander:PCFoundation] VolumeManager initialized
2026-09-16 15:56:08.490 I  PeachCommander[26459:150b2] [com.peachcommander:PCFoundation] PanelController initialized for <private> panel
2026-09-16 15:56:08.491 I  PeachCommander[26459:150b2] [com.peachcommander:PCFoundation] SelectionState initialized
2026-09-16 15:56:08.491 I  PeachCommander[26459:150b2] [com.peachcommander:PCFoundation] DirectoryModel initialized
2026-09-16 15:56:08.491 I  PeachCommander[26459:150b2] [com.peachcommander:PCFoundation] VolumeManager initialized
2026-09-16 15:56:08.491 I  PeachCommander[26459:150b2] [com.peachcommander:PCFoundation] PanelController initialized for <private> panel
2026-09-16 15:56:08.495 I  PeachCommander[26459:150b2] [com.apple.AppKit:Animation] Running new animation: <private>
2026-09-16 15:56:08.495 I  PeachCommander[26459:150b2] [com.apple.AppKit:Animation] Running new animation: <private>
2026-09-16 15:56:08.495 I  PeachCommander[26459:150b2] [com.apple.AppKit:Animation] Running new animation: <private>
2026-09-16 15:56:08.495 I  PeachCommander[26459:150b2] [com.apple.AppKit:Animation] Running new animation: <private>
2026-09-16 15:56:08.495 I  PeachCommander[26459:150b2] [com.apple.AppKit:Animation] Running new animation: <private>
2026-09-16 15:56:08.498 I  PeachCommander[26459:150b2] [com.apple.AppKit:Animation] Running new animation: <private>
2026-09-16 15:56:08.498 I  PeachCommander[26459:150b2] [com.apple.AppKit:Animation] Running new animation: <private>
2026-09-16 15:56:08.498 I  PeachCommander[26459:150b2] [com.apple.AppKit:Animation] Running new animation: <private>
2026-09-16 15:56:08.498 I  PeachCommander[26459:150b2] [com.apple.AppKit:Animation] Running new animation: <private>
2026-09-16 15:56:08.498 I  PeachCommander[26459:150b2] [com.apple.AppKit:Animation] Running new animation: <private>
2026-09-16 15:56:08.507 I  PeachCommander[26459:150b2] [com.apple.CoreAnalytics:client] Dropping "com.apple.appkit.app_config" as it isn't used in any transform (not in the config or budgeted?)
2026-09-16 15:56:08.509 I  PeachCommander[26459:150b2] [com.apple.CoreAnalytics:client] Dropping "com.apple.appkit.app_config" as it isn't used in any transform (not in the config or budgeted?)
2026-09-16 15:56:08.514 I  PeachCommander[26459:150b2] [com.apple.launchservices:datasep] application record search init. Node: <FSNode 0xb9d54f9c0> { isDir = ?, path = <private> } bundleID: (null) itemID: 0
2026-09-16 15:56:08.516 I  PeachCommander[26459:150b2] [com.apple.GenerativeModels:availability] Current availability state: unavailable, use cases: com.apple.Settings.AppleIntelligence,com.apple.Siri.NLRouter, language: en, api: <private>
2026-09-16 15:56:08.516 Df PeachCommander[26459:150b2] [com.apple.GenerativeModels:availability] isOkayToHaveAsset: False
2026-09-16 15:56:08.516 E  PeachCommander[26459:150b2] [com.apple.siri:Utility] AFIsDeviceGreymatterEligible Missing entitlements for os_eligibility lookup
2026-09-16 15:56:08.516 I  PeachCommander[26459:150b2] [com.apple.GenerativeModels:availability] Current availability state: unavailable, use cases: com.apple.Settings.AppleIntelligence, language: en, api: <private>
2026-09-16 15:56:08.516 Df PeachCommander[26459:150b2] [com.apple.GenerativeModels:availability] isOkayToHaveAsset: False
2026-09-16 15:56:08.516 Df PeachCommander[26459:150b2] [com.apple.siri:Utility] -[AFSystemAssistantExperienceStatusManager fetchGenerativeModelsAvailability] #SAEStatus #cacheUpdate Updating cache:
deviceSupportsSAE: 0 (0)
       saeEnabled: 0 (0)
     saeAvailable: 0 (0)
      swaiEnabled: 0 (0)
        viEnabled: 0 (0)
        siriAvailability:
        <private>
        ((null))
2026-09-16 15:56:08.516 Df PeachCommander[26459:150b2] [com.apple.xpc:connection] [0xb9c618500] activating connection: mach=true listener=false peer=false name=com.apple.iconservices
2026-09-16 15:56:08.516 Df PeachCommander[26459:150b2] [com.apple.xpc:connection] [0xb9c618640] activating connection: mach=true listener=false peer=false name=com.apple.iconservices.store
2026-09-16 15:56:08.525 I  PeachCommander[26459:150b2] [com.peachcommander:Theme] no user themes in /Users/admin/pc-cfg/themes
2026-09-16 15:56:08.525 Df PeachCommander[26459:150b2] [com.apple.AppKit:Appearance] Invalidate NSApp effectiveAppearance
2026-09-16 15:56:08.525 Df PeachCommander[26459:150b2] [com.apple.AppKit:Appearance] NSApp cache appearance:
-NSRequiresAquaSystemAppearance: 0
-appearance: <NSCompositeAppearance: 0xb9d0719a0
 (
    "<NSDarkAquaAppearance: 0xb9d071a40>",
    "<NSSystemAppearance: 0xb9d070500>"
)>
-effectiveAppearance: <NSCompositeAppearance: 0xb9d0719a0
 (
    "<NSDarkAquaAppearance: 0xb9d071a40>",
    "<NSSystemAppearance: 0xb9d070500>"
)>
2026-09-16 15:56:08.526 A  PeachCommander[26459:150b9] (libsystem_info.dylib) Retrieve Group by ID
2026-09-16 15:56:08.528 I  PeachCommander[26459:150b2] [com.peachcommander:PCFoundation] Theme applied: id=norton, appearance=dark, dark=true, background=#0000AA
2026-09-16 15:56:08.565 I  PeachCommander[26459:150b2] [com.apple.iconservices:foundation] layer data size zero
2026-09-16 15:56:08.566 I  PeachCommander[26459:150b2] [com.apple.CoreAnalytics:client] Dropping "com.apple.appkit.app_config" as it isn't used in any transform (not in the config or budgeted?)
2026-09-16 15:56:08.571 I  PeachCommander[26459:150b2] [com.apple.AppKit:Animation] Running new animation: <private>
2026-09-16 15:56:08.571 I  PeachCommander[26459:150b2] [com.apple.AppKit:Animation] Running new animation: <private>
2026-09-16 15:56:08.571 I  PeachCommander[26459:150b2] [com.apple.AppKit:Animation] Running new animation: <private>
2026-09-16 15:56:08.571 I  PeachCommander[26459:150b2] [com.apple.AppKit:Animation] Running new animation: <private>
2026-09-16 15:56:08.571 I  PeachCommander[26459:150b2] [com.apple.AppKit:Animation] Running new animation: <private>
2026-09-16 15:56:08.572 I  PeachCommander[26459:150b2] [com.apple.AppKit:Animation] Running new animation: <private>
2026-09-16 15:56:08.572 I  PeachCommander[26459:150b2] [com.apple.AppKit:Animation] Running new animation: <private>
2026-09-16 15:56:08.572 I  PeachCommander[26459:150b2] [com.apple.AppKit:Animation] Running new animation: <private>
2026-09-16 15:56:08.572 I  PeachCommander[26459:150b2] [com.apple.AppKit:Animation] Running new animation: <private>
2026-09-16 15:56:08.572 I  PeachCommander[26459:150b2] [com.apple.AppKit:Animation] Running new animation: <private>
2026-09-16 15:56:08.575 I  PeachCommander[26459:150b2] [com.peachcommander:PCFoundation] Keymap loaded: scheme=<private>, 82 effective bindings
2026-09-16 15:56:08.581 I  PeachCommander[26459:150b2] [com.apple.CoreAnalytics:client] Dropping "<private>" as it isn't used in any transform (not in the config or budgeted?)
2026-09-16 15:56:08.581 I  PeachCommander[26459:150b2] [com.apple.CoreAnalytics:client] Dropping "<private>" as it isn't used in any transform (not in the config or budgeted?)
2026-09-16 15:56:08.581 I  PeachCommander[26459:150b2] [com.apple.CoreAnalytics:client] Dropping "<private>" as it isn't used in any transform (not in the config or budgeted?)
2026-09-16 15:56:08.582 I  PeachCommander[26459:150b2] [com.peachcommander:PCFoundation] MainWindowController window loaded
2026-09-16 15:56:08.582 I  PeachCommander[26459:150b2] [com.apple.launchservices:cas] information in shared memory for 0x0-0x127127 with seed 535 was still valid, so using cached info { "ApplicationType"="Foreground", "BuildMachineOSBuild"="25E246", "BundleIdentifierLowerCase"="com.peachcommander.app", "CFBundleDevelopmentRegion"="en", "CFBundleDocumentTypes"=( { "CFBundleTypeName"="Peach Commander Plugin Package", "CFBundleTypeRole"="Viewer", "LSHandlerRank"="Owner", "LSItemContentTypes"=( "com.peachcommander.plugin-package") }, { "CFBundleTypeName"="Peach Commander Workspace", "CFBundleTypeRole"="Viewer", "LSHandlerRank"="Owner", "LSItemContentTypes"=( "com.peachcommander.workspace") }), "CFBundleExecutable"="PeachCommander", "CFBundleExecutablePath"="/Users/admin/pc-test/PeachCommander.app/Contents/MacOS/PeachCommander", "CFBundleExecutablePathDeviceID"=16777225, "CFBundleExecutablePathINode"=488203, "CFBundleHelpBookFolder"="PeachCommander.help", "CFBundleHelpBookName"="Peach Commander Help", "CFBundleIconFile"="AppIcon", "CFBundleIconName"="AppIcon", "CFBundleIdentifier"="com.peachcommander.app", "CFBundleInfoDictionaryVersion"="6.0", "CFBundleName"="PeachCo<…>
2026-09-16 15:56:08.582 I  PeachCommander[26459:150b2] [com.apple.launchservices:cas] information in shared memory for 0x0-0x127127 with seed 535 was still valid, so using cached info { "ApplicationType"="Foreground", "BuildMachineOSBuild"="25E246", "BundleIdentifierLowerCase"="com.peachcommander.app", "CFBundleDevelopmentRegion"="en", "CFBundleDocumentTypes"=( { "CFBundleTypeName"="Peach Commander Plugin Package", "CFBundleTypeRole"="Viewer", "LSHandlerRank"="Owner", "LSItemContentTypes"=( "com.peachcommander.plugin-package") }, { "CFBundleTypeName"="Peach Commander Workspace", "CFBundleTypeRole"="Viewer", "LSHandlerRank"="Owner", "LSItemContentTypes"=( "com.peachcommander.workspace") }), "CFBundleExecutable"="PeachCommander", "CFBundleExecutablePath"="/Users/admin/pc-test/PeachCommander.app/Contents/MacOS/PeachCommander", "CFBundleExecutablePathDeviceID"=16777225, "CFBundleExecutablePathINode"=488203, "CFBundleHelpBookFolder"="PeachCommander.help", "CFBundleHelpBookName"="Peach Commander Help", "CFBundleIconFile"="AppIcon", "CFBundleIconName"="AppIcon", "CFBundleIdentifier"="com.peachcommander.app", "CFBundleInfoDictionaryVersion"="6.0", "CFBundleName"="PeachCo<…>
2026-09-16 15:56:08.595 I  PeachCommander[26459:150b2] [com.apple.AppKit:Window] order window front conditionally: 4dc related: 0
2026-09-16 15:56:08.595 Df PeachCommander[26459:150b2] [com.apple.AppKit:AutomaticTermination] void _NSEnableAutomaticTerminationAndLog(NSString *) No windows open yet
2026-09-16 15:56:08.595 I  PeachCommander[26459:150b2] [com.apple.AppKit:Intelligence] starting collection observation
2026-09-16 15:56:08.595 Df PeachCommander[26459:150b8] [com.apple.UIIntelligenceSupport:xpc] establishing connection to agent
2026-09-16 15:56:08.595 Df PeachCommander[26459:150b8] [com.apple.xpc:session] [0xb9c1cb660] Session created.
2026-09-16 15:56:08.595 Df PeachCommander[26459:150b8] [com.apple.xpc:session] [0xb9c1cb660] Session created from connection [0xb9c61abc0]
2026-09-16 15:56:08.595 Df PeachCommander[26459:150b8] [com.apple.xpc:connection] [0xb9c61abc0] activating connection: mach=true listener=false peer=false name=com.apple.uiintelligencesupport.agent
2026-09-16 15:56:08.595 Df PeachCommander[26459:150b8] [com.apple.xpc:session] [0xb9c1cb660] Session activated
2026-09-16 15:56:08.595 I  PeachCommander[26459:150b2] [com.apple.SkyLight:processes] 0[outside of RPC]: SLSSetFrontProcessWithInfo(0x0-0x2 window=0 options=0x1
2026-09-16 15:56:08.596 Df PeachCommander[26459:150b9] [com.apple.UIIntelligenceSupport:xpc] Connection established with agent PID: 1211
2026-09-16 15:56:08.596 I  PeachCommander[26459:150b2] [com.apple.launchservices:cas] information in shared memory for 0x0-0x127127 with seed 535 was still valid, so using cached info { "ApplicationType"="Foreground", "BuildMachineOSBuild"="25E246", "BundleIdentifierLowerCase"="com.peachcommander.app", "CFBundleDevelopmentRegion"="en", "CFBundleDocumentTypes"=( { "CFBundleTypeName"="Peach Commander Plugin Package", "CFBundleTypeRole"="Viewer", "LSHandlerRank"="Owner", "LSItemContentTypes"=( "com.peachcommander.plugin-package") }, { "CFBundleTypeName"="Peach Commander Workspace", "CFBundleTypeRole"="Viewer", "LSHandlerRank"="Owner", "LSItemContentTypes"=( "com.peachcommander.workspace") }), "CFBundleExecutable"="PeachCommander", "CFBundleExecutablePath"="/Users/admin/pc-test/PeachCommander.app/Contents/MacOS/PeachCommander", "CFBundleExecutablePathDeviceID"=16777225, "CFBundleExecutablePathINode"=488203, "CFBundleHelpBookFolder"="PeachCommander.help", "CFBundleHelpBookName"="Peach Commander Help", "CFBundleIconFile"="AppIcon", "CFBundleIconName"="AppIcon", "CFBundleIdentifier"="com.peachcommander.app", "CFBundleInfoDictionaryVersion"="6.0", "CFBundleName"="PeachCo<…>
2026-09-16 15:56:08.597 Df PeachCommander[26459:150b2] [com.apple.xpc:connection] [0xb9c61ad00] activating connection: mach=true listener=false peer=false name=com.apple.FileCoordination
2026-09-16 15:56:08.597 Df PeachCommander[26459:150b9] [com.apple.foundation.filecoordination:presenter] Adding presenter BAE29873-AE63-404F-836E-0C21F7FC7114 for URL: <private>
2026-09-16 15:56:08.597 I  PeachCommander[26459:150b2] [com.apple.launchservices:cas] information in shared memory for 0x0-0x127127 with seed 535 was still valid, so using cached info { "ApplicationType"="Foreground", "BuildMachineOSBuild"="25E246", "BundleIdentifierLowerCase"="com.peachcommander.app", "CFBundleDevelopmentRegion"="en", "CFBundleDocumentTypes"=( { "CFBundleTypeName"="Peach Commander Plugin Package", "CFBundleTypeRole"="Viewer", "LSHandlerRank"="Owner", "LSItemContentTypes"=( "com.peachcommander.plugin-package") }, { "CFBundleTypeName"="Peach Commander Workspace", "CFBundleTypeRole"="Viewer", "LSHandlerRank"="Owner", "LSItemContentTypes"=( "com.peachcommander.workspace") }), "CFBundleExecutable"="PeachCommander", "CFBundleExecutablePath"="/Users/admin/pc-test/PeachCommander.app/Contents/MacOS/PeachCommander", "CFBundleExecutablePathDeviceID"=16777225, "CFBundleExecutablePathINode"=488203, "CFBundleHelpBookFolder"="PeachCommander.help", "CFBundleHelpBookName"="Peach Commander Help", "CFBundleIconFile"="AppIcon", "CFBundleIconName"="AppIcon", "CFBundleIdentifier"="com.peachcommander.app", "CFBundleInfoDictionaryVersion"="6.0", "CFBundleName"="PeachCo<…>
2026-09-16 15:56:08.601 I  PeachCommander[26459:150b2] [com.apple.AppKit:Window] order all windows front 1899724932208
2026-09-16 15:56:08.601 I  PeachCommander[26459:150b2] [com.apple.launchservices:cas] information in shared memory for 0x0-0x127127 with seed 535 was still valid, so using cached info { "ApplicationType"="Foreground", "BuildMachineOSBuild"="25E246", "BundleIdentifierLowerCase"="com.peachcommander.app", "CFBundleDevelopmentRegion"="en", "CFBundleDocumentTypes"=( { "CFBundleTypeName"="Peach Commander Plugin Package", "CFBundleTypeRole"="Viewer", "LSHandlerRank"="Owner", "LSItemContentTypes"=( "com.peachcommander.plugin-package") }, { "CFBundleTypeName"="Peach Commander Workspace", "CFBundleTypeRole"="Viewer", "LSHandlerRank"="Owner", "LSItemContentTypes"=( "com.peachcommander.workspace") }), "CFBundleExecutable"="PeachCommander", "CFBundleExecutablePath"="/Users/admin/pc-test/PeachCommander.app/Contents/MacOS/PeachCommander", "CFBundleExecutablePathDeviceID"=16777225, "CFBundleExecutablePathINode"=488203, "CFBundleHelpBookFolder"="PeachCommander.help", "CFBundleHelpBookName"="Peach Commander Help", "CFBundleIconFile"="AppIcon", "CFBundleIconName"="AppIcon", "CFBundleIdentifier"="com.peachcommander.app", "CFBundleInfoDictionaryVersion"="6.0", "CFBundleName"="PeachCo<…>
2026-09-16 15:56:08.601 I  PeachCommander[26459:150b2] [com.apple.showhide:pr-59900543] SHOWHIDE: CONFIRM, id=576, err=0
2026-09-16 15:56:08.601 I  PeachCommander[26459:150b2] [com.apple.AppKit:Window] context (0 -> 4bb1240) for window 4db
2026-09-16 15:56:08.601 I  PeachCommander[26459:150b2] [com.apple.AppKit:Window] context (0 -> c8c8f8bb) for window 4da
2026-09-16 15:56:08.601 I  PeachCommander[26459:150b2] [com.apple.AppKit:Window] context (0 -> 9c2c04a) for window 4d9
2026-09-16 15:56:08.601 I  PeachCommander[26459:150b2] [com.apple.AppKit:Window] context (0 -> eabba725) for window 4d8
2026-09-16 15:56:08.624 I  PeachCommander[26459:150b2] [com.apple.iconservices:foundation] layer data size zero
2026-09-16 15:56:08.635 Df PeachCommander[26459:150b2] [com.apple.AppKit:AutomaticTermination] void _updateToReflectAutomaticTerminationState(void) Setting _kLSApplicationWouldBeTerminatedByTALKey=0
2026-09-16 15:56:08.636 I  PeachCommander[26459:150b2] [com.apple.runningboard:assertion] Acquiring assertion: <RBSAssertionDescriptor| "AppNap adapter assertion" ID:(null) target:26459>
2026-09-16 15:56:08.670 A  PeachCommander[26459:150c5] (RunningBoardServices) didChangeInheritances
2026-09-16 15:56:08.716 Df PeachCommander[26459:150b2] [com.apple.libsystem.libdispatch:] DEPRECATED USE in libdispatch client: dispatch source activated with no event handler set; set a breakpoint on _dispatch_bug_deprecated to debug
2026-09-16 15:56:08.868 I  PeachCommander[26459:150b2] [com.apple.CarbonCore:gestalt] SetGestaltValuesBulk SetGestaltValuesBulk( count=22 tuples=0x189a82650
2026-09-16 15:56:08.868 I  PeachCommander[26459:150b2] [com.apple.CarbonCore:gestalt] SetGestaltValue SetGestaltValue(alis 1C9) => 0
2026-09-16 15:56:08.868 I  PeachCommander[26459:150b2] [com.apple.CarbonCore:gestalt] SetGestaltValue SetGestaltValue(os   FE) => 0
2026-09-16 15:56:08.868 I  PeachCommander[26459:150b2] [com.apple.CarbonCore:gestalt] SetGestaltValue SetGestaltValue(addr 7) => 0
2026-09-16 15:56:08.868 I  PeachCommander[26459:150b2] [com.apple.CarbonCore:gestalt] SetGestaltValue SetGestaltValue(fs   3D332) => 0
2026-09-16 15:56:08.868 I  PeachCommander[26459:150b2] [com.apple.CarbonCore:gestalt] SetGestaltValue SetGestaltValue(fold 11) => 0
2026-09-16 15:56:08.868 I  PeachCommander[26459:150b2] [com.apple.CarbonCore:gestalt] SetGestaltValue SetGestaltValue(lram 7FFFF000) => 0
2026-09-16 15:56:08.868 I  PeachCommander[26459:150b2] [com.apple.CarbonCore:gestalt] SetGestaltValue SetGestaltValue(mmap 1) => 0
2026-09-16 15:56:08.868 I  PeachCommander[26459:150b2] [com.apple.CarbonCore:gestalt] SetGestaltValue SetGestaltValue(cfrg 1) => 0
2026-09-16 15:56:08.868 I  PeachCommander[26459:150b2] [com.apple.CarbonCore:gestalt] SetGestaltValue SetGestaltValue(thds 7) => 0
2026-09-16 15:56:08.868 I  PeachCommander[26459:150b2] [com.apple.CarbonCore:gestalt] SetGestaltValue SetGestaltValue(tmgr E) => 0
2026-09-16 15:56:08.868 I  PeachCommander[26459:150b2] [com.apple.CarbonCore:gestalt] SetGestaltValue SetGestaltValue(vers 7) => 0
2026-09-16 15:56:08.868 I  PeachCommander[26459:150b2] [com.apple.CarbonCore:gestalt] SetGestaltValue SetGestaltValue(cbon 160) => 0
2026-09-16 15:56:08.868 I  PeachCommander[26459:150b2] [com.apple.CarbonCore:gestalt] SetGestaltValue SetGestaltValue(cltn 1108000) => 0
2026-09-16 15:56:08.868 I  PeachCommander[26459:150b2] [com.apple.CarbonCore:gestalt] SetGestaltValue SetGestaltValue(cpnt 8) => 0
2026-09-16 15:56:08.868 I  PeachCommander[26459:150b2] [com.apple.CarbonCore:gestalt] SetGestaltValue SetGestaltValue(rsrc 3) => 0
2026-09-16 15:56:08.868 I  PeachCommander[26459:150b2] [com.apple.CarbonCore:gestalt] SetGestaltValue SetGestaltValue(rmbg 11F) => 0
2026-09-16 15:56:08.868 I  PeachCommander[26459:150b2] [com.apple.CarbonCore:gestalt] SetGestaltValue SetGestaltValue(vm   11) => 0
2026-09-16 15:56:08.868 I  PeachCommander[26459:150b2] [com.apple.CarbonCore:gestalt] SetGestaltValue SetGestaltValue(srad 4170706C) => 0
2026-09-16 15:56:08.868 I  PeachCommander[26459:150b2] [com.apple.CarbonCore:gestalt] SetGestaltValue SetGestaltValue(sysa 14) => 0
2026-09-16 15:56:08.868 I  PeachCommander[26459:150b2] [com.apple.CarbonCore:gestalt] SetGestaltValue SetGestaltValue(copl 9) => 0
2026-09-16 15:56:08.868 I  PeachCommander[26459:150b2] [com.apple.CarbonCore:gestalt] SetGestaltValue SetGestaltValue(xlat 0) => 0
2026-09-16 15:56:08.868 I  PeachCommander[26459:150b2] [com.apple.CarbonCore:gestalt] SetGestaltValue SetGestaltValue(stdf 0) => 0
2026-09-16 15:56:08.868 I  PeachCommander[26459:150b2] [com.apple.CarbonCore:gestalt] _NewGestalt _NewGestalt(ram  0x1899fb644) => 0
2026-09-16 15:56:08.868 I  PeachCommander[26459:150b2] [com.apple.CarbonCore:gestalt] _NewGestalt _NewGestalt(ramm 0x1899fb644) => 0
2026-09-16 15:56:08.868 I  PeachCommander[26459:150b2] [com.apple.CarbonCore:gestalt] _NewGestalt _NewGestalt(cput 0x1899fb734) => 0
2026-09-16 15:56:08.868 I  PeachCommander[26459:150b2] [com.apple.CarbonCore:gestalt] _NewGestalt _NewGestalt(cpuf 0x1899fb764) => 0
2026-09-16 15:56:08.868 I  PeachCommander[26459:150b2] [com.apple.CarbonCore:gestalt] _NewGestalt _NewGestalt(bclk 0x1899fb794) => 0
2026-09-16 15:56:08.868 I  PeachCommander[26459:150b2] [com.apple.CarbonCore:gestalt] _NewGestalt _NewGestalt(bclm 0x1899fb794) => 0
2026-09-16 15:56:08.868 I  PeachCommander[26459:150b2] [com.apple.CarbonCore:gestalt] _NewGestalt _NewGestalt(pclk 0x1899fb834) => 0
2026-09-16 15:56:08.868 I  PeachCommander[26459:150b2] [com.apple.CarbonCore:gestalt] _NewGestalt _NewGestalt(mclk 0x1899fb834) => 0
2026-09-16 15:56:08.868 I  PeachCommander[26459:150b2] [com.apple.CarbonCore:gestalt] _NewGestalt _NewGestalt(a/ux 0x1899fb94c) => 0
2026-09-16 15:56:08.868 I  PeachCommander[26459:150b2] [com.apple.CarbonCore:gestalt] _NewGestalt _NewGestalt(pgsz 0x1899fb954) => 0
2026-09-16 15:56:08.868 I  PeachCommander[26459:150b2] [com.apple.CarbonCore:gestalt] _NewGestalt _NewGestalt(csiz 0x1899fb994) => 0
2026-09-16 15:56:08.868 I  PeachCommander[26459:150b2] [com.apple.CarbonCore:gestalt] _NewGestalt _NewGestalt(sysv 0x1899a6dfc) => 0
2026-09-16 15:56:08.868 I  PeachCommander[26459:150b2] [com.apple.CarbonCore:gestalt] _NewGestalt _NewGestalt(sys1 0x1899a6dfc) => 0
2026-09-16 15:56:08.868 I  PeachCommander[26459:150b2] [com.apple.CarbonCore:gestalt] _NewGestalt _NewGestalt(sys2 0x1899a6dfc) => 0
2026-09-16 15:56:08.868 I  PeachCommander[26459:150b2] [com.apple.CarbonCore:gestalt] _NewGestalt _NewGestalt(sys3 0x1899a6dfc) => 0
2026-09-16 15:56:08.868 I  PeachCommander[26459:150b2] [com.apple.CarbonCore:gestalt] _NewGestalt _NewGestalt(cdfl 0x1899fb9d4) => 0
2026-09-16 15:56:08.868 I  PeachCommander[26459:150b2] [com.apple.CarbonCore:gestalt] _NewGestalt _NewGestalt(cdrm 0x1899fbc30) => 0
2026-09-16 15:56:08.868 I  PeachCommander[26459:150b2] [com.apple.CarbonCore:gestalt] _NewGestalt _NewGestalt(cpus 0x1899fbc78) => 0
2026-09-16 15:56:08.868 I  PeachCommander[26459:150b2] [com.apple.CarbonCore:gestalt] SetGestaltValue SetGestaltValue(swex 1) => 0
2026-09-16 15:56:08.868 Df PeachCommander[26459:150b2] [com.apple.xpc:connection] [0xb9c61a440] activating connection: mach=false listener=false peer=false name=com.apple.hiservices-xpcservice
2026-09-16 15:56:08.870 I  PeachCommander[26459:150b2] [com.apple.CFPasteboard:entry] CopyData('ApplePerContextInputPasteboard' (<CFUUID 0xb9b8621e0> A45115BE-3B4A-415E-982E-1057462E1FA8) gen: -1 item: 1264739405 flavor: 'ApplePerContextInputFlavor')
2026-09-16 15:56:08.870 I  PeachCommander[26459:150b2] [com.apple.CFPasteboard:cache] Rebuilding cache for 'ApplePerContextInputPasteboard' (<CFUUID 0xb9b8621e0> A45115BE-3B4A-415E-982E-1057462E1FA8)
2026-09-16 15:56:08.870 I  PeachCommander[26459:150b2] [com.apple.CFPasteboard:general] Will request data from daemon
2026-09-16 15:56:08.870 I  PeachCommander[26459:150b2] [com.apple.CFPasteboard:exit] (not-in-cache) - result: 0 generation: 1 data (182 bytes) flags: 0
2026-09-16 15:56:08.870 I  PeachCommander[26459:150b2] [com.apple.CFPasteboard:entry] CopyData('DefaultAsciiKeyboardLayoutPasteboard' (<CFUUID 0xb9cf3e7e0> F6BC2B95-F5F1-45A5-9E0E-3166AAF28AE8) gen: -1 item: 1264739405 flavor: 'DefaultAsciiKeyboardLayoutFlavor')
2026-09-16 15:56:08.870 I  PeachCommander[26459:150b2] [com.apple.CFPasteboard:exit] (not-in-cache) - result: -8 generation: 0 null data flags: 0
2026-09-16 15:56:08.873 A  PeachCommander[26459:150c5] (CoreFoundation) Loading Preferences From System CFPrefsD
2026-09-16 15:56:08.971 I  PeachCommander[26459:150b2] [com.apple.iconservices:foundation] layer data size zero
2026-09-16 15:56:08.973 A  PeachCommander[26459:150b2] (CoreFoundation) Loading Preferences From User CFPrefsD
2026-09-16 15:56:08.973 I  PeachCommander[26459:150b2] [com.apple.CoreAnalytics:client] Dropping "com.apple.ImageIO.readerSelection" as it isn't used in any transform (not in the config or budgeted?)
2026-09-16 15:56:08.989 I  PeachCommander[26459:150b2] [com.apple.coreanimation:Utilities] IOSurface Compression Enabled: NO
2026-09-16 15:56:08.991 Df PeachCommander[26459:150be] [com.apple.coreanimation:Metal] Precompiled pipelines disabled on unsupported hardware.
2026-09-16 15:56:08.999 I  PeachCommander[26459:150bd] [com.apple.AppKit:WindowTab] Indexing 1 items
2026-09-16 15:56:08.999 A  PeachCommander[26459:150bd] (CoreSpotlight) end-index-batch
2026-09-16 15:56:08.999 Df PeachCommander[26459:150bd] [com.apple.corespotlight:index] *warn* MailCS ======%%% _setMailMessageAttributes skip:1
2026-09-16 15:56:08.999 A  PeachCommander[26459:150bd] (CoreSpotlight) index-items
2026-09-16 15:56:08.999 Df PeachCommander[26459:1514c] [com.apple.corespotlight:index] CSInlineDonation:<private>: Skipping donation (feature flag disabled)
2026-09-16 15:56:09.000 Df PeachCommander[26459:1514d] [com.apple.corespotlight:index] CSInlineDonation:<private>: Skipping donation (feature flag disabled)
2026-09-16 15:56:09.119 I  PeachCommander[26459:150b2] [com.apple.HIToolbox:MBDisplays] <private>
2026-09-16 15:56:09.119 I  PeachCommander[26459:150b2] [com.apple.HIToolbox:MBDisplays] <private>
2026-09-16 15:56:09.248 I  PeachCommander[26459:150b2] [com.peachcommander:PCFoundation] Session restored
2026-09-16 15:56:09.248 Df PeachCommander[26459:150b2] (Foundation) <private>
2026-09-16 15:56:09.248 I  PeachCommander[26459:150b2] [com.peachcommander:PCFoundation] [automation] running /Users/admin/auto.txt
2026-09-16 15:56:09.248 Df PeachCommander[26459:150b2] (Foundation) <private>
2026-09-16 15:56:09.248 I  PeachCommander[26459:150b2] [com.peachcommander:PCFoundation] [automation] > active left
2026-09-16 15:56:09.248 Df PeachCommander[26459:150b2] (Foundation) <private>
2026-09-16 15:56:09.248 I  PeachCommander[26459:150b2] [com.peachcommander:PCFoundation] [automation] > left /Users/admin/pc-demo
2026-09-16 15:56:09.410 Df PeachCommander[26459:150b2] (Foundation) <private>
2026-09-16 15:56:09.410 I  PeachCommander[26459:150b2] [com.peachcommander:PCFoundation] [automation] > wait 1200
2026-09-16 15:56:09.447 I  PeachCommander[26459:150b2] [com.apple.AppKit:Image] ISImage reported a placeholder, image rep is providing a placeholder image for <private>
2026-09-16 15:56:09.447 I  PeachCommander[26459:150b2] [com.apple.AppKit:Image] ISImage reported a placeholder, image rep is providing a placeholder image for <private>
2026-09-16 15:56:09.448 I  PeachCommander[26459:150be] [com.apple.iconservices:foundation] layer data size zero
2026-09-16 15:56:09.449 I  PeachCommander[26459:150b2] [com.apple.AppKit:Image] ISImage reported a placeholder, image rep is providing a placeholder image for <private>
2026-09-16 15:56:09.449 I  PeachCommander[26459:150b2] [com.apple.AppKit:Image] ISImage reported a placeholder, image rep is providing a placeholder image for <private>
2026-09-16 15:56:09.451 I  PeachCommander[26459:150b2] [com.apple.AppKit:Image] ISImage reported a placeholder, image rep is providing a placeholder image for <private>
2026-09-16 15:56:09.451 I  PeachCommander[26459:150b2] [com.apple.AppKit:Image] ISImage reported a placeholder, image rep is providing a placeholder image for <private>
2026-09-16 15:56:09.453 I  PeachCommander[26459:150b2] [com.apple.AppKit:Image] ISImage reported a placeholder, image rep is providing a placeholder image for <private>
2026-09-16 15:56:09.453 I  PeachCommander[26459:150b2] [com.apple.AppKit:Image] ISImage reported a placeholder, image rep is providing a placeholder image for <private>
2026-09-16 15:56:09.455 I  PeachCommander[26459:150b2] [com.apple.AppKit:Image] ISImage reported a placeholder, image rep is providing a placeholder image for <private>
2026-09-16 15:56:09.455 I  PeachCommander[26459:150b2] [com.apple.AppKit:Image] ISImage reported a placeholder, image rep is providing a placeholder image for <private>
2026-09-16 15:56:09.456 I  PeachCommander[26459:150b2] [com.apple.AppKit:Image] ISImage reported a placeholder, image rep is providing a placeholder image for <private>
2026-09-16 15:56:09.456 I  PeachCommander[26459:150b2] [com.apple.AppKit:Image] ISImage reported a placeholder, image rep is providing a placeholder image for <private>
2026-09-16 15:56:09.458 I  PeachCommander[26459:150b2] [com.apple.AppKit:Image] ISImage reported a placeholder, image rep is providing a placeholder image for <private>
2026-09-16 15:56:09.458 I  PeachCommander[26459:150b2] [com.apple.AppKit:Image] ISImage reported a placeholder, image rep is providing a placeholder image for <private>
2026-09-16 15:56:09.460 I  PeachCommander[26459:150b2] [com.apple.AppKit:Image] ISImage reported a placeholder, image rep is providing a placeholder image for <private>
2026-09-16 15:56:09.460 I  PeachCommander[26459:150b2] [com.apple.AppKit:Image] ISImage reported a placeholder, image rep is providing a placeholder image for <private>
2026-09-16 15:56:09.461 I  PeachCommander[26459:150b2] [com.apple.AppKit:Image] ISImage reported a placeholder, image rep is providing a placeholder image for <private>
2026-09-16 15:56:09.461 I  PeachCommander[26459:150b2] [com.apple.AppKit:Image] ISImage reported a placeholder, image rep is providing a placeholder image for <private>
2026-09-16 15:56:09.463 I  PeachCommander[26459:150b2] [com.apple.AppKit:Image] ISImage reported a placeholder, image rep is providing a placeholder image for <private>
2026-09-16 15:56:09.463 I  PeachCommander[26459:150b2] [com.apple.AppKit:Image] ISImage reported a placeholder, image rep is providing a placeholder image for <private>
2026-09-16 15:56:09.464 I  PeachCommander[26459:150b2] [com.apple.AppKit:Image] ISImage reported a placeholder, image rep is providing a placeholder image for <private>
2026-09-16 15:56:09.464 I  PeachCommander[26459:150b2] [com.apple.AppKit:Image] ISImage reported a placeholder, image rep is providing a placeholder image for <private>
2026-09-16 15:56:09.466 I  PeachCommander[26459:150b2] [com.apple.AppKit:Image] ISImage reported a placeholder, image rep is providing a placeholder image for <private>
2026-09-16 15:56:09.466 I  PeachCommander[26459:150b2] [com.apple.AppKit:Image] ISImage reported a placeholder, image rep is providing a placeholder image for <private>
2026-09-16 15:56:09.468 I  PeachCommander[26459:150b2] [com.apple.AppKit:Image] ISImage reported a placeholder, image rep is providing a placeholder image for <private>
2026-09-16 15:56:09.468 I  PeachCommander[26459:150b2] [com.apple.AppKit:Image] ISImage reported a placeholder, image rep is providing a placeholder image for <private>
2026-09-16 15:56:09.469 I  PeachCommander[26459:150b2] [com.apple.AppKit:Image] ISImage reported a placeholder, image rep is providing a placeholder image for <private>
2026-09-16 15:56:09.469 I  PeachCommander[26459:150b2] [com.apple.AppKit:Image] ISImage reported a placeholder, image rep is providing a placeholder image for <private>
2026-09-16 15:56:09.471 I  PeachCommander[26459:150b2] [com.apple.AppKit:Image] ISImage reported a placeholder, image rep is providing a placeholder image for <private>
2026-09-16 15:56:09.471 I  PeachCommander[26459:150b2] [com.apple.AppKit:Image] ISImage reported a placeholder, image rep is providing a placeholder image for <private>
2026-09-16 15:56:09.472 I  PeachCommander[26459:150b2] [com.apple.AppKit:Image] ISImage reported a placeholder, image rep is providing a placeholder image for <private>
2026-09-16 15:56:09.472 I  PeachCommander[26459:150b2] [com.apple.AppKit:Image] ISImage reported a placeholder, image rep is providing a placeholder image for <private>
2026-09-16 15:56:09.478 I  PeachCommander[26459:150be] [com.apple.iconservices:foundation] layer data size zero
2026-09-16 15:56:09.550 I  PeachCommander[26459:150b2] [com.apple.iconservices:foundation] layer data size zero
2026-09-16 15:56:09.550 I  PeachCommander[26459:150b2] [com.apple.AppKit:Image] ISImage reported a placeholder, image rep is providing a placeholder image for <private>
2026-09-16 15:56:09.551 I  PeachCommander[26459:150b2] [com.apple.iconservices:foundation] layer data size zero
2026-09-16 15:56:09.551 I  PeachCommander[26459:150b2] [com.apple.AppKit:Image] ISImage reported a placeholder, image rep is providing a placeholder image for <private>
2026-09-16 15:56:09.551 I  PeachCommander[26459:150b2] [com.apple.iconservices:foundation] layer data size zero
2026-09-16 15:56:09.551 I  PeachCommander[26459:150b2] [com.apple.AppKit:Image] ISImage reported a placeholder, image rep is providing a placeholder image for <private>
2026-09-16 15:56:09.551 I  PeachCommander[26459:150b2] [com.apple.AppKit:Image] ISImage reported a placeholder, image rep is providing a placeholder image for <private>
2026-09-16 15:56:09.556 I  PeachCommander[26459:150b2] [com.apple.AppKit:Image] ISImage reported a placeholder, image rep is providing a placeholder image for <private>
2026-09-16 15:56:09.557 I  PeachCommander[26459:150b2] [com.apple.AppKit:Image] ISImage reported a placeholder, image rep is providing a placeholder image for <private>
2026-09-16 15:56:09.557 I  PeachCommander[26459:150b2] [com.apple.AppKit:Image] ISImage reported a placeholder, image rep is providing a placeholder image for <private>
2026-09-16 15:56:09.557 I  PeachCommander[26459:150b2] [com.apple.AppKit:Image] ISImage reported a placeholder, image rep is providing a placeholder image for <private>
2026-09-16 15:56:09.557 I  PeachCommander[26459:150b2] [com.apple.AppKit:Image] ISImage reported a placeholder, image rep is providing a placeholder image for <private>
2026-09-16 15:56:09.557 I  PeachCommander[26459:150b2] [com.apple.AppKit:Image] ISImage reported a placeholder, image rep is providing a placeholder image for <private>
2026-09-16 15:56:09.557 I  PeachCommander[26459:150b2] [com.apple.AppKit:Image] ISImage reported a placeholder, image rep is providing a placeholder image for <private>
2026-09-16 15:56:09.558 I  PeachCommander[26459:150b2] [com.apple.AppKit:Image] ISImage reported a placeholder, image rep is providing a placeholder image for <private>
2026-09-16 15:56:09.558 I  PeachCommander[26459:150b2] [com.apple.AppKit:Image] ISImage reported a placeholder, image rep is providing a placeholder image for <private>
2026-09-16 15:56:09.558 I  PeachCommander[26459:150b2] [com.apple.AppKit:Image] ISImage reported a placeholder, image rep is providing a placeholder image for <private>
2026-09-16 15:56:09.558 I  PeachCommander[26459:150b2] [com.apple.AppKit:Image] ISImage reported a placeholder, image rep is providing a placeholder image for <private>
2026-09-16 15:56:09.558 I  PeachCommander[26459:150b2] [com.apple.AppKit:Image] ISImage reported a placeholder, image rep is providing a placeholder image for <private>
2026-09-16 15:56:09.558 I  PeachCommander[26459:150b2] [com.apple.AppKit:Image] ISImage reported a placeholder, image rep is providing a placeholder image for <private>
2026-09-16 15:56:09.558 I  PeachCommander[26459:150b2] [com.apple.AppKit:Image] ISImage reported a placeholder, image rep is providing a placeholder image for <private>
2026-09-16 15:56:09.559 I  PeachCommander[26459:150b2] [com.apple.AppKit:Image] ISImage reported a placeholder, image rep is providing a placeholder image for <private>
2026-09-16 15:56:09.559 I  PeachCommander[26459:150b2] [com.apple.AppKit:Image] ISImage reported a placeholder, image rep is providing a placeholder image for <private>
2026-09-16 15:56:09.559 I  PeachCommander[26459:150b2] [com.apple.AppKit:Image] ISImage reported a placeholder, image rep is providing a placeholder image for <private>
2026-09-16 15:56:09.559 I  PeachCommander[26459:150b2] [com.apple.AppKit:Image] ISImage reported a placeholder, image rep is providing a placeholder image for <private>
2026-09-16 15:56:09.559 I  PeachCommander[26459:150b2] [com.apple.AppKit:Image] ISImage reported a placeholder, image rep is providing a placeholder image for <private>
2026-09-16 15:56:09.559 I  PeachCommander[26459:150b2] [com.apple.AppKit:Image] ISImage reported a placeholder, image rep is providing a placeholder image for <private>
2026-09-16 15:56:09.559 I  PeachCommander[26459:150b2] [com.apple.AppKit:Image] ISImage reported a placeholder, image rep is providing a placeholder image for <private>
2026-09-16 15:56:09.559 I  PeachCommander[26459:150b2] [com.apple.AppKit:Image] ISImage reported a placeholder, image rep is providing a placeholder image for <private>
2026-09-16 15:56:09.560 I  PeachCommander[26459:150b2] [com.apple.iconservices:foundation] layer data size zero
2026-09-16 15:56:09.561 I  PeachCommander[26459:150b2] [com.apple.iconservices:foundation] layer data size zero
2026-09-16 15:56:09.561 I  PeachCommander[26459:150b2] [com.apple.iconservices:foundation] layer data size zero
2026-09-16 15:56:09.561 I  PeachCommander[26459:150b2] [com.apple.iconservices:foundation] layer data size zero
2026-09-16 15:56:09.561 I  PeachCommander[26459:150b2] [com.apple.iconservices:foundation] layer data size zero
2026-09-16 15:56:09.561 I  PeachCommander[26459:150b2] [com.apple.iconservices:foundation] layer data size zero
2026-09-16 15:56:09.561 I  PeachCommander[26459:150b2] [com.apple.iconservices:foundation] layer data size zero
2026-09-16 15:56:09.561 I  PeachCommander[26459:150b2] [com.apple.iconservices:foundation] layer data size zero
2026-09-16 15:56:09.576 I  PeachCommander[26459:150b2] [com.apple.AppKit:Image] ISImage reported a placeholder, image rep is providing a placeholder image for <private>
2026-09-16 15:56:09.577 I  PeachCommander[26459:150b2] [com.apple.AppKit:Image] ISImage reported a placeholder, image rep is providing a placeholder image for <private>
2026-09-16 15:56:09.578 I  PeachCommander[26459:150b2] [com.apple.AppKit:Image] ISImage reported a placeholder, image rep is providing a placeholder image for <private>
2026-09-16 15:56:09.582 I  PeachCommander[26459:150b2] [com.apple.AppKit:Image] ISImage reported a placeholder, image rep is providing a placeholder image for <private>
2026-09-16 15:56:09.584 I  PeachCommander[26459:150b2] [com.apple.AppKit:Image] ISImage reported a placeholder, image rep is providing a placeholder image for <private>
2026-09-16 15:56:09.614 I  PeachCommander[26459:150b2] [com.apple.AppKit:Image] ISImage reported a placeholder, image rep is providing a placeholder image for <private>
2026-09-16 15:56:09.614 I  PeachCommander[26459:150b2] [com.apple.AppKit:Image] ISImage reported a placeholder, image rep is providing a placeholder image for <private>
2026-09-16 15:56:09.617 I  PeachCommander[26459:150b2] [com.apple.AppKit:Image] ISImage reported a placeholder, image rep is providing a placeholder image for <private>
2026-09-16 15:56:09.617 I  PeachCommander[26459:150b2] [com.apple.AppKit:Image] ISImage reported a placeholder, image rep is providing a placeholder image for <private>
2026-09-16 15:56:09.625 I  PeachCommander[26459:150b2] [com.apple.AppKit:Image] ISImage reported a placeholder, image rep is providing a placeholder image for <private>
2026-09-16 15:56:09.625 I  PeachCommander[26459:150b2] [com.apple.AppKit:Image] ISImage reported a placeholder, image rep is providing a placeholder image for <private>
2026-09-16 15:56:09.627 I  PeachCommander[26459:150b2] [com.apple.AppKit:Image] ISImage reported a placeholder, image rep is providing a placeholder image for <private>
2026-09-16 15:56:09.627 I  PeachCommander[26459:150b2] [com.apple.AppKit:Image] ISImage reported a placeholder, image rep is providing a placeholder image for <private>
2026-09-16 15:56:09.629 I  PeachCommander[26459:150b2] [com.apple.AppKit:Image] ISImage reported a placeholder, image rep is providing a placeholder image for <private>
2026-09-16 15:56:09.629 I  PeachCommander[26459:150b2] [com.apple.AppKit:Image] ISImage reported a placeholder, image rep is providing a placeholder image for <private>
2026-09-16 15:56:09.850 I  PeachCommander[26459:150bd] [com.apple.AppKit:WindowTab] Indexing 1 items
2026-09-16 15:56:09.850 A  PeachCommander[26459:150bd] (CoreSpotlight) end-index-batch
2026-09-16 15:56:09.850 A  PeachCommander[26459:150bd] (CoreSpotlight) index-items
2026-09-16 15:56:09.850 Df PeachCommander[26459:150bd] [com.apple.corespotlight:index] CSInlineDonation:<private>: Skipping donation (feature flag disabled)
2026-09-16 15:56:09.850 Df PeachCommander[26459:150bd] [com.apple.corespotlight:index] CSInlineDonation:<private>: Skipping donation (feature flag disabled)
2026-09-16 15:56:10.655 Df PeachCommander[26459:150b2] (Foundation) <private>
2026-09-16 15:56:10.655 I  PeachCommander[26459:150b2] [com.peachcommander:PCFoundation] [automation] > findsearch *.txt|
2026-09-16 15:56:10.674 I  PeachCommander[26459:150b2] [com.apple.AppKit:Window] context (0 -> d491c6e7) for window 4dd
2026-09-16 15:56:10.738 I  PeachCommander[26459:150b2] [com.apple.AppKit:Window] order window front conditionally: 4dd related: 0
2026-09-16 15:56:11.069 I  PeachCommander[26459:1514d] [com.apple.AppKit:WindowTab] Indexing 2 items
2026-09-16 15:56:11.069 A  PeachCommander[26459:1514d] (CoreSpotlight) end-index-batch
2026-09-16 15:56:11.069 A  PeachCommander[26459:1514d] (CoreSpotlight) index-items
2026-09-16 15:56:11.069 Df PeachCommander[26459:1514d] [com.apple.corespotlight:index] CSInlineDonation:<private>: Skipping donation (feature flag disabled)
2026-09-16 15:56:11.069 Df PeachCommander[26459:1514d] [com.apple.corespotlight:index] CSInlineDonation:<private>: Skipping donation (feature flag disabled)
2026-09-16 15:56:11.388 Df PeachCommander[26459:150b2] (Foundation) <private>
2026-09-16 15:56:11.388 I  PeachCommander[26459:150b2] [com.peachcommander:PCFoundation] [automation] > wait 2500
2026-09-16 15:56:13.890 Df PeachCommander[26459:150b2] (Foundation) <private>
2026-09-16 15:56:13.890 I  PeachCommander[26459:150b2] [com.peachcommander:PCFoundation] [automation] > windowlayout Find Files|1400x1000|/Users/admin/find-big.txt
2026-09-16 15:56:13.899 Df PeachCommander[26459:150b2] (Foundation) <private>
2026-09-16 15:56:13.899 Df PeachCommander[26459:150b2] (Foundation) <private>
2026-09-16 15:56:13.899 I  PeachCommander[26459:150b2] [com.peachcommander:PCFoundation] [automation] > wait 800
2026-09-16 15:56:14.725 Df PeachCommander[26459:150b2] (Foundation) <private>
2026-09-16 15:56:14.725 I  PeachCommander[26459:150b2] [com.peachcommander:PCFoundation] [automation] done
