Timestamp               Ty Process[PID:TID]
2026-09-14 14:38:24.316 A  PeachCommander[23721:13054] (libsystem_info.dylib) Retrieve User by ID
2026-09-14 14:38:24.317 Df PeachCommander[23721:13054] [com.apple.xpc:connection] [0x1057425f0] activating connection: mach=true listener=false peer=false name=com.apple.cfprefsd.daemon
2026-09-14 14:38:24.317 Df PeachCommander[23721:1305c] [com.apple.xpc:connection] [0x105742d20] activating connection: mach=true listener=false peer=false name=com.apple.cfprefsd.agent
2026-09-14 14:38:24.318 Df PeachCommander[23721:13054] [com.apple.xpc:connection] [0x105748d40] activating connection: mach=true listener=false peer=false name=com.apple.coreservices.launchservicesd
2026-09-14 14:38:24.319 I  PeachCommander[23721:13054] [com.apple.launchservices:cas] Registering for notification <private> on default queue, to re-boostrap client connection.
2026-09-14 14:38:24.319 Df PeachCommander[23721:13054] [com.apple.xpc:connection] [0x941070000] activating connection: mach=true listener=false peer=false name=com.apple.pasteboard.1
2026-09-14 14:38:24.319 Df PeachCommander[23721:13054] [com.apple.xpc:connection] [0x941070140] activating connection: mach=true listener=false peer=false name=com.apple.distributed_notifications@Uv3
2026-09-14 14:38:24.320 Df PeachCommander[23721:13054] [com.apple.AppKit:AutomaticTermination] void _NSDisableAutomaticTerminationAndLog(NSString *) No windows open yet
2026-09-14 14:38:24.321 A  PeachCommander[23721:13054] (TCC) TCCAccessRequest() IPC
2026-09-14 14:38:24.321 Df PeachCommander[23721:13054] [com.apple.xpc:connection] [0x941070280] activating connection: mach=true listener=false peer=false name=com.apple.tccd.system
2026-09-14 14:38:24.321 I  PeachCommander[23721:13054] [com.apple.TCC:access] SEND: 0/7 synchronous to com.apple.tccd.system: request: msgID=23721.1, function=TCCAccessRequest, service=kTCCServiceListenEvent,
2026-09-14 14:38:24.322 I  PeachCommander[23721:13054] [com.apple.TCC:access] RECV: synchronous reply <dictionary: 0x940c58000> { count = 5, transaction: 0, voucher = 0x0, contents =
	"prompt_type" => <uint64: 0x8112e5fa988ca9bf>: 1
	"auth_value" => <uint64: 0x8112e5fa988ca9bf>: 1
	"preflight_unknown" => <bool: 0x1eec3d190>: true
	"auth_version" => <uint64: 0x8112e5fa988ca9bf>: 1
	"auth_reason" => <uint64: 0x8112e5fa988ca99f>: 5
}
2026-09-14 14:38:24.322 Df PeachCommander[23721:13054] [com.apple.xpc:connection] [0x941070280] invalidated after the last release of the connection object
2026-09-14 14:38:24.323 Df PeachCommander[23721:13054] [com.apple.SkyLight:default] server port 0x0000300b, session port 0x0000300b
2026-09-14 14:38:24.325 Df PeachCommander[23721:13054] [com.apple.SkyLight:default] New connection 0x39f37 main
2026-09-14 14:38:24.325 I  PeachCommander[23721:1305d] [com.apple.SkyLight:processes] 0[outside of RPC]: First connection id 237367 mapped to ctx = 0x1057515c0
2026-09-14 14:38:24.326 I  PeachCommander[23721:13054] [com.apple.hiservices:processmgr] Checking in with CAS, pid=23721
2026-09-14 14:38:24.326 I  PeachCommander[23721:13054] [com.apple.launchservices:cas] LSApplicationCheckIn(), app being registered is:"/Users/admin/pc-test/PeachCommander.app/Contents/MacOS/PeachCommander"
2026-09-14 14:38:24.326 I  PeachCommander[23721:13054] [com.apple.launchservices:cas]  { "ApplicationType"="Foreground", "BuildMachineOSBuild"="25E246", "CFBundleDevelopmentRegion"="en", "CFBundleDocumentTypes"=( { "CFBundleTypeName"="Peach Commander Plugin Package", "CFBundleTypeRole"="Viewer", "LSHandlerRank"="Owner", "LSItemContentTypes"=( "com.peachcommander.plugin-package") }), "CFBundleExecutable"="PeachCommander", "CFBundleExecutablePath"="/Users/admin/pc-test/PeachCommander.app/Contents/MacOS/PeachCommander", "CFBundleHelpBookFolder"="PeachCommander.help", "CFBundleHelpBookName"="Peach Commander Help", "CFBundleIconFile"="AppIcon", "CFBundleIconName"="AppIcon", "CFBundleIdentifier"="com.peachcommander.app", "CFBundleInfoDictionaryVersion"="6.0", "CFBundleName"="PeachCommander", "CFBundleNumericVersion"=402685952, "CFBundlePackageType"="APPL", "CFBundleShortVersionString"="0.9.0", "CFBundleSignature"="?????", "CFBundleSupportedPlatforms"=( "MacOSX"), "CFBundleVersion"="18", "DTCompiler"="com.apple.compilers.llvm.clang.1_0", "DTPlatformBuild"="25F70", "DTPlatformName"="macosx", "<…>
2026-09-14 14:38:24.326 Df PeachCommander[23721:13054] [com.apple.processmanager:front-35286506] CHECKIN: pid=23721
2026-09-14 14:38:24.327 Df PeachCommander[23721:13054] [com.apple.processmanager:front-35286506] CHECKEDIN: pid=23721 asn=0x0-0x13b13b foreground=1
2026-09-14 14:38:24.327 I  PeachCommander[23721:13054] [com.apple.launchservices:cas] Setting processControlState to default PROC_SETPC_SUSPEND because application does not have LSProcessControlValue key
2026-09-14 14:38:24.328 Df PeachCommander[23721:13054] [com.apple.xpc:connection] [0x941070280] activating connection: mach=false listener=true peer=false name=(anonymous)
2026-09-14 14:38:24.328 Df PeachCommander[23721:13054] [com.apple.xpc:connection] [0x941070280] Connection returned listener port: 0x4103
2026-09-14 14:38:24.328 Df PeachCommander[23721:1305c] [com.apple.xpc:connection] [0x940cb8300] activating connection: mach=false listener=false peer=true name=com.apple.xpc.anonymous.0x941070280.peer[131].0x940cb8300
2026-09-14 14:38:24.328 Df PeachCommander[23721:13054] [com.apple.processmanager:front-35286506] FRONTLOGGING: version 1
2026-09-14 14:38:24.328 Df PeachCommander[23721:13054] [com.apple.processmanager:front-35286506] Registered, pid=23721 ASN=0x0,0x13b13b
2026-09-14 14:38:24.328 Df PeachCommander[23721:13054] [com.apple.xpc:connection] [0x9410703c0] activating connection: mach=true listener=false peer=false name=com.apple.analyticsd
2026-09-14 14:38:24.328 I  PeachCommander[23721:13054] [com.apple.CoreAnalytics:client] Daemon status changed from 0 to 1
2026-09-14 14:38:24.328 I  PeachCommander[23721:1305c] [com.apple.CarbonCore:coreservicesdaemon] SCSession():SCSession( id=100, this=0x0x105748330 option=65538) created, forUID=501 mach_port_t=0x5203.
2026-09-14 14:38:24.328 I  PeachCommander[23721:1305c] [com.apple.CarbonCore:coreservicesdaemon] SCSession():SCSession( id=101, this=0x0x105748470 option=65538) created, forUID=501 mach_port_t=0x5303.
2026-09-14 14:38:24.328 I  PeachCommander[23721:1305c] [com.apple.CarbonCore:coreservicesdaemon] connectToCoreServicesD():Instantiating server (coreservicesd based) SCSession, port=0x5203 serverOptions=0x10002.
2026-09-14 14:38:24.329 I  PeachCommander[23721:13054] [com.apple.hiservices:processmgr] _RegisterApplication( pid 23721 => 0x0,0x13b13b) type=foreground
2026-09-14 14:38:24.329 Df PeachCommander[23721:13054] [com.apple.xpc:connection] [0x941070280] Connection returned listener port: 0x4103
2026-09-14 14:38:24.329 Df PeachCommander[23721:1305c] [com.apple.xpc:connection] [0x941070500] activating connection: mach=true listener=false peer=false name=com.apple.lsd.mapdb
2026-09-14 14:38:24.329 I  PeachCommander[23721:13054] [com.apple.launchservices:cas] CFArrayRef _LSCopyLaunchModifiers(LSSessionID, LSASNRef _Nonnull), result for psn [ kLSCurrentApp ASN, 0x0,0x2]  is 1 items.
2026-09-14 14:38:24.329 Df PeachCommander[23721:13054] [com.apple.processmanager:front-35286506] BringForward: pid=23721 asn=0x0-0x13b13b bringForward=1 foreground=1 uiElement=0 launchedByLS=1 modifiersCount=1 allDisabled=1
2026-09-14 14:38:24.329 Df PeachCommander[23721:13054] [com.apple.processmanager:front-35286506] BringFrontModifier: pid=23721 asn=0x0-0x13b13b Modifier 0 hideAfter=0 hideOthers=0 dontMakeFrontmost=0 mouseDown=0/0 seed=0/0
2026-09-14 14:38:24.329 Df PeachCommander[23721:13054] [com.apple.processmanager:front-35286506] BringForward: pid=23721 asn=0x0-0x13b13b
2026-09-14 14:38:24.329 Df PeachCommander[23721:13054] [com.apple.processmanager:front-35286506] SetFrontProcess: asn=0x0-0x13b13b options=0
2026-09-14 14:38:24.329 I  PeachCommander[23721:13054] [com.apple.SkyLight:processes] 0[outside of RPC]: SLPSetFrontProcess(0x0-0x13b13b window=0 options=0x0
2026-09-14 14:38:24.329 Df PeachCommander[23721:1305d] [com.apple.CoreAnalytics:client] Received configuration update from daemon (initial)
2026-09-14 14:38:24.330 I  PeachCommander[23721:1305c] [com.apple.launchservices:db] LaunchServices database schema version: 20971544
2026-09-14 14:38:24.331 Df PeachCommander[23721:13054] [com.apple.AppKit:Appearance] Current system appearance, (HLTB: 1), (SLS: 0)
2026-09-14 14:38:24.332 Df PeachCommander[23721:13054] (libMobileGestalt.dylib) No persisted cache on this platform.
2026-09-14 14:38:24.332 I  PeachCommander[23721:1305d] [com.apple.launchservices:cas] information in shared memory for 0x0-0x13b13b with seed 533 was still valid, so using cached info { "ApplicationType"="Foreground", "BuildMachineOSBuild"="25E246", "BundleIdentifierLowerCase"="com.peachcommander.app", "CFBundleDevelopmentRegion"="en", "CFBundleDocumentTypes"=( { "CFBundleTypeName"="Peach Commander Plugin Package", "CFBundleTypeRole"="Viewer", "LSHandlerRank"="Owner", "LSItemContentTypes"=( "com.peachcommander.plugin-package") }), "CFBundleExecutable"="PeachCommander", "CFBundleExecutablePath"="/Users/admin/pc-test/PeachCommander.app/Contents/MacOS/PeachCommander", "CFBundleExecutablePathDeviceID"=16777227, "CFBundleExecutablePathINode"=488133, "CFBundleHelpBookFolder"="PeachCommander.help", "CFBundleHelpBookName"="Peach Commander Help", "CFBundleIconFile"="AppIcon", "CFBundleIconName"="AppIcon", "CFBundleIdentifier"="com.peachcommander.app", "CFBundleInfoDictionaryVersion"="6.0", "CFBundleName"="PeachCommander", "CFBundleNameLowerCase"="peachcommander", "CFBundleNumericVersion"=402685952, "CFBundlePackageType"="APPL", "CFBundleShortVersionString"="0.9.0", "CFBun<…>
2026-09-14 14:38:24.332 Df PeachCommander[23721:13054] (libMobileGestalt.dylib) Could not get size of EAN data (IOConnectCallScalarMethod kAppleNVMeEANGetSize returned 0xE00002E2)
2026-09-14 14:38:24.332 Df PeachCommander[23721:13054] (libMobileGestalt.dylib) Failed to copy 'aptk' from EAN
2026-09-14 14:38:24.332 Df PeachCommander[23721:13054] (libMobileGestalt.dylib) Failed to copy APTicket properties. Falling back to default policy.
2026-09-14 14:38:24.332 Df PeachCommander[23721:13054] (libMobileGestalt.dylib) Creating default MGSysConfigPolicy
2026-09-14 14:38:24.332 Df PeachCommander[23721:13054] (libMobileGestalt.dylib) CFDictionaryRef copySyscfgDictionary(void) enumeration of <private> failed.
2026-09-14 14:38:24.332 Df PeachCommander[23721:13054] (libMobileGestalt.dylib) Failed to find key <private>
2026-09-14 14:38:24.333 Df PeachCommander[23721:13054] [com.apple.AppKit:Appearance] Current system appearance, (HLTB: 1), (SLS: 0)
2026-09-14 14:38:24.333 Df PeachCommander[23721:13054] [com.apple.AppKit:Appearance] Post-registration system appearance: (HLTB: 1)
2026-09-14 14:38:24.334 I  PeachCommander[23721:1305c] [com.apple.launchservices:default] Unable to load Info.plist exceptions (eGPUOverrides)
2026-09-14 14:38:24.334 I  PeachCommander[23721:1305c] [com.apple.launchservices:default] Unable to load Info.plist exceptions (gameModeOverrides)
2026-09-14 14:38:24.334 I  PeachCommander[23721:1305c] [com.apple.launchservices:default] Unable to load Info.plist exceptions (identifiedGameOverrides)
2026-09-14 14:38:24.334 I  PeachCommander[23721:1305c] [com.apple.launchservices:default] Unable to load Info.plist exceptions (SystemHiddenPreferred)
2026-09-14 14:38:24.334 Df PeachCommander[23721:13054] [com.apple.FrontBoard:Common] FBSWorkspace: endpoint monitoring is disabled.
2026-09-14 14:38:24.334 Df PeachCommander[23721:13054] [com.apple.FrontBoard:Common] FBSWorkspace: default shell endpoint is disabled.
2026-09-14 14:38:24.334 Df PeachCommander[23721:13054] [com.apple.runningboard:connection] Initializing connection
2026-09-14 14:38:24.334 Df PeachCommander[23721:13054] [com.apple.runningboard:process] Removing all cached process handles
2026-09-14 14:38:24.334 Df PeachCommander[23721:1305c] [com.apple.runningboard:connection] Sending handshake request attempt #1 to server
2026-09-14 14:38:24.334 Df PeachCommander[23721:1305c] [com.apple.runningboard:connection] Creating connection to com.apple.runningboard
2026-09-14 14:38:24.334 Df PeachCommander[23721:1305c] [com.apple.xpc:connection] [0x941070640] activating connection: mach=true listener=false peer=false name=com.apple.runningboard
2026-09-14 14:38:24.335 A  PeachCommander[23721:13061] (RunningBoardServices) didChangeInheritances
2026-09-14 14:38:24.335 Df PeachCommander[23721:1305c] [com.apple.runningboard:connection] Handshake succeeded
2026-09-14 14:38:24.335 Df PeachCommander[23721:1305c] [com.apple.runningboard:connection] Identity resolved as app<application.com.peachcommander.app.487096.488133(501)>
2026-09-14 14:38:24.335 Df PeachCommander[23721:13054] [com.apple.xpc:connection] [0x941070280] Connection returned listener port: 0x4103
2026-09-14 14:38:24.336 I  PeachCommander[23721:13054] [com.apple.launchservices:cas] information in shared memory for 0x0-0x13b13b with seed 533 was still valid, so using cached info { "ApplicationType"="Foreground", "BuildMachineOSBuild"="25E246", "BundleIdentifierLowerCase"="com.peachcommander.app", "CFBundleDevelopmentRegion"="en", "CFBundleDocumentTypes"=( { "CFBundleTypeName"="Peach Commander Plugin Package", "CFBundleTypeRole"="Viewer", "LSHandlerRank"="Owner", "LSItemContentTypes"=( "com.peachcommander.plugin-package") }), "CFBundleExecutable"="PeachCommander", "CFBundleExecutablePath"="/Users/admin/pc-test/PeachCommander.app/Contents/MacOS/PeachCommander", "CFBundleExecutablePathDeviceID"=16777227, "CFBundleExecutablePathINode"=488133, "CFBundleHelpBookFolder"="PeachCommander.help", "CFBundleHelpBookName"="Peach Commander Help", "CFBundleIconFile"="AppIcon", "CFBundleIconName"="AppIcon", "CFBundleIdentifier"="com.peachcommander.app", "CFBundleInfoDictionaryVersion"="6.0", "CFBundleName"="PeachCommander", "CFBundleNameLowerCase"="peachcommander", "CFBundleNumericVersion"=402685952, "CFBundlePackageType"="APPL", "CFBundleShortVersionString"="0.9.0", "CFBun<…>
2026-09-14 14:38:24.337 Df PeachCommander[23721:13054] [com.apple.xpc:connection] [0x941070280] Connection returned listener port: 0x4103
2026-09-14 14:38:24.338 A  PeachCommander[23721:1305d] (AppIntents) appintents:register process
2026-09-14 14:38:24.339 I  PeachCommander[23721:13054] [com.apple.launchservices:cas] information in shared memory for 0x0-0x13b13b with seed 533 was still valid, so using cached info { "ApplicationType"="Foreground", "BuildMachineOSBuild"="25E246", "BundleIdentifierLowerCase"="com.peachcommander.app", "CFBundleDevelopmentRegion"="en", "CFBundleDocumentTypes"=( { "CFBundleTypeName"="Peach Commander Plugin Package", "CFBundleTypeRole"="Viewer", "LSHandlerRank"="Owner", "LSItemContentTypes"=( "com.peachcommander.plugin-package") }), "CFBundleExecutable"="PeachCommander", "CFBundleExecutablePath"="/Users/admin/pc-test/PeachCommander.app/Contents/MacOS/PeachCommander", "CFBundleExecutablePathDeviceID"=16777227, "CFBundleExecutablePathINode"=488133, "CFBundleHelpBookFolder"="PeachCommander.help", "CFBundleHelpBookName"="Peach Commander Help", "CFBundleIconFile"="AppIcon", "CFBundleIconName"="AppIcon", "CFBundleIdentifier"="com.peachcommander.app", "CFBundleInfoDictionaryVersion"="6.0", "CFBundleName"="PeachCommander", "CFBundleNameLowerCase"="peachcommander", "CFBundleNumericVersion"=402685952, "CFBundlePackageType"="APPL", "CFBundleShortVersionString"="0.9.0", "CFBun<…>
2026-09-14 14:38:24.339 I  PeachCommander[23721:13054] [com.apple.hiservices:processmgr] TransformProcessType(0x0,0x2 => 1 wasFront=1 pickNew=0)
2026-09-14 14:38:24.339 Df PeachCommander[23721:1305d] [com.apple.appintents:Connection] Created a new Process Instance Registry XPC connection (inactive)
2026-09-14 14:38:24.339 Df PeachCommander[23721:1305d] [com.apple.xpc:connection] [0x941070780] activating connection: mach=true listener=false peer=false name=com.apple.linkd.autoShortcut
2026-09-14 14:38:24.339 Df PeachCommander[23721:1305d] [com.apple.appintents:Connection] Activated connection to linkd (ApplicationService)
2026-09-14 14:38:24.339 I  PeachCommander[23721:13054] [com.apple.CoreAnalytics:client] Dropping "com.apple.appkit.app_config" as it isn't used in any transform (not in the config or budgeted?)
2026-09-14 14:38:24.339 Df PeachCommander[23721:1305d] [com.apple.xpc:connection] [0x941070a00] activating connection: mach=false listener=true peer=false name=(anonymous)
2026-09-14 14:38:24.340 I  PeachCommander[23721:1305d] [com.apple.appintents:Execution] LNAppConnectionListener instantiated
2026-09-14 14:38:24.340 Df PeachCommander[23721:1305d] [com.apple.xpc:connection] [0x941070a00] Connection returned listener port: 0x6903
2026-09-14 14:38:24.340 Df PeachCommander[23721:13054] [com.apple.dt.xctest:Default] Registering for test daemon availability notify post.
2026-09-14 14:38:24.340 Df PeachCommander[23721:13054] [com.apple.dt.xctest:Default] notify_get_state check indicated test daemon not ready.
2026-09-14 14:38:24.340 Df PeachCommander[23721:13054] [com.apple.dt.xctest:Default] notify_get_state check indicated test daemon not ready.
2026-09-14 14:38:24.340 Df PeachCommander[23721:13054] [com.apple.dt.xctest:Default] notify_get_state check indicated test daemon not ready.
2026-09-14 14:38:24.340 Df PeachCommander[23721:1305c] [com.apple.xpc:connection] [0x941070780] Re-initialization successful; calling out to event handler with XPC_ERROR_CONNECTION_INTERRUPTED
2026-09-14 14:38:24.340 Df PeachCommander[23721:1305c] [com.apple.appintents:Connection] Process Instance Registry XPC connection has been interrupted
2026-09-14 14:38:24.340 Df PeachCommander[23721:1305c] [com.apple.appintents:Connection] Created a new Process Instance Registry XPC connection (inactive)
2026-09-14 14:38:24.340 A  PeachCommander[23721:1305c] (AppIntents) appintents:register process
2026-09-14 14:38:24.340 Df PeachCommander[23721:1305c] [com.apple.appintents:Connection] Created a new Process Instance Registry XPC connection (inactive)
2026-09-14 14:38:24.340 Df PeachCommander[23721:1305c] [com.apple.xpc:connection] [0x941071040] activating connection: mach=true listener=false peer=false name=com.apple.linkd.autoShortcut
2026-09-14 14:38:24.340 E  PeachCommander[23721:1305d] [com.apple.appintents:Connection] Unable to get synchronousRemoteObjectProxy, error: Error Domain=NSCocoaErrorDomain Code=4097 "connection to service named com.apple.linkd.autoShortcut" UserInfo={NSDebugDescription=connection to service named com.apple.linkd.autoShortcut}
2026-09-14 14:38:24.340 E  PeachCommander[23721:1305d] [com.apple.AppKit:Application] Error registering app with intents framework: Error Domain=NSCocoaErrorDomain Code=4097 UserInfo={NSDebugDescription=<private>}
2026-09-14 14:38:24.340 Df PeachCommander[23721:1305c] [com.apple.appintents:Connection] Activated connection to linkd (ApplicationService)
2026-09-14 14:38:24.340 Df PeachCommander[23721:1305c] [com.apple.xpc:connection] [0x941070a00] Connection returned listener port: 0x6903
2026-09-14 14:38:24.341 Df PeachCommander[23721:13061] [com.apple.xpc:connection] [0x941071040] Re-initialization successful; calling out to event handler with XPC_ERROR_CONNECTION_INTERRUPTED
2026-09-14 14:38:24.341 Df PeachCommander[23721:13061] [com.apple.appintents:Connection] Process Instance Registry XPC connection has been interrupted
2026-09-14 14:38:24.341 E  PeachCommander[23721:1305c] [com.apple.appintents:Connection] Unable to get synchronousRemoteObjectProxy, error: Error Domain=NSCocoaErrorDomain Code=4097 "connection to service named com.apple.linkd.autoShortcut" UserInfo={NSDebugDescription=connection to service named com.apple.linkd.autoShortcut}
2026-09-14 14:38:24.341 E  PeachCommander[23721:1305c] [com.apple.appintents:Connection] Unable to re-register with Process Instance Registry, error: Error Domain=NSCocoaErrorDomain Code=4097 "connection to service named com.apple.linkd.autoShortcut" UserInfo={NSDebugDescription=connection to service named com.apple.linkd.autoShortcut}
2026-09-14 14:38:24.341 Df PeachCommander[23721:1305d] [com.apple.appintents:Connection] Created a new Process Instance Registry XPC connection (inactive)
2026-09-14 14:38:24.341 A  PeachCommander[23721:1305d] (AppIntents) appintents:register process
2026-09-14 14:38:24.341 Df PeachCommander[23721:1305d] [com.apple.appintents:Connection] Created a new Process Instance Registry XPC connection (inactive)
2026-09-14 14:38:24.341 Df PeachCommander[23721:1305d] [com.apple.xpc:connection] [0x9410712c0] activating connection: mach=true listener=false peer=false name=com.apple.linkd.autoShortcut
2026-09-14 14:38:24.342 Df PeachCommander[23721:1305d] [com.apple.appintents:Connection] Activated connection to linkd (ApplicationService)
2026-09-14 14:38:24.342 Df PeachCommander[23721:1305d] [com.apple.xpc:connection] [0x941070a00] Connection returned listener port: 0x6903
2026-09-14 14:38:24.342 Df PeachCommander[23721:1305c] [com.apple.xpc:connection] [0x9410712c0] Re-initialization successful; calling out to event handler with XPC_ERROR_CONNECTION_INTERRUPTED
2026-09-14 14:38:24.342 Df PeachCommander[23721:1305c] [com.apple.appintents:Connection] Process Instance Registry XPC connection has been interrupted
2026-09-14 14:38:24.342 E  PeachCommander[23721:1305d] [com.apple.appintents:Connection] Unable to get synchronousRemoteObjectProxy, error: Error Domain=NSCocoaErrorDomain Code=4097 "connection to service named com.apple.linkd.autoShortcut" UserInfo={NSDebugDescription=connection to service named com.apple.linkd.autoShortcut}
2026-09-14 14:38:24.342 E  PeachCommander[23721:1305d] [com.apple.appintents:Connection] Unable to re-register with Process Instance Registry, error: Error Domain=NSCocoaErrorDomain Code=4097 "connection to service named com.apple.linkd.autoShortcut" UserInfo={NSDebugDescription=connection to service named com.apple.linkd.autoShortcut}
2026-09-14 14:38:24.342 Df PeachCommander[23721:1305c] [com.apple.appintents:Connection] Created a new Process Instance Registry XPC connection (inactive)
2026-09-14 14:38:24.342 A  PeachCommander[23721:1305c] (AppIntents) appintents:register process
2026-09-14 14:38:24.342 Df PeachCommander[23721:1305c] [com.apple.appintents:Connection] Created a new Process Instance Registry XPC connection (inactive)
2026-09-14 14:38:24.342 Df PeachCommander[23721:1305c] [com.apple.xpc:connection] [0x941071540] activating connection: mach=true listener=false peer=false name=com.apple.linkd.autoShortcut
2026-09-14 14:38:24.342 Df PeachCommander[23721:1305c] [com.apple.appintents:Connection] Activated connection to linkd (ApplicationService)
2026-09-14 14:38:24.342 Df PeachCommander[23721:1305c] [com.apple.xpc:connection] [0x941070a00] Connection returned listener port: 0x6903
2026-09-14 14:38:24.342 Df PeachCommander[23721:1305d] [com.apple.xpc:connection] [0x941071540] Re-initialization successful; calling out to event handler with XPC_ERROR_CONNECTION_INTERRUPTED
2026-09-14 14:38:24.342 Df PeachCommander[23721:1305d] [com.apple.appintents:Connection] Process Instance Registry XPC connection has been interrupted
2026-09-14 14:38:24.342 E  PeachCommander[23721:1305d] [com.apple.appintents:Connection] Will NOT re-try to establish the connection
2026-09-14 14:38:24.342 E  PeachCommander[23721:1305c] [com.apple.appintents:Connection] Unable to get synchronousRemoteObjectProxy, error: Error Domain=NSCocoaErrorDomain Code=4097 "connection to service named com.apple.linkd.autoShortcut" UserInfo={NSDebugDescription=connection to service named com.apple.linkd.autoShortcut}
2026-09-14 14:38:24.342 E  PeachCommander[23721:1305c] [com.apple.appintents:Connection] Unable to re-register with Process Instance Registry, error: Error Domain=NSCocoaErrorDomain Code=4097 "connection to service named com.apple.linkd.autoShortcut" UserInfo={NSDebugDescription=connection to service named com.apple.linkd.autoShortcut}
2026-09-14 14:38:24.344 A  PeachCommander[23721:13054] (CoreFoundation) Loading Preferences From System CFPrefsD
2026-09-14 14:38:24.344 Df PeachCommander[23721:13054] (libMobileGestalt.dylib) couldn't load support library
2026-09-14 14:38:24.344 Df PeachCommander[23721:13054] (libMobileGestalt.dylib) called dummy function!
2026-09-14 14:38:24.344 I  PeachCommander[23721:13054] [com.apple.GenerativeModels:availability] Current availability state: unavailable, use cases: com.apple.WritingTools, language: <any>, api: <private>
2026-09-14 14:38:24.344 Df PeachCommander[23721:13054] [com.apple.GenerativeModels:availability] registering darwin observer for name: com.apple.gms.availability.notification
2026-09-14 14:38:24.344 Df PeachCommander[23721:13054] [com.apple.GenerativeModels:availability] registering darwin observer for name: com.apple.os-eligibility-domain.change.greymatter
2026-09-14 14:38:24.344 Df PeachCommander[23721:13054] [com.apple.GenerativeModels:availability] registering darwin observer for name: com.apple.language.changed
2026-09-14 14:38:24.344 Df PeachCommander[23721:13054] [com.apple.WritingTools:Default] isAvailable value changed: isMDMAllowed = true, gmAvailable (current) = false
2026-09-14 14:38:24.347 I  PeachCommander[23721:13054] [com.apple.CoreAnalytics:client] Dropping "com.apple.appkit.app_config" as it isn't used in any transform (not in the config or budgeted?)
2026-09-14 14:38:24.350 Df PeachCommander[23721:13054] [com.apple.AppKit:Appearance] NSApp cache appearance:
-NSRequiresAquaSystemAppearance: 0
-appearance: (null)
-effectiveAppearance: <NSCompositeAppearance: 0x940c606e0
 (
    "<NSAquaAppearance: 0x940c60460>",
    "<NSSystemAppearance: 0x940c60500>"
)>
2026-09-14 14:38:24.352 A  PeachCommander[23721:13054] (CoreFoundation) Loading Preferences From User CFPrefsD
2026-09-14 14:38:24.352 A  PeachCommander[23721:13054] (CoreFoundation) Loading Preferences From User CFPrefsD
2026-09-14 14:38:24.358 A  PeachCommander[23721:1305d] (libsystem_info.dylib) Membership API: translate identifier
2026-09-14 14:38:24.360 I  PeachCommander[23721:13054] [com.apple.CoreAnalytics:client] Dropping "com.apple.appkit.app_config" as it isn't used in any transform (not in the config or budgeted?)
2026-09-14 14:38:24.360 I  PeachCommander[23721:13054] [com.apple.CoreAnalytics:client] Dropping "com.apple.appkit.app_config" as it isn't used in any transform (not in the config or budgeted?)
2026-09-14 14:38:24.361 Df PeachCommander[23721:1305c] [com.apple.xpc:connection] [0x941071a40] activating connection: mach=true listener=false peer=false name=com.apple.dock.fullscreen
2026-09-14 14:38:24.362 Df PeachCommander[23721:13054] [com.apple.xpc:connection] [0x941071b80] activating connection: mach=true listener=false peer=false name=com.apple.fonts
2026-09-14 14:38:24.365 I  PeachCommander[23721:13054] [com.apple.launchservices:cas] information in shared memory for 0x0-0x13b13b with seed 533 was still valid, so using cached info { "ApplicationType"="Foreground", "BuildMachineOSBuild"="25E246", "BundleIdentifierLowerCase"="com.peachcommander.app", "CFBundleDevelopmentRegion"="en", "CFBundleDocumentTypes"=( { "CFBundleTypeName"="Peach Commander Plugin Package", "CFBundleTypeRole"="Viewer", "LSHandlerRank"="Owner", "LSItemContentTypes"=( "com.peachcommander.plugin-package") }), "CFBundleExecutable"="PeachCommander", "CFBundleExecutablePath"="/Users/admin/pc-test/PeachCommander.app/Contents/MacOS/PeachCommander", "CFBundleExecutablePathDeviceID"=16777227, "CFBundleExecutablePathINode"=488133, "CFBundleHelpBookFolder"="PeachCommander.help", "CFBundleHelpBookName"="Peach Commander Help", "CFBundleIconFile"="AppIcon", "CFBundleIconName"="AppIcon", "CFBundleIdentifier"="com.peachcommander.app", "CFBundleInfoDictionaryVersion"="6.0", "CFBundleName"="PeachCommander", "CFBundleNameLowerCase"="peachcommander", "CFBundleNumericVersion"=402685952, "CFBundlePackageType"="APPL", "CFBundleShortVersionString"="0.9.0", "CFBun<…>
2026-09-14 14:38:24.365 I  PeachCommander[23721:13054] [com.apple.CoreAnalytics:client] Dropping "com.apple.appkit.app_config" as it isn't used in any transform (not in the config or budgeted?)
2026-09-14 14:38:24.365 Df PeachCommander[23721:13054] [com.apple.AppKit:AutomaticTermination] -[NSApplication(NSAppssassination) _checkForAutomaticTerminationSupportPossiblyEnablingIt]_block_invoke Enabling automatic termination support.
2026-09-14 14:38:24.365 Df PeachCommander[23721:13054] [com.apple.xpc:connection] [0x941070c80] activating connection: mach=true listener=false peer=false name=com.apple.appkit.restoration_storage
2026-09-14 14:38:24.365 I  PeachCommander[23721:13054] [com.apple.launchservices:cas] information in shared memory for 0x0-0x13b13b with seed 533 was still valid, so using cached info { "ApplicationType"="Foreground", "BuildMachineOSBuild"="25E246", "BundleIdentifierLowerCase"="com.peachcommander.app", "CFBundleDevelopmentRegion"="en", "CFBundleDocumentTypes"=( { "CFBundleTypeName"="Peach Commander Plugin Package", "CFBundleTypeRole"="Viewer", "LSHandlerRank"="Owner", "LSItemContentTypes"=( "com.peachcommander.plugin-package") }), "CFBundleExecutable"="PeachCommander", "CFBundleExecutablePath"="/Users/admin/pc-test/PeachCommander.app/Contents/MacOS/PeachCommander", "CFBundleExecutablePathDeviceID"=16777227, "CFBundleExecutablePathINode"=488133, "CFBundleHelpBookFolder"="PeachCommander.help", "CFBundleHelpBookName"="Peach Commander Help", "CFBundleIconFile"="AppIcon", "CFBundleIconName"="AppIcon", "CFBundleIdentifier"="com.peachcommander.app", "CFBundleInfoDictionaryVersion"="6.0", "CFBundleName"="PeachCommander", "CFBundleNameLowerCase"="peachcommander", "CFBundleNumericVersion"=402685952, "CFBundlePackageType"="APPL", "CFBundleShortVersionString"="0.9.0", "CFBun<…>
2026-09-14 14:38:24.365 Df PeachCommander[23721:13054] [com.apple.xpc:connection] [0x941070dc0] activating connection: mach=true listener=false peer=false name=com.apple.coreservices.appleevents
2026-09-14 14:38:24.366 I  PeachCommander[23721:13054] [com.apple.appleevents:main] _AEGetRegisteredMachPort() created default port (port:44803/0xaf03 rcv:1 send:1 limit:5) and registered it with server
2026-09-14 14:38:24.366 Df PeachCommander[23721:13054] [com.apple.xpc:connection] [0x941070280] Connection returned listener port: 0x4103
2026-09-14 14:38:24.366 I  PeachCommander[23721:13054] [com.apple.launchservices:cas] information in shared memory for 0x0-0x13b13b with seed 533 was still valid, so using cached info { "ApplicationType"="Foreground", "BuildMachineOSBuild"="25E246", "BundleIdentifierLowerCase"="com.peachcommander.app", "CFBundleDevelopmentRegion"="en", "CFBundleDocumentTypes"=( { "CFBundleTypeName"="Peach Commander Plugin Package", "CFBundleTypeRole"="Viewer", "LSHandlerRank"="Owner", "LSItemContentTypes"=( "com.peachcommander.plugin-package") }), "CFBundleExecutable"="PeachCommander", "CFBundleExecutablePath"="/Users/admin/pc-test/PeachCommander.app/Contents/MacOS/PeachCommander", "CFBundleExecutablePathDeviceID"=16777227, "CFBundleExecutablePathINode"=488133, "CFBundleHelpBookFolder"="PeachCommander.help", "CFBundleHelpBookName"="Peach Commander Help", "CFBundleIconFile"="AppIcon", "CFBundleIconName"="AppIcon", "CFBundleIdentifier"="com.peachcommander.app", "CFBundleInfoDictionaryVersion"="6.0", "CFBundleName"="PeachCommander", "CFBundleNameLowerCase"="peachcommander", "CFBundleNumericVersion"=402685952, "CFBundlePackageType"="APPL", "CFBundleShortVersionString"="0.9.0", "CFBun<…>
2026-09-14 14:38:24.366 Df PeachCommander[23721:13054] [com.apple.processmanager:front-35286506] SignalReady: pid=23721 asn=0x0-0x13b13b
2026-09-14 14:38:24.366 Df PeachCommander[23721:13054] [com.apple.processmanager:front-35286506] SIGNAL: pid=23721 asn=0x0x-0x13b13b
2026-09-14 14:38:24.366 I  PeachCommander[23721:13054] [com.apple.appleevents:main] aeGenerateFakeFirstOAPPEventIfNecessary()
2026-09-14 14:38:24.366 I  PeachCommander[23721:13054] [com.apple.appleevents:main] aeGenerateFakeFirstOAPPEventIfNecessary(), needToCreateFakeOAPPEventIfFirstEvent == true
2026-09-14 14:38:24.366 I  PeachCommander[23721:13054] [com.apple.launchservices:cas] Removing cached information for app [ 0x0-0x13b13b]  "PeachCommander", as its seed is different from that in shared memory ( 533 vs 535)
2026-09-14 14:38:24.367 I  PeachCommander[23721:13054] [com.apple.CFPasteboard:entry] CopyData('DefaultAsciiKeyboardLayoutPasteboard' (<CFUUID 0x940c3dfc0> F7A3A652-E145-471D-A243-4380DD585EFE) gen: -1 item: 1264739405 flavor: 'DefaultAsciiKeyboardLayoutFlavor')
2026-09-14 14:38:24.367 I  PeachCommander[23721:13054] [com.apple.CFPasteboard:cache] Rebuilding cache for 'DefaultAsciiKeyboardLayoutPasteboard' (<CFUUID 0x940c3dfc0> F7A3A652-E145-471D-A243-4380DD585EFE)
2026-09-14 14:38:24.367 I  PeachCommander[23721:13054] [com.apple.CFPasteboard:exit] (not-in-cache) - result: -8 generation: 0 null data flags: 0
2026-09-14 14:38:24.367 A  PeachCommander[23721:13054] (CoreFoundation) Loading Preferences From User CFPrefsD
2026-09-14 14:38:24.367 A  PeachCommander[23721:13054] (CoreFoundation) Loading Preferences From System CFPrefsD
2026-09-14 14:38:24.367 I  PeachCommander[23721:13054] [com.apple.CFPasteboard:entry] CopyData('AppleIntlFileCacheModificationDatePasteboard' (<CFUUID 0x940c3dfe0> CEF3776A-48CD-480B-B123-E6DFD58D1BED) gen: -1 item: 1 flavor: '-32766 1768845414')
2026-09-14 14:38:24.367 I  PeachCommander[23721:13054] [com.apple.CFPasteboard:cache] Rebuilding cache for 'AppleIntlFileCacheModificationDatePasteboard' (<CFUUID 0x940c3dfe0> CEF3776A-48CD-480B-B123-E6DFD58D1BED)
2026-09-14 14:38:24.367 I  PeachCommander[23721:13054] [com.apple.CFPasteboard:general] Will request data from daemon
2026-09-14 14:38:24.368 I  PeachCommander[23721:13054] [com.apple.CFPasteboard:exit] (not-in-cache) - result: 0 generation: 4 data (310 bytes) flags: 0
2026-09-14 14:38:24.368 I  PeachCommander[23721:13054] [com.apple.CFPasteboard:entry] CopyData('AppleIntlFileCacheModificationDatePasteboard' (<CFUUID 0x940c3dfe0> CEF3776A-48CD-480B-B123-E6DFD58D1BED) gen: -1 item: 1 flavor: '-32765 1802264953')
2026-09-14 14:38:24.368 I  PeachCommander[23721:13054] [com.apple.CFPasteboard:general] Will request data from daemon
2026-09-14 14:38:24.368 I  PeachCommander[23721:13054] [com.apple.CFPasteboard:exit] (not-in-cache) - result: 0 generation: 4 data (306 bytes) flags: 0
2026-09-14 14:38:24.368 I  PeachCommander[23721:13054] [com.apple.CFPasteboard:entry] CopyData('AppleIntlFileCacheModificationDatePasteboard' (<CFUUID 0x940c3dfe0> CEF3776A-48CD-480B-B123-E6DFD58D1BED) gen: -1 item: 1 flavor: '-32764 1802264953')
2026-09-14 14:38:24.368 I  PeachCommander[23721:13054] [com.apple.CFPasteboard:general] Will request data from daemon
2026-09-14 14:38:24.368 I  PeachCommander[23721:13054] [com.apple.CFPasteboard:exit] (not-in-cache) - result: 0 generation: 4 data (281 bytes) flags: 0
2026-09-14 14:38:24.368 I  PeachCommander[23721:13054] [com.apple.CFPasteboard:entry] CopyData('AppleIntlFileCacheModificationDatePasteboard' (<CFUUID 0x940c3dfe0> CEF3776A-48CD-480B-B123-E6DFD58D1BED) gen: -1 item: 1 flavor: '-32763 1802264953')
2026-09-14 14:38:24.368 I  PeachCommander[23721:13054] [com.apple.CFPasteboard:general] Will request data from daemon
2026-09-14 14:38:24.368 I  PeachCommander[23721:13054] [com.apple.CFPasteboard:exit] (not-in-cache) - result: 0 generation: 4 data (318 bytes) flags: 0
2026-09-14 14:38:24.368 I  PeachCommander[23721:13054] [com.apple.CFPasteboard:entry] CopyData('AppleIntlFileCacheModificationDatePasteboard' (<CFUUID 0x940c3dfe0> CEF3776A-48CD-480B-B123-E6DFD58D1BED) gen: -1 item: 1 flavor: '-32765 1768845414')
2026-09-14 14:38:24.368 I  PeachCommander[23721:13054] [com.apple.CFPasteboard:general] Will request data from daemon
2026-09-14 14:38:24.368 I  PeachCommander[23721:13054] [com.apple.CFPasteboard:exit] (not-in-cache) - result: 0 generation: 4 data (303 bytes) flags: 0
2026-09-14 14:38:24.368 I  PeachCommander[23721:13054] [com.apple.CFPasteboard:entry] CopyData('AppleIntlFileCacheModificationDatePasteboard' (<CFUUID 0x940c3dfe0> CEF3776A-48CD-480B-B123-E6DFD58D1BED) gen: -1 item: 1 flavor: '-32763 1768845414')
2026-09-14 14:38:24.368 I  PeachCommander[23721:13054] [com.apple.CFPasteboard:general] Will request data from daemon
2026-09-14 14:38:24.368 I  PeachCommander[23721:13054] [com.apple.CFPasteboard:exit] (not-in-cache) - result: 0 generation: 4 data (315 bytes) flags: 0
2026-09-14 14:38:24.369 I  PeachCommander[23721:13054] [com.apple.launchservices:cas] information in shared memory for 0x0-0x13b13b with seed 535 was still valid, so using cached info { "ApplicationType"="Foreground", "BuildMachineOSBuild"="25E246", "BundleIdentifierLowerCase"="com.peachcommander.app", "CFBundleDevelopmentRegion"="en", "CFBundleDocumentTypes"=( { "CFBundleTypeName"="Peach Commander Plugin Package", "CFBundleTypeRole"="Viewer", "LSHandlerRank"="Owner", "LSItemContentTypes"=( "com.peachcommander.plugin-package") }), "CFBundleExecutable"="PeachCommander", "CFBundleExecutablePath"="/Users/admin/pc-test/PeachCommander.app/Contents/MacOS/PeachCommander", "CFBundleExecutablePathDeviceID"=16777227, "CFBundleExecutablePathINode"=488133, "CFBundleHelpBookFolder"="PeachCommander.help", "CFBundleHelpBookName"="Peach Commander Help", "CFBundleIconFile"="AppIcon", "CFBundleIconName"="AppIcon", "CFBundleIdentifier"="com.peachcommander.app", "CFBundleInfoDictionaryVersion"="6.0", "CFBundleName"="PeachCommander", "CFBundleNameLowerCase"="peachcommander", "CFBundleNumericVersion"=402685952, "CFBundlePackageType"="APPL", "CFBundleShortVersionString"="0.9.0", "CFBun<…>
2026-09-14 14:38:24.369 Df PeachCommander[23721:13054] [com.apple.xpc:connection] [0x941071e00] activating connection: mach=false listener=false peer=false name=com.apple.ViewBridgeAuxiliary
2026-09-14 14:38:24.375 Df PeachCommander[23721:13054] [com.apple.xpc:connection] [0x941071cc0] activating connection: mach=false listener=false peer=false name=(anonymous)
2026-09-14 14:38:24.375 Df PeachCommander[23721:13054] [com.apple.xpc:connection] [0x941071f40] activating connection: mach=false listener=true peer=false name=(anonymous)
2026-09-14 14:38:24.375 Df PeachCommander[23721:13054] [com.apple.xpc:connection] [0x941071f40] Connection returned listener port: 0xf403
2026-09-14 14:38:24.375 Df PeachCommander[23721:13054] [com.apple.xpc:connection] [0x941071e00] invalidated after the last release of the connection object
2026-09-14 14:38:24.376 I  PeachCommander[23721:13054] [com.apple.showhide:pr-59900543] SHOWHIDE: SHOW id=524 0x0-0x13B13B, err=0 eventTime=1588027985333 windowID=0
2026-09-14 14:38:24.376 I  PeachCommander[23721:13054] [com.apple.CarbonCore:coreservicesdaemon] findOrCreateCacheable():findOrCreateCacheable(), factoryName=3 cacheableName=<private> fCacheables.size()=0
2026-09-14 14:38:24.376 I  PeachCommander[23721:13054] [com.apple.CarbonCore:coreservicesdaemon] findOrCreateCacheable():findOrCreateCacheable(), result = 0x940edeac0 (should be non-NULL)
2026-09-14 14:38:24.376 Df PeachCommander[23721:13054] [com.apple.AppKit:AutomaticTermination] void _NSDisableAutomaticTerminationAndLog(NSString *) Restoring windows
2026-09-14 14:38:24.376 Df PeachCommander[23721:13054] [com.apple.AppKit:StateRestoration] -[NSApplication _reopenWindowsAsNecessaryIncludingRestorableState:withFullFidelity:completionHandler:] shouldRestoreState=1 hasPersistentStateToRestore=0 shouldStillRestoreStateAfterPrompting=0
2026-09-14 14:38:24.376 Df PeachCommander[23721:13054] [com.apple.xpc:connection] [0x941071e00] activating connection: mach=true listener=false peer=false name=com.apple.window_proxies
2026-09-14 14:38:24.376 Df PeachCommander[23721:13054] [com.apple.xpc:connection] [0x941071e00] invalidated because the current process cancelled the connection by calling xpc_connection_cancel()
2026-09-14 14:38:24.376 I  PeachCommander[23721:13054] [com.apple.SkyLight:processes] 0[outside of RPC]: SLSSetFrontProcessWithInfo(0x0-0x2 window=0 options=0x1
2026-09-14 14:38:24.377 I  PeachCommander[23721:13054] [com.apple.CoreAnalytics:client] Dropping "com.apple.appkit.app_config" as it isn't used in any transform (not in the config or budgeted?)
2026-09-14 14:38:24.377 Df PeachCommander[23721:13054] [com.apple.AppKit:AutomaticTermination] void _NSEnableAutomaticTerminationAndLog(NSString *) Restoring windows
2026-09-14 14:38:24.379 I  PeachCommander[23721:13054] [com.apple.CoreAnalytics:client] Dropping "com.apple.appkit.app_config" as it isn't used in any transform (not in the config or budgeted?)
2026-09-14 14:38:24.380 I  PeachCommander[23721:13054] [com.apple.CoreAnalytics:client] Dropping "com.apple.appkit.app_config" as it isn't used in any transform (not in the config or budgeted?)
2026-09-14 14:38:24.390 A  PeachCommander[23721:13054] (CoreFoundation) Loading Preferences From User CFPrefsD
2026-09-14 14:38:24.395 I  PeachCommander[23721:13054] [com.peachcommander:PCFoundation] VolumeManager initialized
2026-09-14 14:38:24.406 A  PeachCommander[23721:13067] (RunningBoardServices) didChangeInheritances
2026-09-14 14:38:24.411 Df PeachCommander[23721:13054] [com.apple.BoardServices:XPCErrors] [C:1] Alloc <private>
2026-09-14 14:38:24.411 Df PeachCommander[23721:13054] [com.apple.xpc:connection] [0x94135d180] activating connection: mach=false listener=false peer=false name=(anonymous)
2026-09-14 14:38:24.413 I  PeachCommander[23721:13054] [com.apple.AppKit:Window] context (0 -> b34c9f6) for window 4e4
2026-09-14 14:38:24.413 Df PeachCommander[23721:13067] [com.apple.corespotlight:index] (<private>) deleteSearchableItemsWithDomainIdentifiers, protectionClass:(null), domainIdentifiers number:1
2026-09-14 14:38:24.414 A  PeachCommander[23721:13067] (CoreSpotlight) delete-domains
2026-09-14 14:38:24.414 Df PeachCommander[23721:13067] [com.apple.corespotlight:index] CSInlineDonation:<private>: Skipping donation (feature flag disabled)
2026-09-14 14:38:24.414 Df PeachCommander[23721:13067] (CoreSpotlight) sConnectionName: com.apple.spotlight.IndexAgent
2026-09-14 14:38:24.414 Df PeachCommander[23721:13067] (CoreSpotlight) Start service name com.apple.spotlight.IndexAgent
2026-09-14 14:38:24.414 Df PeachCommander[23721:13067] [com.apple.xpc:connection] [0x94135d400] activating connection: mach=true listener=false peer=false name=com.apple.spotlight.IndexAgent
2026-09-14 14:38:24.414 I  PeachCommander[23721:13054] [com.peachcommander:PCFoundation] MainWindowController initialized (config: <private>)
2026-09-14 14:38:24.414 I  PeachCommander[23721:13054] [com.peachcommander:PCFoundation] SelectionState initialized
2026-09-14 14:38:24.414 I  PeachCommander[23721:13054] [com.peachcommander:PCFoundation] DirectoryModel initialized
2026-09-14 14:38:24.414 I  PeachCommander[23721:13054] [com.peachcommander:PCFoundation] VolumeManager initialized
2026-09-14 14:38:24.414 I  PeachCommander[23721:13054] [com.peachcommander:PCFoundation] PanelController initialized for <private> panel
2026-09-14 14:38:24.415 I  PeachCommander[23721:13054] [com.peachcommander:PCFoundation] SelectionState initialized
2026-09-14 14:38:24.415 I  PeachCommander[23721:13054] [com.peachcommander:PCFoundation] DirectoryModel initialized
2026-09-14 14:38:24.415 I  PeachCommander[23721:13054] [com.peachcommander:PCFoundation] VolumeManager initialized
2026-09-14 14:38:24.415 I  PeachCommander[23721:13054] [com.peachcommander:PCFoundation] PanelController initialized for <private> panel
2026-09-14 14:38:24.417 I  PeachCommander[23721:13054] [com.apple.AppKit:Animation] Running new animation: <private>
2026-09-14 14:38:24.418 I  PeachCommander[23721:13054] [com.apple.AppKit:Animation] Running new animation: <private>
2026-09-14 14:38:24.418 I  PeachCommander[23721:13054] [com.apple.AppKit:Animation] Running new animation: <private>
2026-09-14 14:38:24.418 I  PeachCommander[23721:13054] [com.apple.AppKit:Animation] Running new animation: <private>
2026-09-14 14:38:24.418 I  PeachCommander[23721:13054] [com.apple.AppKit:Animation] Running new animation: <private>
2026-09-14 14:38:24.419 I  PeachCommander[23721:13054] [com.apple.AppKit:Animation] Running new animation: <private>
2026-09-14 14:38:24.419 I  PeachCommander[23721:13054] [com.apple.AppKit:Animation] Running new animation: <private>
2026-09-14 14:38:24.419 I  PeachCommander[23721:13054] [com.apple.AppKit:Animation] Running new animation: <private>
2026-09-14 14:38:24.419 I  PeachCommander[23721:13054] [com.apple.AppKit:Animation] Running new animation: <private>
2026-09-14 14:38:24.419 I  PeachCommander[23721:13054] [com.apple.AppKit:Animation] Running new animation: <private>
2026-09-14 14:38:24.426 I  PeachCommander[23721:13054] [com.apple.CoreAnalytics:client] Dropping "com.apple.appkit.app_config" as it isn't used in any transform (not in the config or budgeted?)
2026-09-14 14:38:24.428 I  PeachCommander[23721:13054] [com.apple.CoreAnalytics:client] Dropping "com.apple.appkit.app_config" as it isn't used in any transform (not in the config or budgeted?)
2026-09-14 14:38:24.431 I  PeachCommander[23721:13054] [com.apple.launchservices:datasep] application record search init. Node: <FSNode 0x9414deb40> { isDir = ?, path = <private> } bundleID: (null) itemID: 0
2026-09-14 14:38:24.432 I  PeachCommander[23721:13054] [com.apple.GenerativeModels:availability] Current availability state: unavailable, use cases: com.apple.Settings.AppleIntelligence,com.apple.Siri.NLRouter, language: en, api: <private>
2026-09-14 14:38:24.432 Df PeachCommander[23721:13054] [com.apple.GenerativeModels:availability] isOkayToHaveAsset: False
2026-09-14 14:38:24.432 E  PeachCommander[23721:13054] [com.apple.siri:Utility] AFIsDeviceGreymatterEligible Missing entitlements for os_eligibility lookup
2026-09-14 14:38:24.432 I  PeachCommander[23721:13054] [com.apple.GenerativeModels:availability] Current availability state: unavailable, use cases: com.apple.Settings.AppleIntelligence, language: en, api: <private>
2026-09-14 14:38:24.432 Df PeachCommander[23721:13054] [com.apple.GenerativeModels:availability] isOkayToHaveAsset: False
2026-09-14 14:38:24.432 Df PeachCommander[23721:13054] [com.apple.siri:Utility] -[AFSystemAssistantExperienceStatusManager fetchGenerativeModelsAvailability] #SAEStatus #cacheUpdate Updating cache:
deviceSupportsSAE: 0 (0)
       saeEnabled: 0 (0)
     saeAvailable: 0 (0)
      swaiEnabled: 0 (0)
        viEnabled: 0 (0)
        siriAvailability:
        <private>
        ((null))
2026-09-14 14:38:24.432 Df PeachCommander[23721:13054] [com.apple.xpc:connection] [0x94152c140] activating connection: mach=true listener=false peer=false name=com.apple.iconservices
2026-09-14 14:38:24.433 Df PeachCommander[23721:13054] [com.apple.xpc:connection] [0x94152c280] activating connection: mach=true listener=false peer=false name=com.apple.iconservices.store
2026-09-14 14:38:24.437 I  PeachCommander[23721:13054] [com.peachcommander:Theme] no user themes in /Users/admin/pc-cfg/themes
2026-09-14 14:38:24.437 Df PeachCommander[23721:13054] [com.apple.AppKit:Appearance] Invalidate NSApp effectiveAppearance
2026-09-14 14:38:24.437 Df PeachCommander[23721:13054] [com.apple.AppKit:Appearance] NSApp cache appearance:
-NSRequiresAquaSystemAppearance: 0
-appearance: <NSCompositeAppearance: 0x940c619a0
 (
    "<NSDarkAquaAppearance: 0x940c61a40>",
    "<NSSystemAppearance: 0x940c60500>"
)>
-effectiveAppearance: <NSCompositeAppearance: 0x940c619a0
 (
    "<NSDarkAquaAppearance: 0x940c61a40>",
    "<NSSystemAppearance: 0x940c60500>"
)>
2026-09-14 14:38:24.438 A  PeachCommander[23721:13067] (libsystem_info.dylib) Retrieve Group by ID
2026-09-14 14:38:24.440 I  PeachCommander[23721:13054] [com.peachcommander:PCFoundation] Theme applied: id=norton, appearance=dark, dark=true, background=#0000AA
2026-09-14 14:38:24.464 I  PeachCommander[23721:13054] [com.apple.iconservices:foundation] layer data size zero
2026-09-14 14:38:24.464 I  PeachCommander[23721:13054] [com.apple.CoreAnalytics:client] Dropping "com.apple.appkit.app_config" as it isn't used in any transform (not in the config or budgeted?)
2026-09-14 14:38:24.468 I  PeachCommander[23721:13054] [com.peachcommander:PCFoundation] Keymap loaded: scheme=<private>, 82 effective bindings
2026-09-14 14:38:24.469 I  PeachCommander[23721:13054] [com.apple.AppKit:Animation] Running new animation: <private>
2026-09-14 14:38:24.469 I  PeachCommander[23721:13054] [com.apple.AppKit:Animation] Running new animation: <private>
2026-09-14 14:38:24.469 I  PeachCommander[23721:13054] [com.apple.AppKit:Animation] Running new animation: <private>
2026-09-14 14:38:24.469 I  PeachCommander[23721:13054] [com.apple.AppKit:Animation] Running new animation: <private>
2026-09-14 14:38:24.469 I  PeachCommander[23721:13054] [com.apple.AppKit:Animation] Running new animation: <private>
2026-09-14 14:38:24.469 I  PeachCommander[23721:13054] [com.apple.AppKit:Animation] Running new animation: <private>
2026-09-14 14:38:24.469 I  PeachCommander[23721:13054] [com.apple.AppKit:Animation] Running new animation: <private>
2026-09-14 14:38:24.469 I  PeachCommander[23721:13054] [com.apple.AppKit:Animation] Running new animation: <private>
2026-09-14 14:38:24.469 I  PeachCommander[23721:13054] [com.apple.AppKit:Animation] Running new animation: <private>
2026-09-14 14:38:24.469 I  PeachCommander[23721:13054] [com.apple.AppKit:Animation] Running new animation: <private>
2026-09-14 14:38:24.474 I  PeachCommander[23721:13054] [com.apple.CoreAnalytics:client] Dropping "<private>" as it isn't used in any transform (not in the config or budgeted?)
2026-09-14 14:38:24.474 I  PeachCommander[23721:13054] [com.apple.CoreAnalytics:client] Dropping "<private>" as it isn't used in any transform (not in the config or budgeted?)
2026-09-14 14:38:24.474 I  PeachCommander[23721:13054] [com.apple.CoreAnalytics:client] Dropping "<private>" as it isn't used in any transform (not in the config or budgeted?)
2026-09-14 14:38:24.475 I  PeachCommander[23721:13054] [com.peachcommander:PCFoundation] MainWindowController window loaded
2026-09-14 14:38:24.475 I  PeachCommander[23721:13054] [com.apple.launchservices:cas] information in shared memory for 0x0-0x13b13b with seed 535 was still valid, so using cached info { "ApplicationType"="Foreground", "BuildMachineOSBuild"="25E246", "BundleIdentifierLowerCase"="com.peachcommander.app", "CFBundleDevelopmentRegion"="en", "CFBundleDocumentTypes"=( { "CFBundleTypeName"="Peach Commander Plugin Package", "CFBundleTypeRole"="Viewer", "LSHandlerRank"="Owner", "LSItemContentTypes"=( "com.peachcommander.plugin-package") }), "CFBundleExecutable"="PeachCommander", "CFBundleExecutablePath"="/Users/admin/pc-test/PeachCommander.app/Contents/MacOS/PeachCommander", "CFBundleExecutablePathDeviceID"=16777227, "CFBundleExecutablePathINode"=488133, "CFBundleHelpBookFolder"="PeachCommander.help", "CFBundleHelpBookName"="Peach Commander Help", "CFBundleIconFile"="AppIcon", "CFBundleIconName"="AppIcon", "CFBundleIdentifier"="com.peachcommander.app", "CFBundleInfoDictionaryVersion"="6.0", "CFBundleName"="PeachCommander", "CFBundleNameLowerCase"="peachcommander", "CFBundleNumericVersion"=402685952, "CFBundlePackageType"="APPL", "CFBundleShortVersionString"="0.9.0", "CFBun<…>
2026-09-14 14:38:24.475 I  PeachCommander[23721:13054] [com.apple.launchservices:cas] information in shared memory for 0x0-0x13b13b with seed 535 was still valid, so using cached info { "ApplicationType"="Foreground", "BuildMachineOSBuild"="25E246", "BundleIdentifierLowerCase"="com.peachcommander.app", "CFBundleDevelopmentRegion"="en", "CFBundleDocumentTypes"=( { "CFBundleTypeName"="Peach Commander Plugin Package", "CFBundleTypeRole"="Viewer", "LSHandlerRank"="Owner", "LSItemContentTypes"=( "com.peachcommander.plugin-package") }), "CFBundleExecutable"="PeachCommander", "CFBundleExecutablePath"="/Users/admin/pc-test/PeachCommander.app/Contents/MacOS/PeachCommander", "CFBundleExecutablePathDeviceID"=16777227, "CFBundleExecutablePathINode"=488133, "CFBundleHelpBookFolder"="PeachCommander.help", "CFBundleHelpBookName"="Peach Commander Help", "CFBundleIconFile"="AppIcon", "CFBundleIconName"="AppIcon", "CFBundleIdentifier"="com.peachcommander.app", "CFBundleInfoDictionaryVersion"="6.0", "CFBundleName"="PeachCommander", "CFBundleNameLowerCase"="peachcommander", "CFBundleNumericVersion"=402685952, "CFBundlePackageType"="APPL", "CFBundleShortVersionString"="0.9.0", "CFBun<…>
2026-09-14 14:38:24.483 I  PeachCommander[23721:13054] [com.apple.AppKit:Window] order window front conditionally: 4e4 related: 0
2026-09-14 14:38:24.483 Df PeachCommander[23721:13054] [com.apple.AppKit:AutomaticTermination] void _NSEnableAutomaticTerminationAndLog(NSString *) No windows open yet
2026-09-14 14:38:24.484 I  PeachCommander[23721:13054] [com.apple.AppKit:Intelligence] starting collection observation
2026-09-14 14:38:24.484 Df PeachCommander[23721:13061] [com.apple.UIIntelligenceSupport:xpc] establishing connection to agent
2026-09-14 14:38:24.484 Df PeachCommander[23721:13061] [com.apple.xpc:session] [0x9401e55e0] Session created.
2026-09-14 14:38:24.484 Df PeachCommander[23721:13061] [com.apple.xpc:session] [0x9401e55e0] Session created from connection [0x94152e440]
2026-09-14 14:38:24.484 Df PeachCommander[23721:13061] [com.apple.xpc:connection] [0x94152e440] activating connection: mach=true listener=false peer=false name=com.apple.uiintelligencesupport.agent
2026-09-14 14:38:24.484 Df PeachCommander[23721:13061] [com.apple.xpc:session] [0x9401e55e0] Session activated
2026-09-14 14:38:24.484 I  PeachCommander[23721:13054] [com.apple.SkyLight:processes] 0[outside of RPC]: SLSSetFrontProcessWithInfo(0x0-0x2 window=0 options=0x1
2026-09-14 14:38:24.484 Df PeachCommander[23721:13061] [com.apple.UIIntelligenceSupport:xpc] Connection established with agent PID: 1205
2026-09-14 14:38:24.485 I  PeachCommander[23721:13054] [com.apple.launchservices:cas] information in shared memory for 0x0-0x13b13b with seed 535 was still valid, so using cached info { "ApplicationType"="Foreground", "BuildMachineOSBuild"="25E246", "BundleIdentifierLowerCase"="com.peachcommander.app", "CFBundleDevelopmentRegion"="en", "CFBundleDocumentTypes"=( { "CFBundleTypeName"="Peach Commander Plugin Package", "CFBundleTypeRole"="Viewer", "LSHandlerRank"="Owner", "LSItemContentTypes"=( "com.peachcommander.plugin-package") }), "CFBundleExecutable"="PeachCommander", "CFBundleExecutablePath"="/Users/admin/pc-test/PeachCommander.app/Contents/MacOS/PeachCommander", "CFBundleExecutablePathDeviceID"=16777227, "CFBundleExecutablePathINode"=488133, "CFBundleHelpBookFolder"="PeachCommander.help", "CFBundleHelpBookName"="Peach Commander Help", "CFBundleIconFile"="AppIcon", "CFBundleIconName"="AppIcon", "CFBundleIdentifier"="com.peachcommander.app", "CFBundleInfoDictionaryVersion"="6.0", "CFBundleName"="PeachCommander", "CFBundleNameLowerCase"="peachcommander", "CFBundleNumericVersion"=402685952, "CFBundlePackageType"="APPL", "CFBundleShortVersionString"="0.9.0", "CFBun<…>
2026-09-14 14:38:24.485 Df PeachCommander[23721:13054] [com.apple.xpc:connection] [0x94152e580] activating connection: mach=true listener=false peer=false name=com.apple.FileCoordination
2026-09-14 14:38:24.485 Df PeachCommander[23721:13061] [com.apple.foundation.filecoordination:presenter] Adding presenter 0BCEE371-DA91-4D0D-B004-7F22A36A4310 for URL: <private>
2026-09-14 14:38:24.485 I  PeachCommander[23721:13054] [com.apple.launchservices:cas] information in shared memory for 0x0-0x13b13b with seed 535 was still valid, so using cached info { "ApplicationType"="Foreground", "BuildMachineOSBuild"="25E246", "BundleIdentifierLowerCase"="com.peachcommander.app", "CFBundleDevelopmentRegion"="en", "CFBundleDocumentTypes"=( { "CFBundleTypeName"="Peach Commander Plugin Package", "CFBundleTypeRole"="Viewer", "LSHandlerRank"="Owner", "LSItemContentTypes"=( "com.peachcommander.plugin-package") }), "CFBundleExecutable"="PeachCommander", "CFBundleExecutablePath"="/Users/admin/pc-test/PeachCommander.app/Contents/MacOS/PeachCommander", "CFBundleExecutablePathDeviceID"=16777227, "CFBundleExecutablePathINode"=488133, "CFBundleHelpBookFolder"="PeachCommander.help", "CFBundleHelpBookName"="Peach Commander Help", "CFBundleIconFile"="AppIcon", "CFBundleIconName"="AppIcon", "CFBundleIdentifier"="com.peachcommander.app", "CFBundleInfoDictionaryVersion"="6.0", "CFBundleName"="PeachCommander", "CFBundleNameLowerCase"="peachcommander", "CFBundleNumericVersion"=402685952, "CFBundlePackageType"="APPL", "CFBundleShortVersionString"="0.9.0", "CFBun<…>
2026-09-14 14:38:24.489 I  PeachCommander[23721:13054] [com.apple.AppKit:Window] order all windows front 1588027985333
2026-09-14 14:38:24.489 I  PeachCommander[23721:13054] [com.apple.launchservices:cas] information in shared memory for 0x0-0x13b13b with seed 535 was still valid, so using cached info { "ApplicationType"="Foreground", "BuildMachineOSBuild"="25E246", "BundleIdentifierLowerCase"="com.peachcommander.app", "CFBundleDevelopmentRegion"="en", "CFBundleDocumentTypes"=( { "CFBundleTypeName"="Peach Commander Plugin Package", "CFBundleTypeRole"="Viewer", "LSHandlerRank"="Owner", "LSItemContentTypes"=( "com.peachcommander.plugin-package") }), "CFBundleExecutable"="PeachCommander", "CFBundleExecutablePath"="/Users/admin/pc-test/PeachCommander.app/Contents/MacOS/PeachCommander", "CFBundleExecutablePathDeviceID"=16777227, "CFBundleExecutablePathINode"=488133, "CFBundleHelpBookFolder"="PeachCommander.help", "CFBundleHelpBookName"="Peach Commander Help", "CFBundleIconFile"="AppIcon", "CFBundleIconName"="AppIcon", "CFBundleIdentifier"="com.peachcommander.app", "CFBundleInfoDictionaryVersion"="6.0", "CFBundleName"="PeachCommander", "CFBundleNameLowerCase"="peachcommander", "CFBundleNumericVersion"=402685952, "CFBundlePackageType"="APPL", "CFBundleShortVersionString"="0.9.0", "CFBun<…>
2026-09-14 14:38:24.489 I  PeachCommander[23721:13054] [com.apple.showhide:pr-59900543] SHOWHIDE: CONFIRM, id=524, err=0
2026-09-14 14:38:24.489 I  PeachCommander[23721:13054] [com.apple.AppKit:Window] context (0 -> f9e2f2d) for window 4e3
2026-09-14 14:38:24.489 I  PeachCommander[23721:13054] [com.apple.AppKit:Window] context (0 -> 7d81dfab) for window 4e2
2026-09-14 14:38:24.489 I  PeachCommander[23721:13054] [com.apple.AppKit:Window] context (0 -> d7583c7a) for window 4e1
2026-09-14 14:38:24.489 I  PeachCommander[23721:13054] [com.apple.AppKit:Window] context (0 -> f100e8bc) for window 4e0
2026-09-14 14:38:24.509 I  PeachCommander[23721:13054] [com.apple.iconservices:foundation] layer data size zero
2026-09-14 14:38:24.526 Df PeachCommander[23721:13054] [com.apple.AppKit:AutomaticTermination] void _updateToReflectAutomaticTerminationState(void) Setting _kLSApplicationWouldBeTerminatedByTALKey=0
2026-09-14 14:38:24.529 I  PeachCommander[23721:13054] [com.apple.runningboard:assertion] Acquiring assertion: <RBSAssertionDescriptor| "AppNap adapter assertion" ID:(null) target:23721>
2026-09-14 14:38:24.558 A  PeachCommander[23721:1305c] (RunningBoardServices) didChangeInheritances
2026-09-14 14:38:24.619 Df PeachCommander[23721:13054] [com.apple.libsystem.libdispatch:] DEPRECATED USE in libdispatch client: dispatch source activated with no event handler set; set a breakpoint on _dispatch_bug_deprecated to debug
2026-09-14 14:38:24.740 I  PeachCommander[23721:13054] [com.apple.coreanimation:Utilities] IOSurface Compression Enabled: NO
2026-09-14 14:38:24.741 Df PeachCommander[23721:1306a] [com.apple.coreanimation:Metal] Precompiled pipelines disabled on unsupported hardware.
2026-09-14 14:38:24.745 I  PeachCommander[23721:13054] [com.apple.CarbonCore:gestalt] SetGestaltValuesBulk SetGestaltValuesBulk( count=22 tuples=0x18552e650
2026-09-14 14:38:24.745 I  PeachCommander[23721:13054] [com.apple.CarbonCore:gestalt] SetGestaltValue SetGestaltValue(alis 1C9) => 0
2026-09-14 14:38:24.745 I  PeachCommander[23721:13054] [com.apple.CarbonCore:gestalt] SetGestaltValue SetGestaltValue(os   FE) => 0
2026-09-14 14:38:24.745 I  PeachCommander[23721:13054] [com.apple.CarbonCore:gestalt] SetGestaltValue SetGestaltValue(addr 7) => 0
2026-09-14 14:38:24.745 I  PeachCommander[23721:13054] [com.apple.CarbonCore:gestalt] SetGestaltValue SetGestaltValue(fs   3D332) => 0
2026-09-14 14:38:24.745 I  PeachCommander[23721:13054] [com.apple.CarbonCore:gestalt] SetGestaltValue SetGestaltValue(fold 11) => 0
2026-09-14 14:38:24.745 I  PeachCommander[23721:13054] [com.apple.CarbonCore:gestalt] SetGestaltValue SetGestaltValue(lram 7FFFF000) => 0
2026-09-14 14:38:24.745 I  PeachCommander[23721:13054] [com.apple.CarbonCore:gestalt] SetGestaltValue SetGestaltValue(mmap 1) => 0
2026-09-14 14:38:24.745 I  PeachCommander[23721:13054] [com.apple.CarbonCore:gestalt] SetGestaltValue SetGestaltValue(cfrg 1) => 0
2026-09-14 14:38:24.745 I  PeachCommander[23721:13054] [com.apple.CarbonCore:gestalt] SetGestaltValue SetGestaltValue(thds 7) => 0
2026-09-14 14:38:24.745 I  PeachCommander[23721:13054] [com.apple.CarbonCore:gestalt] SetGestaltValue SetGestaltValue(tmgr E) => 0
2026-09-14 14:38:24.745 I  PeachCommander[23721:13054] [com.apple.CarbonCore:gestalt] SetGestaltValue SetGestaltValue(vers 7) => 0
2026-09-14 14:38:24.745 I  PeachCommander[23721:13054] [com.apple.CarbonCore:gestalt] SetGestaltValue SetGestaltValue(cbon 160) => 0
2026-09-14 14:38:24.745 I  PeachCommander[23721:13054] [com.apple.CarbonCore:gestalt] SetGestaltValue SetGestaltValue(cltn 1108000) => 0
2026-09-14 14:38:24.745 I  PeachCommander[23721:13054] [com.apple.CarbonCore:gestalt] SetGestaltValue SetGestaltValue(cpnt 8) => 0
2026-09-14 14:38:24.745 I  PeachCommander[23721:13054] [com.apple.CarbonCore:gestalt] SetGestaltValue SetGestaltValue(rsrc 3) => 0
2026-09-14 14:38:24.745 I  PeachCommander[23721:13054] [com.apple.CarbonCore:gestalt] SetGestaltValue SetGestaltValue(rmbg 11F) => 0
2026-09-14 14:38:24.745 I  PeachCommander[23721:13054] [com.apple.CarbonCore:gestalt] SetGestaltValue SetGestaltValue(vm   11) => 0
2026-09-14 14:38:24.745 I  PeachCommander[23721:13054] [com.apple.CarbonCore:gestalt] SetGestaltValue SetGestaltValue(srad 4170706C) => 0
2026-09-14 14:38:24.745 I  PeachCommander[23721:13054] [com.apple.CarbonCore:gestalt] SetGestaltValue SetGestaltValue(sysa 14) => 0
2026-09-14 14:38:24.745 I  PeachCommander[23721:13054] [com.apple.CarbonCore:gestalt] SetGestaltValue SetGestaltValue(copl 9) => 0
2026-09-14 14:38:24.745 I  PeachCommander[23721:13054] [com.apple.CarbonCore:gestalt] SetGestaltValue SetGestaltValue(xlat 0) => 0
2026-09-14 14:38:24.745 I  PeachCommander[23721:13054] [com.apple.CarbonCore:gestalt] SetGestaltValue SetGestaltValue(stdf 0) => 0
2026-09-14 14:38:24.745 I  PeachCommander[23721:13054] [com.apple.CarbonCore:gestalt] _NewGestalt _NewGestalt(ram  0x1854a7644) => 0
2026-09-14 14:38:24.745 I  PeachCommander[23721:13054] [com.apple.CarbonCore:gestalt] _NewGestalt _NewGestalt(ramm 0x1854a7644) => 0
2026-09-14 14:38:24.745 I  PeachCommander[23721:13054] [com.apple.CarbonCore:gestalt] _NewGestalt _NewGestalt(cput 0x1854a7734) => 0
2026-09-14 14:38:24.745 I  PeachCommander[23721:13054] [com.apple.CarbonCore:gestalt] _NewGestalt _NewGestalt(cpuf 0x1854a7764) => 0
2026-09-14 14:38:24.745 I  PeachCommander[23721:13054] [com.apple.CarbonCore:gestalt] _NewGestalt _NewGestalt(bclk 0x1854a7794) => 0
2026-09-14 14:38:24.745 I  PeachCommander[23721:13054] [com.apple.CarbonCore:gestalt] _NewGestalt _NewGestalt(bclm 0x1854a7794) => 0
2026-09-14 14:38:24.745 I  PeachCommander[23721:13054] [com.apple.CarbonCore:gestalt] _NewGestalt _NewGestalt(pclk 0x1854a7834) => 0
2026-09-14 14:38:24.745 I  PeachCommander[23721:13054] [com.apple.CarbonCore:gestalt] _NewGestalt _NewGestalt(mclk 0x1854a7834) => 0
2026-09-14 14:38:24.745 I  PeachCommander[23721:13054] [com.apple.CarbonCore:gestalt] _NewGestalt _NewGestalt(a/ux 0x1854a794c) => 0
2026-09-14 14:38:24.745 I  PeachCommander[23721:13054] [com.apple.CarbonCore:gestalt] _NewGestalt _NewGestalt(pgsz 0x1854a7954) => 0
2026-09-14 14:38:24.745 I  PeachCommander[23721:13054] [com.apple.CarbonCore:gestalt] _NewGestalt _NewGestalt(csiz 0x1854a7994) => 0
2026-09-14 14:38:24.745 I  PeachCommander[23721:13054] [com.apple.CarbonCore:gestalt] _NewGestalt _NewGestalt(sysv 0x185452dfc) => 0
2026-09-14 14:38:24.745 I  PeachCommander[23721:13054] [com.apple.CarbonCore:gestalt] _NewGestalt _NewGestalt(sys1 0x185452dfc) => 0
2026-09-14 14:38:24.745 I  PeachCommander[23721:13054] [com.apple.CarbonCore:gestalt] _NewGestalt _NewGestalt(sys2 0x185452dfc) => 0
2026-09-14 14:38:24.745 I  PeachCommander[23721:13054] [com.apple.CarbonCore:gestalt] _NewGestalt _NewGestalt(sys3 0x185452dfc) => 0
2026-09-14 14:38:24.745 I  PeachCommander[23721:13054] [com.apple.CarbonCore:gestalt] _NewGestalt _NewGestalt(cdfl 0x1854a79d4) => 0
2026-09-14 14:38:24.745 I  PeachCommander[23721:13054] [com.apple.CarbonCore:gestalt] _NewGestalt _NewGestalt(cdrm 0x1854a7c30) => 0
2026-09-14 14:38:24.745 I  PeachCommander[23721:13054] [com.apple.CarbonCore:gestalt] _NewGestalt _NewGestalt(cpus 0x1854a7c78) => 0
2026-09-14 14:38:24.745 I  PeachCommander[23721:13054] [com.apple.CarbonCore:gestalt] SetGestaltValue SetGestaltValue(swex 1) => 0
2026-09-14 14:38:24.745 Df PeachCommander[23721:13054] [com.apple.xpc:connection] [0x941073c00] activating connection: mach=false listener=false peer=false name=com.apple.hiservices-xpcservice
2026-09-14 14:38:24.745 I  PeachCommander[23721:13054] [com.apple.CFPasteboard:entry] CopyData('ApplePerContextInputPasteboard' (<CFUUID 0x93f888380> 76DB000A-34EC-46FD-9AE0-07CB1C2964C6) gen: -1 item: 1264739405 flavor: 'ApplePerContextInputFlavor')
2026-09-14 14:38:24.745 I  PeachCommander[23721:13054] [com.apple.CFPasteboard:cache] Rebuilding cache for 'ApplePerContextInputPasteboard' (<CFUUID 0x93f888380> 76DB000A-34EC-46FD-9AE0-07CB1C2964C6)
2026-09-14 14:38:24.745 I  PeachCommander[23721:13054] [com.apple.CFPasteboard:general] Will request data from daemon
2026-09-14 14:38:24.746 I  PeachCommander[23721:13054] [com.apple.CFPasteboard:exit] (not-in-cache) - result: 0 generation: 1 data (182 bytes) flags: 0
2026-09-14 14:38:24.746 I  PeachCommander[23721:13054] [com.apple.CFPasteboard:entry] CopyData('DefaultAsciiKeyboardLayoutPasteboard' (<CFUUID 0x940c3dfc0> F7A3A652-E145-471D-A243-4380DD585EFE) gen: -1 item: 1264739405 flavor: 'DefaultAsciiKeyboardLayoutFlavor')
2026-09-14 14:38:24.746 I  PeachCommander[23721:13054] [com.apple.CFPasteboard:exit] (not-in-cache) - result: -8 generation: 0 null data flags: 0
2026-09-14 14:38:24.758 I  PeachCommander[23721:13054] [com.apple.AppKit:Window] context (0 -> 817fee3) for window 4e5
2026-09-14 14:38:24.759 Df PeachCommander[23721:13054] [com.apple.inputmethodkitClient:Client] +[IMKClient subclass]: chose IMKClient_Modern
2026-09-14 14:38:24.759 Df PeachCommander[23721:13054] [com.apple.BoardServices:XPCErrors] [C:2] Alloc com.apple.backboard.hid-services.xpc
2026-09-14 14:38:24.759 Df PeachCommander[23721:13054] [com.apple.xpc:connection] [0x94152fac0] activating connection: mach=false listener=false peer=false name=(anonymous)
2026-09-14 14:38:24.759 E  PeachCommander[23721:1305c] [com.apple.BaseBoard:Common] Unable to obtain a task name port right for pid 165: (os/kern) failure (0x5)
2026-09-14 14:38:24.759 Df PeachCommander[23721:1305c] [com.apple.xpc:connection] [0x94152fc00] activating connection: mach=false listener=false peer=false name=com.apple.TextInputUI.xpc.CursorUIViewService
2026-09-14 14:38:24.760 Df PeachCommander[23721:1305c] [com.apple.xpc:connection] [0x94152fc00] invalidated after the last release of the connection object
2026-09-14 14:38:24.760 I  PeachCommander[23721:13054] [com.apple.CFPasteboard:entry] CopyData('DefaultAsciiKeyboardLayoutPasteboard' (<CFUUID 0x940c3dfc0> F7A3A652-E145-471D-A243-4380DD585EFE) gen: -1 item: 1264739405 flavor: 'DefaultAsciiKeyboardLayoutFlavor')
2026-09-14 14:38:24.760 I  PeachCommander[23721:13054] [com.apple.CFPasteboard:exit] (not-in-cache) - result: -8 generation: 0 null data flags: 0
2026-09-14 14:38:24.760 Df PeachCommander[23721:13054] [com.apple.xpc:connection] [0x94152e800] activating connection: mach=false listener=false peer=false name=(anonymous)
2026-09-14 14:38:24.760 Df PeachCommander[23721:13054] [com.apple.xpc:connection] [0x94152fc00] activating connection: mach=false listener=false peer=false name=com.apple.ViewBridgeAuxiliary
2026-09-14 14:38:24.760 Df PeachCommander[23721:13054] [com.apple.xpc:connection] [0x94152e6c0] activating connection: mach=false listener=false peer=false name=(anonymous)
2026-09-14 14:38:24.760 Df PeachCommander[23721:13054] [com.apple.xpc:connection] [0x94152fc00] invalidated after the last release of the connection object
2026-09-14 14:38:24.862 I  PeachCommander[23721:13054] [com.apple.CoreAnalytics:client] Dropping "com.apple.appkit.app_config" as it isn't used in any transform (not in the config or budgeted?)
2026-09-14 14:38:24.862 I  PeachCommander[23721:13054] [com.apple.SafariPlatformSupport:SafariPlatformSupport] -[SFSafariPlatformSupport credentialSelected:] with nil credential
2026-09-14 14:38:24.862 I  PeachCommander[23721:13054] [com.apple.SafariPlatformSupport:SafariPlatformSupport] -[SFSafariPlatformSupport oneTimeCodeSelected:] with nil code
2026-09-14 14:38:24.917 I  PeachCommander[23721:130f7] [com.apple.AppKit:WindowTab] Indexing 1 items
2026-09-14 14:38:24.917 A  PeachCommander[23721:130f7] (CoreSpotlight) end-index-batch
2026-09-14 14:38:24.917 Df PeachCommander[23721:130f7] [com.apple.corespotlight:index] *warn* MailCS ======%%% _setMailMessageAttributes skip:1
2026-09-14 14:38:24.917 A  PeachCommander[23721:130f7] (CoreSpotlight) index-items
2026-09-14 14:38:24.917 Df PeachCommander[23721:130f7] [com.apple.corespotlight:index] CSInlineDonation:<private>: Skipping donation (feature flag disabled)
2026-09-14 14:38:24.917 Df PeachCommander[23721:130f7] [com.apple.corespotlight:index] CSInlineDonation:<private>: Skipping donation (feature flag disabled)
2026-09-14 14:38:25.014 I  PeachCommander[23721:13054] [com.apple.HIToolbox:MBDisplays] <private>
2026-09-14 14:38:25.014 I  PeachCommander[23721:13054] [com.apple.HIToolbox:MBDisplays] <private>
2026-09-14 14:38:25.044 Df PeachCommander[23721:1306a] [com.apple.xpc:connection] [0x94152e300] activating connection: mach=false listener=false peer=false name=com.apple.SafariPlatformSupport.Helper
2026-09-14 14:38:25.099 Df PeachCommander[23721:1306a] [com.apple.xpc:connection] [0x94152e300] invalidated after the last release of the connection object
2026-09-14 14:38:25.105 I  PeachCommander[23721:13054] [com.apple.launchservices:cas] Removing cached information for app [ 0x0-0x13b13b]  "PeachCommander", as its seed is different from that in shared memory ( 535 vs 537)
2026-09-14 14:38:25.105 Df PeachCommander[23721:13054] [com.apple.TextInputUI:CursorUI] -[TUINSCursorUIController activate:]_block_invoke: Create CursorUIViewService: TUINSRemoteViewController
2026-09-14 14:38:25.105 I  PeachCommander[23721:13054] [com.apple.AppKit:Window] window <TUINSWindow: 0x940747c00> windowNumber=4e5 finishing close
2026-09-14 14:38:25.105 I  PeachCommander[23721:13054] [com.apple.AppKit:Window] order window: 4e5 op: 0 relative: 0 related: 0
2026-09-14 14:38:25.106 Df PeachCommander[23721:13054] [com.apple.xpc:connection] [0x94152fc00] activating connection: mach=false listener=false peer=false name=(anonymous)
2026-09-14 14:38:25.106 Df PeachCommander[23721:13054] [com.apple.xpc:connection] [0x94152e300] activating connection: mach=false listener=false peer=false name=(anonymous)
2026-09-14 14:38:25.109 A  PeachCommander[23721:13067] (CoreFoundation) Loading Preferences From System CFPrefsD
2026-09-14 14:38:25.154 Df PeachCommander[23721:13054] [com.apple.BoardServices:XPCErrors] [C:3] Alloc com.apple.backboard.hid-services.xpc
2026-09-14 14:38:25.154 Df PeachCommander[23721:13054] [com.apple.xpc:connection] [0x94152de00] activating connection: mach=false listener=false peer=false name=(anonymous)
2026-09-14 14:38:25.155 Df PeachCommander[23721:1306a] [com.apple.BackBoard:EventDelivery] BKSHIDEventDeliveryManager - connection activation
2026-09-14 14:38:25.162 I  PeachCommander[23721:13054] [com.apple.iconservices:foundation] layer data size zero
2026-09-14 14:38:25.163 A  PeachCommander[23721:13054] (CoreFoundation) Loading Preferences From User CFPrefsD
2026-09-14 14:38:25.163 I  PeachCommander[23721:13054] [com.apple.CoreAnalytics:client] Dropping "com.apple.ImageIO.readerSelection" as it isn't used in any transform (not in the config or budgeted?)
2026-09-14 14:38:25.174 I  PeachCommander[23721:13054] [com.peachcommander:PCFoundation] Session restored
2026-09-14 14:38:25.174 Df PeachCommander[23721:13054] (Foundation) <private>
2026-09-14 14:38:25.174 I  PeachCommander[23721:13054] [com.peachcommander:PCFoundation] [automation] running /Users/admin/auto.txt
2026-09-14 14:38:25.174 Df PeachCommander[23721:13054] (Foundation) <private>
2026-09-14 14:38:25.174 I  PeachCommander[23721:13054] [com.peachcommander:PCFoundation] [automation] > active left
2026-09-14 14:38:25.174 Df PeachCommander[23721:13054] (Foundation) <private>
2026-09-14 14:38:25.174 I  PeachCommander[23721:13054] [com.peachcommander:PCFoundation] [automation] > left /Users/admin/pc-demo
2026-09-14 14:38:25.233 I  PeachCommander[23721:13054] [com.apple.SafariPlatformSupport:SafariPlatformSupport] -[SPSafariPlatformSupport completionListPreferredContentSizeDidUpdate] with size {0, 0}, in window that is visible
2026-09-14 14:38:25.246 Df PeachCommander[23721:13054] (Foundation) <private>
2026-09-14 14:38:25.246 I  PeachCommander[23721:13054] [com.peachcommander:PCFoundation] [automation] > wait 1200
2026-09-14 14:38:25.264 I  PeachCommander[23721:13054] [com.apple.AppKit:Image] ISImage reported a placeholder, image rep is providing a placeholder image for <private>
2026-09-14 14:38:25.264 I  PeachCommander[23721:13054] [com.apple.AppKit:Image] ISImage reported a placeholder, image rep is providing a placeholder image for <private>
2026-09-14 14:38:25.265 I  PeachCommander[23721:1306b] [com.apple.iconservices:foundation] layer data size zero
2026-09-14 14:38:25.266 I  PeachCommander[23721:13054] [com.apple.AppKit:Image] ISImage reported a placeholder, image rep is providing a placeholder image for <private>
2026-09-14 14:38:25.266 I  PeachCommander[23721:13054] [com.apple.AppKit:Image] ISImage reported a placeholder, image rep is providing a placeholder image for <private>
2026-09-14 14:38:25.267 I  PeachCommander[23721:13054] [com.apple.AppKit:Image] ISImage reported a placeholder, image rep is providing a placeholder image for <private>
2026-09-14 14:38:25.267 I  PeachCommander[23721:13054] [com.apple.AppKit:Image] ISImage reported a placeholder, image rep is providing a placeholder image for <private>
2026-09-14 14:38:25.268 I  PeachCommander[23721:13054] [com.apple.AppKit:Image] ISImage reported a placeholder, image rep is providing a placeholder image for <private>
2026-09-14 14:38:25.268 I  PeachCommander[23721:13054] [com.apple.AppKit:Image] ISImage reported a placeholder, image rep is providing a placeholder image for <private>
2026-09-14 14:38:25.269 I  PeachCommander[23721:13054] [com.apple.AppKit:Image] ISImage reported a placeholder, image rep is providing a placeholder image for <private>
2026-09-14 14:38:25.269 I  PeachCommander[23721:13054] [com.apple.AppKit:Image] ISImage reported a placeholder, image rep is providing a placeholder image for <private>
2026-09-14 14:38:25.270 I  PeachCommander[23721:13054] [com.apple.AppKit:Image] ISImage reported a placeholder, image rep is providing a placeholder image for <private>
2026-09-14 14:38:25.270 I  PeachCommander[23721:13054] [com.apple.AppKit:Image] ISImage reported a placeholder, image rep is providing a placeholder image for <private>
2026-09-14 14:38:25.275 I  PeachCommander[23721:1306b] [com.apple.iconservices:foundation] layer data size zero
2026-09-14 14:38:25.301 I  PeachCommander[23721:13054] [com.apple.launchservices:datasep] application record search init. Node: <FSNode 0x941ff46c0> { isDir = y, path = <private> } bundleID: (null) itemID: 0
2026-09-14 14:38:25.301 I  PeachCommander[23721:13054] [com.apple.launchservices:datasep] application record search init. Node: <FSNode 0x941ff46c0> { isDir = y, path = <private> } bundleID: (null) itemID: 0
2026-09-14 14:38:25.301 I  PeachCommander[23721:13054] [com.apple.SafariPlatformSupport:SafariPlatformSupport] -[SFSafariPlatformSupport credentialSelected:] with nil credential
2026-09-14 14:38:25.301 I  PeachCommander[23721:13054] [com.apple.SafariPlatformSupport:SafariPlatformSupport] -[SFSafariPlatformSupport oneTimeCodeSelected:] with nil code
2026-09-14 14:38:25.302 I  PeachCommander[23721:13054] [com.apple.iconservices:foundation] layer data size zero
2026-09-14 14:38:25.302 I  PeachCommander[23721:13054] [com.apple.AppKit:Image] ISImage reported a placeholder, image rep is providing a placeholder image for <private>
2026-09-14 14:38:25.302 I  PeachCommander[23721:13054] [com.apple.iconservices:foundation] layer data size zero
2026-09-14 14:38:25.302 I  PeachCommander[23721:13054] [com.apple.AppKit:Image] ISImage reported a placeholder, image rep is providing a placeholder image for <private>
2026-09-14 14:38:25.302 I  PeachCommander[23721:13054] [com.apple.iconservices:foundation] layer data size zero
2026-09-14 14:38:25.302 I  PeachCommander[23721:13054] [com.apple.AppKit:Image] ISImage reported a placeholder, image rep is providing a placeholder image for <private>
2026-09-14 14:38:25.302 I  PeachCommander[23721:13054] [com.apple.AppKit:Image] ISImage reported a placeholder, image rep is providing a placeholder image for <private>
2026-09-14 14:38:25.306 I  PeachCommander[23721:13054] [com.apple.AppKit:Image] ISImage reported a placeholder, image rep is providing a placeholder image for <private>
2026-09-14 14:38:25.306 I  PeachCommander[23721:13054] [com.apple.AppKit:Image] ISImage reported a placeholder, image rep is providing a placeholder image for <private>
2026-09-14 14:38:25.306 I  PeachCommander[23721:13054] [com.apple.AppKit:Image] ISImage reported a placeholder, image rep is providing a placeholder image for <private>
2026-09-14 14:38:25.306 I  PeachCommander[23721:13054] [com.apple.AppKit:Image] ISImage reported a placeholder, image rep is providing a placeholder image for <private>
2026-09-14 14:38:25.308 I  PeachCommander[23721:13054] [com.apple.iconservices:foundation] layer data size zero
2026-09-14 14:38:25.308 I  PeachCommander[23721:13054] [com.apple.iconservices:foundation] layer data size zero
2026-09-14 14:38:25.308 I  PeachCommander[23721:13054] [com.apple.iconservices:foundation] layer data size zero
2026-09-14 14:38:25.308 I  PeachCommander[23721:13054] [com.apple.iconservices:foundation] layer data size zero
2026-09-14 14:38:25.686 I  PeachCommander[23721:13054] [com.apple.AppKit:Image] ISImage reported a placeholder, image rep is providing a placeholder image for <private>
2026-09-14 14:38:25.722 I  PeachCommander[23721:13054] [com.apple.AppKit:Image] ISImage reported a placeholder, image rep is providing a placeholder image for <private>
2026-09-14 14:38:25.722 I  PeachCommander[23721:13054] [com.apple.AppKit:Image] ISImage reported a placeholder, image rep is providing a placeholder image for <private>
2026-09-14 14:38:25.722 I  PeachCommander[23721:1305c] [com.apple.iconservices:foundation] layer data size zero
2026-09-14 14:38:25.876 I  PeachCommander[23721:1306b] [com.apple.AppKit:WindowTab] Indexing 1 items
2026-09-14 14:38:25.876 A  PeachCommander[23721:1306b] (CoreSpotlight) end-index-batch
2026-09-14 14:38:25.876 A  PeachCommander[23721:1306b] (CoreSpotlight) index-items
2026-09-14 14:38:25.876 Df PeachCommander[23721:1306b] [com.apple.corespotlight:index] CSInlineDonation:<private>: Skipping donation (feature flag disabled)
2026-09-14 14:38:25.876 Df PeachCommander[23721:1306b] [com.apple.corespotlight:index] CSInlineDonation:<private>: Skipping donation (feature flag disabled)
2026-09-14 14:38:26.489 Df PeachCommander[23721:13054] (Foundation) <private>
2026-09-14 14:38:26.489 I  PeachCommander[23721:13054] [com.peachcommander:PCFoundation] [automation] > findsearch *.csv|superseded
2026-09-14 14:38:26.531 I  PeachCommander[23721:13054] [com.apple.AppKit:Window] context (0 -> ca30ea9a) for window 4e8
2026-09-14 14:38:26.578 I  PeachCommander[23721:13054] [com.apple.CFPasteboard:entry] CopyData('DefaultAsciiKeyboardLayoutPasteboard' (<CFUUID 0x940c3dfc0> F7A3A652-E145-471D-A243-4380DD585EFE) gen: -1 item: 1264739405 flavor: 'DefaultAsciiKeyboardLayoutFlavor')
2026-09-14 14:38:26.578 I  PeachCommander[23721:13054] [com.apple.CFPasteboard:exit] (not-in-cache) - result: -8 generation: 0 null data flags: 0
2026-09-14 14:38:26.612 I  PeachCommander[23721:13054] [com.apple.AppKit:Window] order window front conditionally: 4e8 related: 0
2026-09-14 14:38:26.942 I  PeachCommander[23721:1306b] [com.apple.AppKit:WindowTab] Indexing 2 items
2026-09-14 14:38:26.942 A  PeachCommander[23721:1306b] (CoreSpotlight) end-index-batch
2026-09-14 14:38:26.942 A  PeachCommander[23721:1306b] (CoreSpotlight) index-items
2026-09-14 14:38:26.942 Df PeachCommander[23721:1306b] [com.apple.corespotlight:index] CSInlineDonation:<private>: Skipping donation (feature flag disabled)
2026-09-14 14:38:26.943 Df PeachCommander[23721:1306b] [com.apple.corespotlight:index] CSInlineDonation:<private>: Skipping donation (feature flag disabled)
2026-09-14 14:38:27.218 Df PeachCommander[23721:13054] (Foundation) <private>
2026-09-14 14:38:27.218 I  PeachCommander[23721:13054] [com.peachcommander:PCFoundation] [automation] > wait 2500
2026-09-14 14:38:29.883 Df PeachCommander[23721:13054] (Foundation) <private>
2026-09-14 14:38:29.883 I  PeachCommander[23721:13054] [com.peachcommander:PCFoundation] [automation] > findsearch *.txt|
2026-09-14 14:38:29.886 Df PeachCommander[23721:13054] (Foundation) <private>
2026-09-14 14:38:29.886 I  PeachCommander[23721:13054] [com.peachcommander:PCFoundation] [automation] > wait 2500
2026-09-14 14:38:32.470 Df PeachCommander[23721:13054] (Foundation) <private>
2026-09-14 14:38:32.470 I  PeachCommander[23721:13054] [com.peachcommander:PCFoundation] [automation] > findhistory /Users/admin/fh-after.txt
2026-09-14 14:38:32.472 Df PeachCommander[23721:13054] (Foundation) <private>
2026-09-14 14:38:32.472 I  PeachCommander[23721:13054] [com.peachcommander:PCFoundation] [automation] > wait 600
2026-09-14 14:38:33.113 Df PeachCommander[23721:13054] (Foundation) <private>
2026-09-14 14:38:33.113 I  PeachCommander[23721:13054] [com.peachcommander:PCFoundation] [automation] > findsearch *.csv|
2026-09-14 14:38:33.118 Df PeachCommander[23721:13054] (Foundation) <private>
2026-09-14 14:38:33.118 I  PeachCommander[23721:13054] [com.peachcommander:PCFoundation] [automation] > wait 2500
2026-09-14 14:38:35.144 Df PeachCommander[23721:13067] [com.apple.launchservices:default] LSExceptions shared instance invalidated for timeout.
2026-09-14 14:38:35.743 Df PeachCommander[23721:13054] (Foundation) <private>
2026-09-14 14:38:35.743 I  PeachCommander[23721:13054] [com.peachcommander:PCFoundation] [automation] > findhistory /Users/admin/fh-promoted.txt
2026-09-14 14:38:35.745 Df PeachCommander[23721:13054] (Foundation) <private>
2026-09-14 14:38:35.745 I  PeachCommander[23721:13054] [com.peachcommander:PCFoundation] [automation] > wait 600
2026-09-14 14:38:36.386 Df PeachCommander[23721:13054] (Foundation) <private>
2026-09-14 14:38:36.386 I  PeachCommander[23721:13054] [com.peachcommander:PCFoundation] [automation] > findhistoryclear /Users/admin/fh-cleared.txt
2026-09-14 14:38:36.388 Df PeachCommander[23721:13054] (Foundation) <private>
2026-09-14 14:38:36.388 I  PeachCommander[23721:13054] [com.peachcommander:PCFoundation] [automation] > wait 800
2026-09-14 14:38:37.195 Df PeachCommander[23721:13054] (Foundation) <private>
2026-09-14 14:38:37.195 I  PeachCommander[23721:13054] [com.peachcommander:PCFoundation] [automation] done
