Timestamp               Ty Process[PID:TID]
2026-09-14 18:14:48.923 A  PeachCommander[23258:12e94] (libsystem_info.dylib) Retrieve User by ID
2026-09-14 18:14:48.924 Df PeachCommander[23258:12e94] [com.apple.xpc:connection] [0x102032620] activating connection: mach=true listener=false peer=false name=com.apple.cfprefsd.daemon
2026-09-14 18:14:48.924 Df PeachCommander[23258:12e9a] [com.apple.xpc:connection] [0x102032d20] activating connection: mach=true listener=false peer=false name=com.apple.cfprefsd.agent
2026-09-14 18:14:48.925 Df PeachCommander[23258:12e94] [com.apple.xpc:connection] [0x102039360] activating connection: mach=true listener=false peer=false name=com.apple.coreservices.launchservicesd
2026-09-14 18:14:48.925 I  PeachCommander[23258:12e94] [com.apple.launchservices:cas] Registering for notification <private> on default queue, to re-boostrap client connection.
2026-09-14 18:14:48.926 Df PeachCommander[23258:12e94] [com.apple.xpc:connection] [0x784c48000] activating connection: mach=true listener=false peer=false name=com.apple.pasteboard.1
2026-09-14 18:14:48.926 Df PeachCommander[23258:12e94] [com.apple.xpc:connection] [0x784c48140] activating connection: mach=true listener=false peer=false name=com.apple.distributed_notifications@Uv3
2026-09-14 18:14:48.927 Df PeachCommander[23258:12e94] [com.apple.AppKit:AutomaticTermination] void _NSDisableAutomaticTerminationAndLog(NSString *) No windows open yet
2026-09-14 18:14:48.927 A  PeachCommander[23258:12e94] (TCC) TCCAccessRequest() IPC
2026-09-14 18:14:48.927 Df PeachCommander[23258:12e94] [com.apple.xpc:connection] [0x784c48280] activating connection: mach=true listener=false peer=false name=com.apple.tccd.system
2026-09-14 18:14:48.927 I  PeachCommander[23258:12e94] [com.apple.TCC:access] SEND: 0/7 synchronous to com.apple.tccd.system: request: msgID=23258.1, function=TCCAccessRequest, service=kTCCServiceListenEvent,
2026-09-14 18:14:48.929 I  PeachCommander[23258:12e94] [com.apple.TCC:access] RECV: synchronous reply <dictionary: 0x785078000> { count = 5, transaction: 0, voucher = 0x0, contents =
	"prompt_type" => <uint64: 0xa25ed114baac79ff>: 1
	"auth_value" => <uint64: 0xa25ed114baac79ff>: 1
	"preflight_unknown" => <bool: 0x1f4c0d190>: true
	"auth_version" => <uint64: 0xa25ed114baac79ff>: 1
	"auth_reason" => <uint64: 0xa25ed114baac79df>: 5
}
2026-09-14 18:14:48.929 Df PeachCommander[23258:12e94] [com.apple.xpc:connection] [0x784c48280] invalidated after the last release of the connection object
2026-09-14 18:14:48.929 Df PeachCommander[23258:12e94] [com.apple.SkyLight:default] server port 0x00003a0b, session port 0x00003a0b
2026-09-14 18:14:48.931 Df PeachCommander[23258:12e94] [com.apple.SkyLight:default] New connection 0x4f453 main
2026-09-14 18:14:48.931 I  PeachCommander[23258:12e9a] [com.apple.SkyLight:processes] 0[outside of RPC]: First connection id 324691 mapped to ctx = 0x78507c800
2026-09-14 18:14:48.932 I  PeachCommander[23258:12e94] [com.apple.hiservices:processmgr] Checking in with CAS, pid=23258
2026-09-14 18:14:48.932 I  PeachCommander[23258:12e94] [com.apple.launchservices:cas] LSApplicationCheckIn(), app being registered is:"/Users/admin/pc-test/PeachCommander.app/Contents/MacOS/PeachCommander"
2026-09-14 18:14:48.932 I  PeachCommander[23258:12e94] [com.apple.launchservices:cas]  { "ApplicationType"="Foreground", "BuildMachineOSBuild"="25E246", "CFBundleDevelopmentRegion"="en", "CFBundleDocumentTypes"=( { "CFBundleTypeName"="Peach Commander Plugin Package", "CFBundleTypeRole"="Viewer", "LSHandlerRank"="Owner", "LSItemContentTypes"=( "com.peachcommander.plugin-package") }), "CFBundleExecutable"="PeachCommander", "CFBundleExecutablePath"="/Users/admin/pc-test/PeachCommander.app/Contents/MacOS/PeachCommander", "CFBundleHelpBookFolder"="PeachCommander.help", "CFBundleHelpBookName"="Peach Commander Help", "CFBundleIconFile"="AppIcon", "CFBundleIconName"="AppIcon", "CFBundleIdentifier"="com.peachcommander.app", "CFBundleInfoDictionaryVersion"="6.0", "CFBundleName"="PeachCommander", "CFBundleNumericVersion"=402685952, "CFBundlePackageType"="APPL", "CFBundleShortVersionString"="0.9.0", "CFBundleSignature"="?????", "CFBundleSupportedPlatforms"=( "MacOSX"), "CFBundleVersion"="18", "DTCompiler"="com.apple.compilers.llvm.clang.1_0", "DTPlatformBuild"="25F70", "DTPlatformName"="macosx", "<…>
2026-09-14 18:14:48.932 Df PeachCommander[23258:12e94] [com.apple.processmanager:front-35286506] CHECKIN: pid=23258
2026-09-14 18:14:48.933 Df PeachCommander[23258:12e94] [com.apple.processmanager:front-35286506] CHECKEDIN: pid=23258 asn=0x0-0x139139 foreground=1
2026-09-14 18:14:48.933 I  PeachCommander[23258:12e94] [com.apple.launchservices:cas] Setting processControlState to default PROC_SETPC_SUSPEND because application does not have LSProcessControlValue key
2026-09-14 18:14:48.934 Df PeachCommander[23258:12e94] [com.apple.xpc:connection] [0x784c48280] activating connection: mach=false listener=true peer=false name=(anonymous)
2026-09-14 18:14:48.934 Df PeachCommander[23258:12e94] [com.apple.xpc:connection] [0x784c48280] Connection returned listener port: 0x5303
2026-09-14 18:14:48.934 Df PeachCommander[23258:12e9b] [com.apple.xpc:connection] [0x785124300] activating connection: mach=false listener=false peer=true name=com.apple.xpc.anonymous.0x784c48280.peer[131].0x785124300
2026-09-14 18:14:48.934 Df PeachCommander[23258:12e94] [com.apple.processmanager:front-35286506] FRONTLOGGING: version 1
2026-09-14 18:14:48.934 Df PeachCommander[23258:12e94] [com.apple.processmanager:front-35286506] Registered, pid=23258 ASN=0x0,0x139139
2026-09-14 18:14:48.934 Df PeachCommander[23258:12e94] [com.apple.xpc:connection] [0x784c483c0] activating connection: mach=true listener=false peer=false name=com.apple.analyticsd
2026-09-14 18:14:48.934 I  PeachCommander[23258:12e94] [com.apple.CoreAnalytics:client] Daemon status changed from 0 to 1
2026-09-14 18:14:48.934 I  PeachCommander[23258:12e9b] [com.apple.CarbonCore:coreservicesdaemon] SCSession():SCSession( id=100, this=0x0x102037d40 option=65538) created, forUID=501 mach_port_t=0x5203.
2026-09-14 18:14:48.934 I  PeachCommander[23258:12e9b] [com.apple.CarbonCore:coreservicesdaemon] SCSession():SCSession( id=101, this=0x0x1020387c0 option=65538) created, forUID=501 mach_port_t=0x4603.
2026-09-14 18:14:48.934 I  PeachCommander[23258:12e9b] [com.apple.CarbonCore:coreservicesdaemon] connectToCoreServicesD():Instantiating server (coreservicesd based) SCSession, port=0x5203 serverOptions=0x10002.
2026-09-14 18:14:48.935 I  PeachCommander[23258:12e94] [com.apple.hiservices:processmgr] _RegisterApplication( pid 23258 => 0x0,0x139139) type=foreground
2026-09-14 18:14:48.935 Df PeachCommander[23258:12e94] [com.apple.xpc:connection] [0x784c48280] Connection returned listener port: 0x5303
2026-09-14 18:14:48.935 Df PeachCommander[23258:12e9e] [com.apple.CoreAnalytics:client] Received configuration update from daemon (initial)
2026-09-14 18:14:48.935 Df PeachCommander[23258:12e9b] [com.apple.xpc:connection] [0x784c48500] activating connection: mach=true listener=false peer=false name=com.apple.lsd.mapdb
2026-09-14 18:14:48.935 I  PeachCommander[23258:12e94] [com.apple.launchservices:cas] CFArrayRef _LSCopyLaunchModifiers(LSSessionID, LSASNRef _Nonnull), result for psn [ kLSCurrentApp ASN, 0x0,0x2]  is 1 items.
2026-09-14 18:14:48.935 Df PeachCommander[23258:12e94] [com.apple.processmanager:front-35286506] BringForward: pid=23258 asn=0x0-0x139139 bringForward=1 foreground=1 uiElement=0 launchedByLS=1 modifiersCount=1 allDisabled=1
2026-09-14 18:14:48.935 Df PeachCommander[23258:12e94] [com.apple.processmanager:front-35286506] BringFrontModifier: pid=23258 asn=0x0-0x139139 Modifier 0 hideAfter=0 hideOthers=0 dontMakeFrontmost=0 mouseDown=0/0 seed=0/0
2026-09-14 18:14:48.935 Df PeachCommander[23258:12e94] [com.apple.processmanager:front-35286506] BringForward: pid=23258 asn=0x0-0x139139
2026-09-14 18:14:48.935 Df PeachCommander[23258:12e94] [com.apple.processmanager:front-35286506] SetFrontProcess: asn=0x0-0x139139 options=0
2026-09-14 18:14:48.935 I  PeachCommander[23258:12e94] [com.apple.SkyLight:processes] 0[outside of RPC]: SLPSetFrontProcess(0x0-0x139139 window=0 options=0x0
2026-09-14 18:14:48.936 Df PeachCommander[23258:12e94] [com.apple.AppKit:Appearance] Current system appearance, (HLTB: 1), (SLS: 0)
2026-09-14 18:14:48.937 Df PeachCommander[23258:12e94] (libMobileGestalt.dylib) No persisted cache on this platform.
2026-09-14 18:14:48.937 I  PeachCommander[23258:12e9e] [com.apple.launchservices:cas] information in shared memory for 0x0-0x139139 with seed 533 was still valid, so using cached info { "ApplicationType"="Foreground", "BuildMachineOSBuild"="25E246", "BundleIdentifierLowerCase"="com.peachcommander.app", "CFBundleDevelopmentRegion"="en", "CFBundleDocumentTypes"=( { "CFBundleTypeName"="Peach Commander Plugin Package", "CFBundleTypeRole"="Viewer", "LSHandlerRank"="Owner", "LSItemContentTypes"=( "com.peachcommander.plugin-package") }), "CFBundleExecutable"="PeachCommander", "CFBundleExecutablePath"="/Users/admin/pc-test/PeachCommander.app/Contents/MacOS/PeachCommander", "CFBundleExecutablePathDeviceID"=16777229, "CFBundleExecutablePathINode"=487524, "CFBundleHelpBookFolder"="PeachCommander.help", "CFBundleHelpBookName"="Peach Commander Help", "CFBundleIconFile"="AppIcon", "CFBundleIconName"="AppIcon", "CFBundleIdentifier"="com.peachcommander.app", "CFBundleInfoDictionaryVersion"="6.0", "CFBundleName"="PeachCommander", "CFBundleNameLowerCase"="peachcommander", "CFBundleNumericVersion"=402685952, "CFBundlePackageType"="APPL", "CFBundleShortVersionString"="0.9.0", "CFBun<…>
2026-09-14 18:14:48.937 Df PeachCommander[23258:12e94] (libMobileGestalt.dylib) Could not get size of EAN data (IOConnectCallScalarMethod kAppleNVMeEANGetSize returned 0xE00002E2)
2026-09-14 18:14:48.937 Df PeachCommander[23258:12e94] (libMobileGestalt.dylib) Failed to copy 'aptk' from EAN
2026-09-14 18:14:48.937 Df PeachCommander[23258:12e94] (libMobileGestalt.dylib) Failed to copy APTicket properties. Falling back to default policy.
2026-09-14 18:14:48.937 Df PeachCommander[23258:12e94] (libMobileGestalt.dylib) Creating default MGSysConfigPolicy
2026-09-14 18:14:48.937 Df PeachCommander[23258:12e94] (libMobileGestalt.dylib) CFDictionaryRef copySyscfgDictionary(void) enumeration of <private> failed.
2026-09-14 18:14:48.937 Df PeachCommander[23258:12e94] (libMobileGestalt.dylib) Failed to find key <private>
2026-09-14 18:14:48.937 I  PeachCommander[23258:12e9b] [com.apple.launchservices:db] LaunchServices database schema version: 20971544
2026-09-14 18:14:48.938 Df PeachCommander[23258:12e94] [com.apple.AppKit:Appearance] Current system appearance, (HLTB: 1), (SLS: 0)
2026-09-14 18:14:48.938 Df PeachCommander[23258:12e94] [com.apple.AppKit:Appearance] Post-registration system appearance: (HLTB: 1)
2026-09-14 18:14:48.939 I  PeachCommander[23258:12e9b] [com.apple.launchservices:default] Unable to load Info.plist exceptions (eGPUOverrides)
2026-09-14 18:14:48.939 I  PeachCommander[23258:12e9b] [com.apple.launchservices:default] Unable to load Info.plist exceptions (gameModeOverrides)
2026-09-14 18:14:48.939 I  PeachCommander[23258:12e9b] [com.apple.launchservices:default] Unable to load Info.plist exceptions (identifiedGameOverrides)
2026-09-14 18:14:48.939 I  PeachCommander[23258:12e9b] [com.apple.launchservices:default] Unable to load Info.plist exceptions (SystemHiddenPreferred)
2026-09-14 18:14:48.939 Df PeachCommander[23258:12e94] [com.apple.FrontBoard:Common] FBSWorkspace: endpoint monitoring is disabled.
2026-09-14 18:14:48.939 Df PeachCommander[23258:12e94] [com.apple.FrontBoard:Common] FBSWorkspace: default shell endpoint is disabled.
2026-09-14 18:14:48.939 Df PeachCommander[23258:12e94] [com.apple.runningboard:connection] Initializing connection
2026-09-14 18:14:48.939 Df PeachCommander[23258:12e94] [com.apple.runningboard:process] Removing all cached process handles
2026-09-14 18:14:48.940 Df PeachCommander[23258:12e9e] [com.apple.runningboard:connection] Sending handshake request attempt #1 to server
2026-09-14 18:14:48.940 Df PeachCommander[23258:12e9e] [com.apple.runningboard:connection] Creating connection to com.apple.runningboard
2026-09-14 18:14:48.940 Df PeachCommander[23258:12e9e] [com.apple.xpc:connection] [0x784c48640] activating connection: mach=true listener=false peer=false name=com.apple.runningboard
2026-09-14 18:14:48.940 A  PeachCommander[23258:12e9a] (RunningBoardServices) didChangeInheritances
2026-09-14 18:14:48.940 Df PeachCommander[23258:12e94] [com.apple.xpc:connection] [0x784c48280] Connection returned listener port: 0x5303
2026-09-14 18:14:48.940 I  PeachCommander[23258:12e94] [com.apple.launchservices:cas] information in shared memory for 0x0-0x139139 with seed 533 was still valid, so using cached info { "ApplicationType"="Foreground", "BuildMachineOSBuild"="25E246", "BundleIdentifierLowerCase"="com.peachcommander.app", "CFBundleDevelopmentRegion"="en", "CFBundleDocumentTypes"=( { "CFBundleTypeName"="Peach Commander Plugin Package", "CFBundleTypeRole"="Viewer", "LSHandlerRank"="Owner", "LSItemContentTypes"=( "com.peachcommander.plugin-package") }), "CFBundleExecutable"="PeachCommander", "CFBundleExecutablePath"="/Users/admin/pc-test/PeachCommander.app/Contents/MacOS/PeachCommander", "CFBundleExecutablePathDeviceID"=16777229, "CFBundleExecutablePathINode"=487524, "CFBundleHelpBookFolder"="PeachCommander.help", "CFBundleHelpBookName"="Peach Commander Help", "CFBundleIconFile"="AppIcon", "CFBundleIconName"="AppIcon", "CFBundleIdentifier"="com.peachcommander.app", "CFBundleInfoDictionaryVersion"="6.0", "CFBundleName"="PeachCommander", "CFBundleNameLowerCase"="peachcommander", "CFBundleNumericVersion"=402685952, "CFBundlePackageType"="APPL", "CFBundleShortVersionString"="0.9.0", "CFBun<…>
2026-09-14 18:14:48.940 Df PeachCommander[23258:12e9e] [com.apple.runningboard:connection] Handshake succeeded
2026-09-14 18:14:48.940 Df PeachCommander[23258:12e9e] [com.apple.runningboard:connection] Identity resolved as app<application.com.peachcommander.app.486777.487524(501)>
2026-09-14 18:14:48.942 Df PeachCommander[23258:12e94] [com.apple.xpc:connection] [0x784c48280] Connection returned listener port: 0x5303
2026-09-14 18:14:48.942 A  PeachCommander[23258:12e9b] (AppIntents) appintents:register process
2026-09-14 18:14:48.943 Df PeachCommander[23258:12e9b] [com.apple.appintents:Connection] Created a new Process Instance Registry XPC connection (inactive)
2026-09-14 18:14:48.943 Df PeachCommander[23258:12e9b] [com.apple.xpc:connection] [0x784c48780] activating connection: mach=true listener=false peer=false name=com.apple.linkd.autoShortcut
2026-09-14 18:14:48.943 Df PeachCommander[23258:12e9b] [com.apple.appintents:Connection] Activated connection to linkd (ApplicationService)
2026-09-14 18:14:48.943 Df PeachCommander[23258:12e9b] [com.apple.xpc:connection] [0x784c48a00] activating connection: mach=false listener=true peer=false name=(anonymous)
2026-09-14 18:14:48.943 I  PeachCommander[23258:12e94] [com.apple.launchservices:cas] information in shared memory for 0x0-0x139139 with seed 533 was still valid, so using cached info { "ApplicationType"="Foreground", "BuildMachineOSBuild"="25E246", "BundleIdentifierLowerCase"="com.peachcommander.app", "CFBundleDevelopmentRegion"="en", "CFBundleDocumentTypes"=( { "CFBundleTypeName"="Peach Commander Plugin Package", "CFBundleTypeRole"="Viewer", "LSHandlerRank"="Owner", "LSItemContentTypes"=( "com.peachcommander.plugin-package") }), "CFBundleExecutable"="PeachCommander", "CFBundleExecutablePath"="/Users/admin/pc-test/PeachCommander.app/Contents/MacOS/PeachCommander", "CFBundleExecutablePathDeviceID"=16777229, "CFBundleExecutablePathINode"=487524, "CFBundleHelpBookFolder"="PeachCommander.help", "CFBundleHelpBookName"="Peach Commander Help", "CFBundleIconFile"="AppIcon", "CFBundleIconName"="AppIcon", "CFBundleIdentifier"="com.peachcommander.app", "CFBundleInfoDictionaryVersion"="6.0", "CFBundleName"="PeachCommander", "CFBundleNameLowerCase"="peachcommander", "CFBundleNumericVersion"=402685952, "CFBundlePackageType"="APPL", "CFBundleShortVersionString"="0.9.0", "CFBun<…>
2026-09-14 18:14:48.943 I  PeachCommander[23258:12e94] [com.apple.hiservices:processmgr] TransformProcessType(0x0,0x2 => 1 wasFront=1 pickNew=0)
2026-09-14 18:14:48.943 I  PeachCommander[23258:12e94] [com.apple.CoreAnalytics:client] Dropping "com.apple.appkit.app_config" as it isn't used in any transform (not in the config or budgeted?)
2026-09-14 18:14:48.943 I  PeachCommander[23258:12e9b] [com.apple.appintents:Execution] LNAppConnectionListener instantiated
2026-09-14 18:14:48.943 Df PeachCommander[23258:12e9b] [com.apple.xpc:connection] [0x784c48a00] Connection returned listener port: 0x6a03
2026-09-14 18:14:48.944 Df PeachCommander[23258:12e9a] [com.apple.xpc:connection] [0x784c48780] Re-initialization successful; calling out to event handler with XPC_ERROR_CONNECTION_INTERRUPTED
2026-09-14 18:14:48.944 Df PeachCommander[23258:12e9a] [com.apple.appintents:Connection] Process Instance Registry XPC connection has been interrupted
2026-09-14 18:14:48.944 Df PeachCommander[23258:12e94] [com.apple.dt.xctest:Default] Registering for test daemon availability notify post.
2026-09-14 18:14:48.944 E  PeachCommander[23258:12e9b] [com.apple.appintents:Connection] Unable to get synchronousRemoteObjectProxy, error: Error Domain=NSCocoaErrorDomain Code=4097 "connection to service named com.apple.linkd.autoShortcut" UserInfo={NSDebugDescription=connection to service named com.apple.linkd.autoShortcut}
2026-09-14 18:14:48.944 E  PeachCommander[23258:12e9b] [com.apple.AppKit:Application] Error registering app with intents framework: Error Domain=NSCocoaErrorDomain Code=4097 UserInfo={NSDebugDescription=<private>}
2026-09-14 18:14:48.944 Df PeachCommander[23258:12e94] [com.apple.dt.xctest:Default] notify_get_state check indicated test daemon not ready.
2026-09-14 18:14:48.944 Df PeachCommander[23258:12e9a] [com.apple.appintents:Connection] Created a new Process Instance Registry XPC connection (inactive)
2026-09-14 18:14:48.944 A  PeachCommander[23258:12e9a] (AppIntents) appintents:register process
2026-09-14 18:14:48.944 Df PeachCommander[23258:12e9a] [com.apple.appintents:Connection] Created a new Process Instance Registry XPC connection (inactive)
2026-09-14 18:14:48.944 Df PeachCommander[23258:12e9a] [com.apple.xpc:connection] [0x784c48c80] activating connection: mach=true listener=false peer=false name=com.apple.linkd.autoShortcut
2026-09-14 18:14:48.944 Df PeachCommander[23258:12e94] [com.apple.dt.xctest:Default] notify_get_state check indicated test daemon not ready.
2026-09-14 18:14:48.944 Df PeachCommander[23258:12e9a] [com.apple.appintents:Connection] Activated connection to linkd (ApplicationService)
2026-09-14 18:14:48.944 Df PeachCommander[23258:12e9a] [com.apple.xpc:connection] [0x784c48a00] Connection returned listener port: 0x6a03
2026-09-14 18:14:48.944 Df PeachCommander[23258:12e94] [com.apple.dt.xctest:Default] notify_get_state check indicated test daemon not ready.
2026-09-14 18:14:48.944 Df PeachCommander[23258:12e9b] [com.apple.xpc:connection] [0x784c48c80] Re-initialization successful; calling out to event handler with XPC_ERROR_CONNECTION_INTERRUPTED
2026-09-14 18:14:48.944 Df PeachCommander[23258:12e9b] [com.apple.appintents:Connection] Process Instance Registry XPC connection has been interrupted
2026-09-14 18:14:48.944 E  PeachCommander[23258:12e9a] [com.apple.appintents:Connection] Unable to get synchronousRemoteObjectProxy, error: Error Domain=NSCocoaErrorDomain Code=4097 "connection to service named com.apple.linkd.autoShortcut" UserInfo={NSDebugDescription=connection to service named com.apple.linkd.autoShortcut}
2026-09-14 18:14:48.944 E  PeachCommander[23258:12e9a] [com.apple.appintents:Connection] Unable to re-register with Process Instance Registry, error: Error Domain=NSCocoaErrorDomain Code=4097 "connection to service named com.apple.linkd.autoShortcut" UserInfo={NSDebugDescription=connection to service named com.apple.linkd.autoShortcut}
2026-09-14 18:14:48.944 Df PeachCommander[23258:12e9e] [com.apple.appintents:Connection] Created a new Process Instance Registry XPC connection (inactive)
2026-09-14 18:14:48.944 A  PeachCommander[23258:12e9e] (AppIntents) appintents:register process
2026-09-14 18:14:48.944 Df PeachCommander[23258:12e9e] [com.apple.appintents:Connection] Created a new Process Instance Registry XPC connection (inactive)
2026-09-14 18:14:48.944 Df PeachCommander[23258:12e9e] [com.apple.xpc:connection] [0x784c492c0] activating connection: mach=true listener=false peer=false name=com.apple.linkd.autoShortcut
2026-09-14 18:14:48.944 Df PeachCommander[23258:12e9e] [com.apple.appintents:Connection] Activated connection to linkd (ApplicationService)
2026-09-14 18:14:48.944 Df PeachCommander[23258:12e9e] [com.apple.xpc:connection] [0x784c48a00] Connection returned listener port: 0x6a03
2026-09-14 18:14:48.944 Df PeachCommander[23258:12e9a] [com.apple.xpc:connection] [0x784c492c0] Re-initialization successful; calling out to event handler with XPC_ERROR_CONNECTION_INTERRUPTED
2026-09-14 18:14:48.944 Df PeachCommander[23258:12e9a] [com.apple.appintents:Connection] Process Instance Registry XPC connection has been interrupted
2026-09-14 18:14:48.944 E  PeachCommander[23258:12e9e] [com.apple.appintents:Connection] Unable to get synchronousRemoteObjectProxy, error: Error Domain=NSCocoaErrorDomain Code=4097 "connection to service named com.apple.linkd.autoShortcut" UserInfo={NSDebugDescription=connection to service named com.apple.linkd.autoShortcut}
2026-09-14 18:14:48.944 E  PeachCommander[23258:12e9e] [com.apple.appintents:Connection] Unable to re-register with Process Instance Registry, error: Error Domain=NSCocoaErrorDomain Code=4097 "connection to service named com.apple.linkd.autoShortcut" UserInfo={NSDebugDescription=connection to service named com.apple.linkd.autoShortcut}
2026-09-14 18:14:48.944 Df PeachCommander[23258:12e9a] [com.apple.appintents:Connection] Created a new Process Instance Registry XPC connection (inactive)
2026-09-14 18:14:48.944 A  PeachCommander[23258:12e9a] (AppIntents) appintents:register process
2026-09-14 18:14:48.944 Df PeachCommander[23258:12e9a] [com.apple.appintents:Connection] Created a new Process Instance Registry XPC connection (inactive)
2026-09-14 18:14:48.944 Df PeachCommander[23258:12e9a] [com.apple.xpc:connection] [0x784c49540] activating connection: mach=true listener=false peer=false name=com.apple.linkd.autoShortcut
2026-09-14 18:14:48.944 Df PeachCommander[23258:12e9a] [com.apple.appintents:Connection] Activated connection to linkd (ApplicationService)
2026-09-14 18:14:48.944 Df PeachCommander[23258:12e9a] [com.apple.xpc:connection] [0x784c48a00] Connection returned listener port: 0x6a03
2026-09-14 18:14:48.944 Df PeachCommander[23258:12e9e] [com.apple.xpc:connection] [0x784c49540] Re-initialization successful; calling out to event handler with XPC_ERROR_CONNECTION_INTERRUPTED
2026-09-14 18:14:48.944 Df PeachCommander[23258:12e9e] [com.apple.appintents:Connection] Process Instance Registry XPC connection has been interrupted
2026-09-14 18:14:48.944 E  PeachCommander[23258:12e9e] [com.apple.appintents:Connection] Will NOT re-try to establish the connection
2026-09-14 18:14:48.944 E  PeachCommander[23258:12e9a] [com.apple.appintents:Connection] Unable to get synchronousRemoteObjectProxy, error: Error Domain=NSCocoaErrorDomain Code=4097 "connection to service named com.apple.linkd.autoShortcut" UserInfo={NSDebugDescription=connection to service named com.apple.linkd.autoShortcut}
2026-09-14 18:14:48.944 E  PeachCommander[23258:12e9a] [com.apple.appintents:Connection] Unable to re-register with Process Instance Registry, error: Error Domain=NSCocoaErrorDomain Code=4097 "connection to service named com.apple.linkd.autoShortcut" UserInfo={NSDebugDescription=connection to service named com.apple.linkd.autoShortcut}
2026-09-14 18:14:48.947 A  PeachCommander[23258:12e94] (CoreFoundation) Loading Preferences From System CFPrefsD
2026-09-14 18:14:48.947 Df PeachCommander[23258:12e94] (libMobileGestalt.dylib) couldn't load support library
2026-09-14 18:14:48.947 Df PeachCommander[23258:12e94] (libMobileGestalt.dylib) called dummy function!
2026-09-14 18:14:48.948 I  PeachCommander[23258:12e94] [com.apple.GenerativeModels:availability] Current availability state: unavailable, use cases: com.apple.WritingTools, language: <any>, api: <private>
2026-09-14 18:14:48.948 Df PeachCommander[23258:12e94] [com.apple.GenerativeModels:availability] registering darwin observer for name: com.apple.gms.availability.notification
2026-09-14 18:14:48.948 Df PeachCommander[23258:12e94] [com.apple.GenerativeModels:availability] registering darwin observer for name: com.apple.os-eligibility-domain.change.greymatter
2026-09-14 18:14:48.948 Df PeachCommander[23258:12e94] [com.apple.GenerativeModels:availability] registering darwin observer for name: com.apple.language.changed
2026-09-14 18:14:48.948 Df PeachCommander[23258:12e94] [com.apple.WritingTools:Default] isAvailable value changed: isMDMAllowed = true, gmAvailable (current) = false
2026-09-14 18:14:48.950 I  PeachCommander[23258:12e94] [com.apple.CoreAnalytics:client] Dropping "com.apple.appkit.app_config" as it isn't used in any transform (not in the config or budgeted?)
2026-09-14 18:14:48.952 Df PeachCommander[23258:12e94] [com.apple.AppKit:Appearance] NSApp cache appearance:
-NSRequiresAquaSystemAppearance: 0
-appearance: (null)
-effectiveAppearance: <NSCompositeAppearance: 0x785080780
 (
    "<NSAquaAppearance: 0x785080500>",
    "<NSSystemAppearance: 0x7850806e0>"
)>
2026-09-14 18:14:48.954 A  PeachCommander[23258:12e94] (CoreFoundation) Loading Preferences From User CFPrefsD
2026-09-14 18:14:48.954 A  PeachCommander[23258:12e94] (CoreFoundation) Loading Preferences From User CFPrefsD
2026-09-14 18:14:48.958 A  PeachCommander[23258:12e9e] (libsystem_info.dylib) Membership API: translate identifier
2026-09-14 18:14:48.960 I  PeachCommander[23258:12e94] [com.apple.CoreAnalytics:client] Dropping "com.apple.appkit.app_config" as it isn't used in any transform (not in the config or budgeted?)
2026-09-14 18:14:48.960 I  PeachCommander[23258:12e94] [com.apple.CoreAnalytics:client] Dropping "com.apple.appkit.app_config" as it isn't used in any transform (not in the config or budgeted?)
2026-09-14 18:14:48.961 Df PeachCommander[23258:12e9e] [com.apple.xpc:connection] [0x784c49a40] activating connection: mach=true listener=false peer=false name=com.apple.dock.fullscreen
2026-09-14 18:14:48.962 Df PeachCommander[23258:12e94] [com.apple.xpc:connection] [0x784c49b80] activating connection: mach=true listener=false peer=false name=com.apple.fonts
2026-09-14 18:14:48.964 I  PeachCommander[23258:12e94] [com.apple.launchservices:cas] information in shared memory for 0x0-0x139139 with seed 533 was still valid, so using cached info { "ApplicationType"="Foreground", "BuildMachineOSBuild"="25E246", "BundleIdentifierLowerCase"="com.peachcommander.app", "CFBundleDevelopmentRegion"="en", "CFBundleDocumentTypes"=( { "CFBundleTypeName"="Peach Commander Plugin Package", "CFBundleTypeRole"="Viewer", "LSHandlerRank"="Owner", "LSItemContentTypes"=( "com.peachcommander.plugin-package") }), "CFBundleExecutable"="PeachCommander", "CFBundleExecutablePath"="/Users/admin/pc-test/PeachCommander.app/Contents/MacOS/PeachCommander", "CFBundleExecutablePathDeviceID"=16777229, "CFBundleExecutablePathINode"=487524, "CFBundleHelpBookFolder"="PeachCommander.help", "CFBundleHelpBookName"="Peach Commander Help", "CFBundleIconFile"="AppIcon", "CFBundleIconName"="AppIcon", "CFBundleIdentifier"="com.peachcommander.app", "CFBundleInfoDictionaryVersion"="6.0", "CFBundleName"="PeachCommander", "CFBundleNameLowerCase"="peachcommander", "CFBundleNumericVersion"=402685952, "CFBundlePackageType"="APPL", "CFBundleShortVersionString"="0.9.0", "CFBun<…>
2026-09-14 18:14:48.964 I  PeachCommander[23258:12e94] [com.apple.CoreAnalytics:client] Dropping "com.apple.appkit.app_config" as it isn't used in any transform (not in the config or budgeted?)
2026-09-14 18:14:48.964 Df PeachCommander[23258:12e94] [com.apple.AppKit:AutomaticTermination] -[NSApplication(NSAppssassination) _checkForAutomaticTerminationSupportPossiblyEnablingIt]_block_invoke Enabling automatic termination support.
2026-09-14 18:14:48.964 Df PeachCommander[23258:12e94] [com.apple.xpc:connection] [0x784c48dc0] activating connection: mach=true listener=false peer=false name=com.apple.appkit.restoration_storage
2026-09-14 18:14:48.965 I  PeachCommander[23258:12e94] [com.apple.launchservices:cas] information in shared memory for 0x0-0x139139 with seed 533 was still valid, so using cached info { "ApplicationType"="Foreground", "BuildMachineOSBuild"="25E246", "BundleIdentifierLowerCase"="com.peachcommander.app", "CFBundleDevelopmentRegion"="en", "CFBundleDocumentTypes"=( { "CFBundleTypeName"="Peach Commander Plugin Package", "CFBundleTypeRole"="Viewer", "LSHandlerRank"="Owner", "LSItemContentTypes"=( "com.peachcommander.plugin-package") }), "CFBundleExecutable"="PeachCommander", "CFBundleExecutablePath"="/Users/admin/pc-test/PeachCommander.app/Contents/MacOS/PeachCommander", "CFBundleExecutablePathDeviceID"=16777229, "CFBundleExecutablePathINode"=487524, "CFBundleHelpBookFolder"="PeachCommander.help", "CFBundleHelpBookName"="Peach Commander Help", "CFBundleIconFile"="AppIcon", "CFBundleIconName"="AppIcon", "CFBundleIdentifier"="com.peachcommander.app", "CFBundleInfoDictionaryVersion"="6.0", "CFBundleName"="PeachCommander", "CFBundleNameLowerCase"="peachcommander", "CFBundleNumericVersion"=402685952, "CFBundlePackageType"="APPL", "CFBundleShortVersionString"="0.9.0", "CFBun<…>
2026-09-14 18:14:48.965 Df PeachCommander[23258:12e94] [com.apple.xpc:connection] [0x784c48f00] activating connection: mach=true listener=false peer=false name=com.apple.coreservices.appleevents
2026-09-14 18:14:48.965 I  PeachCommander[23258:12e94] [com.apple.appleevents:main] _AEGetRegisteredMachPort() created default port (port:45315/0xb103 rcv:1 send:1 limit:5) and registered it with server
2026-09-14 18:14:48.965 Df PeachCommander[23258:12e94] [com.apple.xpc:connection] [0x784c48280] Connection returned listener port: 0x5303
2026-09-14 18:14:48.965 I  PeachCommander[23258:12e94] [com.apple.launchservices:cas] information in shared memory for 0x0-0x139139 with seed 533 was still valid, so using cached info { "ApplicationType"="Foreground", "BuildMachineOSBuild"="25E246", "BundleIdentifierLowerCase"="com.peachcommander.app", "CFBundleDevelopmentRegion"="en", "CFBundleDocumentTypes"=( { "CFBundleTypeName"="Peach Commander Plugin Package", "CFBundleTypeRole"="Viewer", "LSHandlerRank"="Owner", "LSItemContentTypes"=( "com.peachcommander.plugin-package") }), "CFBundleExecutable"="PeachCommander", "CFBundleExecutablePath"="/Users/admin/pc-test/PeachCommander.app/Contents/MacOS/PeachCommander", "CFBundleExecutablePathDeviceID"=16777229, "CFBundleExecutablePathINode"=487524, "CFBundleHelpBookFolder"="PeachCommander.help", "CFBundleHelpBookName"="Peach Commander Help", "CFBundleIconFile"="AppIcon", "CFBundleIconName"="AppIcon", "CFBundleIdentifier"="com.peachcommander.app", "CFBundleInfoDictionaryVersion"="6.0", "CFBundleName"="PeachCommander", "CFBundleNameLowerCase"="peachcommander", "CFBundleNumericVersion"=402685952, "CFBundlePackageType"="APPL", "CFBundleShortVersionString"="0.9.0", "CFBun<…>
2026-09-14 18:14:48.965 Df PeachCommander[23258:12e94] [com.apple.processmanager:front-35286506] SignalReady: pid=23258 asn=0x0-0x139139
2026-09-14 18:14:48.965 Df PeachCommander[23258:12e94] [com.apple.processmanager:front-35286506] SIGNAL: pid=23258 asn=0x0x-0x139139
2026-09-14 18:14:48.965 I  PeachCommander[23258:12e94] [com.apple.appleevents:main] aeGenerateFakeFirstOAPPEventIfNecessary()
2026-09-14 18:14:48.965 I  PeachCommander[23258:12e94] [com.apple.appleevents:main] aeGenerateFakeFirstOAPPEventIfNecessary(), needToCreateFakeOAPPEventIfFirstEvent == true
2026-09-14 18:14:48.965 I  PeachCommander[23258:12e94] [com.apple.launchservices:cas] Removing cached information for app [ 0x0-0x139139]  "PeachCommander", as its seed is different from that in shared memory ( 533 vs 535)
2026-09-14 18:14:48.966 I  PeachCommander[23258:12e94] [com.apple.CFPasteboard:entry] CopyData('DefaultAsciiKeyboardLayoutPasteboard' (<CFUUID 0x784c7ba20> 65CFC74D-4032-445C-BB07-43C96FC9876E) gen: -1 item: 1264739405 flavor: 'DefaultAsciiKeyboardLayoutFlavor')
2026-09-14 18:14:48.966 I  PeachCommander[23258:12e94] [com.apple.CFPasteboard:cache] Rebuilding cache for 'DefaultAsciiKeyboardLayoutPasteboard' (<CFUUID 0x784c7ba20> 65CFC74D-4032-445C-BB07-43C96FC9876E)
2026-09-14 18:14:48.966 I  PeachCommander[23258:12e94] [com.apple.CFPasteboard:exit] (not-in-cache) - result: -8 generation: 0 null data flags: 0
2026-09-14 18:14:48.966 A  PeachCommander[23258:12e94] (CoreFoundation) Loading Preferences From User CFPrefsD
2026-09-14 18:14:48.966 A  PeachCommander[23258:12e94] (CoreFoundation) Loading Preferences From System CFPrefsD
2026-09-14 18:14:48.967 I  PeachCommander[23258:12e94] [com.apple.CFPasteboard:entry] CopyData('AppleIntlFileCacheModificationDatePasteboard' (<CFUUID 0x784c7ba60> 90B1E217-269B-4A3A-98B3-CC69525F5748) gen: -1 item: 1 flavor: '-32766 1768845414')
2026-09-14 18:14:48.967 I  PeachCommander[23258:12e94] [com.apple.CFPasteboard:cache] Rebuilding cache for 'AppleIntlFileCacheModificationDatePasteboard' (<CFUUID 0x784c7ba60> 90B1E217-269B-4A3A-98B3-CC69525F5748)
2026-09-14 18:14:48.967 I  PeachCommander[23258:12e94] [com.apple.CFPasteboard:general] Will request data from daemon
2026-09-14 18:14:48.967 I  PeachCommander[23258:12e94] [com.apple.CFPasteboard:exit] (not-in-cache) - result: 0 generation: 2 data (310 bytes) flags: 0
2026-09-14 18:14:48.967 I  PeachCommander[23258:12e94] [com.apple.CFPasteboard:entry] CopyData('AppleIntlFileCacheModificationDatePasteboard' (<CFUUID 0x784c7ba60> 90B1E217-269B-4A3A-98B3-CC69525F5748) gen: -1 item: 1 flavor: '-32765 1802264953')
2026-09-14 18:14:48.967 I  PeachCommander[23258:12e94] [com.apple.CFPasteboard:general] Will request data from daemon
2026-09-14 18:14:48.967 I  PeachCommander[23258:12e94] [com.apple.CFPasteboard:exit] (not-in-cache) - result: 0 generation: 2 data (306 bytes) flags: 0
2026-09-14 18:14:48.967 I  PeachCommander[23258:12e94] [com.apple.CFPasteboard:entry] CopyData('AppleIntlFileCacheModificationDatePasteboard' (<CFUUID 0x784c7ba60> 90B1E217-269B-4A3A-98B3-CC69525F5748) gen: -1 item: 1 flavor: '-32764 1802264953')
2026-09-14 18:14:48.967 I  PeachCommander[23258:12e94] [com.apple.CFPasteboard:general] Will request data from daemon
2026-09-14 18:14:48.967 I  PeachCommander[23258:12e94] [com.apple.CFPasteboard:exit] (not-in-cache) - result: 0 generation: 2 data (281 bytes) flags: 0
2026-09-14 18:14:48.967 I  PeachCommander[23258:12e94] [com.apple.CFPasteboard:entry] CopyData('AppleIntlFileCacheModificationDatePasteboard' (<CFUUID 0x784c7ba60> 90B1E217-269B-4A3A-98B3-CC69525F5748) gen: -1 item: 1 flavor: '-32763 1802264953')
2026-09-14 18:14:48.967 I  PeachCommander[23258:12e94] [com.apple.CFPasteboard:general] Will request data from daemon
2026-09-14 18:14:48.967 I  PeachCommander[23258:12e94] [com.apple.CFPasteboard:exit] (not-in-cache) - result: 0 generation: 2 data (318 bytes) flags: 0
2026-09-14 18:14:48.967 I  PeachCommander[23258:12e94] [com.apple.CFPasteboard:entry] CopyData('AppleIntlFileCacheModificationDatePasteboard' (<CFUUID 0x784c7ba60> 90B1E217-269B-4A3A-98B3-CC69525F5748) gen: -1 item: 1 flavor: '-32765 1768845414')
2026-09-14 18:14:48.967 I  PeachCommander[23258:12e94] [com.apple.CFPasteboard:general] Will request data from daemon
2026-09-14 18:14:48.967 I  PeachCommander[23258:12e94] [com.apple.CFPasteboard:exit] (not-in-cache) - result: 0 generation: 2 data (303 bytes) flags: 0
2026-09-14 18:14:48.967 I  PeachCommander[23258:12e94] [com.apple.CFPasteboard:entry] CopyData('AppleIntlFileCacheModificationDatePasteboard' (<CFUUID 0x784c7ba60> 90B1E217-269B-4A3A-98B3-CC69525F5748) gen: -1 item: 1 flavor: '-32763 1768845414')
2026-09-14 18:14:48.967 I  PeachCommander[23258:12e94] [com.apple.CFPasteboard:general] Will request data from daemon
2026-09-14 18:14:48.967 I  PeachCommander[23258:12e94] [com.apple.CFPasteboard:exit] (not-in-cache) - result: 0 generation: 2 data (315 bytes) flags: 0
2026-09-14 18:14:48.968 I  PeachCommander[23258:12e94] [com.apple.launchservices:cas] information in shared memory for 0x0-0x139139 with seed 535 was still valid, so using cached info { "ApplicationType"="Foreground", "BuildMachineOSBuild"="25E246", "BundleIdentifierLowerCase"="com.peachcommander.app", "CFBundleDevelopmentRegion"="en", "CFBundleDocumentTypes"=( { "CFBundleTypeName"="Peach Commander Plugin Package", "CFBundleTypeRole"="Viewer", "LSHandlerRank"="Owner", "LSItemContentTypes"=( "com.peachcommander.plugin-package") }), "CFBundleExecutable"="PeachCommander", "CFBundleExecutablePath"="/Users/admin/pc-test/PeachCommander.app/Contents/MacOS/PeachCommander", "CFBundleExecutablePathDeviceID"=16777229, "CFBundleExecutablePathINode"=487524, "CFBundleHelpBookFolder"="PeachCommander.help", "CFBundleHelpBookName"="Peach Commander Help", "CFBundleIconFile"="AppIcon", "CFBundleIconName"="AppIcon", "CFBundleIdentifier"="com.peachcommander.app", "CFBundleInfoDictionaryVersion"="6.0", "CFBundleName"="PeachCommander", "CFBundleNameLowerCase"="peachcommander", "CFBundleNumericVersion"=402685952, "CFBundlePackageType"="APPL", "CFBundleShortVersionString"="0.9.0", "CFBun<…>
2026-09-14 18:14:48.968 Df PeachCommander[23258:12e94] [com.apple.xpc:connection] [0x784c49e00] activating connection: mach=false listener=false peer=false name=com.apple.ViewBridgeAuxiliary
2026-09-14 18:14:48.973 Df PeachCommander[23258:12e94] [com.apple.xpc:connection] [0x784c49cc0] activating connection: mach=false listener=false peer=false name=(anonymous)
2026-09-14 18:14:48.973 Df PeachCommander[23258:12e94] [com.apple.xpc:connection] [0x784c49f40] activating connection: mach=false listener=true peer=false name=(anonymous)
2026-09-14 18:14:48.973 Df PeachCommander[23258:12e94] [com.apple.xpc:connection] [0x784c49f40] Connection returned listener port: 0xb803
2026-09-14 18:14:48.973 Df PeachCommander[23258:12e94] [com.apple.xpc:connection] [0x784c49e00] invalidated after the last release of the connection object
2026-09-14 18:14:48.974 I  PeachCommander[23258:12e94] [com.apple.showhide:pr-59900543] SHOWHIDE: SHOW id=520 0x0-0x139139, err=0 eventTime=1594097131291 windowID=0
2026-09-14 18:14:48.974 I  PeachCommander[23258:12e94] [com.apple.CarbonCore:coreservicesdaemon] findOrCreateCacheable():findOrCreateCacheable(), factoryName=3 cacheableName=<private> fCacheables.size()=0
2026-09-14 18:14:48.974 I  PeachCommander[23258:12e94] [com.apple.CarbonCore:coreservicesdaemon] findOrCreateCacheable():findOrCreateCacheable(), result = 0x784c3bb80 (should be non-NULL)
2026-09-14 18:14:48.974 Df PeachCommander[23258:12e94] [com.apple.AppKit:AutomaticTermination] void _NSDisableAutomaticTerminationAndLog(NSString *) Restoring windows
2026-09-14 18:14:48.974 Df PeachCommander[23258:12e94] [com.apple.AppKit:StateRestoration] -[NSApplication _reopenWindowsAsNecessaryIncludingRestorableState:withFullFidelity:completionHandler:] shouldRestoreState=1 hasPersistentStateToRestore=0 shouldStillRestoreStateAfterPrompting=0
2026-09-14 18:14:48.974 Df PeachCommander[23258:12e94] [com.apple.xpc:connection] [0x784c49e00] activating connection: mach=true listener=false peer=false name=com.apple.window_proxies
2026-09-14 18:14:48.974 Df PeachCommander[23258:12e94] [com.apple.xpc:connection] [0x784c49e00] invalidated because the current process cancelled the connection by calling xpc_connection_cancel()
2026-09-14 18:14:48.974 I  PeachCommander[23258:12e94] [com.apple.SkyLight:processes] 0[outside of RPC]: SLSSetFrontProcessWithInfo(0x0-0x2 window=0 options=0x1
2026-09-14 18:14:48.975 I  PeachCommander[23258:12e94] [com.apple.CoreAnalytics:client] Dropping "com.apple.appkit.app_config" as it isn't used in any transform (not in the config or budgeted?)
2026-09-14 18:14:48.975 Df PeachCommander[23258:12e94] [com.apple.AppKit:AutomaticTermination] void _NSEnableAutomaticTerminationAndLog(NSString *) Restoring windows
2026-09-14 18:14:48.977 I  PeachCommander[23258:12e94] [com.apple.CoreAnalytics:client] Dropping "com.apple.appkit.app_config" as it isn't used in any transform (not in the config or budgeted?)
2026-09-14 18:14:48.977 I  PeachCommander[23258:12e94] [com.apple.CoreAnalytics:client] Dropping "com.apple.appkit.app_config" as it isn't used in any transform (not in the config or budgeted?)
2026-09-14 18:14:48.986 A  PeachCommander[23258:12e94] (CoreFoundation) Loading Preferences From User CFPrefsD
2026-09-14 18:14:48.991 I  PeachCommander[23258:12e94] [com.peachcommander:PCFoundation] VolumeManager initialized
2026-09-14 18:14:49.006 Df PeachCommander[23258:12e94] [com.apple.BoardServices:XPCErrors] [C:1] Alloc <private>
2026-09-14 18:14:49.006 Df PeachCommander[23258:12e94] [com.apple.xpc:connection] [0x784efd180] activating connection: mach=false listener=false peer=false name=(anonymous)
2026-09-14 18:14:49.007 I  PeachCommander[23258:12e94] [com.apple.AppKit:Window] context (0 -> 62b1ef4a) for window 4db
2026-09-14 18:14:49.008 Df PeachCommander[23258:12e9b] [com.apple.corespotlight:index] (<private>) deleteSearchableItemsWithDomainIdentifiers, protectionClass:(null), domainIdentifiers number:1
2026-09-14 18:14:49.008 A  PeachCommander[23258:12e9b] (CoreSpotlight) delete-domains
2026-09-14 18:14:49.008 Df PeachCommander[23258:12e9b] [com.apple.corespotlight:index] CSInlineDonation:<private>: Skipping donation (feature flag disabled)
2026-09-14 18:14:49.008 Df PeachCommander[23258:12e9b] (CoreSpotlight) sConnectionName: com.apple.spotlight.IndexAgent
2026-09-14 18:14:49.008 Df PeachCommander[23258:12e9b] (CoreSpotlight) Start service name com.apple.spotlight.IndexAgent
2026-09-14 18:14:49.008 Df PeachCommander[23258:12e9b] [com.apple.xpc:connection] [0x784efd400] activating connection: mach=true listener=false peer=false name=com.apple.spotlight.IndexAgent
2026-09-14 18:14:49.008 I  PeachCommander[23258:12e94] [com.peachcommander:PCFoundation] MainWindowController initialized (config: <private>)
2026-09-14 18:14:49.009 I  PeachCommander[23258:12e94] [com.peachcommander:PCFoundation] SelectionState initialized
2026-09-14 18:14:49.009 I  PeachCommander[23258:12e94] [com.peachcommander:PCFoundation] DirectoryModel initialized
2026-09-14 18:14:49.009 I  PeachCommander[23258:12e94] [com.peachcommander:PCFoundation] VolumeManager initialized
2026-09-14 18:14:49.009 I  PeachCommander[23258:12e94] [com.peachcommander:PCFoundation] PanelController initialized for <private> panel
2026-09-14 18:14:49.009 I  PeachCommander[23258:12e94] [com.peachcommander:PCFoundation] SelectionState initialized
2026-09-14 18:14:49.009 I  PeachCommander[23258:12e94] [com.peachcommander:PCFoundation] DirectoryModel initialized
2026-09-14 18:14:49.009 I  PeachCommander[23258:12e94] [com.peachcommander:PCFoundation] VolumeManager initialized
2026-09-14 18:14:49.009 I  PeachCommander[23258:12e94] [com.peachcommander:PCFoundation] PanelController initialized for <private> panel
2026-09-14 18:14:49.013 I  PeachCommander[23258:12e94] [com.apple.AppKit:Animation] Running new animation: <private>
2026-09-14 18:14:49.013 I  PeachCommander[23258:12e94] [com.apple.AppKit:Animation] Running new animation: <private>
2026-09-14 18:14:49.013 I  PeachCommander[23258:12e94] [com.apple.AppKit:Animation] Running new animation: <private>
2026-09-14 18:14:49.013 I  PeachCommander[23258:12e94] [com.apple.AppKit:Animation] Running new animation: <private>
2026-09-14 18:14:49.013 I  PeachCommander[23258:12e94] [com.apple.AppKit:Animation] Running new animation: <private>
2026-09-14 18:14:49.014 I  PeachCommander[23258:12e94] [com.apple.AppKit:Animation] Running new animation: <private>
2026-09-14 18:14:49.014 I  PeachCommander[23258:12e94] [com.apple.AppKit:Animation] Running new animation: <private>
2026-09-14 18:14:49.014 I  PeachCommander[23258:12e94] [com.apple.AppKit:Animation] Running new animation: <private>
2026-09-14 18:14:49.014 I  PeachCommander[23258:12e94] [com.apple.AppKit:Animation] Running new animation: <private>
2026-09-14 18:14:49.014 I  PeachCommander[23258:12e94] [com.apple.AppKit:Animation] Running new animation: <private>
2026-09-14 18:14:49.015 A  PeachCommander[23258:12e9b] (RunningBoardServices) didChangeInheritances
2026-09-14 18:14:49.020 I  PeachCommander[23258:12e94] [com.apple.CoreAnalytics:client] Dropping "com.apple.appkit.app_config" as it isn't used in any transform (not in the config or budgeted?)
2026-09-14 18:14:49.021 I  PeachCommander[23258:12e94] [com.apple.CoreAnalytics:client] Dropping "com.apple.appkit.app_config" as it isn't used in any transform (not in the config or budgeted?)
2026-09-14 18:14:49.026 I  PeachCommander[23258:12e94] [com.apple.launchservices:datasep] application record search init. Node: <FSNode 0x784982b40> { isDir = ?, path = <private> } bundleID: (null) itemID: 0
2026-09-14 18:14:49.027 I  PeachCommander[23258:12e94] [com.apple.GenerativeModels:availability] Current availability state: unavailable, use cases: com.apple.Settings.AppleIntelligence,com.apple.Siri.NLRouter, language: en, api: <private>
2026-09-14 18:14:49.027 Df PeachCommander[23258:12e94] [com.apple.GenerativeModels:availability] isOkayToHaveAsset: False
2026-09-14 18:14:49.027 E  PeachCommander[23258:12e94] [com.apple.siri:Utility] AFIsDeviceGreymatterEligible Missing entitlements for os_eligibility lookup
2026-09-14 18:14:49.028 I  PeachCommander[23258:12e94] [com.apple.GenerativeModels:availability] Current availability state: unavailable, use cases: com.apple.Settings.AppleIntelligence, language: en, api: <private>
2026-09-14 18:14:49.028 Df PeachCommander[23258:12e94] [com.apple.GenerativeModels:availability] isOkayToHaveAsset: False
2026-09-14 18:14:49.028 Df PeachCommander[23258:12e94] [com.apple.siri:Utility] -[AFSystemAssistantExperienceStatusManager fetchGenerativeModelsAvailability] #SAEStatus #cacheUpdate Updating cache:
deviceSupportsSAE: 0 (0)
       saeEnabled: 0 (0)
     saeAvailable: 0 (0)
      swaiEnabled: 0 (0)
        viEnabled: 0 (0)
        siriAvailability:
        <private>
        ((null))
2026-09-14 18:14:49.028 Df PeachCommander[23258:12e94] [com.apple.xpc:connection] [0x784a18140] activating connection: mach=true listener=false peer=false name=com.apple.iconservices
2026-09-14 18:14:49.028 Df PeachCommander[23258:12e94] [com.apple.xpc:connection] [0x784a18280] activating connection: mach=true listener=false peer=false name=com.apple.iconservices.store
2026-09-14 18:14:49.032 I  PeachCommander[23258:12e94] [com.peachcommander:Theme] no user themes in /Users/admin/pc-cfg/themes
2026-09-14 18:14:49.032 Df PeachCommander[23258:12e94] [com.apple.AppKit:Appearance] Invalidate NSApp effectiveAppearance
2026-09-14 18:14:49.032 Df PeachCommander[23258:12e94] [com.apple.AppKit:Appearance] NSApp cache appearance:
-NSRequiresAquaSystemAppearance: 0
-appearance: <NSCompositeAppearance: 0x7850819a0
 (
    "<NSDarkAquaAppearance: 0x785081a40>",
    "<NSSystemAppearance: 0x7850806e0>"
)>
-effectiveAppearance: <NSCompositeAppearance: 0x7850819a0
 (
    "<NSDarkAquaAppearance: 0x785081a40>",
    "<NSSystemAppearance: 0x7850806e0>"
)>
2026-09-14 18:14:49.033 A  PeachCommander[23258:12e9e] (libsystem_info.dylib) Retrieve Group by ID
2026-09-14 18:14:49.034 I  PeachCommander[23258:12e94] [com.peachcommander:PCFoundation] Theme applied: id=norton, appearance=dark, dark=true, background=#0000AA
2026-09-14 18:14:49.057 I  PeachCommander[23258:12e94] [com.apple.iconservices:foundation] layer data size zero
2026-09-14 18:14:49.057 I  PeachCommander[23258:12e94] [com.apple.CoreAnalytics:client] Dropping "com.apple.appkit.app_config" as it isn't used in any transform (not in the config or budgeted?)
2026-09-14 18:14:49.061 I  PeachCommander[23258:12e94] [com.peachcommander:PCFoundation] Keymap loaded: scheme=<private>, 82 effective bindings
2026-09-14 18:14:49.062 I  PeachCommander[23258:12e94] [com.apple.AppKit:Animation] Running new animation: <private>
2026-09-14 18:14:49.062 I  PeachCommander[23258:12e94] [com.apple.AppKit:Animation] Running new animation: <private>
2026-09-14 18:14:49.062 I  PeachCommander[23258:12e94] [com.apple.AppKit:Animation] Running new animation: <private>
2026-09-14 18:14:49.062 I  PeachCommander[23258:12e94] [com.apple.AppKit:Animation] Running new animation: <private>
2026-09-14 18:14:49.062 I  PeachCommander[23258:12e94] [com.apple.AppKit:Animation] Running new animation: <private>
2026-09-14 18:14:49.063 I  PeachCommander[23258:12e94] [com.apple.AppKit:Animation] Running new animation: <private>
2026-09-14 18:14:49.063 I  PeachCommander[23258:12e94] [com.apple.AppKit:Animation] Running new animation: <private>
2026-09-14 18:14:49.063 I  PeachCommander[23258:12e94] [com.apple.AppKit:Animation] Running new animation: <private>
2026-09-14 18:14:49.063 I  PeachCommander[23258:12e94] [com.apple.AppKit:Animation] Running new animation: <private>
2026-09-14 18:14:49.063 I  PeachCommander[23258:12e94] [com.apple.AppKit:Animation] Running new animation: <private>
2026-09-14 18:14:49.065 I  PeachCommander[23258:12e94] [com.apple.CoreAnalytics:client] Dropping "<private>" as it isn't used in any transform (not in the config or budgeted?)
2026-09-14 18:14:49.065 I  PeachCommander[23258:12e94] [com.apple.CoreAnalytics:client] Dropping "<private>" as it isn't used in any transform (not in the config or budgeted?)
2026-09-14 18:14:49.066 I  PeachCommander[23258:12e94] [com.apple.CoreAnalytics:client] Dropping "<private>" as it isn't used in any transform (not in the config or budgeted?)
2026-09-14 18:14:49.066 I  PeachCommander[23258:12e94] [com.peachcommander:PCFoundation] MainWindowController window loaded
2026-09-14 18:14:49.066 I  PeachCommander[23258:12e94] [com.apple.launchservices:cas] information in shared memory for 0x0-0x139139 with seed 535 was still valid, so using cached info { "ApplicationType"="Foreground", "BuildMachineOSBuild"="25E246", "BundleIdentifierLowerCase"="com.peachcommander.app", "CFBundleDevelopmentRegion"="en", "CFBundleDocumentTypes"=( { "CFBundleTypeName"="Peach Commander Plugin Package", "CFBundleTypeRole"="Viewer", "LSHandlerRank"="Owner", "LSItemContentTypes"=( "com.peachcommander.plugin-package") }), "CFBundleExecutable"="PeachCommander", "CFBundleExecutablePath"="/Users/admin/pc-test/PeachCommander.app/Contents/MacOS/PeachCommander", "CFBundleExecutablePathDeviceID"=16777229, "CFBundleExecutablePathINode"=487524, "CFBundleHelpBookFolder"="PeachCommander.help", "CFBundleHelpBookName"="Peach Commander Help", "CFBundleIconFile"="AppIcon", "CFBundleIconName"="AppIcon", "CFBundleIdentifier"="com.peachcommander.app", "CFBundleInfoDictionaryVersion"="6.0", "CFBundleName"="PeachCommander", "CFBundleNameLowerCase"="peachcommander", "CFBundleNumericVersion"=402685952, "CFBundlePackageType"="APPL", "CFBundleShortVersionString"="0.9.0", "CFBun<…>
2026-09-14 18:14:49.066 I  PeachCommander[23258:12e94] [com.apple.launchservices:cas] information in shared memory for 0x0-0x139139 with seed 535 was still valid, so using cached info { "ApplicationType"="Foreground", "BuildMachineOSBuild"="25E246", "BundleIdentifierLowerCase"="com.peachcommander.app", "CFBundleDevelopmentRegion"="en", "CFBundleDocumentTypes"=( { "CFBundleTypeName"="Peach Commander Plugin Package", "CFBundleTypeRole"="Viewer", "LSHandlerRank"="Owner", "LSItemContentTypes"=( "com.peachcommander.plugin-package") }), "CFBundleExecutable"="PeachCommander", "CFBundleExecutablePath"="/Users/admin/pc-test/PeachCommander.app/Contents/MacOS/PeachCommander", "CFBundleExecutablePathDeviceID"=16777229, "CFBundleExecutablePathINode"=487524, "CFBundleHelpBookFolder"="PeachCommander.help", "CFBundleHelpBookName"="Peach Commander Help", "CFBundleIconFile"="AppIcon", "CFBundleIconName"="AppIcon", "CFBundleIdentifier"="com.peachcommander.app", "CFBundleInfoDictionaryVersion"="6.0", "CFBundleName"="PeachCommander", "CFBundleNameLowerCase"="peachcommander", "CFBundleNumericVersion"=402685952, "CFBundlePackageType"="APPL", "CFBundleShortVersionString"="0.9.0", "CFBun<…>
2026-09-14 18:14:49.074 I  PeachCommander[23258:12e94] [com.apple.AppKit:Window] order window front conditionally: 4db related: 0
2026-09-14 18:14:49.074 Df PeachCommander[23258:12e94] [com.apple.AppKit:AutomaticTermination] void _NSEnableAutomaticTerminationAndLog(NSString *) No windows open yet
2026-09-14 18:14:49.075 I  PeachCommander[23258:12e94] [com.apple.AppKit:Intelligence] starting collection observation
2026-09-14 18:14:49.075 Df PeachCommander[23258:12e9b] [com.apple.UIIntelligenceSupport:xpc] establishing connection to agent
2026-09-14 18:14:49.075 Df PeachCommander[23258:12e9b] [com.apple.xpc:session] [0x785cfd5e0] Session created.
2026-09-14 18:14:49.075 Df PeachCommander[23258:12e9b] [com.apple.xpc:session] [0x785cfd5e0] Session created from connection [0x784a1a440]
2026-09-14 18:14:49.075 Df PeachCommander[23258:12e9b] [com.apple.xpc:connection] [0x784a1a440] activating connection: mach=true listener=false peer=false name=com.apple.uiintelligencesupport.agent
2026-09-14 18:14:49.075 Df PeachCommander[23258:12e9b] [com.apple.xpc:session] [0x785cfd5e0] Session activated
2026-09-14 18:14:49.075 I  PeachCommander[23258:12e94] [com.apple.SkyLight:processes] 0[outside of RPC]: SLSSetFrontProcessWithInfo(0x0-0x2 window=0 options=0x1
2026-09-14 18:14:49.076 Df PeachCommander[23258:12e9e] [com.apple.UIIntelligenceSupport:xpc] Connection established with agent PID: 1211
2026-09-14 18:14:49.076 I  PeachCommander[23258:12e94] [com.apple.launchservices:cas] information in shared memory for 0x0-0x139139 with seed 535 was still valid, so using cached info { "ApplicationType"="Foreground", "BuildMachineOSBuild"="25E246", "BundleIdentifierLowerCase"="com.peachcommander.app", "CFBundleDevelopmentRegion"="en", "CFBundleDocumentTypes"=( { "CFBundleTypeName"="Peach Commander Plugin Package", "CFBundleTypeRole"="Viewer", "LSHandlerRank"="Owner", "LSItemContentTypes"=( "com.peachcommander.plugin-package") }), "CFBundleExecutable"="PeachCommander", "CFBundleExecutablePath"="/Users/admin/pc-test/PeachCommander.app/Contents/MacOS/PeachCommander", "CFBundleExecutablePathDeviceID"=16777229, "CFBundleExecutablePathINode"=487524, "CFBundleHelpBookFolder"="PeachCommander.help", "CFBundleHelpBookName"="Peach Commander Help", "CFBundleIconFile"="AppIcon", "CFBundleIconName"="AppIcon", "CFBundleIdentifier"="com.peachcommander.app", "CFBundleInfoDictionaryVersion"="6.0", "CFBundleName"="PeachCommander", "CFBundleNameLowerCase"="peachcommander", "CFBundleNumericVersion"=402685952, "CFBundlePackageType"="APPL", "CFBundleShortVersionString"="0.9.0", "CFBun<…>
2026-09-14 18:14:49.076 Df PeachCommander[23258:12e94] [com.apple.xpc:connection] [0x784a1a580] activating connection: mach=true listener=false peer=false name=com.apple.FileCoordination
2026-09-14 18:14:49.077 Df PeachCommander[23258:12e9e] [com.apple.foundation.filecoordination:presenter] Adding presenter 582CDB9B-65A7-4CB0-B504-5BB958447C48 for URL: <private>
2026-09-14 18:14:49.077 I  PeachCommander[23258:12e94] [com.apple.launchservices:cas] information in shared memory for 0x0-0x139139 with seed 535 was still valid, so using cached info { "ApplicationType"="Foreground", "BuildMachineOSBuild"="25E246", "BundleIdentifierLowerCase"="com.peachcommander.app", "CFBundleDevelopmentRegion"="en", "CFBundleDocumentTypes"=( { "CFBundleTypeName"="Peach Commander Plugin Package", "CFBundleTypeRole"="Viewer", "LSHandlerRank"="Owner", "LSItemContentTypes"=( "com.peachcommander.plugin-package") }), "CFBundleExecutable"="PeachCommander", "CFBundleExecutablePath"="/Users/admin/pc-test/PeachCommander.app/Contents/MacOS/PeachCommander", "CFBundleExecutablePathDeviceID"=16777229, "CFBundleExecutablePathINode"=487524, "CFBundleHelpBookFolder"="PeachCommander.help", "CFBundleHelpBookName"="Peach Commander Help", "CFBundleIconFile"="AppIcon", "CFBundleIconName"="AppIcon", "CFBundleIdentifier"="com.peachcommander.app", "CFBundleInfoDictionaryVersion"="6.0", "CFBundleName"="PeachCommander", "CFBundleNameLowerCase"="peachcommander", "CFBundleNumericVersion"=402685952, "CFBundlePackageType"="APPL", "CFBundleShortVersionString"="0.9.0", "CFBun<…>
2026-09-14 18:14:49.079 I  PeachCommander[23258:12e94] [com.apple.AppKit:Window] order all windows front 1594097131291
2026-09-14 18:14:49.079 I  PeachCommander[23258:12e94] [com.apple.launchservices:cas] information in shared memory for 0x0-0x139139 with seed 535 was still valid, so using cached info { "ApplicationType"="Foreground", "BuildMachineOSBuild"="25E246", "BundleIdentifierLowerCase"="com.peachcommander.app", "CFBundleDevelopmentRegion"="en", "CFBundleDocumentTypes"=( { "CFBundleTypeName"="Peach Commander Plugin Package", "CFBundleTypeRole"="Viewer", "LSHandlerRank"="Owner", "LSItemContentTypes"=( "com.peachcommander.plugin-package") }), "CFBundleExecutable"="PeachCommander", "CFBundleExecutablePath"="/Users/admin/pc-test/PeachCommander.app/Contents/MacOS/PeachCommander", "CFBundleExecutablePathDeviceID"=16777229, "CFBundleExecutablePathINode"=487524, "CFBundleHelpBookFolder"="PeachCommander.help", "CFBundleHelpBookName"="Peach Commander Help", "CFBundleIconFile"="AppIcon", "CFBundleIconName"="AppIcon", "CFBundleIdentifier"="com.peachcommander.app", "CFBundleInfoDictionaryVersion"="6.0", "CFBundleName"="PeachCommander", "CFBundleNameLowerCase"="peachcommander", "CFBundleNumericVersion"=402685952, "CFBundlePackageType"="APPL", "CFBundleShortVersionString"="0.9.0", "CFBun<…>
2026-09-14 18:14:49.079 I  PeachCommander[23258:12e94] [com.apple.showhide:pr-59900543] SHOWHIDE: CONFIRM, id=520, err=0
2026-09-14 18:14:49.079 I  PeachCommander[23258:12e94] [com.apple.AppKit:Window] context (0 -> 15720633) for window 4da
2026-09-14 18:14:49.079 I  PeachCommander[23258:12e94] [com.apple.AppKit:Window] context (0 -> fe1efacd) for window 4d9
2026-09-14 18:14:49.079 I  PeachCommander[23258:12e94] [com.apple.AppKit:Window] context (0 -> cde57cd9) for window 4d8
2026-09-14 18:14:49.079 I  PeachCommander[23258:12e94] [com.apple.AppKit:Window] context (0 -> 9bfc33c7) for window 4d7
2026-09-14 18:14:49.096 I  PeachCommander[23258:12e94] [com.apple.iconservices:foundation] layer data size zero
2026-09-14 18:14:49.103 Df PeachCommander[23258:12e94] [com.apple.AppKit:AutomaticTermination] void _updateToReflectAutomaticTerminationState(void) Setting _kLSApplicationWouldBeTerminatedByTALKey=0
2026-09-14 18:14:49.104 I  PeachCommander[23258:12e94] [com.apple.runningboard:assertion] Acquiring assertion: <RBSAssertionDescriptor| "AppNap adapter assertion" ID:(null) target:23258>
2026-09-14 18:14:49.139 A  PeachCommander[23258:12ea5] (RunningBoardServices) didChangeInheritances
2026-09-14 18:14:49.165 Df PeachCommander[23258:12e94] [com.apple.libsystem.libdispatch:] DEPRECATED USE in libdispatch client: dispatch source activated with no event handler set; set a breakpoint on _dispatch_bug_deprecated to debug
2026-09-14 18:14:49.254 I  PeachCommander[23258:12e94] [com.apple.coreanimation:Utilities] IOSurface Compression Enabled: NO
2026-09-14 18:14:49.255 Df PeachCommander[23258:12ea4] [com.apple.coreanimation:Metal] Precompiled pipelines disabled on unsupported hardware.
2026-09-14 18:14:49.266 I  PeachCommander[23258:12e94] [com.apple.CarbonCore:gestalt] SetGestaltValuesBulk SetGestaltValuesBulk( count=22 tuples=0x18b4fe650
2026-09-14 18:14:49.266 I  PeachCommander[23258:12e94] [com.apple.CarbonCore:gestalt] SetGestaltValue SetGestaltValue(alis 1C9) => 0
2026-09-14 18:14:49.266 I  PeachCommander[23258:12e94] [com.apple.CarbonCore:gestalt] SetGestaltValue SetGestaltValue(os   FE) => 0
2026-09-14 18:14:49.266 I  PeachCommander[23258:12e94] [com.apple.CarbonCore:gestalt] SetGestaltValue SetGestaltValue(addr 7) => 0
2026-09-14 18:14:49.266 I  PeachCommander[23258:12e94] [com.apple.CarbonCore:gestalt] SetGestaltValue SetGestaltValue(fs   3D332) => 0
2026-09-14 18:14:49.266 I  PeachCommander[23258:12e94] [com.apple.CarbonCore:gestalt] SetGestaltValue SetGestaltValue(fold 11) => 0
2026-09-14 18:14:49.266 I  PeachCommander[23258:12e94] [com.apple.CarbonCore:gestalt] SetGestaltValue SetGestaltValue(lram 7FFFF000) => 0
2026-09-14 18:14:49.266 I  PeachCommander[23258:12e94] [com.apple.CarbonCore:gestalt] SetGestaltValue SetGestaltValue(mmap 1) => 0
2026-09-14 18:14:49.266 I  PeachCommander[23258:12e94] [com.apple.CarbonCore:gestalt] SetGestaltValue SetGestaltValue(cfrg 1) => 0
2026-09-14 18:14:49.266 I  PeachCommander[23258:12e94] [com.apple.CarbonCore:gestalt] SetGestaltValue SetGestaltValue(thds 7) => 0
2026-09-14 18:14:49.266 I  PeachCommander[23258:12e94] [com.apple.CarbonCore:gestalt] SetGestaltValue SetGestaltValue(tmgr E) => 0
2026-09-14 18:14:49.266 I  PeachCommander[23258:12e94] [com.apple.CarbonCore:gestalt] SetGestaltValue SetGestaltValue(vers 7) => 0
2026-09-14 18:14:49.266 I  PeachCommander[23258:12e94] [com.apple.CarbonCore:gestalt] SetGestaltValue SetGestaltValue(cbon 160) => 0
2026-09-14 18:14:49.266 I  PeachCommander[23258:12e94] [com.apple.CarbonCore:gestalt] SetGestaltValue SetGestaltValue(cltn 1108000) => 0
2026-09-14 18:14:49.266 I  PeachCommander[23258:12e94] [com.apple.CarbonCore:gestalt] SetGestaltValue SetGestaltValue(cpnt 8) => 0
2026-09-14 18:14:49.266 I  PeachCommander[23258:12e94] [com.apple.CarbonCore:gestalt] SetGestaltValue SetGestaltValue(rsrc 3) => 0
2026-09-14 18:14:49.266 I  PeachCommander[23258:12e94] [com.apple.CarbonCore:gestalt] SetGestaltValue SetGestaltValue(rmbg 11F) => 0
2026-09-14 18:14:49.266 I  PeachCommander[23258:12e94] [com.apple.CarbonCore:gestalt] SetGestaltValue SetGestaltValue(vm   11) => 0
2026-09-14 18:14:49.266 I  PeachCommander[23258:12e94] [com.apple.CarbonCore:gestalt] SetGestaltValue SetGestaltValue(srad 4170706C) => 0
2026-09-14 18:14:49.266 I  PeachCommander[23258:12e94] [com.apple.CarbonCore:gestalt] SetGestaltValue SetGestaltValue(sysa 14) => 0
2026-09-14 18:14:49.266 I  PeachCommander[23258:12e94] [com.apple.CarbonCore:gestalt] SetGestaltValue SetGestaltValue(copl 9) => 0
2026-09-14 18:14:49.266 I  PeachCommander[23258:12e94] [com.apple.CarbonCore:gestalt] SetGestaltValue SetGestaltValue(xlat 0) => 0
2026-09-14 18:14:49.266 I  PeachCommander[23258:12e94] [com.apple.CarbonCore:gestalt] SetGestaltValue SetGestaltValue(stdf 0) => 0
2026-09-14 18:14:49.266 I  PeachCommander[23258:12e94] [com.apple.CarbonCore:gestalt] _NewGestalt _NewGestalt(ram  0x18b477644) => 0
2026-09-14 18:14:49.266 I  PeachCommander[23258:12e94] [com.apple.CarbonCore:gestalt] _NewGestalt _NewGestalt(ramm 0x18b477644) => 0
2026-09-14 18:14:49.266 I  PeachCommander[23258:12e94] [com.apple.CarbonCore:gestalt] _NewGestalt _NewGestalt(cput 0x18b477734) => 0
2026-09-14 18:14:49.266 I  PeachCommander[23258:12e94] [com.apple.CarbonCore:gestalt] _NewGestalt _NewGestalt(cpuf 0x18b477764) => 0
2026-09-14 18:14:49.266 I  PeachCommander[23258:12e94] [com.apple.CarbonCore:gestalt] _NewGestalt _NewGestalt(bclk 0x18b477794) => 0
2026-09-14 18:14:49.266 I  PeachCommander[23258:12e94] [com.apple.CarbonCore:gestalt] _NewGestalt _NewGestalt(bclm 0x18b477794) => 0
2026-09-14 18:14:49.266 I  PeachCommander[23258:12e94] [com.apple.CarbonCore:gestalt] _NewGestalt _NewGestalt(pclk 0x18b477834) => 0
2026-09-14 18:14:49.266 I  PeachCommander[23258:12e94] [com.apple.CarbonCore:gestalt] _NewGestalt _NewGestalt(mclk 0x18b477834) => 0
2026-09-14 18:14:49.266 I  PeachCommander[23258:12e94] [com.apple.CarbonCore:gestalt] _NewGestalt _NewGestalt(a/ux 0x18b47794c) => 0
2026-09-14 18:14:49.266 I  PeachCommander[23258:12e94] [com.apple.CarbonCore:gestalt] _NewGestalt _NewGestalt(pgsz 0x18b477954) => 0
2026-09-14 18:14:49.266 I  PeachCommander[23258:12e94] [com.apple.CarbonCore:gestalt] _NewGestalt _NewGestalt(csiz 0x18b477994) => 0
2026-09-14 18:14:49.266 I  PeachCommander[23258:12e94] [com.apple.CarbonCore:gestalt] _NewGestalt _NewGestalt(sysv 0x18b422dfc) => 0
2026-09-14 18:14:49.266 I  PeachCommander[23258:12e94] [com.apple.CarbonCore:gestalt] _NewGestalt _NewGestalt(sys1 0x18b422dfc) => 0
2026-09-14 18:14:49.266 I  PeachCommander[23258:12e94] [com.apple.CarbonCore:gestalt] _NewGestalt _NewGestalt(sys2 0x18b422dfc) => 0
2026-09-14 18:14:49.266 I  PeachCommander[23258:12e94] [com.apple.CarbonCore:gestalt] _NewGestalt _NewGestalt(sys3 0x18b422dfc) => 0
2026-09-14 18:14:49.266 I  PeachCommander[23258:12e94] [com.apple.CarbonCore:gestalt] _NewGestalt _NewGestalt(cdfl 0x18b4779d4) => 0
2026-09-14 18:14:49.266 I  PeachCommander[23258:12e94] [com.apple.CarbonCore:gestalt] _NewGestalt _NewGestalt(cdrm 0x18b477c30) => 0
2026-09-14 18:14:49.266 I  PeachCommander[23258:12e94] [com.apple.CarbonCore:gestalt] _NewGestalt _NewGestalt(cpus 0x18b477c78) => 0
2026-09-14 18:14:49.266 I  PeachCommander[23258:12e94] [com.apple.CarbonCore:gestalt] SetGestaltValue SetGestaltValue(swex 1) => 0
2026-09-14 18:14:49.266 Df PeachCommander[23258:12e94] [com.apple.xpc:connection] [0x784a1b980] activating connection: mach=false listener=false peer=false name=com.apple.hiservices-xpcservice
2026-09-14 18:14:49.267 I  PeachCommander[23258:12e94] [com.apple.CFPasteboard:entry] CopyData('ApplePerContextInputPasteboard' (<CFUUID 0x784b8bca0> F4A8924D-791F-4E5B-BA3E-1BF8B297C33F) gen: -1 item: 1264739405 flavor: 'ApplePerContextInputFlavor')
2026-09-14 18:14:49.267 I  PeachCommander[23258:12e94] [com.apple.CFPasteboard:cache] Rebuilding cache for 'ApplePerContextInputPasteboard' (<CFUUID 0x784b8bca0> F4A8924D-791F-4E5B-BA3E-1BF8B297C33F)
2026-09-14 18:14:49.267 I  PeachCommander[23258:12e94] [com.apple.CFPasteboard:general] Will request data from daemon
2026-09-14 18:14:49.267 I  PeachCommander[23258:12e94] [com.apple.CFPasteboard:exit] (not-in-cache) - result: 0 generation: 1 data (182 bytes) flags: 0
2026-09-14 18:14:49.267 I  PeachCommander[23258:12e94] [com.apple.CFPasteboard:entry] CopyData('DefaultAsciiKeyboardLayoutPasteboard' (<CFUUID 0x784c7ba20> 65CFC74D-4032-445C-BB07-43C96FC9876E) gen: -1 item: 1264739405 flavor: 'DefaultAsciiKeyboardLayoutFlavor')
2026-09-14 18:14:49.267 I  PeachCommander[23258:12e94] [com.apple.CFPasteboard:exit] (not-in-cache) - result: -8 generation: 0 null data flags: 0
2026-09-14 18:14:49.269 I  PeachCommander[23258:12e94] [com.apple.AppKit:Window] context (0 -> 2108e1e3) for window 4dc
2026-09-14 18:14:49.269 Df PeachCommander[23258:12e94] [com.apple.inputmethodkitClient:Client] +[IMKClient subclass]: chose IMKClient_Modern
2026-09-14 18:14:49.269 Df PeachCommander[23258:12e94] [com.apple.BoardServices:XPCErrors] [C:2] Alloc com.apple.backboard.hid-services.xpc
2026-09-14 18:14:49.269 Df PeachCommander[23258:12e94] [com.apple.xpc:connection] [0x784a1bac0] activating connection: mach=false listener=false peer=false name=(anonymous)
2026-09-14 18:14:49.270 E  PeachCommander[23258:12ea5] [com.apple.BaseBoard:Common] Unable to obtain a task name port right for pid 165: (os/kern) failure (0x5)
2026-09-14 18:14:49.270 Df PeachCommander[23258:12ea5] [com.apple.xpc:connection] [0x784a1a940] activating connection: mach=false listener=false peer=false name=com.apple.TextInputUI.xpc.CursorUIViewService
2026-09-14 18:14:49.270 Df PeachCommander[23258:12e9a] [com.apple.xpc:connection] [0x784a1a940] invalidated after the last release of the connection object
2026-09-14 18:14:49.270 I  PeachCommander[23258:12e94] [com.apple.CFPasteboard:entry] CopyData('DefaultAsciiKeyboardLayoutPasteboard' (<CFUUID 0x784c7ba20> 65CFC74D-4032-445C-BB07-43C96FC9876E) gen: -1 item: 1264739405 flavor: 'DefaultAsciiKeyboardLayoutFlavor')
2026-09-14 18:14:49.270 I  PeachCommander[23258:12e94] [com.apple.CFPasteboard:exit] (not-in-cache) - result: -8 generation: 0 null data flags: 0
2026-09-14 18:14:49.271 Df PeachCommander[23258:12e94] [com.apple.xpc:connection] [0x784a1a6c0] activating connection: mach=false listener=false peer=false name=(anonymous)
2026-09-14 18:14:49.271 Df PeachCommander[23258:12e94] [com.apple.xpc:connection] [0x784a1a940] activating connection: mach=false listener=false peer=false name=com.apple.ViewBridgeAuxiliary
2026-09-14 18:14:49.271 Df PeachCommander[23258:12e94] [com.apple.xpc:connection] [0x784a1a1c0] activating connection: mach=false listener=false peer=false name=(anonymous)
2026-09-14 18:14:49.271 Df PeachCommander[23258:12e94] [com.apple.xpc:connection] [0x784a1a940] invalidated after the last release of the connection object
2026-09-14 18:14:49.285 Df PeachCommander[23258:12e94] [com.apple.TextInputUI:CursorUI] -[TUINSCursorUIController activate:]_block_invoke: Create CursorUIViewService: TUINSRemoteViewController
2026-09-14 18:14:49.286 I  PeachCommander[23258:12e94] [com.apple.AppKit:Window] window <TUINSWindow: 0x786428280> windowNumber=4dc finishing close
2026-09-14 18:14:49.286 I  PeachCommander[23258:12e94] [com.apple.AppKit:Window] order window: 4dc op: 0 relative: 0 related: 0
2026-09-14 18:14:49.288 A  PeachCommander[23258:12ea5] (CoreFoundation) Loading Preferences From System CFPrefsD
2026-09-14 18:14:49.290 I  PeachCommander[23258:12e94] [com.apple.iconservices:foundation] layer data size zero
2026-09-14 18:14:49.291 A  PeachCommander[23258:12e94] (CoreFoundation) Loading Preferences From User CFPrefsD
2026-09-14 18:14:49.291 I  PeachCommander[23258:12e94] [com.apple.CoreAnalytics:client] Dropping "com.apple.ImageIO.readerSelection" as it isn't used in any transform (not in the config or budgeted?)
2026-09-14 18:14:49.371 Df PeachCommander[23258:12e94] [com.apple.BoardServices:XPCErrors] [C:3] Alloc com.apple.backboard.hid-services.xpc
2026-09-14 18:14:49.371 Df PeachCommander[23258:12e94] [com.apple.xpc:connection] [0x784a19e00] activating connection: mach=false listener=false peer=false name=(anonymous)
2026-09-14 18:14:49.371 Df PeachCommander[23258:12e9e] [com.apple.BackBoard:EventDelivery] BKSHIDEventDeliveryManager - connection activation
2026-09-14 18:14:49.399 I  PeachCommander[23258:12e94] [com.peachcommander:PCFoundation] Session restored
2026-09-14 18:14:49.399 Df PeachCommander[23258:12e94] (Foundation) <private>
2026-09-14 18:14:49.399 I  PeachCommander[23258:12e94] [com.peachcommander:PCFoundation] [automation] running /Users/admin/auto.txt
2026-09-14 18:14:49.399 Df PeachCommander[23258:12e94] (Foundation) <private>
2026-09-14 18:14:49.399 I  PeachCommander[23258:12e94] [com.peachcommander:PCFoundation] [automation] > active left
2026-09-14 18:14:49.399 Df PeachCommander[23258:12e94] (Foundation) <private>
2026-09-14 18:14:49.399 I  PeachCommander[23258:12e94] [com.peachcommander:PCFoundation] [automation] > left /Users/admin/pc-demo/Archives
2026-09-14 18:14:49.474 I  PeachCommander[23258:12e94] [com.apple.CoreAnalytics:client] Dropping "com.apple.appkit.app_config" as it isn't used in any transform (not in the config or budgeted?)
2026-09-14 18:14:49.475 I  PeachCommander[23258:12e94] [com.apple.launchservices:datasep] application record search init. Node: <FSNode 0x783d80d60> { isDir = y, path = <private> } bundleID: (null) itemID: 0
2026-09-14 18:14:49.475 I  PeachCommander[23258:12e94] [com.apple.launchservices:datasep] application record search init. Node: <FSNode 0x783d80d60> { isDir = y, path = <private> } bundleID: (null) itemID: 0
2026-09-14 18:14:49.475 I  PeachCommander[23258:12e94] [com.apple.SafariPlatformSupport:SafariPlatformSupport] -[SFSafariPlatformSupport credentialSelected:] with nil credential
2026-09-14 18:14:49.475 I  PeachCommander[23258:12e94] [com.apple.SafariPlatformSupport:SafariPlatformSupport] -[SFSafariPlatformSupport oneTimeCodeSelected:] with nil code
2026-09-14 18:14:49.510 I  PeachCommander[23258:12f39] [com.apple.AppKit:WindowTab] Indexing 1 items
2026-09-14 18:14:49.510 A  PeachCommander[23258:12f39] (CoreSpotlight) end-index-batch
2026-09-14 18:14:49.510 Df PeachCommander[23258:12f39] [com.apple.corespotlight:index] *warn* MailCS ======%%% _setMailMessageAttributes skip:1
2026-09-14 18:14:49.510 A  PeachCommander[23258:12f39] (CoreSpotlight) index-items
2026-09-14 18:14:49.511 Df PeachCommander[23258:12f39] [com.apple.corespotlight:index] CSInlineDonation:<private>: Skipping donation (feature flag disabled)
2026-09-14 18:14:49.511 Df PeachCommander[23258:12f39] [com.apple.corespotlight:index] CSInlineDonation:<private>: Skipping donation (feature flag disabled)
2026-09-14 18:14:49.626 I  PeachCommander[23258:12e94] [com.apple.HIToolbox:MBDisplays] <private>
2026-09-14 18:14:49.626 I  PeachCommander[23258:12e94] [com.apple.HIToolbox:MBDisplays] <private>
2026-09-14 18:14:49.887 Df PeachCommander[23258:12ea5] [com.apple.xpc:connection] [0x784a1a300] activating connection: mach=false listener=false peer=false name=com.apple.SafariPlatformSupport.Helper
2026-09-14 18:14:49.926 Df PeachCommander[23258:12e94] (Foundation) <private>
2026-09-14 18:14:49.926 I  PeachCommander[23258:12e94] [com.peachcommander:PCFoundation] [automation] > wait 1200
2026-09-14 18:14:49.943 I  PeachCommander[23258:12e94] [com.apple.AppKit:Image] ISImage reported a placeholder, image rep is providing a placeholder image for <private>
2026-09-14 18:14:49.943 I  PeachCommander[23258:12e94] [com.apple.AppKit:Image] ISImage reported a placeholder, image rep is providing a placeholder image for <private>
2026-09-14 18:14:49.943 I  PeachCommander[23258:12ea5] [com.apple.iconservices:foundation] layer data size zero
2026-09-14 18:14:49.945 I  PeachCommander[23258:12e94] [com.apple.AppKit:Image] ISImage reported a placeholder, image rep is providing a placeholder image for <private>
2026-09-14 18:14:49.945 I  PeachCommander[23258:12e94] [com.apple.AppKit:Image] ISImage reported a placeholder, image rep is providing a placeholder image for <private>
2026-09-14 18:14:49.946 I  PeachCommander[23258:12e94] [com.apple.AppKit:Image] ISImage reported a placeholder, image rep is providing a placeholder image for <private>
2026-09-14 18:14:49.946 I  PeachCommander[23258:12e94] [com.apple.AppKit:Image] ISImage reported a placeholder, image rep is providing a placeholder image for <private>
2026-09-14 18:14:49.948 I  PeachCommander[23258:12e94] [com.apple.AppKit:Image] ISImage reported a placeholder, image rep is providing a placeholder image for <private>
2026-09-14 18:14:49.948 I  PeachCommander[23258:12e94] [com.apple.AppKit:Image] ISImage reported a placeholder, image rep is providing a placeholder image for <private>
2026-09-14 18:14:49.950 I  PeachCommander[23258:12f39] [com.apple.iconservices:foundation] layer data size zero
2026-09-14 18:14:49.968 I  PeachCommander[23258:12e94] [com.apple.launchservices:cas] Removing cached information for app [ 0x0-0x139139]  "PeachCommander", as its seed is different from that in shared memory ( 535 vs 537)
2026-09-14 18:14:49.971 Df PeachCommander[23258:12ea5] [com.apple.xpc:connection] [0x784a1a300] invalidated after the last release of the connection object
2026-09-14 18:14:49.971 I  PeachCommander[23258:12e94] [com.apple.AppKit:Image] ISImage reported a placeholder, image rep is providing a placeholder image for <private>
2026-09-14 18:14:49.972 I  PeachCommander[23258:12e94] [com.apple.AppKit:Image] ISImage reported a placeholder, image rep is providing a placeholder image for <private>
2026-09-14 18:14:49.972 I  PeachCommander[23258:12e94] [com.apple.AppKit:Image] ISImage reported a placeholder, image rep is providing a placeholder image for <private>
2026-09-14 18:14:49.973 I  PeachCommander[23258:12e94] [com.apple.AppKit:Image] ISImage reported a placeholder, image rep is providing a placeholder image for <private>
2026-09-14 18:14:49.974 Df PeachCommander[23258:12e94] [com.apple.xpc:connection] [0x784a1b0c0] activating connection: mach=false listener=false peer=false name=(anonymous)
2026-09-14 18:14:49.974 Df PeachCommander[23258:12e94] [com.apple.xpc:connection] [0x784a1a300] activating connection: mach=false listener=false peer=false name=(anonymous)
2026-09-14 18:14:49.976 I  PeachCommander[23258:12e94] [com.apple.AppKit:Image] ISImage reported a placeholder, image rep is providing a placeholder image for <private>
2026-09-14 18:14:49.977 I  PeachCommander[23258:12e94] [com.apple.AppKit:Image] ISImage reported a placeholder, image rep is providing a placeholder image for <private>
2026-09-14 18:14:49.978 I  PeachCommander[23258:12e94] [com.apple.AppKit:Image] ISImage reported a placeholder, image rep is providing a placeholder image for <private>
2026-09-14 18:14:49.978 I  PeachCommander[23258:12e94] [com.apple.AppKit:Image] ISImage reported a placeholder, image rep is providing a placeholder image for <private>
2026-09-14 18:14:49.980 I  PeachCommander[23258:12e94] [com.apple.AppKit:Image] ISImage reported a placeholder, image rep is providing a placeholder image for <private>
2026-09-14 18:14:49.980 I  PeachCommander[23258:12e94] [com.apple.AppKit:Image] ISImage reported a placeholder, image rep is providing a placeholder image for <private>
2026-09-14 18:14:49.981 I  PeachCommander[23258:12e94] [com.apple.AppKit:Image] ISImage reported a placeholder, image rep is providing a placeholder image for <private>
2026-09-14 18:14:49.981 I  PeachCommander[23258:12e94] [com.apple.AppKit:Image] ISImage reported a placeholder, image rep is providing a placeholder image for <private>
2026-09-14 18:14:49.991 I  PeachCommander[23258:12e94] [com.apple.iconservices:foundation] layer data size zero
2026-09-14 18:14:49.991 I  PeachCommander[23258:12e94] [com.apple.iconservices:foundation] layer data size zero
2026-09-14 18:14:49.992 I  PeachCommander[23258:12e94] [com.apple.iconservices:foundation] layer data size zero
2026-09-14 18:14:50.078 I  PeachCommander[23258:12e94] [com.apple.SafariPlatformSupport:SafariPlatformSupport] -[SPSafariPlatformSupport completionListPreferredContentSizeDidUpdate] with size {0, 0}, in window that is visible
2026-09-14 18:14:50.141 I  PeachCommander[23258:12ea5] [com.apple.AppKit:WindowTab] Indexing 1 items
2026-09-14 18:14:50.141 A  PeachCommander[23258:12ea5] (CoreSpotlight) end-index-batch
2026-09-14 18:14:50.141 A  PeachCommander[23258:12ea5] (CoreSpotlight) index-items
2026-09-14 18:14:50.141 Df PeachCommander[23258:12ea5] [com.apple.corespotlight:index] CSInlineDonation:<private>: Skipping donation (feature flag disabled)
2026-09-14 18:14:50.141 Df PeachCommander[23258:12ea5] [com.apple.corespotlight:index] CSInlineDonation:<private>: Skipping donation (feature flag disabled)
2026-09-14 18:14:51.207 Df PeachCommander[23258:12e94] (Foundation) <private>
2026-09-14 18:14:51.208 I  PeachCommander[23258:12e94] [com.peachcommander:PCFoundation] [automation] > findarchives *.*|swordfish|/Users/admin/pc-demo/Archives|/Users/admin/arch-found.txt
2026-09-14 18:14:51.239 I  PeachCommander[23258:12e94] [com.apple.AppKit:Window] context (0 -> 3bd4867d) for window 4df
2026-09-14 18:14:51.273 I  PeachCommander[23258:12e94] [com.apple.CFPasteboard:entry] CopyData('DefaultAsciiKeyboardLayoutPasteboard' (<CFUUID 0x784c7ba20> 65CFC74D-4032-445C-BB07-43C96FC9876E) gen: -1 item: 1264739405 flavor: 'DefaultAsciiKeyboardLayoutFlavor')
2026-09-14 18:14:51.273 I  PeachCommander[23258:12e94] [com.apple.CFPasteboard:exit] (not-in-cache) - result: -8 generation: 0 null data flags: 0
2026-09-14 18:14:51.303 I  PeachCommander[23258:12e94] [com.apple.AppKit:Window] order window front conditionally: 4df related: 0
2026-09-14 18:14:51.635 I  PeachCommander[23258:12ea5] [com.apple.AppKit:WindowTab] Indexing 2 items
2026-09-14 18:14:51.635 A  PeachCommander[23258:12ea5] (CoreSpotlight) end-index-batch
2026-09-14 18:14:51.635 A  PeachCommander[23258:12ea5] (CoreSpotlight) index-items
2026-09-14 18:14:51.635 Df PeachCommander[23258:12ea5] [com.apple.corespotlight:index] CSInlineDonation:<private>: Skipping donation (feature flag disabled)
2026-09-14 18:14:51.636 Df PeachCommander[23258:12ea5] [com.apple.corespotlight:index] CSInlineDonation:<private>: Skipping donation (feature flag disabled)
2026-09-14 18:14:52.442 I  PeachCommander[23258:12e94] [com.peachcommander:PCFoundation] search skipped /Users/admin/pc-demo/Archives/broken.tar.gz/broken.tar: unreadable
2026-09-14 18:14:55.117 Df PeachCommander[23258:12e94] (Foundation) <private>
2026-09-14 18:14:55.118 I  PeachCommander[23258:12e94] [com.peachcommander:PCFoundation] [automation] > wait 1000
2026-09-14 18:14:56.148 Df PeachCommander[23258:12e94] (Foundation) <private>
2026-09-14 18:14:56.149 I  PeachCommander[23258:12e94] [com.peachcommander:PCFoundation] [automation] > findfeedarchives *.*|swordfish|/Users/admin/pc-demo/Archives|/Users/admin/arch-panel.txt
2026-09-14 18:14:56.192 I  PeachCommander[23258:12e94] [com.apple.AppKit:Window] context (0 -> 2bd1cc0d) for window 4e0
2026-09-14 18:14:56.256 I  PeachCommander[23258:12e94] [com.apple.AppKit:Window] order window front conditionally: 4e0 related: 0
2026-09-14 18:14:56.327 I  PeachCommander[23258:12e9e] [com.apple.AppKit:WindowTab] Indexing 3 items
2026-09-14 18:14:56.327 A  PeachCommander[23258:12e9e] (CoreSpotlight) end-index-batch
2026-09-14 18:14:56.327 A  PeachCommander[23258:12e9e] (CoreSpotlight) index-items
2026-09-14 18:14:56.328 Df PeachCommander[23258:12ea6] [com.apple.corespotlight:index] CSInlineDonation:<private>: Skipping donation (feature flag disabled)
2026-09-14 18:14:56.328 Df PeachCommander[23258:12ea6] [com.apple.corespotlight:index] CSInlineDonation:<private>: Skipping donation (feature flag disabled)
2026-09-14 18:14:57.391 I  PeachCommander[23258:12e94] [com.peachcommander:PCFoundation] search skipped /Users/admin/pc-demo/Archives/broken.tar.gz/broken.tar: unreadable
2026-09-14 18:14:59.261 Df PeachCommander[23258:12e9a] [com.apple.launchservices:default] LSExceptions shared instance invalidated for timeout.
2026-09-14 18:14:59.985 I  PeachCommander[23258:12e94] [com.apple.AppKit:Window] window <NSWindow: 0x785cab700> windowNumber=4e0 finishing close
2026-09-14 18:15:00.001 I  PeachCommander[23258:12e94] [com.apple.AppKit:Window] order window front conditionally: 4df related: 0
2026-09-14 18:15:00.022 I  PeachCommander[23258:12e94] [com.apple.AppKit:Image] ISImage reported a placeholder, image rep is providing a placeholder image for <private>
2026-09-14 18:15:00.023 I  PeachCommander[23258:12e94] [com.apple.AppKit:Image] ISImage reported a placeholder, image rep is providing a placeholder image for <private>
2026-09-14 18:15:00.024 I  PeachCommander[23258:12e94] [com.apple.AppKit:Image] ISImage reported a placeholder, image rep is providing a placeholder image for <private>
2026-09-14 18:15:00.026 I  PeachCommander[23258:12e94] [com.apple.AppKit:Image] ISImage reported a placeholder, image rep is providing a placeholder image for <private>
2026-09-14 18:15:00.028 I  PeachCommander[23258:12e94] [com.apple.AppKit:Image] ISImage reported a placeholder, image rep is providing a placeholder image for <private>
2026-09-14 18:15:00.028 I  PeachCommander[23258:12e94] [com.apple.AppKit:Image] ISImage reported a placeholder, image rep is providing a placeholder image for <private>
2026-09-14 18:15:00.029 I  PeachCommander[23258:12e9e] [com.apple.iconservices:foundation] layer data size zero
2026-09-14 18:15:00.030 I  PeachCommander[23258:12e94] [com.apple.AppKit:Image] ISImage reported a placeholder, image rep is providing a placeholder image for <private>
2026-09-14 18:15:00.030 I  PeachCommander[23258:12e94] [com.apple.AppKit:Image] ISImage reported a placeholder, image rep is providing a placeholder image for <private>
2026-09-14 18:15:00.031 I  PeachCommander[23258:12e94] [com.apple.AppKit:Image] ISImage reported a placeholder, image rep is providing a placeholder image for <private>
2026-09-14 18:15:00.032 I  PeachCommander[23258:12e94] [com.apple.AppKit:Image] ISImage reported a placeholder, image rep is providing a placeholder image for <private>
2026-09-14 18:15:00.032 I  PeachCommander[23258:12f33] [com.apple.iconservices:foundation] layer data size zero
2026-09-14 18:15:00.034 I  PeachCommander[23258:12e94] [com.apple.AppKit:Image] ISImage reported a placeholder, image rep is providing a placeholder image for <private>
2026-09-14 18:15:00.034 I  PeachCommander[23258:12e94] [com.apple.AppKit:Image] ISImage reported a placeholder, image rep is providing a placeholder image for <private>
2026-09-14 18:15:00.034 I  PeachCommander[23258:12f33] [com.apple.iconservices:foundation] layer data size zero
2026-09-14 18:15:00.056 I  PeachCommander[23258:12e94] [com.apple.AppKit:Image] ISImage reported a placeholder, image rep is providing a placeholder image for <private>
2026-09-14 18:15:00.057 I  PeachCommander[23258:12e94] [com.apple.AppKit:Image] ISImage reported a placeholder, image rep is providing a placeholder image for <private>
2026-09-14 18:15:00.058 I  PeachCommander[23258:12e94] [com.apple.AppKit:Image] ISImage reported a placeholder, image rep is providing a placeholder image for <private>
2026-09-14 18:15:00.059 I  PeachCommander[23258:12e94] [com.apple.AppKit:Image] ISImage reported a placeholder, image rep is providing a placeholder image for <private>
2026-09-14 18:15:00.062 I  PeachCommander[23258:12e94] [com.apple.AppKit:Image] ISImage reported a placeholder, image rep is providing a placeholder image for <private>
2026-09-14 18:15:00.062 I  PeachCommander[23258:12e94] [com.apple.AppKit:Image] ISImage reported a placeholder, image rep is providing a placeholder image for <private>
2026-09-14 18:15:00.072 I  PeachCommander[23258:12e94] [com.apple.AppKit:Image] ISImage reported a placeholder, image rep is providing a placeholder image for <private>
2026-09-14 18:15:00.072 I  PeachCommander[23258:12e94] [com.apple.AppKit:Image] ISImage reported a placeholder, image rep is providing a placeholder image for <private>
2026-09-14 18:15:00.072 I  PeachCommander[23258:12e94] [com.apple.AppKit:Image] ISImage reported a placeholder, image rep is providing a placeholder image for <private>
2026-09-14 18:15:00.072 I  PeachCommander[23258:12ea6] [com.apple.iconservices:foundation] layer data size zero
2026-09-14 18:15:00.074 I  PeachCommander[23258:12e94] [com.apple.AppKit:Image] ISImage reported a placeholder, image rep is providing a placeholder image for <private>
2026-09-14 18:15:00.077 I  PeachCommander[23258:12e94] [com.apple.AppKit:Image] ISImage reported a placeholder, image rep is providing a placeholder image for <private>
2026-09-14 18:15:00.078 I  PeachCommander[23258:12e94] [com.apple.AppKit:Image] ISImage reported a placeholder, image rep is providing a placeholder image for <private>
2026-09-14 18:15:00.078 I  PeachCommander[23258:12f38] [com.apple.iconservices:foundation] layer data size zero
2026-09-14 18:15:00.141 I  PeachCommander[23258:12ea6] [com.apple.AppKit:WindowTab] Indexing 2 items
2026-09-14 18:15:00.141 A  PeachCommander[23258:12ea6] (CoreSpotlight) end-index-batch
2026-09-14 18:15:00.141 A  PeachCommander[23258:12ea6] (CoreSpotlight) index-items
2026-09-14 18:15:00.141 Df PeachCommander[23258:12ea6] [com.apple.corespotlight:index] CSInlineDonation:<private>: Skipping donation (feature flag disabled)
2026-09-14 18:15:00.141 Df PeachCommander[23258:12ea6] [com.apple.corespotlight:index] CSInlineDonation:<private>: Skipping donation (feature flag disabled)
2026-09-14 18:15:00.274 I  PeachCommander[23258:12e94] [com.apple.AppKit:Window] order window: 4e0 op: 0 relative: 0 related: 0
2026-09-14 18:15:01.604 Df PeachCommander[23258:12e94] (Foundation) <private>
2026-09-14 18:15:01.606 Df PeachCommander[23258:12e94] (Foundation) <private>
2026-09-14 18:15:01.606 I  PeachCommander[23258:12e94] [com.peachcommander:PCFoundation] [automation] > wait 1200
2026-09-14 18:15:02.892 Df PeachCommander[23258:12e94] (Foundation) <private>
2026-09-14 18:15:02.892 I  PeachCommander[23258:12e94] [com.peachcommander:PCFoundation] [automation] done
