Timestamp               Ty Process[PID:TID]
2026-09-14 13:56:08.958 A  PeachCommander[24060:13630] (libsystem_info.dylib) Retrieve User by ID
2026-09-14 13:56:08.958 Df PeachCommander[24060:13630] [com.apple.xpc:connection] [0x1028275c0] activating connection: mach=true listener=false peer=false name=com.apple.cfprefsd.daemon
2026-09-14 13:56:08.958 Df PeachCommander[24060:13638] [com.apple.xpc:connection] [0x102827d00] activating connection: mach=true listener=false peer=false name=com.apple.cfprefsd.agent
2026-09-14 13:56:08.959 Df PeachCommander[24060:13630] [com.apple.xpc:connection] [0x10282dce0] activating connection: mach=true listener=false peer=false name=com.apple.coreservices.launchservicesd
2026-09-14 13:56:08.959 I  PeachCommander[24060:13630] [com.apple.launchservices:cas] Registering for notification <private> on default queue, to re-boostrap client connection.
2026-09-14 13:56:08.959 Df PeachCommander[24060:13630] [com.apple.xpc:connection] [0xc5cca0000] activating connection: mach=true listener=false peer=false name=com.apple.pasteboard.1
2026-09-14 13:56:08.960 Df PeachCommander[24060:13630] [com.apple.xpc:connection] [0xc5cca0140] activating connection: mach=true listener=false peer=false name=com.apple.distributed_notifications@Uv3
2026-09-14 13:56:08.961 Df PeachCommander[24060:13630] [com.apple.AppKit:AutomaticTermination] void _NSDisableAutomaticTerminationAndLog(NSString *) No windows open yet
2026-09-14 13:56:08.961 A  PeachCommander[24060:13630] (TCC) TCCAccessRequest() IPC
2026-09-14 13:56:08.961 Df PeachCommander[24060:13630] [com.apple.xpc:connection] [0xc5cca0280] activating connection: mach=true listener=false peer=false name=com.apple.tccd.system
2026-09-14 13:56:08.961 I  PeachCommander[24060:13630] [com.apple.TCC:access] SEND: 0/7 synchronous to com.apple.tccd.system: request: msgID=24060.1, function=TCCAccessRequest, service=kTCCServiceListenEvent,
2026-09-14 13:56:08.963 I  PeachCommander[24060:13630] [com.apple.TCC:access] RECV: synchronous reply <dictionary: 0xc5cc88000> { count = 5, transaction: 0, voucher = 0x0, contents =
	"prompt_type" => <uint64: 0xa51ce7250bb8f6d7>: 1
	"auth_value" => <uint64: 0xa51ce7250bb8f6d7>: 1
	"preflight_unknown" => <bool: 0x1ee1ad190>: true
	"auth_version" => <uint64: 0xa51ce7250bb8f6d7>: 1
	"auth_reason" => <uint64: 0xa51ce7250bb8f6f7>: 5
}
2026-09-14 13:56:08.963 Df PeachCommander[24060:13630] [com.apple.xpc:connection] [0xc5cca0280] invalidated after the last release of the connection object
2026-09-14 13:56:08.963 Df PeachCommander[24060:13630] [com.apple.SkyLight:default] server port 0x0000310f, session port 0x0000310f
2026-09-14 13:56:08.965 Df PeachCommander[24060:13630] [com.apple.SkyLight:default] New connection 0x5320f main
2026-09-14 13:56:08.965 I  PeachCommander[24060:13639] [com.apple.SkyLight:processes] 0[outside of RPC]: First connection id 340495 mapped to ctx = 0xc5cc44380
2026-09-14 13:56:08.965 I  PeachCommander[24060:13630] [com.apple.hiservices:processmgr] Checking in with CAS, pid=24060
2026-09-14 13:56:08.966 I  PeachCommander[24060:13630] [com.apple.launchservices:cas] LSApplicationCheckIn(), app being registered is:"/Users/admin/pc-test/PeachCommander.app/Contents/MacOS/PeachCommander"
2026-09-14 13:56:08.966 I  PeachCommander[24060:13630] [com.apple.launchservices:cas]  { "ApplicationType"="Foreground", "BuildMachineOSBuild"="25E246", "CFBundleDevelopmentRegion"="en", "CFBundleDocumentTypes"=( { "CFBundleTypeName"="Peach Commander Plugin Package", "CFBundleTypeRole"="Viewer", "LSHandlerRank"="Owner", "LSItemContentTypes"=( "com.peachcommander.plugin-package") }), "CFBundleExecutable"="PeachCommander", "CFBundleExecutablePath"="/Users/admin/pc-test/PeachCommander.app/Contents/MacOS/PeachCommander", "CFBundleHelpBookFolder"="PeachCommander.help", "CFBundleHelpBookName"="Peach Commander Help", "CFBundleIconFile"="AppIcon", "CFBundleIconName"="AppIcon", "CFBundleIdentifier"="com.peachcommander.app", "CFBundleInfoDictionaryVersion"="6.0", "CFBundleName"="PeachCommander", "CFBundleNumericVersion"=402685952, "CFBundlePackageType"="APPL", "CFBundleShortVersionString"="0.9.0", "CFBundleSignature"="?????", "CFBundleSupportedPlatforms"=( "MacOSX"), "CFBundleVersion"="18", "DTCompiler"="com.apple.compilers.llvm.clang.1_0", "DTPlatformBuild"="25F70", "DTPlatformName"="macosx", "<…>
2026-09-14 13:56:08.966 Df PeachCommander[24060:13630] [com.apple.processmanager:front-35286506] CHECKIN: pid=24060
2026-09-14 13:56:08.967 Df PeachCommander[24060:13630] [com.apple.processmanager:front-35286506] CHECKEDIN: pid=24060 asn=0x0-0x13f13f foreground=1
2026-09-14 13:56:08.967 I  PeachCommander[24060:13630] [com.apple.launchservices:cas] Setting processControlState to default PROC_SETPC_SUSPEND because application does not have LSProcessControlValue key
2026-09-14 13:56:08.967 Df PeachCommander[24060:13630] [com.apple.xpc:connection] [0xc5cca0280] activating connection: mach=false listener=true peer=false name=(anonymous)
2026-09-14 13:56:08.967 Df PeachCommander[24060:13630] [com.apple.xpc:connection] [0xc5cca0280] Connection returned listener port: 0x5403
2026-09-14 13:56:08.967 Df PeachCommander[24060:13638] [com.apple.xpc:connection] [0xc5d060300] activating connection: mach=false listener=false peer=true name=com.apple.xpc.anonymous.0xc5cca0280.peer[131].0xc5d060300
2026-09-14 13:56:08.968 Df PeachCommander[24060:13630] [com.apple.processmanager:front-35286506] FRONTLOGGING: version 1
2026-09-14 13:56:08.968 Df PeachCommander[24060:13630] [com.apple.processmanager:front-35286506] Registered, pid=24060 ASN=0x0,0x13f13f
2026-09-14 13:56:08.968 Df PeachCommander[24060:13630] [com.apple.xpc:connection] [0xc5cca03c0] activating connection: mach=true listener=false peer=false name=com.apple.analyticsd
2026-09-14 13:56:08.968 I  PeachCommander[24060:13630] [com.apple.CoreAnalytics:client] Daemon status changed from 0 to 1
2026-09-14 13:56:08.968 I  PeachCommander[24060:13638] [com.apple.CarbonCore:coreservicesdaemon] SCSession():SCSession( id=100, this=0x0x10282cf30 option=65538) created, forUID=501 mach_port_t=0x4503.
2026-09-14 13:56:08.968 I  PeachCommander[24060:13638] [com.apple.CarbonCore:coreservicesdaemon] SCSession():SCSession( id=101, this=0x0x102838430 option=65538) created, forUID=501 mach_port_t=0x4403.
2026-09-14 13:56:08.968 I  PeachCommander[24060:13638] [com.apple.CarbonCore:coreservicesdaemon] connectToCoreServicesD():Instantiating server (coreservicesd based) SCSession, port=0x4503 serverOptions=0x10002.
2026-09-14 13:56:08.968 Df PeachCommander[24060:13639] [com.apple.CoreAnalytics:client] Received configuration update from daemon (initial)
2026-09-14 13:56:08.968 I  PeachCommander[24060:13630] [com.apple.hiservices:processmgr] _RegisterApplication( pid 24060 => 0x0,0x13f13f) type=foreground
2026-09-14 13:56:08.968 Df PeachCommander[24060:13630] [com.apple.xpc:connection] [0xc5cca0280] Connection returned listener port: 0x5403
2026-09-14 13:56:08.968 I  PeachCommander[24060:13630] [com.apple.launchservices:cas] CFArrayRef _LSCopyLaunchModifiers(LSSessionID, LSASNRef _Nonnull), result for psn [ kLSCurrentApp ASN, 0x0,0x2]  is 1 items.
2026-09-14 13:56:08.968 Df PeachCommander[24060:13638] [com.apple.xpc:connection] [0xc5cca0500] activating connection: mach=true listener=false peer=false name=com.apple.lsd.mapdb
2026-09-14 13:56:08.968 Df PeachCommander[24060:13630] [com.apple.processmanager:front-35286506] BringForward: pid=24060 asn=0x0-0x13f13f bringForward=1 foreground=1 uiElement=0 launchedByLS=1 modifiersCount=1 allDisabled=1
2026-09-14 13:56:08.968 Df PeachCommander[24060:13630] [com.apple.processmanager:front-35286506] BringFrontModifier: pid=24060 asn=0x0-0x13f13f Modifier 0 hideAfter=0 hideOthers=0 dontMakeFrontmost=0 mouseDown=0/0 seed=0/0
2026-09-14 13:56:08.968 Df PeachCommander[24060:13630] [com.apple.processmanager:front-35286506] BringForward: pid=24060 asn=0x0-0x13f13f
2026-09-14 13:56:08.968 Df PeachCommander[24060:13630] [com.apple.processmanager:front-35286506] SetFrontProcess: asn=0x0-0x13f13f options=0
2026-09-14 13:56:08.968 I  PeachCommander[24060:13630] [com.apple.SkyLight:processes] 0[outside of RPC]: SLPSetFrontProcess(0x0-0x13f13f window=0 options=0x0
2026-09-14 13:56:08.970 Df PeachCommander[24060:13630] [com.apple.AppKit:Appearance] Current system appearance, (HLTB: 1), (SLS: 0)
2026-09-14 13:56:08.971 Df PeachCommander[24060:13630] (libMobileGestalt.dylib) No persisted cache on this platform.
2026-09-14 13:56:08.971 I  PeachCommander[24060:13639] [com.apple.launchservices:cas] information in shared memory for 0x0-0x13f13f with seed 533 was still valid, so using cached info { "ApplicationType"="Foreground", "BuildMachineOSBuild"="25E246", "BundleIdentifierLowerCase"="com.peachcommander.app", "CFBundleDevelopmentRegion"="en", "CFBundleDocumentTypes"=( { "CFBundleTypeName"="Peach Commander Plugin Package", "CFBundleTypeRole"="Viewer", "LSHandlerRank"="Owner", "LSItemContentTypes"=( "com.peachcommander.plugin-package") }), "CFBundleExecutable"="PeachCommander", "CFBundleExecutablePath"="/Users/admin/pc-test/PeachCommander.app/Contents/MacOS/PeachCommander", "CFBundleExecutablePathDeviceID"=16777227, "CFBundleExecutablePathINode"=488284, "CFBundleHelpBookFolder"="PeachCommander.help", "CFBundleHelpBookName"="Peach Commander Help", "CFBundleIconFile"="AppIcon", "CFBundleIconName"="AppIcon", "CFBundleIdentifier"="com.peachcommander.app", "CFBundleInfoDictionaryVersion"="6.0", "CFBundleName"="PeachCommander", "CFBundleNameLowerCase"="peachcommander", "CFBundleNumericVersion"=402685952, "CFBundlePackageType"="APPL", "CFBundleShortVersionString"="0.9.0", "CFBun<…>
2026-09-14 13:56:08.971 Df PeachCommander[24060:13630] (libMobileGestalt.dylib) Could not get size of EAN data (IOConnectCallScalarMethod kAppleNVMeEANGetSize returned 0xE00002E2)
2026-09-14 13:56:08.971 Df PeachCommander[24060:13630] (libMobileGestalt.dylib) Failed to copy 'aptk' from EAN
2026-09-14 13:56:08.971 Df PeachCommander[24060:13630] (libMobileGestalt.dylib) Failed to copy APTicket properties. Falling back to default policy.
2026-09-14 13:56:08.971 Df PeachCommander[24060:13630] (libMobileGestalt.dylib) Creating default MGSysConfigPolicy
2026-09-14 13:56:08.972 Df PeachCommander[24060:13630] (libMobileGestalt.dylib) CFDictionaryRef copySyscfgDictionary(void) enumeration of <private> failed.
2026-09-14 13:56:08.972 Df PeachCommander[24060:13630] (libMobileGestalt.dylib) Failed to find key <private>
2026-09-14 13:56:08.972 I  PeachCommander[24060:13638] [com.apple.launchservices:db] LaunchServices database schema version: 20971544
2026-09-14 13:56:08.972 Df PeachCommander[24060:13630] [com.apple.AppKit:Appearance] Current system appearance, (HLTB: 1), (SLS: 0)
2026-09-14 13:56:08.972 Df PeachCommander[24060:13630] [com.apple.AppKit:Appearance] Post-registration system appearance: (HLTB: 1)
2026-09-14 13:56:08.973 I  PeachCommander[24060:13638] [com.apple.launchservices:default] Unable to load Info.plist exceptions (eGPUOverrides)
2026-09-14 13:56:08.973 I  PeachCommander[24060:13638] [com.apple.launchservices:default] Unable to load Info.plist exceptions (gameModeOverrides)
2026-09-14 13:56:08.973 I  PeachCommander[24060:13638] [com.apple.launchservices:default] Unable to load Info.plist exceptions (identifiedGameOverrides)
2026-09-14 13:56:08.973 I  PeachCommander[24060:13638] [com.apple.launchservices:default] Unable to load Info.plist exceptions (SystemHiddenPreferred)
2026-09-14 13:56:08.974 Df PeachCommander[24060:13630] [com.apple.FrontBoard:Common] FBSWorkspace: endpoint monitoring is disabled.
2026-09-14 13:56:08.974 Df PeachCommander[24060:13630] [com.apple.FrontBoard:Common] FBSWorkspace: default shell endpoint is disabled.
2026-09-14 13:56:08.974 Df PeachCommander[24060:13630] [com.apple.runningboard:connection] Initializing connection
2026-09-14 13:56:08.974 Df PeachCommander[24060:13630] [com.apple.runningboard:process] Removing all cached process handles
2026-09-14 13:56:08.974 Df PeachCommander[24060:13638] [com.apple.runningboard:connection] Sending handshake request attempt #1 to server
2026-09-14 13:56:08.974 Df PeachCommander[24060:13638] [com.apple.runningboard:connection] Creating connection to com.apple.runningboard
2026-09-14 13:56:08.974 Df PeachCommander[24060:13638] [com.apple.xpc:connection] [0xc5cca0640] activating connection: mach=true listener=false peer=false name=com.apple.runningboard
2026-09-14 13:56:08.974 A  PeachCommander[24060:1363d] (RunningBoardServices) didChangeInheritances
2026-09-14 13:56:08.974 Df PeachCommander[24060:13638] [com.apple.runningboard:connection] Handshake succeeded
2026-09-14 13:56:08.974 Df PeachCommander[24060:13638] [com.apple.runningboard:connection] Identity resolved as app<application.com.peachcommander.app.487016.488284(501)>
2026-09-14 13:56:08.974 Df PeachCommander[24060:13630] [com.apple.xpc:connection] [0xc5cca0280] Connection returned listener port: 0x5403
2026-09-14 13:56:08.975 I  PeachCommander[24060:13630] [com.apple.launchservices:cas] information in shared memory for 0x0-0x13f13f with seed 533 was still valid, so using cached info { "ApplicationType"="Foreground", "BuildMachineOSBuild"="25E246", "BundleIdentifierLowerCase"="com.peachcommander.app", "CFBundleDevelopmentRegion"="en", "CFBundleDocumentTypes"=( { "CFBundleTypeName"="Peach Commander Plugin Package", "CFBundleTypeRole"="Viewer", "LSHandlerRank"="Owner", "LSItemContentTypes"=( "com.peachcommander.plugin-package") }), "CFBundleExecutable"="PeachCommander", "CFBundleExecutablePath"="/Users/admin/pc-test/PeachCommander.app/Contents/MacOS/PeachCommander", "CFBundleExecutablePathDeviceID"=16777227, "CFBundleExecutablePathINode"=488284, "CFBundleHelpBookFolder"="PeachCommander.help", "CFBundleHelpBookName"="Peach Commander Help", "CFBundleIconFile"="AppIcon", "CFBundleIconName"="AppIcon", "CFBundleIdentifier"="com.peachcommander.app", "CFBundleInfoDictionaryVersion"="6.0", "CFBundleName"="PeachCommander", "CFBundleNameLowerCase"="peachcommander", "CFBundleNumericVersion"=402685952, "CFBundlePackageType"="APPL", "CFBundleShortVersionString"="0.9.0", "CFBun<…>
2026-09-14 13:56:08.976 Df PeachCommander[24060:13630] [com.apple.xpc:connection] [0xc5cca0280] Connection returned listener port: 0x5403
2026-09-14 13:56:08.977 A  PeachCommander[24060:13639] (AppIntents) appintents:register process
2026-09-14 13:56:08.977 Df PeachCommander[24060:13639] [com.apple.appintents:Connection] Created a new Process Instance Registry XPC connection (inactive)
2026-09-14 13:56:08.977 Df PeachCommander[24060:13639] [com.apple.xpc:connection] [0xc5cca0780] activating connection: mach=true listener=false peer=false name=com.apple.linkd.autoShortcut
2026-09-14 13:56:08.977 Df PeachCommander[24060:13639] [com.apple.appintents:Connection] Activated connection to linkd (ApplicationService)
2026-09-14 13:56:08.977 Df PeachCommander[24060:13639] [com.apple.xpc:connection] [0xc5cca0a00] activating connection: mach=false listener=true peer=false name=(anonymous)
2026-09-14 13:56:08.977 I  PeachCommander[24060:13630] [com.apple.launchservices:cas] information in shared memory for 0x0-0x13f13f with seed 533 was still valid, so using cached info { "ApplicationType"="Foreground", "BuildMachineOSBuild"="25E246", "BundleIdentifierLowerCase"="com.peachcommander.app", "CFBundleDevelopmentRegion"="en", "CFBundleDocumentTypes"=( { "CFBundleTypeName"="Peach Commander Plugin Package", "CFBundleTypeRole"="Viewer", "LSHandlerRank"="Owner", "LSItemContentTypes"=( "com.peachcommander.plugin-package") }), "CFBundleExecutable"="PeachCommander", "CFBundleExecutablePath"="/Users/admin/pc-test/PeachCommander.app/Contents/MacOS/PeachCommander", "CFBundleExecutablePathDeviceID"=16777227, "CFBundleExecutablePathINode"=488284, "CFBundleHelpBookFolder"="PeachCommander.help", "CFBundleHelpBookName"="Peach Commander Help", "CFBundleIconFile"="AppIcon", "CFBundleIconName"="AppIcon", "CFBundleIdentifier"="com.peachcommander.app", "CFBundleInfoDictionaryVersion"="6.0", "CFBundleName"="PeachCommander", "CFBundleNameLowerCase"="peachcommander", "CFBundleNumericVersion"=402685952, "CFBundlePackageType"="APPL", "CFBundleShortVersionString"="0.9.0", "CFBun<…>
2026-09-14 13:56:08.977 I  PeachCommander[24060:13630] [com.apple.hiservices:processmgr] TransformProcessType(0x0,0x2 => 1 wasFront=1 pickNew=0)
2026-09-14 13:56:08.977 I  PeachCommander[24060:13630] [com.apple.CoreAnalytics:client] Dropping "com.apple.appkit.app_config" as it isn't used in any transform (not in the config or budgeted?)
2026-09-14 13:56:08.977 I  PeachCommander[24060:13639] [com.apple.appintents:Execution] LNAppConnectionListener instantiated
2026-09-14 13:56:08.977 Df PeachCommander[24060:13639] [com.apple.xpc:connection] [0xc5cca0a00] Connection returned listener port: 0x6e03
2026-09-14 13:56:08.978 Df PeachCommander[24060:13630] [com.apple.dt.xctest:Default] Registering for test daemon availability notify post.
2026-09-14 13:56:08.978 Df PeachCommander[24060:1363d] [com.apple.xpc:connection] [0xc5cca0780] Re-initialization successful; calling out to event handler with XPC_ERROR_CONNECTION_INTERRUPTED
2026-09-14 13:56:08.978 Df PeachCommander[24060:1363d] [com.apple.appintents:Connection] Process Instance Registry XPC connection has been interrupted
2026-09-14 13:56:08.978 Df PeachCommander[24060:13630] [com.apple.dt.xctest:Default] notify_get_state check indicated test daemon not ready.
2026-09-14 13:56:08.978 E  PeachCommander[24060:13639] [com.apple.appintents:Connection] Unable to get synchronousRemoteObjectProxy, error: Error Domain=NSCocoaErrorDomain Code=4097 "connection to service named com.apple.linkd.autoShortcut" UserInfo={NSDebugDescription=connection to service named com.apple.linkd.autoShortcut}
2026-09-14 13:56:08.978 E  PeachCommander[24060:13639] [com.apple.AppKit:Application] Error registering app with intents framework: Error Domain=NSCocoaErrorDomain Code=4097 UserInfo={NSDebugDescription=<private>}
2026-09-14 13:56:08.978 Df PeachCommander[24060:13638] [com.apple.appintents:Connection] Created a new Process Instance Registry XPC connection (inactive)
2026-09-14 13:56:08.978 Df PeachCommander[24060:13630] [com.apple.dt.xctest:Default] notify_get_state check indicated test daemon not ready.
2026-09-14 13:56:08.978 A  PeachCommander[24060:13638] (AppIntents) appintents:register process
2026-09-14 13:56:08.978 Df PeachCommander[24060:13638] [com.apple.appintents:Connection] Created a new Process Instance Registry XPC connection (inactive)
2026-09-14 13:56:08.978 Df PeachCommander[24060:13638] [com.apple.xpc:connection] [0xc5cca0c80] activating connection: mach=true listener=false peer=false name=com.apple.linkd.autoShortcut
2026-09-14 13:56:08.978 Df PeachCommander[24060:13630] [com.apple.dt.xctest:Default] notify_get_state check indicated test daemon not ready.
2026-09-14 13:56:08.978 Df PeachCommander[24060:13638] [com.apple.appintents:Connection] Activated connection to linkd (ApplicationService)
2026-09-14 13:56:08.978 Df PeachCommander[24060:13638] [com.apple.xpc:connection] [0xc5cca0a00] Connection returned listener port: 0x6e03
2026-09-14 13:56:08.978 Df PeachCommander[24060:13639] [com.apple.xpc:connection] [0xc5cca0c80] Re-initialization successful; calling out to event handler with XPC_ERROR_CONNECTION_INTERRUPTED
2026-09-14 13:56:08.978 Df PeachCommander[24060:13639] [com.apple.appintents:Connection] Process Instance Registry XPC connection has been interrupted
2026-09-14 13:56:08.978 E  PeachCommander[24060:13638] [com.apple.appintents:Connection] Unable to get synchronousRemoteObjectProxy, error: Error Domain=NSCocoaErrorDomain Code=4097 "connection to service named com.apple.linkd.autoShortcut" UserInfo={NSDebugDescription=connection to service named com.apple.linkd.autoShortcut}
2026-09-14 13:56:08.978 E  PeachCommander[24060:13638] [com.apple.appintents:Connection] Unable to re-register with Process Instance Registry, error: Error Domain=NSCocoaErrorDomain Code=4097 "connection to service named com.apple.linkd.autoShortcut" UserInfo={NSDebugDescription=connection to service named com.apple.linkd.autoShortcut}
2026-09-14 13:56:08.978 Df PeachCommander[24060:1363d] [com.apple.appintents:Connection] Created a new Process Instance Registry XPC connection (inactive)
2026-09-14 13:56:08.978 A  PeachCommander[24060:1363d] (AppIntents) appintents:register process
2026-09-14 13:56:08.978 Df PeachCommander[24060:1363d] [com.apple.appintents:Connection] Created a new Process Instance Registry XPC connection (inactive)
2026-09-14 13:56:08.978 Df PeachCommander[24060:1363d] [com.apple.xpc:connection] [0xc5cca12c0] activating connection: mach=true listener=false peer=false name=com.apple.linkd.autoShortcut
2026-09-14 13:56:08.978 Df PeachCommander[24060:1363d] [com.apple.appintents:Connection] Activated connection to linkd (ApplicationService)
2026-09-14 13:56:08.978 Df PeachCommander[24060:1363d] [com.apple.xpc:connection] [0xc5cca0a00] Connection returned listener port: 0x6e03
2026-09-14 13:56:08.978 Df PeachCommander[24060:13638] [com.apple.xpc:connection] [0xc5cca12c0] Re-initialization successful; calling out to event handler with XPC_ERROR_CONNECTION_INTERRUPTED
2026-09-14 13:56:08.978 Df PeachCommander[24060:13638] [com.apple.appintents:Connection] Process Instance Registry XPC connection has been interrupted
2026-09-14 13:56:08.978 E  PeachCommander[24060:1363d] [com.apple.appintents:Connection] Unable to get synchronousRemoteObjectProxy, error: Error Domain=NSCocoaErrorDomain Code=4097 "connection to service named com.apple.linkd.autoShortcut" UserInfo={NSDebugDescription=connection to service named com.apple.linkd.autoShortcut}
2026-09-14 13:56:08.978 E  PeachCommander[24060:1363d] [com.apple.appintents:Connection] Unable to re-register with Process Instance Registry, error: Error Domain=NSCocoaErrorDomain Code=4097 "connection to service named com.apple.linkd.autoShortcut" UserInfo={NSDebugDescription=connection to service named com.apple.linkd.autoShortcut}
2026-09-14 13:56:08.979 Df PeachCommander[24060:13638] [com.apple.appintents:Connection] Created a new Process Instance Registry XPC connection (inactive)
2026-09-14 13:56:08.979 A  PeachCommander[24060:13638] (AppIntents) appintents:register process
2026-09-14 13:56:08.979 Df PeachCommander[24060:13638] [com.apple.appintents:Connection] Created a new Process Instance Registry XPC connection (inactive)
2026-09-14 13:56:08.979 Df PeachCommander[24060:13638] [com.apple.xpc:connection] [0xc5cca1540] activating connection: mach=true listener=false peer=false name=com.apple.linkd.autoShortcut
2026-09-14 13:56:08.979 Df PeachCommander[24060:13638] [com.apple.appintents:Connection] Activated connection to linkd (ApplicationService)
2026-09-14 13:56:08.979 Df PeachCommander[24060:13638] [com.apple.xpc:connection] [0xc5cca0a00] Connection returned listener port: 0x6e03
2026-09-14 13:56:08.979 Df PeachCommander[24060:1363d] [com.apple.xpc:connection] [0xc5cca1540] Re-initialization successful; calling out to event handler with XPC_ERROR_CONNECTION_INTERRUPTED
2026-09-14 13:56:08.979 Df PeachCommander[24060:1363d] [com.apple.appintents:Connection] Process Instance Registry XPC connection has been interrupted
2026-09-14 13:56:08.979 E  PeachCommander[24060:1363d] [com.apple.appintents:Connection] Will NOT re-try to establish the connection
2026-09-14 13:56:08.979 E  PeachCommander[24060:13638] [com.apple.appintents:Connection] Unable to get synchronousRemoteObjectProxy, error: Error Domain=NSCocoaErrorDomain Code=4097 "connection to service named com.apple.linkd.autoShortcut" UserInfo={NSDebugDescription=connection to service named com.apple.linkd.autoShortcut}
2026-09-14 13:56:08.980 E  PeachCommander[24060:13638] [com.apple.appintents:Connection] Unable to re-register with Process Instance Registry, error: Error Domain=NSCocoaErrorDomain Code=4097 "connection to service named com.apple.linkd.autoShortcut" UserInfo={NSDebugDescription=connection to service named com.apple.linkd.autoShortcut}
2026-09-14 13:56:08.981 A  PeachCommander[24060:13630] (CoreFoundation) Loading Preferences From System CFPrefsD
2026-09-14 13:56:08.982 Df PeachCommander[24060:13630] (libMobileGestalt.dylib) couldn't load support library
2026-09-14 13:56:08.982 Df PeachCommander[24060:13630] (libMobileGestalt.dylib) called dummy function!
2026-09-14 13:56:08.982 I  PeachCommander[24060:13630] [com.apple.GenerativeModels:availability] Current availability state: unavailable, use cases: com.apple.WritingTools, language: <any>, api: <private>
2026-09-14 13:56:08.982 Df PeachCommander[24060:13630] [com.apple.GenerativeModels:availability] registering darwin observer for name: com.apple.gms.availability.notification
2026-09-14 13:56:08.982 Df PeachCommander[24060:13630] [com.apple.GenerativeModels:availability] registering darwin observer for name: com.apple.os-eligibility-domain.change.greymatter
2026-09-14 13:56:08.982 Df PeachCommander[24060:13630] [com.apple.GenerativeModels:availability] registering darwin observer for name: com.apple.language.changed
2026-09-14 13:56:08.982 Df PeachCommander[24060:13630] [com.apple.WritingTools:Default] isAvailable value changed: isMDMAllowed = true, gmAvailable (current) = false
2026-09-14 13:56:08.984 I  PeachCommander[24060:13630] [com.apple.CoreAnalytics:client] Dropping "com.apple.appkit.app_config" as it isn't used in any transform (not in the config or budgeted?)
2026-09-14 13:56:08.986 Df PeachCommander[24060:13630] [com.apple.AppKit:Appearance] NSApp cache appearance:
-NSRequiresAquaSystemAppearance: 0
-appearance: (null)
-effectiveAppearance: <NSCompositeAppearance: 0xc5cc8c460
 (
    "<NSAquaAppearance: 0xc5cc8c500>",
    "<NSSystemAppearance: 0xc5cc8c6e0>"
)>
2026-09-14 13:56:08.988 A  PeachCommander[24060:13630] (CoreFoundation) Loading Preferences From User CFPrefsD
2026-09-14 13:56:08.989 A  PeachCommander[24060:13630] (CoreFoundation) Loading Preferences From User CFPrefsD
2026-09-14 13:56:08.992 A  PeachCommander[24060:1363d] (libsystem_info.dylib) Membership API: translate identifier
2026-09-14 13:56:08.994 I  PeachCommander[24060:13630] [com.apple.CoreAnalytics:client] Dropping "com.apple.appkit.app_config" as it isn't used in any transform (not in the config or budgeted?)
2026-09-14 13:56:08.994 I  PeachCommander[24060:13630] [com.apple.CoreAnalytics:client] Dropping "com.apple.appkit.app_config" as it isn't used in any transform (not in the config or budgeted?)
2026-09-14 13:56:08.995 Df PeachCommander[24060:13638] [com.apple.xpc:connection] [0xc5cca1a40] activating connection: mach=true listener=false peer=false name=com.apple.dock.fullscreen
2026-09-14 13:56:08.996 Df PeachCommander[24060:13630] [com.apple.xpc:connection] [0xc5cca1b80] activating connection: mach=true listener=false peer=false name=com.apple.fonts
2026-09-14 13:56:08.998 I  PeachCommander[24060:13630] [com.apple.launchservices:cas] information in shared memory for 0x0-0x13f13f with seed 533 was still valid, so using cached info { "ApplicationType"="Foreground", "BuildMachineOSBuild"="25E246", "BundleIdentifierLowerCase"="com.peachcommander.app", "CFBundleDevelopmentRegion"="en", "CFBundleDocumentTypes"=( { "CFBundleTypeName"="Peach Commander Plugin Package", "CFBundleTypeRole"="Viewer", "LSHandlerRank"="Owner", "LSItemContentTypes"=( "com.peachcommander.plugin-package") }), "CFBundleExecutable"="PeachCommander", "CFBundleExecutablePath"="/Users/admin/pc-test/PeachCommander.app/Contents/MacOS/PeachCommander", "CFBundleExecutablePathDeviceID"=16777227, "CFBundleExecutablePathINode"=488284, "CFBundleHelpBookFolder"="PeachCommander.help", "CFBundleHelpBookName"="Peach Commander Help", "CFBundleIconFile"="AppIcon", "CFBundleIconName"="AppIcon", "CFBundleIdentifier"="com.peachcommander.app", "CFBundleInfoDictionaryVersion"="6.0", "CFBundleName"="PeachCommander", "CFBundleNameLowerCase"="peachcommander", "CFBundleNumericVersion"=402685952, "CFBundlePackageType"="APPL", "CFBundleShortVersionString"="0.9.0", "CFBun<…>
2026-09-14 13:56:08.998 I  PeachCommander[24060:13630] [com.apple.CoreAnalytics:client] Dropping "com.apple.appkit.app_config" as it isn't used in any transform (not in the config or budgeted?)
2026-09-14 13:56:08.998 Df PeachCommander[24060:13630] [com.apple.AppKit:AutomaticTermination] -[NSApplication(NSAppssassination) _checkForAutomaticTerminationSupportPossiblyEnablingIt]_block_invoke Enabling automatic termination support.
2026-09-14 13:56:08.999 Df PeachCommander[24060:13630] [com.apple.xpc:connection] [0xc5cca0dc0] activating connection: mach=true listener=false peer=false name=com.apple.appkit.restoration_storage
2026-09-14 13:56:08.999 I  PeachCommander[24060:13630] [com.apple.launchservices:cas] information in shared memory for 0x0-0x13f13f with seed 533 was still valid, so using cached info { "ApplicationType"="Foreground", "BuildMachineOSBuild"="25E246", "BundleIdentifierLowerCase"="com.peachcommander.app", "CFBundleDevelopmentRegion"="en", "CFBundleDocumentTypes"=( { "CFBundleTypeName"="Peach Commander Plugin Package", "CFBundleTypeRole"="Viewer", "LSHandlerRank"="Owner", "LSItemContentTypes"=( "com.peachcommander.plugin-package") }), "CFBundleExecutable"="PeachCommander", "CFBundleExecutablePath"="/Users/admin/pc-test/PeachCommander.app/Contents/MacOS/PeachCommander", "CFBundleExecutablePathDeviceID"=16777227, "CFBundleExecutablePathINode"=488284, "CFBundleHelpBookFolder"="PeachCommander.help", "CFBundleHelpBookName"="Peach Commander Help", "CFBundleIconFile"="AppIcon", "CFBundleIconName"="AppIcon", "CFBundleIdentifier"="com.peachcommander.app", "CFBundleInfoDictionaryVersion"="6.0", "CFBundleName"="PeachCommander", "CFBundleNameLowerCase"="peachcommander", "CFBundleNumericVersion"=402685952, "CFBundlePackageType"="APPL", "CFBundleShortVersionString"="0.9.0", "CFBun<…>
2026-09-14 13:56:08.999 Df PeachCommander[24060:13630] [com.apple.xpc:connection] [0xc5cca0f00] activating connection: mach=true listener=false peer=false name=com.apple.coreservices.appleevents
2026-09-14 13:56:08.999 I  PeachCommander[24060:13630] [com.apple.appleevents:main] _AEGetRegisteredMachPort() created default port (port:64515/0xfc03 rcv:1 send:1 limit:5) and registered it with server
2026-09-14 13:56:08.999 Df PeachCommander[24060:13630] [com.apple.xpc:connection] [0xc5cca0280] Connection returned listener port: 0x5403
2026-09-14 13:56:08.999 I  PeachCommander[24060:13630] [com.apple.launchservices:cas] information in shared memory for 0x0-0x13f13f with seed 533 was still valid, so using cached info { "ApplicationType"="Foreground", "BuildMachineOSBuild"="25E246", "BundleIdentifierLowerCase"="com.peachcommander.app", "CFBundleDevelopmentRegion"="en", "CFBundleDocumentTypes"=( { "CFBundleTypeName"="Peach Commander Plugin Package", "CFBundleTypeRole"="Viewer", "LSHandlerRank"="Owner", "LSItemContentTypes"=( "com.peachcommander.plugin-package") }), "CFBundleExecutable"="PeachCommander", "CFBundleExecutablePath"="/Users/admin/pc-test/PeachCommander.app/Contents/MacOS/PeachCommander", "CFBundleExecutablePathDeviceID"=16777227, "CFBundleExecutablePathINode"=488284, "CFBundleHelpBookFolder"="PeachCommander.help", "CFBundleHelpBookName"="Peach Commander Help", "CFBundleIconFile"="AppIcon", "CFBundleIconName"="AppIcon", "CFBundleIdentifier"="com.peachcommander.app", "CFBundleInfoDictionaryVersion"="6.0", "CFBundleName"="PeachCommander", "CFBundleNameLowerCase"="peachcommander", "CFBundleNumericVersion"=402685952, "CFBundlePackageType"="APPL", "CFBundleShortVersionString"="0.9.0", "CFBun<…>
2026-09-14 13:56:08.999 Df PeachCommander[24060:13630] [com.apple.processmanager:front-35286506] SignalReady: pid=24060 asn=0x0-0x13f13f
2026-09-14 13:56:09.000 Df PeachCommander[24060:13630] [com.apple.processmanager:front-35286506] SIGNAL: pid=24060 asn=0x0x-0x13f13f
2026-09-14 13:56:09.000 I  PeachCommander[24060:13630] [com.apple.appleevents:main] aeGenerateFakeFirstOAPPEventIfNecessary()
2026-09-14 13:56:09.000 I  PeachCommander[24060:13630] [com.apple.appleevents:main] aeGenerateFakeFirstOAPPEventIfNecessary(), needToCreateFakeOAPPEventIfFirstEvent == true
2026-09-14 13:56:09.000 I  PeachCommander[24060:13630] [com.apple.launchservices:cas] Removing cached information for app [ 0x0-0x13f13f]  "PeachCommander", as its seed is different from that in shared memory ( 533 vs 535)
2026-09-14 13:56:09.000 I  PeachCommander[24060:13630] [com.apple.CFPasteboard:entry] CopyData('DefaultAsciiKeyboardLayoutPasteboard' (<CFUUID 0xc5cd609e0> 37F9A4D3-D5E1-47D6-A39E-648A233247E8) gen: -1 item: 1264739405 flavor: 'DefaultAsciiKeyboardLayoutFlavor')
2026-09-14 13:56:09.000 I  PeachCommander[24060:13630] [com.apple.CFPasteboard:cache] Rebuilding cache for 'DefaultAsciiKeyboardLayoutPasteboard' (<CFUUID 0xc5cd609e0> 37F9A4D3-D5E1-47D6-A39E-648A233247E8)
2026-09-14 13:56:09.000 I  PeachCommander[24060:13630] [com.apple.CFPasteboard:exit] (not-in-cache) - result: -8 generation: 0 null data flags: 0
2026-09-14 13:56:09.000 A  PeachCommander[24060:13630] (CoreFoundation) Loading Preferences From User CFPrefsD
2026-09-14 13:56:09.001 A  PeachCommander[24060:13630] (CoreFoundation) Loading Preferences From System CFPrefsD
2026-09-14 13:56:09.001 I  PeachCommander[24060:13630] [com.apple.CFPasteboard:entry] CopyData('AppleIntlFileCacheModificationDatePasteboard' (<CFUUID 0xc5cd60c80> 8F3FAA0F-5A81-4F78-84BF-7274B51D1313) gen: -1 item: 1 flavor: '-32766 1768845414')
2026-09-14 13:56:09.001 I  PeachCommander[24060:13630] [com.apple.CFPasteboard:cache] Rebuilding cache for 'AppleIntlFileCacheModificationDatePasteboard' (<CFUUID 0xc5cd60c80> 8F3FAA0F-5A81-4F78-84BF-7274B51D1313)
2026-09-14 13:56:09.001 I  PeachCommander[24060:13630] [com.apple.CFPasteboard:general] Will request data from daemon
2026-09-14 13:56:09.001 I  PeachCommander[24060:13630] [com.apple.CFPasteboard:exit] (not-in-cache) - result: 0 generation: 7 data (310 bytes) flags: 0
2026-09-14 13:56:09.001 I  PeachCommander[24060:13630] [com.apple.CFPasteboard:entry] CopyData('AppleIntlFileCacheModificationDatePasteboard' (<CFUUID 0xc5cd60c80> 8F3FAA0F-5A81-4F78-84BF-7274B51D1313) gen: -1 item: 1 flavor: '-32765 1802264953')
2026-09-14 13:56:09.001 I  PeachCommander[24060:13630] [com.apple.CFPasteboard:general] Will request data from daemon
2026-09-14 13:56:09.001 I  PeachCommander[24060:13630] [com.apple.CFPasteboard:exit] (not-in-cache) - result: 0 generation: 7 data (306 bytes) flags: 0
2026-09-14 13:56:09.001 I  PeachCommander[24060:13630] [com.apple.CFPasteboard:entry] CopyData('AppleIntlFileCacheModificationDatePasteboard' (<CFUUID 0xc5cd60c80> 8F3FAA0F-5A81-4F78-84BF-7274B51D1313) gen: -1 item: 1 flavor: '-32764 1802264953')
2026-09-14 13:56:09.001 I  PeachCommander[24060:13630] [com.apple.CFPasteboard:general] Will request data from daemon
2026-09-14 13:56:09.002 I  PeachCommander[24060:13630] [com.apple.CFPasteboard:exit] (not-in-cache) - result: 0 generation: 7 data (281 bytes) flags: 0
2026-09-14 13:56:09.002 I  PeachCommander[24060:13630] [com.apple.CFPasteboard:entry] CopyData('AppleIntlFileCacheModificationDatePasteboard' (<CFUUID 0xc5cd60c80> 8F3FAA0F-5A81-4F78-84BF-7274B51D1313) gen: -1 item: 1 flavor: '-32763 1802264953')
2026-09-14 13:56:09.002 I  PeachCommander[24060:13630] [com.apple.CFPasteboard:general] Will request data from daemon
2026-09-14 13:56:09.002 I  PeachCommander[24060:13630] [com.apple.CFPasteboard:exit] (not-in-cache) - result: 0 generation: 7 data (318 bytes) flags: 0
2026-09-14 13:56:09.002 I  PeachCommander[24060:13630] [com.apple.CFPasteboard:entry] CopyData('AppleIntlFileCacheModificationDatePasteboard' (<CFUUID 0xc5cd60c80> 8F3FAA0F-5A81-4F78-84BF-7274B51D1313) gen: -1 item: 1 flavor: '-32765 1768845414')
2026-09-14 13:56:09.002 I  PeachCommander[24060:13630] [com.apple.CFPasteboard:general] Will request data from daemon
2026-09-14 13:56:09.002 I  PeachCommander[24060:13630] [com.apple.CFPasteboard:exit] (not-in-cache) - result: 0 generation: 7 data (303 bytes) flags: 0
2026-09-14 13:56:09.002 I  PeachCommander[24060:13630] [com.apple.CFPasteboard:entry] CopyData('AppleIntlFileCacheModificationDatePasteboard' (<CFUUID 0xc5cd60c80> 8F3FAA0F-5A81-4F78-84BF-7274B51D1313) gen: -1 item: 1 flavor: '-32763 1768845414')
2026-09-14 13:56:09.002 I  PeachCommander[24060:13630] [com.apple.CFPasteboard:general] Will request data from daemon
2026-09-14 13:56:09.002 I  PeachCommander[24060:13630] [com.apple.CFPasteboard:exit] (not-in-cache) - result: 0 generation: 7 data (315 bytes) flags: 0
2026-09-14 13:56:09.003 I  PeachCommander[24060:13630] [com.apple.launchservices:cas] information in shared memory for 0x0-0x13f13f with seed 535 was still valid, so using cached info { "ApplicationType"="Foreground", "BuildMachineOSBuild"="25E246", "BundleIdentifierLowerCase"="com.peachcommander.app", "CFBundleDevelopmentRegion"="en", "CFBundleDocumentTypes"=( { "CFBundleTypeName"="Peach Commander Plugin Package", "CFBundleTypeRole"="Viewer", "LSHandlerRank"="Owner", "LSItemContentTypes"=( "com.peachcommander.plugin-package") }), "CFBundleExecutable"="PeachCommander", "CFBundleExecutablePath"="/Users/admin/pc-test/PeachCommander.app/Contents/MacOS/PeachCommander", "CFBundleExecutablePathDeviceID"=16777227, "CFBundleExecutablePathINode"=488284, "CFBundleHelpBookFolder"="PeachCommander.help", "CFBundleHelpBookName"="Peach Commander Help", "CFBundleIconFile"="AppIcon", "CFBundleIconName"="AppIcon", "CFBundleIdentifier"="com.peachcommander.app", "CFBundleInfoDictionaryVersion"="6.0", "CFBundleName"="PeachCommander", "CFBundleNameLowerCase"="peachcommander", "CFBundleNumericVersion"=402685952, "CFBundlePackageType"="APPL", "CFBundleShortVersionString"="0.9.0", "CFBun<…>
2026-09-14 13:56:09.003 Df PeachCommander[24060:13630] [com.apple.xpc:connection] [0xc5cca1e00] activating connection: mach=false listener=false peer=false name=com.apple.ViewBridgeAuxiliary
2026-09-14 13:56:09.007 Df PeachCommander[24060:13630] [com.apple.xpc:connection] [0xc5cca1cc0] activating connection: mach=false listener=false peer=false name=(anonymous)
2026-09-14 13:56:09.007 Df PeachCommander[24060:13630] [com.apple.xpc:connection] [0xc5cca1f40] activating connection: mach=false listener=true peer=false name=(anonymous)
2026-09-14 13:56:09.007 Df PeachCommander[24060:13630] [com.apple.xpc:connection] [0xc5cca1f40] Connection returned listener port: 0xf503
2026-09-14 13:56:09.008 Df PeachCommander[24060:13630] [com.apple.xpc:connection] [0xc5cca1e00] invalidated after the last release of the connection object
2026-09-14 13:56:09.008 I  PeachCommander[24060:13630] [com.apple.showhide:pr-59900543] SHOWHIDE: SHOW id=532 0x0-0x13F13F, err=0 eventTime=1622674266041 windowID=0
2026-09-14 13:56:09.008 I  PeachCommander[24060:13630] [com.apple.CarbonCore:coreservicesdaemon] findOrCreateCacheable():findOrCreateCacheable(), factoryName=3 cacheableName=<private> fCacheables.size()=0
2026-09-14 13:56:09.008 I  PeachCommander[24060:13630] [com.apple.CarbonCore:coreservicesdaemon] findOrCreateCacheable():findOrCreateCacheable(), result = 0xc5d148c40 (should be non-NULL)
2026-09-14 13:56:09.008 Df PeachCommander[24060:13630] [com.apple.AppKit:AutomaticTermination] void _NSDisableAutomaticTerminationAndLog(NSString *) Restoring windows
2026-09-14 13:56:09.008 Df PeachCommander[24060:13630] [com.apple.AppKit:StateRestoration] -[NSApplication _reopenWindowsAsNecessaryIncludingRestorableState:withFullFidelity:completionHandler:] shouldRestoreState=1 hasPersistentStateToRestore=0 shouldStillRestoreStateAfterPrompting=0
2026-09-14 13:56:09.008 Df PeachCommander[24060:13630] [com.apple.xpc:connection] [0xc5cca1e00] activating connection: mach=true listener=false peer=false name=com.apple.window_proxies
2026-09-14 13:56:09.008 Df PeachCommander[24060:13630] [com.apple.xpc:connection] [0xc5cca1e00] invalidated because the current process cancelled the connection by calling xpc_connection_cancel()
2026-09-14 13:56:09.008 I  PeachCommander[24060:13630] [com.apple.SkyLight:processes] 0[outside of RPC]: SLSSetFrontProcessWithInfo(0x0-0x2 window=0 options=0x1
2026-09-14 13:56:09.009 I  PeachCommander[24060:13630] [com.apple.CoreAnalytics:client] Dropping "com.apple.appkit.app_config" as it isn't used in any transform (not in the config or budgeted?)
2026-09-14 13:56:09.009 Df PeachCommander[24060:13630] [com.apple.AppKit:AutomaticTermination] void _NSEnableAutomaticTerminationAndLog(NSString *) Restoring windows
2026-09-14 13:56:09.011 I  PeachCommander[24060:13630] [com.apple.CoreAnalytics:client] Dropping "com.apple.appkit.app_config" as it isn't used in any transform (not in the config or budgeted?)
2026-09-14 13:56:09.011 I  PeachCommander[24060:13630] [com.apple.CoreAnalytics:client] Dropping "com.apple.appkit.app_config" as it isn't used in any transform (not in the config or budgeted?)
2026-09-14 13:56:09.019 A  PeachCommander[24060:13630] (CoreFoundation) Loading Preferences From User CFPrefsD
2026-09-14 13:56:09.024 I  PeachCommander[24060:13630] [com.peachcommander:PCFoundation] VolumeManager initialized
2026-09-14 13:56:09.041 Df PeachCommander[24060:13630] [com.apple.BoardServices:XPCErrors] [C:1] Alloc <private>
2026-09-14 13:56:09.041 Df PeachCommander[24060:13630] [com.apple.xpc:connection] [0xc5cff5180] activating connection: mach=false listener=false peer=false name=(anonymous)
2026-09-14 13:56:09.043 I  PeachCommander[24060:13630] [com.apple.AppKit:Window] context (0 -> 55db2a59) for window 4fc
2026-09-14 13:56:09.044 Df PeachCommander[24060:1363d] [com.apple.corespotlight:index] (<private>) deleteSearchableItemsWithDomainIdentifiers, protectionClass:(null), domainIdentifiers number:1
2026-09-14 13:56:09.044 A  PeachCommander[24060:1363d] (CoreSpotlight) delete-domains
2026-09-14 13:56:09.044 Df PeachCommander[24060:1363d] [com.apple.corespotlight:index] CSInlineDonation:<private>: Skipping donation (feature flag disabled)
2026-09-14 13:56:09.044 Df PeachCommander[24060:1363d] (CoreSpotlight) sConnectionName: com.apple.spotlight.IndexAgent
2026-09-14 13:56:09.044 Df PeachCommander[24060:1363d] (CoreSpotlight) Start service name com.apple.spotlight.IndexAgent
2026-09-14 13:56:09.044 Df PeachCommander[24060:1363d] [com.apple.xpc:connection] [0xc5cff5400] activating connection: mach=true listener=false peer=false name=com.apple.spotlight.IndexAgent
2026-09-14 13:56:09.044 I  PeachCommander[24060:13630] [com.peachcommander:PCFoundation] MainWindowController initialized (config: <private>)
2026-09-14 13:56:09.044 I  PeachCommander[24060:13630] [com.peachcommander:PCFoundation] SelectionState initialized
2026-09-14 13:56:09.044 I  PeachCommander[24060:13630] [com.peachcommander:PCFoundation] DirectoryModel initialized
2026-09-14 13:56:09.044 I  PeachCommander[24060:13630] [com.peachcommander:PCFoundation] VolumeManager initialized
2026-09-14 13:56:09.044 I  PeachCommander[24060:13630] [com.peachcommander:PCFoundation] PanelController initialized for <private> panel
2026-09-14 13:56:09.045 I  PeachCommander[24060:13630] [com.peachcommander:PCFoundation] SelectionState initialized
2026-09-14 13:56:09.045 I  PeachCommander[24060:13630] [com.peachcommander:PCFoundation] DirectoryModel initialized
2026-09-14 13:56:09.045 I  PeachCommander[24060:13630] [com.peachcommander:PCFoundation] VolumeManager initialized
2026-09-14 13:56:09.045 I  PeachCommander[24060:13630] [com.peachcommander:PCFoundation] PanelController initialized for <private> panel
2026-09-14 13:56:09.048 I  PeachCommander[24060:13630] [com.apple.AppKit:Animation] Running new animation: <private>
2026-09-14 13:56:09.048 I  PeachCommander[24060:13630] [com.apple.AppKit:Animation] Running new animation: <private>
2026-09-14 13:56:09.048 I  PeachCommander[24060:13630] [com.apple.AppKit:Animation] Running new animation: <private>
2026-09-14 13:56:09.048 I  PeachCommander[24060:13630] [com.apple.AppKit:Animation] Running new animation: <private>
2026-09-14 13:56:09.048 I  PeachCommander[24060:13630] [com.apple.AppKit:Animation] Running new animation: <private>
2026-09-14 13:56:09.049 A  PeachCommander[24060:13638] (RunningBoardServices) didChangeInheritances
2026-09-14 13:56:09.051 I  PeachCommander[24060:13630] [com.apple.AppKit:Animation] Running new animation: <private>
2026-09-14 13:56:09.051 I  PeachCommander[24060:13630] [com.apple.AppKit:Animation] Running new animation: <private>
2026-09-14 13:56:09.051 I  PeachCommander[24060:13630] [com.apple.AppKit:Animation] Running new animation: <private>
2026-09-14 13:56:09.051 I  PeachCommander[24060:13630] [com.apple.AppKit:Animation] Running new animation: <private>
2026-09-14 13:56:09.051 I  PeachCommander[24060:13630] [com.apple.AppKit:Animation] Running new animation: <private>
2026-09-14 13:56:09.057 I  PeachCommander[24060:13630] [com.apple.CoreAnalytics:client] Dropping "com.apple.appkit.app_config" as it isn't used in any transform (not in the config or budgeted?)
2026-09-14 13:56:09.058 I  PeachCommander[24060:13630] [com.apple.CoreAnalytics:client] Dropping "com.apple.appkit.app_config" as it isn't used in any transform (not in the config or budgeted?)
2026-09-14 13:56:09.061 I  PeachCommander[24060:13630] [com.apple.launchservices:datasep] application record search init. Node: <FSNode 0xc5d95aba0> { isDir = ?, path = <private> } bundleID: (null) itemID: 0
2026-09-14 13:56:09.063 I  PeachCommander[24060:13630] [com.apple.GenerativeModels:availability] Current availability state: unavailable, use cases: com.apple.Settings.AppleIntelligence,com.apple.Siri.NLRouter, language: en, api: <private>
2026-09-14 13:56:09.063 Df PeachCommander[24060:13630] [com.apple.GenerativeModels:availability] isOkayToHaveAsset: False
2026-09-14 13:56:09.063 E  PeachCommander[24060:13630] [com.apple.siri:Utility] AFIsDeviceGreymatterEligible Missing entitlements for os_eligibility lookup
2026-09-14 13:56:09.063 I  PeachCommander[24060:13630] [com.apple.GenerativeModels:availability] Current availability state: unavailable, use cases: com.apple.Settings.AppleIntelligence, language: en, api: <private>
2026-09-14 13:56:09.063 Df PeachCommander[24060:13630] [com.apple.GenerativeModels:availability] isOkayToHaveAsset: False
2026-09-14 13:56:09.063 Df PeachCommander[24060:13630] [com.apple.siri:Utility] -[AFSystemAssistantExperienceStatusManager fetchGenerativeModelsAvailability] #SAEStatus #cacheUpdate Updating cache:
deviceSupportsSAE: 0 (0)
       saeEnabled: 0 (0)
     saeAvailable: 0 (0)
      swaiEnabled: 0 (0)
        viEnabled: 0 (0)
        siriAvailability:
        <private>
        ((null))
2026-09-14 13:56:09.063 Df PeachCommander[24060:13630] [com.apple.xpc:connection] [0xc5cacc140] activating connection: mach=true listener=false peer=false name=com.apple.iconservices
2026-09-14 13:56:09.063 Df PeachCommander[24060:13630] [com.apple.xpc:connection] [0xc5cacc280] activating connection: mach=true listener=false peer=false name=com.apple.iconservices.store
2026-09-14 13:56:09.069 I  PeachCommander[24060:13630] [com.peachcommander:Theme] no user themes in /Users/admin/pc-cfg/themes
2026-09-14 13:56:09.069 Df PeachCommander[24060:13630] [com.apple.AppKit:Appearance] Invalidate NSApp effectiveAppearance
2026-09-14 13:56:09.069 Df PeachCommander[24060:13630] [com.apple.AppKit:Appearance] NSApp cache appearance:
-NSRequiresAquaSystemAppearance: 0
-appearance: <NSCompositeAppearance: 0xc5cc8d9a0
 (
    "<NSDarkAquaAppearance: 0xc5cc8da40>",
    "<NSSystemAppearance: 0xc5cc8c6e0>"
)>
-effectiveAppearance: <NSCompositeAppearance: 0xc5cc8d9a0
 (
    "<NSDarkAquaAppearance: 0xc5cc8da40>",
    "<NSSystemAppearance: 0xc5cc8c6e0>"
)>
2026-09-14 13:56:09.069 A  PeachCommander[24060:1363d] (libsystem_info.dylib) Retrieve Group by ID
2026-09-14 13:56:09.071 I  PeachCommander[24060:13630] [com.peachcommander:PCFoundation] Theme applied: id=norton, appearance=dark, dark=true, background=#0000AA
2026-09-14 13:56:09.094 I  PeachCommander[24060:13630] [com.apple.iconservices:foundation] layer data size zero
2026-09-14 13:56:09.094 I  PeachCommander[24060:13630] [com.apple.CoreAnalytics:client] Dropping "com.apple.appkit.app_config" as it isn't used in any transform (not in the config or budgeted?)
2026-09-14 13:56:09.098 I  PeachCommander[24060:13630] [com.peachcommander:PCFoundation] Keymap loaded: scheme=<private>, 82 effective bindings
2026-09-14 13:56:09.099 I  PeachCommander[24060:13630] [com.apple.AppKit:Animation] Running new animation: <private>
2026-09-14 13:56:09.099 I  PeachCommander[24060:13630] [com.apple.AppKit:Animation] Running new animation: <private>
2026-09-14 13:56:09.099 I  PeachCommander[24060:13630] [com.apple.AppKit:Animation] Running new animation: <private>
2026-09-14 13:56:09.099 I  PeachCommander[24060:13630] [com.apple.AppKit:Animation] Running new animation: <private>
2026-09-14 13:56:09.099 I  PeachCommander[24060:13630] [com.apple.AppKit:Animation] Running new animation: <private>
2026-09-14 13:56:09.100 I  PeachCommander[24060:13630] [com.apple.AppKit:Animation] Running new animation: <private>
2026-09-14 13:56:09.100 I  PeachCommander[24060:13630] [com.apple.AppKit:Animation] Running new animation: <private>
2026-09-14 13:56:09.100 I  PeachCommander[24060:13630] [com.apple.AppKit:Animation] Running new animation: <private>
2026-09-14 13:56:09.100 I  PeachCommander[24060:13630] [com.apple.AppKit:Animation] Running new animation: <private>
2026-09-14 13:56:09.100 I  PeachCommander[24060:13630] [com.apple.AppKit:Animation] Running new animation: <private>
2026-09-14 13:56:09.102 I  PeachCommander[24060:13630] [com.apple.CoreAnalytics:client] Dropping "<private>" as it isn't used in any transform (not in the config or budgeted?)
2026-09-14 13:56:09.103 I  PeachCommander[24060:13630] [com.apple.CoreAnalytics:client] Dropping "<private>" as it isn't used in any transform (not in the config or budgeted?)
2026-09-14 13:56:09.103 I  PeachCommander[24060:13630] [com.apple.CoreAnalytics:client] Dropping "<private>" as it isn't used in any transform (not in the config or budgeted?)
2026-09-14 13:56:09.103 I  PeachCommander[24060:13630] [com.peachcommander:PCFoundation] MainWindowController window loaded
2026-09-14 13:56:09.103 I  PeachCommander[24060:13630] [com.apple.launchservices:cas] information in shared memory for 0x0-0x13f13f with seed 535 was still valid, so using cached info { "ApplicationType"="Foreground", "BuildMachineOSBuild"="25E246", "BundleIdentifierLowerCase"="com.peachcommander.app", "CFBundleDevelopmentRegion"="en", "CFBundleDocumentTypes"=( { "CFBundleTypeName"="Peach Commander Plugin Package", "CFBundleTypeRole"="Viewer", "LSHandlerRank"="Owner", "LSItemContentTypes"=( "com.peachcommander.plugin-package") }), "CFBundleExecutable"="PeachCommander", "CFBundleExecutablePath"="/Users/admin/pc-test/PeachCommander.app/Contents/MacOS/PeachCommander", "CFBundleExecutablePathDeviceID"=16777227, "CFBundleExecutablePathINode"=488284, "CFBundleHelpBookFolder"="PeachCommander.help", "CFBundleHelpBookName"="Peach Commander Help", "CFBundleIconFile"="AppIcon", "CFBundleIconName"="AppIcon", "CFBundleIdentifier"="com.peachcommander.app", "CFBundleInfoDictionaryVersion"="6.0", "CFBundleName"="PeachCommander", "CFBundleNameLowerCase"="peachcommander", "CFBundleNumericVersion"=402685952, "CFBundlePackageType"="APPL", "CFBundleShortVersionString"="0.9.0", "CFBun<…>
2026-09-14 13:56:09.103 I  PeachCommander[24060:13630] [com.apple.launchservices:cas] information in shared memory for 0x0-0x13f13f with seed 535 was still valid, so using cached info { "ApplicationType"="Foreground", "BuildMachineOSBuild"="25E246", "BundleIdentifierLowerCase"="com.peachcommander.app", "CFBundleDevelopmentRegion"="en", "CFBundleDocumentTypes"=( { "CFBundleTypeName"="Peach Commander Plugin Package", "CFBundleTypeRole"="Viewer", "LSHandlerRank"="Owner", "LSItemContentTypes"=( "com.peachcommander.plugin-package") }), "CFBundleExecutable"="PeachCommander", "CFBundleExecutablePath"="/Users/admin/pc-test/PeachCommander.app/Contents/MacOS/PeachCommander", "CFBundleExecutablePathDeviceID"=16777227, "CFBundleExecutablePathINode"=488284, "CFBundleHelpBookFolder"="PeachCommander.help", "CFBundleHelpBookName"="Peach Commander Help", "CFBundleIconFile"="AppIcon", "CFBundleIconName"="AppIcon", "CFBundleIdentifier"="com.peachcommander.app", "CFBundleInfoDictionaryVersion"="6.0", "CFBundleName"="PeachCommander", "CFBundleNameLowerCase"="peachcommander", "CFBundleNumericVersion"=402685952, "CFBundlePackageType"="APPL", "CFBundleShortVersionString"="0.9.0", "CFBun<…>
2026-09-14 13:56:09.111 I  PeachCommander[24060:13630] [com.apple.AppKit:Window] order window front conditionally: 4fc related: 0
2026-09-14 13:56:09.111 Df PeachCommander[24060:13630] [com.apple.AppKit:AutomaticTermination] void _NSEnableAutomaticTerminationAndLog(NSString *) No windows open yet
2026-09-14 13:56:09.111 I  PeachCommander[24060:13630] [com.apple.AppKit:Intelligence] starting collection observation
2026-09-14 13:56:09.111 Df PeachCommander[24060:1363d] [com.apple.UIIntelligenceSupport:xpc] establishing connection to agent
2026-09-14 13:56:09.111 Df PeachCommander[24060:1363d] [com.apple.xpc:session] [0xc5c4895e0] Session created.
2026-09-14 13:56:09.111 Df PeachCommander[24060:1363d] [com.apple.xpc:session] [0xc5c4895e0] Session created from connection [0xc5cace440]
2026-09-14 13:56:09.111 Df PeachCommander[24060:1363d] [com.apple.xpc:connection] [0xc5cace440] activating connection: mach=true listener=false peer=false name=com.apple.uiintelligencesupport.agent
2026-09-14 13:56:09.111 Df PeachCommander[24060:1363d] [com.apple.xpc:session] [0xc5c4895e0] Session activated
2026-09-14 13:56:09.112 I  PeachCommander[24060:13630] [com.apple.SkyLight:processes] 0[outside of RPC]: SLSSetFrontProcessWithInfo(0x0-0x2 window=0 options=0x1
2026-09-14 13:56:09.112 Df PeachCommander[24060:13638] [com.apple.UIIntelligenceSupport:xpc] Connection established with agent PID: 1213
2026-09-14 13:56:09.112 I  PeachCommander[24060:13630] [com.apple.launchservices:cas] information in shared memory for 0x0-0x13f13f with seed 535 was still valid, so using cached info { "ApplicationType"="Foreground", "BuildMachineOSBuild"="25E246", "BundleIdentifierLowerCase"="com.peachcommander.app", "CFBundleDevelopmentRegion"="en", "CFBundleDocumentTypes"=( { "CFBundleTypeName"="Peach Commander Plugin Package", "CFBundleTypeRole"="Viewer", "LSHandlerRank"="Owner", "LSItemContentTypes"=( "com.peachcommander.plugin-package") }), "CFBundleExecutable"="PeachCommander", "CFBundleExecutablePath"="/Users/admin/pc-test/PeachCommander.app/Contents/MacOS/PeachCommander", "CFBundleExecutablePathDeviceID"=16777227, "CFBundleExecutablePathINode"=488284, "CFBundleHelpBookFolder"="PeachCommander.help", "CFBundleHelpBookName"="Peach Commander Help", "CFBundleIconFile"="AppIcon", "CFBundleIconName"="AppIcon", "CFBundleIdentifier"="com.peachcommander.app", "CFBundleInfoDictionaryVersion"="6.0", "CFBundleName"="PeachCommander", "CFBundleNameLowerCase"="peachcommander", "CFBundleNumericVersion"=402685952, "CFBundlePackageType"="APPL", "CFBundleShortVersionString"="0.9.0", "CFBun<…>
2026-09-14 13:56:09.112 Df PeachCommander[24060:13630] [com.apple.xpc:connection] [0xc5cace580] activating connection: mach=true listener=false peer=false name=com.apple.FileCoordination
2026-09-14 13:56:09.112 Df PeachCommander[24060:13638] [com.apple.foundation.filecoordination:presenter] Adding presenter 562BCA16-349E-4182-B4E0-42B682598828 for URL: <private>
2026-09-14 13:56:09.113 I  PeachCommander[24060:13630] [com.apple.launchservices:cas] information in shared memory for 0x0-0x13f13f with seed 535 was still valid, so using cached info { "ApplicationType"="Foreground", "BuildMachineOSBuild"="25E246", "BundleIdentifierLowerCase"="com.peachcommander.app", "CFBundleDevelopmentRegion"="en", "CFBundleDocumentTypes"=( { "CFBundleTypeName"="Peach Commander Plugin Package", "CFBundleTypeRole"="Viewer", "LSHandlerRank"="Owner", "LSItemContentTypes"=( "com.peachcommander.plugin-package") }), "CFBundleExecutable"="PeachCommander", "CFBundleExecutablePath"="/Users/admin/pc-test/PeachCommander.app/Contents/MacOS/PeachCommander", "CFBundleExecutablePathDeviceID"=16777227, "CFBundleExecutablePathINode"=488284, "CFBundleHelpBookFolder"="PeachCommander.help", "CFBundleHelpBookName"="Peach Commander Help", "CFBundleIconFile"="AppIcon", "CFBundleIconName"="AppIcon", "CFBundleIdentifier"="com.peachcommander.app", "CFBundleInfoDictionaryVersion"="6.0", "CFBundleName"="PeachCommander", "CFBundleNameLowerCase"="peachcommander", "CFBundleNumericVersion"=402685952, "CFBundlePackageType"="APPL", "CFBundleShortVersionString"="0.9.0", "CFBun<…>
2026-09-14 13:56:09.116 I  PeachCommander[24060:13630] [com.apple.AppKit:Window] order all windows front 1622674266041
2026-09-14 13:56:09.116 I  PeachCommander[24060:13630] [com.apple.launchservices:cas] information in shared memory for 0x0-0x13f13f with seed 535 was still valid, so using cached info { "ApplicationType"="Foreground", "BuildMachineOSBuild"="25E246", "BundleIdentifierLowerCase"="com.peachcommander.app", "CFBundleDevelopmentRegion"="en", "CFBundleDocumentTypes"=( { "CFBundleTypeName"="Peach Commander Plugin Package", "CFBundleTypeRole"="Viewer", "LSHandlerRank"="Owner", "LSItemContentTypes"=( "com.peachcommander.plugin-package") }), "CFBundleExecutable"="PeachCommander", "CFBundleExecutablePath"="/Users/admin/pc-test/PeachCommander.app/Contents/MacOS/PeachCommander", "CFBundleExecutablePathDeviceID"=16777227, "CFBundleExecutablePathINode"=488284, "CFBundleHelpBookFolder"="PeachCommander.help", "CFBundleHelpBookName"="Peach Commander Help", "CFBundleIconFile"="AppIcon", "CFBundleIconName"="AppIcon", "CFBundleIdentifier"="com.peachcommander.app", "CFBundleInfoDictionaryVersion"="6.0", "CFBundleName"="PeachCommander", "CFBundleNameLowerCase"="peachcommander", "CFBundleNumericVersion"=402685952, "CFBundlePackageType"="APPL", "CFBundleShortVersionString"="0.9.0", "CFBun<…>
2026-09-14 13:56:09.116 I  PeachCommander[24060:13630] [com.apple.showhide:pr-59900543] SHOWHIDE: CONFIRM, id=532, err=0
2026-09-14 13:56:09.116 I  PeachCommander[24060:13630] [com.apple.AppKit:Window] context (0 -> cb347095) for window 4fb
2026-09-14 13:56:09.116 I  PeachCommander[24060:13630] [com.apple.AppKit:Window] context (0 -> 30b7f609) for window 4fa
2026-09-14 13:56:09.116 I  PeachCommander[24060:13630] [com.apple.AppKit:Window] context (0 -> f29d6301) for window 4f9
2026-09-14 13:56:09.116 I  PeachCommander[24060:13630] [com.apple.AppKit:Window] context (0 -> 65a246e1) for window 4f8
2026-09-14 13:56:09.132 I  PeachCommander[24060:13630] [com.apple.iconservices:foundation] layer data size zero
2026-09-14 13:56:09.140 Df PeachCommander[24060:13630] [com.apple.AppKit:AutomaticTermination] void _updateToReflectAutomaticTerminationState(void) Setting _kLSApplicationWouldBeTerminatedByTALKey=0
2026-09-14 13:56:09.140 I  PeachCommander[24060:13630] [com.apple.runningboard:assertion] Acquiring assertion: <RBSAssertionDescriptor| "AppNap adapter assertion" ID:(null) target:24060>
2026-09-14 13:56:09.175 A  PeachCommander[24060:13643] (RunningBoardServices) didChangeInheritances
2026-09-14 13:56:09.195 Df PeachCommander[24060:13630] [com.apple.libsystem.libdispatch:] DEPRECATED USE in libdispatch client: dispatch source activated with no event handler set; set a breakpoint on _dispatch_bug_deprecated to debug
2026-09-14 13:56:09.290 I  PeachCommander[24060:13630] [com.apple.coreanimation:Utilities] IOSurface Compression Enabled: NO
2026-09-14 13:56:09.291 Df PeachCommander[24060:13638] [com.apple.coreanimation:Metal] Precompiled pipelines disabled on unsupported hardware.
2026-09-14 13:56:09.302 I  PeachCommander[24060:13630] [com.apple.CarbonCore:gestalt] SetGestaltValuesBulk SetGestaltValuesBulk( count=22 tuples=0x184a9e650
2026-09-14 13:56:09.302 I  PeachCommander[24060:13630] [com.apple.CarbonCore:gestalt] SetGestaltValue SetGestaltValue(alis 1C9) => 0
2026-09-14 13:56:09.302 I  PeachCommander[24060:13630] [com.apple.CarbonCore:gestalt] SetGestaltValue SetGestaltValue(os   FE) => 0
2026-09-14 13:56:09.302 I  PeachCommander[24060:13630] [com.apple.CarbonCore:gestalt] SetGestaltValue SetGestaltValue(addr 7) => 0
2026-09-14 13:56:09.302 I  PeachCommander[24060:13630] [com.apple.CarbonCore:gestalt] SetGestaltValue SetGestaltValue(fs   3D332) => 0
2026-09-14 13:56:09.302 I  PeachCommander[24060:13630] [com.apple.CarbonCore:gestalt] SetGestaltValue SetGestaltValue(fold 11) => 0
2026-09-14 13:56:09.302 I  PeachCommander[24060:13630] [com.apple.CarbonCore:gestalt] SetGestaltValue SetGestaltValue(lram 7FFFF000) => 0
2026-09-14 13:56:09.302 I  PeachCommander[24060:13630] [com.apple.CarbonCore:gestalt] SetGestaltValue SetGestaltValue(mmap 1) => 0
2026-09-14 13:56:09.302 I  PeachCommander[24060:13630] [com.apple.CarbonCore:gestalt] SetGestaltValue SetGestaltValue(cfrg 1) => 0
2026-09-14 13:56:09.302 I  PeachCommander[24060:13630] [com.apple.CarbonCore:gestalt] SetGestaltValue SetGestaltValue(thds 7) => 0
2026-09-14 13:56:09.302 I  PeachCommander[24060:13630] [com.apple.CarbonCore:gestalt] SetGestaltValue SetGestaltValue(tmgr E) => 0
2026-09-14 13:56:09.302 I  PeachCommander[24060:13630] [com.apple.CarbonCore:gestalt] SetGestaltValue SetGestaltValue(vers 7) => 0
2026-09-14 13:56:09.302 I  PeachCommander[24060:13630] [com.apple.CarbonCore:gestalt] SetGestaltValue SetGestaltValue(cbon 160) => 0
2026-09-14 13:56:09.302 I  PeachCommander[24060:13630] [com.apple.CarbonCore:gestalt] SetGestaltValue SetGestaltValue(cltn 1108000) => 0
2026-09-14 13:56:09.302 I  PeachCommander[24060:13630] [com.apple.CarbonCore:gestalt] SetGestaltValue SetGestaltValue(cpnt 8) => 0
2026-09-14 13:56:09.302 I  PeachCommander[24060:13630] [com.apple.CarbonCore:gestalt] SetGestaltValue SetGestaltValue(rsrc 3) => 0
2026-09-14 13:56:09.302 I  PeachCommander[24060:13630] [com.apple.CarbonCore:gestalt] SetGestaltValue SetGestaltValue(rmbg 11F) => 0
2026-09-14 13:56:09.302 I  PeachCommander[24060:13630] [com.apple.CarbonCore:gestalt] SetGestaltValue SetGestaltValue(vm   11) => 0
2026-09-14 13:56:09.302 I  PeachCommander[24060:13630] [com.apple.CarbonCore:gestalt] SetGestaltValue SetGestaltValue(srad 4170706C) => 0
2026-09-14 13:56:09.302 I  PeachCommander[24060:13630] [com.apple.CarbonCore:gestalt] SetGestaltValue SetGestaltValue(sysa 14) => 0
2026-09-14 13:56:09.302 I  PeachCommander[24060:13630] [com.apple.CarbonCore:gestalt] SetGestaltValue SetGestaltValue(copl 9) => 0
2026-09-14 13:56:09.302 I  PeachCommander[24060:13630] [com.apple.CarbonCore:gestalt] SetGestaltValue SetGestaltValue(xlat 0) => 0
2026-09-14 13:56:09.302 I  PeachCommander[24060:13630] [com.apple.CarbonCore:gestalt] SetGestaltValue SetGestaltValue(stdf 0) => 0
2026-09-14 13:56:09.302 I  PeachCommander[24060:13630] [com.apple.CarbonCore:gestalt] _NewGestalt _NewGestalt(ram  0x184a17644) => 0
2026-09-14 13:56:09.302 I  PeachCommander[24060:13630] [com.apple.CarbonCore:gestalt] _NewGestalt _NewGestalt(ramm 0x184a17644) => 0
2026-09-14 13:56:09.302 I  PeachCommander[24060:13630] [com.apple.CarbonCore:gestalt] _NewGestalt _NewGestalt(cput 0x184a17734) => 0
2026-09-14 13:56:09.302 I  PeachCommander[24060:13630] [com.apple.CarbonCore:gestalt] _NewGestalt _NewGestalt(cpuf 0x184a17764) => 0
2026-09-14 13:56:09.302 I  PeachCommander[24060:13630] [com.apple.CarbonCore:gestalt] _NewGestalt _NewGestalt(bclk 0x184a17794) => 0
2026-09-14 13:56:09.302 I  PeachCommander[24060:13630] [com.apple.CarbonCore:gestalt] _NewGestalt _NewGestalt(bclm 0x184a17794) => 0
2026-09-14 13:56:09.302 I  PeachCommander[24060:13630] [com.apple.CarbonCore:gestalt] _NewGestalt _NewGestalt(pclk 0x184a17834) => 0
2026-09-14 13:56:09.302 I  PeachCommander[24060:13630] [com.apple.CarbonCore:gestalt] _NewGestalt _NewGestalt(mclk 0x184a17834) => 0
2026-09-14 13:56:09.302 I  PeachCommander[24060:13630] [com.apple.CarbonCore:gestalt] _NewGestalt _NewGestalt(a/ux 0x184a1794c) => 0
2026-09-14 13:56:09.302 I  PeachCommander[24060:13630] [com.apple.CarbonCore:gestalt] _NewGestalt _NewGestalt(pgsz 0x184a17954) => 0
2026-09-14 13:56:09.302 I  PeachCommander[24060:13630] [com.apple.CarbonCore:gestalt] _NewGestalt _NewGestalt(csiz 0x184a17994) => 0
2026-09-14 13:56:09.302 I  PeachCommander[24060:13630] [com.apple.CarbonCore:gestalt] _NewGestalt _NewGestalt(sysv 0x1849c2dfc) => 0
2026-09-14 13:56:09.302 I  PeachCommander[24060:13630] [com.apple.CarbonCore:gestalt] _NewGestalt _NewGestalt(sys1 0x1849c2dfc) => 0
2026-09-14 13:56:09.302 I  PeachCommander[24060:13630] [com.apple.CarbonCore:gestalt] _NewGestalt _NewGestalt(sys2 0x1849c2dfc) => 0
2026-09-14 13:56:09.302 I  PeachCommander[24060:13630] [com.apple.CarbonCore:gestalt] _NewGestalt _NewGestalt(sys3 0x1849c2dfc) => 0
2026-09-14 13:56:09.302 I  PeachCommander[24060:13630] [com.apple.CarbonCore:gestalt] _NewGestalt _NewGestalt(cdfl 0x184a179d4) => 0
2026-09-14 13:56:09.302 I  PeachCommander[24060:13630] [com.apple.CarbonCore:gestalt] _NewGestalt _NewGestalt(cdrm 0x184a17c30) => 0
2026-09-14 13:56:09.302 I  PeachCommander[24060:13630] [com.apple.CarbonCore:gestalt] _NewGestalt _NewGestalt(cpus 0x184a17c78) => 0
2026-09-14 13:56:09.302 I  PeachCommander[24060:13630] [com.apple.CarbonCore:gestalt] SetGestaltValue SetGestaltValue(swex 1) => 0
2026-09-14 13:56:09.302 Df PeachCommander[24060:13630] [com.apple.xpc:connection] [0xc5cacf980] activating connection: mach=false listener=false peer=false name=com.apple.hiservices-xpcservice
2026-09-14 13:56:09.303 I  PeachCommander[24060:13630] [com.apple.CFPasteboard:entry] CopyData('ApplePerContextInputPasteboard' (<CFUUID 0xc5cb5d780> 5A9BBE2A-915A-4F28-83C6-F544CD66271A) gen: -1 item: 1264739405 flavor: 'ApplePerContextInputFlavor')
2026-09-14 13:56:09.303 I  PeachCommander[24060:13630] [com.apple.CFPasteboard:cache] Rebuilding cache for 'ApplePerContextInputPasteboard' (<CFUUID 0xc5cb5d780> 5A9BBE2A-915A-4F28-83C6-F544CD66271A)
2026-09-14 13:56:09.303 I  PeachCommander[24060:13630] [com.apple.CFPasteboard:general] Will request data from daemon
2026-09-14 13:56:09.303 I  PeachCommander[24060:13630] [com.apple.CFPasteboard:exit] (not-in-cache) - result: 0 generation: 1 data (182 bytes) flags: 0
2026-09-14 13:56:09.303 I  PeachCommander[24060:13630] [com.apple.CFPasteboard:entry] CopyData('DefaultAsciiKeyboardLayoutPasteboard' (<CFUUID 0xc5cd609e0> 37F9A4D3-D5E1-47D6-A39E-648A233247E8) gen: -1 item: 1264739405 flavor: 'DefaultAsciiKeyboardLayoutFlavor')
2026-09-14 13:56:09.303 I  PeachCommander[24060:13630] [com.apple.CFPasteboard:exit] (not-in-cache) - result: -8 generation: 0 null data flags: 0
2026-09-14 13:56:09.305 I  PeachCommander[24060:13630] [com.apple.AppKit:Window] context (0 -> 6bfc85a7) for window 4fd
2026-09-14 13:56:09.305 Df PeachCommander[24060:13630] [com.apple.inputmethodkitClient:Client] +[IMKClient subclass]: chose IMKClient_Modern
2026-09-14 13:56:09.306 Df PeachCommander[24060:13630] [com.apple.BoardServices:XPCErrors] [C:2] Alloc com.apple.backboard.hid-services.xpc
2026-09-14 13:56:09.306 Df PeachCommander[24060:13630] [com.apple.xpc:connection] [0xc5cacfac0] activating connection: mach=false listener=false peer=false name=(anonymous)
2026-09-14 13:56:09.306 E  PeachCommander[24060:13638] [com.apple.BaseBoard:Common] Unable to obtain a task name port right for pid 168: (os/kern) failure (0x5)
2026-09-14 13:56:09.306 Df PeachCommander[24060:13638] [com.apple.xpc:connection] [0xc5cace940] activating connection: mach=false listener=false peer=false name=com.apple.TextInputUI.xpc.CursorUIViewService
2026-09-14 13:56:09.306 Df PeachCommander[24060:13643] [com.apple.xpc:connection] [0xc5cace940] invalidated after the last release of the connection object
2026-09-14 13:56:09.306 I  PeachCommander[24060:13630] [com.apple.CFPasteboard:entry] CopyData('DefaultAsciiKeyboardLayoutPasteboard' (<CFUUID 0xc5cd609e0> 37F9A4D3-D5E1-47D6-A39E-648A233247E8) gen: -1 item: 1264739405 flavor: 'DefaultAsciiKeyboardLayoutFlavor')
2026-09-14 13:56:09.306 I  PeachCommander[24060:13630] [com.apple.CFPasteboard:exit] (not-in-cache) - result: -8 generation: 0 null data flags: 0
2026-09-14 13:56:09.307 Df PeachCommander[24060:13630] [com.apple.xpc:connection] [0xc5cace6c0] activating connection: mach=false listener=false peer=false name=(anonymous)
2026-09-14 13:56:09.307 Df PeachCommander[24060:13630] [com.apple.xpc:connection] [0xc5cace940] activating connection: mach=false listener=false peer=false name=com.apple.ViewBridgeAuxiliary
2026-09-14 13:56:09.307 Df PeachCommander[24060:13630] [com.apple.xpc:connection] [0xc5cace1c0] activating connection: mach=false listener=false peer=false name=(anonymous)
2026-09-14 13:56:09.307 Df PeachCommander[24060:13630] [com.apple.xpc:connection] [0xc5cace940] invalidated after the last release of the connection object
2026-09-14 13:56:09.321 Df PeachCommander[24060:13630] [com.apple.TextInputUI:CursorUI] -[TUINSCursorUIController activate:]_block_invoke: Create CursorUIViewService: TUINSRemoteViewController
2026-09-14 13:56:09.321 I  PeachCommander[24060:13630] [com.apple.AppKit:Window] window <TUINSWindow: 0xc5c46a300> windowNumber=4fd finishing close
2026-09-14 13:56:09.321 I  PeachCommander[24060:13630] [com.apple.AppKit:Window] order window: 4fd op: 0 relative: 0 related: 0
2026-09-14 13:56:09.323 A  PeachCommander[24060:13638] (CoreFoundation) Loading Preferences From System CFPrefsD
2026-09-14 13:56:09.371 I  PeachCommander[24060:13630] [com.apple.iconservices:foundation] layer data size zero
2026-09-14 13:56:09.372 A  PeachCommander[24060:13630] (CoreFoundation) Loading Preferences From User CFPrefsD
2026-09-14 13:56:09.372 I  PeachCommander[24060:13630] [com.apple.CoreAnalytics:client] Dropping "com.apple.ImageIO.readerSelection" as it isn't used in any transform (not in the config or budgeted?)
2026-09-14 13:56:09.440 I  PeachCommander[24060:13630] [com.apple.CoreAnalytics:client] Dropping "com.apple.appkit.app_config" as it isn't used in any transform (not in the config or budgeted?)
2026-09-14 13:56:09.440 I  PeachCommander[24060:13630] [com.apple.SafariPlatformSupport:SafariPlatformSupport] -[SFSafariPlatformSupport credentialSelected:] with nil credential
2026-09-14 13:56:09.440 I  PeachCommander[24060:13630] [com.apple.SafariPlatformSupport:SafariPlatformSupport] -[SFSafariPlatformSupport oneTimeCodeSelected:] with nil code
2026-09-14 13:56:09.547 I  PeachCommander[24060:136d2] [com.apple.AppKit:WindowTab] Indexing 1 items
2026-09-14 13:56:09.547 A  PeachCommander[24060:136d2] (CoreSpotlight) end-index-batch
2026-09-14 13:56:09.547 Df PeachCommander[24060:136d2] [com.apple.corespotlight:index] *warn* MailCS ======%%% _setMailMessageAttributes skip:1
2026-09-14 13:56:09.547 A  PeachCommander[24060:136d2] (CoreSpotlight) index-items
2026-09-14 13:56:09.547 Df PeachCommander[24060:136d2] [com.apple.corespotlight:index] CSInlineDonation:<private>: Skipping donation (feature flag disabled)
2026-09-14 13:56:09.547 Df PeachCommander[24060:136d2] [com.apple.corespotlight:index] CSInlineDonation:<private>: Skipping donation (feature flag disabled)
2026-09-14 13:56:09.662 I  PeachCommander[24060:13630] [com.apple.HIToolbox:MBDisplays] <private>
2026-09-14 13:56:09.662 I  PeachCommander[24060:13630] [com.apple.HIToolbox:MBDisplays] <private>
2026-09-14 13:56:09.735 Df PeachCommander[24060:13630] [com.apple.BoardServices:XPCErrors] [C:3] Alloc com.apple.backboard.hid-services.xpc
2026-09-14 13:56:09.735 Df PeachCommander[24060:13630] [com.apple.xpc:connection] [0xc5cace940] activating connection: mach=false listener=false peer=false name=(anonymous)
2026-09-14 13:56:09.736 Df PeachCommander[24060:136ca] [com.apple.BackBoard:EventDelivery] BKSHIDEventDeliveryManager - connection activation
2026-09-14 13:56:09.789 Df PeachCommander[24060:13644] [com.apple.xpc:connection] [0xc5cacde00] activating connection: mach=false listener=false peer=false name=com.apple.SafariPlatformSupport.Helper
2026-09-14 13:56:09.790 I  PeachCommander[24060:13630] [com.peachcommander:PCFoundation] Session restored
2026-09-14 13:56:09.790 Df PeachCommander[24060:13630] (Foundation) <private>
2026-09-14 13:56:09.790 I  PeachCommander[24060:13630] [com.peachcommander:PCFoundation] [automation] running /Users/admin/auto.txt
2026-09-14 13:56:09.790 Df PeachCommander[24060:13630] (Foundation) <private>
2026-09-14 13:56:09.790 I  PeachCommander[24060:13630] [com.peachcommander:PCFoundation] [automation] > active left
2026-09-14 13:56:09.790 Df PeachCommander[24060:13630] (Foundation) <private>
2026-09-14 13:56:09.790 I  PeachCommander[24060:13630] [com.peachcommander:PCFoundation] [automation] > left /Users/admin/pc-demo
2026-09-14 13:56:09.845 Df PeachCommander[24060:13639] [com.apple.xpc:connection] [0xc5cacde00] invalidated after the last release of the connection object
2026-09-14 13:56:09.852 I  PeachCommander[24060:13630] [com.apple.launchservices:cas] Removing cached information for app [ 0x0-0x13f13f]  "PeachCommander", as its seed is different from that in shared memory ( 535 vs 537)
2026-09-14 13:56:09.853 Df PeachCommander[24060:13630] [com.apple.xpc:connection] [0xc5cacdcc0] activating connection: mach=false listener=false peer=false name=(anonymous)
2026-09-14 13:56:09.853 Df PeachCommander[24060:13630] [com.apple.xpc:connection] [0xc5cacde00] activating connection: mach=false listener=false peer=false name=(anonymous)
2026-09-14 13:56:09.854 I  PeachCommander[24060:13630] [com.apple.launchservices:datasep] application record search init. Node: <FSNode 0xc5ef90900> { isDir = y, path = <private> } bundleID: (null) itemID: 0
2026-09-14 13:56:09.854 I  PeachCommander[24060:13630] [com.apple.launchservices:datasep] application record search init. Node: <FSNode 0xc5ef90900> { isDir = y, path = <private> } bundleID: (null) itemID: 0
2026-09-14 13:56:09.854 I  PeachCommander[24060:13630] [com.apple.SafariPlatformSupport:SafariPlatformSupport] -[SFSafariPlatformSupport credentialSelected:] with nil credential
2026-09-14 13:56:09.854 I  PeachCommander[24060:13630] [com.apple.SafariPlatformSupport:SafariPlatformSupport] -[SFSafariPlatformSupport oneTimeCodeSelected:] with nil code
2026-09-14 13:56:09.861 Df PeachCommander[24060:13630] (Foundation) <private>
2026-09-14 13:56:09.861 I  PeachCommander[24060:13630] [com.peachcommander:PCFoundation] [automation] > wait 1200
2026-09-14 13:56:09.881 I  PeachCommander[24060:13630] [com.apple.AppKit:Image] ISImage reported a placeholder, image rep is providing a placeholder image for <private>
2026-09-14 13:56:09.881 I  PeachCommander[24060:13630] [com.apple.AppKit:Image] ISImage reported a placeholder, image rep is providing a placeholder image for <private>
2026-09-14 13:56:09.882 I  PeachCommander[24060:13644] [com.apple.iconservices:foundation] layer data size zero
2026-09-14 13:56:09.883 I  PeachCommander[24060:13630] [com.apple.AppKit:Image] ISImage reported a placeholder, image rep is providing a placeholder image for <private>
2026-09-14 13:56:09.883 I  PeachCommander[24060:13630] [com.apple.AppKit:Image] ISImage reported a placeholder, image rep is providing a placeholder image for <private>
2026-09-14 13:56:09.884 I  PeachCommander[24060:13630] [com.apple.AppKit:Image] ISImage reported a placeholder, image rep is providing a placeholder image for <private>
2026-09-14 13:56:09.884 I  PeachCommander[24060:13630] [com.apple.AppKit:Image] ISImage reported a placeholder, image rep is providing a placeholder image for <private>
2026-09-14 13:56:09.885 I  PeachCommander[24060:13630] [com.apple.AppKit:Image] ISImage reported a placeholder, image rep is providing a placeholder image for <private>
2026-09-14 13:56:09.885 I  PeachCommander[24060:13630] [com.apple.AppKit:Image] ISImage reported a placeholder, image rep is providing a placeholder image for <private>
2026-09-14 13:56:09.886 I  PeachCommander[24060:13630] [com.apple.AppKit:Image] ISImage reported a placeholder, image rep is providing a placeholder image for <private>
2026-09-14 13:56:09.886 I  PeachCommander[24060:13630] [com.apple.AppKit:Image] ISImage reported a placeholder, image rep is providing a placeholder image for <private>
2026-09-14 13:56:09.887 I  PeachCommander[24060:13630] [com.apple.AppKit:Image] ISImage reported a placeholder, image rep is providing a placeholder image for <private>
2026-09-14 13:56:09.887 I  PeachCommander[24060:13630] [com.apple.AppKit:Image] ISImage reported a placeholder, image rep is providing a placeholder image for <private>
2026-09-14 13:56:09.892 I  PeachCommander[24060:13639] [com.apple.iconservices:foundation] layer data size zero
2026-09-14 13:56:09.919 I  PeachCommander[24060:13630] [com.apple.iconservices:foundation] layer data size zero
2026-09-14 13:56:09.920 I  PeachCommander[24060:13630] [com.apple.AppKit:Image] ISImage reported a placeholder, image rep is providing a placeholder image for <private>
2026-09-14 13:56:09.920 I  PeachCommander[24060:13630] [com.apple.iconservices:foundation] layer data size zero
2026-09-14 13:56:09.920 I  PeachCommander[24060:13630] [com.apple.AppKit:Image] ISImage reported a placeholder, image rep is providing a placeholder image for <private>
2026-09-14 13:56:09.920 I  PeachCommander[24060:13630] [com.apple.iconservices:foundation] layer data size zero
2026-09-14 13:56:09.920 I  PeachCommander[24060:13630] [com.apple.AppKit:Image] ISImage reported a placeholder, image rep is providing a placeholder image for <private>
2026-09-14 13:56:09.920 I  PeachCommander[24060:13630] [com.apple.AppKit:Image] ISImage reported a placeholder, image rep is providing a placeholder image for <private>
2026-09-14 13:56:09.923 I  PeachCommander[24060:13630] [com.apple.AppKit:Image] ISImage reported a placeholder, image rep is providing a placeholder image for <private>
2026-09-14 13:56:09.923 I  PeachCommander[24060:13630] [com.apple.AppKit:Image] ISImage reported a placeholder, image rep is providing a placeholder image for <private>
2026-09-14 13:56:09.923 I  PeachCommander[24060:13630] [com.apple.AppKit:Image] ISImage reported a placeholder, image rep is providing a placeholder image for <private>
2026-09-14 13:56:09.923 I  PeachCommander[24060:13630] [com.apple.AppKit:Image] ISImage reported a placeholder, image rep is providing a placeholder image for <private>
2026-09-14 13:56:09.930 I  PeachCommander[24060:13630] [com.apple.iconservices:foundation] layer data size zero
2026-09-14 13:56:09.930 I  PeachCommander[24060:13630] [com.apple.iconservices:foundation] layer data size zero
2026-09-14 13:56:09.930 I  PeachCommander[24060:13630] [com.apple.iconservices:foundation] layer data size zero
2026-09-14 13:56:09.931 I  PeachCommander[24060:13630] [com.apple.iconservices:foundation] layer data size zero
2026-09-14 13:56:09.932 I  PeachCommander[24060:13630] [com.apple.SafariPlatformSupport:SafariPlatformSupport] -[SPSafariPlatformSupport completionListPreferredContentSizeDidUpdate] with size {0, 0}, in window that is visible
2026-09-14 13:56:10.220 I  PeachCommander[24060:13630] [com.apple.AppKit:Image] ISImage reported a placeholder, image rep is providing a placeholder image for <private>
2026-09-14 13:56:10.249 I  PeachCommander[24060:13630] [com.apple.AppKit:Image] ISImage reported a placeholder, image rep is providing a placeholder image for <private>
2026-09-14 13:56:10.250 I  PeachCommander[24060:13630] [com.apple.AppKit:Image] ISImage reported a placeholder, image rep is providing a placeholder image for <private>
2026-09-14 13:56:10.250 I  PeachCommander[24060:13643] [com.apple.iconservices:foundation] layer data size zero
2026-09-14 13:56:10.408 I  PeachCommander[24060:136ca] [com.apple.AppKit:WindowTab] Indexing 1 items
2026-09-14 13:56:10.408 A  PeachCommander[24060:136ca] (CoreSpotlight) end-index-batch
2026-09-14 13:56:10.408 A  PeachCommander[24060:136ca] (CoreSpotlight) index-items
2026-09-14 13:56:10.408 Df PeachCommander[24060:136ca] [com.apple.corespotlight:index] CSInlineDonation:<private>: Skipping donation (feature flag disabled)
2026-09-14 13:56:10.408 Df PeachCommander[24060:136ca] [com.apple.corespotlight:index] CSInlineDonation:<private>: Skipping donation (feature flag disabled)
2026-09-14 13:56:11.136 Df PeachCommander[24060:13630] (Foundation) <private>
2026-09-14 13:56:11.137 I  PeachCommander[24060:13630] [com.peachcommander:PCFoundation] [automation] > setbool Viewer.SearchFromFind|0
2026-09-14 13:56:11.137 Df PeachCommander[24060:13630] (Foundation) <private>
2026-09-14 13:56:11.137 I  PeachCommander[24060:13630] [com.peachcommander:PCFoundation] [automation] > wait 600
2026-09-14 13:56:11.742 Df PeachCommander[24060:13630] (Foundation) <private>
2026-09-14 13:56:11.742 I  PeachCommander[24060:13630] [com.peachcommander:PCFoundation] [automation] > findviewhit report.txt|Revenue|/Users/admin/pc-demo|/Users/admin/seed-off.txt
2026-09-14 13:56:11.777 I  PeachCommander[24060:13630] [com.apple.AppKit:Window] context (0 -> e9bf4e39) for window 500
2026-09-14 13:56:11.813 I  PeachCommander[24060:13630] [com.apple.CFPasteboard:entry] CopyData('DefaultAsciiKeyboardLayoutPasteboard' (<CFUUID 0xc5cd609e0> 37F9A4D3-D5E1-47D6-A39E-648A233247E8) gen: -1 item: 1264739405 flavor: 'DefaultAsciiKeyboardLayoutFlavor')
2026-09-14 13:56:11.813 I  PeachCommander[24060:13630] [com.apple.CFPasteboard:exit] (not-in-cache) - result: -8 generation: 0 null data flags: 0
2026-09-14 13:56:11.844 I  PeachCommander[24060:13630] [com.apple.AppKit:Window] order window front conditionally: 500 related: 0
2026-09-14 13:56:12.175 I  PeachCommander[24060:13644] [com.apple.AppKit:WindowTab] Indexing 2 items
2026-09-14 13:56:12.175 A  PeachCommander[24060:13644] (CoreSpotlight) end-index-batch
2026-09-14 13:56:12.175 A  PeachCommander[24060:13644] (CoreSpotlight) index-items
2026-09-14 13:56:12.175 Df PeachCommander[24060:13644] [com.apple.corespotlight:index] CSInlineDonation:<private>: Skipping donation (feature flag disabled)
2026-09-14 13:56:12.176 Df PeachCommander[24060:13644] [com.apple.corespotlight:index] CSInlineDonation:<private>: Skipping donation (feature flag disabled)
2026-09-14 13:56:15.107 I  PeachCommander[24060:13630] [com.apple.AppKit:Animation] Running new animation: <private>
2026-09-14 13:56:15.107 I  PeachCommander[24060:13630] [com.apple.AppKit:Animation] Running new animation: <private>
2026-09-14 13:56:15.107 I  PeachCommander[24060:13630] [com.apple.AppKit:Animation] Running new animation: <private>
2026-09-14 13:56:15.107 I  PeachCommander[24060:13630] [com.apple.AppKit:Animation] Running new animation: <private>
2026-09-14 13:56:15.107 I  PeachCommander[24060:13630] [com.apple.AppKit:Animation] Running new animation: <private>
2026-09-14 13:56:15.116 I  PeachCommander[24060:13630] [com.apple.AppKit:Window] context (0 -> 4a5b2b67) for window 501
2026-09-14 13:56:15.122 I  PeachCommander[24060:13630] [com.apple.AppKit:Animation] Running new animation: <private>
2026-09-14 13:56:15.122 I  PeachCommander[24060:13630] [com.apple.AppKit:Animation] Running new animation: <private>
2026-09-14 13:56:15.122 I  PeachCommander[24060:13630] [com.apple.AppKit:Animation] Running new animation: <private>
2026-09-14 13:56:15.122 I  PeachCommander[24060:13630] [com.apple.AppKit:Animation] Running new animation: <private>
2026-09-14 13:56:15.122 I  PeachCommander[24060:13630] [com.apple.AppKit:Animation] Running new animation: <private>
2026-09-14 13:56:15.148 I  PeachCommander[24060:13630] [com.apple.CFPasteboard:entry] CopyItemsAndFlavors('Apple CFPasteboard find (<CFUUID 0xc5c2be380> 4840C2BB-D2EB-4ABA-AFB4-9507657DA867)' gen: -1)
2026-09-14 13:56:15.148 I  PeachCommander[24060:13630] [com.apple.CFPasteboard:cache] Rebuilding cache for 'Apple CFPasteboard find' (<CFUUID 0xc5c2be380> 4840C2BB-D2EB-4ABA-AFB4-9507657DA867)
2026-09-14 13:56:15.148 I  PeachCommander[24060:13630] [com.apple.CFPasteboard:exit] result: 0, gen: -1 item-count: 2 flavor-count: 2 (-1 means nil)
2026-09-14 13:56:15.148 I  PeachCommander[24060:13630] [com.apple.CFPasteboard:entry] GetDataFlags('Apple CFPasteboard find' (<CFUUID 0xc5c2be380> 4840C2BB-D2EB-4ABA-AFB4-9507657DA867) gen: -1  item: 789514, flavor: 'public.utf8-plain-text')
2026-09-14 13:56:15.148 I  PeachCommander[24060:13630] [com.apple.CFPasteboard:exit] result: 0 flags: 20000000
2026-09-14 13:56:15.148 I  PeachCommander[24060:13630] [com.apple.CFPasteboard:entry] GetDataFlags('Apple CFPasteboard find' (<CFUUID 0xc5c2be380> 4840C2BB-D2EB-4ABA-AFB4-9507657DA867) gen: -1  item: 789514, flavor: 'com.apple.cocoa.pasteboard.find-panel-search-options')
2026-09-14 13:56:15.148 I  PeachCommander[24060:13630] [com.apple.CFPasteboard:exit] result: 0 flags: 20000000
2026-09-14 13:56:15.148 Df PeachCommander[24060:13630] [com.apple.AppKit:Pasteboard] NSPasteboard (name: Apple CFPasteboard find): data requested for type NSStringPboardType at index 0
2026-09-14 13:56:15.148 I  PeachCommander[24060:13630] [com.apple.CFPasteboard:entry] GetItemCount('Apple CFPasteboard find' (<CFUUID 0xc5c2be380> 4840C2BB-D2EB-4ABA-AFB4-9507657DA867) gen: -1)
2026-09-14 13:56:15.148 I  PeachCommander[24060:13630] [com.apple.CFPasteboard:exit] result: 0 gen: 4 count: 1
2026-09-14 13:56:15.148 I  PeachCommander[24060:13630] [com.apple.CFPasteboard:entry] CopyItemsAndFlavors('Apple CFPasteboard find (<CFUUID 0xc5c2be380> 4840C2BB-D2EB-4ABA-AFB4-9507657DA867)' gen: -1)
2026-09-14 13:56:15.148 I  PeachCommander[24060:13630] [com.apple.CFPasteboard:exit] result: 0, gen: -1 item-count: 2 flavor-count: 2 (-1 means nil)
2026-09-14 13:56:15.148 I  PeachCommander[24060:13630] [com.apple.CFPasteboard:entry] CopyData('Apple CFPasteboard find' (<CFUUID 0xc5c2be380> 4840C2BB-D2EB-4ABA-AFB4-9507657DA867) gen: 4 item: 789514 flavor: 'public.utf8-plain-text')
2026-09-14 13:56:15.148 I  PeachCommander[24060:13630] [com.apple.CFPasteboard:general] Will request data from daemon
2026-09-14 13:56:15.148 I  PeachCommander[24060:13630] [com.apple.CFPasteboard:exit] (not-in-cache) - result: 0 generation: 4 data (7 bytes) flags: 20000000
2026-09-14 13:56:15.148 Df PeachCommander[24060:13630] [com.apple.AppKit:Pasteboard] NSPasteboard (name: Apple CFPasteboard find): data requested for type com.apple.cocoa.pasteboard.find-panel-search-options at index 0
2026-09-14 13:56:15.148 I  PeachCommander[24060:13630] [com.apple.CFPasteboard:entry] CopyItemsAndFlavors('Apple CFPasteboard find (<CFUUID 0xc5c2be380> 4840C2BB-D2EB-4ABA-AFB4-9507657DA867)' gen: -1)
2026-09-14 13:56:15.148 I  PeachCommander[24060:13630] [com.apple.CFPasteboard:exit] result: 0, gen: -1 item-count: 2 flavor-count: 2 (-1 means nil)
2026-09-14 13:56:15.148 I  PeachCommander[24060:13630] [com.apple.CFPasteboard:entry] CopyData('Apple CFPasteboard find' (<CFUUID 0xc5c2be380> 4840C2BB-D2EB-4ABA-AFB4-9507657DA867) gen: 4 item: 789514 flavor: 'com.apple.cocoa.pasteboard.find-panel-search-options')
2026-09-14 13:56:15.148 I  PeachCommander[24060:13630] [com.apple.CFPasteboard:general] Will request data from daemon
2026-09-14 13:56:15.148 I  PeachCommander[24060:13630] [com.apple.CFPasteboard:exit] (not-in-cache) - result: 0 generation: 4 data (116 bytes) flags: 20000000
2026-09-14 13:56:15.148 I  PeachCommander[24060:13630] [com.apple.inputAnalytics.client:IATextInputActions] initWithAnalyticsMetadataObserver service
2026-09-14 13:56:15.178 I  PeachCommander[24060:13630] [com.apple.AppKit:Animation] Running new animation: <private>
2026-09-14 13:56:15.178 I  PeachCommander[24060:13630] [com.apple.AppKit:Animation] Running new animation: <private>
2026-09-14 13:56:15.178 I  PeachCommander[24060:13630] [com.apple.AppKit:Animation] Running new animation: <private>
2026-09-14 13:56:15.178 I  PeachCommander[24060:13630] [com.apple.AppKit:Animation] Running new animation: <private>
2026-09-14 13:56:15.178 I  PeachCommander[24060:13630] [com.apple.AppKit:Animation] Running new animation: <private>
2026-09-14 13:56:15.180 I  PeachCommander[24060:13630] [com.apple.AppKit:Window] order window front conditionally: 501 related: 0
2026-09-14 13:56:15.180 I  PeachCommander[24060:13630] [com.apple.AppKit:Window] order window front conditionally: 501 related: 0
2026-09-14 13:56:15.367 I  PeachCommander[24060:136d3] [com.apple.AppKit:WindowTab] Indexing 3 items
2026-09-14 13:56:15.367 A  PeachCommander[24060:136d3] (CoreSpotlight) end-index-batch
2026-09-14 13:56:15.367 A  PeachCommander[24060:136d3] (CoreSpotlight) index-items
2026-09-14 13:56:15.367 Df PeachCommander[24060:13643] [com.apple.corespotlight:index] CSInlineDonation:<private>: Skipping donation (feature flag disabled)
2026-09-14 13:56:15.367 Df PeachCommander[24060:13643] [com.apple.corespotlight:index] CSInlineDonation:<private>: Skipping donation (feature flag disabled)
2026-09-14 13:56:16.170 Df PeachCommander[24060:13630] [com.apple.xpc:connection] [0xc5bbd1a40] activating connection: mach=true listener=false peer=false name=com.apple.pbs.fetch_services
2026-09-14 13:56:16.171 Df PeachCommander[24060:13630] [com.apple.xpc:connection] [0xc5bbd1a40] invalidated after the last release of the connection object
2026-09-14 13:56:16.171 A  PeachCommander[24060:13630] (CoreFoundation) Loading Preferences From User CFPrefsD
2026-09-14 13:56:16.178 A  PeachCommander[24060:13630] (CoreFoundation) Updating Key-Value Observers Of Preferences
2026-09-14 13:56:16.756 Df PeachCommander[24060:13630] [com.apple.AppKit:Pasteboard] NSPasteboard (name: Apple CFPasteboard find): data requested for type public.utf8-plain-text at index 0
2026-09-14 13:56:16.757 I  PeachCommander[24060:13630] [com.apple.CFPasteboard:entry] GetItemCount('Apple CFPasteboard find' (<CFUUID 0xc5c2be380> 4840C2BB-D2EB-4ABA-AFB4-9507657DA867) gen: -1)
2026-09-14 13:56:16.757 I  PeachCommander[24060:13630] [com.apple.CFPasteboard:exit] result: 0 gen: 4 count: 1
2026-09-14 13:56:16.757 I  PeachCommander[24060:13630] [com.apple.CFPasteboard:entry] CopyItemsAndFlavors('Apple CFPasteboard find (<CFUUID 0xc5c2be380> 4840C2BB-D2EB-4ABA-AFB4-9507657DA867)' gen: -1)
2026-09-14 13:56:16.757 I  PeachCommander[24060:13630] [com.apple.CFPasteboard:exit] result: 0, gen: -1 item-count: 2 flavor-count: 2 (-1 means nil)
2026-09-14 13:56:16.757 I  PeachCommander[24060:13630] [com.apple.CFPasteboard:entry] CopyData('Apple CFPasteboard find' (<CFUUID 0xc5c2be380> 4840C2BB-D2EB-4ABA-AFB4-9507657DA867) gen: 4 item: 789514 flavor: 'public.utf8-plain-text')
2026-09-14 13:56:16.757 I  PeachCommander[24060:13630] [com.apple.CFPasteboard:exit] (cache) - result: 0 generation: 4 data (7 bytes) flags: 20000000
2026-09-14 13:56:16.759 Df PeachCommander[24060:13630] (Foundation) <private>
2026-09-14 13:56:16.759 I  PeachCommander[24060:13630] [com.peachcommander:PCFoundation] [automation] > wait 1200
2026-09-14 13:56:17.971 Df PeachCommander[24060:13630] (Foundation) <private>
2026-09-14 13:56:17.971 I  PeachCommander[24060:13630] [com.peachcommander:PCFoundation] [automation] done
