Timestamp               Ty Process[PID:TID]
2026-09-14 13:10:49.935 A  PeachCommander[29307:177bb] (libsystem_info.dylib) Retrieve User by ID
2026-09-14 13:10:49.935 Df PeachCommander[29307:177bb] [com.apple.xpc:connection] [0x1033cc9a0] activating connection: mach=true listener=false peer=false name=com.apple.cfprefsd.daemon
2026-09-14 13:10:49.935 Df PeachCommander[29307:177c2] [com.apple.xpc:connection] [0x1033cffe0] activating connection: mach=true listener=false peer=false name=com.apple.cfprefsd.agent
2026-09-14 13:10:49.937 Df PeachCommander[29307:177bb] [com.apple.xpc:connection] [0x1033d2b20] activating connection: mach=true listener=false peer=false name=com.apple.coreservices.launchservicesd
2026-09-14 13:10:49.937 I  PeachCommander[29307:177bb] [com.apple.launchservices:cas] Registering for notification <private> on default queue, to re-boostrap client connection.
2026-09-14 13:10:49.937 Df PeachCommander[29307:177bb] [com.apple.xpc:connection] [0x9d6c80000] activating connection: mach=true listener=false peer=false name=com.apple.pasteboard.1
2026-09-14 13:10:49.937 Df PeachCommander[29307:177bb] [com.apple.xpc:connection] [0x9d6c80140] activating connection: mach=true listener=false peer=false name=com.apple.distributed_notifications@Uv3
2026-09-14 13:10:49.938 Df PeachCommander[29307:177bb] [com.apple.AppKit:AutomaticTermination] void _NSDisableAutomaticTerminationAndLog(NSString *) No windows open yet
2026-09-14 13:10:49.939 A  PeachCommander[29307:177bb] (TCC) TCCAccessRequest() IPC
2026-09-14 13:10:49.939 Df PeachCommander[29307:177bb] [com.apple.xpc:connection] [0x9d6c80280] activating connection: mach=true listener=false peer=false name=com.apple.tccd.system
2026-09-14 13:10:49.939 I  PeachCommander[29307:177bb] [com.apple.TCC:access] SEND: 0/7 synchronous to com.apple.tccd.system: request: msgID=29307.1, function=TCCAccessRequest, service=kTCCServiceListenEvent,
2026-09-14 13:10:49.940 I  PeachCommander[29307:177bb] [com.apple.TCC:access] RECV: synchronous reply <dictionary: 0x9d6c68000> { count = 5, transaction: 0, voucher = 0x0, contents =
	"prompt_type" => <uint64: 0x8e347dfdd0c149ff>: 1
	"auth_value" => <uint64: 0x8e347dfdd0c149ff>: 1
	"preflight_unknown" => <bool: 0x1eef4d190>: true
	"auth_version" => <uint64: 0x8e347dfdd0c149ff>: 1
	"auth_reason" => <uint64: 0x8e347dfdd0c149df>: 5
}
2026-09-14 13:10:49.940 Df PeachCommander[29307:177bb] [com.apple.xpc:connection] [0x9d6c80280] invalidated after the last release of the connection object
2026-09-14 13:10:49.940 Df PeachCommander[29307:177bb] [com.apple.SkyLight:default] server port 0x00003313, session port 0x00003313
2026-09-14 13:10:49.942 Df PeachCommander[29307:177bb] [com.apple.SkyLight:default] New connection 0x308f3 main
2026-09-14 13:10:49.942 I  PeachCommander[29307:177c2] [com.apple.SkyLight:processes] 0[outside of RPC]: First connection id 198899 mapped to ctx = 0x1033d9e60
2026-09-14 13:10:49.943 I  PeachCommander[29307:177bb] [com.apple.hiservices:processmgr] Checking in with CAS, pid=29307
2026-09-14 13:10:49.943 I  PeachCommander[29307:177bb] [com.apple.launchservices:cas] LSApplicationCheckIn(), app being registered is:"/Users/admin/pc-test/PeachCommander.app/Contents/MacOS/PeachCommander"
2026-09-14 13:10:49.943 I  PeachCommander[29307:177bb] [com.apple.launchservices:cas]  { "ApplicationType"="Foreground", "BuildMachineOSBuild"="25E246", "CFBundleDevelopmentRegion"="en", "CFBundleDocumentTypes"=( { "CFBundleTypeName"="Peach Commander Plugin Package", "CFBundleTypeRole"="Viewer", "LSHandlerRank"="Owner", "LSItemContentTypes"=( "com.peachcommander.plugin-package") }), "CFBundleExecutable"="PeachCommander", "CFBundleExecutablePath"="/Users/admin/pc-test/PeachCommander.app/Contents/MacOS/PeachCommander", "CFBundleHelpBookFolder"="PeachCommander.help", "CFBundleHelpBookName"="Peach Commander Help", "CFBundleIconFile"="AppIcon", "CFBundleIconName"="AppIcon", "CFBundleIdentifier"="com.peachcommander.app", "CFBundleInfoDictionaryVersion"="6.0", "CFBundleName"="PeachCommander", "CFBundleNumericVersion"=402685952, "CFBundlePackageType"="APPL", "CFBundleShortVersionString"="0.9.0", "CFBundleSignature"="?????", "CFBundleSupportedPlatforms"=( "MacOSX"), "CFBundleVersion"="18", "DTCompiler"="com.apple.compilers.llvm.clang.1_0", "DTPlatformBuild"="25F70", "DTPlatformName"="macosx", "<…>
2026-09-14 13:10:49.943 Df PeachCommander[29307:177bb] [com.apple.processmanager:front-35286506] CHECKIN: pid=29307
2026-09-14 13:10:49.944 Df PeachCommander[29307:177bb] [com.apple.processmanager:front-35286506] CHECKEDIN: pid=29307 asn=0x0-0x188188 foreground=1
2026-09-14 13:10:49.944 I  PeachCommander[29307:177bb] [com.apple.launchservices:cas] Setting processControlState to default PROC_SETPC_SUSPEND because application does not have LSProcessControlValue key
2026-09-14 13:10:49.945 Df PeachCommander[29307:177bb] [com.apple.xpc:connection] [0x9d6c80280] activating connection: mach=false listener=true peer=false name=(anonymous)
2026-09-14 13:10:49.945 Df PeachCommander[29307:177bb] [com.apple.xpc:connection] [0x9d6c80280] Connection returned listener port: 0x4103
2026-09-14 13:10:49.945 Df PeachCommander[29307:177c3] [com.apple.xpc:connection] [0x9d70b4300] activating connection: mach=false listener=false peer=true name=com.apple.xpc.anonymous.0x9d6c80280.peer[131].0x9d70b4300
2026-09-14 13:10:49.945 Df PeachCommander[29307:177bb] [com.apple.processmanager:front-35286506] FRONTLOGGING: version 1
2026-09-14 13:10:49.945 Df PeachCommander[29307:177bb] [com.apple.processmanager:front-35286506] Registered, pid=29307 ASN=0x0,0x188188
2026-09-14 13:10:49.945 Df PeachCommander[29307:177bb] [com.apple.xpc:connection] [0x9d6c803c0] activating connection: mach=true listener=false peer=false name=com.apple.analyticsd
2026-09-14 13:10:49.945 I  PeachCommander[29307:177bb] [com.apple.CoreAnalytics:client] Daemon status changed from 0 to 1
2026-09-14 13:10:49.945 I  PeachCommander[29307:177c3] [com.apple.CarbonCore:coreservicesdaemon] SCSession():SCSession( id=100, this=0x0x1033d06e0 option=65538) created, forUID=501 mach_port_t=0x5003.
2026-09-14 13:10:49.945 I  PeachCommander[29307:177c3] [com.apple.CarbonCore:coreservicesdaemon] SCSession():SCSession( id=101, this=0x0x1033d0820 option=65538) created, forUID=501 mach_port_t=0x5103.
2026-09-14 13:10:49.945 I  PeachCommander[29307:177c3] [com.apple.CarbonCore:coreservicesdaemon] connectToCoreServicesD():Instantiating server (coreservicesd based) SCSession, port=0x5003 serverOptions=0x10002.
2026-09-14 13:10:49.945 I  PeachCommander[29307:177bb] [com.apple.hiservices:processmgr] _RegisterApplication( pid 29307 => 0x0,0x188188) type=foreground
2026-09-14 13:10:49.945 Df PeachCommander[29307:177bb] [com.apple.xpc:connection] [0x9d6c80280] Connection returned listener port: 0x4103
2026-09-14 13:10:49.946 I  PeachCommander[29307:177bb] [com.apple.launchservices:cas] CFArrayRef _LSCopyLaunchModifiers(LSSessionID, LSASNRef _Nonnull), result for psn [ kLSCurrentApp ASN, 0x0,0x2]  is 1 items.
2026-09-14 13:10:49.946 Df PeachCommander[29307:177bb] [com.apple.processmanager:front-35286506] BringForward: pid=29307 asn=0x0-0x188188 bringForward=1 foreground=1 uiElement=0 launchedByLS=1 modifiersCount=1 allDisabled=1
2026-09-14 13:10:49.946 Df PeachCommander[29307:177bb] [com.apple.processmanager:front-35286506] BringFrontModifier: pid=29307 asn=0x0-0x188188 Modifier 0 hideAfter=0 hideOthers=0 dontMakeFrontmost=0 mouseDown=0/0 seed=0/0
2026-09-14 13:10:49.946 Df PeachCommander[29307:177bb] [com.apple.processmanager:front-35286506] BringForward: pid=29307 asn=0x0-0x188188
2026-09-14 13:10:49.946 Df PeachCommander[29307:177bb] [com.apple.processmanager:front-35286506] SetFrontProcess: asn=0x0-0x188188 options=0
2026-09-14 13:10:49.946 I  PeachCommander[29307:177bb] [com.apple.SkyLight:processes] 0[outside of RPC]: SLPSetFrontProcess(0x0-0x188188 window=0 options=0x0
2026-09-14 13:10:49.946 Df PeachCommander[29307:177c3] [com.apple.xpc:connection] [0x9d6c80500] activating connection: mach=true listener=false peer=false name=com.apple.lsd.mapdb
2026-09-14 13:10:49.947 Df PeachCommander[29307:177bb] [com.apple.AppKit:Appearance] Current system appearance, (HLTB: 1), (SLS: 0)
2026-09-14 13:10:49.948 Df PeachCommander[29307:177bb] (libMobileGestalt.dylib) No persisted cache on this platform.
2026-09-14 13:10:49.948 I  PeachCommander[29307:177c7] [com.apple.launchservices:cas] information in shared memory for 0x0-0x188188 with seed 533 was still valid, so using cached info { "ApplicationType"="Foreground", "BuildMachineOSBuild"="25E246", "BundleIdentifierLowerCase"="com.peachcommander.app", "CFBundleDevelopmentRegion"="en", "CFBundleDocumentTypes"=( { "CFBundleTypeName"="Peach Commander Plugin Package", "CFBundleTypeRole"="Viewer", "LSHandlerRank"="Owner", "LSItemContentTypes"=( "com.peachcommander.plugin-package") }), "CFBundleExecutable"="PeachCommander", "CFBundleExecutablePath"="/Users/admin/pc-test/PeachCommander.app/Contents/MacOS/PeachCommander", "CFBundleExecutablePathDeviceID"=16777229, "CFBundleExecutablePathINode"=487975, "CFBundleHelpBookFolder"="PeachCommander.help", "CFBundleHelpBookName"="Peach Commander Help", "CFBundleIconFile"="AppIcon", "CFBundleIconName"="AppIcon", "CFBundleIdentifier"="com.peachcommander.app", "CFBundleInfoDictionaryVersion"="6.0", "CFBundleName"="PeachCommander", "CFBundleNameLowerCase"="peachcommander", "CFBundleNumericVersion"=402685952, "CFBundlePackageType"="APPL", "CFBundleShortVersionString"="0.9.0", "CFBun<…>
2026-09-14 13:10:49.949 Df PeachCommander[29307:177bb] (libMobileGestalt.dylib) Could not get size of EAN data (IOConnectCallScalarMethod kAppleNVMeEANGetSize returned 0xE00002E2)
2026-09-14 13:10:49.949 Df PeachCommander[29307:177bb] (libMobileGestalt.dylib) Failed to copy 'aptk' from EAN
2026-09-14 13:10:49.949 Df PeachCommander[29307:177bb] (libMobileGestalt.dylib) Failed to copy APTicket properties. Falling back to default policy.
2026-09-14 13:10:49.949 Df PeachCommander[29307:177bb] (libMobileGestalt.dylib) Creating default MGSysConfigPolicy
2026-09-14 13:10:49.949 Df PeachCommander[29307:177bb] (libMobileGestalt.dylib) CFDictionaryRef copySyscfgDictionary(void) enumeration of <private> failed.
2026-09-14 13:10:49.949 Df PeachCommander[29307:177bb] (libMobileGestalt.dylib) Failed to find key <private>
2026-09-14 13:10:49.949 I  PeachCommander[29307:177c3] [com.apple.launchservices:db] LaunchServices database schema version: 20971544
2026-09-14 13:10:49.949 Df PeachCommander[29307:177bb] [com.apple.AppKit:Appearance] Current system appearance, (HLTB: 1), (SLS: 0)
2026-09-14 13:10:49.949 Df PeachCommander[29307:177bb] [com.apple.AppKit:Appearance] Post-registration system appearance: (HLTB: 1)
2026-09-14 13:10:49.950 I  PeachCommander[29307:177c3] [com.apple.launchservices:default] Unable to load Info.plist exceptions (eGPUOverrides)
2026-09-14 13:10:49.950 I  PeachCommander[29307:177c3] [com.apple.launchservices:default] Unable to load Info.plist exceptions (gameModeOverrides)
2026-09-14 13:10:49.950 I  PeachCommander[29307:177c3] [com.apple.launchservices:default] Unable to load Info.plist exceptions (identifiedGameOverrides)
2026-09-14 13:10:49.950 I  PeachCommander[29307:177c3] [com.apple.launchservices:default] Unable to load Info.plist exceptions (SystemHiddenPreferred)
2026-09-14 13:10:49.951 Df PeachCommander[29307:177bb] [com.apple.FrontBoard:Common] FBSWorkspace: endpoint monitoring is disabled.
2026-09-14 13:10:49.951 Df PeachCommander[29307:177bb] [com.apple.FrontBoard:Common] FBSWorkspace: default shell endpoint is disabled.
2026-09-14 13:10:49.951 Df PeachCommander[29307:177bb] [com.apple.runningboard:connection] Initializing connection
2026-09-14 13:10:49.951 Df PeachCommander[29307:177bb] [com.apple.runningboard:process] Removing all cached process handles
2026-09-14 13:10:49.951 Df PeachCommander[29307:177c2] [com.apple.runningboard:connection] Sending handshake request attempt #1 to server
2026-09-14 13:10:49.951 Df PeachCommander[29307:177c2] [com.apple.runningboard:connection] Creating connection to com.apple.runningboard
2026-09-14 13:10:49.951 Df PeachCommander[29307:177c2] [com.apple.xpc:connection] [0x9d6c80640] activating connection: mach=true listener=false peer=false name=com.apple.runningboard
2026-09-14 13:10:49.951 Df PeachCommander[29307:177c9] [com.apple.CoreAnalytics:client] Received configuration update from daemon (initial)
2026-09-14 13:10:49.951 A  PeachCommander[29307:177c9] (RunningBoardServices) didChangeInheritances
2026-09-14 13:10:49.952 Df PeachCommander[29307:177c2] [com.apple.runningboard:connection] Handshake succeeded
2026-09-14 13:10:49.952 Df PeachCommander[29307:177c2] [com.apple.runningboard:connection] Identity resolved as app<application.com.peachcommander.app.487320.487975(501)>
2026-09-14 13:10:49.952 Df PeachCommander[29307:177bb] [com.apple.xpc:connection] [0x9d6c80280] Connection returned listener port: 0x4103
2026-09-14 13:10:49.952 I  PeachCommander[29307:177bb] [com.apple.launchservices:cas] information in shared memory for 0x0-0x188188 with seed 533 was still valid, so using cached info { "ApplicationType"="Foreground", "BuildMachineOSBuild"="25E246", "BundleIdentifierLowerCase"="com.peachcommander.app", "CFBundleDevelopmentRegion"="en", "CFBundleDocumentTypes"=( { "CFBundleTypeName"="Peach Commander Plugin Package", "CFBundleTypeRole"="Viewer", "LSHandlerRank"="Owner", "LSItemContentTypes"=( "com.peachcommander.plugin-package") }), "CFBundleExecutable"="PeachCommander", "CFBundleExecutablePath"="/Users/admin/pc-test/PeachCommander.app/Contents/MacOS/PeachCommander", "CFBundleExecutablePathDeviceID"=16777229, "CFBundleExecutablePathINode"=487975, "CFBundleHelpBookFolder"="PeachCommander.help", "CFBundleHelpBookName"="Peach Commander Help", "CFBundleIconFile"="AppIcon", "CFBundleIconName"="AppIcon", "CFBundleIdentifier"="com.peachcommander.app", "CFBundleInfoDictionaryVersion"="6.0", "CFBundleName"="PeachCommander", "CFBundleNameLowerCase"="peachcommander", "CFBundleNumericVersion"=402685952, "CFBundlePackageType"="APPL", "CFBundleShortVersionString"="0.9.0", "CFBun<…>
2026-09-14 13:10:49.953 Df PeachCommander[29307:177bb] [com.apple.xpc:connection] [0x9d6c80280] Connection returned listener port: 0x4103
2026-09-14 13:10:49.954 A  PeachCommander[29307:177c7] (AppIntents) appintents:register process
2026-09-14 13:10:49.954 Df PeachCommander[29307:177c7] [com.apple.appintents:Connection] Created a new Process Instance Registry XPC connection (inactive)
2026-09-14 13:10:49.954 Df PeachCommander[29307:177c7] [com.apple.xpc:connection] [0x9d6c80780] activating connection: mach=true listener=false peer=false name=com.apple.linkd.autoShortcut
2026-09-14 13:10:49.954 Df PeachCommander[29307:177c7] [com.apple.appintents:Connection] Activated connection to linkd (ApplicationService)
2026-09-14 13:10:49.954 Df PeachCommander[29307:177c7] [com.apple.xpc:connection] [0x9d6c80a00] activating connection: mach=false listener=true peer=false name=(anonymous)
2026-09-14 13:10:49.954 I  PeachCommander[29307:177bb] [com.apple.launchservices:cas] information in shared memory for 0x0-0x188188 with seed 533 was still valid, so using cached info { "ApplicationType"="Foreground", "BuildMachineOSBuild"="25E246", "BundleIdentifierLowerCase"="com.peachcommander.app", "CFBundleDevelopmentRegion"="en", "CFBundleDocumentTypes"=( { "CFBundleTypeName"="Peach Commander Plugin Package", "CFBundleTypeRole"="Viewer", "LSHandlerRank"="Owner", "LSItemContentTypes"=( "com.peachcommander.plugin-package") }), "CFBundleExecutable"="PeachCommander", "CFBundleExecutablePath"="/Users/admin/pc-test/PeachCommander.app/Contents/MacOS/PeachCommander", "CFBundleExecutablePathDeviceID"=16777229, "CFBundleExecutablePathINode"=487975, "CFBundleHelpBookFolder"="PeachCommander.help", "CFBundleHelpBookName"="Peach Commander Help", "CFBundleIconFile"="AppIcon", "CFBundleIconName"="AppIcon", "CFBundleIdentifier"="com.peachcommander.app", "CFBundleInfoDictionaryVersion"="6.0", "CFBundleName"="PeachCommander", "CFBundleNameLowerCase"="peachcommander", "CFBundleNumericVersion"=402685952, "CFBundlePackageType"="APPL", "CFBundleShortVersionString"="0.9.0", "CFBun<…>
2026-09-14 13:10:49.954 I  PeachCommander[29307:177bb] [com.apple.hiservices:processmgr] TransformProcessType(0x0,0x2 => 1 wasFront=1 pickNew=0)
2026-09-14 13:10:49.954 I  PeachCommander[29307:177bb] [com.apple.CoreAnalytics:client] Dropping "com.apple.appkit.app_config" as it isn't used in any transform (not in the config or budgeted?)
2026-09-14 13:10:49.954 I  PeachCommander[29307:177c7] [com.apple.appintents:Execution] LNAppConnectionListener instantiated
2026-09-14 13:10:49.954 Df PeachCommander[29307:177c7] [com.apple.xpc:connection] [0x9d6c80a00] Connection returned listener port: 0x6b03
2026-09-14 13:10:49.955 Df PeachCommander[29307:177bb] [com.apple.dt.xctest:Default] Registering for test daemon availability notify post.
2026-09-14 13:10:49.955 Df PeachCommander[29307:177c9] [com.apple.xpc:connection] [0x9d6c80780] Re-initialization successful; calling out to event handler with XPC_ERROR_CONNECTION_INTERRUPTED
2026-09-14 13:10:49.955 Df PeachCommander[29307:177c9] [com.apple.appintents:Connection] Process Instance Registry XPC connection has been interrupted
2026-09-14 13:10:49.955 Df PeachCommander[29307:177bb] [com.apple.dt.xctest:Default] notify_get_state check indicated test daemon not ready.
2026-09-14 13:10:49.955 E  PeachCommander[29307:177c7] [com.apple.appintents:Connection] Unable to get synchronousRemoteObjectProxy, error: Error Domain=NSCocoaErrorDomain Code=4097 "connection to service named com.apple.linkd.autoShortcut" UserInfo={NSDebugDescription=connection to service named com.apple.linkd.autoShortcut}
2026-09-14 13:10:49.955 Df PeachCommander[29307:177bb] [com.apple.dt.xctest:Default] notify_get_state check indicated test daemon not ready.
2026-09-14 13:10:49.955 E  PeachCommander[29307:177c7] [com.apple.AppKit:Application] Error registering app with intents framework: Error Domain=NSCocoaErrorDomain Code=4097 UserInfo={NSDebugDescription=<private>}
2026-09-14 13:10:49.955 Df PeachCommander[29307:177c9] [com.apple.appintents:Connection] Created a new Process Instance Registry XPC connection (inactive)
2026-09-14 13:10:49.955 A  PeachCommander[29307:177c9] (AppIntents) appintents:register process
2026-09-14 13:10:49.955 Df PeachCommander[29307:177bb] [com.apple.dt.xctest:Default] notify_get_state check indicated test daemon not ready.
2026-09-14 13:10:49.955 Df PeachCommander[29307:177c9] [com.apple.appintents:Connection] Created a new Process Instance Registry XPC connection (inactive)
2026-09-14 13:10:49.955 Df PeachCommander[29307:177c9] [com.apple.xpc:connection] [0x9d6c80c80] activating connection: mach=true listener=false peer=false name=com.apple.linkd.autoShortcut
2026-09-14 13:10:49.955 Df PeachCommander[29307:177c9] [com.apple.appintents:Connection] Activated connection to linkd (ApplicationService)
2026-09-14 13:10:49.955 Df PeachCommander[29307:177c9] [com.apple.xpc:connection] [0x9d6c80a00] Connection returned listener port: 0x6b03
2026-09-14 13:10:49.955 Df PeachCommander[29307:177c7] [com.apple.xpc:connection] [0x9d6c80c80] Re-initialization successful; calling out to event handler with XPC_ERROR_CONNECTION_INTERRUPTED
2026-09-14 13:10:49.955 Df PeachCommander[29307:177c7] [com.apple.appintents:Connection] Process Instance Registry XPC connection has been interrupted
2026-09-14 13:10:49.956 Df PeachCommander[29307:177c7] [com.apple.appintents:Connection] Created a new Process Instance Registry XPC connection (inactive)
2026-09-14 13:10:49.956 A  PeachCommander[29307:177c7] (AppIntents) appintents:register process
2026-09-14 13:10:49.956 E  PeachCommander[29307:177c9] [com.apple.appintents:Connection] Unable to get synchronousRemoteObjectProxy, error: Error Domain=NSCocoaErrorDomain Code=4097 "connection to service named com.apple.linkd.autoShortcut" UserInfo={NSDebugDescription=connection to service named com.apple.linkd.autoShortcut}
2026-09-14 13:10:49.956 E  PeachCommander[29307:177c9] [com.apple.appintents:Connection] Unable to re-register with Process Instance Registry, error: Error Domain=NSCocoaErrorDomain Code=4097 "connection to service named com.apple.linkd.autoShortcut" UserInfo={NSDebugDescription=connection to service named com.apple.linkd.autoShortcut}
2026-09-14 13:10:49.956 Df PeachCommander[29307:177c7] [com.apple.appintents:Connection] Created a new Process Instance Registry XPC connection (inactive)
2026-09-14 13:10:49.956 Df PeachCommander[29307:177c7] [com.apple.xpc:connection] [0x9d6c812c0] activating connection: mach=true listener=false peer=false name=com.apple.linkd.autoShortcut
2026-09-14 13:10:49.956 Df PeachCommander[29307:177c7] [com.apple.appintents:Connection] Activated connection to linkd (ApplicationService)
2026-09-14 13:10:49.956 Df PeachCommander[29307:177c7] [com.apple.xpc:connection] [0x9d6c80a00] Connection returned listener port: 0x6b03
2026-09-14 13:10:49.956 Df PeachCommander[29307:177c2] [com.apple.xpc:connection] [0x9d6c812c0] Re-initialization successful; calling out to event handler with XPC_ERROR_CONNECTION_INTERRUPTED
2026-09-14 13:10:49.956 Df PeachCommander[29307:177c2] [com.apple.appintents:Connection] Process Instance Registry XPC connection has been interrupted
2026-09-14 13:10:49.956 Df PeachCommander[29307:177c2] [com.apple.appintents:Connection] Created a new Process Instance Registry XPC connection (inactive)
2026-09-14 13:10:49.956 A  PeachCommander[29307:177c2] (AppIntents) appintents:register process
2026-09-14 13:10:49.956 Df PeachCommander[29307:177c2] [com.apple.appintents:Connection] Created a new Process Instance Registry XPC connection (inactive)
2026-09-14 13:10:49.956 Df PeachCommander[29307:177c2] [com.apple.xpc:connection] [0x9d6c81540] activating connection: mach=true listener=false peer=false name=com.apple.linkd.autoShortcut
2026-09-14 13:10:49.956 E  PeachCommander[29307:177c7] [com.apple.appintents:Connection] Unable to get synchronousRemoteObjectProxy, error: Error Domain=NSCocoaErrorDomain Code=4097 "connection to service named com.apple.linkd.autoShortcut" UserInfo={NSDebugDescription=connection to service named com.apple.linkd.autoShortcut}
2026-09-14 13:10:49.956 E  PeachCommander[29307:177c7] [com.apple.appintents:Connection] Unable to re-register with Process Instance Registry, error: Error Domain=NSCocoaErrorDomain Code=4097 "connection to service named com.apple.linkd.autoShortcut" UserInfo={NSDebugDescription=connection to service named com.apple.linkd.autoShortcut}
2026-09-14 13:10:49.956 Df PeachCommander[29307:177c2] [com.apple.appintents:Connection] Activated connection to linkd (ApplicationService)
2026-09-14 13:10:49.956 Df PeachCommander[29307:177c2] [com.apple.xpc:connection] [0x9d6c80a00] Connection returned listener port: 0x6b03
2026-09-14 13:10:49.956 Df PeachCommander[29307:177c7] [com.apple.xpc:connection] [0x9d6c81540] Re-initialization successful; calling out to event handler with XPC_ERROR_CONNECTION_INTERRUPTED
2026-09-14 13:10:49.956 Df PeachCommander[29307:177c7] [com.apple.appintents:Connection] Process Instance Registry XPC connection has been interrupted
2026-09-14 13:10:49.956 E  PeachCommander[29307:177c7] [com.apple.appintents:Connection] Will NOT re-try to establish the connection
2026-09-14 13:10:49.956 E  PeachCommander[29307:177c2] [com.apple.appintents:Connection] Unable to get synchronousRemoteObjectProxy, error: Error Domain=NSCocoaErrorDomain Code=4097 "connection to service named com.apple.linkd.autoShortcut" UserInfo={NSDebugDescription=connection to service named com.apple.linkd.autoShortcut}
2026-09-14 13:10:49.956 E  PeachCommander[29307:177c2] [com.apple.appintents:Connection] Unable to re-register with Process Instance Registry, error: Error Domain=NSCocoaErrorDomain Code=4097 "connection to service named com.apple.linkd.autoShortcut" UserInfo={NSDebugDescription=connection to service named com.apple.linkd.autoShortcut}
2026-09-14 13:10:49.958 A  PeachCommander[29307:177bb] (CoreFoundation) Loading Preferences From System CFPrefsD
2026-09-14 13:10:49.959 Df PeachCommander[29307:177bb] (libMobileGestalt.dylib) couldn't load support library
2026-09-14 13:10:49.959 Df PeachCommander[29307:177bb] (libMobileGestalt.dylib) called dummy function!
2026-09-14 13:10:49.959 I  PeachCommander[29307:177bb] [com.apple.GenerativeModels:availability] Current availability state: unavailable, use cases: com.apple.WritingTools, language: <any>, api: <private>
2026-09-14 13:10:49.959 Df PeachCommander[29307:177bb] [com.apple.GenerativeModels:availability] registering darwin observer for name: com.apple.gms.availability.notification
2026-09-14 13:10:49.959 Df PeachCommander[29307:177bb] [com.apple.GenerativeModels:availability] registering darwin observer for name: com.apple.os-eligibility-domain.change.greymatter
2026-09-14 13:10:49.959 Df PeachCommander[29307:177bb] [com.apple.GenerativeModels:availability] registering darwin observer for name: com.apple.language.changed
2026-09-14 13:10:49.959 Df PeachCommander[29307:177bb] [com.apple.WritingTools:Default] isAvailable value changed: isMDMAllowed = true, gmAvailable (current) = false
2026-09-14 13:10:49.961 I  PeachCommander[29307:177bb] [com.apple.CoreAnalytics:client] Dropping "com.apple.appkit.app_config" as it isn't used in any transform (not in the config or budgeted?)
2026-09-14 13:10:49.963 Df PeachCommander[29307:177bb] [com.apple.AppKit:Appearance] NSApp cache appearance:
-NSRequiresAquaSystemAppearance: 0
-appearance: (null)
-effectiveAppearance: <NSCompositeAppearance: 0x9d6c6c500
 (
    "<NSAquaAppearance: 0x9d6c6c460>",
    "<NSSystemAppearance: 0x9d6c6c780>"
)>
2026-09-14 13:10:49.966 A  PeachCommander[29307:177bb] (CoreFoundation) Loading Preferences From User CFPrefsD
2026-09-14 13:10:49.966 A  PeachCommander[29307:177bb] (CoreFoundation) Loading Preferences From User CFPrefsD
2026-09-14 13:10:49.968 A  PeachCommander[29307:177c7] (libsystem_info.dylib) Membership API: translate identifier
2026-09-14 13:10:49.970 I  PeachCommander[29307:177bb] [com.apple.CoreAnalytics:client] Dropping "com.apple.appkit.app_config" as it isn't used in any transform (not in the config or budgeted?)
2026-09-14 13:10:49.970 I  PeachCommander[29307:177bb] [com.apple.CoreAnalytics:client] Dropping "com.apple.appkit.app_config" as it isn't used in any transform (not in the config or budgeted?)
2026-09-14 13:10:49.972 Df PeachCommander[29307:177c7] [com.apple.xpc:connection] [0x9d6c81a40] activating connection: mach=true listener=false peer=false name=com.apple.dock.fullscreen
2026-09-14 13:10:49.973 Df PeachCommander[29307:177bb] [com.apple.xpc:connection] [0x9d6c81b80] activating connection: mach=true listener=false peer=false name=com.apple.fonts
2026-09-14 13:10:49.975 I  PeachCommander[29307:177bb] [com.apple.launchservices:cas] information in shared memory for 0x0-0x188188 with seed 533 was still valid, so using cached info { "ApplicationType"="Foreground", "BuildMachineOSBuild"="25E246", "BundleIdentifierLowerCase"="com.peachcommander.app", "CFBundleDevelopmentRegion"="en", "CFBundleDocumentTypes"=( { "CFBundleTypeName"="Peach Commander Plugin Package", "CFBundleTypeRole"="Viewer", "LSHandlerRank"="Owner", "LSItemContentTypes"=( "com.peachcommander.plugin-package") }), "CFBundleExecutable"="PeachCommander", "CFBundleExecutablePath"="/Users/admin/pc-test/PeachCommander.app/Contents/MacOS/PeachCommander", "CFBundleExecutablePathDeviceID"=16777229, "CFBundleExecutablePathINode"=487975, "CFBundleHelpBookFolder"="PeachCommander.help", "CFBundleHelpBookName"="Peach Commander Help", "CFBundleIconFile"="AppIcon", "CFBundleIconName"="AppIcon", "CFBundleIdentifier"="com.peachcommander.app", "CFBundleInfoDictionaryVersion"="6.0", "CFBundleName"="PeachCommander", "CFBundleNameLowerCase"="peachcommander", "CFBundleNumericVersion"=402685952, "CFBundlePackageType"="APPL", "CFBundleShortVersionString"="0.9.0", "CFBun<…>
2026-09-14 13:10:49.975 I  PeachCommander[29307:177bb] [com.apple.CoreAnalytics:client] Dropping "com.apple.appkit.app_config" as it isn't used in any transform (not in the config or budgeted?)
2026-09-14 13:10:49.975 Df PeachCommander[29307:177bb] [com.apple.AppKit:AutomaticTermination] -[NSApplication(NSAppssassination) _checkForAutomaticTerminationSupportPossiblyEnablingIt]_block_invoke Enabling automatic termination support.
2026-09-14 13:10:49.975 Df PeachCommander[29307:177bb] [com.apple.xpc:connection] [0x9d6c80dc0] activating connection: mach=true listener=false peer=false name=com.apple.appkit.restoration_storage
2026-09-14 13:10:49.976 I  PeachCommander[29307:177bb] [com.apple.launchservices:cas] information in shared memory for 0x0-0x188188 with seed 533 was still valid, so using cached info { "ApplicationType"="Foreground", "BuildMachineOSBuild"="25E246", "BundleIdentifierLowerCase"="com.peachcommander.app", "CFBundleDevelopmentRegion"="en", "CFBundleDocumentTypes"=( { "CFBundleTypeName"="Peach Commander Plugin Package", "CFBundleTypeRole"="Viewer", "LSHandlerRank"="Owner", "LSItemContentTypes"=( "com.peachcommander.plugin-package") }), "CFBundleExecutable"="PeachCommander", "CFBundleExecutablePath"="/Users/admin/pc-test/PeachCommander.app/Contents/MacOS/PeachCommander", "CFBundleExecutablePathDeviceID"=16777229, "CFBundleExecutablePathINode"=487975, "CFBundleHelpBookFolder"="PeachCommander.help", "CFBundleHelpBookName"="Peach Commander Help", "CFBundleIconFile"="AppIcon", "CFBundleIconName"="AppIcon", "CFBundleIdentifier"="com.peachcommander.app", "CFBundleInfoDictionaryVersion"="6.0", "CFBundleName"="PeachCommander", "CFBundleNameLowerCase"="peachcommander", "CFBundleNumericVersion"=402685952, "CFBundlePackageType"="APPL", "CFBundleShortVersionString"="0.9.0", "CFBun<…>
2026-09-14 13:10:49.976 Df PeachCommander[29307:177bb] [com.apple.xpc:connection] [0x9d6c80f00] activating connection: mach=true listener=false peer=false name=com.apple.coreservices.appleevents
2026-09-14 13:10:49.976 I  PeachCommander[29307:177bb] [com.apple.appleevents:main] _AEGetRegisteredMachPort() created default port (port:63747/0xf903 rcv:1 send:1 limit:5) and registered it with server
2026-09-14 13:10:49.976 Df PeachCommander[29307:177bb] [com.apple.xpc:connection] [0x9d6c80280] Connection returned listener port: 0x4103
2026-09-14 13:10:49.976 I  PeachCommander[29307:177bb] [com.apple.launchservices:cas] information in shared memory for 0x0-0x188188 with seed 533 was still valid, so using cached info { "ApplicationType"="Foreground", "BuildMachineOSBuild"="25E246", "BundleIdentifierLowerCase"="com.peachcommander.app", "CFBundleDevelopmentRegion"="en", "CFBundleDocumentTypes"=( { "CFBundleTypeName"="Peach Commander Plugin Package", "CFBundleTypeRole"="Viewer", "LSHandlerRank"="Owner", "LSItemContentTypes"=( "com.peachcommander.plugin-package") }), "CFBundleExecutable"="PeachCommander", "CFBundleExecutablePath"="/Users/admin/pc-test/PeachCommander.app/Contents/MacOS/PeachCommander", "CFBundleExecutablePathDeviceID"=16777229, "CFBundleExecutablePathINode"=487975, "CFBundleHelpBookFolder"="PeachCommander.help", "CFBundleHelpBookName"="Peach Commander Help", "CFBundleIconFile"="AppIcon", "CFBundleIconName"="AppIcon", "CFBundleIdentifier"="com.peachcommander.app", "CFBundleInfoDictionaryVersion"="6.0", "CFBundleName"="PeachCommander", "CFBundleNameLowerCase"="peachcommander", "CFBundleNumericVersion"=402685952, "CFBundlePackageType"="APPL", "CFBundleShortVersionString"="0.9.0", "CFBun<…>
2026-09-14 13:10:49.976 Df PeachCommander[29307:177bb] [com.apple.processmanager:front-35286506] SignalReady: pid=29307 asn=0x0-0x188188
2026-09-14 13:10:49.976 Df PeachCommander[29307:177bb] [com.apple.processmanager:front-35286506] SIGNAL: pid=29307 asn=0x0x-0x188188
2026-09-14 13:10:49.976 I  PeachCommander[29307:177bb] [com.apple.appleevents:main] aeGenerateFakeFirstOAPPEventIfNecessary()
2026-09-14 13:10:49.976 I  PeachCommander[29307:177bb] [com.apple.appleevents:main] aeGenerateFakeFirstOAPPEventIfNecessary(), needToCreateFakeOAPPEventIfFirstEvent == true
2026-09-14 13:10:49.976 I  PeachCommander[29307:177bb] [com.apple.launchservices:cas] Removing cached information for app [ 0x0-0x188188]  "PeachCommander", as its seed is different from that in shared memory ( 533 vs 535)
2026-09-14 13:10:49.977 I  PeachCommander[29307:177bb] [com.apple.CFPasteboard:entry] CopyData('DefaultAsciiKeyboardLayoutPasteboard' (<CFUUID 0x9d6ed61a0> E92B3C2E-F11E-4340-B7CE-A4C8D62B545D) gen: -1 item: 1264739405 flavor: 'DefaultAsciiKeyboardLayoutFlavor')
2026-09-14 13:10:49.977 I  PeachCommander[29307:177bb] [com.apple.CFPasteboard:cache] Rebuilding cache for 'DefaultAsciiKeyboardLayoutPasteboard' (<CFUUID 0x9d6ed61a0> E92B3C2E-F11E-4340-B7CE-A4C8D62B545D)
2026-09-14 13:10:49.977 I  PeachCommander[29307:177bb] [com.apple.CFPasteboard:exit] (not-in-cache) - result: -8 generation: 0 null data flags: 0
2026-09-14 13:10:49.977 A  PeachCommander[29307:177bb] (CoreFoundation) Loading Preferences From User CFPrefsD
2026-09-14 13:10:49.977 A  PeachCommander[29307:177bb] (CoreFoundation) Loading Preferences From System CFPrefsD
2026-09-14 13:10:49.978 I  PeachCommander[29307:177bb] [com.apple.CFPasteboard:entry] CopyData('AppleIntlFileCacheModificationDatePasteboard' (<CFUUID 0x9d6ed6220> F799B26E-F0CB-4763-B5A5-0FDD1B8C2F24) gen: -1 item: 1 flavor: '-32766 1768845414')
2026-09-14 13:10:49.978 I  PeachCommander[29307:177bb] [com.apple.CFPasteboard:cache] Rebuilding cache for 'AppleIntlFileCacheModificationDatePasteboard' (<CFUUID 0x9d6ed6220> F799B26E-F0CB-4763-B5A5-0FDD1B8C2F24)
2026-09-14 13:10:49.978 I  PeachCommander[29307:177bb] [com.apple.CFPasteboard:general] Will request data from daemon
2026-09-14 13:10:49.978 I  PeachCommander[29307:177bb] [com.apple.CFPasteboard:exit] (not-in-cache) - result: 0 generation: 1 data (310 bytes) flags: 0
2026-09-14 13:10:49.978 I  PeachCommander[29307:177bb] [com.apple.CFPasteboard:entry] CopyData('AppleIntlFileCacheModificationDatePasteboard' (<CFUUID 0x9d6ed6220> F799B26E-F0CB-4763-B5A5-0FDD1B8C2F24) gen: -1 item: 1 flavor: '-32765 1802264953')
2026-09-14 13:10:49.978 I  PeachCommander[29307:177bb] [com.apple.CFPasteboard:general] Will request data from daemon
2026-09-14 13:10:49.978 I  PeachCommander[29307:177bb] [com.apple.CFPasteboard:exit] (not-in-cache) - result: 0 generation: 1 data (306 bytes) flags: 0
2026-09-14 13:10:49.978 I  PeachCommander[29307:177bb] [com.apple.CFPasteboard:entry] CopyData('AppleIntlFileCacheModificationDatePasteboard' (<CFUUID 0x9d6ed6220> F799B26E-F0CB-4763-B5A5-0FDD1B8C2F24) gen: -1 item: 1 flavor: '-32764 1802264953')
2026-09-14 13:10:49.978 I  PeachCommander[29307:177bb] [com.apple.CFPasteboard:general] Will request data from daemon
2026-09-14 13:10:49.978 I  PeachCommander[29307:177bb] [com.apple.CFPasteboard:exit] (not-in-cache) - result: 0 generation: 1 data (281 bytes) flags: 0
2026-09-14 13:10:49.978 I  PeachCommander[29307:177bb] [com.apple.CFPasteboard:entry] CopyData('AppleIntlFileCacheModificationDatePasteboard' (<CFUUID 0x9d6ed6220> F799B26E-F0CB-4763-B5A5-0FDD1B8C2F24) gen: -1 item: 1 flavor: '-32763 1802264953')
2026-09-14 13:10:49.978 I  PeachCommander[29307:177bb] [com.apple.CFPasteboard:general] Will request data from daemon
2026-09-14 13:10:49.978 I  PeachCommander[29307:177bb] [com.apple.CFPasteboard:exit] (not-in-cache) - result: 0 generation: 1 data (318 bytes) flags: 0
2026-09-14 13:10:49.978 I  PeachCommander[29307:177bb] [com.apple.CFPasteboard:entry] CopyData('AppleIntlFileCacheModificationDatePasteboard' (<CFUUID 0x9d6ed6220> F799B26E-F0CB-4763-B5A5-0FDD1B8C2F24) gen: -1 item: 1 flavor: '-32765 1768845414')
2026-09-14 13:10:49.978 I  PeachCommander[29307:177bb] [com.apple.CFPasteboard:general] Will request data from daemon
2026-09-14 13:10:49.978 I  PeachCommander[29307:177bb] [com.apple.CFPasteboard:exit] (not-in-cache) - result: 0 generation: 1 data (303 bytes) flags: 0
2026-09-14 13:10:49.978 I  PeachCommander[29307:177bb] [com.apple.CFPasteboard:entry] CopyData('AppleIntlFileCacheModificationDatePasteboard' (<CFUUID 0x9d6ed6220> F799B26E-F0CB-4763-B5A5-0FDD1B8C2F24) gen: -1 item: 1 flavor: '-32763 1768845414')
2026-09-14 13:10:49.978 I  PeachCommander[29307:177bb] [com.apple.CFPasteboard:general] Will request data from daemon
2026-09-14 13:10:49.978 I  PeachCommander[29307:177bb] [com.apple.CFPasteboard:exit] (not-in-cache) - result: 0 generation: 1 data (315 bytes) flags: 0
2026-09-14 13:10:49.980 I  PeachCommander[29307:177bb] [com.apple.launchservices:cas] information in shared memory for 0x0-0x188188 with seed 535 was still valid, so using cached info { "ApplicationType"="Foreground", "BuildMachineOSBuild"="25E246", "BundleIdentifierLowerCase"="com.peachcommander.app", "CFBundleDevelopmentRegion"="en", "CFBundleDocumentTypes"=( { "CFBundleTypeName"="Peach Commander Plugin Package", "CFBundleTypeRole"="Viewer", "LSHandlerRank"="Owner", "LSItemContentTypes"=( "com.peachcommander.plugin-package") }), "CFBundleExecutable"="PeachCommander", "CFBundleExecutablePath"="/Users/admin/pc-test/PeachCommander.app/Contents/MacOS/PeachCommander", "CFBundleExecutablePathDeviceID"=16777229, "CFBundleExecutablePathINode"=487975, "CFBundleHelpBookFolder"="PeachCommander.help", "CFBundleHelpBookName"="Peach Commander Help", "CFBundleIconFile"="AppIcon", "CFBundleIconName"="AppIcon", "CFBundleIdentifier"="com.peachcommander.app", "CFBundleInfoDictionaryVersion"="6.0", "CFBundleName"="PeachCommander", "CFBundleNameLowerCase"="peachcommander", "CFBundleNumericVersion"=402685952, "CFBundlePackageType"="APPL", "CFBundleShortVersionString"="0.9.0", "CFBun<…>
2026-09-14 13:10:49.980 Df PeachCommander[29307:177bb] [com.apple.xpc:connection] [0x9d6c81e00] activating connection: mach=false listener=false peer=false name=com.apple.ViewBridgeAuxiliary
2026-09-14 13:10:49.984 Df PeachCommander[29307:177bb] [com.apple.xpc:connection] [0x9d6c81cc0] activating connection: mach=false listener=false peer=false name=(anonymous)
2026-09-14 13:10:49.984 Df PeachCommander[29307:177bb] [com.apple.xpc:connection] [0x9d6c81f40] activating connection: mach=false listener=true peer=false name=(anonymous)
2026-09-14 13:10:49.984 Df PeachCommander[29307:177bb] [com.apple.xpc:connection] [0x9d6c81f40] Connection returned listener port: 0xb903
2026-09-14 13:10:49.984 Df PeachCommander[29307:177bb] [com.apple.xpc:connection] [0x9d6c81e00] invalidated after the last release of the connection object
2026-09-14 13:10:49.985 I  PeachCommander[29307:177bb] [com.apple.showhide:pr-59900543] SHOWHIDE: SHOW id=656 0x0-0x188188, err=0 eventTime=1999474302083 windowID=0
2026-09-14 13:10:49.985 I  PeachCommander[29307:177bb] [com.apple.CarbonCore:coreservicesdaemon] findOrCreateCacheable():findOrCreateCacheable(), factoryName=3 cacheableName=<private> fCacheables.size()=0
2026-09-14 13:10:49.985 I  PeachCommander[29307:177bb] [com.apple.CarbonCore:coreservicesdaemon] findOrCreateCacheable():findOrCreateCacheable(), result = 0x9d7325100 (should be non-NULL)
2026-09-14 13:10:49.985 Df PeachCommander[29307:177bb] [com.apple.AppKit:AutomaticTermination] void _NSDisableAutomaticTerminationAndLog(NSString *) Restoring windows
2026-09-14 13:10:49.985 Df PeachCommander[29307:177bb] [com.apple.AppKit:StateRestoration] -[NSApplication _reopenWindowsAsNecessaryIncludingRestorableState:withFullFidelity:completionHandler:] shouldRestoreState=1 hasPersistentStateToRestore=0 shouldStillRestoreStateAfterPrompting=0
2026-09-14 13:10:49.985 Df PeachCommander[29307:177bb] [com.apple.xpc:connection] [0x9d6c81e00] activating connection: mach=true listener=false peer=false name=com.apple.window_proxies
2026-09-14 13:10:49.985 Df PeachCommander[29307:177bb] [com.apple.xpc:connection] [0x9d6c81e00] invalidated because the current process cancelled the connection by calling xpc_connection_cancel()
2026-09-14 13:10:49.985 I  PeachCommander[29307:177bb] [com.apple.SkyLight:processes] 0[outside of RPC]: SLSSetFrontProcessWithInfo(0x0-0x2 window=0 options=0x1
2026-09-14 13:10:49.986 I  PeachCommander[29307:177bb] [com.apple.CoreAnalytics:client] Dropping "com.apple.appkit.app_config" as it isn't used in any transform (not in the config or budgeted?)
2026-09-14 13:10:49.986 Df PeachCommander[29307:177bb] [com.apple.AppKit:AutomaticTermination] void _NSEnableAutomaticTerminationAndLog(NSString *) Restoring windows
2026-09-14 13:10:49.988 I  PeachCommander[29307:177bb] [com.apple.CoreAnalytics:client] Dropping "com.apple.appkit.app_config" as it isn't used in any transform (not in the config or budgeted?)
2026-09-14 13:10:49.988 I  PeachCommander[29307:177bb] [com.apple.CoreAnalytics:client] Dropping "com.apple.appkit.app_config" as it isn't used in any transform (not in the config or budgeted?)
2026-09-14 13:10:49.996 A  PeachCommander[29307:177bb] (CoreFoundation) Loading Preferences From User CFPrefsD
2026-09-14 13:10:50.002 I  PeachCommander[29307:177bb] [com.peachcommander:PCFoundation] VolumeManager initialized
2026-09-14 13:10:50.018 Df PeachCommander[29307:177bb] [com.apple.BoardServices:XPCErrors] [C:1] Alloc <private>
2026-09-14 13:10:50.018 Df PeachCommander[29307:177bb] [com.apple.xpc:connection] [0x9d6fbd180] activating connection: mach=false listener=false peer=false name=(anonymous)
2026-09-14 13:10:50.020 I  PeachCommander[29307:177bb] [com.apple.AppKit:Window] context (0 -> 42b7f5e0) for window 650
2026-09-14 13:10:50.020 Df PeachCommander[29307:177c3] [com.apple.corespotlight:index] (<private>) deleteSearchableItemsWithDomainIdentifiers, protectionClass:(null), domainIdentifiers number:1
2026-09-14 13:10:50.020 A  PeachCommander[29307:177c3] (CoreSpotlight) delete-domains
2026-09-14 13:10:50.021 Df PeachCommander[29307:177c3] [com.apple.corespotlight:index] CSInlineDonation:<private>: Skipping donation (feature flag disabled)
2026-09-14 13:10:50.021 Df PeachCommander[29307:177c3] (CoreSpotlight) sConnectionName: com.apple.spotlight.IndexAgent
2026-09-14 13:10:50.021 Df PeachCommander[29307:177c3] (CoreSpotlight) Start service name com.apple.spotlight.IndexAgent
2026-09-14 13:10:50.021 Df PeachCommander[29307:177c3] [com.apple.xpc:connection] [0x9d6fbd400] activating connection: mach=true listener=false peer=false name=com.apple.spotlight.IndexAgent
2026-09-14 13:10:50.021 I  PeachCommander[29307:177bb] [com.peachcommander:PCFoundation] MainWindowController initialized (config: <private>)
2026-09-14 13:10:50.021 I  PeachCommander[29307:177bb] [com.peachcommander:PCFoundation] SelectionState initialized
2026-09-14 13:10:50.021 I  PeachCommander[29307:177bb] [com.peachcommander:PCFoundation] DirectoryModel initialized
2026-09-14 13:10:50.021 I  PeachCommander[29307:177bb] [com.peachcommander:PCFoundation] VolumeManager initialized
2026-09-14 13:10:50.021 I  PeachCommander[29307:177bb] [com.peachcommander:PCFoundation] PanelController initialized for <private> panel
2026-09-14 13:10:50.021 I  PeachCommander[29307:177bb] [com.peachcommander:PCFoundation] SelectionState initialized
2026-09-14 13:10:50.021 I  PeachCommander[29307:177bb] [com.peachcommander:PCFoundation] DirectoryModel initialized
2026-09-14 13:10:50.021 I  PeachCommander[29307:177bb] [com.peachcommander:PCFoundation] VolumeManager initialized
2026-09-14 13:10:50.021 I  PeachCommander[29307:177bb] [com.peachcommander:PCFoundation] PanelController initialized for <private> panel
2026-09-14 13:10:50.025 I  PeachCommander[29307:177bb] [com.apple.AppKit:Animation] Running new animation: <private>
2026-09-14 13:10:50.025 I  PeachCommander[29307:177bb] [com.apple.AppKit:Animation] Running new animation: <private>
2026-09-14 13:10:50.025 I  PeachCommander[29307:177bb] [com.apple.AppKit:Animation] Running new animation: <private>
2026-09-14 13:10:50.025 I  PeachCommander[29307:177bb] [com.apple.AppKit:Animation] Running new animation: <private>
2026-09-14 13:10:50.025 I  PeachCommander[29307:177bb] [com.apple.AppKit:Animation] Running new animation: <private>
2026-09-14 13:10:50.028 I  PeachCommander[29307:177bb] [com.apple.AppKit:Animation] Running new animation: <private>
2026-09-14 13:10:50.028 I  PeachCommander[29307:177bb] [com.apple.AppKit:Animation] Running new animation: <private>
2026-09-14 13:10:50.028 I  PeachCommander[29307:177bb] [com.apple.AppKit:Animation] Running new animation: <private>
2026-09-14 13:10:50.028 I  PeachCommander[29307:177bb] [com.apple.AppKit:Animation] Running new animation: <private>
2026-09-14 13:10:50.028 I  PeachCommander[29307:177bb] [com.apple.AppKit:Animation] Running new animation: <private>
2026-09-14 13:10:50.031 A  PeachCommander[29307:177c2] (RunningBoardServices) didChangeInheritances
2026-09-14 13:10:50.033 I  PeachCommander[29307:177bb] [com.apple.CoreAnalytics:client] Dropping "com.apple.appkit.app_config" as it isn't used in any transform (not in the config or budgeted?)
2026-09-14 13:10:50.035 I  PeachCommander[29307:177bb] [com.apple.CoreAnalytics:client] Dropping "com.apple.appkit.app_config" as it isn't used in any transform (not in the config or budgeted?)
2026-09-14 13:10:50.038 I  PeachCommander[29307:177bb] [com.apple.launchservices:datasep] application record search init. Node: <FSNode 0x9d7a52b40> { isDir = ?, path = <private> } bundleID: (null) itemID: 0
2026-09-14 13:10:50.039 I  PeachCommander[29307:177bb] [com.apple.GenerativeModels:availability] Current availability state: unavailable, use cases: com.apple.Settings.AppleIntelligence,com.apple.Siri.NLRouter, language: en, api: <private>
2026-09-14 13:10:50.039 Df PeachCommander[29307:177bb] [com.apple.GenerativeModels:availability] isOkayToHaveAsset: False
2026-09-14 13:10:50.039 E  PeachCommander[29307:177bb] [com.apple.siri:Utility] AFIsDeviceGreymatterEligible Missing entitlements for os_eligibility lookup
2026-09-14 13:10:50.039 I  PeachCommander[29307:177bb] [com.apple.GenerativeModels:availability] Current availability state: unavailable, use cases: com.apple.Settings.AppleIntelligence, language: en, api: <private>
2026-09-14 13:10:50.039 Df PeachCommander[29307:177bb] [com.apple.GenerativeModels:availability] isOkayToHaveAsset: False
2026-09-14 13:10:50.039 Df PeachCommander[29307:177bb] [com.apple.siri:Utility] -[AFSystemAssistantExperienceStatusManager fetchGenerativeModelsAvailability] #SAEStatus #cacheUpdate Updating cache:
deviceSupportsSAE: 0 (0)
       saeEnabled: 0 (0)
     saeAvailable: 0 (0)
      swaiEnabled: 0 (0)
        viEnabled: 0 (0)
        siriAvailability:
        <private>
        ((null))
2026-09-14 13:10:50.039 Df PeachCommander[29307:177bb] [com.apple.xpc:connection] [0x9d69c4140] activating connection: mach=true listener=false peer=false name=com.apple.iconservices
2026-09-14 13:10:50.039 Df PeachCommander[29307:177bb] [com.apple.xpc:connection] [0x9d69c4280] activating connection: mach=true listener=false peer=false name=com.apple.iconservices.store
2026-09-14 13:10:50.045 I  PeachCommander[29307:177bb] [com.peachcommander:Theme] no user themes in /Users/admin/pc-cfg/themes
2026-09-14 13:10:50.045 Df PeachCommander[29307:177bb] [com.apple.AppKit:Appearance] Invalidate NSApp effectiveAppearance
2026-09-14 13:10:50.045 Df PeachCommander[29307:177bb] [com.apple.AppKit:Appearance] NSApp cache appearance:
-NSRequiresAquaSystemAppearance: 0
-appearance: (null)
-effectiveAppearance: <NSCompositeAppearance: 0x9d6c6c500
 (
    "<NSAquaAppearance: 0x9d6c6c460>",
    "<NSSystemAppearance: 0x9d6c6c780>"
)>
2026-09-14 13:10:50.045 A  PeachCommander[29307:177c3] (libsystem_info.dylib) Retrieve Group by ID
2026-09-14 13:10:50.046 I  PeachCommander[29307:177bb] [com.peachcommander:PCFoundation] Theme applied: id=system, appearance=system, dark=false, background=#FFFFFF
2026-09-14 13:10:50.069 I  PeachCommander[29307:177bb] [com.apple.iconservices:foundation] layer data size zero
2026-09-14 13:10:50.070 I  PeachCommander[29307:177bb] [com.apple.CoreAnalytics:client] Dropping "com.apple.appkit.app_config" as it isn't used in any transform (not in the config or budgeted?)
2026-09-14 13:10:50.073 I  PeachCommander[29307:177bb] [com.peachcommander:PCFoundation] Keymap loaded: scheme=<private>, 82 effective bindings
2026-09-14 13:10:50.074 I  PeachCommander[29307:177bb] [com.apple.AppKit:Animation] Running new animation: <private>
2026-09-14 13:10:50.074 I  PeachCommander[29307:177bb] [com.apple.AppKit:Animation] Running new animation: <private>
2026-09-14 13:10:50.074 I  PeachCommander[29307:177bb] [com.apple.AppKit:Animation] Running new animation: <private>
2026-09-14 13:10:50.074 I  PeachCommander[29307:177bb] [com.apple.AppKit:Animation] Running new animation: <private>
2026-09-14 13:10:50.074 I  PeachCommander[29307:177bb] [com.apple.AppKit:Animation] Running new animation: <private>
2026-09-14 13:10:50.074 I  PeachCommander[29307:177bb] [com.apple.AppKit:Animation] Running new animation: <private>
2026-09-14 13:10:50.074 I  PeachCommander[29307:177bb] [com.apple.AppKit:Animation] Running new animation: <private>
2026-09-14 13:10:50.074 I  PeachCommander[29307:177bb] [com.apple.AppKit:Animation] Running new animation: <private>
2026-09-14 13:10:50.074 I  PeachCommander[29307:177bb] [com.apple.AppKit:Animation] Running new animation: <private>
2026-09-14 13:10:50.074 I  PeachCommander[29307:177bb] [com.apple.AppKit:Animation] Running new animation: <private>
2026-09-14 13:10:50.078 I  PeachCommander[29307:177bb] [com.apple.CoreAnalytics:client] Dropping "<private>" as it isn't used in any transform (not in the config or budgeted?)
2026-09-14 13:10:50.078 I  PeachCommander[29307:177bb] [com.apple.CoreAnalytics:client] Dropping "<private>" as it isn't used in any transform (not in the config or budgeted?)
2026-09-14 13:10:50.078 I  PeachCommander[29307:177bb] [com.apple.CoreAnalytics:client] Dropping "<private>" as it isn't used in any transform (not in the config or budgeted?)
2026-09-14 13:10:50.079 I  PeachCommander[29307:177bb] [com.peachcommander:PCFoundation] MainWindowController window loaded
2026-09-14 13:10:50.079 I  PeachCommander[29307:177bb] [com.apple.launchservices:cas] information in shared memory for 0x0-0x188188 with seed 535 was still valid, so using cached info { "ApplicationType"="Foreground", "BuildMachineOSBuild"="25E246", "BundleIdentifierLowerCase"="com.peachcommander.app", "CFBundleDevelopmentRegion"="en", "CFBundleDocumentTypes"=( { "CFBundleTypeName"="Peach Commander Plugin Package", "CFBundleTypeRole"="Viewer", "LSHandlerRank"="Owner", "LSItemContentTypes"=( "com.peachcommander.plugin-package") }), "CFBundleExecutable"="PeachCommander", "CFBundleExecutablePath"="/Users/admin/pc-test/PeachCommander.app/Contents/MacOS/PeachCommander", "CFBundleExecutablePathDeviceID"=16777229, "CFBundleExecutablePathINode"=487975, "CFBundleHelpBookFolder"="PeachCommander.help", "CFBundleHelpBookName"="Peach Commander Help", "CFBundleIconFile"="AppIcon", "CFBundleIconName"="AppIcon", "CFBundleIdentifier"="com.peachcommander.app", "CFBundleInfoDictionaryVersion"="6.0", "CFBundleName"="PeachCommander", "CFBundleNameLowerCase"="peachcommander", "CFBundleNumericVersion"=402685952, "CFBundlePackageType"="APPL", "CFBundleShortVersionString"="0.9.0", "CFBun<…>
2026-09-14 13:10:50.079 I  PeachCommander[29307:177bb] [com.apple.launchservices:cas] information in shared memory for 0x0-0x188188 with seed 535 was still valid, so using cached info { "ApplicationType"="Foreground", "BuildMachineOSBuild"="25E246", "BundleIdentifierLowerCase"="com.peachcommander.app", "CFBundleDevelopmentRegion"="en", "CFBundleDocumentTypes"=( { "CFBundleTypeName"="Peach Commander Plugin Package", "CFBundleTypeRole"="Viewer", "LSHandlerRank"="Owner", "LSItemContentTypes"=( "com.peachcommander.plugin-package") }), "CFBundleExecutable"="PeachCommander", "CFBundleExecutablePath"="/Users/admin/pc-test/PeachCommander.app/Contents/MacOS/PeachCommander", "CFBundleExecutablePathDeviceID"=16777229, "CFBundleExecutablePathINode"=487975, "CFBundleHelpBookFolder"="PeachCommander.help", "CFBundleHelpBookName"="Peach Commander Help", "CFBundleIconFile"="AppIcon", "CFBundleIconName"="AppIcon", "CFBundleIdentifier"="com.peachcommander.app", "CFBundleInfoDictionaryVersion"="6.0", "CFBundleName"="PeachCommander", "CFBundleNameLowerCase"="peachcommander", "CFBundleNumericVersion"=402685952, "CFBundlePackageType"="APPL", "CFBundleShortVersionString"="0.9.0", "CFBun<…>
2026-09-14 13:10:50.086 I  PeachCommander[29307:177bb] [com.apple.AppKit:Window] order window front conditionally: 650 related: 0
2026-09-14 13:10:50.086 Df PeachCommander[29307:177bb] [com.apple.AppKit:AutomaticTermination] void _NSEnableAutomaticTerminationAndLog(NSString *) No windows open yet
2026-09-14 13:10:50.087 I  PeachCommander[29307:177bb] [com.apple.AppKit:Intelligence] starting collection observation
2026-09-14 13:10:50.087 Df PeachCommander[29307:177c3] [com.apple.UIIntelligenceSupport:xpc] establishing connection to agent
2026-09-14 13:10:50.087 Df PeachCommander[29307:177c3] [com.apple.xpc:session] [0x9d7db90e0] Session created.
2026-09-14 13:10:50.087 Df PeachCommander[29307:177c3] [com.apple.xpc:session] [0x9d7db90e0] Session created from connection [0x9d69c6300]
2026-09-14 13:10:50.087 Df PeachCommander[29307:177c3] [com.apple.xpc:connection] [0x9d69c6300] activating connection: mach=true listener=false peer=false name=com.apple.uiintelligencesupport.agent
2026-09-14 13:10:50.087 I  PeachCommander[29307:177bb] [com.apple.SkyLight:processes] 0[outside of RPC]: SLSSetFrontProcessWithInfo(0x0-0x2 window=0 options=0x1
2026-09-14 13:10:50.087 Df PeachCommander[29307:177c3] [com.apple.xpc:session] [0x9d7db90e0] Session activated
2026-09-14 13:10:50.087 Df PeachCommander[29307:177c3] [com.apple.UIIntelligenceSupport:xpc] Connection established with agent PID: 1211
2026-09-14 13:10:50.088 I  PeachCommander[29307:177bb] [com.apple.launchservices:cas] information in shared memory for 0x0-0x188188 with seed 535 was still valid, so using cached info { "ApplicationType"="Foreground", "BuildMachineOSBuild"="25E246", "BundleIdentifierLowerCase"="com.peachcommander.app", "CFBundleDevelopmentRegion"="en", "CFBundleDocumentTypes"=( { "CFBundleTypeName"="Peach Commander Plugin Package", "CFBundleTypeRole"="Viewer", "LSHandlerRank"="Owner", "LSItemContentTypes"=( "com.peachcommander.plugin-package") }), "CFBundleExecutable"="PeachCommander", "CFBundleExecutablePath"="/Users/admin/pc-test/PeachCommander.app/Contents/MacOS/PeachCommander", "CFBundleExecutablePathDeviceID"=16777229, "CFBundleExecutablePathINode"=487975, "CFBundleHelpBookFolder"="PeachCommander.help", "CFBundleHelpBookName"="Peach Commander Help", "CFBundleIconFile"="AppIcon", "CFBundleIconName"="AppIcon", "CFBundleIdentifier"="com.peachcommander.app", "CFBundleInfoDictionaryVersion"="6.0", "CFBundleName"="PeachCommander", "CFBundleNameLowerCase"="peachcommander", "CFBundleNumericVersion"=402685952, "CFBundlePackageType"="APPL", "CFBundleShortVersionString"="0.9.0", "CFBun<…>
2026-09-14 13:10:50.088 Df PeachCommander[29307:177bb] [com.apple.xpc:connection] [0x9d69c6440] activating connection: mach=true listener=false peer=false name=com.apple.FileCoordination
2026-09-14 13:10:50.088 Df PeachCommander[29307:177c3] [com.apple.foundation.filecoordination:presenter] Adding presenter A084BA29-D7D9-4EBD-9DE2-A074FA118B4D for URL: <private>
2026-09-14 13:10:50.088 I  PeachCommander[29307:177bb] [com.apple.launchservices:cas] information in shared memory for 0x0-0x188188 with seed 535 was still valid, so using cached info { "ApplicationType"="Foreground", "BuildMachineOSBuild"="25E246", "BundleIdentifierLowerCase"="com.peachcommander.app", "CFBundleDevelopmentRegion"="en", "CFBundleDocumentTypes"=( { "CFBundleTypeName"="Peach Commander Plugin Package", "CFBundleTypeRole"="Viewer", "LSHandlerRank"="Owner", "LSItemContentTypes"=( "com.peachcommander.plugin-package") }), "CFBundleExecutable"="PeachCommander", "CFBundleExecutablePath"="/Users/admin/pc-test/PeachCommander.app/Contents/MacOS/PeachCommander", "CFBundleExecutablePathDeviceID"=16777229, "CFBundleExecutablePathINode"=487975, "CFBundleHelpBookFolder"="PeachCommander.help", "CFBundleHelpBookName"="Peach Commander Help", "CFBundleIconFile"="AppIcon", "CFBundleIconName"="AppIcon", "CFBundleIdentifier"="com.peachcommander.app", "CFBundleInfoDictionaryVersion"="6.0", "CFBundleName"="PeachCommander", "CFBundleNameLowerCase"="peachcommander", "CFBundleNumericVersion"=402685952, "CFBundlePackageType"="APPL", "CFBundleShortVersionString"="0.9.0", "CFBun<…>
2026-09-14 13:10:50.092 I  PeachCommander[29307:177bb] [com.apple.AppKit:Window] order all windows front 1999474302083
2026-09-14 13:10:50.092 I  PeachCommander[29307:177bb] [com.apple.launchservices:cas] information in shared memory for 0x0-0x188188 with seed 535 was still valid, so using cached info { "ApplicationType"="Foreground", "BuildMachineOSBuild"="25E246", "BundleIdentifierLowerCase"="com.peachcommander.app", "CFBundleDevelopmentRegion"="en", "CFBundleDocumentTypes"=( { "CFBundleTypeName"="Peach Commander Plugin Package", "CFBundleTypeRole"="Viewer", "LSHandlerRank"="Owner", "LSItemContentTypes"=( "com.peachcommander.plugin-package") }), "CFBundleExecutable"="PeachCommander", "CFBundleExecutablePath"="/Users/admin/pc-test/PeachCommander.app/Contents/MacOS/PeachCommander", "CFBundleExecutablePathDeviceID"=16777229, "CFBundleExecutablePathINode"=487975, "CFBundleHelpBookFolder"="PeachCommander.help", "CFBundleHelpBookName"="Peach Commander Help", "CFBundleIconFile"="AppIcon", "CFBundleIconName"="AppIcon", "CFBundleIdentifier"="com.peachcommander.app", "CFBundleInfoDictionaryVersion"="6.0", "CFBundleName"="PeachCommander", "CFBundleNameLowerCase"="peachcommander", "CFBundleNumericVersion"=402685952, "CFBundlePackageType"="APPL", "CFBundleShortVersionString"="0.9.0", "CFBun<…>
2026-09-14 13:10:50.092 I  PeachCommander[29307:177bb] [com.apple.showhide:pr-59900543] SHOWHIDE: CONFIRM, id=656, err=0
2026-09-14 13:10:50.092 I  PeachCommander[29307:177bb] [com.apple.AppKit:Window] context (0 -> 1a1271f7) for window 64f
2026-09-14 13:10:50.092 I  PeachCommander[29307:177bb] [com.apple.AppKit:Window] context (0 -> ce36c7f2) for window 64e
2026-09-14 13:10:50.092 I  PeachCommander[29307:177bb] [com.apple.AppKit:Window] context (0 -> efe3ee) for window 64d
2026-09-14 13:10:50.092 I  PeachCommander[29307:177bb] [com.apple.AppKit:Window] context (0 -> 9b3eae9d) for window 64c
2026-09-14 13:10:50.118 Df PeachCommander[29307:177bb] [com.apple.AppKit:AutomaticTermination] void _updateToReflectAutomaticTerminationState(void) Setting _kLSApplicationWouldBeTerminatedByTALKey=0
2026-09-14 13:10:50.118 I  PeachCommander[29307:177bb] [com.apple.runningboard:assertion] Acquiring assertion: <RBSAssertionDescriptor| "AppNap adapter assertion" ID:(null) target:29307>
2026-09-14 13:10:50.152 A  PeachCommander[29307:177c2] (RunningBoardServices) didChangeInheritances
2026-09-14 13:10:50.176 Df PeachCommander[29307:177bb] [com.apple.libsystem.libdispatch:] DEPRECATED USE in libdispatch client: dispatch source activated with no event handler set; set a breakpoint on _dispatch_bug_deprecated to debug
2026-09-14 13:10:50.271 I  PeachCommander[29307:177bb] [com.apple.coreanimation:Utilities] IOSurface Compression Enabled: NO
2026-09-14 13:10:50.272 Df PeachCommander[29307:177c9] [com.apple.coreanimation:Metal] Precompiled pipelines disabled on unsupported hardware.
2026-09-14 13:10:50.283 I  PeachCommander[29307:177bb] [com.apple.CarbonCore:gestalt] SetGestaltValuesBulk SetGestaltValuesBulk( count=22 tuples=0x18583e650
2026-09-14 13:10:50.283 I  PeachCommander[29307:177bb] [com.apple.CarbonCore:gestalt] SetGestaltValue SetGestaltValue(alis 1C9) => 0
2026-09-14 13:10:50.283 I  PeachCommander[29307:177bb] [com.apple.CarbonCore:gestalt] SetGestaltValue SetGestaltValue(os   FE) => 0
2026-09-14 13:10:50.283 I  PeachCommander[29307:177bb] [com.apple.CarbonCore:gestalt] SetGestaltValue SetGestaltValue(addr 7) => 0
2026-09-14 13:10:50.283 I  PeachCommander[29307:177bb] [com.apple.CarbonCore:gestalt] SetGestaltValue SetGestaltValue(fs   3D332) => 0
2026-09-14 13:10:50.283 I  PeachCommander[29307:177bb] [com.apple.CarbonCore:gestalt] SetGestaltValue SetGestaltValue(fold 11) => 0
2026-09-14 13:10:50.283 I  PeachCommander[29307:177bb] [com.apple.CarbonCore:gestalt] SetGestaltValue SetGestaltValue(lram 7FFFF000) => 0
2026-09-14 13:10:50.283 I  PeachCommander[29307:177bb] [com.apple.CarbonCore:gestalt] SetGestaltValue SetGestaltValue(mmap 1) => 0
2026-09-14 13:10:50.283 I  PeachCommander[29307:177bb] [com.apple.CarbonCore:gestalt] SetGestaltValue SetGestaltValue(cfrg 1) => 0
2026-09-14 13:10:50.283 I  PeachCommander[29307:177bb] [com.apple.CarbonCore:gestalt] SetGestaltValue SetGestaltValue(thds 7) => 0
2026-09-14 13:10:50.283 I  PeachCommander[29307:177bb] [com.apple.CarbonCore:gestalt] SetGestaltValue SetGestaltValue(tmgr E) => 0
2026-09-14 13:10:50.283 I  PeachCommander[29307:177bb] [com.apple.CarbonCore:gestalt] SetGestaltValue SetGestaltValue(vers 7) => 0
2026-09-14 13:10:50.283 I  PeachCommander[29307:177bb] [com.apple.CarbonCore:gestalt] SetGestaltValue SetGestaltValue(cbon 160) => 0
2026-09-14 13:10:50.283 I  PeachCommander[29307:177bb] [com.apple.CarbonCore:gestalt] SetGestaltValue SetGestaltValue(cltn 1108000) => 0
2026-09-14 13:10:50.283 I  PeachCommander[29307:177bb] [com.apple.CarbonCore:gestalt] SetGestaltValue SetGestaltValue(cpnt 8) => 0
2026-09-14 13:10:50.283 I  PeachCommander[29307:177bb] [com.apple.CarbonCore:gestalt] SetGestaltValue SetGestaltValue(rsrc 3) => 0
2026-09-14 13:10:50.283 I  PeachCommander[29307:177bb] [com.apple.CarbonCore:gestalt] SetGestaltValue SetGestaltValue(rmbg 11F) => 0
2026-09-14 13:10:50.283 I  PeachCommander[29307:177bb] [com.apple.CarbonCore:gestalt] SetGestaltValue SetGestaltValue(vm   11) => 0
2026-09-14 13:10:50.283 I  PeachCommander[29307:177bb] [com.apple.CarbonCore:gestalt] SetGestaltValue SetGestaltValue(srad 4170706C) => 0
2026-09-14 13:10:50.283 I  PeachCommander[29307:177bb] [com.apple.CarbonCore:gestalt] SetGestaltValue SetGestaltValue(sysa 14) => 0
2026-09-14 13:10:50.283 I  PeachCommander[29307:177bb] [com.apple.CarbonCore:gestalt] SetGestaltValue SetGestaltValue(copl 9) => 0
2026-09-14 13:10:50.283 I  PeachCommander[29307:177bb] [com.apple.CarbonCore:gestalt] SetGestaltValue SetGestaltValue(xlat 0) => 0
2026-09-14 13:10:50.283 I  PeachCommander[29307:177bb] [com.apple.CarbonCore:gestalt] SetGestaltValue SetGestaltValue(stdf 0) => 0
2026-09-14 13:10:50.283 I  PeachCommander[29307:177bb] [com.apple.CarbonCore:gestalt] _NewGestalt _NewGestalt(ram  0x1857b7644) => 0
2026-09-14 13:10:50.283 I  PeachCommander[29307:177bb] [com.apple.CarbonCore:gestalt] _NewGestalt _NewGestalt(ramm 0x1857b7644) => 0
2026-09-14 13:10:50.283 I  PeachCommander[29307:177bb] [com.apple.CarbonCore:gestalt] _NewGestalt _NewGestalt(cput 0x1857b7734) => 0
2026-09-14 13:10:50.283 I  PeachCommander[29307:177bb] [com.apple.CarbonCore:gestalt] _NewGestalt _NewGestalt(cpuf 0x1857b7764) => 0
2026-09-14 13:10:50.283 I  PeachCommander[29307:177bb] [com.apple.CarbonCore:gestalt] _NewGestalt _NewGestalt(bclk 0x1857b7794) => 0
2026-09-14 13:10:50.283 I  PeachCommander[29307:177bb] [com.apple.CarbonCore:gestalt] _NewGestalt _NewGestalt(bclm 0x1857b7794) => 0
2026-09-14 13:10:50.283 I  PeachCommander[29307:177bb] [com.apple.CarbonCore:gestalt] _NewGestalt _NewGestalt(pclk 0x1857b7834) => 0
2026-09-14 13:10:50.283 I  PeachCommander[29307:177bb] [com.apple.CarbonCore:gestalt] _NewGestalt _NewGestalt(mclk 0x1857b7834) => 0
2026-09-14 13:10:50.283 I  PeachCommander[29307:177bb] [com.apple.CarbonCore:gestalt] _NewGestalt _NewGestalt(a/ux 0x1857b794c) => 0
2026-09-14 13:10:50.283 I  PeachCommander[29307:177bb] [com.apple.CarbonCore:gestalt] _NewGestalt _NewGestalt(pgsz 0x1857b7954) => 0
2026-09-14 13:10:50.283 I  PeachCommander[29307:177bb] [com.apple.CarbonCore:gestalt] _NewGestalt _NewGestalt(csiz 0x1857b7994) => 0
2026-09-14 13:10:50.283 I  PeachCommander[29307:177bb] [com.apple.CarbonCore:gestalt] _NewGestalt _NewGestalt(sysv 0x185762dfc) => 0
2026-09-14 13:10:50.283 I  PeachCommander[29307:177bb] [com.apple.CarbonCore:gestalt] _NewGestalt _NewGestalt(sys1 0x185762dfc) => 0
2026-09-14 13:10:50.283 I  PeachCommander[29307:177bb] [com.apple.CarbonCore:gestalt] _NewGestalt _NewGestalt(sys2 0x185762dfc) => 0
2026-09-14 13:10:50.283 I  PeachCommander[29307:177bb] [com.apple.CarbonCore:gestalt] _NewGestalt _NewGestalt(sys3 0x185762dfc) => 0
2026-09-14 13:10:50.283 I  PeachCommander[29307:177bb] [com.apple.CarbonCore:gestalt] _NewGestalt _NewGestalt(cdfl 0x1857b79d4) => 0
2026-09-14 13:10:50.283 I  PeachCommander[29307:177bb] [com.apple.CarbonCore:gestalt] _NewGestalt _NewGestalt(cdrm 0x1857b7c30) => 0
2026-09-14 13:10:50.283 I  PeachCommander[29307:177bb] [com.apple.CarbonCore:gestalt] _NewGestalt _NewGestalt(cpus 0x1857b7c78) => 0
2026-09-14 13:10:50.283 I  PeachCommander[29307:177bb] [com.apple.CarbonCore:gestalt] SetGestaltValue SetGestaltValue(swex 1) => 0
2026-09-14 13:10:50.283 Df PeachCommander[29307:177bb] [com.apple.xpc:connection] [0x9d69c7980] activating connection: mach=false listener=false peer=false name=com.apple.hiservices-xpcservice
2026-09-14 13:10:50.284 I  PeachCommander[29307:177bb] [com.apple.CFPasteboard:entry] CopyData('ApplePerContextInputPasteboard' (<CFUUID 0x9d671e700> 8F189AEB-8DEF-4955-922A-C0BA152BF8C0) gen: -1 item: 1264739405 flavor: 'ApplePerContextInputFlavor')
2026-09-14 13:10:50.284 I  PeachCommander[29307:177bb] [com.apple.CFPasteboard:cache] Rebuilding cache for 'ApplePerContextInputPasteboard' (<CFUUID 0x9d671e700> 8F189AEB-8DEF-4955-922A-C0BA152BF8C0)
2026-09-14 13:10:50.284 I  PeachCommander[29307:177bb] [com.apple.CFPasteboard:general] Will request data from daemon
2026-09-14 13:10:50.284 I  PeachCommander[29307:177bb] [com.apple.CFPasteboard:exit] (not-in-cache) - result: 0 generation: 1 data (182 bytes) flags: 0
2026-09-14 13:10:50.285 I  PeachCommander[29307:177bb] [com.apple.CFPasteboard:entry] CopyData('DefaultAsciiKeyboardLayoutPasteboard' (<CFUUID 0x9d6ed61a0> E92B3C2E-F11E-4340-B7CE-A4C8D62B545D) gen: -1 item: 1264739405 flavor: 'DefaultAsciiKeyboardLayoutFlavor')
2026-09-14 13:10:50.285 I  PeachCommander[29307:177bb] [com.apple.CFPasteboard:exit] (not-in-cache) - result: -8 generation: 0 null data flags: 0
2026-09-14 13:10:50.286 I  PeachCommander[29307:177bb] [com.apple.AppKit:Window] context (0 -> 49b9bfef) for window 651
2026-09-14 13:10:50.287 Df PeachCommander[29307:177bb] [com.apple.inputmethodkitClient:Client] +[IMKClient subclass]: chose IMKClient_Modern
2026-09-14 13:10:50.287 Df PeachCommander[29307:177bb] [com.apple.BoardServices:XPCErrors] [C:2] Alloc com.apple.backboard.hid-services.xpc
2026-09-14 13:10:50.287 Df PeachCommander[29307:177bb] [com.apple.xpc:connection] [0x9d69c7ac0] activating connection: mach=false listener=false peer=false name=(anonymous)
2026-09-14 13:10:50.287 E  PeachCommander[29307:177c9] [com.apple.BaseBoard:Common] Unable to obtain a task name port right for pid 163: (os/kern) failure (0x5)
2026-09-14 13:10:50.287 Df PeachCommander[29307:177c9] [com.apple.xpc:connection] [0x9d69c6940] activating connection: mach=false listener=false peer=false name=com.apple.TextInputUI.xpc.CursorUIViewService
2026-09-14 13:10:50.287 Df PeachCommander[29307:177c7] [com.apple.xpc:connection] [0x9d69c6940] invalidated after the last release of the connection object
2026-09-14 13:10:50.288 I  PeachCommander[29307:177bb] [com.apple.CFPasteboard:entry] CopyData('DefaultAsciiKeyboardLayoutPasteboard' (<CFUUID 0x9d6ed61a0> E92B3C2E-F11E-4340-B7CE-A4C8D62B545D) gen: -1 item: 1264739405 flavor: 'DefaultAsciiKeyboardLayoutFlavor')
2026-09-14 13:10:50.288 I  PeachCommander[29307:177bb] [com.apple.CFPasteboard:exit] (not-in-cache) - result: -8 generation: 0 null data flags: 0
2026-09-14 13:10:50.288 Df PeachCommander[29307:177bb] [com.apple.xpc:connection] [0x9d69c66c0] activating connection: mach=false listener=false peer=false name=(anonymous)
2026-09-14 13:10:50.288 Df PeachCommander[29307:177bb] [com.apple.xpc:connection] [0x9d69c6940] activating connection: mach=false listener=false peer=false name=com.apple.ViewBridgeAuxiliary
2026-09-14 13:10:50.288 Df PeachCommander[29307:177bb] [com.apple.xpc:connection] [0x9d69c6580] activating connection: mach=false listener=false peer=false name=(anonymous)
2026-09-14 13:10:50.288 Df PeachCommander[29307:177bb] [com.apple.xpc:connection] [0x9d69c6940] invalidated after the last release of the connection object
2026-09-14 13:10:50.305 Df PeachCommander[29307:177bb] [com.apple.TextInputUI:CursorUI] -[TUINSCursorUIController activate:]_block_invoke: Create CursorUIViewService: TUINSRemoteViewController
2026-09-14 13:10:50.305 I  PeachCommander[29307:177bb] [com.apple.AppKit:Window] window <TUINSWindow: 0x9d84cc280> windowNumber=651 finishing close
2026-09-14 13:10:50.305 I  PeachCommander[29307:177bb] [com.apple.AppKit:Window] order window: 651 op: 0 relative: 0 related: 0
2026-09-14 13:10:50.306 A  PeachCommander[29307:177c2] (CoreFoundation) Loading Preferences From System CFPrefsD
2026-09-14 13:10:50.311 A  PeachCommander[29307:177bb] (CoreFoundation) Loading Preferences From User CFPrefsD
2026-09-14 13:10:50.311 I  PeachCommander[29307:177bb] [com.apple.CoreAnalytics:client] Dropping "com.apple.ImageIO.readerSelection" as it isn't used in any transform (not in the config or budgeted?)
2026-09-14 13:10:50.399 I  PeachCommander[29307:177bb] [com.apple.iconservices:foundation] layer data size zero
2026-09-14 13:10:50.414 I  PeachCommander[29307:177bb] [com.apple.CoreAnalytics:client] Dropping "com.apple.appkit.app_config" as it isn't used in any transform (not in the config or budgeted?)
2026-09-14 13:10:50.414 I  PeachCommander[29307:177bb] [com.apple.SafariPlatformSupport:SafariPlatformSupport] -[SFSafariPlatformSupport credentialSelected:] with nil credential
2026-09-14 13:10:50.414 I  PeachCommander[29307:177bb] [com.apple.SafariPlatformSupport:SafariPlatformSupport] -[SFSafariPlatformSupport oneTimeCodeSelected:] with nil code
2026-09-14 13:10:50.414 Df PeachCommander[29307:177c9] [com.apple.xpc:connection] [0x9d69c6940] activating connection: mach=false listener=false peer=false name=com.apple.SafariPlatformSupport.Helper
2026-09-14 13:10:50.420 Df PeachCommander[29307:177bb] [com.apple.BoardServices:XPCErrors] [C:3] Alloc com.apple.backboard.hid-services.xpc
2026-09-14 13:10:50.420 Df PeachCommander[29307:177bb] [com.apple.xpc:connection] [0x9d69c5cc0] activating connection: mach=false listener=false peer=false name=(anonymous)
2026-09-14 13:10:50.420 Df PeachCommander[29307:1785b] [com.apple.BackBoard:EventDelivery] BKSHIDEventDeliveryManager - connection activation
2026-09-14 13:10:50.420 I  PeachCommander[29307:177bb] [com.peachcommander:PCFoundation] Session restored
2026-09-14 13:10:50.420 Df PeachCommander[29307:177bb] (Foundation) <private>
2026-09-14 13:10:50.420 I  PeachCommander[29307:177bb] [com.peachcommander:PCFoundation] [automation] running /Users/admin/auto.txt
2026-09-14 13:10:50.420 Df PeachCommander[29307:177bb] (Foundation) <private>
2026-09-14 13:10:50.420 I  PeachCommander[29307:177bb] [com.peachcommander:PCFoundation] [automation] > probe /Users/admin/hf-race-seed.txt|mkdir -p ~/hf-race && touch ~/hf-race/visible.txt ~/hf-race/.dotfile && ls -a ~/hf-race | wc -l
2026-09-14 13:10:50.431 Df PeachCommander[29307:177bb] (Foundation) <private>
2026-09-14 13:10:50.431 I  PeachCommander[29307:177bb] [com.peachcommander:PCFoundation] [automation] > active left
2026-09-14 13:10:50.431 Df PeachCommander[29307:177bb] (Foundation) <private>
2026-09-14 13:10:50.431 I  PeachCommander[29307:177bb] [com.peachcommander:PCFoundation] [automation] > left /Users/admin/hf-race
2026-09-14 13:10:50.468 Df PeachCommander[29307:177bb] [com.apple.xpc:connection] [0x9d69c5b80] activating connection: mach=false listener=false peer=false name=(anonymous)
2026-09-14 13:10:50.468 Df PeachCommander[29307:177bb] [com.apple.xpc:connection] [0x9d69c70c0] activating connection: mach=false listener=false peer=false name=(anonymous)
2026-09-14 13:10:50.524 I  PeachCommander[29307:177bb] [com.apple.launchservices:datasep] application record search init. Node: <FSNode 0x9d84e4ec0> { isDir = y, path = <private> } bundleID: (null) itemID: 0
2026-09-14 13:10:50.524 I  PeachCommander[29307:177bb] [com.apple.launchservices:datasep] application record search init. Node: <FSNode 0x9d84e4ec0> { isDir = y, path = <private> } bundleID: (null) itemID: 0
2026-09-14 13:10:50.524 I  PeachCommander[29307:177bb] [com.apple.SafariPlatformSupport:SafariPlatformSupport] -[SFSafariPlatformSupport credentialSelected:] with nil credential
2026-09-14 13:10:50.524 I  PeachCommander[29307:177bb] [com.apple.SafariPlatformSupport:SafariPlatformSupport] -[SFSafariPlatformSupport oneTimeCodeSelected:] with nil code
2026-09-14 13:10:50.524 I  PeachCommander[29307:1785b] [com.apple.AppKit:WindowTab] Indexing 1 items
2026-09-14 13:10:50.524 A  PeachCommander[29307:1785b] (CoreSpotlight) end-index-batch
2026-09-14 13:10:50.524 Df PeachCommander[29307:1785b] [com.apple.corespotlight:index] *warn* MailCS ======%%% _setMailMessageAttributes skip:1
2026-09-14 13:10:50.524 A  PeachCommander[29307:1785b] (CoreSpotlight) index-items
2026-09-14 13:10:50.524 Df PeachCommander[29307:1785b] [com.apple.corespotlight:index] CSInlineDonation:<private>: Skipping donation (feature flag disabled)
2026-09-14 13:10:50.525 Df PeachCommander[29307:1785b] [com.apple.corespotlight:index] CSInlineDonation:<private>: Skipping donation (feature flag disabled)
2026-09-14 13:10:50.637 I  PeachCommander[29307:177bb] [com.apple.HIToolbox:MBDisplays] <private>
2026-09-14 13:10:50.637 I  PeachCommander[29307:177bb] [com.apple.HIToolbox:MBDisplays] <private>
2026-09-14 13:10:50.902 Df PeachCommander[29307:177c7] [com.apple.xpc:connection] [0x9d69c6940] invalidated after the last release of the connection object
2026-09-14 13:10:50.903 I  PeachCommander[29307:177bb] [com.apple.launchservices:cas] Removing cached information for app [ 0x0-0x188188]  "PeachCommander", as its seed is different from that in shared memory ( 535 vs 537)
2026-09-14 13:10:50.985 Df PeachCommander[29307:177bb] (Foundation) <private>
2026-09-14 13:10:50.985 I  PeachCommander[29307:177bb] [com.peachcommander:PCFoundation] [automation] > wait 1200
2026-09-14 13:10:50.995 I  PeachCommander[29307:177bb] [com.apple.iconservices:foundation] layer data size zero
2026-09-14 13:10:51.004 I  PeachCommander[29307:177bb] [com.apple.SafariPlatformSupport:SafariPlatformSupport] -[SPSafariPlatformSupport completionListPreferredContentSizeDidUpdate] with size {0, 0}, in window that is visible
2026-09-14 13:10:51.004 I  PeachCommander[29307:177bb] [com.apple.iconservices:foundation] layer data size zero
2026-09-14 13:10:51.213 I  PeachCommander[29307:177c9] [com.apple.AppKit:WindowTab] Indexing 1 items
2026-09-14 13:10:51.213 A  PeachCommander[29307:177c9] (CoreSpotlight) end-index-batch
2026-09-14 13:10:51.213 A  PeachCommander[29307:177c9] (CoreSpotlight) index-items
2026-09-14 13:10:51.213 Df PeachCommander[29307:177c9] [com.apple.corespotlight:index] CSInlineDonation:<private>: Skipping donation (feature flag disabled)
2026-09-14 13:10:51.213 Df PeachCommander[29307:177c9] [com.apple.corespotlight:index] CSInlineDonation:<private>: Skipping donation (feature flag disabled)
2026-09-14 13:10:52.251 Df PeachCommander[29307:177bb] (Foundation) <private>
2026-09-14 13:10:52.251 I  PeachCommander[29307:177bb] [com.peachcommander:PCFoundation] [automation] > cmd cm_SwitchHidSys
2026-09-14 13:10:52.251 Df PeachCommander[29307:177bb] (Foundation) <private>
2026-09-14 13:10:52.251 I  PeachCommander[29307:177bb] [com.peachcommander:PCFoundation] [automation] > cmd cm_SwitchPanel
2026-09-14 13:10:52.251 Df PeachCommander[29307:177bb] (Foundation) <private>
2026-09-14 13:10:52.251 I  PeachCommander[29307:177bb] [com.peachcommander:PCFoundation] [automation] > cmd cm_SwitchHidSys
2026-09-14 13:10:52.251 Df PeachCommander[29307:177bb] (Foundation) <private>
2026-09-14 13:10:52.251 I  PeachCommander[29307:177bb] [com.peachcommander:PCFoundation] [automation] > cmd cm_SwitchPanel
2026-09-14 13:10:52.251 Df PeachCommander[29307:177bb] (Foundation) <private>
2026-09-14 13:10:52.251 I  PeachCommander[29307:177bb] [com.peachcommander:PCFoundation] [automation] > cmd cm_SwitchHidSys
2026-09-14 13:10:52.251 Df PeachCommander[29307:177bb] (Foundation) <private>
2026-09-14 13:10:52.251 I  PeachCommander[29307:177bb] [com.peachcommander:PCFoundation] [automation] > cmd cm_SwitchPanel
2026-09-14 13:10:52.251 Df PeachCommander[29307:177bb] (Foundation) <private>
2026-09-14 13:10:52.251 I  PeachCommander[29307:177bb] [com.peachcommander:PCFoundation] [automation] > cmd cm_SwitchHidSys
2026-09-14 13:10:52.251 Df PeachCommander[29307:177bb] (Foundation) <private>
2026-09-14 13:10:52.251 I  PeachCommander[29307:177bb] [com.peachcommander:PCFoundation] [automation] > cmd cm_SwitchPanel
2026-09-14 13:10:52.251 Df PeachCommander[29307:177bb] (Foundation) <private>
2026-09-14 13:10:52.251 I  PeachCommander[29307:177bb] [com.peachcommander:PCFoundation] [automation] > cmd cm_SwitchHidSys
2026-09-14 13:10:52.251 Df PeachCommander[29307:177bb] (Foundation) <private>
2026-09-14 13:10:52.251 I  PeachCommander[29307:177bb] [com.peachcommander:PCFoundation] [automation] > cmd cm_SwitchPanel
2026-09-14 13:10:52.251 Df PeachCommander[29307:177bb] (Foundation) <private>
2026-09-14 13:10:52.251 I  PeachCommander[29307:177bb] [com.peachcommander:PCFoundation] [automation] > cmd cm_SwitchHidSys
2026-09-14 13:10:52.251 Df PeachCommander[29307:177bb] (Foundation) <private>
2026-09-14 13:10:52.251 I  PeachCommander[29307:177bb] [com.peachcommander:PCFoundation] [automation] > cmd cm_SwitchPanel
2026-09-14 13:10:52.251 Df PeachCommander[29307:177bb] (Foundation) <private>
2026-09-14 13:10:52.251 I  PeachCommander[29307:177bb] [com.peachcommander:PCFoundation] [automation] > cmd cm_SwitchHidSys
2026-09-14 13:10:52.251 Df PeachCommander[29307:177bb] (Foundation) <private>
2026-09-14 13:10:52.251 I  PeachCommander[29307:177bb] [com.peachcommander:PCFoundation] [automation] > cmd cm_SwitchPanel
2026-09-14 13:10:52.251 Df PeachCommander[29307:177bb] (Foundation) <private>
2026-09-14 13:10:52.251 I  PeachCommander[29307:177bb] [com.peachcommander:PCFoundation] [automation] > cmd cm_SwitchHidSys
2026-09-14 13:10:52.251 Df PeachCommander[29307:177bb] (Foundation) <private>
2026-09-14 13:10:52.251 I  PeachCommander[29307:177bb] [com.peachcommander:PCFoundation] [automation] > cmd cm_SwitchPanel
2026-09-14 13:10:52.251 Df PeachCommander[29307:177bb] (Foundation) <private>
2026-09-14 13:10:52.251 I  PeachCommander[29307:177bb] [com.peachcommander:PCFoundation] [automation] > cmd cm_SwitchHidSys
2026-09-14 13:10:52.251 Df PeachCommander[29307:177bb] (Foundation) <private>
2026-09-14 13:10:52.251 I  PeachCommander[29307:177bb] [com.peachcommander:PCFoundation] [automation] > cmd cm_SwitchPanel
2026-09-14 13:10:52.251 Df PeachCommander[29307:177bb] (Foundation) <private>
2026-09-14 13:10:52.251 I  PeachCommander[29307:177bb] [com.peachcommander:PCFoundation] [automation] > cmd cm_SwitchHidSys
2026-09-14 13:10:52.251 Df PeachCommander[29307:177bb] (Foundation) <private>
2026-09-14 13:10:52.251 I  PeachCommander[29307:177bb] [com.peachcommander:PCFoundation] [automation] > cmd cm_SwitchPanel
2026-09-14 13:10:52.251 Df PeachCommander[29307:177bb] (Foundation) <private>
2026-09-14 13:10:52.251 I  PeachCommander[29307:177bb] [com.peachcommander:PCFoundation] [automation] > cmd cm_SwitchHidSys
2026-09-14 13:10:52.251 Df PeachCommander[29307:177bb] (Foundation) <private>
2026-09-14 13:10:52.251 I  PeachCommander[29307:177bb] [com.peachcommander:PCFoundation] [automation] > cmd cm_SwitchPanel
2026-09-14 13:10:52.251 Df PeachCommander[29307:177bb] (Foundation) <private>
2026-09-14 13:10:52.251 I  PeachCommander[29307:177bb] [com.peachcommander:PCFoundation] [automation] > cmd cm_SwitchHidSys
2026-09-14 13:10:52.251 Df PeachCommander[29307:177bb] (Foundation) <private>
2026-09-14 13:10:52.251 I  PeachCommander[29307:177bb] [com.peachcommander:PCFoundation] [automation] > cmd cm_SwitchPanel
2026-09-14 13:10:52.251 Df PeachCommander[29307:177bb] (Foundation) <private>
2026-09-14 13:10:52.251 I  PeachCommander[29307:177bb] [com.peachcommander:PCFoundation] [automation] > cmd cm_SwitchHidSys
2026-09-14 13:10:52.251 Df PeachCommander[29307:177bb] (Foundation) <private>
2026-09-14 13:10:52.251 I  PeachCommander[29307:177bb] [com.peachcommander:PCFoundation] [automation] > cmd cm_SwitchPanel
2026-09-14 13:10:52.251 Df PeachCommander[29307:177bb] (Foundation) <private>
2026-09-14 13:10:52.251 I  PeachCommander[29307:177bb] [com.peachcommander:PCFoundation] [automation] > cmd cm_SwitchHidSys
2026-09-14 13:10:52.251 Df PeachCommander[29307:177bb] (Foundation) <private>
2026-09-14 13:10:52.251 I  PeachCommander[29307:177bb] [com.peachcommander:PCFoundation] [automation] > cmd cm_SwitchPanel
2026-09-14 13:10:52.251 Df PeachCommander[29307:177bb] (Foundation) <private>
2026-09-14 13:10:52.251 I  PeachCommander[29307:177bb] [com.peachcommander:PCFoundation] [automation] > cmd cm_SwitchHidSys
2026-09-14 13:10:52.251 Df PeachCommander[29307:177bb] (Foundation) <private>
2026-09-14 13:10:52.251 I  PeachCommander[29307:177bb] [com.peachcommander:PCFoundation] [automation] > cmd cm_SwitchPanel
2026-09-14 13:10:52.251 Df PeachCommander[29307:177bb] (Foundation) <private>
2026-09-14 13:10:52.251 I  PeachCommander[29307:177bb] [com.peachcommander:PCFoundation] [automation] > cmd cm_SwitchHidSys
2026-09-14 13:10:52.251 Df PeachCommander[29307:177bb] (Foundation) <private>
2026-09-14 13:10:52.251 I  PeachCommander[29307:177bb] [com.peachcommander:PCFoundation] [automation] > cmd cm_SwitchPanel
2026-09-14 13:10:52.251 Df PeachCommander[29307:177bb] (Foundation) <private>
2026-09-14 13:10:52.251 I  PeachCommander[29307:177bb] [com.peachcommander:PCFoundation] [automation] > cmd cm_SwitchHidSys
2026-09-14 13:10:52.251 Df PeachCommander[29307:177bb] (Foundation) <private>
2026-09-14 13:10:52.251 I  PeachCommander[29307:177bb] [com.peachcommander:PCFoundation] [automation] > cmd cm_SwitchPanel
2026-09-14 13:10:52.251 Df PeachCommander[29307:177bb] (Foundation) <private>
2026-09-14 13:10:52.251 I  PeachCommander[29307:177bb] [com.peachcommander:PCFoundation] [automation] > cmd cm_SwitchHidSys
2026-09-14 13:10:52.251 Df PeachCommander[29307:177bb] (Foundation) <private>
2026-09-14 13:10:52.251 I  PeachCommander[29307:177bb] [com.peachcommander:PCFoundation] [automation] > cmd cm_SwitchPanel
2026-09-14 13:10:52.252 Df PeachCommander[29307:177bb] (Foundation) <private>
2026-09-14 13:10:52.252 I  PeachCommander[29307:177bb] [com.peachcommander:PCFoundation] [automation] > cmd cm_SwitchHidSys
2026-09-14 13:10:52.252 Df PeachCommander[29307:177bb] (Foundation) <private>
2026-09-14 13:10:52.252 I  PeachCommander[29307:177bb] [com.peachcommander:PCFoundation] [automation] > cmd cm_SwitchPanel
2026-09-14 13:10:52.252 Df PeachCommander[29307:177bb] (Foundation) <private>
2026-09-14 13:10:52.252 I  PeachCommander[29307:177bb] [com.peachcommander:PCFoundation] [automation] > cmd cm_SwitchHidSys
2026-09-14 13:10:52.252 Df PeachCommander[29307:177bb] (Foundation) <private>
2026-09-14 13:10:52.252 I  PeachCommander[29307:177bb] [com.peachcommander:PCFoundation] [automation] > cmd cm_SwitchPanel
2026-09-14 13:10:52.252 Df PeachCommander[29307:177bb] (Foundation) <private>
2026-09-14 13:10:52.252 I  PeachCommander[29307:177bb] [com.peachcommander:PCFoundation] [automation] > wait 1500
2026-09-14 13:10:53.759 Df PeachCommander[29307:177bb] (Foundation) <private>
2026-09-14 13:10:53.759 I  PeachCommander[29307:177bb] [com.peachcommander:PCFoundation] [automation] > dump /Users/admin/hidden-files-race.txt
2026-09-14 13:10:53.762 Df PeachCommander[29307:177bb] (Foundation) <private>
2026-09-14 13:10:53.762 Df PeachCommander[29307:177bb] (Foundation) <private>
2026-09-14 13:10:53.762 I  PeachCommander[29307:177bb] [com.peachcommander:PCFoundation] [automation] > wait 500
2026-09-14 13:10:54.266 Df PeachCommander[29307:177bb] (Foundation) <private>
2026-09-14 13:10:54.266 I  PeachCommander[29307:177bb] [com.peachcommander:PCFoundation] [automation] done
