Timestamp               Ty Process[PID:TID]
2026-09-14 13:51:00.360 A  PeachCommander[19511:fbc1] (libsystem_info.dylib) Retrieve User by ID
2026-09-14 13:51:00.361 Df PeachCommander[19511:fbc1] [com.apple.xpc:connection] [0x1024f35c0] activating connection: mach=true listener=false peer=false name=com.apple.cfprefsd.daemon
2026-09-14 13:51:00.361 Df PeachCommander[19511:fbc7] [com.apple.xpc:connection] [0x1024f3d00] activating connection: mach=true listener=false peer=false name=com.apple.cfprefsd.agent
2026-09-14 13:51:00.362 Df PeachCommander[19511:fbc1] [com.apple.xpc:connection] [0x1024f9ce0] activating connection: mach=true listener=false peer=false name=com.apple.coreservices.launchservicesd
2026-09-14 13:51:00.362 I  PeachCommander[19511:fbc1] [com.apple.launchservices:cas] Registering for notification <private> on default queue, to re-boostrap client connection.
2026-09-14 13:51:00.362 Df PeachCommander[19511:fbc1] [com.apple.xpc:connection] [0x8baca0000] activating connection: mach=true listener=false peer=false name=com.apple.pasteboard.1
2026-09-14 13:51:00.362 Df PeachCommander[19511:fbc1] [com.apple.xpc:connection] [0x8baca0140] activating connection: mach=true listener=false peer=false name=com.apple.distributed_notifications@Uv3
2026-09-14 13:51:00.364 Df PeachCommander[19511:fbc1] [com.apple.AppKit:AutomaticTermination] void _NSDisableAutomaticTerminationAndLog(NSString *) No windows open yet
2026-09-14 13:51:00.364 A  PeachCommander[19511:fbc1] (TCC) TCCAccessRequest() IPC
2026-09-14 13:51:00.364 Df PeachCommander[19511:fbc1] [com.apple.xpc:connection] [0x8baca0280] activating connection: mach=true listener=false peer=false name=com.apple.tccd.system
2026-09-14 13:51:00.364 I  PeachCommander[19511:fbc1] [com.apple.TCC:access] SEND: 0/7 synchronous to com.apple.tccd.system: request: msgID=19511.1, function=TCCAccessRequest, service=kTCCServiceListenEvent,
2026-09-14 13:51:00.365 I  PeachCommander[19511:fbc1] [com.apple.TCC:access] RECV: synchronous reply <dictionary: 0x8bac88000> { count = 5, transaction: 0, voucher = 0x0, contents =
	"prompt_type" => <uint64: 0xbe336a0dda6a1ebf>: 1
	"auth_value" => <uint64: 0xbe336a0dda6a1ebf>: 1
	"preflight_unknown" => <bool: 0x1ee1ad190>: true
	"auth_version" => <uint64: 0xbe336a0dda6a1ebf>: 1
	"auth_reason" => <uint64: 0xbe336a0dda6a1e9f>: 5
}
2026-09-14 13:51:00.365 Df PeachCommander[19511:fbc1] [com.apple.xpc:connection] [0x8baca0280] invalidated after the last release of the connection object
2026-09-14 13:51:00.366 Df PeachCommander[19511:fbc1] [com.apple.SkyLight:default] server port 0x00003913, session port 0x00003913
2026-09-14 13:51:00.368 Df PeachCommander[19511:fbc1] [com.apple.SkyLight:default] New connection 0x486eb main
2026-09-14 13:51:00.368 I  PeachCommander[19511:fbc8] [com.apple.SkyLight:processes] 0[outside of RPC]: First connection id 296683 mapped to ctx = 0x8bac44380
2026-09-14 13:51:00.368 I  PeachCommander[19511:fbc1] [com.apple.hiservices:processmgr] Checking in with CAS, pid=19511
2026-09-14 13:51:00.369 I  PeachCommander[19511:fbc1] [com.apple.launchservices:cas] LSApplicationCheckIn(), app being registered is:"/Users/admin/pc-test/PeachCommander.app/Contents/MacOS/PeachCommander"
2026-09-14 13:51:00.369 I  PeachCommander[19511:fbc1] [com.apple.launchservices:cas]  { "ApplicationType"="Foreground", "BuildMachineOSBuild"="25E246", "CFBundleDevelopmentRegion"="en", "CFBundleDocumentTypes"=( { "CFBundleTypeName"="Peach Commander Plugin Package", "CFBundleTypeRole"="Viewer", "LSHandlerRank"="Owner", "LSItemContentTypes"=( "com.peachcommander.plugin-package") }), "CFBundleExecutable"="PeachCommander", "CFBundleExecutablePath"="/Users/admin/pc-test/PeachCommander.app/Contents/MacOS/PeachCommander", "CFBundleHelpBookFolder"="PeachCommander.help", "CFBundleHelpBookName"="Peach Commander Help", "CFBundleIconFile"="AppIcon", "CFBundleIconName"="AppIcon", "CFBundleIdentifier"="com.peachcommander.app", "CFBundleInfoDictionaryVersion"="6.0", "CFBundleName"="PeachCommander", "CFBundleNumericVersion"=402685952, "CFBundlePackageType"="APPL", "CFBundleShortVersionString"="0.9.0", "CFBundleSignature"="?????", "CFBundleSupportedPlatforms"=( "MacOSX"), "CFBundleVersion"="18", "DTCompiler"="com.apple.compilers.llvm.clang.1_0", "DTPlatformBuild"="25F70", "DTPlatformName"="macosx", "<…>
2026-09-14 13:51:00.369 Df PeachCommander[19511:fbc1] [com.apple.processmanager:front-35286506] CHECKIN: pid=19511
2026-09-14 13:51:00.370 Df PeachCommander[19511:fbc1] [com.apple.processmanager:front-35286506] CHECKEDIN: pid=19511 asn=0x0-0xf20f2 foreground=1
2026-09-14 13:51:00.370 I  PeachCommander[19511:fbc1] [com.apple.launchservices:cas] Setting processControlState to default PROC_SETPC_SUSPEND because application does not have LSProcessControlValue key
2026-09-14 13:51:00.370 Df PeachCommander[19511:fbc1] [com.apple.xpc:connection] [0x8baca0280] activating connection: mach=false listener=true peer=false name=(anonymous)
2026-09-14 13:51:00.370 Df PeachCommander[19511:fbc1] [com.apple.xpc:connection] [0x8baca0280] Connection returned listener port: 0x5403
2026-09-14 13:51:00.371 Df PeachCommander[19511:fbc7] [com.apple.xpc:connection] [0x8bb060300] activating connection: mach=false listener=false peer=true name=com.apple.xpc.anonymous.0x8baca0280.peer[131].0x8bb060300
2026-09-14 13:51:00.371 Df PeachCommander[19511:fbc1] [com.apple.processmanager:front-35286506] FRONTLOGGING: version 1
2026-09-14 13:51:00.371 Df PeachCommander[19511:fbc1] [com.apple.processmanager:front-35286506] Registered, pid=19511 ASN=0x0,0xf20f2
2026-09-14 13:51:00.371 Df PeachCommander[19511:fbc1] [com.apple.xpc:connection] [0x8baca03c0] activating connection: mach=true listener=false peer=false name=com.apple.analyticsd
2026-09-14 13:51:00.371 I  PeachCommander[19511:fbc1] [com.apple.CoreAnalytics:client] Daemon status changed from 0 to 1
2026-09-14 13:51:00.371 I  PeachCommander[19511:fbc7] [com.apple.CarbonCore:coreservicesdaemon] SCSession():SCSession( id=100, this=0x0x102504490 option=65538) created, forUID=501 mach_port_t=0x4f03.
2026-09-14 13:51:00.371 I  PeachCommander[19511:fbc7] [com.apple.CarbonCore:coreservicesdaemon] SCSession():SCSession( id=101, this=0x0x1025045d0 option=65538) created, forUID=501 mach_port_t=0x5003.
2026-09-14 13:51:00.371 I  PeachCommander[19511:fbc7] [com.apple.CarbonCore:coreservicesdaemon] connectToCoreServicesD():Instantiating server (coreservicesd based) SCSession, port=0x4f03 serverOptions=0x10002.
2026-09-14 13:51:00.371 Df PeachCommander[19511:fbc8] [com.apple.CoreAnalytics:client] Received configuration update from daemon (initial)
2026-09-14 13:51:00.371 I  PeachCommander[19511:fbc1] [com.apple.hiservices:processmgr] _RegisterApplication( pid 19511 => 0x0,0xf20f2) type=foreground
2026-09-14 13:51:00.371 Df PeachCommander[19511:fbc1] [com.apple.xpc:connection] [0x8baca0280] Connection returned listener port: 0x5403
2026-09-14 13:51:00.372 Df PeachCommander[19511:fbc7] [com.apple.xpc:connection] [0x8baca0500] activating connection: mach=true listener=false peer=false name=com.apple.lsd.mapdb
2026-09-14 13:51:00.372 I  PeachCommander[19511:fbc1] [com.apple.launchservices:cas] CFArrayRef _LSCopyLaunchModifiers(LSSessionID, LSASNRef _Nonnull), result for psn [ kLSCurrentApp ASN, 0x0,0x2]  is 1 items.
2026-09-14 13:51:00.372 Df PeachCommander[19511:fbc1] [com.apple.processmanager:front-35286506] BringForward: pid=19511 asn=0x0-0xf20f2 bringForward=1 foreground=1 uiElement=0 launchedByLS=1 modifiersCount=1 allDisabled=1
2026-09-14 13:51:00.372 Df PeachCommander[19511:fbc1] [com.apple.processmanager:front-35286506] BringFrontModifier: pid=19511 asn=0x0-0xf20f2 Modifier 0 hideAfter=0 hideOthers=0 dontMakeFrontmost=0 mouseDown=0/0 seed=0/0
2026-09-14 13:51:00.372 Df PeachCommander[19511:fbc1] [com.apple.processmanager:front-35286506] BringForward: pid=19511 asn=0x0-0xf20f2
2026-09-14 13:51:00.372 Df PeachCommander[19511:fbc1] [com.apple.processmanager:front-35286506] SetFrontProcess: asn=0x0-0xf20f2 options=0
2026-09-14 13:51:00.372 I  PeachCommander[19511:fbc1] [com.apple.SkyLight:processes] 0[outside of RPC]: SLPSetFrontProcess(0x0-0xf20f2 window=0 options=0x0
2026-09-14 13:51:00.373 I  PeachCommander[19511:fbc7] [com.apple.launchservices:db] LaunchServices database schema version: 20971544
2026-09-14 13:51:00.373 Df PeachCommander[19511:fbc1] [com.apple.AppKit:Appearance] Current system appearance, (HLTB: 1), (SLS: 0)
2026-09-14 13:51:00.374 Df PeachCommander[19511:fbc1] (libMobileGestalt.dylib) No persisted cache on this platform.
2026-09-14 13:51:00.374 I  PeachCommander[19511:fbc8] [com.apple.launchservices:cas] information in shared memory for 0x0-0xf20f2 with seed 533 was still valid, so using cached info { "ApplicationType"="Foreground", "BuildMachineOSBuild"="25E246", "BundleIdentifierLowerCase"="com.peachcommander.app", "CFBundleDevelopmentRegion"="en", "CFBundleDocumentTypes"=( { "CFBundleTypeName"="Peach Commander Plugin Package", "CFBundleTypeRole"="Viewer", "LSHandlerRank"="Owner", "LSItemContentTypes"=( "com.peachcommander.plugin-package") }), "CFBundleExecutable"="PeachCommander", "CFBundleExecutablePath"="/Users/admin/pc-test/PeachCommander.app/Contents/MacOS/PeachCommander", "CFBundleExecutablePathDeviceID"=16777227, "CFBundleExecutablePathINode"=488284, "CFBundleHelpBookFolder"="PeachCommander.help", "CFBundleHelpBookName"="Peach Commander Help", "CFBundleIconFile"="AppIcon", "CFBundleIconName"="AppIcon", "CFBundleIdentifier"="com.peachcommander.app", "CFBundleInfoDictionaryVersion"="6.0", "CFBundleName"="PeachCommander", "CFBundleNameLowerCase"="peachcommander", "CFBundleNumericVersion"=402685952, "CFBundlePackageType"="APPL", "CFBundleShortVersionString"="0.9.0", "CFBun<…>
2026-09-14 13:51:00.375 Df PeachCommander[19511:fbc1] (libMobileGestalt.dylib) Could not get size of EAN data (IOConnectCallScalarMethod kAppleNVMeEANGetSize returned 0xE00002E2)
2026-09-14 13:51:00.375 Df PeachCommander[19511:fbc1] (libMobileGestalt.dylib) Failed to copy 'aptk' from EAN
2026-09-14 13:51:00.375 Df PeachCommander[19511:fbc1] (libMobileGestalt.dylib) Failed to copy APTicket properties. Falling back to default policy.
2026-09-14 13:51:00.375 Df PeachCommander[19511:fbc1] (libMobileGestalt.dylib) Creating default MGSysConfigPolicy
2026-09-14 13:51:00.375 Df PeachCommander[19511:fbc1] (libMobileGestalt.dylib) CFDictionaryRef copySyscfgDictionary(void) enumeration of <private> failed.
2026-09-14 13:51:00.375 Df PeachCommander[19511:fbc1] (libMobileGestalt.dylib) Failed to find key <private>
2026-09-14 13:51:00.375 Df PeachCommander[19511:fbc1] [com.apple.AppKit:Appearance] Current system appearance, (HLTB: 1), (SLS: 0)
2026-09-14 13:51:00.376 Df PeachCommander[19511:fbc1] [com.apple.AppKit:Appearance] Post-registration system appearance: (HLTB: 1)
2026-09-14 13:51:00.376 I  PeachCommander[19511:fbc7] [com.apple.launchservices:default] Unable to load Info.plist exceptions (eGPUOverrides)
2026-09-14 13:51:00.376 I  PeachCommander[19511:fbc7] [com.apple.launchservices:default] Unable to load Info.plist exceptions (gameModeOverrides)
2026-09-14 13:51:00.376 I  PeachCommander[19511:fbc7] [com.apple.launchservices:default] Unable to load Info.plist exceptions (identifiedGameOverrides)
2026-09-14 13:51:00.376 I  PeachCommander[19511:fbc7] [com.apple.launchservices:default] Unable to load Info.plist exceptions (SystemHiddenPreferred)
2026-09-14 13:51:00.377 Df PeachCommander[19511:fbc1] [com.apple.FrontBoard:Common] FBSWorkspace: endpoint monitoring is disabled.
2026-09-14 13:51:00.377 Df PeachCommander[19511:fbc1] [com.apple.FrontBoard:Common] FBSWorkspace: default shell endpoint is disabled.
2026-09-14 13:51:00.377 Df PeachCommander[19511:fbc1] [com.apple.runningboard:connection] Initializing connection
2026-09-14 13:51:00.377 Df PeachCommander[19511:fbc1] [com.apple.runningboard:process] Removing all cached process handles
2026-09-14 13:51:00.377 Df PeachCommander[19511:fbc8] [com.apple.runningboard:connection] Sending handshake request attempt #1 to server
2026-09-14 13:51:00.377 Df PeachCommander[19511:fbc8] [com.apple.runningboard:connection] Creating connection to com.apple.runningboard
2026-09-14 13:51:00.377 Df PeachCommander[19511:fbc8] [com.apple.xpc:connection] [0x8baca0640] activating connection: mach=true listener=false peer=false name=com.apple.runningboard
2026-09-14 13:51:00.378 A  PeachCommander[19511:fbcc] (RunningBoardServices) didChangeInheritances
2026-09-14 13:51:00.378 Df PeachCommander[19511:fbc8] [com.apple.runningboard:connection] Handshake succeeded
2026-09-14 13:51:00.378 Df PeachCommander[19511:fbc8] [com.apple.runningboard:connection] Identity resolved as app<application.com.peachcommander.app.487016.488284(501)>
2026-09-14 13:51:00.378 Df PeachCommander[19511:fbc1] [com.apple.xpc:connection] [0x8baca0280] Connection returned listener port: 0x5403
2026-09-14 13:51:00.378 I  PeachCommander[19511:fbc1] [com.apple.launchservices:cas] information in shared memory for 0x0-0xf20f2 with seed 533 was still valid, so using cached info { "ApplicationType"="Foreground", "BuildMachineOSBuild"="25E246", "BundleIdentifierLowerCase"="com.peachcommander.app", "CFBundleDevelopmentRegion"="en", "CFBundleDocumentTypes"=( { "CFBundleTypeName"="Peach Commander Plugin Package", "CFBundleTypeRole"="Viewer", "LSHandlerRank"="Owner", "LSItemContentTypes"=( "com.peachcommander.plugin-package") }), "CFBundleExecutable"="PeachCommander", "CFBundleExecutablePath"="/Users/admin/pc-test/PeachCommander.app/Contents/MacOS/PeachCommander", "CFBundleExecutablePathDeviceID"=16777227, "CFBundleExecutablePathINode"=488284, "CFBundleHelpBookFolder"="PeachCommander.help", "CFBundleHelpBookName"="Peach Commander Help", "CFBundleIconFile"="AppIcon", "CFBundleIconName"="AppIcon", "CFBundleIdentifier"="com.peachcommander.app", "CFBundleInfoDictionaryVersion"="6.0", "CFBundleName"="PeachCommander", "CFBundleNameLowerCase"="peachcommander", "CFBundleNumericVersion"=402685952, "CFBundlePackageType"="APPL", "CFBundleShortVersionString"="0.9.0", "CFBun<…>
2026-09-14 13:51:00.380 Df PeachCommander[19511:fbc1] [com.apple.xpc:connection] [0x8baca0280] Connection returned listener port: 0x5403
2026-09-14 13:51:00.380 A  PeachCommander[19511:fbc8] (AppIntents) appintents:register process
2026-09-14 13:51:00.381 Df PeachCommander[19511:fbc8] [com.apple.appintents:Connection] Created a new Process Instance Registry XPC connection (inactive)
2026-09-14 13:51:00.381 Df PeachCommander[19511:fbc8] [com.apple.xpc:connection] [0x8baca08c0] activating connection: mach=true listener=false peer=false name=com.apple.linkd.autoShortcut
2026-09-14 13:51:00.381 Df PeachCommander[19511:fbc8] [com.apple.appintents:Connection] Activated connection to linkd (ApplicationService)
2026-09-14 13:51:00.381 Df PeachCommander[19511:fbc8] [com.apple.xpc:connection] [0x8baca0a00] activating connection: mach=false listener=true peer=false name=(anonymous)
2026-09-14 13:51:00.381 I  PeachCommander[19511:fbc1] [com.apple.launchservices:cas] information in shared memory for 0x0-0xf20f2 with seed 533 was still valid, so using cached info { "ApplicationType"="Foreground", "BuildMachineOSBuild"="25E246", "BundleIdentifierLowerCase"="com.peachcommander.app", "CFBundleDevelopmentRegion"="en", "CFBundleDocumentTypes"=( { "CFBundleTypeName"="Peach Commander Plugin Package", "CFBundleTypeRole"="Viewer", "LSHandlerRank"="Owner", "LSItemContentTypes"=( "com.peachcommander.plugin-package") }), "CFBundleExecutable"="PeachCommander", "CFBundleExecutablePath"="/Users/admin/pc-test/PeachCommander.app/Contents/MacOS/PeachCommander", "CFBundleExecutablePathDeviceID"=16777227, "CFBundleExecutablePathINode"=488284, "CFBundleHelpBookFolder"="PeachCommander.help", "CFBundleHelpBookName"="Peach Commander Help", "CFBundleIconFile"="AppIcon", "CFBundleIconName"="AppIcon", "CFBundleIdentifier"="com.peachcommander.app", "CFBundleInfoDictionaryVersion"="6.0", "CFBundleName"="PeachCommander", "CFBundleNameLowerCase"="peachcommander", "CFBundleNumericVersion"=402685952, "CFBundlePackageType"="APPL", "CFBundleShortVersionString"="0.9.0", "CFBun<…>
2026-09-14 13:51:00.381 I  PeachCommander[19511:fbc1] [com.apple.hiservices:processmgr] TransformProcessType(0x0,0x2 => 1 wasFront=1 pickNew=0)
2026-09-14 13:51:00.381 I  PeachCommander[19511:fbc1] [com.apple.CoreAnalytics:client] Dropping "com.apple.appkit.app_config" as it isn't used in any transform (not in the config or budgeted?)
2026-09-14 13:51:00.381 I  PeachCommander[19511:fbc8] [com.apple.appintents:Execution] LNAppConnectionListener instantiated
2026-09-14 13:51:00.381 Df PeachCommander[19511:fbc8] [com.apple.xpc:connection] [0x8baca0a00] Connection returned listener port: 0x6703
2026-09-14 13:51:00.381 Df PeachCommander[19511:fbc1] [com.apple.dt.xctest:Default] Registering for test daemon availability notify post.
2026-09-14 13:51:00.381 Df PeachCommander[19511:fbc1] [com.apple.dt.xctest:Default] notify_get_state check indicated test daemon not ready.
2026-09-14 13:51:00.382 Df PeachCommander[19511:fbc1] [com.apple.dt.xctest:Default] notify_get_state check indicated test daemon not ready.
2026-09-14 13:51:00.382 Df PeachCommander[19511:fbcc] [com.apple.xpc:connection] [0x8baca08c0] Re-initialization successful; calling out to event handler with XPC_ERROR_CONNECTION_INTERRUPTED
2026-09-14 13:51:00.382 Df PeachCommander[19511:fbcc] [com.apple.appintents:Connection] Process Instance Registry XPC connection has been interrupted
2026-09-14 13:51:00.382 Df PeachCommander[19511:fbc1] [com.apple.dt.xctest:Default] notify_get_state check indicated test daemon not ready.
2026-09-14 13:51:00.382 E  PeachCommander[19511:fbc8] [com.apple.appintents:Connection] Unable to get synchronousRemoteObjectProxy, error: Error Domain=NSCocoaErrorDomain Code=4097 "connection to service named com.apple.linkd.autoShortcut" UserInfo={NSDebugDescription=connection to service named com.apple.linkd.autoShortcut}
2026-09-14 13:51:00.382 E  PeachCommander[19511:fbc8] [com.apple.AppKit:Application] Error registering app with intents framework: Error Domain=NSCocoaErrorDomain Code=4097 UserInfo={NSDebugDescription=<private>}
2026-09-14 13:51:00.382 Df PeachCommander[19511:fbcc] [com.apple.appintents:Connection] Created a new Process Instance Registry XPC connection (inactive)
2026-09-14 13:51:00.382 A  PeachCommander[19511:fbcc] (AppIntents) appintents:register process
2026-09-14 13:51:00.382 Df PeachCommander[19511:fbcc] [com.apple.appintents:Connection] Created a new Process Instance Registry XPC connection (inactive)
2026-09-14 13:51:00.382 Df PeachCommander[19511:fbcc] [com.apple.xpc:connection] [0x8baca0c80] activating connection: mach=true listener=false peer=false name=com.apple.linkd.autoShortcut
2026-09-14 13:51:00.382 Df PeachCommander[19511:fbcc] [com.apple.appintents:Connection] Activated connection to linkd (ApplicationService)
2026-09-14 13:51:00.382 Df PeachCommander[19511:fbcc] [com.apple.xpc:connection] [0x8baca0a00] Connection returned listener port: 0x6703
2026-09-14 13:51:00.382 Df PeachCommander[19511:fbc8] [com.apple.xpc:connection] [0x8baca0c80] Re-initialization successful; calling out to event handler with XPC_ERROR_CONNECTION_INTERRUPTED
2026-09-14 13:51:00.382 Df PeachCommander[19511:fbc8] [com.apple.appintents:Connection] Process Instance Registry XPC connection has been interrupted
2026-09-14 13:51:00.382 E  PeachCommander[19511:fbcc] [com.apple.appintents:Connection] Unable to get synchronousRemoteObjectProxy, error: Error Domain=NSCocoaErrorDomain Code=4097 "connection to service named com.apple.linkd.autoShortcut" UserInfo={NSDebugDescription=connection to service named com.apple.linkd.autoShortcut}
2026-09-14 13:51:00.382 E  PeachCommander[19511:fbcc] [com.apple.appintents:Connection] Unable to re-register with Process Instance Registry, error: Error Domain=NSCocoaErrorDomain Code=4097 "connection to service named com.apple.linkd.autoShortcut" UserInfo={NSDebugDescription=connection to service named com.apple.linkd.autoShortcut}
2026-09-14 13:51:00.382 Df PeachCommander[19511:fbc8] [com.apple.appintents:Connection] Created a new Process Instance Registry XPC connection (inactive)
2026-09-14 13:51:00.382 A  PeachCommander[19511:fbc8] (AppIntents) appintents:register process
2026-09-14 13:51:00.382 Df PeachCommander[19511:fbc8] [com.apple.appintents:Connection] Created a new Process Instance Registry XPC connection (inactive)
2026-09-14 13:51:00.382 Df PeachCommander[19511:fbc8] [com.apple.xpc:connection] [0x8baca12c0] activating connection: mach=true listener=false peer=false name=com.apple.linkd.autoShortcut
2026-09-14 13:51:00.383 Df PeachCommander[19511:fbc8] [com.apple.appintents:Connection] Activated connection to linkd (ApplicationService)
2026-09-14 13:51:00.383 Df PeachCommander[19511:fbc8] [com.apple.xpc:connection] [0x8baca0a00] Connection returned listener port: 0x6703
2026-09-14 13:51:00.383 Df PeachCommander[19511:fbcc] [com.apple.xpc:connection] [0x8baca12c0] Re-initialization successful; calling out to event handler with XPC_ERROR_CONNECTION_INTERRUPTED
2026-09-14 13:51:00.383 Df PeachCommander[19511:fbcc] [com.apple.appintents:Connection] Process Instance Registry XPC connection has been interrupted
2026-09-14 13:51:00.383 E  PeachCommander[19511:fbc8] [com.apple.appintents:Connection] Unable to get synchronousRemoteObjectProxy, error: Error Domain=NSCocoaErrorDomain Code=4097 "connection to service named com.apple.linkd.autoShortcut" UserInfo={NSDebugDescription=connection to service named com.apple.linkd.autoShortcut}
2026-09-14 13:51:00.383 E  PeachCommander[19511:fbc8] [com.apple.appintents:Connection] Unable to re-register with Process Instance Registry, error: Error Domain=NSCocoaErrorDomain Code=4097 "connection to service named com.apple.linkd.autoShortcut" UserInfo={NSDebugDescription=connection to service named com.apple.linkd.autoShortcut}
2026-09-14 13:51:00.385 Df PeachCommander[19511:fbcc] [com.apple.appintents:Connection] Created a new Process Instance Registry XPC connection (inactive)
2026-09-14 13:51:00.385 A  PeachCommander[19511:fbcc] (AppIntents) appintents:register process
2026-09-14 13:51:00.385 A  PeachCommander[19511:fbc1] (CoreFoundation) Loading Preferences From System CFPrefsD
2026-09-14 13:51:00.385 Df PeachCommander[19511:fbcc] [com.apple.appintents:Connection] Created a new Process Instance Registry XPC connection (inactive)
2026-09-14 13:51:00.385 Df PeachCommander[19511:fbcc] [com.apple.xpc:connection] [0x8baca1540] activating connection: mach=true listener=false peer=false name=com.apple.linkd.autoShortcut
2026-09-14 13:51:00.385 Df PeachCommander[19511:fbcc] [com.apple.appintents:Connection] Activated connection to linkd (ApplicationService)
2026-09-14 13:51:00.385 Df PeachCommander[19511:fbcc] [com.apple.xpc:connection] [0x8baca0a00] Connection returned listener port: 0x6703
2026-09-14 13:51:00.385 Df PeachCommander[19511:fbc8] [com.apple.xpc:connection] [0x8baca1540] Re-initialization successful; calling out to event handler with XPC_ERROR_CONNECTION_INTERRUPTED
2026-09-14 13:51:00.386 Df PeachCommander[19511:fbc8] [com.apple.appintents:Connection] Process Instance Registry XPC connection has been interrupted
2026-09-14 13:51:00.386 E  PeachCommander[19511:fbc8] [com.apple.appintents:Connection] Will NOT re-try to establish the connection
2026-09-14 13:51:00.386 E  PeachCommander[19511:fbcc] [com.apple.appintents:Connection] Unable to get synchronousRemoteObjectProxy, error: Error Domain=NSCocoaErrorDomain Code=4097 "connection to service named com.apple.linkd.autoShortcut" UserInfo={NSDebugDescription=connection to service named com.apple.linkd.autoShortcut}
2026-09-14 13:51:00.386 E  PeachCommander[19511:fbcc] [com.apple.appintents:Connection] Unable to re-register with Process Instance Registry, error: Error Domain=NSCocoaErrorDomain Code=4097 "connection to service named com.apple.linkd.autoShortcut" UserInfo={NSDebugDescription=connection to service named com.apple.linkd.autoShortcut}
2026-09-14 13:51:00.386 Df PeachCommander[19511:fbc1] (libMobileGestalt.dylib) couldn't load support library
2026-09-14 13:51:00.386 Df PeachCommander[19511:fbc1] (libMobileGestalt.dylib) called dummy function!
2026-09-14 13:51:00.386 I  PeachCommander[19511:fbc1] [com.apple.GenerativeModels:availability] Current availability state: unavailable, use cases: com.apple.WritingTools, language: <any>, api: <private>
2026-09-14 13:51:00.386 Df PeachCommander[19511:fbc1] [com.apple.GenerativeModels:availability] registering darwin observer for name: com.apple.gms.availability.notification
2026-09-14 13:51:00.386 Df PeachCommander[19511:fbc1] [com.apple.GenerativeModels:availability] registering darwin observer for name: com.apple.os-eligibility-domain.change.greymatter
2026-09-14 13:51:00.386 Df PeachCommander[19511:fbc1] [com.apple.GenerativeModels:availability] registering darwin observer for name: com.apple.language.changed
2026-09-14 13:51:00.386 Df PeachCommander[19511:fbc1] [com.apple.WritingTools:Default] isAvailable value changed: isMDMAllowed = true, gmAvailable (current) = false
2026-09-14 13:51:00.388 I  PeachCommander[19511:fbc1] [com.apple.CoreAnalytics:client] Dropping "com.apple.appkit.app_config" as it isn't used in any transform (not in the config or budgeted?)
2026-09-14 13:51:00.391 Df PeachCommander[19511:fbc1] [com.apple.AppKit:Appearance] NSApp cache appearance:
-NSRequiresAquaSystemAppearance: 0
-appearance: (null)
-effectiveAppearance: <NSCompositeAppearance: 0x8bac8c500
 (
    "<NSAquaAppearance: 0x8bac8c820>",
    "<NSSystemAppearance: 0x8bac8c780>"
)>
2026-09-14 13:51:00.393 A  PeachCommander[19511:fbc1] (CoreFoundation) Loading Preferences From User CFPrefsD
2026-09-14 13:51:00.393 A  PeachCommander[19511:fbc1] (CoreFoundation) Loading Preferences From User CFPrefsD
2026-09-14 13:51:00.396 A  PeachCommander[19511:fbc8] (libsystem_info.dylib) Membership API: translate identifier
2026-09-14 13:51:00.398 I  PeachCommander[19511:fbc1] [com.apple.CoreAnalytics:client] Dropping "com.apple.appkit.app_config" as it isn't used in any transform (not in the config or budgeted?)
2026-09-14 13:51:00.398 I  PeachCommander[19511:fbc1] [com.apple.CoreAnalytics:client] Dropping "com.apple.appkit.app_config" as it isn't used in any transform (not in the config or budgeted?)
2026-09-14 13:51:00.399 Df PeachCommander[19511:fbcc] [com.apple.xpc:connection] [0x8baca1a40] activating connection: mach=true listener=false peer=false name=com.apple.dock.fullscreen
2026-09-14 13:51:00.400 Df PeachCommander[19511:fbc1] [com.apple.xpc:connection] [0x8baca1b80] activating connection: mach=true listener=false peer=false name=com.apple.fonts
2026-09-14 13:51:00.403 I  PeachCommander[19511:fbc1] [com.apple.launchservices:cas] information in shared memory for 0x0-0xf20f2 with seed 533 was still valid, so using cached info { "ApplicationType"="Foreground", "BuildMachineOSBuild"="25E246", "BundleIdentifierLowerCase"="com.peachcommander.app", "CFBundleDevelopmentRegion"="en", "CFBundleDocumentTypes"=( { "CFBundleTypeName"="Peach Commander Plugin Package", "CFBundleTypeRole"="Viewer", "LSHandlerRank"="Owner", "LSItemContentTypes"=( "com.peachcommander.plugin-package") }), "CFBundleExecutable"="PeachCommander", "CFBundleExecutablePath"="/Users/admin/pc-test/PeachCommander.app/Contents/MacOS/PeachCommander", "CFBundleExecutablePathDeviceID"=16777227, "CFBundleExecutablePathINode"=488284, "CFBundleHelpBookFolder"="PeachCommander.help", "CFBundleHelpBookName"="Peach Commander Help", "CFBundleIconFile"="AppIcon", "CFBundleIconName"="AppIcon", "CFBundleIdentifier"="com.peachcommander.app", "CFBundleInfoDictionaryVersion"="6.0", "CFBundleName"="PeachCommander", "CFBundleNameLowerCase"="peachcommander", "CFBundleNumericVersion"=402685952, "CFBundlePackageType"="APPL", "CFBundleShortVersionString"="0.9.0", "CFBun<…>
2026-09-14 13:51:00.403 I  PeachCommander[19511:fbc1] [com.apple.CoreAnalytics:client] Dropping "com.apple.appkit.app_config" as it isn't used in any transform (not in the config or budgeted?)
2026-09-14 13:51:00.403 Df PeachCommander[19511:fbc1] [com.apple.AppKit:AutomaticTermination] -[NSApplication(NSAppssassination) _checkForAutomaticTerminationSupportPossiblyEnablingIt]_block_invoke Enabling automatic termination support.
2026-09-14 13:51:00.403 Df PeachCommander[19511:fbc1] [com.apple.xpc:connection] [0x8baca0dc0] activating connection: mach=true listener=false peer=false name=com.apple.appkit.restoration_storage
2026-09-14 13:51:00.403 I  PeachCommander[19511:fbc1] [com.apple.launchservices:cas] information in shared memory for 0x0-0xf20f2 with seed 533 was still valid, so using cached info { "ApplicationType"="Foreground", "BuildMachineOSBuild"="25E246", "BundleIdentifierLowerCase"="com.peachcommander.app", "CFBundleDevelopmentRegion"="en", "CFBundleDocumentTypes"=( { "CFBundleTypeName"="Peach Commander Plugin Package", "CFBundleTypeRole"="Viewer", "LSHandlerRank"="Owner", "LSItemContentTypes"=( "com.peachcommander.plugin-package") }), "CFBundleExecutable"="PeachCommander", "CFBundleExecutablePath"="/Users/admin/pc-test/PeachCommander.app/Contents/MacOS/PeachCommander", "CFBundleExecutablePathDeviceID"=16777227, "CFBundleExecutablePathINode"=488284, "CFBundleHelpBookFolder"="PeachCommander.help", "CFBundleHelpBookName"="Peach Commander Help", "CFBundleIconFile"="AppIcon", "CFBundleIconName"="AppIcon", "CFBundleIdentifier"="com.peachcommander.app", "CFBundleInfoDictionaryVersion"="6.0", "CFBundleName"="PeachCommander", "CFBundleNameLowerCase"="peachcommander", "CFBundleNumericVersion"=402685952, "CFBundlePackageType"="APPL", "CFBundleShortVersionString"="0.9.0", "CFBun<…>
2026-09-14 13:51:00.403 Df PeachCommander[19511:fbc1] [com.apple.xpc:connection] [0x8baca0f00] activating connection: mach=true listener=false peer=false name=com.apple.coreservices.appleevents
2026-09-14 13:51:00.404 I  PeachCommander[19511:fbc1] [com.apple.appleevents:main] _AEGetRegisteredMachPort() created default port (port:44803/0xaf03 rcv:1 send:1 limit:5) and registered it with server
2026-09-14 13:51:00.404 Df PeachCommander[19511:fbc1] [com.apple.xpc:connection] [0x8baca0280] Connection returned listener port: 0x5403
2026-09-14 13:51:00.404 I  PeachCommander[19511:fbc1] [com.apple.launchservices:cas] information in shared memory for 0x0-0xf20f2 with seed 533 was still valid, so using cached info { "ApplicationType"="Foreground", "BuildMachineOSBuild"="25E246", "BundleIdentifierLowerCase"="com.peachcommander.app", "CFBundleDevelopmentRegion"="en", "CFBundleDocumentTypes"=( { "CFBundleTypeName"="Peach Commander Plugin Package", "CFBundleTypeRole"="Viewer", "LSHandlerRank"="Owner", "LSItemContentTypes"=( "com.peachcommander.plugin-package") }), "CFBundleExecutable"="PeachCommander", "CFBundleExecutablePath"="/Users/admin/pc-test/PeachCommander.app/Contents/MacOS/PeachCommander", "CFBundleExecutablePathDeviceID"=16777227, "CFBundleExecutablePathINode"=488284, "CFBundleHelpBookFolder"="PeachCommander.help", "CFBundleHelpBookName"="Peach Commander Help", "CFBundleIconFile"="AppIcon", "CFBundleIconName"="AppIcon", "CFBundleIdentifier"="com.peachcommander.app", "CFBundleInfoDictionaryVersion"="6.0", "CFBundleName"="PeachCommander", "CFBundleNameLowerCase"="peachcommander", "CFBundleNumericVersion"=402685952, "CFBundlePackageType"="APPL", "CFBundleShortVersionString"="0.9.0", "CFBun<…>
2026-09-14 13:51:00.404 Df PeachCommander[19511:fbc1] [com.apple.processmanager:front-35286506] SignalReady: pid=19511 asn=0x0-0xf20f2
2026-09-14 13:51:00.404 Df PeachCommander[19511:fbc1] [com.apple.processmanager:front-35286506] SIGNAL: pid=19511 asn=0x0x-0xf20f2
2026-09-14 13:51:00.404 I  PeachCommander[19511:fbc1] [com.apple.appleevents:main] aeGenerateFakeFirstOAPPEventIfNecessary()
2026-09-14 13:51:00.404 I  PeachCommander[19511:fbc1] [com.apple.appleevents:main] aeGenerateFakeFirstOAPPEventIfNecessary(), needToCreateFakeOAPPEventIfFirstEvent == true
2026-09-14 13:51:00.404 I  PeachCommander[19511:fbc1] [com.apple.launchservices:cas] Removing cached information for app [ 0x0-0xf20f2]  "PeachCommander", as its seed is different from that in shared memory ( 533 vs 535)
2026-09-14 13:51:00.405 I  PeachCommander[19511:fbc1] [com.apple.CFPasteboard:entry] CopyData('DefaultAsciiKeyboardLayoutPasteboard' (<CFUUID 0x8bad60460> 68EE2782-3BD5-45FA-861A-F74C918C44CE) gen: -1 item: 1264739405 flavor: 'DefaultAsciiKeyboardLayoutFlavor')
2026-09-14 13:51:00.405 I  PeachCommander[19511:fbc1] [com.apple.CFPasteboard:cache] Rebuilding cache for 'DefaultAsciiKeyboardLayoutPasteboard' (<CFUUID 0x8bad60460> 68EE2782-3BD5-45FA-861A-F74C918C44CE)
2026-09-14 13:51:00.405 I  PeachCommander[19511:fbc1] [com.apple.CFPasteboard:exit] (not-in-cache) - result: -8 generation: 0 null data flags: 0
2026-09-14 13:51:00.405 A  PeachCommander[19511:fbc1] (CoreFoundation) Loading Preferences From User CFPrefsD
2026-09-14 13:51:00.405 A  PeachCommander[19511:fbc1] (CoreFoundation) Loading Preferences From System CFPrefsD
2026-09-14 13:51:00.405 I  PeachCommander[19511:fbc1] [com.apple.CFPasteboard:entry] CopyData('AppleIntlFileCacheModificationDatePasteboard' (<CFUUID 0x8bad60ca0> 71C69D2E-0702-4AE3-BA71-933F6EA1E4EC) gen: -1 item: 1 flavor: '-32766 1768845414')
2026-09-14 13:51:00.405 I  PeachCommander[19511:fbc1] [com.apple.CFPasteboard:cache] Rebuilding cache for 'AppleIntlFileCacheModificationDatePasteboard' (<CFUUID 0x8bad60ca0> 71C69D2E-0702-4AE3-BA71-933F6EA1E4EC)
2026-09-14 13:51:00.406 I  PeachCommander[19511:fbc1] [com.apple.CFPasteboard:general] Will request data from daemon
2026-09-14 13:51:00.406 I  PeachCommander[19511:fbc1] [com.apple.CFPasteboard:exit] (not-in-cache) - result: 0 generation: 7 data (310 bytes) flags: 0
2026-09-14 13:51:00.406 I  PeachCommander[19511:fbc1] [com.apple.CFPasteboard:entry] CopyData('AppleIntlFileCacheModificationDatePasteboard' (<CFUUID 0x8bad60ca0> 71C69D2E-0702-4AE3-BA71-933F6EA1E4EC) gen: -1 item: 1 flavor: '-32765 1802264953')
2026-09-14 13:51:00.406 I  PeachCommander[19511:fbc1] [com.apple.CFPasteboard:general] Will request data from daemon
2026-09-14 13:51:00.406 I  PeachCommander[19511:fbc1] [com.apple.CFPasteboard:exit] (not-in-cache) - result: 0 generation: 7 data (306 bytes) flags: 0
2026-09-14 13:51:00.406 I  PeachCommander[19511:fbc1] [com.apple.CFPasteboard:entry] CopyData('AppleIntlFileCacheModificationDatePasteboard' (<CFUUID 0x8bad60ca0> 71C69D2E-0702-4AE3-BA71-933F6EA1E4EC) gen: -1 item: 1 flavor: '-32764 1802264953')
2026-09-14 13:51:00.406 I  PeachCommander[19511:fbc1] [com.apple.CFPasteboard:general] Will request data from daemon
2026-09-14 13:51:00.406 I  PeachCommander[19511:fbc1] [com.apple.CFPasteboard:exit] (not-in-cache) - result: 0 generation: 7 data (281 bytes) flags: 0
2026-09-14 13:51:00.406 I  PeachCommander[19511:fbc1] [com.apple.CFPasteboard:entry] CopyData('AppleIntlFileCacheModificationDatePasteboard' (<CFUUID 0x8bad60ca0> 71C69D2E-0702-4AE3-BA71-933F6EA1E4EC) gen: -1 item: 1 flavor: '-32763 1802264953')
2026-09-14 13:51:00.406 I  PeachCommander[19511:fbc1] [com.apple.CFPasteboard:general] Will request data from daemon
2026-09-14 13:51:00.406 I  PeachCommander[19511:fbc1] [com.apple.CFPasteboard:exit] (not-in-cache) - result: 0 generation: 7 data (318 bytes) flags: 0
2026-09-14 13:51:00.406 I  PeachCommander[19511:fbc1] [com.apple.CFPasteboard:entry] CopyData('AppleIntlFileCacheModificationDatePasteboard' (<CFUUID 0x8bad60ca0> 71C69D2E-0702-4AE3-BA71-933F6EA1E4EC) gen: -1 item: 1 flavor: '-32765 1768845414')
2026-09-14 13:51:00.406 I  PeachCommander[19511:fbc1] [com.apple.CFPasteboard:general] Will request data from daemon
2026-09-14 13:51:00.406 I  PeachCommander[19511:fbc1] [com.apple.CFPasteboard:exit] (not-in-cache) - result: 0 generation: 7 data (303 bytes) flags: 0
2026-09-14 13:51:00.406 I  PeachCommander[19511:fbc1] [com.apple.CFPasteboard:entry] CopyData('AppleIntlFileCacheModificationDatePasteboard' (<CFUUID 0x8bad60ca0> 71C69D2E-0702-4AE3-BA71-933F6EA1E4EC) gen: -1 item: 1 flavor: '-32763 1768845414')
2026-09-14 13:51:00.406 I  PeachCommander[19511:fbc1] [com.apple.CFPasteboard:general] Will request data from daemon
2026-09-14 13:51:00.406 I  PeachCommander[19511:fbc1] [com.apple.CFPasteboard:exit] (not-in-cache) - result: 0 generation: 7 data (315 bytes) flags: 0
2026-09-14 13:51:00.407 I  PeachCommander[19511:fbc1] [com.apple.launchservices:cas] information in shared memory for 0x0-0xf20f2 with seed 535 was still valid, so using cached info { "ApplicationType"="Foreground", "BuildMachineOSBuild"="25E246", "BundleIdentifierLowerCase"="com.peachcommander.app", "CFBundleDevelopmentRegion"="en", "CFBundleDocumentTypes"=( { "CFBundleTypeName"="Peach Commander Plugin Package", "CFBundleTypeRole"="Viewer", "LSHandlerRank"="Owner", "LSItemContentTypes"=( "com.peachcommander.plugin-package") }), "CFBundleExecutable"="PeachCommander", "CFBundleExecutablePath"="/Users/admin/pc-test/PeachCommander.app/Contents/MacOS/PeachCommander", "CFBundleExecutablePathDeviceID"=16777227, "CFBundleExecutablePathINode"=488284, "CFBundleHelpBookFolder"="PeachCommander.help", "CFBundleHelpBookName"="Peach Commander Help", "CFBundleIconFile"="AppIcon", "CFBundleIconName"="AppIcon", "CFBundleIdentifier"="com.peachcommander.app", "CFBundleInfoDictionaryVersion"="6.0", "CFBundleName"="PeachCommander", "CFBundleNameLowerCase"="peachcommander", "CFBundleNumericVersion"=402685952, "CFBundlePackageType"="APPL", "CFBundleShortVersionString"="0.9.0", "CFBun<…>
2026-09-14 13:51:00.407 Df PeachCommander[19511:fbc1] [com.apple.xpc:connection] [0x8baca1e00] activating connection: mach=false listener=false peer=false name=com.apple.ViewBridgeAuxiliary
2026-09-14 13:51:00.412 Df PeachCommander[19511:fbc1] [com.apple.xpc:connection] [0x8baca1cc0] activating connection: mach=false listener=false peer=false name=(anonymous)
2026-09-14 13:51:00.412 Df PeachCommander[19511:fbc1] [com.apple.xpc:connection] [0x8baca1f40] activating connection: mach=false listener=true peer=false name=(anonymous)
2026-09-14 13:51:00.412 Df PeachCommander[19511:fbc1] [com.apple.xpc:connection] [0x8baca1f40] Connection returned listener port: 0xf503
2026-09-14 13:51:00.412 Df PeachCommander[19511:fbc1] [com.apple.xpc:connection] [0x8baca1e00] invalidated after the last release of the connection object
2026-09-14 13:51:00.412 I  PeachCommander[19511:fbc1] [com.apple.runningboard:assertion] Acquiring assertion: <RBSAssertionDescriptor| "AppNap adapter assertion" ID:(null) target:19511>
2026-09-14 13:51:00.414 I  PeachCommander[19511:fbc1] [com.apple.showhide:pr-59900543] SHOWHIDE: SHOW id=416 0x0-0xF20F2, err=0 eventTime=1314077527875 windowID=0
2026-09-14 13:51:00.414 I  PeachCommander[19511:fbc1] [com.apple.CarbonCore:coreservicesdaemon] findOrCreateCacheable():findOrCreateCacheable(), factoryName=3 cacheableName=<private> fCacheables.size()=0
2026-09-14 13:51:00.414 I  PeachCommander[19511:fbc1] [com.apple.CarbonCore:coreservicesdaemon] findOrCreateCacheable():findOrCreateCacheable(), result = 0x8bb14ac40 (should be non-NULL)
2026-09-14 13:51:00.414 Df PeachCommander[19511:fbc1] [com.apple.AppKit:AutomaticTermination] void _NSDisableAutomaticTerminationAndLog(NSString *) Restoring windows
2026-09-14 13:51:00.414 Df PeachCommander[19511:fbc1] [com.apple.AppKit:StateRestoration] -[NSApplication _reopenWindowsAsNecessaryIncludingRestorableState:withFullFidelity:completionHandler:] shouldRestoreState=1 hasPersistentStateToRestore=0 shouldStillRestoreStateAfterPrompting=0
2026-09-14 13:51:00.414 Df PeachCommander[19511:fbc1] [com.apple.xpc:connection] [0x8baca1e00] activating connection: mach=true listener=false peer=false name=com.apple.window_proxies
2026-09-14 13:51:00.414 Df PeachCommander[19511:fbc1] [com.apple.xpc:connection] [0x8baca1e00] invalidated because the current process cancelled the connection by calling xpc_connection_cancel()
2026-09-14 13:51:00.414 I  PeachCommander[19511:fbc1] [com.apple.SkyLight:processes] 0[outside of RPC]: SLSSetFrontProcessWithInfo(0x0-0x2 window=0 options=0x1
2026-09-14 13:51:00.415 I  PeachCommander[19511:fbc1] [com.apple.CoreAnalytics:client] Dropping "com.apple.appkit.app_config" as it isn't used in any transform (not in the config or budgeted?)
2026-09-14 13:51:00.415 Df PeachCommander[19511:fbc1] [com.apple.AppKit:AutomaticTermination] void _NSEnableAutomaticTerminationAndLog(NSString *) Restoring windows
2026-09-14 13:51:00.417 I  PeachCommander[19511:fbc1] [com.apple.CoreAnalytics:client] Dropping "com.apple.appkit.app_config" as it isn't used in any transform (not in the config or budgeted?)
2026-09-14 13:51:00.417 I  PeachCommander[19511:fbc1] [com.apple.CoreAnalytics:client] Dropping "com.apple.appkit.app_config" as it isn't used in any transform (not in the config or budgeted?)
2026-09-14 13:51:00.425 A  PeachCommander[19511:fbc1] (CoreFoundation) Loading Preferences From User CFPrefsD
2026-09-14 13:51:00.431 I  PeachCommander[19511:fbc1] [com.peachcommander:PCFoundation] VolumeManager initialized
2026-09-14 13:51:00.447 Df PeachCommander[19511:fbc1] [com.apple.BoardServices:XPCErrors] [C:1] Alloc <private>
2026-09-14 13:51:00.447 Df PeachCommander[19511:fbc1] [com.apple.xpc:connection] [0x8baff5180] activating connection: mach=false listener=false peer=false name=(anonymous)
2026-09-14 13:51:00.449 I  PeachCommander[19511:fbc1] [com.apple.AppKit:Window] context (0 -> cd1e886) for window 3e9
2026-09-14 13:51:00.450 Df PeachCommander[19511:fbc7] [com.apple.corespotlight:index] (<private>) deleteSearchableItemsWithDomainIdentifiers, protectionClass:(null), domainIdentifiers number:1
2026-09-14 13:51:00.450 A  PeachCommander[19511:fbc7] (CoreSpotlight) delete-domains
2026-09-14 13:51:00.450 Df PeachCommander[19511:fbc7] [com.apple.corespotlight:index] CSInlineDonation:<private>: Skipping donation (feature flag disabled)
2026-09-14 13:51:00.450 Df PeachCommander[19511:fbc7] (CoreSpotlight) sConnectionName: com.apple.spotlight.IndexAgent
2026-09-14 13:51:00.450 Df PeachCommander[19511:fbc7] (CoreSpotlight) Start service name com.apple.spotlight.IndexAgent
2026-09-14 13:51:00.450 Df PeachCommander[19511:fbc7] [com.apple.xpc:connection] [0x8baff5400] activating connection: mach=true listener=false peer=false name=com.apple.spotlight.IndexAgent
2026-09-14 13:51:00.450 I  PeachCommander[19511:fbc1] [com.peachcommander:PCFoundation] MainWindowController initialized (config: <private>)
2026-09-14 13:51:00.450 I  PeachCommander[19511:fbc1] [com.peachcommander:PCFoundation] SelectionState initialized
2026-09-14 13:51:00.450 I  PeachCommander[19511:fbc1] [com.peachcommander:PCFoundation] DirectoryModel initialized
2026-09-14 13:51:00.450 I  PeachCommander[19511:fbc1] [com.peachcommander:PCFoundation] VolumeManager initialized
2026-09-14 13:51:00.450 I  PeachCommander[19511:fbc1] [com.peachcommander:PCFoundation] PanelController initialized for <private> panel
2026-09-14 13:51:00.451 I  PeachCommander[19511:fbc1] [com.peachcommander:PCFoundation] SelectionState initialized
2026-09-14 13:51:00.451 I  PeachCommander[19511:fbc1] [com.peachcommander:PCFoundation] DirectoryModel initialized
2026-09-14 13:51:00.451 I  PeachCommander[19511:fbc1] [com.peachcommander:PCFoundation] VolumeManager initialized
2026-09-14 13:51:00.451 I  PeachCommander[19511:fbc1] [com.peachcommander:PCFoundation] PanelController initialized for <private> panel
2026-09-14 13:51:00.454 I  PeachCommander[19511:fbc1] [com.apple.AppKit:Animation] Running new animation: <private>
2026-09-14 13:51:00.454 I  PeachCommander[19511:fbc1] [com.apple.AppKit:Animation] Running new animation: <private>
2026-09-14 13:51:00.454 I  PeachCommander[19511:fbc1] [com.apple.AppKit:Animation] Running new animation: <private>
2026-09-14 13:51:00.454 I  PeachCommander[19511:fbc1] [com.apple.AppKit:Animation] Running new animation: <private>
2026-09-14 13:51:00.454 I  PeachCommander[19511:fbc1] [com.apple.AppKit:Animation] Running new animation: <private>
2026-09-14 13:51:00.455 A  PeachCommander[19511:fbc7] (RunningBoardServices) didChangeInheritances
2026-09-14 13:51:00.456 I  PeachCommander[19511:fbc1] [com.apple.AppKit:Animation] Running new animation: <private>
2026-09-14 13:51:00.456 I  PeachCommander[19511:fbc1] [com.apple.AppKit:Animation] Running new animation: <private>
2026-09-14 13:51:00.456 I  PeachCommander[19511:fbc1] [com.apple.AppKit:Animation] Running new animation: <private>
2026-09-14 13:51:00.456 I  PeachCommander[19511:fbc1] [com.apple.AppKit:Animation] Running new animation: <private>
2026-09-14 13:51:00.456 I  PeachCommander[19511:fbc1] [com.apple.AppKit:Animation] Running new animation: <private>
2026-09-14 13:51:00.462 I  PeachCommander[19511:fbc1] [com.apple.CoreAnalytics:client] Dropping "com.apple.appkit.app_config" as it isn't used in any transform (not in the config or budgeted?)
2026-09-14 13:51:00.465 I  PeachCommander[19511:fbc1] [com.apple.CoreAnalytics:client] Dropping "com.apple.appkit.app_config" as it isn't used in any transform (not in the config or budgeted?)
2026-09-14 13:51:00.469 I  PeachCommander[19511:fbc1] [com.apple.launchservices:datasep] application record search init. Node: <FSNode 0x8bb95ac40> { isDir = ?, path = <private> } bundleID: (null) itemID: 0
2026-09-14 13:51:00.470 I  PeachCommander[19511:fbc1] [com.apple.GenerativeModels:availability] Current availability state: unavailable, use cases: com.apple.Settings.AppleIntelligence,com.apple.Siri.NLRouter, language: en, api: <private>
2026-09-14 13:51:00.470 Df PeachCommander[19511:fbc1] [com.apple.GenerativeModels:availability] isOkayToHaveAsset: False
2026-09-14 13:51:00.470 E  PeachCommander[19511:fbc1] [com.apple.siri:Utility] AFIsDeviceGreymatterEligible Missing entitlements for os_eligibility lookup
2026-09-14 13:51:00.470 I  PeachCommander[19511:fbc1] [com.apple.GenerativeModels:availability] Current availability state: unavailable, use cases: com.apple.Settings.AppleIntelligence, language: en, api: <private>
2026-09-14 13:51:00.470 Df PeachCommander[19511:fbc1] [com.apple.GenerativeModels:availability] isOkayToHaveAsset: False
2026-09-14 13:51:00.470 Df PeachCommander[19511:fbc1] [com.apple.siri:Utility] -[AFSystemAssistantExperienceStatusManager fetchGenerativeModelsAvailability] #SAEStatus #cacheUpdate Updating cache:
deviceSupportsSAE: 0 (0)
       saeEnabled: 0 (0)
     saeAvailable: 0 (0)
      swaiEnabled: 0 (0)
        viEnabled: 0 (0)
        siriAvailability:
        <private>
        ((null))
2026-09-14 13:51:00.470 Df PeachCommander[19511:fbc1] [com.apple.xpc:connection] [0x8baac8140] activating connection: mach=true listener=false peer=false name=com.apple.iconservices
2026-09-14 13:51:00.471 Df PeachCommander[19511:fbc1] [com.apple.xpc:connection] [0x8baac8280] activating connection: mach=true listener=false peer=false name=com.apple.iconservices.store
2026-09-14 13:51:00.475 I  PeachCommander[19511:fbc1] [com.peachcommander:Theme] no user themes in /Users/admin/pc-cfg/themes
2026-09-14 13:51:00.475 Df PeachCommander[19511:fbc1] [com.apple.AppKit:Appearance] Invalidate NSApp effectiveAppearance
2026-09-14 13:51:00.475 Df PeachCommander[19511:fbc1] [com.apple.AppKit:Appearance] NSApp cache appearance:
-NSRequiresAquaSystemAppearance: 0
-appearance: <NSCompositeAppearance: 0x8bac8d9a0
 (
    "<NSDarkAquaAppearance: 0x8bac8da40>",
    "<NSSystemAppearance: 0x8bac8c780>"
)>
-effectiveAppearance: <NSCompositeAppearance: 0x8bac8d9a0
 (
    "<NSDarkAquaAppearance: 0x8bac8da40>",
    "<NSSystemAppearance: 0x8bac8c780>"
)>
2026-09-14 13:51:00.477 I  PeachCommander[19511:fbc1] [com.peachcommander:PCFoundation] Theme applied: id=norton, appearance=dark, dark=true, background=#0000AA
2026-09-14 13:51:00.503 I  PeachCommander[19511:fbc1] [com.apple.iconservices:foundation] layer data size zero
2026-09-14 13:51:00.503 I  PeachCommander[19511:fbc1] [com.apple.CoreAnalytics:client] Dropping "com.apple.appkit.app_config" as it isn't used in any transform (not in the config or budgeted?)
2026-09-14 13:51:00.507 I  PeachCommander[19511:fbc1] [com.peachcommander:PCFoundation] Keymap loaded: scheme=<private>, 82 effective bindings
2026-09-14 13:51:00.508 I  PeachCommander[19511:fbc1] [com.apple.AppKit:Animation] Running new animation: <private>
2026-09-14 13:51:00.508 I  PeachCommander[19511:fbc1] [com.apple.AppKit:Animation] Running new animation: <private>
2026-09-14 13:51:00.508 I  PeachCommander[19511:fbc1] [com.apple.AppKit:Animation] Running new animation: <private>
2026-09-14 13:51:00.508 I  PeachCommander[19511:fbc1] [com.apple.AppKit:Animation] Running new animation: <private>
2026-09-14 13:51:00.508 I  PeachCommander[19511:fbc1] [com.apple.AppKit:Animation] Running new animation: <private>
2026-09-14 13:51:00.508 I  PeachCommander[19511:fbc1] [com.apple.AppKit:Animation] Running new animation: <private>
2026-09-14 13:51:00.508 I  PeachCommander[19511:fbc1] [com.apple.AppKit:Animation] Running new animation: <private>
2026-09-14 13:51:00.508 I  PeachCommander[19511:fbc1] [com.apple.AppKit:Animation] Running new animation: <private>
2026-09-14 13:51:00.508 I  PeachCommander[19511:fbc1] [com.apple.AppKit:Animation] Running new animation: <private>
2026-09-14 13:51:00.508 I  PeachCommander[19511:fbc1] [com.apple.AppKit:Animation] Running new animation: <private>
2026-09-14 13:51:00.511 I  PeachCommander[19511:fbc1] [com.apple.CoreAnalytics:client] Dropping "<private>" as it isn't used in any transform (not in the config or budgeted?)
2026-09-14 13:51:00.511 I  PeachCommander[19511:fbc1] [com.apple.CoreAnalytics:client] Dropping "<private>" as it isn't used in any transform (not in the config or budgeted?)
2026-09-14 13:51:00.511 I  PeachCommander[19511:fbc1] [com.apple.CoreAnalytics:client] Dropping "<private>" as it isn't used in any transform (not in the config or budgeted?)
2026-09-14 13:51:00.512 I  PeachCommander[19511:fbc1] [com.peachcommander:PCFoundation] MainWindowController window loaded
2026-09-14 13:51:00.512 I  PeachCommander[19511:fbc1] [com.apple.launchservices:cas] information in shared memory for 0x0-0xf20f2 with seed 535 was still valid, so using cached info { "ApplicationType"="Foreground", "BuildMachineOSBuild"="25E246", "BundleIdentifierLowerCase"="com.peachcommander.app", "CFBundleDevelopmentRegion"="en", "CFBundleDocumentTypes"=( { "CFBundleTypeName"="Peach Commander Plugin Package", "CFBundleTypeRole"="Viewer", "LSHandlerRank"="Owner", "LSItemContentTypes"=( "com.peachcommander.plugin-package") }), "CFBundleExecutable"="PeachCommander", "CFBundleExecutablePath"="/Users/admin/pc-test/PeachCommander.app/Contents/MacOS/PeachCommander", "CFBundleExecutablePathDeviceID"=16777227, "CFBundleExecutablePathINode"=488284, "CFBundleHelpBookFolder"="PeachCommander.help", "CFBundleHelpBookName"="Peach Commander Help", "CFBundleIconFile"="AppIcon", "CFBundleIconName"="AppIcon", "CFBundleIdentifier"="com.peachcommander.app", "CFBundleInfoDictionaryVersion"="6.0", "CFBundleName"="PeachCommander", "CFBundleNameLowerCase"="peachcommander", "CFBundleNumericVersion"=402685952, "CFBundlePackageType"="APPL", "CFBundleShortVersionString"="0.9.0", "CFBun<…>
2026-09-14 13:51:00.512 I  PeachCommander[19511:fbc1] [com.apple.launchservices:cas] information in shared memory for 0x0-0xf20f2 with seed 535 was still valid, so using cached info { "ApplicationType"="Foreground", "BuildMachineOSBuild"="25E246", "BundleIdentifierLowerCase"="com.peachcommander.app", "CFBundleDevelopmentRegion"="en", "CFBundleDocumentTypes"=( { "CFBundleTypeName"="Peach Commander Plugin Package", "CFBundleTypeRole"="Viewer", "LSHandlerRank"="Owner", "LSItemContentTypes"=( "com.peachcommander.plugin-package") }), "CFBundleExecutable"="PeachCommander", "CFBundleExecutablePath"="/Users/admin/pc-test/PeachCommander.app/Contents/MacOS/PeachCommander", "CFBundleExecutablePathDeviceID"=16777227, "CFBundleExecutablePathINode"=488284, "CFBundleHelpBookFolder"="PeachCommander.help", "CFBundleHelpBookName"="Peach Commander Help", "CFBundleIconFile"="AppIcon", "CFBundleIconName"="AppIcon", "CFBundleIdentifier"="com.peachcommander.app", "CFBundleInfoDictionaryVersion"="6.0", "CFBundleName"="PeachCommander", "CFBundleNameLowerCase"="peachcommander", "CFBundleNumericVersion"=402685952, "CFBundlePackageType"="APPL", "CFBundleShortVersionString"="0.9.0", "CFBun<…>
2026-09-14 13:51:00.521 I  PeachCommander[19511:fbc1] [com.apple.AppKit:Window] order window front conditionally: 3e9 related: 0
2026-09-14 13:51:00.521 Df PeachCommander[19511:fbc1] [com.apple.AppKit:AutomaticTermination] void _NSEnableAutomaticTerminationAndLog(NSString *) No windows open yet
2026-09-14 13:51:00.522 I  PeachCommander[19511:fbc1] [com.apple.AppKit:Intelligence] starting collection observation
2026-09-14 13:51:00.522 Df PeachCommander[19511:fbc8] [com.apple.UIIntelligenceSupport:xpc] establishing connection to agent
2026-09-14 13:51:00.522 Df PeachCommander[19511:fbc8] [com.apple.xpc:session] [0x8ba475630] Session created.
2026-09-14 13:51:00.522 Df PeachCommander[19511:fbc8] [com.apple.xpc:session] [0x8ba475630] Session created from connection [0x8baaca440]
2026-09-14 13:51:00.522 Df PeachCommander[19511:fbc8] [com.apple.xpc:connection] [0x8baaca440] activating connection: mach=true listener=false peer=false name=com.apple.uiintelligencesupport.agent
2026-09-14 13:51:00.522 Df PeachCommander[19511:fbc8] [com.apple.xpc:session] [0x8ba475630] Session activated
2026-09-14 13:51:00.522 I  PeachCommander[19511:fbc1] [com.apple.SkyLight:processes] 0[outside of RPC]: SLSSetFrontProcessWithInfo(0x0-0x2 window=0 options=0x1
2026-09-14 13:51:00.522 Df PeachCommander[19511:fbc7] [com.apple.UIIntelligenceSupport:xpc] Connection established with agent PID: 1213
2026-09-14 13:51:00.522 I  PeachCommander[19511:fbc1] [com.apple.launchservices:cas] information in shared memory for 0x0-0xf20f2 with seed 535 was still valid, so using cached info { "ApplicationType"="Foreground", "BuildMachineOSBuild"="25E246", "BundleIdentifierLowerCase"="com.peachcommander.app", "CFBundleDevelopmentRegion"="en", "CFBundleDocumentTypes"=( { "CFBundleTypeName"="Peach Commander Plugin Package", "CFBundleTypeRole"="Viewer", "LSHandlerRank"="Owner", "LSItemContentTypes"=( "com.peachcommander.plugin-package") }), "CFBundleExecutable"="PeachCommander", "CFBundleExecutablePath"="/Users/admin/pc-test/PeachCommander.app/Contents/MacOS/PeachCommander", "CFBundleExecutablePathDeviceID"=16777227, "CFBundleExecutablePathINode"=488284, "CFBundleHelpBookFolder"="PeachCommander.help", "CFBundleHelpBookName"="Peach Commander Help", "CFBundleIconFile"="AppIcon", "CFBundleIconName"="AppIcon", "CFBundleIdentifier"="com.peachcommander.app", "CFBundleInfoDictionaryVersion"="6.0", "CFBundleName"="PeachCommander", "CFBundleNameLowerCase"="peachcommander", "CFBundleNumericVersion"=402685952, "CFBundlePackageType"="APPL", "CFBundleShortVersionString"="0.9.0", "CFBun<…>
2026-09-14 13:51:00.523 Df PeachCommander[19511:fbc1] [com.apple.xpc:connection] [0x8baaca580] activating connection: mach=true listener=false peer=false name=com.apple.FileCoordination
2026-09-14 13:51:00.523 Df PeachCommander[19511:fbc7] [com.apple.foundation.filecoordination:presenter] Adding presenter 848BD20F-58C9-4B46-8DDB-C2F0F52CABAF for URL: <private>
2026-09-14 13:51:00.523 I  PeachCommander[19511:fbc1] [com.apple.launchservices:cas] information in shared memory for 0x0-0xf20f2 with seed 535 was still valid, so using cached info { "ApplicationType"="Foreground", "BuildMachineOSBuild"="25E246", "BundleIdentifierLowerCase"="com.peachcommander.app", "CFBundleDevelopmentRegion"="en", "CFBundleDocumentTypes"=( { "CFBundleTypeName"="Peach Commander Plugin Package", "CFBundleTypeRole"="Viewer", "LSHandlerRank"="Owner", "LSItemContentTypes"=( "com.peachcommander.plugin-package") }), "CFBundleExecutable"="PeachCommander", "CFBundleExecutablePath"="/Users/admin/pc-test/PeachCommander.app/Contents/MacOS/PeachCommander", "CFBundleExecutablePathDeviceID"=16777227, "CFBundleExecutablePathINode"=488284, "CFBundleHelpBookFolder"="PeachCommander.help", "CFBundleHelpBookName"="Peach Commander Help", "CFBundleIconFile"="AppIcon", "CFBundleIconName"="AppIcon", "CFBundleIdentifier"="com.peachcommander.app", "CFBundleInfoDictionaryVersion"="6.0", "CFBundleName"="PeachCommander", "CFBundleNameLowerCase"="peachcommander", "CFBundleNumericVersion"=402685952, "CFBundlePackageType"="APPL", "CFBundleShortVersionString"="0.9.0", "CFBun<…>
2026-09-14 13:51:00.526 I  PeachCommander[19511:fbc1] [com.apple.AppKit:Window] order all windows front 1314077527875
2026-09-14 13:51:00.526 I  PeachCommander[19511:fbc1] [com.apple.launchservices:cas] information in shared memory for 0x0-0xf20f2 with seed 535 was still valid, so using cached info { "ApplicationType"="Foreground", "BuildMachineOSBuild"="25E246", "BundleIdentifierLowerCase"="com.peachcommander.app", "CFBundleDevelopmentRegion"="en", "CFBundleDocumentTypes"=( { "CFBundleTypeName"="Peach Commander Plugin Package", "CFBundleTypeRole"="Viewer", "LSHandlerRank"="Owner", "LSItemContentTypes"=( "com.peachcommander.plugin-package") }), "CFBundleExecutable"="PeachCommander", "CFBundleExecutablePath"="/Users/admin/pc-test/PeachCommander.app/Contents/MacOS/PeachCommander", "CFBundleExecutablePathDeviceID"=16777227, "CFBundleExecutablePathINode"=488284, "CFBundleHelpBookFolder"="PeachCommander.help", "CFBundleHelpBookName"="Peach Commander Help", "CFBundleIconFile"="AppIcon", "CFBundleIconName"="AppIcon", "CFBundleIdentifier"="com.peachcommander.app", "CFBundleInfoDictionaryVersion"="6.0", "CFBundleName"="PeachCommander", "CFBundleNameLowerCase"="peachcommander", "CFBundleNumericVersion"=402685952, "CFBundlePackageType"="APPL", "CFBundleShortVersionString"="0.9.0", "CFBun<…>
2026-09-14 13:51:00.526 I  PeachCommander[19511:fbc1] [com.apple.showhide:pr-59900543] SHOWHIDE: CONFIRM, id=416, err=0
2026-09-14 13:51:00.526 I  PeachCommander[19511:fbc1] [com.apple.AppKit:Window] context (0 -> 51e51d81) for window 3e8
2026-09-14 13:51:00.526 I  PeachCommander[19511:fbc1] [com.apple.AppKit:Window] context (0 -> 17f571c6) for window 3e7
2026-09-14 13:51:00.526 I  PeachCommander[19511:fbc1] [com.apple.AppKit:Window] context (0 -> 220437cc) for window 3e6
2026-09-14 13:51:00.526 I  PeachCommander[19511:fbc1] [com.apple.AppKit:Window] context (0 -> f3459384) for window 3e5
2026-09-14 13:51:00.542 I  PeachCommander[19511:fbc1] [com.apple.iconservices:foundation] layer data size zero
2026-09-14 13:51:00.551 Df PeachCommander[19511:fbc1] [com.apple.AppKit:AutomaticTermination] void _updateToReflectAutomaticTerminationState(void) Setting _kLSApplicationWouldBeTerminatedByTALKey=0
2026-09-14 13:51:00.586 A  PeachCommander[19511:fbd3] (RunningBoardServices) didChangeInheritances
2026-09-14 13:51:00.611 Df PeachCommander[19511:fbc1] [com.apple.libsystem.libdispatch:] DEPRECATED USE in libdispatch client: dispatch source activated with no event handler set; set a breakpoint on _dispatch_bug_deprecated to debug
2026-09-14 13:51:00.709 I  PeachCommander[19511:fbc1] [com.apple.coreanimation:Utilities] IOSurface Compression Enabled: NO
2026-09-14 13:51:00.709 Df PeachCommander[19511:fbd2] [com.apple.coreanimation:Metal] Precompiled pipelines disabled on unsupported hardware.
2026-09-14 13:51:00.723 I  PeachCommander[19511:fbc1] [com.apple.CarbonCore:gestalt] SetGestaltValuesBulk SetGestaltValuesBulk( count=22 tuples=0x184a9e650
2026-09-14 13:51:00.723 I  PeachCommander[19511:fbc1] [com.apple.CarbonCore:gestalt] SetGestaltValue SetGestaltValue(alis 1C9) => 0
2026-09-14 13:51:00.723 I  PeachCommander[19511:fbc1] [com.apple.CarbonCore:gestalt] SetGestaltValue SetGestaltValue(os   FE) => 0
2026-09-14 13:51:00.723 I  PeachCommander[19511:fbc1] [com.apple.CarbonCore:gestalt] SetGestaltValue SetGestaltValue(addr 7) => 0
2026-09-14 13:51:00.723 I  PeachCommander[19511:fbc1] [com.apple.CarbonCore:gestalt] SetGestaltValue SetGestaltValue(fs   3D332) => 0
2026-09-14 13:51:00.723 I  PeachCommander[19511:fbc1] [com.apple.CarbonCore:gestalt] SetGestaltValue SetGestaltValue(fold 11) => 0
2026-09-14 13:51:00.723 I  PeachCommander[19511:fbc1] [com.apple.CarbonCore:gestalt] SetGestaltValue SetGestaltValue(lram 7FFFF000) => 0
2026-09-14 13:51:00.723 I  PeachCommander[19511:fbc1] [com.apple.CarbonCore:gestalt] SetGestaltValue SetGestaltValue(mmap 1) => 0
2026-09-14 13:51:00.723 I  PeachCommander[19511:fbc1] [com.apple.CarbonCore:gestalt] SetGestaltValue SetGestaltValue(cfrg 1) => 0
2026-09-14 13:51:00.723 I  PeachCommander[19511:fbc1] [com.apple.CarbonCore:gestalt] SetGestaltValue SetGestaltValue(thds 7) => 0
2026-09-14 13:51:00.723 I  PeachCommander[19511:fbc1] [com.apple.CarbonCore:gestalt] SetGestaltValue SetGestaltValue(tmgr E) => 0
2026-09-14 13:51:00.723 I  PeachCommander[19511:fbc1] [com.apple.CarbonCore:gestalt] SetGestaltValue SetGestaltValue(vers 7) => 0
2026-09-14 13:51:00.723 I  PeachCommander[19511:fbc1] [com.apple.CarbonCore:gestalt] SetGestaltValue SetGestaltValue(cbon 160) => 0
2026-09-14 13:51:00.723 I  PeachCommander[19511:fbc1] [com.apple.CarbonCore:gestalt] SetGestaltValue SetGestaltValue(cltn 1108000) => 0
2026-09-14 13:51:00.723 I  PeachCommander[19511:fbc1] [com.apple.CarbonCore:gestalt] SetGestaltValue SetGestaltValue(cpnt 8) => 0
2026-09-14 13:51:00.723 I  PeachCommander[19511:fbc1] [com.apple.CarbonCore:gestalt] SetGestaltValue SetGestaltValue(rsrc 3) => 0
2026-09-14 13:51:00.723 I  PeachCommander[19511:fbc1] [com.apple.CarbonCore:gestalt] SetGestaltValue SetGestaltValue(rmbg 11F) => 0
2026-09-14 13:51:00.723 I  PeachCommander[19511:fbc1] [com.apple.CarbonCore:gestalt] SetGestaltValue SetGestaltValue(vm   11) => 0
2026-09-14 13:51:00.723 I  PeachCommander[19511:fbc1] [com.apple.CarbonCore:gestalt] SetGestaltValue SetGestaltValue(srad 4170706C) => 0
2026-09-14 13:51:00.723 I  PeachCommander[19511:fbc1] [com.apple.CarbonCore:gestalt] SetGestaltValue SetGestaltValue(sysa 14) => 0
2026-09-14 13:51:00.723 I  PeachCommander[19511:fbc1] [com.apple.CarbonCore:gestalt] SetGestaltValue SetGestaltValue(copl 9) => 0
2026-09-14 13:51:00.723 I  PeachCommander[19511:fbc1] [com.apple.CarbonCore:gestalt] SetGestaltValue SetGestaltValue(xlat 0) => 0
2026-09-14 13:51:00.723 I  PeachCommander[19511:fbc1] [com.apple.CarbonCore:gestalt] SetGestaltValue SetGestaltValue(stdf 0) => 0
2026-09-14 13:51:00.723 I  PeachCommander[19511:fbc1] [com.apple.CarbonCore:gestalt] _NewGestalt _NewGestalt(ram  0x184a17644) => 0
2026-09-14 13:51:00.723 I  PeachCommander[19511:fbc1] [com.apple.CarbonCore:gestalt] _NewGestalt _NewGestalt(ramm 0x184a17644) => 0
2026-09-14 13:51:00.723 I  PeachCommander[19511:fbc1] [com.apple.CarbonCore:gestalt] _NewGestalt _NewGestalt(cput 0x184a17734) => 0
2026-09-14 13:51:00.723 I  PeachCommander[19511:fbc1] [com.apple.CarbonCore:gestalt] _NewGestalt _NewGestalt(cpuf 0x184a17764) => 0
2026-09-14 13:51:00.723 I  PeachCommander[19511:fbc1] [com.apple.CarbonCore:gestalt] _NewGestalt _NewGestalt(bclk 0x184a17794) => 0
2026-09-14 13:51:00.723 I  PeachCommander[19511:fbc1] [com.apple.CarbonCore:gestalt] _NewGestalt _NewGestalt(bclm 0x184a17794) => 0
2026-09-14 13:51:00.723 I  PeachCommander[19511:fbc1] [com.apple.CarbonCore:gestalt] _NewGestalt _NewGestalt(pclk 0x184a17834) => 0
2026-09-14 13:51:00.723 I  PeachCommander[19511:fbc1] [com.apple.CarbonCore:gestalt] _NewGestalt _NewGestalt(mclk 0x184a17834) => 0
2026-09-14 13:51:00.723 I  PeachCommander[19511:fbc1] [com.apple.CarbonCore:gestalt] _NewGestalt _NewGestalt(a/ux 0x184a1794c) => 0
2026-09-14 13:51:00.723 I  PeachCommander[19511:fbc1] [com.apple.CarbonCore:gestalt] _NewGestalt _NewGestalt(pgsz 0x184a17954) => 0
2026-09-14 13:51:00.723 I  PeachCommander[19511:fbc1] [com.apple.CarbonCore:gestalt] _NewGestalt _NewGestalt(csiz 0x184a17994) => 0
2026-09-14 13:51:00.723 I  PeachCommander[19511:fbc1] [com.apple.CarbonCore:gestalt] _NewGestalt _NewGestalt(sysv 0x1849c2dfc) => 0
2026-09-14 13:51:00.723 I  PeachCommander[19511:fbc1] [com.apple.CarbonCore:gestalt] _NewGestalt _NewGestalt(sys1 0x1849c2dfc) => 0
2026-09-14 13:51:00.723 I  PeachCommander[19511:fbc1] [com.apple.CarbonCore:gestalt] _NewGestalt _NewGestalt(sys2 0x1849c2dfc) => 0
2026-09-14 13:51:00.723 I  PeachCommander[19511:fbc1] [com.apple.CarbonCore:gestalt] _NewGestalt _NewGestalt(sys3 0x1849c2dfc) => 0
2026-09-14 13:51:00.723 I  PeachCommander[19511:fbc1] [com.apple.CarbonCore:gestalt] _NewGestalt _NewGestalt(cdfl 0x184a179d4) => 0
2026-09-14 13:51:00.723 I  PeachCommander[19511:fbc1] [com.apple.CarbonCore:gestalt] _NewGestalt _NewGestalt(cdrm 0x184a17c30) => 0
2026-09-14 13:51:00.723 I  PeachCommander[19511:fbc1] [com.apple.CarbonCore:gestalt] _NewGestalt _NewGestalt(cpus 0x184a17c78) => 0
2026-09-14 13:51:00.723 I  PeachCommander[19511:fbc1] [com.apple.CarbonCore:gestalt] SetGestaltValue SetGestaltValue(swex 1) => 0
2026-09-14 13:51:00.723 Df PeachCommander[19511:fbc1] [com.apple.xpc:connection] [0x8baacb980] activating connection: mach=false listener=false peer=false name=com.apple.hiservices-xpcservice
2026-09-14 13:51:00.724 I  PeachCommander[19511:fbc1] [com.apple.CFPasteboard:entry] CopyData('ApplePerContextInputPasteboard' (<CFUUID 0x8ba04b580> 64103186-59F6-4567-8A61-8CE14738B37E) gen: -1 item: 1264739405 flavor: 'ApplePerContextInputFlavor')
2026-09-14 13:51:00.724 I  PeachCommander[19511:fbc1] [com.apple.CFPasteboard:cache] Rebuilding cache for 'ApplePerContextInputPasteboard' (<CFUUID 0x8ba04b580> 64103186-59F6-4567-8A61-8CE14738B37E)
2026-09-14 13:51:00.724 I  PeachCommander[19511:fbc1] [com.apple.CFPasteboard:general] Will request data from daemon
2026-09-14 13:51:00.724 I  PeachCommander[19511:fbc1] [com.apple.CFPasteboard:exit] (not-in-cache) - result: 0 generation: 1 data (182 bytes) flags: 0
2026-09-14 13:51:00.724 I  PeachCommander[19511:fbc1] [com.apple.CFPasteboard:entry] CopyData('DefaultAsciiKeyboardLayoutPasteboard' (<CFUUID 0x8bad60460> 68EE2782-3BD5-45FA-861A-F74C918C44CE) gen: -1 item: 1264739405 flavor: 'DefaultAsciiKeyboardLayoutFlavor')
2026-09-14 13:51:00.724 I  PeachCommander[19511:fbc1] [com.apple.CFPasteboard:exit] (not-in-cache) - result: -8 generation: 0 null data flags: 0
2026-09-14 13:51:00.726 I  PeachCommander[19511:fbc1] [com.apple.AppKit:Window] context (0 -> 85d3c745) for window 3ea
2026-09-14 13:51:00.726 Df PeachCommander[19511:fbc1] [com.apple.inputmethodkitClient:Client] +[IMKClient subclass]: chose IMKClient_Modern
2026-09-14 13:51:00.726 Df PeachCommander[19511:fbc1] [com.apple.BoardServices:XPCErrors] [C:2] Alloc com.apple.backboard.hid-services.xpc
2026-09-14 13:51:00.726 Df PeachCommander[19511:fbc1] [com.apple.xpc:connection] [0x8baacbac0] activating connection: mach=false listener=false peer=false name=(anonymous)
2026-09-14 13:51:00.727 E  PeachCommander[19511:fbd3] [com.apple.BaseBoard:Common] Unable to obtain a task name port right for pid 168: (os/kern) failure (0x5)
2026-09-14 13:51:00.727 Df PeachCommander[19511:fbd2] [com.apple.xpc:connection] [0x8baaca940] activating connection: mach=false listener=false peer=false name=com.apple.TextInputUI.xpc.CursorUIViewService
2026-09-14 13:51:00.727 Df PeachCommander[19511:fbd2] [com.apple.xpc:connection] [0x8baaca940] invalidated after the last release of the connection object
2026-09-14 13:51:00.727 I  PeachCommander[19511:fbc1] [com.apple.CFPasteboard:entry] CopyData('DefaultAsciiKeyboardLayoutPasteboard' (<CFUUID 0x8bad60460> 68EE2782-3BD5-45FA-861A-F74C918C44CE) gen: -1 item: 1264739405 flavor: 'DefaultAsciiKeyboardLayoutFlavor')
2026-09-14 13:51:00.727 I  PeachCommander[19511:fbc1] [com.apple.CFPasteboard:exit] (not-in-cache) - result: -8 generation: 0 null data flags: 0
2026-09-14 13:51:00.727 Df PeachCommander[19511:fbc1] [com.apple.xpc:connection] [0x8baaca800] activating connection: mach=false listener=false peer=false name=(anonymous)
2026-09-14 13:51:00.727 Df PeachCommander[19511:fbc1] [com.apple.xpc:connection] [0x8baaca940] activating connection: mach=false listener=false peer=false name=com.apple.ViewBridgeAuxiliary
2026-09-14 13:51:00.728 Df PeachCommander[19511:fbc1] [com.apple.xpc:connection] [0x8baaca1c0] activating connection: mach=false listener=false peer=false name=(anonymous)
2026-09-14 13:51:00.728 Df PeachCommander[19511:fbc1] [com.apple.xpc:connection] [0x8baaca940] invalidated after the last release of the connection object
2026-09-14 13:51:00.796 A  PeachCommander[19511:fbd2] (libsystem_info.dylib) Retrieve Group by ID
2026-09-14 13:51:00.798 Df PeachCommander[19511:fbc1] [com.apple.TextInputUI:CursorUI] -[TUINSCursorUIController activate:]_block_invoke: Create CursorUIViewService: TUINSRemoteViewController
2026-09-14 13:51:00.798 I  PeachCommander[19511:fbc1] [com.apple.AppKit:Window] window <TUINSWindow: 0x8ba456300> windowNumber=3ea finishing close
2026-09-14 13:51:00.798 I  PeachCommander[19511:fbc1] [com.apple.AppKit:Window] order window: 3ea op: 0 relative: 0 related: 0
2026-09-14 13:51:00.829 I  PeachCommander[19511:fbc1] [com.apple.CoreAnalytics:client] Dropping "com.apple.appkit.app_config" as it isn't used in any transform (not in the config or budgeted?)
2026-09-14 13:51:00.829 I  PeachCommander[19511:fbc1] [com.apple.SafariPlatformSupport:SafariPlatformSupport] -[SFSafariPlatformSupport credentialSelected:] with nil credential
2026-09-14 13:51:00.829 I  PeachCommander[19511:fbc1] [com.apple.SafariPlatformSupport:SafariPlatformSupport] -[SFSafariPlatformSupport oneTimeCodeSelected:] with nil code
2026-09-14 13:51:00.952 I  PeachCommander[19511:fc61] [com.apple.AppKit:WindowTab] Indexing 1 items
2026-09-14 13:51:00.952 A  PeachCommander[19511:fc61] (CoreSpotlight) end-index-batch
2026-09-14 13:51:00.952 Df PeachCommander[19511:fc61] [com.apple.corespotlight:index] *warn* MailCS ======%%% _setMailMessageAttributes skip:1
2026-09-14 13:51:00.952 A  PeachCommander[19511:fc61] (CoreSpotlight) index-items
2026-09-14 13:51:00.952 Df PeachCommander[19511:fc61] [com.apple.corespotlight:index] CSInlineDonation:<private>: Skipping donation (feature flag disabled)
2026-09-14 13:51:00.952 Df PeachCommander[19511:fc61] [com.apple.corespotlight:index] CSInlineDonation:<private>: Skipping donation (feature flag disabled)
2026-09-14 13:51:01.066 I  PeachCommander[19511:fbc1] [com.apple.HIToolbox:MBDisplays] <private>
2026-09-14 13:51:01.066 I  PeachCommander[19511:fbc1] [com.apple.HIToolbox:MBDisplays] <private>
2026-09-14 13:51:01.071 Df PeachCommander[19511:fbd3] [com.apple.xpc:connection] [0x8baaca300] activating connection: mach=false listener=false peer=false name=com.apple.SafariPlatformSupport.Helper
2026-09-14 13:51:01.129 Df PeachCommander[19511:fbcc] [com.apple.xpc:connection] [0x8baaca300] invalidated after the last release of the connection object
2026-09-14 13:51:01.138 I  PeachCommander[19511:fbc1] [com.apple.launchservices:cas] Removing cached information for app [ 0x0-0xf20f2]  "PeachCommander", as its seed is different from that in shared memory ( 535 vs 537)
2026-09-14 13:51:01.138 Df PeachCommander[19511:fbc1] [com.apple.xpc:connection] [0x8baaca940] activating connection: mach=false listener=false peer=false name=(anonymous)
2026-09-14 13:51:01.138 Df PeachCommander[19511:fbc1] [com.apple.xpc:connection] [0x8baaca300] activating connection: mach=false listener=false peer=false name=(anonymous)
2026-09-14 13:51:01.141 A  PeachCommander[19511:fbcc] (CoreFoundation) Loading Preferences From System CFPrefsD
2026-09-14 13:51:01.183 Df PeachCommander[19511:fbc1] [com.apple.BoardServices:XPCErrors] [C:3] Alloc com.apple.backboard.hid-services.xpc
2026-09-14 13:51:01.183 Df PeachCommander[19511:fbc1] [com.apple.xpc:connection] [0x8baac9cc0] activating connection: mach=false listener=false peer=false name=(anonymous)
2026-09-14 13:51:01.184 Df PeachCommander[19511:fbd2] [com.apple.BackBoard:EventDelivery] BKSHIDEventDeliveryManager - connection activation
2026-09-14 13:51:01.191 I  PeachCommander[19511:fbc1] [com.apple.iconservices:foundation] layer data size zero
2026-09-14 13:51:01.191 A  PeachCommander[19511:fbc1] (CoreFoundation) Loading Preferences From User CFPrefsD
2026-09-14 13:51:01.192 I  PeachCommander[19511:fbc1] [com.apple.CoreAnalytics:client] Dropping "com.apple.ImageIO.readerSelection" as it isn't used in any transform (not in the config or budgeted?)
2026-09-14 13:51:01.201 I  PeachCommander[19511:fbc1] [com.peachcommander:PCFoundation] Session restored
2026-09-14 13:51:01.201 Df PeachCommander[19511:fbc1] (Foundation) <private>
2026-09-14 13:51:01.201 I  PeachCommander[19511:fbc1] [com.peachcommander:PCFoundation] [automation] running /Users/admin/auto.txt
2026-09-14 13:51:01.201 Df PeachCommander[19511:fbc1] (Foundation) <private>
2026-09-14 13:51:01.201 I  PeachCommander[19511:fbc1] [com.peachcommander:PCFoundation] [automation] > probe /Users/admin/histgone-seed.txt|mkdir -p ~/pc-hist/a ~/pc-hist/gone ~/pc-hist/c && touch ~/pc-hist/a/1.txt ~/pc-hist/gone/2.txt ~/pc-hist/c/3.txt && echo built
2026-09-14 13:51:01.208 Df PeachCommander[19511:fbc1] (Foundation) <private>
2026-09-14 13:51:01.208 I  PeachCommander[19511:fbc1] [com.peachcommander:PCFoundation] [automation] > active left
2026-09-14 13:51:01.208 Df PeachCommander[19511:fbc1] (Foundation) <private>
2026-09-14 13:51:01.208 I  PeachCommander[19511:fbc1] [com.peachcommander:PCFoundation] [automation] > left /Users/admin/pc-hist/a
2026-09-14 13:51:01.265 I  PeachCommander[19511:fbc1] [com.apple.SafariPlatformSupport:SafariPlatformSupport] -[SPSafariPlatformSupport completionListPreferredContentSizeDidUpdate] with size {0, 0}, in window that is visible
2026-09-14 13:51:01.271 Df PeachCommander[19511:fbc1] (Foundation) <private>
2026-09-14 13:51:01.271 I  PeachCommander[19511:fbc1] [com.peachcommander:PCFoundation] [automation] > wait 900
2026-09-14 13:51:01.282 I  PeachCommander[19511:fbc1] [com.apple.AppKit:Image] ISImage reported a placeholder, image rep is providing a placeholder image for <private>
2026-09-14 13:51:01.282 I  PeachCommander[19511:fbc1] [com.apple.AppKit:Image] ISImage reported a placeholder, image rep is providing a placeholder image for <private>
2026-09-14 13:51:01.282 I  PeachCommander[19511:fc61] [com.apple.iconservices:foundation] layer data size zero
2026-09-14 13:51:01.284 I  PeachCommander[19511:fbcc] [com.apple.iconservices:foundation] layer data size zero
2026-09-14 13:51:01.292 I  PeachCommander[19511:fbc1] [com.apple.launchservices:datasep] application record search init. Node: <FSNode 0x8bbfbe760> { isDir = y, path = <private> } bundleID: (null) itemID: 0
2026-09-14 13:51:01.292 I  PeachCommander[19511:fbc1] [com.apple.launchservices:datasep] application record search init. Node: <FSNode 0x8bbfbe760> { isDir = y, path = <private> } bundleID: (null) itemID: 0
2026-09-14 13:51:01.292 I  PeachCommander[19511:fbc1] [com.apple.SafariPlatformSupport:SafariPlatformSupport] -[SFSafariPlatformSupport credentialSelected:] with nil credential
2026-09-14 13:51:01.292 I  PeachCommander[19511:fbc1] [com.apple.SafariPlatformSupport:SafariPlatformSupport] -[SFSafariPlatformSupport oneTimeCodeSelected:] with nil code
2026-09-14 13:51:01.292 I  PeachCommander[19511:fbc1] [com.apple.iconservices:foundation] layer data size zero
2026-09-14 13:51:01.293 I  PeachCommander[19511:fbc1] [com.apple.AppKit:Image] ISImage reported a placeholder, image rep is providing a placeholder image for <private>
2026-09-14 13:51:01.347 I  PeachCommander[19511:fbc1] [com.apple.iconservices:foundation] layer data size zero
2026-09-14 13:51:01.509 I  PeachCommander[19511:fbd2] [com.apple.AppKit:WindowTab] Indexing 1 items
2026-09-14 13:51:01.509 A  PeachCommander[19511:fbd2] (CoreSpotlight) end-index-batch
2026-09-14 13:51:01.509 A  PeachCommander[19511:fbd2] (CoreSpotlight) index-items
2026-09-14 13:51:01.509 Df PeachCommander[19511:fbd2] [com.apple.corespotlight:index] CSInlineDonation:<private>: Skipping donation (feature flag disabled)
2026-09-14 13:51:01.509 Df PeachCommander[19511:fbd2] [com.apple.corespotlight:index] CSInlineDonation:<private>: Skipping donation (feature flag disabled)
2026-09-14 13:51:02.178 Df PeachCommander[19511:fbc1] (Foundation) <private>
2026-09-14 13:51:02.178 I  PeachCommander[19511:fbc1] [com.peachcommander:PCFoundation] [automation] > left /Users/admin/pc-hist/gone
2026-09-14 13:51:02.187 Df PeachCommander[19511:fbc1] (Foundation) <private>
2026-09-14 13:51:02.187 I  PeachCommander[19511:fbc1] [com.peachcommander:PCFoundation] [automation] > wait 900
2026-09-14 13:51:02.347 I  PeachCommander[19511:fbcc] [com.apple.AppKit:WindowTab] Indexing 1 items
2026-09-14 13:51:02.347 A  PeachCommander[19511:fbcc] (CoreSpotlight) end-index-batch
2026-09-14 13:51:02.347 A  PeachCommander[19511:fbcc] (CoreSpotlight) index-items
2026-09-14 13:51:02.347 Df PeachCommander[19511:fbcc] [com.apple.corespotlight:index] CSInlineDonation:<private>: Skipping donation (feature flag disabled)
2026-09-14 13:51:02.347 Df PeachCommander[19511:fbcc] [com.apple.corespotlight:index] CSInlineDonation:<private>: Skipping donation (feature flag disabled)
2026-09-14 13:51:03.098 Df PeachCommander[19511:fbc1] (Foundation) <private>
2026-09-14 13:51:03.098 I  PeachCommander[19511:fbc1] [com.peachcommander:PCFoundation] [automation] > left /Users/admin/pc-hist/c
2026-09-14 13:51:03.108 Df PeachCommander[19511:fbc1] (Foundation) <private>
2026-09-14 13:51:03.108 I  PeachCommander[19511:fbc1] [com.peachcommander:PCFoundation] [automation] > wait 900
2026-09-14 13:51:03.260 I  PeachCommander[19511:fbc8] [com.apple.AppKit:WindowTab] Indexing 1 items
2026-09-14 13:51:03.261 A  PeachCommander[19511:fbc8] (CoreSpotlight) end-index-batch
2026-09-14 13:51:03.261 A  PeachCommander[19511:fbc8] (CoreSpotlight) index-items
2026-09-14 13:51:03.261 Df PeachCommander[19511:fbd2] [com.apple.corespotlight:index] CSInlineDonation:<private>: Skipping donation (feature flag disabled)
2026-09-14 13:51:03.262 Df PeachCommander[19511:fbd2] [com.apple.corespotlight:index] CSInlineDonation:<private>: Skipping donation (feature flag disabled)
2026-09-14 13:51:04.051 Df PeachCommander[19511:fbc1] (Foundation) <private>
2026-09-14 13:51:04.051 I  PeachCommander[19511:fbc1] [com.peachcommander:PCFoundation] [automation] > probe /Users/admin/histgone-rm.txt|rm -rf ~/pc-hist/gone && echo removed
2026-09-14 13:51:04.135 Df PeachCommander[19511:fbc1] (Foundation) <private>
2026-09-14 13:51:04.135 I  PeachCommander[19511:fbc1] [com.peachcommander:PCFoundation] [automation] > wait 400
2026-09-14 13:51:04.552 Df PeachCommander[19511:fbc1] (Foundation) <private>
2026-09-14 13:51:04.552 I  PeachCommander[19511:fbc1] [com.peachcommander:PCFoundation] [automation] > cmd cm_HistoryBack
2026-09-14 13:51:04.552 Df PeachCommander[19511:fbc1] (Foundation) <private>
2026-09-14 13:51:04.552 I  PeachCommander[19511:fbc1] [com.peachcommander:PCFoundation] [automation] > wait 1800
2026-09-14 13:51:04.553 E  PeachCommander[19511:fbc1] [com.peachcommander:PCFoundation] Failed to load directory <private>: Error Domain=PCVFS.VFSError Code=0
2026-09-14 13:51:06.427 Df PeachCommander[19511:fbc1] (Foundation) <private>
2026-09-14 13:51:06.427 I  PeachCommander[19511:fbc1] [com.peachcommander:PCFoundation] [automation] > dump /Users/admin/histgone-panel.txt
2026-09-14 13:51:06.428 Df PeachCommander[19511:fbc1] (Foundation) <private>
2026-09-14 13:51:06.429 Df PeachCommander[19511:fbc1] (Foundation) <private>
2026-09-14 13:51:06.429 I  PeachCommander[19511:fbc1] [com.peachcommander:PCFoundation] [automation] > wait 400
2026-09-14 13:51:06.860 Df PeachCommander[19511:fbc1] (Foundation) <private>
2026-09-14 13:51:06.860 I  PeachCommander[19511:fbc1] [com.peachcommander:PCFoundation] [automation] > navhistdump /Users/admin/history-back-gone.txt
2026-09-14 13:51:06.862 Df PeachCommander[19511:fbc1] (Foundation) <private>
2026-09-14 13:51:06.862 I  PeachCommander[19511:fbc1] [com.peachcommander:PCFoundation] [automation] done
