Timestamp               Ty Process[PID:TID]
2026-09-14 18:19:36.384 A  PeachCommander[26776:15aea] (libsystem_info.dylib) Retrieve User by ID
2026-09-14 18:19:36.385 Df PeachCommander[26776:15aea] [com.apple.xpc:connection] [0x1021b2620] activating connection: mach=true listener=false peer=false name=com.apple.cfprefsd.daemon
2026-09-14 18:19:36.385 Df PeachCommander[26776:15af0] [com.apple.xpc:connection] [0x1021b2d20] activating connection: mach=true listener=false peer=false name=com.apple.cfprefsd.agent
2026-09-14 18:19:36.386 Df PeachCommander[26776:15aea] [com.apple.xpc:connection] [0x1021b9360] activating connection: mach=true listener=false peer=false name=com.apple.coreservices.launchservicesd
2026-09-14 18:19:36.386 I  PeachCommander[26776:15aea] [com.apple.launchservices:cas] Registering for notification <private> on default queue, to re-boostrap client connection.
2026-09-14 18:19:36.387 Df PeachCommander[26776:15aea] [com.apple.xpc:connection] [0x712c48000] activating connection: mach=true listener=false peer=false name=com.apple.pasteboard.1
2026-09-14 18:19:36.387 Df PeachCommander[26776:15aea] [com.apple.xpc:connection] [0x712c48140] activating connection: mach=true listener=false peer=false name=com.apple.distributed_notifications@Uv3
2026-09-14 18:19:36.388 Df PeachCommander[26776:15aea] [com.apple.AppKit:AutomaticTermination] void _NSDisableAutomaticTerminationAndLog(NSString *) No windows open yet
2026-09-14 18:19:36.388 A  PeachCommander[26776:15aea] (TCC) TCCAccessRequest() IPC
2026-09-14 18:19:36.388 Df PeachCommander[26776:15aea] [com.apple.xpc:connection] [0x712c48280] activating connection: mach=true listener=false peer=false name=com.apple.tccd.system
2026-09-14 18:19:36.388 I  PeachCommander[26776:15aea] [com.apple.TCC:access] SEND: 0/7 synchronous to com.apple.tccd.system: request: msgID=26776.1, function=TCCAccessRequest, service=kTCCServiceListenEvent,
2026-09-14 18:19:36.390 I  PeachCommander[26776:15aea] [com.apple.TCC:access] RECV: synchronous reply <dictionary: 0x713078000> { count = 5, transaction: 0, voucher = 0x0, contents =
	"prompt_type" => <uint64: 0x92baac24f88dbc47>: 1
	"auth_value" => <uint64: 0x92baac24f88dbc47>: 1
	"preflight_unknown" => <bool: 0x1f4c0d190>: true
	"auth_version" => <uint64: 0x92baac24f88dbc47>: 1
	"auth_reason" => <uint64: 0x92baac24f88dbc67>: 5
}
2026-09-14 18:19:36.390 Df PeachCommander[26776:15aea] [com.apple.xpc:connection] [0x712c48280] invalidated after the last release of the connection object
2026-09-14 18:19:36.390 Df PeachCommander[26776:15aea] [com.apple.SkyLight:default] server port 0x0000390b, session port 0x0000390b
2026-09-14 18:19:36.392 Df PeachCommander[26776:15aea] [com.apple.SkyLight:default] New connection 0x2dc53 main
2026-09-14 18:19:36.392 I  PeachCommander[26776:15af0] [com.apple.SkyLight:processes] 0[outside of RPC]: First connection id 187475 mapped to ctx = 0x71307c800
2026-09-14 18:19:36.393 I  PeachCommander[26776:15aea] [com.apple.hiservices:processmgr] Checking in with CAS, pid=26776
2026-09-14 18:19:36.393 I  PeachCommander[26776:15aea] [com.apple.launchservices:cas] LSApplicationCheckIn(), app being registered is:"/Users/admin/pc-test/PeachCommander.app/Contents/MacOS/PeachCommander"
2026-09-14 18:19:36.393 I  PeachCommander[26776:15aea] [com.apple.launchservices:cas]  { "ApplicationType"="Foreground", "BuildMachineOSBuild"="25E246", "CFBundleDevelopmentRegion"="en", "CFBundleDocumentTypes"=( { "CFBundleTypeName"="Peach Commander Plugin Package", "CFBundleTypeRole"="Viewer", "LSHandlerRank"="Owner", "LSItemContentTypes"=( "com.peachcommander.plugin-package") }), "CFBundleExecutable"="PeachCommander", "CFBundleExecutablePath"="/Users/admin/pc-test/PeachCommander.app/Contents/MacOS/PeachCommander", "CFBundleHelpBookFolder"="PeachCommander.help", "CFBundleHelpBookName"="Peach Commander Help", "CFBundleIconFile"="AppIcon", "CFBundleIconName"="AppIcon", "CFBundleIdentifier"="com.peachcommander.app", "CFBundleInfoDictionaryVersion"="6.0", "CFBundleName"="PeachCommander", "CFBundleNumericVersion"=402685952, "CFBundlePackageType"="APPL", "CFBundleShortVersionString"="0.9.0", "CFBundleSignature"="?????", "CFBundleSupportedPlatforms"=( "MacOSX"), "CFBundleVersion"="18", "DTCompiler"="com.apple.compilers.llvm.clang.1_0", "DTPlatformBuild"="25F70", "DTPlatformName"="macosx", "<…>
2026-09-14 18:19:36.393 Df PeachCommander[26776:15aea] [com.apple.processmanager:front-35286506] CHECKIN: pid=26776
2026-09-14 18:19:36.394 Df PeachCommander[26776:15aea] [com.apple.processmanager:front-35286506] CHECKEDIN: pid=26776 asn=0x0-0x16b16b foreground=1
2026-09-14 18:19:36.394 I  PeachCommander[26776:15aea] [com.apple.launchservices:cas] Setting processControlState to default PROC_SETPC_SUSPEND because application does not have LSProcessControlValue key
2026-09-14 18:19:36.394 Df PeachCommander[26776:15aea] [com.apple.xpc:connection] [0x712c48280] activating connection: mach=false listener=true peer=false name=(anonymous)
2026-09-14 18:19:36.394 Df PeachCommander[26776:15aea] [com.apple.xpc:connection] [0x712c48280] Connection returned listener port: 0x5403
2026-09-14 18:19:36.395 Df PeachCommander[26776:15af1] [com.apple.xpc:connection] [0x713124300] activating connection: mach=false listener=false peer=true name=com.apple.xpc.anonymous.0x712c48280.peer[131].0x713124300
2026-09-14 18:19:36.395 Df PeachCommander[26776:15aea] [com.apple.processmanager:front-35286506] FRONTLOGGING: version 1
2026-09-14 18:19:36.395 Df PeachCommander[26776:15aea] [com.apple.processmanager:front-35286506] Registered, pid=26776 ASN=0x0,0x16b16b
2026-09-14 18:19:36.395 Df PeachCommander[26776:15aea] [com.apple.xpc:connection] [0x712c483c0] activating connection: mach=true listener=false peer=false name=com.apple.analyticsd
2026-09-14 18:19:36.395 I  PeachCommander[26776:15aea] [com.apple.CoreAnalytics:client] Daemon status changed from 0 to 1
2026-09-14 18:19:36.395 I  PeachCommander[26776:15af1] [com.apple.CarbonCore:coreservicesdaemon] SCSession():SCSession( id=100, this=0x0x1021bfb60 option=65538) created, forUID=501 mach_port_t=0x5003.
2026-09-14 18:19:36.395 I  PeachCommander[26776:15af1] [com.apple.CarbonCore:coreservicesdaemon] SCSession():SCSession( id=101, this=0x0x1021c0520 option=65538) created, forUID=501 mach_port_t=0x4403.
2026-09-14 18:19:36.395 I  PeachCommander[26776:15af1] [com.apple.CarbonCore:coreservicesdaemon] connectToCoreServicesD():Instantiating server (coreservicesd based) SCSession, port=0x5003 serverOptions=0x10002.
2026-09-14 18:19:36.396 I  PeachCommander[26776:15aea] [com.apple.hiservices:processmgr] _RegisterApplication( pid 26776 => 0x0,0x16b16b) type=foreground
2026-09-14 18:19:36.396 Df PeachCommander[26776:15aea] [com.apple.xpc:connection] [0x712c48280] Connection returned listener port: 0x5403
2026-09-14 18:19:36.396 I  PeachCommander[26776:15aea] [com.apple.launchservices:cas] CFArrayRef _LSCopyLaunchModifiers(LSSessionID, LSASNRef _Nonnull), result for psn [ kLSCurrentApp ASN, 0x0,0x2]  is 1 items.
2026-09-14 18:19:36.396 Df PeachCommander[26776:15aea] [com.apple.processmanager:front-35286506] BringForward: pid=26776 asn=0x0-0x16b16b bringForward=1 foreground=1 uiElement=0 launchedByLS=1 modifiersCount=1 allDisabled=1
2026-09-14 18:19:36.396 Df PeachCommander[26776:15aea] [com.apple.processmanager:front-35286506] BringFrontModifier: pid=26776 asn=0x0-0x16b16b Modifier 0 hideAfter=0 hideOthers=0 dontMakeFrontmost=0 mouseDown=0/0 seed=0/0
2026-09-14 18:19:36.396 Df PeachCommander[26776:15aea] [com.apple.processmanager:front-35286506] BringForward: pid=26776 asn=0x0-0x16b16b
2026-09-14 18:19:36.396 Df PeachCommander[26776:15aea] [com.apple.processmanager:front-35286506] SetFrontProcess: asn=0x0-0x16b16b options=0
2026-09-14 18:19:36.396 I  PeachCommander[26776:15aea] [com.apple.SkyLight:processes] 0[outside of RPC]: SLPSetFrontProcess(0x0-0x16b16b window=0 options=0x0
2026-09-14 18:19:36.396 Df PeachCommander[26776:15af1] [com.apple.xpc:connection] [0x712c48640] activating connection: mach=true listener=false peer=false name=com.apple.lsd.mapdb
2026-09-14 18:19:36.396 Df PeachCommander[26776:15af5] [com.apple.CoreAnalytics:client] Received configuration update from daemon (initial)
2026-09-14 18:19:36.397 Df PeachCommander[26776:15aea] [com.apple.AppKit:Appearance] Current system appearance, (HLTB: 1), (SLS: 0)
2026-09-14 18:19:36.398 Df PeachCommander[26776:15aea] (libMobileGestalt.dylib) No persisted cache on this platform.
2026-09-14 18:19:36.398 Df PeachCommander[26776:15aea] (libMobileGestalt.dylib) Could not get size of EAN data (IOConnectCallScalarMethod kAppleNVMeEANGetSize returned 0xE00002E2)
2026-09-14 18:19:36.398 Df PeachCommander[26776:15aea] (libMobileGestalt.dylib) Failed to copy 'aptk' from EAN
2026-09-14 18:19:36.398 Df PeachCommander[26776:15aea] (libMobileGestalt.dylib) Failed to copy APTicket properties. Falling back to default policy.
2026-09-14 18:19:36.398 Df PeachCommander[26776:15aea] (libMobileGestalt.dylib) Creating default MGSysConfigPolicy
2026-09-14 18:19:36.398 Df PeachCommander[26776:15aea] (libMobileGestalt.dylib) CFDictionaryRef copySyscfgDictionary(void) enumeration of <private> failed.
2026-09-14 18:19:36.398 Df PeachCommander[26776:15aea] (libMobileGestalt.dylib) Failed to find key <private>
2026-09-14 18:19:36.399 I  PeachCommander[26776:15af0] [com.apple.launchservices:cas] information in shared memory for 0x0-0x16b16b with seed 533 was still valid, so using cached info { "ApplicationType"="Foreground", "BuildMachineOSBuild"="25E246", "BundleIdentifierLowerCase"="com.peachcommander.app", "CFBundleDevelopmentRegion"="en", "CFBundleDocumentTypes"=( { "CFBundleTypeName"="Peach Commander Plugin Package", "CFBundleTypeRole"="Viewer", "LSHandlerRank"="Owner", "LSItemContentTypes"=( "com.peachcommander.plugin-package") }), "CFBundleExecutable"="PeachCommander", "CFBundleExecutablePath"="/Users/admin/pc-test/PeachCommander.app/Contents/MacOS/PeachCommander", "CFBundleExecutablePathDeviceID"=16777229, "CFBundleExecutablePathINode"=487524, "CFBundleHelpBookFolder"="PeachCommander.help", "CFBundleHelpBookName"="Peach Commander Help", "CFBundleIconFile"="AppIcon", "CFBundleIconName"="AppIcon", "CFBundleIdentifier"="com.peachcommander.app", "CFBundleInfoDictionaryVersion"="6.0", "CFBundleName"="PeachCommander", "CFBundleNameLowerCase"="peachcommander", "CFBundleNumericVersion"=402685952, "CFBundlePackageType"="APPL", "CFBundleShortVersionString"="0.9.0", "CFBun<…>
2026-09-14 18:19:36.399 I  PeachCommander[26776:15af1] [com.apple.launchservices:db] LaunchServices database schema version: 20971544
2026-09-14 18:19:36.399 Df PeachCommander[26776:15aea] [com.apple.AppKit:Appearance] Current system appearance, (HLTB: 1), (SLS: 0)
2026-09-14 18:19:36.399 Df PeachCommander[26776:15aea] [com.apple.AppKit:Appearance] Post-registration system appearance: (HLTB: 1)
2026-09-14 18:19:36.401 I  PeachCommander[26776:15af1] [com.apple.launchservices:default] Unable to load Info.plist exceptions (eGPUOverrides)
2026-09-14 18:19:36.401 I  PeachCommander[26776:15af1] [com.apple.launchservices:default] Unable to load Info.plist exceptions (gameModeOverrides)
2026-09-14 18:19:36.401 I  PeachCommander[26776:15af1] [com.apple.launchservices:default] Unable to load Info.plist exceptions (identifiedGameOverrides)
2026-09-14 18:19:36.401 I  PeachCommander[26776:15af1] [com.apple.launchservices:default] Unable to load Info.plist exceptions (SystemHiddenPreferred)
2026-09-14 18:19:36.401 Df PeachCommander[26776:15aea] [com.apple.FrontBoard:Common] FBSWorkspace: endpoint monitoring is disabled.
2026-09-14 18:19:36.401 Df PeachCommander[26776:15aea] [com.apple.FrontBoard:Common] FBSWorkspace: default shell endpoint is disabled.
2026-09-14 18:19:36.401 Df PeachCommander[26776:15aea] [com.apple.runningboard:connection] Initializing connection
2026-09-14 18:19:36.401 Df PeachCommander[26776:15aea] [com.apple.runningboard:process] Removing all cached process handles
2026-09-14 18:19:36.401 Df PeachCommander[26776:15af0] [com.apple.runningboard:connection] Sending handshake request attempt #1 to server
2026-09-14 18:19:36.401 Df PeachCommander[26776:15af0] [com.apple.runningboard:connection] Creating connection to com.apple.runningboard
2026-09-14 18:19:36.401 Df PeachCommander[26776:15af0] [com.apple.xpc:connection] [0x712c48500] activating connection: mach=true listener=false peer=false name=com.apple.runningboard
2026-09-14 18:19:36.402 Df PeachCommander[26776:15aea] [com.apple.xpc:connection] [0x712c48280] Connection returned listener port: 0x5403
2026-09-14 18:19:36.402 A  PeachCommander[26776:15af5] (RunningBoardServices) didChangeInheritances
2026-09-14 18:19:36.402 I  PeachCommander[26776:15aea] [com.apple.launchservices:cas] information in shared memory for 0x0-0x16b16b with seed 533 was still valid, so using cached info { "ApplicationType"="Foreground", "BuildMachineOSBuild"="25E246", "BundleIdentifierLowerCase"="com.peachcommander.app", "CFBundleDevelopmentRegion"="en", "CFBundleDocumentTypes"=( { "CFBundleTypeName"="Peach Commander Plugin Package", "CFBundleTypeRole"="Viewer", "LSHandlerRank"="Owner", "LSItemContentTypes"=( "com.peachcommander.plugin-package") }), "CFBundleExecutable"="PeachCommander", "CFBundleExecutablePath"="/Users/admin/pc-test/PeachCommander.app/Contents/MacOS/PeachCommander", "CFBundleExecutablePathDeviceID"=16777229, "CFBundleExecutablePathINode"=487524, "CFBundleHelpBookFolder"="PeachCommander.help", "CFBundleHelpBookName"="Peach Commander Help", "CFBundleIconFile"="AppIcon", "CFBundleIconName"="AppIcon", "CFBundleIdentifier"="com.peachcommander.app", "CFBundleInfoDictionaryVersion"="6.0", "CFBundleName"="PeachCommander", "CFBundleNameLowerCase"="peachcommander", "CFBundleNumericVersion"=402685952, "CFBundlePackageType"="APPL", "CFBundleShortVersionString"="0.9.0", "CFBun<…>
2026-09-14 18:19:36.402 Df PeachCommander[26776:15af0] [com.apple.runningboard:connection] Handshake succeeded
2026-09-14 18:19:36.402 Df PeachCommander[26776:15af0] [com.apple.runningboard:connection] Identity resolved as app<application.com.peachcommander.app.486777.487524(501)>
2026-09-14 18:19:36.403 Df PeachCommander[26776:15aea] [com.apple.xpc:connection] [0x712c48280] Connection returned listener port: 0x5403
2026-09-14 18:19:36.404 A  PeachCommander[26776:15af5] (AppIntents) appintents:register process
2026-09-14 18:19:36.404 Df PeachCommander[26776:15af5] [com.apple.appintents:Connection] Created a new Process Instance Registry XPC connection (inactive)
2026-09-14 18:19:36.404 Df PeachCommander[26776:15af5] [com.apple.xpc:connection] [0x712c48780] activating connection: mach=true listener=false peer=false name=com.apple.linkd.autoShortcut
2026-09-14 18:19:36.404 Df PeachCommander[26776:15af5] [com.apple.appintents:Connection] Activated connection to linkd (ApplicationService)
2026-09-14 18:19:36.404 Df PeachCommander[26776:15af5] [com.apple.xpc:connection] [0x712c48a00] activating connection: mach=false listener=true peer=false name=(anonymous)
2026-09-14 18:19:36.404 I  PeachCommander[26776:15aea] [com.apple.launchservices:cas] information in shared memory for 0x0-0x16b16b with seed 533 was still valid, so using cached info { "ApplicationType"="Foreground", "BuildMachineOSBuild"="25E246", "BundleIdentifierLowerCase"="com.peachcommander.app", "CFBundleDevelopmentRegion"="en", "CFBundleDocumentTypes"=( { "CFBundleTypeName"="Peach Commander Plugin Package", "CFBundleTypeRole"="Viewer", "LSHandlerRank"="Owner", "LSItemContentTypes"=( "com.peachcommander.plugin-package") }), "CFBundleExecutable"="PeachCommander", "CFBundleExecutablePath"="/Users/admin/pc-test/PeachCommander.app/Contents/MacOS/PeachCommander", "CFBundleExecutablePathDeviceID"=16777229, "CFBundleExecutablePathINode"=487524, "CFBundleHelpBookFolder"="PeachCommander.help", "CFBundleHelpBookName"="Peach Commander Help", "CFBundleIconFile"="AppIcon", "CFBundleIconName"="AppIcon", "CFBundleIdentifier"="com.peachcommander.app", "CFBundleInfoDictionaryVersion"="6.0", "CFBundleName"="PeachCommander", "CFBundleNameLowerCase"="peachcommander", "CFBundleNumericVersion"=402685952, "CFBundlePackageType"="APPL", "CFBundleShortVersionString"="0.9.0", "CFBun<…>
2026-09-14 18:19:36.404 I  PeachCommander[26776:15aea] [com.apple.hiservices:processmgr] TransformProcessType(0x0,0x2 => 1 wasFront=1 pickNew=0)
2026-09-14 18:19:36.404 I  PeachCommander[26776:15aea] [com.apple.CoreAnalytics:client] Dropping "com.apple.appkit.app_config" as it isn't used in any transform (not in the config or budgeted?)
2026-09-14 18:19:36.405 I  PeachCommander[26776:15af5] [com.apple.appintents:Execution] LNAppConnectionListener instantiated
2026-09-14 18:19:36.405 Df PeachCommander[26776:15af5] [com.apple.xpc:connection] [0x712c48a00] Connection returned listener port: 0x6a03
2026-09-14 18:19:36.405 Df PeachCommander[26776:15af0] [com.apple.xpc:connection] [0x712c48780] Re-initialization successful; calling out to event handler with XPC_ERROR_CONNECTION_INTERRUPTED
2026-09-14 18:19:36.405 Df PeachCommander[26776:15af0] [com.apple.appintents:Connection] Process Instance Registry XPC connection has been interrupted
2026-09-14 18:19:36.405 Df PeachCommander[26776:15aea] [com.apple.dt.xctest:Default] Registering for test daemon availability notify post.
2026-09-14 18:19:36.405 E  PeachCommander[26776:15af5] [com.apple.appintents:Connection] Unable to get synchronousRemoteObjectProxy, error: Error Domain=NSCocoaErrorDomain Code=4097 "connection to service named com.apple.linkd.autoShortcut" UserInfo={NSDebugDescription=connection to service named com.apple.linkd.autoShortcut}
2026-09-14 18:19:36.405 E  PeachCommander[26776:15af5] [com.apple.AppKit:Application] Error registering app with intents framework: Error Domain=NSCocoaErrorDomain Code=4097 UserInfo={NSDebugDescription=<private>}
2026-09-14 18:19:36.405 Df PeachCommander[26776:15aea] [com.apple.dt.xctest:Default] notify_get_state check indicated test daemon not ready.
2026-09-14 18:19:36.405 Df PeachCommander[26776:15af1] [com.apple.appintents:Connection] Created a new Process Instance Registry XPC connection (inactive)
2026-09-14 18:19:36.405 A  PeachCommander[26776:15af1] (AppIntents) appintents:register process
2026-09-14 18:19:36.405 Df PeachCommander[26776:15af1] [com.apple.appintents:Connection] Created a new Process Instance Registry XPC connection (inactive)
2026-09-14 18:19:36.405 Df PeachCommander[26776:15af1] [com.apple.xpc:connection] [0x712c48c80] activating connection: mach=true listener=false peer=false name=com.apple.linkd.autoShortcut
2026-09-14 18:19:36.405 Df PeachCommander[26776:15aea] [com.apple.dt.xctest:Default] notify_get_state check indicated test daemon not ready.
2026-09-14 18:19:36.405 Df PeachCommander[26776:15af1] [com.apple.appintents:Connection] Activated connection to linkd (ApplicationService)
2026-09-14 18:19:36.405 Df PeachCommander[26776:15af1] [com.apple.xpc:connection] [0x712c48a00] Connection returned listener port: 0x6a03
2026-09-14 18:19:36.405 Df PeachCommander[26776:15aea] [com.apple.dt.xctest:Default] notify_get_state check indicated test daemon not ready.
2026-09-14 18:19:36.405 Df PeachCommander[26776:15af5] [com.apple.xpc:connection] [0x712c48c80] Re-initialization successful; calling out to event handler with XPC_ERROR_CONNECTION_INTERRUPTED
2026-09-14 18:19:36.405 Df PeachCommander[26776:15af5] [com.apple.appintents:Connection] Process Instance Registry XPC connection has been interrupted
2026-09-14 18:19:36.405 E  PeachCommander[26776:15af1] [com.apple.appintents:Connection] Unable to get synchronousRemoteObjectProxy, error: Error Domain=NSCocoaErrorDomain Code=4097 "connection to service named com.apple.linkd.autoShortcut" UserInfo={NSDebugDescription=connection to service named com.apple.linkd.autoShortcut}
2026-09-14 18:19:36.405 E  PeachCommander[26776:15af1] [com.apple.appintents:Connection] Unable to re-register with Process Instance Registry, error: Error Domain=NSCocoaErrorDomain Code=4097 "connection to service named com.apple.linkd.autoShortcut" UserInfo={NSDebugDescription=connection to service named com.apple.linkd.autoShortcut}
2026-09-14 18:19:36.405 Df PeachCommander[26776:15af5] [com.apple.appintents:Connection] Created a new Process Instance Registry XPC connection (inactive)
2026-09-14 18:19:36.405 A  PeachCommander[26776:15af5] (AppIntents) appintents:register process
2026-09-14 18:19:36.405 Df PeachCommander[26776:15af5] [com.apple.appintents:Connection] Created a new Process Instance Registry XPC connection (inactive)
2026-09-14 18:19:36.405 Df PeachCommander[26776:15af5] [com.apple.xpc:connection] [0x712c492c0] activating connection: mach=true listener=false peer=false name=com.apple.linkd.autoShortcut
2026-09-14 18:19:36.405 Df PeachCommander[26776:15af5] [com.apple.appintents:Connection] Activated connection to linkd (ApplicationService)
2026-09-14 18:19:36.405 Df PeachCommander[26776:15af5] [com.apple.xpc:connection] [0x712c48a00] Connection returned listener port: 0x6a03
2026-09-14 18:19:36.406 Df PeachCommander[26776:15af1] [com.apple.xpc:connection] [0x712c492c0] Re-initialization successful; calling out to event handler with XPC_ERROR_CONNECTION_INTERRUPTED
2026-09-14 18:19:36.406 Df PeachCommander[26776:15af1] [com.apple.appintents:Connection] Process Instance Registry XPC connection has been interrupted
2026-09-14 18:19:36.406 E  PeachCommander[26776:15af5] [com.apple.appintents:Connection] Unable to get synchronousRemoteObjectProxy, error: Error Domain=NSCocoaErrorDomain Code=4097 "connection to service named com.apple.linkd.autoShortcut" UserInfo={NSDebugDescription=connection to service named com.apple.linkd.autoShortcut}
2026-09-14 18:19:36.406 E  PeachCommander[26776:15af5] [com.apple.appintents:Connection] Unable to re-register with Process Instance Registry, error: Error Domain=NSCocoaErrorDomain Code=4097 "connection to service named com.apple.linkd.autoShortcut" UserInfo={NSDebugDescription=connection to service named com.apple.linkd.autoShortcut}
2026-09-14 18:19:36.406 Df PeachCommander[26776:15af1] [com.apple.appintents:Connection] Created a new Process Instance Registry XPC connection (inactive)
2026-09-14 18:19:36.406 A  PeachCommander[26776:15af1] (AppIntents) appintents:register process
2026-09-14 18:19:36.406 Df PeachCommander[26776:15af1] [com.apple.appintents:Connection] Created a new Process Instance Registry XPC connection (inactive)
2026-09-14 18:19:36.406 Df PeachCommander[26776:15af1] [com.apple.xpc:connection] [0x712c49540] activating connection: mach=true listener=false peer=false name=com.apple.linkd.autoShortcut
2026-09-14 18:19:36.406 Df PeachCommander[26776:15af1] [com.apple.appintents:Connection] Activated connection to linkd (ApplicationService)
2026-09-14 18:19:36.406 Df PeachCommander[26776:15af1] [com.apple.xpc:connection] [0x712c48a00] Connection returned listener port: 0x6a03
2026-09-14 18:19:36.406 Df PeachCommander[26776:15af5] [com.apple.xpc:connection] [0x712c49540] Re-initialization successful; calling out to event handler with XPC_ERROR_CONNECTION_INTERRUPTED
2026-09-14 18:19:36.406 Df PeachCommander[26776:15af5] [com.apple.appintents:Connection] Process Instance Registry XPC connection has been interrupted
2026-09-14 18:19:36.406 E  PeachCommander[26776:15af5] [com.apple.appintents:Connection] Will NOT re-try to establish the connection
2026-09-14 18:19:36.406 E  PeachCommander[26776:15af1] [com.apple.appintents:Connection] Unable to get synchronousRemoteObjectProxy, error: Error Domain=NSCocoaErrorDomain Code=4097 "connection to service named com.apple.linkd.autoShortcut" UserInfo={NSDebugDescription=connection to service named com.apple.linkd.autoShortcut}
2026-09-14 18:19:36.406 E  PeachCommander[26776:15af1] [com.apple.appintents:Connection] Unable to re-register with Process Instance Registry, error: Error Domain=NSCocoaErrorDomain Code=4097 "connection to service named com.apple.linkd.autoShortcut" UserInfo={NSDebugDescription=connection to service named com.apple.linkd.autoShortcut}
2026-09-14 18:19:36.409 A  PeachCommander[26776:15aea] (CoreFoundation) Loading Preferences From System CFPrefsD
2026-09-14 18:19:36.409 Df PeachCommander[26776:15aea] (libMobileGestalt.dylib) couldn't load support library
2026-09-14 18:19:36.409 Df PeachCommander[26776:15aea] (libMobileGestalt.dylib) called dummy function!
2026-09-14 18:19:36.409 I  PeachCommander[26776:15aea] [com.apple.GenerativeModels:availability] Current availability state: unavailable, use cases: com.apple.WritingTools, language: <any>, api: <private>
2026-09-14 18:19:36.409 Df PeachCommander[26776:15aea] [com.apple.GenerativeModels:availability] registering darwin observer for name: com.apple.gms.availability.notification
2026-09-14 18:19:36.409 Df PeachCommander[26776:15aea] [com.apple.GenerativeModels:availability] registering darwin observer for name: com.apple.os-eligibility-domain.change.greymatter
2026-09-14 18:19:36.409 Df PeachCommander[26776:15aea] [com.apple.GenerativeModels:availability] registering darwin observer for name: com.apple.language.changed
2026-09-14 18:19:36.409 Df PeachCommander[26776:15aea] [com.apple.WritingTools:Default] isAvailable value changed: isMDMAllowed = true, gmAvailable (current) = false
2026-09-14 18:19:36.412 I  PeachCommander[26776:15aea] [com.apple.CoreAnalytics:client] Dropping "com.apple.appkit.app_config" as it isn't used in any transform (not in the config or budgeted?)
2026-09-14 18:19:36.414 Df PeachCommander[26776:15aea] [com.apple.AppKit:Appearance] NSApp cache appearance:
-NSRequiresAquaSystemAppearance: 0
-appearance: (null)
-effectiveAppearance: <NSCompositeAppearance: 0x713080500
 (
    "<NSAquaAppearance: 0x7130806e0>",
    "<NSSystemAppearance: 0x713080780>"
)>
2026-09-14 18:19:36.416 A  PeachCommander[26776:15aea] (CoreFoundation) Loading Preferences From User CFPrefsD
2026-09-14 18:19:36.417 A  PeachCommander[26776:15aea] (CoreFoundation) Loading Preferences From User CFPrefsD
2026-09-14 18:19:36.420 A  PeachCommander[26776:15af5] (libsystem_info.dylib) Membership API: translate identifier
2026-09-14 18:19:36.422 I  PeachCommander[26776:15aea] [com.apple.CoreAnalytics:client] Dropping "com.apple.appkit.app_config" as it isn't used in any transform (not in the config or budgeted?)
2026-09-14 18:19:36.422 I  PeachCommander[26776:15aea] [com.apple.CoreAnalytics:client] Dropping "com.apple.appkit.app_config" as it isn't used in any transform (not in the config or budgeted?)
2026-09-14 18:19:36.424 Df PeachCommander[26776:15af0] [com.apple.xpc:connection] [0x712c49a40] activating connection: mach=true listener=false peer=false name=com.apple.dock.fullscreen
2026-09-14 18:19:36.425 Df PeachCommander[26776:15aea] [com.apple.xpc:connection] [0x712c49b80] activating connection: mach=true listener=false peer=false name=com.apple.fonts
2026-09-14 18:19:36.427 I  PeachCommander[26776:15aea] [com.apple.launchservices:cas] information in shared memory for 0x0-0x16b16b with seed 533 was still valid, so using cached info { "ApplicationType"="Foreground", "BuildMachineOSBuild"="25E246", "BundleIdentifierLowerCase"="com.peachcommander.app", "CFBundleDevelopmentRegion"="en", "CFBundleDocumentTypes"=( { "CFBundleTypeName"="Peach Commander Plugin Package", "CFBundleTypeRole"="Viewer", "LSHandlerRank"="Owner", "LSItemContentTypes"=( "com.peachcommander.plugin-package") }), "CFBundleExecutable"="PeachCommander", "CFBundleExecutablePath"="/Users/admin/pc-test/PeachCommander.app/Contents/MacOS/PeachCommander", "CFBundleExecutablePathDeviceID"=16777229, "CFBundleExecutablePathINode"=487524, "CFBundleHelpBookFolder"="PeachCommander.help", "CFBundleHelpBookName"="Peach Commander Help", "CFBundleIconFile"="AppIcon", "CFBundleIconName"="AppIcon", "CFBundleIdentifier"="com.peachcommander.app", "CFBundleInfoDictionaryVersion"="6.0", "CFBundleName"="PeachCommander", "CFBundleNameLowerCase"="peachcommander", "CFBundleNumericVersion"=402685952, "CFBundlePackageType"="APPL", "CFBundleShortVersionString"="0.9.0", "CFBun<…>
2026-09-14 18:19:36.428 I  PeachCommander[26776:15aea] [com.apple.CoreAnalytics:client] Dropping "com.apple.appkit.app_config" as it isn't used in any transform (not in the config or budgeted?)
2026-09-14 18:19:36.428 Df PeachCommander[26776:15aea] [com.apple.AppKit:AutomaticTermination] -[NSApplication(NSAppssassination) _checkForAutomaticTerminationSupportPossiblyEnablingIt]_block_invoke Enabling automatic termination support.
2026-09-14 18:19:36.428 Df PeachCommander[26776:15aea] [com.apple.xpc:connection] [0x712c48dc0] activating connection: mach=true listener=false peer=false name=com.apple.appkit.restoration_storage
2026-09-14 18:19:36.428 I  PeachCommander[26776:15aea] [com.apple.launchservices:cas] information in shared memory for 0x0-0x16b16b with seed 533 was still valid, so using cached info { "ApplicationType"="Foreground", "BuildMachineOSBuild"="25E246", "BundleIdentifierLowerCase"="com.peachcommander.app", "CFBundleDevelopmentRegion"="en", "CFBundleDocumentTypes"=( { "CFBundleTypeName"="Peach Commander Plugin Package", "CFBundleTypeRole"="Viewer", "LSHandlerRank"="Owner", "LSItemContentTypes"=( "com.peachcommander.plugin-package") }), "CFBundleExecutable"="PeachCommander", "CFBundleExecutablePath"="/Users/admin/pc-test/PeachCommander.app/Contents/MacOS/PeachCommander", "CFBundleExecutablePathDeviceID"=16777229, "CFBundleExecutablePathINode"=487524, "CFBundleHelpBookFolder"="PeachCommander.help", "CFBundleHelpBookName"="Peach Commander Help", "CFBundleIconFile"="AppIcon", "CFBundleIconName"="AppIcon", "CFBundleIdentifier"="com.peachcommander.app", "CFBundleInfoDictionaryVersion"="6.0", "CFBundleName"="PeachCommander", "CFBundleNameLowerCase"="peachcommander", "CFBundleNumericVersion"=402685952, "CFBundlePackageType"="APPL", "CFBundleShortVersionString"="0.9.0", "CFBun<…>
2026-09-14 18:19:36.428 Df PeachCommander[26776:15aea] [com.apple.xpc:connection] [0x712c48f00] activating connection: mach=true listener=false peer=false name=com.apple.coreservices.appleevents
2026-09-14 18:19:36.428 I  PeachCommander[26776:15aea] [com.apple.appleevents:main] _AEGetRegisteredMachPort() created default port (port:64259/0xfb03 rcv:1 send:1 limit:5) and registered it with server
2026-09-14 18:19:36.428 Df PeachCommander[26776:15aea] [com.apple.xpc:connection] [0x712c48280] Connection returned listener port: 0x5403
2026-09-14 18:19:36.428 I  PeachCommander[26776:15aea] [com.apple.launchservices:cas] information in shared memory for 0x0-0x16b16b with seed 533 was still valid, so using cached info { "ApplicationType"="Foreground", "BuildMachineOSBuild"="25E246", "BundleIdentifierLowerCase"="com.peachcommander.app", "CFBundleDevelopmentRegion"="en", "CFBundleDocumentTypes"=( { "CFBundleTypeName"="Peach Commander Plugin Package", "CFBundleTypeRole"="Viewer", "LSHandlerRank"="Owner", "LSItemContentTypes"=( "com.peachcommander.plugin-package") }), "CFBundleExecutable"="PeachCommander", "CFBundleExecutablePath"="/Users/admin/pc-test/PeachCommander.app/Contents/MacOS/PeachCommander", "CFBundleExecutablePathDeviceID"=16777229, "CFBundleExecutablePathINode"=487524, "CFBundleHelpBookFolder"="PeachCommander.help", "CFBundleHelpBookName"="Peach Commander Help", "CFBundleIconFile"="AppIcon", "CFBundleIconName"="AppIcon", "CFBundleIdentifier"="com.peachcommander.app", "CFBundleInfoDictionaryVersion"="6.0", "CFBundleName"="PeachCommander", "CFBundleNameLowerCase"="peachcommander", "CFBundleNumericVersion"=402685952, "CFBundlePackageType"="APPL", "CFBundleShortVersionString"="0.9.0", "CFBun<…>
2026-09-14 18:19:36.429 Df PeachCommander[26776:15aea] [com.apple.processmanager:front-35286506] SignalReady: pid=26776 asn=0x0-0x16b16b
2026-09-14 18:19:36.429 Df PeachCommander[26776:15aea] [com.apple.processmanager:front-35286506] SIGNAL: pid=26776 asn=0x0x-0x16b16b
2026-09-14 18:19:36.429 I  PeachCommander[26776:15aea] [com.apple.appleevents:main] aeGenerateFakeFirstOAPPEventIfNecessary()
2026-09-14 18:19:36.429 I  PeachCommander[26776:15aea] [com.apple.appleevents:main] aeGenerateFakeFirstOAPPEventIfNecessary(), needToCreateFakeOAPPEventIfFirstEvent == true
2026-09-14 18:19:36.429 I  PeachCommander[26776:15aea] [com.apple.launchservices:cas] Removing cached information for app [ 0x0-0x16b16b]  "PeachCommander", as its seed is different from that in shared memory ( 533 vs 535)
2026-09-14 18:19:36.429 I  PeachCommander[26776:15aea] [com.apple.CFPasteboard:entry] CopyData('DefaultAsciiKeyboardLayoutPasteboard' (<CFUUID 0x712c7ba20> D93C919E-644C-4804-BEBF-85E746F2ADB2) gen: -1 item: 1264739405 flavor: 'DefaultAsciiKeyboardLayoutFlavor')
2026-09-14 18:19:36.429 I  PeachCommander[26776:15aea] [com.apple.CFPasteboard:cache] Rebuilding cache for 'DefaultAsciiKeyboardLayoutPasteboard' (<CFUUID 0x712c7ba20> D93C919E-644C-4804-BEBF-85E746F2ADB2)
2026-09-14 18:19:36.429 I  PeachCommander[26776:15aea] [com.apple.CFPasteboard:exit] (not-in-cache) - result: -8 generation: 0 null data flags: 0
2026-09-14 18:19:36.429 A  PeachCommander[26776:15aea] (CoreFoundation) Loading Preferences From User CFPrefsD
2026-09-14 18:19:36.430 A  PeachCommander[26776:15aea] (CoreFoundation) Loading Preferences From System CFPrefsD
2026-09-14 18:19:36.430 I  PeachCommander[26776:15aea] [com.apple.CFPasteboard:entry] CopyData('AppleIntlFileCacheModificationDatePasteboard' (<CFUUID 0x712c7ba60> 42C4955D-AC28-4C43-94A7-63F5B36AC09A) gen: -1 item: 1 flavor: '-32766 1768845414')
2026-09-14 18:19:36.430 I  PeachCommander[26776:15aea] [com.apple.CFPasteboard:cache] Rebuilding cache for 'AppleIntlFileCacheModificationDatePasteboard' (<CFUUID 0x712c7ba60> 42C4955D-AC28-4C43-94A7-63F5B36AC09A)
2026-09-14 18:19:36.430 I  PeachCommander[26776:15aea] [com.apple.CFPasteboard:general] Will request data from daemon
2026-09-14 18:19:36.430 I  PeachCommander[26776:15aea] [com.apple.CFPasteboard:exit] (not-in-cache) - result: 0 generation: 2 data (310 bytes) flags: 0
2026-09-14 18:19:36.430 I  PeachCommander[26776:15aea] [com.apple.CFPasteboard:entry] CopyData('AppleIntlFileCacheModificationDatePasteboard' (<CFUUID 0x712c7ba60> 42C4955D-AC28-4C43-94A7-63F5B36AC09A) gen: -1 item: 1 flavor: '-32765 1802264953')
2026-09-14 18:19:36.430 I  PeachCommander[26776:15aea] [com.apple.CFPasteboard:general] Will request data from daemon
2026-09-14 18:19:36.430 I  PeachCommander[26776:15aea] [com.apple.CFPasteboard:exit] (not-in-cache) - result: 0 generation: 2 data (306 bytes) flags: 0
2026-09-14 18:19:36.430 I  PeachCommander[26776:15aea] [com.apple.CFPasteboard:entry] CopyData('AppleIntlFileCacheModificationDatePasteboard' (<CFUUID 0x712c7ba60> 42C4955D-AC28-4C43-94A7-63F5B36AC09A) gen: -1 item: 1 flavor: '-32764 1802264953')
2026-09-14 18:19:36.430 I  PeachCommander[26776:15aea] [com.apple.CFPasteboard:general] Will request data from daemon
2026-09-14 18:19:36.430 I  PeachCommander[26776:15aea] [com.apple.CFPasteboard:exit] (not-in-cache) - result: 0 generation: 2 data (281 bytes) flags: 0
2026-09-14 18:19:36.430 I  PeachCommander[26776:15aea] [com.apple.CFPasteboard:entry] CopyData('AppleIntlFileCacheModificationDatePasteboard' (<CFUUID 0x712c7ba60> 42C4955D-AC28-4C43-94A7-63F5B36AC09A) gen: -1 item: 1 flavor: '-32763 1802264953')
2026-09-14 18:19:36.430 I  PeachCommander[26776:15aea] [com.apple.CFPasteboard:general] Will request data from daemon
2026-09-14 18:19:36.430 I  PeachCommander[26776:15aea] [com.apple.CFPasteboard:exit] (not-in-cache) - result: 0 generation: 2 data (318 bytes) flags: 0
2026-09-14 18:19:36.431 I  PeachCommander[26776:15aea] [com.apple.CFPasteboard:entry] CopyData('AppleIntlFileCacheModificationDatePasteboard' (<CFUUID 0x712c7ba60> 42C4955D-AC28-4C43-94A7-63F5B36AC09A) gen: -1 item: 1 flavor: '-32765 1768845414')
2026-09-14 18:19:36.431 I  PeachCommander[26776:15aea] [com.apple.CFPasteboard:general] Will request data from daemon
2026-09-14 18:19:36.431 I  PeachCommander[26776:15aea] [com.apple.CFPasteboard:exit] (not-in-cache) - result: 0 generation: 2 data (303 bytes) flags: 0
2026-09-14 18:19:36.431 I  PeachCommander[26776:15aea] [com.apple.CFPasteboard:entry] CopyData('AppleIntlFileCacheModificationDatePasteboard' (<CFUUID 0x712c7ba60> 42C4955D-AC28-4C43-94A7-63F5B36AC09A) gen: -1 item: 1 flavor: '-32763 1768845414')
2026-09-14 18:19:36.431 I  PeachCommander[26776:15aea] [com.apple.CFPasteboard:general] Will request data from daemon
2026-09-14 18:19:36.431 I  PeachCommander[26776:15aea] [com.apple.CFPasteboard:exit] (not-in-cache) - result: 0 generation: 2 data (315 bytes) flags: 0
2026-09-14 18:19:36.432 I  PeachCommander[26776:15aea] [com.apple.launchservices:cas] information in shared memory for 0x0-0x16b16b with seed 535 was still valid, so using cached info { "ApplicationType"="Foreground", "BuildMachineOSBuild"="25E246", "BundleIdentifierLowerCase"="com.peachcommander.app", "CFBundleDevelopmentRegion"="en", "CFBundleDocumentTypes"=( { "CFBundleTypeName"="Peach Commander Plugin Package", "CFBundleTypeRole"="Viewer", "LSHandlerRank"="Owner", "LSItemContentTypes"=( "com.peachcommander.plugin-package") }), "CFBundleExecutable"="PeachCommander", "CFBundleExecutablePath"="/Users/admin/pc-test/PeachCommander.app/Contents/MacOS/PeachCommander", "CFBundleExecutablePathDeviceID"=16777229, "CFBundleExecutablePathINode"=487524, "CFBundleHelpBookFolder"="PeachCommander.help", "CFBundleHelpBookName"="Peach Commander Help", "CFBundleIconFile"="AppIcon", "CFBundleIconName"="AppIcon", "CFBundleIdentifier"="com.peachcommander.app", "CFBundleInfoDictionaryVersion"="6.0", "CFBundleName"="PeachCommander", "CFBundleNameLowerCase"="peachcommander", "CFBundleNumericVersion"=402685952, "CFBundlePackageType"="APPL", "CFBundleShortVersionString"="0.9.0", "CFBun<…>
2026-09-14 18:19:36.432 Df PeachCommander[26776:15aea] [com.apple.xpc:connection] [0x712c49e00] activating connection: mach=false listener=false peer=false name=com.apple.ViewBridgeAuxiliary
2026-09-14 18:19:36.436 Df PeachCommander[26776:15aea] [com.apple.xpc:connection] [0x712c49cc0] activating connection: mach=false listener=false peer=false name=(anonymous)
2026-09-14 18:19:36.436 Df PeachCommander[26776:15aea] [com.apple.xpc:connection] [0x712c49f40] activating connection: mach=false listener=true peer=false name=(anonymous)
2026-09-14 18:19:36.436 Df PeachCommander[26776:15aea] [com.apple.xpc:connection] [0x712c49f40] Connection returned listener port: 0xf303
2026-09-14 18:19:36.437 Df PeachCommander[26776:15aea] [com.apple.xpc:connection] [0x712c49e00] invalidated after the last release of the connection object
2026-09-14 18:19:36.437 I  PeachCommander[26776:15aea] [com.apple.showhide:pr-59900543] SHOWHIDE: SHOW id=604 0x0-0x16B16B, err=0 eventTime=1881558291541 windowID=0
2026-09-14 18:19:36.437 I  PeachCommander[26776:15aea] [com.apple.CarbonCore:coreservicesdaemon] findOrCreateCacheable():findOrCreateCacheable(), factoryName=3 cacheableName=<private> fCacheables.size()=0
2026-09-14 18:19:36.437 I  PeachCommander[26776:15aea] [com.apple.CarbonCore:coreservicesdaemon] findOrCreateCacheable():findOrCreateCacheable(), result = 0x712c3bbc0 (should be non-NULL)
2026-09-14 18:19:36.437 Df PeachCommander[26776:15aea] [com.apple.AppKit:AutomaticTermination] void _NSDisableAutomaticTerminationAndLog(NSString *) Restoring windows
2026-09-14 18:19:36.437 Df PeachCommander[26776:15aea] [com.apple.AppKit:StateRestoration] -[NSApplication _reopenWindowsAsNecessaryIncludingRestorableState:withFullFidelity:completionHandler:] shouldRestoreState=1 hasPersistentStateToRestore=0 shouldStillRestoreStateAfterPrompting=0
2026-09-14 18:19:36.437 Df PeachCommander[26776:15aea] [com.apple.xpc:connection] [0x712c49e00] activating connection: mach=true listener=false peer=false name=com.apple.window_proxies
2026-09-14 18:19:36.437 Df PeachCommander[26776:15aea] [com.apple.xpc:connection] [0x712c49e00] invalidated because the current process cancelled the connection by calling xpc_connection_cancel()
2026-09-14 18:19:36.437 I  PeachCommander[26776:15aea] [com.apple.SkyLight:processes] 0[outside of RPC]: SLSSetFrontProcessWithInfo(0x0-0x2 window=0 options=0x1
2026-09-14 18:19:36.438 I  PeachCommander[26776:15aea] [com.apple.CoreAnalytics:client] Dropping "com.apple.appkit.app_config" as it isn't used in any transform (not in the config or budgeted?)
2026-09-14 18:19:36.438 Df PeachCommander[26776:15aea] [com.apple.AppKit:AutomaticTermination] void _NSEnableAutomaticTerminationAndLog(NSString *) Restoring windows
2026-09-14 18:19:36.440 I  PeachCommander[26776:15aea] [com.apple.CoreAnalytics:client] Dropping "com.apple.appkit.app_config" as it isn't used in any transform (not in the config or budgeted?)
2026-09-14 18:19:36.441 I  PeachCommander[26776:15aea] [com.apple.CoreAnalytics:client] Dropping "com.apple.appkit.app_config" as it isn't used in any transform (not in the config or budgeted?)
2026-09-14 18:19:36.449 A  PeachCommander[26776:15aea] (CoreFoundation) Loading Preferences From User CFPrefsD
2026-09-14 18:19:36.454 I  PeachCommander[26776:15aea] [com.peachcommander:PCFoundation] VolumeManager initialized
2026-09-14 18:19:36.471 Df PeachCommander[26776:15aea] [com.apple.BoardServices:XPCErrors] [C:1] Alloc <private>
2026-09-14 18:19:36.471 Df PeachCommander[26776:15aea] [com.apple.xpc:connection] [0x712ef9180] activating connection: mach=false listener=false peer=false name=(anonymous)
2026-09-14 18:19:36.474 I  PeachCommander[26776:15aea] [com.apple.AppKit:Window] context (0 -> b1067506) for window 5b5
2026-09-14 18:19:36.475 Df PeachCommander[26776:15af1] [com.apple.corespotlight:index] (<private>) deleteSearchableItemsWithDomainIdentifiers, protectionClass:(null), domainIdentifiers number:1
2026-09-14 18:19:36.475 A  PeachCommander[26776:15af1] (CoreSpotlight) delete-domains
2026-09-14 18:19:36.475 I  PeachCommander[26776:15aea] [com.peachcommander:PCFoundation] MainWindowController initialized (config: <private>)
2026-09-14 18:19:36.475 Df PeachCommander[26776:15af1] [com.apple.corespotlight:index] CSInlineDonation:<private>: Skipping donation (feature flag disabled)
2026-09-14 18:19:36.475 Df PeachCommander[26776:15af1] (CoreSpotlight) sConnectionName: com.apple.spotlight.IndexAgent
2026-09-14 18:19:36.475 Df PeachCommander[26776:15af1] (CoreSpotlight) Start service name com.apple.spotlight.IndexAgent
2026-09-14 18:19:36.475 Df PeachCommander[26776:15af1] [com.apple.xpc:connection] [0x712ef9400] activating connection: mach=true listener=false peer=false name=com.apple.spotlight.IndexAgent
2026-09-14 18:19:36.475 I  PeachCommander[26776:15aea] [com.peachcommander:PCFoundation] SelectionState initialized
2026-09-14 18:19:36.475 I  PeachCommander[26776:15aea] [com.peachcommander:PCFoundation] DirectoryModel initialized
2026-09-14 18:19:36.475 I  PeachCommander[26776:15aea] [com.peachcommander:PCFoundation] VolumeManager initialized
2026-09-14 18:19:36.475 I  PeachCommander[26776:15aea] [com.peachcommander:PCFoundation] PanelController initialized for <private> panel
2026-09-14 18:19:36.476 I  PeachCommander[26776:15aea] [com.peachcommander:PCFoundation] SelectionState initialized
2026-09-14 18:19:36.476 A  PeachCommander[26776:15af5] (RunningBoardServices) didChangeInheritances
2026-09-14 18:19:36.476 I  PeachCommander[26776:15aea] [com.peachcommander:PCFoundation] DirectoryModel initialized
2026-09-14 18:19:36.476 I  PeachCommander[26776:15aea] [com.peachcommander:PCFoundation] VolumeManager initialized
2026-09-14 18:19:36.476 I  PeachCommander[26776:15aea] [com.peachcommander:PCFoundation] PanelController initialized for <private> panel
2026-09-14 18:19:36.479 I  PeachCommander[26776:15aea] [com.apple.AppKit:Animation] Running new animation: <private>
2026-09-14 18:19:36.479 I  PeachCommander[26776:15aea] [com.apple.AppKit:Animation] Running new animation: <private>
2026-09-14 18:19:36.479 I  PeachCommander[26776:15aea] [com.apple.AppKit:Animation] Running new animation: <private>
2026-09-14 18:19:36.479 I  PeachCommander[26776:15aea] [com.apple.AppKit:Animation] Running new animation: <private>
2026-09-14 18:19:36.479 I  PeachCommander[26776:15aea] [com.apple.AppKit:Animation] Running new animation: <private>
2026-09-14 18:19:36.481 I  PeachCommander[26776:15aea] [com.apple.AppKit:Animation] Running new animation: <private>
2026-09-14 18:19:36.481 I  PeachCommander[26776:15aea] [com.apple.AppKit:Animation] Running new animation: <private>
2026-09-14 18:19:36.481 I  PeachCommander[26776:15aea] [com.apple.AppKit:Animation] Running new animation: <private>
2026-09-14 18:19:36.481 I  PeachCommander[26776:15aea] [com.apple.AppKit:Animation] Running new animation: <private>
2026-09-14 18:19:36.481 I  PeachCommander[26776:15aea] [com.apple.AppKit:Animation] Running new animation: <private>
2026-09-14 18:19:36.486 I  PeachCommander[26776:15aea] [com.apple.CoreAnalytics:client] Dropping "com.apple.appkit.app_config" as it isn't used in any transform (not in the config or budgeted?)
2026-09-14 18:19:36.488 I  PeachCommander[26776:15aea] [com.apple.CoreAnalytics:client] Dropping "com.apple.appkit.app_config" as it isn't used in any transform (not in the config or budgeted?)
2026-09-14 18:19:36.493 I  PeachCommander[26776:15aea] [com.apple.launchservices:datasep] application record search init. Node: <FSNode 0x71298eba0> { isDir = ?, path = <private> } bundleID: (null) itemID: 0
2026-09-14 18:19:36.494 I  PeachCommander[26776:15aea] [com.apple.GenerativeModels:availability] Current availability state: unavailable, use cases: com.apple.Settings.AppleIntelligence,com.apple.Siri.NLRouter, language: en, api: <private>
2026-09-14 18:19:36.494 Df PeachCommander[26776:15aea] [com.apple.GenerativeModels:availability] isOkayToHaveAsset: False
2026-09-14 18:19:36.494 E  PeachCommander[26776:15aea] [com.apple.siri:Utility] AFIsDeviceGreymatterEligible Missing entitlements for os_eligibility lookup
2026-09-14 18:19:36.494 I  PeachCommander[26776:15aea] [com.apple.GenerativeModels:availability] Current availability state: unavailable, use cases: com.apple.Settings.AppleIntelligence, language: en, api: <private>
2026-09-14 18:19:36.494 Df PeachCommander[26776:15aea] [com.apple.GenerativeModels:availability] isOkayToHaveAsset: False
2026-09-14 18:19:36.494 Df PeachCommander[26776:15aea] [com.apple.siri:Utility] -[AFSystemAssistantExperienceStatusManager fetchGenerativeModelsAvailability] #SAEStatus #cacheUpdate Updating cache:
deviceSupportsSAE: 0 (0)
       saeEnabled: 0 (0)
     saeAvailable: 0 (0)
      swaiEnabled: 0 (0)
        viEnabled: 0 (0)
        siriAvailability:
        <private>
        ((null))
2026-09-14 18:19:36.494 Df PeachCommander[26776:15aea] [com.apple.xpc:connection] [0x712a20140] activating connection: mach=true listener=false peer=false name=com.apple.iconservices
2026-09-14 18:19:36.495 Df PeachCommander[26776:15aea] [com.apple.xpc:connection] [0x712a20280] activating connection: mach=true listener=false peer=false name=com.apple.iconservices.store
2026-09-14 18:19:36.499 I  PeachCommander[26776:15aea] [com.peachcommander:Theme] no user themes in /Users/admin/pc-cfg/themes
2026-09-14 18:19:36.499 Df PeachCommander[26776:15aea] [com.apple.AppKit:Appearance] Invalidate NSApp effectiveAppearance
2026-09-14 18:19:36.499 Df PeachCommander[26776:15aea] [com.apple.AppKit:Appearance] NSApp cache appearance:
-NSRequiresAquaSystemAppearance: 0
-appearance: (null)
-effectiveAppearance: <NSCompositeAppearance: 0x713080500
 (
    "<NSAquaAppearance: 0x7130806e0>",
    "<NSSystemAppearance: 0x713080780>"
)>
2026-09-14 18:19:36.499 A  PeachCommander[26776:15af0] (libsystem_info.dylib) Retrieve Group by ID
2026-09-14 18:19:36.500 I  PeachCommander[26776:15aea] [com.peachcommander:PCFoundation] Theme applied: id=system, appearance=system, dark=false, background=#FFFFFF
2026-09-14 18:19:36.524 I  PeachCommander[26776:15aea] [com.apple.iconservices:foundation] layer data size zero
2026-09-14 18:19:36.524 I  PeachCommander[26776:15aea] [com.apple.CoreAnalytics:client] Dropping "com.apple.appkit.app_config" as it isn't used in any transform (not in the config or budgeted?)
2026-09-14 18:19:36.528 I  PeachCommander[26776:15aea] [com.peachcommander:PCFoundation] Keymap loaded: scheme=<private>, 82 effective bindings
2026-09-14 18:19:36.529 I  PeachCommander[26776:15aea] [com.apple.AppKit:Animation] Running new animation: <private>
2026-09-14 18:19:36.529 I  PeachCommander[26776:15aea] [com.apple.AppKit:Animation] Running new animation: <private>
2026-09-14 18:19:36.529 I  PeachCommander[26776:15aea] [com.apple.AppKit:Animation] Running new animation: <private>
2026-09-14 18:19:36.529 I  PeachCommander[26776:15aea] [com.apple.AppKit:Animation] Running new animation: <private>
2026-09-14 18:19:36.529 I  PeachCommander[26776:15aea] [com.apple.AppKit:Animation] Running new animation: <private>
2026-09-14 18:19:36.529 I  PeachCommander[26776:15aea] [com.apple.AppKit:Animation] Running new animation: <private>
2026-09-14 18:19:36.529 I  PeachCommander[26776:15aea] [com.apple.AppKit:Animation] Running new animation: <private>
2026-09-14 18:19:36.529 I  PeachCommander[26776:15aea] [com.apple.AppKit:Animation] Running new animation: <private>
2026-09-14 18:19:36.529 I  PeachCommander[26776:15aea] [com.apple.AppKit:Animation] Running new animation: <private>
2026-09-14 18:19:36.529 I  PeachCommander[26776:15aea] [com.apple.AppKit:Animation] Running new animation: <private>
2026-09-14 18:19:36.531 I  PeachCommander[26776:15aea] [com.apple.CoreAnalytics:client] Dropping "<private>" as it isn't used in any transform (not in the config or budgeted?)
2026-09-14 18:19:36.532 I  PeachCommander[26776:15aea] [com.apple.CoreAnalytics:client] Dropping "<private>" as it isn't used in any transform (not in the config or budgeted?)
2026-09-14 18:19:36.532 I  PeachCommander[26776:15aea] [com.apple.CoreAnalytics:client] Dropping "<private>" as it isn't used in any transform (not in the config or budgeted?)
2026-09-14 18:19:36.532 I  PeachCommander[26776:15aea] [com.peachcommander:PCFoundation] MainWindowController window loaded
2026-09-14 18:19:36.532 I  PeachCommander[26776:15aea] [com.apple.launchservices:cas] information in shared memory for 0x0-0x16b16b with seed 535 was still valid, so using cached info { "ApplicationType"="Foreground", "BuildMachineOSBuild"="25E246", "BundleIdentifierLowerCase"="com.peachcommander.app", "CFBundleDevelopmentRegion"="en", "CFBundleDocumentTypes"=( { "CFBundleTypeName"="Peach Commander Plugin Package", "CFBundleTypeRole"="Viewer", "LSHandlerRank"="Owner", "LSItemContentTypes"=( "com.peachcommander.plugin-package") }), "CFBundleExecutable"="PeachCommander", "CFBundleExecutablePath"="/Users/admin/pc-test/PeachCommander.app/Contents/MacOS/PeachCommander", "CFBundleExecutablePathDeviceID"=16777229, "CFBundleExecutablePathINode"=487524, "CFBundleHelpBookFolder"="PeachCommander.help", "CFBundleHelpBookName"="Peach Commander Help", "CFBundleIconFile"="AppIcon", "CFBundleIconName"="AppIcon", "CFBundleIdentifier"="com.peachcommander.app", "CFBundleInfoDictionaryVersion"="6.0", "CFBundleName"="PeachCommander", "CFBundleNameLowerCase"="peachcommander", "CFBundleNumericVersion"=402685952, "CFBundlePackageType"="APPL", "CFBundleShortVersionString"="0.9.0", "CFBun<…>
2026-09-14 18:19:36.532 I  PeachCommander[26776:15aea] [com.apple.launchservices:cas] information in shared memory for 0x0-0x16b16b with seed 535 was still valid, so using cached info { "ApplicationType"="Foreground", "BuildMachineOSBuild"="25E246", "BundleIdentifierLowerCase"="com.peachcommander.app", "CFBundleDevelopmentRegion"="en", "CFBundleDocumentTypes"=( { "CFBundleTypeName"="Peach Commander Plugin Package", "CFBundleTypeRole"="Viewer", "LSHandlerRank"="Owner", "LSItemContentTypes"=( "com.peachcommander.plugin-package") }), "CFBundleExecutable"="PeachCommander", "CFBundleExecutablePath"="/Users/admin/pc-test/PeachCommander.app/Contents/MacOS/PeachCommander", "CFBundleExecutablePathDeviceID"=16777229, "CFBundleExecutablePathINode"=487524, "CFBundleHelpBookFolder"="PeachCommander.help", "CFBundleHelpBookName"="Peach Commander Help", "CFBundleIconFile"="AppIcon", "CFBundleIconName"="AppIcon", "CFBundleIdentifier"="com.peachcommander.app", "CFBundleInfoDictionaryVersion"="6.0", "CFBundleName"="PeachCommander", "CFBundleNameLowerCase"="peachcommander", "CFBundleNumericVersion"=402685952, "CFBundlePackageType"="APPL", "CFBundleShortVersionString"="0.9.0", "CFBun<…>
2026-09-14 18:19:36.541 I  PeachCommander[26776:15aea] [com.apple.AppKit:Window] order window front conditionally: 5b5 related: 0
2026-09-14 18:19:36.541 Df PeachCommander[26776:15aea] [com.apple.AppKit:AutomaticTermination] void _NSEnableAutomaticTerminationAndLog(NSString *) No windows open yet
2026-09-14 18:19:36.542 I  PeachCommander[26776:15aea] [com.apple.AppKit:Intelligence] starting collection observation
2026-09-14 18:19:36.542 Df PeachCommander[26776:15af5] [com.apple.UIIntelligenceSupport:xpc] establishing connection to agent
2026-09-14 18:19:36.542 Df PeachCommander[26776:15af5] [com.apple.xpc:session] [0x713cf1130] Session created.
2026-09-14 18:19:36.542 Df PeachCommander[26776:15af5] [com.apple.xpc:session] [0x713cf1130] Session created from connection [0x712a22300]
2026-09-14 18:19:36.542 Df PeachCommander[26776:15af5] [com.apple.xpc:connection] [0x712a22300] activating connection: mach=true listener=false peer=false name=com.apple.uiintelligencesupport.agent
2026-09-14 18:19:36.542 Df PeachCommander[26776:15af5] [com.apple.xpc:session] [0x713cf1130] Session activated
2026-09-14 18:19:36.542 I  PeachCommander[26776:15aea] [com.apple.SkyLight:processes] 0[outside of RPC]: SLSSetFrontProcessWithInfo(0x0-0x2 window=0 options=0x1
2026-09-14 18:19:36.542 Df PeachCommander[26776:15af1] [com.apple.UIIntelligenceSupport:xpc] Connection established with agent PID: 1211
2026-09-14 18:19:36.542 I  PeachCommander[26776:15aea] [com.apple.launchservices:cas] information in shared memory for 0x0-0x16b16b with seed 535 was still valid, so using cached info { "ApplicationType"="Foreground", "BuildMachineOSBuild"="25E246", "BundleIdentifierLowerCase"="com.peachcommander.app", "CFBundleDevelopmentRegion"="en", "CFBundleDocumentTypes"=( { "CFBundleTypeName"="Peach Commander Plugin Package", "CFBundleTypeRole"="Viewer", "LSHandlerRank"="Owner", "LSItemContentTypes"=( "com.peachcommander.plugin-package") }), "CFBundleExecutable"="PeachCommander", "CFBundleExecutablePath"="/Users/admin/pc-test/PeachCommander.app/Contents/MacOS/PeachCommander", "CFBundleExecutablePathDeviceID"=16777229, "CFBundleExecutablePathINode"=487524, "CFBundleHelpBookFolder"="PeachCommander.help", "CFBundleHelpBookName"="Peach Commander Help", "CFBundleIconFile"="AppIcon", "CFBundleIconName"="AppIcon", "CFBundleIdentifier"="com.peachcommander.app", "CFBundleInfoDictionaryVersion"="6.0", "CFBundleName"="PeachCommander", "CFBundleNameLowerCase"="peachcommander", "CFBundleNumericVersion"=402685952, "CFBundlePackageType"="APPL", "CFBundleShortVersionString"="0.9.0", "CFBun<…>
2026-09-14 18:19:36.543 Df PeachCommander[26776:15aea] [com.apple.xpc:connection] [0x712a22440] activating connection: mach=true listener=false peer=false name=com.apple.FileCoordination
2026-09-14 18:19:36.543 Df PeachCommander[26776:15af5] [com.apple.foundation.filecoordination:presenter] Adding presenter 1A76F43C-5103-47BD-A67A-0C5906B23EB4 for URL: <private>
2026-09-14 18:19:36.543 I  PeachCommander[26776:15aea] [com.apple.launchservices:cas] information in shared memory for 0x0-0x16b16b with seed 535 was still valid, so using cached info { "ApplicationType"="Foreground", "BuildMachineOSBuild"="25E246", "BundleIdentifierLowerCase"="com.peachcommander.app", "CFBundleDevelopmentRegion"="en", "CFBundleDocumentTypes"=( { "CFBundleTypeName"="Peach Commander Plugin Package", "CFBundleTypeRole"="Viewer", "LSHandlerRank"="Owner", "LSItemContentTypes"=( "com.peachcommander.plugin-package") }), "CFBundleExecutable"="PeachCommander", "CFBundleExecutablePath"="/Users/admin/pc-test/PeachCommander.app/Contents/MacOS/PeachCommander", "CFBundleExecutablePathDeviceID"=16777229, "CFBundleExecutablePathINode"=487524, "CFBundleHelpBookFolder"="PeachCommander.help", "CFBundleHelpBookName"="Peach Commander Help", "CFBundleIconFile"="AppIcon", "CFBundleIconName"="AppIcon", "CFBundleIdentifier"="com.peachcommander.app", "CFBundleInfoDictionaryVersion"="6.0", "CFBundleName"="PeachCommander", "CFBundleNameLowerCase"="peachcommander", "CFBundleNumericVersion"=402685952, "CFBundlePackageType"="APPL", "CFBundleShortVersionString"="0.9.0", "CFBun<…>
2026-09-14 18:19:36.546 I  PeachCommander[26776:15aea] [com.apple.AppKit:Window] order all windows front 1881558291541
2026-09-14 18:19:36.546 I  PeachCommander[26776:15aea] [com.apple.launchservices:cas] information in shared memory for 0x0-0x16b16b with seed 535 was still valid, so using cached info { "ApplicationType"="Foreground", "BuildMachineOSBuild"="25E246", "BundleIdentifierLowerCase"="com.peachcommander.app", "CFBundleDevelopmentRegion"="en", "CFBundleDocumentTypes"=( { "CFBundleTypeName"="Peach Commander Plugin Package", "CFBundleTypeRole"="Viewer", "LSHandlerRank"="Owner", "LSItemContentTypes"=( "com.peachcommander.plugin-package") }), "CFBundleExecutable"="PeachCommander", "CFBundleExecutablePath"="/Users/admin/pc-test/PeachCommander.app/Contents/MacOS/PeachCommander", "CFBundleExecutablePathDeviceID"=16777229, "CFBundleExecutablePathINode"=487524, "CFBundleHelpBookFolder"="PeachCommander.help", "CFBundleHelpBookName"="Peach Commander Help", "CFBundleIconFile"="AppIcon", "CFBundleIconName"="AppIcon", "CFBundleIdentifier"="com.peachcommander.app", "CFBundleInfoDictionaryVersion"="6.0", "CFBundleName"="PeachCommander", "CFBundleNameLowerCase"="peachcommander", "CFBundleNumericVersion"=402685952, "CFBundlePackageType"="APPL", "CFBundleShortVersionString"="0.9.0", "CFBun<…>
2026-09-14 18:19:36.546 I  PeachCommander[26776:15aea] [com.apple.showhide:pr-59900543] SHOWHIDE: CONFIRM, id=604, err=0
2026-09-14 18:19:36.546 I  PeachCommander[26776:15aea] [com.apple.AppKit:Window] context (0 -> a1cb052e) for window 5b4
2026-09-14 18:19:36.546 I  PeachCommander[26776:15aea] [com.apple.AppKit:Window] context (0 -> 143f4b74) for window 5b3
2026-09-14 18:19:36.546 I  PeachCommander[26776:15aea] [com.apple.AppKit:Window] context (0 -> d1feab88) for window 5b2
2026-09-14 18:19:36.546 I  PeachCommander[26776:15aea] [com.apple.AppKit:Window] context (0 -> 156efe9d) for window 5b1
2026-09-14 18:19:36.570 Df PeachCommander[26776:15aea] [com.apple.AppKit:AutomaticTermination] void _updateToReflectAutomaticTerminationState(void) Setting _kLSApplicationWouldBeTerminatedByTALKey=0
2026-09-14 18:19:36.571 I  PeachCommander[26776:15aea] [com.apple.runningboard:assertion] Acquiring assertion: <RBSAssertionDescriptor| "AppNap adapter assertion" ID:(null) target:26776>
2026-09-14 18:19:36.604 A  PeachCommander[26776:15afd] (RunningBoardServices) didChangeInheritances
2026-09-14 18:19:36.632 Df PeachCommander[26776:15aea] [com.apple.libsystem.libdispatch:] DEPRECATED USE in libdispatch client: dispatch source activated with no event handler set; set a breakpoint on _dispatch_bug_deprecated to debug
2026-09-14 18:19:36.722 I  PeachCommander[26776:15aea] [com.apple.coreanimation:Utilities] IOSurface Compression Enabled: NO
2026-09-14 18:19:36.723 Df PeachCommander[26776:15af5] [com.apple.coreanimation:Metal] Precompiled pipelines disabled on unsupported hardware.
2026-09-14 18:19:36.735 I  PeachCommander[26776:15aea] [com.apple.CarbonCore:gestalt] SetGestaltValuesBulk SetGestaltValuesBulk( count=22 tuples=0x18b4fe650
2026-09-14 18:19:36.735 I  PeachCommander[26776:15aea] [com.apple.CarbonCore:gestalt] SetGestaltValue SetGestaltValue(alis 1C9) => 0
2026-09-14 18:19:36.735 I  PeachCommander[26776:15aea] [com.apple.CarbonCore:gestalt] SetGestaltValue SetGestaltValue(os   FE) => 0
2026-09-14 18:19:36.735 I  PeachCommander[26776:15aea] [com.apple.CarbonCore:gestalt] SetGestaltValue SetGestaltValue(addr 7) => 0
2026-09-14 18:19:36.735 I  PeachCommander[26776:15aea] [com.apple.CarbonCore:gestalt] SetGestaltValue SetGestaltValue(fs   3D332) => 0
2026-09-14 18:19:36.735 I  PeachCommander[26776:15aea] [com.apple.CarbonCore:gestalt] SetGestaltValue SetGestaltValue(fold 11) => 0
2026-09-14 18:19:36.735 I  PeachCommander[26776:15aea] [com.apple.CarbonCore:gestalt] SetGestaltValue SetGestaltValue(lram 7FFFF000) => 0
2026-09-14 18:19:36.735 I  PeachCommander[26776:15aea] [com.apple.CarbonCore:gestalt] SetGestaltValue SetGestaltValue(mmap 1) => 0
2026-09-14 18:19:36.735 I  PeachCommander[26776:15aea] [com.apple.CarbonCore:gestalt] SetGestaltValue SetGestaltValue(cfrg 1) => 0
2026-09-14 18:19:36.735 I  PeachCommander[26776:15aea] [com.apple.CarbonCore:gestalt] SetGestaltValue SetGestaltValue(thds 7) => 0
2026-09-14 18:19:36.735 I  PeachCommander[26776:15aea] [com.apple.CarbonCore:gestalt] SetGestaltValue SetGestaltValue(tmgr E) => 0
2026-09-14 18:19:36.735 I  PeachCommander[26776:15aea] [com.apple.CarbonCore:gestalt] SetGestaltValue SetGestaltValue(vers 7) => 0
2026-09-14 18:19:36.735 I  PeachCommander[26776:15aea] [com.apple.CarbonCore:gestalt] SetGestaltValue SetGestaltValue(cbon 160) => 0
2026-09-14 18:19:36.735 I  PeachCommander[26776:15aea] [com.apple.CarbonCore:gestalt] SetGestaltValue SetGestaltValue(cltn 1108000) => 0
2026-09-14 18:19:36.735 I  PeachCommander[26776:15aea] [com.apple.CarbonCore:gestalt] SetGestaltValue SetGestaltValue(cpnt 8) => 0
2026-09-14 18:19:36.735 I  PeachCommander[26776:15aea] [com.apple.CarbonCore:gestalt] SetGestaltValue SetGestaltValue(rsrc 3) => 0
2026-09-14 18:19:36.735 I  PeachCommander[26776:15aea] [com.apple.CarbonCore:gestalt] SetGestaltValue SetGestaltValue(rmbg 11F) => 0
2026-09-14 18:19:36.735 I  PeachCommander[26776:15aea] [com.apple.CarbonCore:gestalt] SetGestaltValue SetGestaltValue(vm   11) => 0
2026-09-14 18:19:36.735 I  PeachCommander[26776:15aea] [com.apple.CarbonCore:gestalt] SetGestaltValue SetGestaltValue(srad 4170706C) => 0
2026-09-14 18:19:36.735 I  PeachCommander[26776:15aea] [com.apple.CarbonCore:gestalt] SetGestaltValue SetGestaltValue(sysa 14) => 0
2026-09-14 18:19:36.735 I  PeachCommander[26776:15aea] [com.apple.CarbonCore:gestalt] SetGestaltValue SetGestaltValue(copl 9) => 0
2026-09-14 18:19:36.735 I  PeachCommander[26776:15aea] [com.apple.CarbonCore:gestalt] SetGestaltValue SetGestaltValue(xlat 0) => 0
2026-09-14 18:19:36.735 I  PeachCommander[26776:15aea] [com.apple.CarbonCore:gestalt] SetGestaltValue SetGestaltValue(stdf 0) => 0
2026-09-14 18:19:36.735 I  PeachCommander[26776:15aea] [com.apple.CarbonCore:gestalt] _NewGestalt _NewGestalt(ram  0x18b477644) => 0
2026-09-14 18:19:36.735 I  PeachCommander[26776:15aea] [com.apple.CarbonCore:gestalt] _NewGestalt _NewGestalt(ramm 0x18b477644) => 0
2026-09-14 18:19:36.735 I  PeachCommander[26776:15aea] [com.apple.CarbonCore:gestalt] _NewGestalt _NewGestalt(cput 0x18b477734) => 0
2026-09-14 18:19:36.735 I  PeachCommander[26776:15aea] [com.apple.CarbonCore:gestalt] _NewGestalt _NewGestalt(cpuf 0x18b477764) => 0
2026-09-14 18:19:36.735 I  PeachCommander[26776:15aea] [com.apple.CarbonCore:gestalt] _NewGestalt _NewGestalt(bclk 0x18b477794) => 0
2026-09-14 18:19:36.735 I  PeachCommander[26776:15aea] [com.apple.CarbonCore:gestalt] _NewGestalt _NewGestalt(bclm 0x18b477794) => 0
2026-09-14 18:19:36.735 I  PeachCommander[26776:15aea] [com.apple.CarbonCore:gestalt] _NewGestalt _NewGestalt(pclk 0x18b477834) => 0
2026-09-14 18:19:36.735 I  PeachCommander[26776:15aea] [com.apple.CarbonCore:gestalt] _NewGestalt _NewGestalt(mclk 0x18b477834) => 0
2026-09-14 18:19:36.735 I  PeachCommander[26776:15aea] [com.apple.CarbonCore:gestalt] _NewGestalt _NewGestalt(a/ux 0x18b47794c) => 0
2026-09-14 18:19:36.735 I  PeachCommander[26776:15aea] [com.apple.CarbonCore:gestalt] _NewGestalt _NewGestalt(pgsz 0x18b477954) => 0
2026-09-14 18:19:36.735 I  PeachCommander[26776:15aea] [com.apple.CarbonCore:gestalt] _NewGestalt _NewGestalt(csiz 0x18b477994) => 0
2026-09-14 18:19:36.735 I  PeachCommander[26776:15aea] [com.apple.CarbonCore:gestalt] _NewGestalt _NewGestalt(sysv 0x18b422dfc) => 0
2026-09-14 18:19:36.735 I  PeachCommander[26776:15aea] [com.apple.CarbonCore:gestalt] _NewGestalt _NewGestalt(sys1 0x18b422dfc) => 0
2026-09-14 18:19:36.735 I  PeachCommander[26776:15aea] [com.apple.CarbonCore:gestalt] _NewGestalt _NewGestalt(sys2 0x18b422dfc) => 0
2026-09-14 18:19:36.735 I  PeachCommander[26776:15aea] [com.apple.CarbonCore:gestalt] _NewGestalt _NewGestalt(sys3 0x18b422dfc) => 0
2026-09-14 18:19:36.735 I  PeachCommander[26776:15aea] [com.apple.CarbonCore:gestalt] _NewGestalt _NewGestalt(cdfl 0x18b4779d4) => 0
2026-09-14 18:19:36.735 I  PeachCommander[26776:15aea] [com.apple.CarbonCore:gestalt] _NewGestalt _NewGestalt(cdrm 0x18b477c30) => 0
2026-09-14 18:19:36.735 I  PeachCommander[26776:15aea] [com.apple.CarbonCore:gestalt] _NewGestalt _NewGestalt(cpus 0x18b477c78) => 0
2026-09-14 18:19:36.735 I  PeachCommander[26776:15aea] [com.apple.CarbonCore:gestalt] SetGestaltValue SetGestaltValue(swex 1) => 0
2026-09-14 18:19:36.735 Df PeachCommander[26776:15aea] [com.apple.xpc:connection] [0x712a23980] activating connection: mach=false listener=false peer=false name=com.apple.hiservices-xpcservice
2026-09-14 18:19:36.736 I  PeachCommander[26776:15aea] [com.apple.CFPasteboard:entry] CopyData('ApplePerContextInputPasteboard' (<CFUUID 0x71241c2a0> 2E52F256-7B75-436D-B041-C4D221A21DAB) gen: -1 item: 1264739405 flavor: 'ApplePerContextInputFlavor')
2026-09-14 18:19:36.736 I  PeachCommander[26776:15aea] [com.apple.CFPasteboard:cache] Rebuilding cache for 'ApplePerContextInputPasteboard' (<CFUUID 0x71241c2a0> 2E52F256-7B75-436D-B041-C4D221A21DAB)
2026-09-14 18:19:36.736 I  PeachCommander[26776:15aea] [com.apple.CFPasteboard:general] Will request data from daemon
2026-09-14 18:19:36.736 I  PeachCommander[26776:15aea] [com.apple.CFPasteboard:exit] (not-in-cache) - result: 0 generation: 1 data (182 bytes) flags: 0
2026-09-14 18:19:36.736 I  PeachCommander[26776:15aea] [com.apple.CFPasteboard:entry] CopyData('DefaultAsciiKeyboardLayoutPasteboard' (<CFUUID 0x712c7ba20> D93C919E-644C-4804-BEBF-85E746F2ADB2) gen: -1 item: 1264739405 flavor: 'DefaultAsciiKeyboardLayoutFlavor')
2026-09-14 18:19:36.736 I  PeachCommander[26776:15aea] [com.apple.CFPasteboard:exit] (not-in-cache) - result: -8 generation: 0 null data flags: 0
2026-09-14 18:19:36.738 I  PeachCommander[26776:15aea] [com.apple.AppKit:Window] context (0 -> 96f64f4a) for window 5b6
2026-09-14 18:19:36.739 Df PeachCommander[26776:15aea] [com.apple.inputmethodkitClient:Client] +[IMKClient subclass]: chose IMKClient_Modern
2026-09-14 18:19:36.739 Df PeachCommander[26776:15aea] [com.apple.BoardServices:XPCErrors] [C:2] Alloc com.apple.backboard.hid-services.xpc
2026-09-14 18:19:36.739 Df PeachCommander[26776:15aea] [com.apple.xpc:connection] [0x712a23ac0] activating connection: mach=false listener=false peer=false name=(anonymous)
2026-09-14 18:19:36.739 Df PeachCommander[26776:15afd] [com.apple.xpc:connection] [0x712a22940] activating connection: mach=false listener=false peer=false name=com.apple.TextInputUI.xpc.CursorUIViewService
2026-09-14 18:19:36.739 E  PeachCommander[26776:15af6] [com.apple.BaseBoard:Common] Unable to obtain a task name port right for pid 165: (os/kern) failure (0x5)
2026-09-14 18:19:36.739 Df PeachCommander[26776:15afd] [com.apple.xpc:connection] [0x712a22940] invalidated after the last release of the connection object
2026-09-14 18:19:36.740 I  PeachCommander[26776:15aea] [com.apple.CFPasteboard:entry] CopyData('DefaultAsciiKeyboardLayoutPasteboard' (<CFUUID 0x712c7ba20> D93C919E-644C-4804-BEBF-85E746F2ADB2) gen: -1 item: 1264739405 flavor: 'DefaultAsciiKeyboardLayoutFlavor')
2026-09-14 18:19:36.740 I  PeachCommander[26776:15aea] [com.apple.CFPasteboard:exit] (not-in-cache) - result: -8 generation: 0 null data flags: 0
2026-09-14 18:19:36.740 Df PeachCommander[26776:15aea] [com.apple.xpc:connection] [0x712a226c0] activating connection: mach=false listener=false peer=false name=(anonymous)
2026-09-14 18:19:36.740 Df PeachCommander[26776:15aea] [com.apple.xpc:connection] [0x712a22940] activating connection: mach=false listener=false peer=false name=com.apple.ViewBridgeAuxiliary
2026-09-14 18:19:36.740 Df PeachCommander[26776:15aea] [com.apple.xpc:connection] [0x712a22580] activating connection: mach=false listener=false peer=false name=(anonymous)
2026-09-14 18:19:36.740 Df PeachCommander[26776:15aea] [com.apple.xpc:connection] [0x712a22940] invalidated after the last release of the connection object
2026-09-14 18:19:36.758 Df PeachCommander[26776:15aea] [com.apple.TextInputUI:CursorUI] -[TUINSCursorUIController activate:]_block_invoke: Create CursorUIViewService: TUINSRemoteViewController
2026-09-14 18:19:36.758 I  PeachCommander[26776:15aea] [com.apple.AppKit:Window] window <TUINSWindow: 0x71441ca00> windowNumber=5b6 finishing close
2026-09-14 18:19:36.759 I  PeachCommander[26776:15aea] [com.apple.AppKit:Window] order window: 5b6 op: 0 relative: 0 related: 0
2026-09-14 18:19:36.760 A  PeachCommander[26776:15af1] (CoreFoundation) Loading Preferences From System CFPrefsD
2026-09-14 18:19:36.840 Df PeachCommander[26776:15aea] [com.apple.BoardServices:XPCErrors] [C:3] Alloc com.apple.backboard.hid-services.xpc
2026-09-14 18:19:36.840 Df PeachCommander[26776:15aea] [com.apple.xpc:connection] [0x712a22080] activating connection: mach=false listener=false peer=false name=(anonymous)
2026-09-14 18:19:36.840 Df PeachCommander[26776:15af1] [com.apple.BackBoard:EventDelivery] BKSHIDEventDeliveryManager - connection activation
2026-09-14 18:19:36.852 I  PeachCommander[26776:15aea] [com.apple.iconservices:foundation] layer data size zero
2026-09-14 18:19:36.853 A  PeachCommander[26776:15aea] (CoreFoundation) Loading Preferences From User CFPrefsD
2026-09-14 18:19:36.853 I  PeachCommander[26776:15aea] [com.apple.CoreAnalytics:client] Dropping "com.apple.ImageIO.readerSelection" as it isn't used in any transform (not in the config or budgeted?)
2026-09-14 18:19:36.870 I  PeachCommander[26776:15aea] [com.peachcommander:PCFoundation] Session restored
2026-09-14 18:19:36.870 Df PeachCommander[26776:15aea] (Foundation) <private>
2026-09-14 18:19:36.870 I  PeachCommander[26776:15aea] [com.peachcommander:PCFoundation] [automation] running /Users/admin/auto.txt
2026-09-14 18:19:36.870 Df PeachCommander[26776:15aea] (Foundation) <private>
2026-09-14 18:19:36.870 I  PeachCommander[26776:15aea] [com.peachcommander:PCFoundation] [automation] > active left
2026-09-14 18:19:36.871 Df PeachCommander[26776:15aea] (Foundation) <private>
2026-09-14 18:19:36.871 I  PeachCommander[26776:15aea] [com.peachcommander:PCFoundation] [automation] > left /Users/admin/pc-demo
2026-09-14 18:19:36.943 I  PeachCommander[26776:15aea] [com.apple.CoreAnalytics:client] Dropping "com.apple.appkit.app_config" as it isn't used in any transform (not in the config or budgeted?)
2026-09-14 18:19:36.944 I  PeachCommander[26776:15aea] [com.apple.launchservices:datasep] application record search init. Node: <FSNode 0x711d80ce0> { isDir = y, path = <private> } bundleID: (null) itemID: 0
2026-09-14 18:19:36.944 I  PeachCommander[26776:15aea] [com.apple.launchservices:datasep] application record search init. Node: <FSNode 0x711d80ce0> { isDir = y, path = <private> } bundleID: (null) itemID: 0
2026-09-14 18:19:36.944 I  PeachCommander[26776:15aea] [com.apple.SafariPlatformSupport:SafariPlatformSupport] -[SFSafariPlatformSupport credentialSelected:] with nil credential
2026-09-14 18:19:36.944 I  PeachCommander[26776:15aea] [com.apple.SafariPlatformSupport:SafariPlatformSupport] -[SFSafariPlatformSupport oneTimeCodeSelected:] with nil code
2026-09-14 18:19:36.977 I  PeachCommander[26776:15b8e] [com.apple.AppKit:WindowTab] Indexing 1 items
2026-09-14 18:19:36.977 A  PeachCommander[26776:15b8e] (CoreSpotlight) end-index-batch
2026-09-14 18:19:36.977 Df PeachCommander[26776:15b8e] [com.apple.corespotlight:index] *warn* MailCS ======%%% _setMailMessageAttributes skip:1
2026-09-14 18:19:36.977 A  PeachCommander[26776:15b8e] (CoreSpotlight) index-items
2026-09-14 18:19:36.977 Df PeachCommander[26776:15b8e] [com.apple.corespotlight:index] CSInlineDonation:<private>: Skipping donation (feature flag disabled)
2026-09-14 18:19:36.977 Df PeachCommander[26776:15b8e] [com.apple.corespotlight:index] CSInlineDonation:<private>: Skipping donation (feature flag disabled)
2026-09-14 18:19:37.085 I  PeachCommander[26776:15aea] [com.apple.HIToolbox:MBDisplays] <private>
2026-09-14 18:19:37.085 I  PeachCommander[26776:15aea] [com.apple.HIToolbox:MBDisplays] <private>
2026-09-14 18:19:37.350 Df PeachCommander[26776:15af6] [com.apple.xpc:connection] [0x712a221c0] activating connection: mach=false listener=false peer=false name=com.apple.SafariPlatformSupport.Helper
2026-09-14 18:19:37.372 Df PeachCommander[26776:15aea] (Foundation) <private>
2026-09-14 18:19:37.372 I  PeachCommander[26776:15aea] [com.peachcommander:PCFoundation] [automation] > wait 1200
2026-09-14 18:19:37.394 I  PeachCommander[26776:15aea] [com.apple.iconservices:foundation] layer data size zero
2026-09-14 18:19:37.413 Df PeachCommander[26776:15af6] [com.apple.xpc:connection] [0x712a221c0] invalidated after the last release of the connection object
2026-09-14 18:19:37.434 I  PeachCommander[26776:15aea] [com.apple.launchservices:cas] Removing cached information for app [ 0x0-0x16b16b]  "PeachCommander", as its seed is different from that in shared memory ( 535 vs 537)
2026-09-14 18:19:37.434 Df PeachCommander[26776:15aea] [com.apple.xpc:connection] [0x712a21cc0] activating connection: mach=false listener=false peer=false name=(anonymous)
2026-09-14 18:19:37.434 Df PeachCommander[26776:15aea] [com.apple.xpc:connection] [0x712a221c0] activating connection: mach=false listener=false peer=false name=(anonymous)
2026-09-14 18:19:37.434 I  PeachCommander[26776:15aea] [com.apple.iconservices:foundation] layer data size zero
2026-09-14 18:19:37.435 I  PeachCommander[26776:15aea] [com.apple.iconservices:foundation] layer data size zero
2026-09-14 18:19:37.435 I  PeachCommander[26776:15aea] [com.apple.iconservices:foundation] layer data size zero
2026-09-14 18:19:37.734 I  PeachCommander[26776:15aea] [com.apple.SafariPlatformSupport:SafariPlatformSupport] -[SPSafariPlatformSupport completionListPreferredContentSizeDidUpdate] with size {0, 0}, in window that is visible
2026-09-14 18:19:37.844 I  PeachCommander[26776:15af6] [com.apple.AppKit:WindowTab] Indexing 1 items
2026-09-14 18:19:37.844 A  PeachCommander[26776:15af6] (CoreSpotlight) end-index-batch
2026-09-14 18:19:37.844 A  PeachCommander[26776:15af6] (CoreSpotlight) index-items
2026-09-14 18:19:37.844 Df PeachCommander[26776:15af6] [com.apple.corespotlight:index] CSInlineDonation:<private>: Skipping donation (feature flag disabled)
2026-09-14 18:19:37.844 Df PeachCommander[26776:15af6] [com.apple.corespotlight:index] CSInlineDonation:<private>: Skipping donation (feature flag disabled)
2026-09-14 18:19:38.657 Df PeachCommander[26776:15aea] (Foundation) <private>
2026-09-14 18:19:38.657 I  PeachCommander[26776:15aea] [com.peachcommander:PCFoundation] [automation] > sharedtree on
2026-09-14 18:19:38.674 Df PeachCommander[26776:15aea] (Foundation) <private>
2026-09-14 18:19:38.674 I  PeachCommander[26776:15aea] [com.peachcommander:PCFoundation] [automation] > wait 1500
2026-09-14 18:19:38.686 E  PeachCommander[26776:15aea] [com.apple.CarbonCore:FileIDMap] FileIDTreeGetVRefNumForDevice(1095760992) returned -36
2026-09-14 18:19:38.686 I  PeachCommander[26776:15aea] [com.apple.iconservices:foundation] layer data size zero
2026-09-14 18:19:38.689 I  PeachCommander[26776:15aea] [com.apple.AppKit:Image] ISImage reported a placeholder, image rep is providing a placeholder image for <private>
2026-09-14 18:19:38.689 I  PeachCommander[26776:15aea] [com.apple.AppKit:Image] ISImage reported a placeholder, image rep is providing a placeholder image for <private>
2026-09-14 18:19:38.690 I  PeachCommander[26776:15aea] [com.apple.AppKit:Image] ISImage reported a placeholder, image rep is providing a placeholder image for <private>
2026-09-14 18:19:38.690 I  PeachCommander[26776:15aea] [com.apple.AppKit:Image] ISImage reported a placeholder, image rep is providing a placeholder image for <private>
2026-09-14 18:19:38.691 I  PeachCommander[26776:15aea] [com.apple.AppKit:Image] ISImage reported a placeholder, image rep is providing a placeholder image for <private>
2026-09-14 18:19:38.691 I  PeachCommander[26776:15aea] [com.apple.AppKit:Image] ISImage reported a placeholder, image rep is providing a placeholder image for <private>
2026-09-14 18:19:38.692 I  PeachCommander[26776:15aea] [com.apple.AppKit:Image] ISImage reported a placeholder, image rep is providing a placeholder image for <private>
2026-09-14 18:19:38.692 I  PeachCommander[26776:15aea] [com.apple.AppKit:Image] ISImage reported a placeholder, image rep is providing a placeholder image for <private>
2026-09-14 18:19:38.693 I  PeachCommander[26776:15aea] [com.apple.AppKit:Image] ISImage reported a placeholder, image rep is providing a placeholder image for <private>
2026-09-14 18:19:38.693 I  PeachCommander[26776:15aea] [com.apple.AppKit:Image] ISImage reported a placeholder, image rep is providing a placeholder image for <private>
2026-09-14 18:19:38.693 I  PeachCommander[26776:15aea] [com.apple.AppKit:Image] ISImage reported a placeholder, image rep is providing a placeholder image for <private>
2026-09-14 18:19:38.694 I  PeachCommander[26776:15aea] [com.apple.AppKit:Image] ISImage reported a placeholder, image rep is providing a placeholder image for <private>
2026-09-14 18:19:38.694 I  PeachCommander[26776:15aea] [com.apple.AppKit:Image] ISImage reported a placeholder, image rep is providing a placeholder image for <private>
2026-09-14 18:19:38.694 I  PeachCommander[26776:15aea] [com.apple.AppKit:Image] ISImage reported a placeholder, image rep is providing a placeholder image for <private>
2026-09-14 18:19:38.695 I  PeachCommander[26776:15aea] [com.apple.AppKit:Image] ISImage reported a placeholder, image rep is providing a placeholder image for <private>
2026-09-14 18:19:38.695 I  PeachCommander[26776:15aea] [com.apple.AppKit:Image] ISImage reported a placeholder, image rep is providing a placeholder image for <private>
2026-09-14 18:19:38.702 I  PeachCommander[26776:15aea] [com.apple.AppKit:Image] ISImage reported a placeholder, image rep is providing a placeholder image for <private>
2026-09-14 18:19:38.702 I  PeachCommander[26776:15aea] [com.apple.AppKit:Image] ISImage reported a placeholder, image rep is providing a placeholder image for <private>
2026-09-14 18:19:38.703 I  PeachCommander[26776:15aea] [com.apple.AppKit:Image] ISImage reported a placeholder, image rep is providing a placeholder image for <private>
2026-09-14 18:19:38.703 I  PeachCommander[26776:15aea] [com.apple.AppKit:Image] ISImage reported a placeholder, image rep is providing a placeholder image for <private>
2026-09-14 18:19:38.704 I  PeachCommander[26776:15aea] [com.apple.iconservices:foundation] layer data size zero
2026-09-14 18:19:38.705 I  PeachCommander[26776:15aea] [com.apple.iconservices:foundation] layer data size zero
2026-09-14 18:19:38.707 I  PeachCommander[26776:15aea] [com.apple.AppKit:Image] ISImage reported a placeholder, image rep is providing a placeholder image for <private>
2026-09-14 18:19:38.708 I  PeachCommander[26776:15aea] [com.apple.iconservices:foundation] layer data size zero
2026-09-14 18:19:38.708 I  PeachCommander[26776:15aea] [com.apple.iconservices:foundation] layer data size zero
2026-09-14 18:19:38.708 I  PeachCommander[26776:15aea] [com.apple.AppKit:Image] ISImage reported a placeholder, image rep is providing a placeholder image for <private>
2026-09-14 18:19:38.709 I  PeachCommander[26776:15aea] [com.apple.AppKit:Image] ISImage reported a placeholder, image rep is providing a placeholder image for <private>
2026-09-14 18:19:38.710 I  PeachCommander[26776:15aea] [com.apple.AppKit:Image] ISImage reported a placeholder, image rep is providing a placeholder image for <private>
2026-09-14 18:19:38.710 I  PeachCommander[26776:15aea] [com.apple.AppKit:Image] ISImage reported a placeholder, image rep is providing a placeholder image for <private>
2026-09-14 18:19:38.762 I  PeachCommander[26776:15b8e] [com.apple.iconservices:foundation] layer data size zero
2026-09-14 18:19:38.762 I  PeachCommander[26776:15af6] [com.apple.iconservices:foundation] layer data size zero
2026-09-14 18:19:38.806 I  PeachCommander[26776:15af1] [com.apple.iconservices:foundation] layer data size zero
2026-09-14 18:19:38.862 I  PeachCommander[26776:15b8f] [com.apple.iconservices:foundation] layer data size zero
2026-09-14 18:19:38.863 I  PeachCommander[26776:15af5] [com.apple.iconservices:foundation] layer data size zero
2026-09-14 18:19:38.906 I  PeachCommander[26776:15af0] [com.apple.iconservices:foundation] layer data size zero
2026-09-14 18:19:38.960 I  PeachCommander[26776:15b8c] [com.apple.iconservices:foundation] layer data size zero
2026-09-14 18:19:38.960 I  PeachCommander[26776:15afd] [com.apple.iconservices:foundation] layer data size zero
2026-09-14 18:19:39.003 I  PeachCommander[26776:15afe] [com.apple.iconservices:foundation] layer data size zero
2026-09-14 18:19:39.057 I  PeachCommander[26776:15be6] [com.apple.iconservices:foundation] layer data size zero
2026-09-14 18:19:39.057 I  PeachCommander[26776:15be7] [com.apple.iconservices:foundation] layer data size zero
2026-09-14 18:19:39.100 I  PeachCommander[26776:15be8] [com.apple.iconservices:foundation] layer data size zero
2026-09-14 18:19:39.157 I  PeachCommander[26776:15be9] [com.apple.iconservices:foundation] layer data size zero
2026-09-14 18:19:39.157 I  PeachCommander[26776:15bea] [com.apple.iconservices:foundation] layer data size zero
2026-09-14 18:19:39.201 I  PeachCommander[26776:15beb] [com.apple.iconservices:foundation] layer data size zero
2026-09-14 18:19:40.187 Df PeachCommander[26776:15aea] (Foundation) <private>
2026-09-14 18:19:40.187 I  PeachCommander[26776:15aea] [com.peachcommander:PCFoundation] [automation] > keyloop /Users/admin/keyloop-keys-tree.txt
2026-09-14 18:19:40.200 Df PeachCommander[26776:15aea] (Foundation) <private>
2026-09-14 18:19:40.201 Df PeachCommander[26776:15aea] (Foundation) <private>
2026-09-14 18:19:40.201 I  PeachCommander[26776:15aea] [com.peachcommander:PCFoundation] [automation] > wait 400
2026-09-14 18:19:40.628 Df PeachCommander[26776:15aea] (Foundation) <private>
2026-09-14 18:19:40.628 I  PeachCommander[26776:15aea] [com.peachcommander:PCFoundation] [automation] > panelsdump /Users/admin/keys-tree-done.txt
2026-09-14 18:19:40.629 Df PeachCommander[26776:15aea] (Foundation) <private>
2026-09-14 18:19:40.629 I  PeachCommander[26776:15aea] [com.peachcommander:PCFoundation] [automation] > wait 300
2026-09-14 18:19:40.952 Df PeachCommander[26776:15aea] (Foundation) <private>
2026-09-14 18:19:40.952 I  PeachCommander[26776:15aea] [com.peachcommander:PCFoundation] [automation] done
