Timestamp               Ty Process[PID:TID]
2026-09-14 14:43:10.536 A  PeachCommander[27235:15d1c] (libsystem_info.dylib) Retrieve User by ID
2026-09-14 14:43:10.536 Df PeachCommander[27235:15d1c] [com.apple.xpc:connection] [0x105ba65f0] activating connection: mach=true listener=false peer=false name=com.apple.cfprefsd.daemon
2026-09-14 14:43:10.536 Df PeachCommander[27235:15d1f] [com.apple.xpc:connection] [0x105ba6d20] activating connection: mach=true listener=false peer=false name=com.apple.cfprefsd.agent
2026-09-14 14:43:10.538 Df PeachCommander[27235:15d1c] [com.apple.xpc:connection] [0x105bacd40] activating connection: mach=true listener=false peer=false name=com.apple.coreservices.launchservicesd
2026-09-14 14:43:10.538 I  PeachCommander[27235:15d1c] [com.apple.launchservices:cas] Registering for notification <private> on default queue, to re-boostrap client connection.
2026-09-14 14:43:10.538 Df PeachCommander[27235:15d1c] [com.apple.xpc:connection] [0x799070000] activating connection: mach=true listener=false peer=false name=com.apple.pasteboard.1
2026-09-14 14:43:10.538 Df PeachCommander[27235:15d1c] [com.apple.xpc:connection] [0x799070140] activating connection: mach=true listener=false peer=false name=com.apple.distributed_notifications@Uv3
2026-09-14 14:43:10.540 Df PeachCommander[27235:15d1c] [com.apple.AppKit:AutomaticTermination] void _NSDisableAutomaticTerminationAndLog(NSString *) No windows open yet
2026-09-14 14:43:10.540 A  PeachCommander[27235:15d1c] (TCC) TCCAccessRequest() IPC
2026-09-14 14:43:10.540 Df PeachCommander[27235:15d1c] [com.apple.xpc:connection] [0x799070280] activating connection: mach=true listener=false peer=false name=com.apple.tccd.system
2026-09-14 14:43:10.540 I  PeachCommander[27235:15d1c] [com.apple.TCC:access] SEND: 0/7 synchronous to com.apple.tccd.system: request: msgID=27235.1, function=TCCAccessRequest, service=kTCCServiceListenEvent,
2026-09-14 14:43:10.541 I  PeachCommander[27235:15d1c] [com.apple.TCC:access] RECV: synchronous reply <dictionary: 0x798c58000> { count = 5, transaction: 0, voucher = 0x0, contents =
	"prompt_type" => <uint64: 0x841f031acb7649e7>: 1
	"auth_value" => <uint64: 0x841f031acb7649e7>: 1
	"preflight_unknown" => <bool: 0x1eec3d190>: true
	"auth_version" => <uint64: 0x841f031acb7649e7>: 1
	"auth_reason" => <uint64: 0x841f031acb7649c7>: 5
}
2026-09-14 14:43:10.541 Df PeachCommander[27235:15d1c] [com.apple.xpc:connection] [0x799070280] invalidated after the last release of the connection object
2026-09-14 14:43:10.541 Df PeachCommander[27235:15d1c] [com.apple.SkyLight:default] server port 0x00003813, session port 0x00003813
2026-09-14 14:43:10.543 Df PeachCommander[27235:15d1c] [com.apple.SkyLight:default] New connection 0x46ddf main
2026-09-14 14:43:10.543 I  PeachCommander[27235:15d1f] [com.apple.SkyLight:processes] 0[outside of RPC]: First connection id 290271 mapped to ctx = 0x105bb56f0
2026-09-14 14:43:10.544 I  PeachCommander[27235:15d1c] [com.apple.hiservices:processmgr] Checking in with CAS, pid=27235
2026-09-14 14:43:10.544 I  PeachCommander[27235:15d1c] [com.apple.launchservices:cas] LSApplicationCheckIn(), app being registered is:"/Users/admin/pc-test/PeachCommander.app/Contents/MacOS/PeachCommander"
2026-09-14 14:43:10.544 I  PeachCommander[27235:15d1c] [com.apple.launchservices:cas]  { "ApplicationType"="Foreground", "BuildMachineOSBuild"="25E246", "CFBundleDevelopmentRegion"="en", "CFBundleDocumentTypes"=( { "CFBundleTypeName"="Peach Commander Plugin Package", "CFBundleTypeRole"="Viewer", "LSHandlerRank"="Owner", "LSItemContentTypes"=( "com.peachcommander.plugin-package") }), "CFBundleExecutable"="PeachCommander", "CFBundleExecutablePath"="/Users/admin/pc-test/PeachCommander.app/Contents/MacOS/PeachCommander", "CFBundleHelpBookFolder"="PeachCommander.help", "CFBundleHelpBookName"="Peach Commander Help", "CFBundleIconFile"="AppIcon", "CFBundleIconName"="AppIcon", "CFBundleIdentifier"="com.peachcommander.app", "CFBundleInfoDictionaryVersion"="6.0", "CFBundleName"="PeachCommander", "CFBundleNumericVersion"=402685952, "CFBundlePackageType"="APPL", "CFBundleShortVersionString"="0.9.0", "CFBundleSignature"="?????", "CFBundleSupportedPlatforms"=( "MacOSX"), "CFBundleVersion"="18", "DTCompiler"="com.apple.compilers.llvm.clang.1_0", "DTPlatformBuild"="25F70", "DTPlatformName"="macosx", "<…>
2026-09-14 14:43:10.544 Df PeachCommander[27235:15d1c] [com.apple.processmanager:front-35286506] CHECKIN: pid=27235
2026-09-14 14:43:10.546 Df PeachCommander[27235:15d1c] [com.apple.processmanager:front-35286506] CHECKEDIN: pid=27235 asn=0x0-0x16d16d foreground=1
2026-09-14 14:43:10.546 I  PeachCommander[27235:15d1c] [com.apple.launchservices:cas] Setting processControlState to default PROC_SETPC_SUSPEND because application does not have LSProcessControlValue key
2026-09-14 14:43:10.546 Df PeachCommander[27235:15d1c] [com.apple.xpc:connection] [0x799070280] activating connection: mach=false listener=true peer=false name=(anonymous)
2026-09-14 14:43:10.546 Df PeachCommander[27235:15d1c] [com.apple.xpc:connection] [0x799070280] Connection returned listener port: 0x4203
2026-09-14 14:43:10.546 Df PeachCommander[27235:15d20] [com.apple.xpc:connection] [0x798cbc300] activating connection: mach=false listener=false peer=true name=com.apple.xpc.anonymous.0x799070280.peer[131].0x798cbc300
2026-09-14 14:43:10.546 Df PeachCommander[27235:15d1c] [com.apple.processmanager:front-35286506] FRONTLOGGING: version 1
2026-09-14 14:43:10.546 Df PeachCommander[27235:15d1c] [com.apple.processmanager:front-35286506] Registered, pid=27235 ASN=0x0,0x16d16d
2026-09-14 14:43:10.546 Df PeachCommander[27235:15d1c] [com.apple.xpc:connection] [0x7990703c0] activating connection: mach=true listener=false peer=false name=com.apple.analyticsd
2026-09-14 14:43:10.546 I  PeachCommander[27235:15d1c] [com.apple.CoreAnalytics:client] Daemon status changed from 0 to 1
2026-09-14 14:43:10.547 I  PeachCommander[27235:15d20] [com.apple.CarbonCore:coreservicesdaemon] SCSession():SCSession( id=100, this=0x0x105bac1a0 option=65538) created, forUID=501 mach_port_t=0x4f03.
2026-09-14 14:43:10.547 I  PeachCommander[27235:15d20] [com.apple.CarbonCore:coreservicesdaemon] SCSession():SCSession( id=101, this=0x0x105bac2e0 option=65538) created, forUID=501 mach_port_t=0x5003.
2026-09-14 14:43:10.547 I  PeachCommander[27235:15d20] [com.apple.CarbonCore:coreservicesdaemon] connectToCoreServicesD():Instantiating server (coreservicesd based) SCSession, port=0x4f03 serverOptions=0x10002.
2026-09-14 14:43:10.547 I  PeachCommander[27235:15d1c] [com.apple.hiservices:processmgr] _RegisterApplication( pid 27235 => 0x0,0x16d16d) type=foreground
2026-09-14 14:43:10.547 Df PeachCommander[27235:15d1c] [com.apple.xpc:connection] [0x799070280] Connection returned listener port: 0x4203
2026-09-14 14:43:10.547 Df PeachCommander[27235:15d21] [com.apple.CoreAnalytics:client] Received configuration update from daemon (initial)
2026-09-14 14:43:10.547 Df PeachCommander[27235:15d20] [com.apple.xpc:connection] [0x799070500] activating connection: mach=true listener=false peer=false name=com.apple.lsd.mapdb
2026-09-14 14:43:10.547 I  PeachCommander[27235:15d1c] [com.apple.launchservices:cas] CFArrayRef _LSCopyLaunchModifiers(LSSessionID, LSASNRef _Nonnull), result for psn [ kLSCurrentApp ASN, 0x0,0x2]  is 1 items.
2026-09-14 14:43:10.547 Df PeachCommander[27235:15d1c] [com.apple.processmanager:front-35286506] BringForward: pid=27235 asn=0x0-0x16d16d bringForward=1 foreground=1 uiElement=0 launchedByLS=1 modifiersCount=1 allDisabled=1
2026-09-14 14:43:10.547 Df PeachCommander[27235:15d1c] [com.apple.processmanager:front-35286506] BringFrontModifier: pid=27235 asn=0x0-0x16d16d Modifier 0 hideAfter=0 hideOthers=0 dontMakeFrontmost=0 mouseDown=0/0 seed=0/0
2026-09-14 14:43:10.547 Df PeachCommander[27235:15d1c] [com.apple.processmanager:front-35286506] BringForward: pid=27235 asn=0x0-0x16d16d
2026-09-14 14:43:10.547 Df PeachCommander[27235:15d1c] [com.apple.processmanager:front-35286506] SetFrontProcess: asn=0x0-0x16d16d options=0
2026-09-14 14:43:10.547 I  PeachCommander[27235:15d1c] [com.apple.SkyLight:processes] 0[outside of RPC]: SLPSetFrontProcess(0x0-0x16d16d window=0 options=0x0
2026-09-14 14:43:10.548 I  PeachCommander[27235:15d20] [com.apple.launchservices:db] LaunchServices database schema version: 20971544
2026-09-14 14:43:10.549 Df PeachCommander[27235:15d1c] [com.apple.AppKit:Appearance] Current system appearance, (HLTB: 1), (SLS: 0)
2026-09-14 14:43:10.549 Df PeachCommander[27235:15d1c] (libMobileGestalt.dylib) No persisted cache on this platform.
2026-09-14 14:43:10.550 I  PeachCommander[27235:15d21] [com.apple.launchservices:cas] information in shared memory for 0x0-0x16d16d with seed 533 was still valid, so using cached info { "ApplicationType"="Foreground", "BuildMachineOSBuild"="25E246", "BundleIdentifierLowerCase"="com.peachcommander.app", "CFBundleDevelopmentRegion"="en", "CFBundleDocumentTypes"=( { "CFBundleTypeName"="Peach Commander Plugin Package", "CFBundleTypeRole"="Viewer", "LSHandlerRank"="Owner", "LSItemContentTypes"=( "com.peachcommander.plugin-package") }), "CFBundleExecutable"="PeachCommander", "CFBundleExecutablePath"="/Users/admin/pc-test/PeachCommander.app/Contents/MacOS/PeachCommander", "CFBundleExecutablePathDeviceID"=16777227, "CFBundleExecutablePathINode"=488133, "CFBundleHelpBookFolder"="PeachCommander.help", "CFBundleHelpBookName"="Peach Commander Help", "CFBundleIconFile"="AppIcon", "CFBundleIconName"="AppIcon", "CFBundleIdentifier"="com.peachcommander.app", "CFBundleInfoDictionaryVersion"="6.0", "CFBundleName"="PeachCommander", "CFBundleNameLowerCase"="peachcommander", "CFBundleNumericVersion"=402685952, "CFBundlePackageType"="APPL", "CFBundleShortVersionString"="0.9.0", "CFBun<…>
2026-09-14 14:43:10.550 Df PeachCommander[27235:15d1c] (libMobileGestalt.dylib) Could not get size of EAN data (IOConnectCallScalarMethod kAppleNVMeEANGetSize returned 0xE00002E2)
2026-09-14 14:43:10.550 Df PeachCommander[27235:15d1c] (libMobileGestalt.dylib) Failed to copy 'aptk' from EAN
2026-09-14 14:43:10.550 Df PeachCommander[27235:15d1c] (libMobileGestalt.dylib) Failed to copy APTicket properties. Falling back to default policy.
2026-09-14 14:43:10.550 Df PeachCommander[27235:15d1c] (libMobileGestalt.dylib) Creating default MGSysConfigPolicy
2026-09-14 14:43:10.550 Df PeachCommander[27235:15d1c] (libMobileGestalt.dylib) CFDictionaryRef copySyscfgDictionary(void) enumeration of <private> failed.
2026-09-14 14:43:10.550 Df PeachCommander[27235:15d1c] (libMobileGestalt.dylib) Failed to find key <private>
2026-09-14 14:43:10.550 Df PeachCommander[27235:15d1c] [com.apple.AppKit:Appearance] Current system appearance, (HLTB: 1), (SLS: 0)
2026-09-14 14:43:10.551 Df PeachCommander[27235:15d1c] [com.apple.AppKit:Appearance] Post-registration system appearance: (HLTB: 1)
2026-09-14 14:43:10.552 I  PeachCommander[27235:15d20] [com.apple.launchservices:default] Unable to load Info.plist exceptions (eGPUOverrides)
2026-09-14 14:43:10.552 I  PeachCommander[27235:15d20] [com.apple.launchservices:default] Unable to load Info.plist exceptions (gameModeOverrides)
2026-09-14 14:43:10.552 I  PeachCommander[27235:15d20] [com.apple.launchservices:default] Unable to load Info.plist exceptions (identifiedGameOverrides)
2026-09-14 14:43:10.552 I  PeachCommander[27235:15d20] [com.apple.launchservices:default] Unable to load Info.plist exceptions (SystemHiddenPreferred)
2026-09-14 14:43:10.552 Df PeachCommander[27235:15d1c] [com.apple.FrontBoard:Common] FBSWorkspace: endpoint monitoring is disabled.
2026-09-14 14:43:10.552 Df PeachCommander[27235:15d1c] [com.apple.FrontBoard:Common] FBSWorkspace: default shell endpoint is disabled.
2026-09-14 14:43:10.552 Df PeachCommander[27235:15d1c] [com.apple.runningboard:connection] Initializing connection
2026-09-14 14:43:10.552 Df PeachCommander[27235:15d1c] [com.apple.runningboard:process] Removing all cached process handles
2026-09-14 14:43:10.552 Df PeachCommander[27235:15d1f] [com.apple.runningboard:connection] Sending handshake request attempt #1 to server
2026-09-14 14:43:10.552 Df PeachCommander[27235:15d1f] [com.apple.runningboard:connection] Creating connection to com.apple.runningboard
2026-09-14 14:43:10.552 Df PeachCommander[27235:15d1f] [com.apple.xpc:connection] [0x799070640] activating connection: mach=true listener=false peer=false name=com.apple.runningboard
2026-09-14 14:43:10.553 A  PeachCommander[27235:15d20] (RunningBoardServices) didChangeInheritances
2026-09-14 14:43:10.553 Df PeachCommander[27235:15d1f] [com.apple.runningboard:connection] Handshake succeeded
2026-09-14 14:43:10.553 Df PeachCommander[27235:15d1f] [com.apple.runningboard:connection] Identity resolved as app<application.com.peachcommander.app.487096.488133(501)>
2026-09-14 14:43:10.553 Df PeachCommander[27235:15d1c] [com.apple.xpc:connection] [0x799070280] Connection returned listener port: 0x4203
2026-09-14 14:43:10.553 I  PeachCommander[27235:15d1c] [com.apple.launchservices:cas] information in shared memory for 0x0-0x16d16d with seed 533 was still valid, so using cached info { "ApplicationType"="Foreground", "BuildMachineOSBuild"="25E246", "BundleIdentifierLowerCase"="com.peachcommander.app", "CFBundleDevelopmentRegion"="en", "CFBundleDocumentTypes"=( { "CFBundleTypeName"="Peach Commander Plugin Package", "CFBundleTypeRole"="Viewer", "LSHandlerRank"="Owner", "LSItemContentTypes"=( "com.peachcommander.plugin-package") }), "CFBundleExecutable"="PeachCommander", "CFBundleExecutablePath"="/Users/admin/pc-test/PeachCommander.app/Contents/MacOS/PeachCommander", "CFBundleExecutablePathDeviceID"=16777227, "CFBundleExecutablePathINode"=488133, "CFBundleHelpBookFolder"="PeachCommander.help", "CFBundleHelpBookName"="Peach Commander Help", "CFBundleIconFile"="AppIcon", "CFBundleIconName"="AppIcon", "CFBundleIdentifier"="com.peachcommander.app", "CFBundleInfoDictionaryVersion"="6.0", "CFBundleName"="PeachCommander", "CFBundleNameLowerCase"="peachcommander", "CFBundleNumericVersion"=402685952, "CFBundlePackageType"="APPL", "CFBundleShortVersionString"="0.9.0", "CFBun<…>
2026-09-14 14:43:10.555 Df PeachCommander[27235:15d1c] [com.apple.xpc:connection] [0x799070280] Connection returned listener port: 0x4203
2026-09-14 14:43:10.556 A  PeachCommander[27235:15d20] (AppIntents) appintents:register process
2026-09-14 14:43:10.556 Df PeachCommander[27235:15d20] [com.apple.appintents:Connection] Created a new Process Instance Registry XPC connection (inactive)
2026-09-14 14:43:10.556 Df PeachCommander[27235:15d20] [com.apple.xpc:connection] [0x799070780] activating connection: mach=true listener=false peer=false name=com.apple.linkd.autoShortcut
2026-09-14 14:43:10.556 I  PeachCommander[27235:15d1c] [com.apple.launchservices:cas] information in shared memory for 0x0-0x16d16d with seed 533 was still valid, so using cached info { "ApplicationType"="Foreground", "BuildMachineOSBuild"="25E246", "BundleIdentifierLowerCase"="com.peachcommander.app", "CFBundleDevelopmentRegion"="en", "CFBundleDocumentTypes"=( { "CFBundleTypeName"="Peach Commander Plugin Package", "CFBundleTypeRole"="Viewer", "LSHandlerRank"="Owner", "LSItemContentTypes"=( "com.peachcommander.plugin-package") }), "CFBundleExecutable"="PeachCommander", "CFBundleExecutablePath"="/Users/admin/pc-test/PeachCommander.app/Contents/MacOS/PeachCommander", "CFBundleExecutablePathDeviceID"=16777227, "CFBundleExecutablePathINode"=488133, "CFBundleHelpBookFolder"="PeachCommander.help", "CFBundleHelpBookName"="Peach Commander Help", "CFBundleIconFile"="AppIcon", "CFBundleIconName"="AppIcon", "CFBundleIdentifier"="com.peachcommander.app", "CFBundleInfoDictionaryVersion"="6.0", "CFBundleName"="PeachCommander", "CFBundleNameLowerCase"="peachcommander", "CFBundleNumericVersion"=402685952, "CFBundlePackageType"="APPL", "CFBundleShortVersionString"="0.9.0", "CFBun<…>
2026-09-14 14:43:10.556 I  PeachCommander[27235:15d1c] [com.apple.hiservices:processmgr] TransformProcessType(0x0,0x2 => 1 wasFront=1 pickNew=0)
2026-09-14 14:43:10.556 Df PeachCommander[27235:15d20] [com.apple.appintents:Connection] Activated connection to linkd (ApplicationService)
2026-09-14 14:43:10.556 Df PeachCommander[27235:15d20] [com.apple.xpc:connection] [0x799070a00] activating connection: mach=false listener=true peer=false name=(anonymous)
2026-09-14 14:43:10.556 I  PeachCommander[27235:15d1c] [com.apple.CoreAnalytics:client] Dropping "com.apple.appkit.app_config" as it isn't used in any transform (not in the config or budgeted?)
2026-09-14 14:43:10.556 I  PeachCommander[27235:15d20] [com.apple.appintents:Execution] LNAppConnectionListener instantiated
2026-09-14 14:43:10.556 Df PeachCommander[27235:15d20] [com.apple.xpc:connection] [0x799070a00] Connection returned listener port: 0x7103
2026-09-14 14:43:10.557 Df PeachCommander[27235:15d1c] [com.apple.dt.xctest:Default] Registering for test daemon availability notify post.
2026-09-14 14:43:10.557 Df PeachCommander[27235:15d1c] [com.apple.dt.xctest:Default] notify_get_state check indicated test daemon not ready.
2026-09-14 14:43:10.557 Df PeachCommander[27235:15d21] [com.apple.xpc:connection] [0x799070780] Re-initialization successful; calling out to event handler with XPC_ERROR_CONNECTION_INTERRUPTED
2026-09-14 14:43:10.557 Df PeachCommander[27235:15d21] [com.apple.appintents:Connection] Process Instance Registry XPC connection has been interrupted
2026-09-14 14:43:10.557 Df PeachCommander[27235:15d1c] [com.apple.dt.xctest:Default] notify_get_state check indicated test daemon not ready.
2026-09-14 14:43:10.557 Df PeachCommander[27235:15d21] [com.apple.appintents:Connection] Created a new Process Instance Registry XPC connection (inactive)
2026-09-14 14:43:10.557 A  PeachCommander[27235:15d21] (AppIntents) appintents:register process
2026-09-14 14:43:10.557 Df PeachCommander[27235:15d1c] [com.apple.dt.xctest:Default] notify_get_state check indicated test daemon not ready.
2026-09-14 14:43:10.557 Df PeachCommander[27235:15d21] [com.apple.appintents:Connection] Created a new Process Instance Registry XPC connection (inactive)
2026-09-14 14:43:10.557 Df PeachCommander[27235:15d21] [com.apple.xpc:connection] [0x799070c80] activating connection: mach=true listener=false peer=false name=com.apple.linkd.autoShortcut
2026-09-14 14:43:10.557 E  PeachCommander[27235:15d20] [com.apple.appintents:Connection] Unable to get synchronousRemoteObjectProxy, error: Error Domain=NSCocoaErrorDomain Code=4097 "connection to service named com.apple.linkd.autoShortcut" UserInfo={NSDebugDescription=connection to service named com.apple.linkd.autoShortcut}
2026-09-14 14:43:10.557 E  PeachCommander[27235:15d20] [com.apple.AppKit:Application] Error registering app with intents framework: Error Domain=NSCocoaErrorDomain Code=4097 UserInfo={NSDebugDescription=<private>}
2026-09-14 14:43:10.557 Df PeachCommander[27235:15d21] [com.apple.appintents:Connection] Activated connection to linkd (ApplicationService)
2026-09-14 14:43:10.557 Df PeachCommander[27235:15d21] [com.apple.xpc:connection] [0x799070a00] Connection returned listener port: 0x7103
2026-09-14 14:43:10.557 Df PeachCommander[27235:15d20] [com.apple.xpc:connection] [0x799070c80] Re-initialization successful; calling out to event handler with XPC_ERROR_CONNECTION_INTERRUPTED
2026-09-14 14:43:10.557 Df PeachCommander[27235:15d20] [com.apple.appintents:Connection] Process Instance Registry XPC connection has been interrupted
2026-09-14 14:43:10.557 Df PeachCommander[27235:15d20] [com.apple.appintents:Connection] Created a new Process Instance Registry XPC connection (inactive)
2026-09-14 14:43:10.557 A  PeachCommander[27235:15d20] (AppIntents) appintents:register process
2026-09-14 14:43:10.557 Df PeachCommander[27235:15d20] [com.apple.appintents:Connection] Created a new Process Instance Registry XPC connection (inactive)
2026-09-14 14:43:10.557 Df PeachCommander[27235:15d20] [com.apple.xpc:connection] [0x7990712c0] activating connection: mach=true listener=false peer=false name=com.apple.linkd.autoShortcut
2026-09-14 14:43:10.557 E  PeachCommander[27235:15d21] [com.apple.appintents:Connection] Unable to get synchronousRemoteObjectProxy, error: Error Domain=NSCocoaErrorDomain Code=4097 "connection to service named com.apple.linkd.autoShortcut" UserInfo={NSDebugDescription=connection to service named com.apple.linkd.autoShortcut}
2026-09-14 14:43:10.558 E  PeachCommander[27235:15d21] [com.apple.appintents:Connection] Unable to re-register with Process Instance Registry, error: Error Domain=NSCocoaErrorDomain Code=4097 "connection to service named com.apple.linkd.autoShortcut" UserInfo={NSDebugDescription=connection to service named com.apple.linkd.autoShortcut}
2026-09-14 14:43:10.558 Df PeachCommander[27235:15d20] [com.apple.appintents:Connection] Activated connection to linkd (ApplicationService)
2026-09-14 14:43:10.558 Df PeachCommander[27235:15d20] [com.apple.xpc:connection] [0x799070a00] Connection returned listener port: 0x7103
2026-09-14 14:43:10.558 Df PeachCommander[27235:15d21] [com.apple.xpc:connection] [0x7990712c0] Re-initialization successful; calling out to event handler with XPC_ERROR_CONNECTION_INTERRUPTED
2026-09-14 14:43:10.558 Df PeachCommander[27235:15d21] [com.apple.appintents:Connection] Process Instance Registry XPC connection has been interrupted
2026-09-14 14:43:10.558 Df PeachCommander[27235:15d21] [com.apple.appintents:Connection] Created a new Process Instance Registry XPC connection (inactive)
2026-09-14 14:43:10.558 A  PeachCommander[27235:15d21] (AppIntents) appintents:register process
2026-09-14 14:43:10.558 Df PeachCommander[27235:15d21] [com.apple.appintents:Connection] Created a new Process Instance Registry XPC connection (inactive)
2026-09-14 14:43:10.558 Df PeachCommander[27235:15d21] [com.apple.xpc:connection] [0x799071540] activating connection: mach=true listener=false peer=false name=com.apple.linkd.autoShortcut
2026-09-14 14:43:10.558 E  PeachCommander[27235:15d20] [com.apple.appintents:Connection] Unable to get synchronousRemoteObjectProxy, error: Error Domain=NSCocoaErrorDomain Code=4097 "connection to service named com.apple.linkd.autoShortcut" UserInfo={NSDebugDescription=connection to service named com.apple.linkd.autoShortcut}
2026-09-14 14:43:10.558 E  PeachCommander[27235:15d20] [com.apple.appintents:Connection] Unable to re-register with Process Instance Registry, error: Error Domain=NSCocoaErrorDomain Code=4097 "connection to service named com.apple.linkd.autoShortcut" UserInfo={NSDebugDescription=connection to service named com.apple.linkd.autoShortcut}
2026-09-14 14:43:10.558 Df PeachCommander[27235:15d21] [com.apple.appintents:Connection] Activated connection to linkd (ApplicationService)
2026-09-14 14:43:10.558 Df PeachCommander[27235:15d21] [com.apple.xpc:connection] [0x799070a00] Connection returned listener port: 0x7103
2026-09-14 14:43:10.558 Df PeachCommander[27235:15d20] [com.apple.xpc:connection] [0x799071540] Re-initialization successful; calling out to event handler with XPC_ERROR_CONNECTION_INTERRUPTED
2026-09-14 14:43:10.558 Df PeachCommander[27235:15d20] [com.apple.appintents:Connection] Process Instance Registry XPC connection has been interrupted
2026-09-14 14:43:10.558 E  PeachCommander[27235:15d20] [com.apple.appintents:Connection] Will NOT re-try to establish the connection
2026-09-14 14:43:10.558 E  PeachCommander[27235:15d21] [com.apple.appintents:Connection] Unable to get synchronousRemoteObjectProxy, error: Error Domain=NSCocoaErrorDomain Code=4097 "connection to service named com.apple.linkd.autoShortcut" UserInfo={NSDebugDescription=connection to service named com.apple.linkd.autoShortcut}
2026-09-14 14:43:10.558 E  PeachCommander[27235:15d21] [com.apple.appintents:Connection] Unable to re-register with Process Instance Registry, error: Error Domain=NSCocoaErrorDomain Code=4097 "connection to service named com.apple.linkd.autoShortcut" UserInfo={NSDebugDescription=connection to service named com.apple.linkd.autoShortcut}
2026-09-14 14:43:10.560 A  PeachCommander[27235:15d1c] (CoreFoundation) Loading Preferences From System CFPrefsD
2026-09-14 14:43:10.561 Df PeachCommander[27235:15d1c] (libMobileGestalt.dylib) couldn't load support library
2026-09-14 14:43:10.561 Df PeachCommander[27235:15d1c] (libMobileGestalt.dylib) called dummy function!
2026-09-14 14:43:10.561 I  PeachCommander[27235:15d1c] [com.apple.GenerativeModels:availability] Current availability state: unavailable, use cases: com.apple.WritingTools, language: <any>, api: <private>
2026-09-14 14:43:10.561 Df PeachCommander[27235:15d1c] [com.apple.GenerativeModels:availability] registering darwin observer for name: com.apple.gms.availability.notification
2026-09-14 14:43:10.561 Df PeachCommander[27235:15d1c] [com.apple.GenerativeModels:availability] registering darwin observer for name: com.apple.os-eligibility-domain.change.greymatter
2026-09-14 14:43:10.561 Df PeachCommander[27235:15d1c] [com.apple.GenerativeModels:availability] registering darwin observer for name: com.apple.language.changed
2026-09-14 14:43:10.561 Df PeachCommander[27235:15d1c] [com.apple.WritingTools:Default] isAvailable value changed: isMDMAllowed = true, gmAvailable (current) = false
2026-09-14 14:43:10.563 I  PeachCommander[27235:15d1c] [com.apple.CoreAnalytics:client] Dropping "com.apple.appkit.app_config" as it isn't used in any transform (not in the config or budgeted?)
2026-09-14 14:43:10.565 Df PeachCommander[27235:15d1c] [com.apple.AppKit:Appearance] NSApp cache appearance:
-NSRequiresAquaSystemAppearance: 0
-appearance: (null)
-effectiveAppearance: <NSCompositeAppearance: 0x798c60500
 (
    "<NSAquaAppearance: 0x798c60780>",
    "<NSSystemAppearance: 0x798c60460>"
)>
2026-09-14 14:43:10.567 A  PeachCommander[27235:15d1c] (CoreFoundation) Loading Preferences From User CFPrefsD
2026-09-14 14:43:10.568 A  PeachCommander[27235:15d1c] (CoreFoundation) Loading Preferences From User CFPrefsD
2026-09-14 14:43:10.571 A  PeachCommander[27235:15d1f] (libsystem_info.dylib) Membership API: translate identifier
2026-09-14 14:43:10.573 I  PeachCommander[27235:15d1c] [com.apple.CoreAnalytics:client] Dropping "com.apple.appkit.app_config" as it isn't used in any transform (not in the config or budgeted?)
2026-09-14 14:43:10.573 I  PeachCommander[27235:15d1c] [com.apple.CoreAnalytics:client] Dropping "com.apple.appkit.app_config" as it isn't used in any transform (not in the config or budgeted?)
2026-09-14 14:43:10.575 Df PeachCommander[27235:15d20] [com.apple.xpc:connection] [0x799071a40] activating connection: mach=true listener=false peer=false name=com.apple.dock.fullscreen
2026-09-14 14:43:10.576 Df PeachCommander[27235:15d1c] [com.apple.xpc:connection] [0x799071b80] activating connection: mach=true listener=false peer=false name=com.apple.fonts
2026-09-14 14:43:10.578 I  PeachCommander[27235:15d1c] [com.apple.launchservices:cas] information in shared memory for 0x0-0x16d16d with seed 533 was still valid, so using cached info { "ApplicationType"="Foreground", "BuildMachineOSBuild"="25E246", "BundleIdentifierLowerCase"="com.peachcommander.app", "CFBundleDevelopmentRegion"="en", "CFBundleDocumentTypes"=( { "CFBundleTypeName"="Peach Commander Plugin Package", "CFBundleTypeRole"="Viewer", "LSHandlerRank"="Owner", "LSItemContentTypes"=( "com.peachcommander.plugin-package") }), "CFBundleExecutable"="PeachCommander", "CFBundleExecutablePath"="/Users/admin/pc-test/PeachCommander.app/Contents/MacOS/PeachCommander", "CFBundleExecutablePathDeviceID"=16777227, "CFBundleExecutablePathINode"=488133, "CFBundleHelpBookFolder"="PeachCommander.help", "CFBundleHelpBookName"="Peach Commander Help", "CFBundleIconFile"="AppIcon", "CFBundleIconName"="AppIcon", "CFBundleIdentifier"="com.peachcommander.app", "CFBundleInfoDictionaryVersion"="6.0", "CFBundleName"="PeachCommander", "CFBundleNameLowerCase"="peachcommander", "CFBundleNumericVersion"=402685952, "CFBundlePackageType"="APPL", "CFBundleShortVersionString"="0.9.0", "CFBun<…>
2026-09-14 14:43:10.578 I  PeachCommander[27235:15d1c] [com.apple.CoreAnalytics:client] Dropping "com.apple.appkit.app_config" as it isn't used in any transform (not in the config or budgeted?)
2026-09-14 14:43:10.578 Df PeachCommander[27235:15d1c] [com.apple.AppKit:AutomaticTermination] -[NSApplication(NSAppssassination) _checkForAutomaticTerminationSupportPossiblyEnablingIt]_block_invoke Enabling automatic termination support.
2026-09-14 14:43:10.578 Df PeachCommander[27235:15d1c] [com.apple.xpc:connection] [0x799070dc0] activating connection: mach=true listener=false peer=false name=com.apple.appkit.restoration_storage
2026-09-14 14:43:10.579 I  PeachCommander[27235:15d1c] [com.apple.launchservices:cas] information in shared memory for 0x0-0x16d16d with seed 533 was still valid, so using cached info { "ApplicationType"="Foreground", "BuildMachineOSBuild"="25E246", "BundleIdentifierLowerCase"="com.peachcommander.app", "CFBundleDevelopmentRegion"="en", "CFBundleDocumentTypes"=( { "CFBundleTypeName"="Peach Commander Plugin Package", "CFBundleTypeRole"="Viewer", "LSHandlerRank"="Owner", "LSItemContentTypes"=( "com.peachcommander.plugin-package") }), "CFBundleExecutable"="PeachCommander", "CFBundleExecutablePath"="/Users/admin/pc-test/PeachCommander.app/Contents/MacOS/PeachCommander", "CFBundleExecutablePathDeviceID"=16777227, "CFBundleExecutablePathINode"=488133, "CFBundleHelpBookFolder"="PeachCommander.help", "CFBundleHelpBookName"="Peach Commander Help", "CFBundleIconFile"="AppIcon", "CFBundleIconName"="AppIcon", "CFBundleIdentifier"="com.peachcommander.app", "CFBundleInfoDictionaryVersion"="6.0", "CFBundleName"="PeachCommander", "CFBundleNameLowerCase"="peachcommander", "CFBundleNumericVersion"=402685952, "CFBundlePackageType"="APPL", "CFBundleShortVersionString"="0.9.0", "CFBun<…>
2026-09-14 14:43:10.579 Df PeachCommander[27235:15d1c] [com.apple.xpc:connection] [0x799070f00] activating connection: mach=true listener=false peer=false name=com.apple.coreservices.appleevents
2026-09-14 14:43:10.579 I  PeachCommander[27235:15d1c] [com.apple.appleevents:main] _AEGetRegisteredMachPort() created default port (port:64515/0xfc03 rcv:1 send:1 limit:5) and registered it with server
2026-09-14 14:43:10.579 Df PeachCommander[27235:15d1c] [com.apple.xpc:connection] [0x799070280] Connection returned listener port: 0x4203
2026-09-14 14:43:10.579 I  PeachCommander[27235:15d1c] [com.apple.launchservices:cas] information in shared memory for 0x0-0x16d16d with seed 533 was still valid, so using cached info { "ApplicationType"="Foreground", "BuildMachineOSBuild"="25E246", "BundleIdentifierLowerCase"="com.peachcommander.app", "CFBundleDevelopmentRegion"="en", "CFBundleDocumentTypes"=( { "CFBundleTypeName"="Peach Commander Plugin Package", "CFBundleTypeRole"="Viewer", "LSHandlerRank"="Owner", "LSItemContentTypes"=( "com.peachcommander.plugin-package") }), "CFBundleExecutable"="PeachCommander", "CFBundleExecutablePath"="/Users/admin/pc-test/PeachCommander.app/Contents/MacOS/PeachCommander", "CFBundleExecutablePathDeviceID"=16777227, "CFBundleExecutablePathINode"=488133, "CFBundleHelpBookFolder"="PeachCommander.help", "CFBundleHelpBookName"="Peach Commander Help", "CFBundleIconFile"="AppIcon", "CFBundleIconName"="AppIcon", "CFBundleIdentifier"="com.peachcommander.app", "CFBundleInfoDictionaryVersion"="6.0", "CFBundleName"="PeachCommander", "CFBundleNameLowerCase"="peachcommander", "CFBundleNumericVersion"=402685952, "CFBundlePackageType"="APPL", "CFBundleShortVersionString"="0.9.0", "CFBun<…>
2026-09-14 14:43:10.579 Df PeachCommander[27235:15d1c] [com.apple.processmanager:front-35286506] SignalReady: pid=27235 asn=0x0-0x16d16d
2026-09-14 14:43:10.579 Df PeachCommander[27235:15d1c] [com.apple.processmanager:front-35286506] SIGNAL: pid=27235 asn=0x0x-0x16d16d
2026-09-14 14:43:10.579 I  PeachCommander[27235:15d1c] [com.apple.appleevents:main] aeGenerateFakeFirstOAPPEventIfNecessary()
2026-09-14 14:43:10.579 I  PeachCommander[27235:15d1c] [com.apple.appleevents:main] aeGenerateFakeFirstOAPPEventIfNecessary(), needToCreateFakeOAPPEventIfFirstEvent == true
2026-09-14 14:43:10.579 I  PeachCommander[27235:15d1c] [com.apple.launchservices:cas] Removing cached information for app [ 0x0-0x16d16d]  "PeachCommander", as its seed is different from that in shared memory ( 533 vs 535)
2026-09-14 14:43:10.580 I  PeachCommander[27235:15d1c] [com.apple.CFPasteboard:entry] CopyData('DefaultAsciiKeyboardLayoutPasteboard' (<CFUUID 0x798c3dfc0> 6B251AED-D93C-44BF-8B56-EE87A40BC6CB) gen: -1 item: 1264739405 flavor: 'DefaultAsciiKeyboardLayoutFlavor')
2026-09-14 14:43:10.580 I  PeachCommander[27235:15d1c] [com.apple.CFPasteboard:cache] Rebuilding cache for 'DefaultAsciiKeyboardLayoutPasteboard' (<CFUUID 0x798c3dfc0> 6B251AED-D93C-44BF-8B56-EE87A40BC6CB)
2026-09-14 14:43:10.580 I  PeachCommander[27235:15d1c] [com.apple.CFPasteboard:exit] (not-in-cache) - result: -8 generation: 0 null data flags: 0
2026-09-14 14:43:10.580 A  PeachCommander[27235:15d1c] (CoreFoundation) Loading Preferences From User CFPrefsD
2026-09-14 14:43:10.580 A  PeachCommander[27235:15d1c] (CoreFoundation) Loading Preferences From System CFPrefsD
2026-09-14 14:43:10.581 I  PeachCommander[27235:15d1c] [com.apple.CFPasteboard:entry] CopyData('AppleIntlFileCacheModificationDatePasteboard' (<CFUUID 0x798c3dfe0> 769FC863-906A-4343-9693-AAF7F91AF167) gen: -1 item: 1 flavor: '-32766 1768845414')
2026-09-14 14:43:10.581 I  PeachCommander[27235:15d1c] [com.apple.CFPasteboard:cache] Rebuilding cache for 'AppleIntlFileCacheModificationDatePasteboard' (<CFUUID 0x798c3dfe0> 769FC863-906A-4343-9693-AAF7F91AF167)
2026-09-14 14:43:10.581 I  PeachCommander[27235:15d1c] [com.apple.CFPasteboard:general] Will request data from daemon
2026-09-14 14:43:10.581 I  PeachCommander[27235:15d1c] [com.apple.CFPasteboard:exit] (not-in-cache) - result: 0 generation: 4 data (310 bytes) flags: 0
2026-09-14 14:43:10.581 I  PeachCommander[27235:15d1c] [com.apple.CFPasteboard:entry] CopyData('AppleIntlFileCacheModificationDatePasteboard' (<CFUUID 0x798c3dfe0> 769FC863-906A-4343-9693-AAF7F91AF167) gen: -1 item: 1 flavor: '-32765 1802264953')
2026-09-14 14:43:10.581 I  PeachCommander[27235:15d1c] [com.apple.CFPasteboard:general] Will request data from daemon
2026-09-14 14:43:10.581 I  PeachCommander[27235:15d1c] [com.apple.CFPasteboard:exit] (not-in-cache) - result: 0 generation: 4 data (306 bytes) flags: 0
2026-09-14 14:43:10.581 I  PeachCommander[27235:15d1c] [com.apple.CFPasteboard:entry] CopyData('AppleIntlFileCacheModificationDatePasteboard' (<CFUUID 0x798c3dfe0> 769FC863-906A-4343-9693-AAF7F91AF167) gen: -1 item: 1 flavor: '-32764 1802264953')
2026-09-14 14:43:10.581 I  PeachCommander[27235:15d1c] [com.apple.CFPasteboard:general] Will request data from daemon
2026-09-14 14:43:10.581 I  PeachCommander[27235:15d1c] [com.apple.CFPasteboard:exit] (not-in-cache) - result: 0 generation: 4 data (281 bytes) flags: 0
2026-09-14 14:43:10.581 I  PeachCommander[27235:15d1c] [com.apple.CFPasteboard:entry] CopyData('AppleIntlFileCacheModificationDatePasteboard' (<CFUUID 0x798c3dfe0> 769FC863-906A-4343-9693-AAF7F91AF167) gen: -1 item: 1 flavor: '-32763 1802264953')
2026-09-14 14:43:10.581 I  PeachCommander[27235:15d1c] [com.apple.CFPasteboard:general] Will request data from daemon
2026-09-14 14:43:10.581 I  PeachCommander[27235:15d1c] [com.apple.CFPasteboard:exit] (not-in-cache) - result: 0 generation: 4 data (318 bytes) flags: 0
2026-09-14 14:43:10.581 I  PeachCommander[27235:15d1c] [com.apple.CFPasteboard:entry] CopyData('AppleIntlFileCacheModificationDatePasteboard' (<CFUUID 0x798c3dfe0> 769FC863-906A-4343-9693-AAF7F91AF167) gen: -1 item: 1 flavor: '-32765 1768845414')
2026-09-14 14:43:10.581 I  PeachCommander[27235:15d1c] [com.apple.CFPasteboard:general] Will request data from daemon
2026-09-14 14:43:10.581 I  PeachCommander[27235:15d1c] [com.apple.CFPasteboard:exit] (not-in-cache) - result: 0 generation: 4 data (303 bytes) flags: 0
2026-09-14 14:43:10.581 I  PeachCommander[27235:15d1c] [com.apple.CFPasteboard:entry] CopyData('AppleIntlFileCacheModificationDatePasteboard' (<CFUUID 0x798c3dfe0> 769FC863-906A-4343-9693-AAF7F91AF167) gen: -1 item: 1 flavor: '-32763 1768845414')
2026-09-14 14:43:10.581 I  PeachCommander[27235:15d1c] [com.apple.CFPasteboard:general] Will request data from daemon
2026-09-14 14:43:10.581 I  PeachCommander[27235:15d1c] [com.apple.CFPasteboard:exit] (not-in-cache) - result: 0 generation: 4 data (315 bytes) flags: 0
2026-09-14 14:43:10.583 I  PeachCommander[27235:15d1c] [com.apple.launchservices:cas] information in shared memory for 0x0-0x16d16d with seed 535 was still valid, so using cached info { "ApplicationType"="Foreground", "BuildMachineOSBuild"="25E246", "BundleIdentifierLowerCase"="com.peachcommander.app", "CFBundleDevelopmentRegion"="en", "CFBundleDocumentTypes"=( { "CFBundleTypeName"="Peach Commander Plugin Package", "CFBundleTypeRole"="Viewer", "LSHandlerRank"="Owner", "LSItemContentTypes"=( "com.peachcommander.plugin-package") }), "CFBundleExecutable"="PeachCommander", "CFBundleExecutablePath"="/Users/admin/pc-test/PeachCommander.app/Contents/MacOS/PeachCommander", "CFBundleExecutablePathDeviceID"=16777227, "CFBundleExecutablePathINode"=488133, "CFBundleHelpBookFolder"="PeachCommander.help", "CFBundleHelpBookName"="Peach Commander Help", "CFBundleIconFile"="AppIcon", "CFBundleIconName"="AppIcon", "CFBundleIdentifier"="com.peachcommander.app", "CFBundleInfoDictionaryVersion"="6.0", "CFBundleName"="PeachCommander", "CFBundleNameLowerCase"="peachcommander", "CFBundleNumericVersion"=402685952, "CFBundlePackageType"="APPL", "CFBundleShortVersionString"="0.9.0", "CFBun<…>
2026-09-14 14:43:10.583 Df PeachCommander[27235:15d1c] [com.apple.xpc:connection] [0x799071e00] activating connection: mach=false listener=false peer=false name=com.apple.ViewBridgeAuxiliary
2026-09-14 14:43:10.587 Df PeachCommander[27235:15d1c] [com.apple.xpc:connection] [0x799071cc0] activating connection: mach=false listener=false peer=false name=(anonymous)
2026-09-14 14:43:10.587 Df PeachCommander[27235:15d1c] [com.apple.xpc:connection] [0x799071f40] activating connection: mach=false listener=true peer=false name=(anonymous)
2026-09-14 14:43:10.587 Df PeachCommander[27235:15d1c] [com.apple.xpc:connection] [0x799071f40] Connection returned listener port: 0xb603
2026-09-14 14:43:10.588 Df PeachCommander[27235:15d1c] [com.apple.xpc:connection] [0x799071e00] invalidated after the last release of the connection object
2026-09-14 14:43:10.588 I  PeachCommander[27235:15d1c] [com.apple.showhide:pr-59900543] SHOWHIDE: SHOW id=608 0x0-0x16D16D, err=0 eventTime=1874246056750 windowID=0
2026-09-14 14:43:10.588 I  PeachCommander[27235:15d1c] [com.apple.CarbonCore:coreservicesdaemon] findOrCreateCacheable():findOrCreateCacheable(), factoryName=3 cacheableName=<private> fCacheables.size()=0
2026-09-14 14:43:10.588 I  PeachCommander[27235:15d1c] [com.apple.CarbonCore:coreservicesdaemon] findOrCreateCacheable():findOrCreateCacheable(), result = 0x798edea80 (should be non-NULL)
2026-09-14 14:43:10.588 Df PeachCommander[27235:15d1c] [com.apple.AppKit:AutomaticTermination] void _NSDisableAutomaticTerminationAndLog(NSString *) Restoring windows
2026-09-14 14:43:10.588 Df PeachCommander[27235:15d1c] [com.apple.AppKit:StateRestoration] -[NSApplication _reopenWindowsAsNecessaryIncludingRestorableState:withFullFidelity:completionHandler:] shouldRestoreState=1 hasPersistentStateToRestore=0 shouldStillRestoreStateAfterPrompting=0
2026-09-14 14:43:10.588 Df PeachCommander[27235:15d1c] [com.apple.xpc:connection] [0x799071e00] activating connection: mach=true listener=false peer=false name=com.apple.window_proxies
2026-09-14 14:43:10.588 Df PeachCommander[27235:15d1c] [com.apple.xpc:connection] [0x799071e00] invalidated because the current process cancelled the connection by calling xpc_connection_cancel()
2026-09-14 14:43:10.589 I  PeachCommander[27235:15d1c] [com.apple.SkyLight:processes] 0[outside of RPC]: SLSSetFrontProcessWithInfo(0x0-0x2 window=0 options=0x1
2026-09-14 14:43:10.589 I  PeachCommander[27235:15d1c] [com.apple.CoreAnalytics:client] Dropping "com.apple.appkit.app_config" as it isn't used in any transform (not in the config or budgeted?)
2026-09-14 14:43:10.589 Df PeachCommander[27235:15d1c] [com.apple.AppKit:AutomaticTermination] void _NSEnableAutomaticTerminationAndLog(NSString *) Restoring windows
2026-09-14 14:43:10.591 I  PeachCommander[27235:15d1c] [com.apple.CoreAnalytics:client] Dropping "com.apple.appkit.app_config" as it isn't used in any transform (not in the config or budgeted?)
2026-09-14 14:43:10.591 I  PeachCommander[27235:15d1c] [com.apple.CoreAnalytics:client] Dropping "com.apple.appkit.app_config" as it isn't used in any transform (not in the config or budgeted?)
2026-09-14 14:43:10.600 A  PeachCommander[27235:15d1c] (CoreFoundation) Loading Preferences From User CFPrefsD
2026-09-14 14:43:10.605 I  PeachCommander[27235:15d1c] [com.peachcommander:PCFoundation] VolumeManager initialized
2026-09-14 14:43:10.621 Df PeachCommander[27235:15d1c] [com.apple.BoardServices:XPCErrors] [C:1] Alloc <private>
2026-09-14 14:43:10.621 Df PeachCommander[27235:15d1c] [com.apple.xpc:connection] [0x79935d180] activating connection: mach=false listener=false peer=false name=(anonymous)
2026-09-14 14:43:10.623 I  PeachCommander[27235:15d1c] [com.apple.AppKit:Window] context (0 -> 1a267300) for window 5bc
2026-09-14 14:43:10.624 Df PeachCommander[27235:15d21] [com.apple.corespotlight:index] (<private>) deleteSearchableItemsWithDomainIdentifiers, protectionClass:(null), domainIdentifiers number:1
2026-09-14 14:43:10.624 A  PeachCommander[27235:15d21] (CoreSpotlight) delete-domains
2026-09-14 14:43:10.624 Df PeachCommander[27235:15d21] [com.apple.corespotlight:index] CSInlineDonation:<private>: Skipping donation (feature flag disabled)
2026-09-14 14:43:10.624 Df PeachCommander[27235:15d21] (CoreSpotlight) sConnectionName: com.apple.spotlight.IndexAgent
2026-09-14 14:43:10.624 Df PeachCommander[27235:15d21] (CoreSpotlight) Start service name com.apple.spotlight.IndexAgent
2026-09-14 14:43:10.624 I  PeachCommander[27235:15d1c] [com.peachcommander:PCFoundation] MainWindowController initialized (config: <private>)
2026-09-14 14:43:10.624 Df PeachCommander[27235:15d21] [com.apple.xpc:connection] [0x79935d400] activating connection: mach=true listener=false peer=false name=com.apple.spotlight.IndexAgent
2026-09-14 14:43:10.624 I  PeachCommander[27235:15d1c] [com.peachcommander:PCFoundation] SelectionState initialized
2026-09-14 14:43:10.624 I  PeachCommander[27235:15d1c] [com.peachcommander:PCFoundation] DirectoryModel initialized
2026-09-14 14:43:10.624 I  PeachCommander[27235:15d1c] [com.peachcommander:PCFoundation] VolumeManager initialized
2026-09-14 14:43:10.624 I  PeachCommander[27235:15d1c] [com.peachcommander:PCFoundation] PanelController initialized for <private> panel
2026-09-14 14:43:10.625 I  PeachCommander[27235:15d1c] [com.peachcommander:PCFoundation] SelectionState initialized
2026-09-14 14:43:10.625 I  PeachCommander[27235:15d1c] [com.peachcommander:PCFoundation] DirectoryModel initialized
2026-09-14 14:43:10.625 I  PeachCommander[27235:15d1c] [com.peachcommander:PCFoundation] VolumeManager initialized
2026-09-14 14:43:10.625 I  PeachCommander[27235:15d1c] [com.peachcommander:PCFoundation] PanelController initialized for <private> panel
2026-09-14 14:43:10.628 I  PeachCommander[27235:15d1c] [com.apple.AppKit:Animation] Running new animation: <private>
2026-09-14 14:43:10.628 I  PeachCommander[27235:15d1c] [com.apple.AppKit:Animation] Running new animation: <private>
2026-09-14 14:43:10.628 I  PeachCommander[27235:15d1c] [com.apple.AppKit:Animation] Running new animation: <private>
2026-09-14 14:43:10.628 I  PeachCommander[27235:15d1c] [com.apple.AppKit:Animation] Running new animation: <private>
2026-09-14 14:43:10.628 I  PeachCommander[27235:15d1c] [com.apple.AppKit:Animation] Running new animation: <private>
2026-09-14 14:43:10.628 A  PeachCommander[27235:15d21] (RunningBoardServices) didChangeInheritances
2026-09-14 14:43:10.630 I  PeachCommander[27235:15d1c] [com.apple.AppKit:Animation] Running new animation: <private>
2026-09-14 14:43:10.630 I  PeachCommander[27235:15d1c] [com.apple.AppKit:Animation] Running new animation: <private>
2026-09-14 14:43:10.630 I  PeachCommander[27235:15d1c] [com.apple.AppKit:Animation] Running new animation: <private>
2026-09-14 14:43:10.630 I  PeachCommander[27235:15d1c] [com.apple.AppKit:Animation] Running new animation: <private>
2026-09-14 14:43:10.630 I  PeachCommander[27235:15d1c] [com.apple.AppKit:Animation] Running new animation: <private>
2026-09-14 14:43:10.635 I  PeachCommander[27235:15d1c] [com.apple.CoreAnalytics:client] Dropping "com.apple.appkit.app_config" as it isn't used in any transform (not in the config or budgeted?)
2026-09-14 14:43:10.637 I  PeachCommander[27235:15d1c] [com.apple.CoreAnalytics:client] Dropping "com.apple.appkit.app_config" as it isn't used in any transform (not in the config or budgeted?)
2026-09-14 14:43:10.641 I  PeachCommander[27235:15d1c] [com.apple.launchservices:datasep] application record search init. Node: <FSNode 0x7994e6b60> { isDir = ?, path = <private> } bundleID: (null) itemID: 0
2026-09-14 14:43:10.642 I  PeachCommander[27235:15d1c] [com.apple.GenerativeModels:availability] Current availability state: unavailable, use cases: com.apple.Settings.AppleIntelligence,com.apple.Siri.NLRouter, language: en, api: <private>
2026-09-14 14:43:10.642 Df PeachCommander[27235:15d1c] [com.apple.GenerativeModels:availability] isOkayToHaveAsset: False
2026-09-14 14:43:10.642 E  PeachCommander[27235:15d1c] [com.apple.siri:Utility] AFIsDeviceGreymatterEligible Missing entitlements for os_eligibility lookup
2026-09-14 14:43:10.642 I  PeachCommander[27235:15d1c] [com.apple.GenerativeModels:availability] Current availability state: unavailable, use cases: com.apple.Settings.AppleIntelligence, language: en, api: <private>
2026-09-14 14:43:10.642 Df PeachCommander[27235:15d1c] [com.apple.GenerativeModels:availability] isOkayToHaveAsset: False
2026-09-14 14:43:10.642 Df PeachCommander[27235:15d1c] [com.apple.siri:Utility] -[AFSystemAssistantExperienceStatusManager fetchGenerativeModelsAvailability] #SAEStatus #cacheUpdate Updating cache:
deviceSupportsSAE: 0 (0)
       saeEnabled: 0 (0)
     saeAvailable: 0 (0)
      swaiEnabled: 0 (0)
        viEnabled: 0 (0)
        siriAvailability:
        <private>
        ((null))
2026-09-14 14:43:10.642 Df PeachCommander[27235:15d1c] [com.apple.xpc:connection] [0x799538140] activating connection: mach=true listener=false peer=false name=com.apple.iconservices
2026-09-14 14:43:10.643 Df PeachCommander[27235:15d1c] [com.apple.xpc:connection] [0x799538280] activating connection: mach=true listener=false peer=false name=com.apple.iconservices.store
2026-09-14 14:43:10.647 I  PeachCommander[27235:15d1c] [com.peachcommander:Theme] no user themes in /Users/admin/pc-cfg/themes
2026-09-14 14:43:10.647 Df PeachCommander[27235:15d1c] [com.apple.AppKit:Appearance] Invalidate NSApp effectiveAppearance
2026-09-14 14:43:10.647 Df PeachCommander[27235:15d1c] [com.apple.AppKit:Appearance] NSApp cache appearance:
-NSRequiresAquaSystemAppearance: 0
-appearance: (null)
-effectiveAppearance: <NSCompositeAppearance: 0x798c60500
 (
    "<NSAquaAppearance: 0x798c60780>",
    "<NSSystemAppearance: 0x798c60460>"
)>
2026-09-14 14:43:10.647 A  PeachCommander[27235:15d21] (libsystem_info.dylib) Retrieve Group by ID
2026-09-14 14:43:10.648 I  PeachCommander[27235:15d1c] [com.peachcommander:PCFoundation] Theme applied: id=system, appearance=system, dark=false, background=#FFFFFF
2026-09-14 14:43:10.672 I  PeachCommander[27235:15d1c] [com.apple.iconservices:foundation] layer data size zero
2026-09-14 14:43:10.672 I  PeachCommander[27235:15d1c] [com.apple.CoreAnalytics:client] Dropping "com.apple.appkit.app_config" as it isn't used in any transform (not in the config or budgeted?)
2026-09-14 14:43:10.676 I  PeachCommander[27235:15d1c] [com.peachcommander:PCFoundation] Keymap loaded: scheme=<private>, 82 effective bindings
2026-09-14 14:43:10.677 I  PeachCommander[27235:15d1c] [com.apple.AppKit:Animation] Running new animation: <private>
2026-09-14 14:43:10.677 I  PeachCommander[27235:15d1c] [com.apple.AppKit:Animation] Running new animation: <private>
2026-09-14 14:43:10.677 I  PeachCommander[27235:15d1c] [com.apple.AppKit:Animation] Running new animation: <private>
2026-09-14 14:43:10.677 I  PeachCommander[27235:15d1c] [com.apple.AppKit:Animation] Running new animation: <private>
2026-09-14 14:43:10.677 I  PeachCommander[27235:15d1c] [com.apple.AppKit:Animation] Running new animation: <private>
2026-09-14 14:43:10.677 I  PeachCommander[27235:15d1c] [com.apple.AppKit:Animation] Running new animation: <private>
2026-09-14 14:43:10.677 I  PeachCommander[27235:15d1c] [com.apple.AppKit:Animation] Running new animation: <private>
2026-09-14 14:43:10.677 I  PeachCommander[27235:15d1c] [com.apple.AppKit:Animation] Running new animation: <private>
2026-09-14 14:43:10.677 I  PeachCommander[27235:15d1c] [com.apple.AppKit:Animation] Running new animation: <private>
2026-09-14 14:43:10.677 I  PeachCommander[27235:15d1c] [com.apple.AppKit:Animation] Running new animation: <private>
2026-09-14 14:43:10.679 I  PeachCommander[27235:15d1c] [com.apple.CoreAnalytics:client] Dropping "<private>" as it isn't used in any transform (not in the config or budgeted?)
2026-09-14 14:43:10.680 I  PeachCommander[27235:15d1c] [com.apple.CoreAnalytics:client] Dropping "<private>" as it isn't used in any transform (not in the config or budgeted?)
2026-09-14 14:43:10.680 I  PeachCommander[27235:15d1c] [com.apple.CoreAnalytics:client] Dropping "<private>" as it isn't used in any transform (not in the config or budgeted?)
2026-09-14 14:43:10.680 I  PeachCommander[27235:15d1c] [com.peachcommander:PCFoundation] MainWindowController window loaded
2026-09-14 14:43:10.680 I  PeachCommander[27235:15d1c] [com.apple.launchservices:cas] information in shared memory for 0x0-0x16d16d with seed 535 was still valid, so using cached info { "ApplicationType"="Foreground", "BuildMachineOSBuild"="25E246", "BundleIdentifierLowerCase"="com.peachcommander.app", "CFBundleDevelopmentRegion"="en", "CFBundleDocumentTypes"=( { "CFBundleTypeName"="Peach Commander Plugin Package", "CFBundleTypeRole"="Viewer", "LSHandlerRank"="Owner", "LSItemContentTypes"=( "com.peachcommander.plugin-package") }), "CFBundleExecutable"="PeachCommander", "CFBundleExecutablePath"="/Users/admin/pc-test/PeachCommander.app/Contents/MacOS/PeachCommander", "CFBundleExecutablePathDeviceID"=16777227, "CFBundleExecutablePathINode"=488133, "CFBundleHelpBookFolder"="PeachCommander.help", "CFBundleHelpBookName"="Peach Commander Help", "CFBundleIconFile"="AppIcon", "CFBundleIconName"="AppIcon", "CFBundleIdentifier"="com.peachcommander.app", "CFBundleInfoDictionaryVersion"="6.0", "CFBundleName"="PeachCommander", "CFBundleNameLowerCase"="peachcommander", "CFBundleNumericVersion"=402685952, "CFBundlePackageType"="APPL", "CFBundleShortVersionString"="0.9.0", "CFBun<…>
2026-09-14 14:43:10.680 I  PeachCommander[27235:15d1c] [com.apple.launchservices:cas] information in shared memory for 0x0-0x16d16d with seed 535 was still valid, so using cached info { "ApplicationType"="Foreground", "BuildMachineOSBuild"="25E246", "BundleIdentifierLowerCase"="com.peachcommander.app", "CFBundleDevelopmentRegion"="en", "CFBundleDocumentTypes"=( { "CFBundleTypeName"="Peach Commander Plugin Package", "CFBundleTypeRole"="Viewer", "LSHandlerRank"="Owner", "LSItemContentTypes"=( "com.peachcommander.plugin-package") }), "CFBundleExecutable"="PeachCommander", "CFBundleExecutablePath"="/Users/admin/pc-test/PeachCommander.app/Contents/MacOS/PeachCommander", "CFBundleExecutablePathDeviceID"=16777227, "CFBundleExecutablePathINode"=488133, "CFBundleHelpBookFolder"="PeachCommander.help", "CFBundleHelpBookName"="Peach Commander Help", "CFBundleIconFile"="AppIcon", "CFBundleIconName"="AppIcon", "CFBundleIdentifier"="com.peachcommander.app", "CFBundleInfoDictionaryVersion"="6.0", "CFBundleName"="PeachCommander", "CFBundleNameLowerCase"="peachcommander", "CFBundleNumericVersion"=402685952, "CFBundlePackageType"="APPL", "CFBundleShortVersionString"="0.9.0", "CFBun<…>
2026-09-14 14:43:10.688 I  PeachCommander[27235:15d1c] [com.apple.AppKit:Window] order window front conditionally: 5bc related: 0
2026-09-14 14:43:10.688 Df PeachCommander[27235:15d1c] [com.apple.AppKit:AutomaticTermination] void _NSEnableAutomaticTerminationAndLog(NSString *) No windows open yet
2026-09-14 14:43:10.689 I  PeachCommander[27235:15d1c] [com.apple.AppKit:Intelligence] starting collection observation
2026-09-14 14:43:10.689 Df PeachCommander[27235:15d21] [com.apple.UIIntelligenceSupport:xpc] establishing connection to agent
2026-09-14 14:43:10.689 Df PeachCommander[27235:15d21] [com.apple.xpc:session] [0x7981f5130] Session created.
2026-09-14 14:43:10.689 Df PeachCommander[27235:15d21] [com.apple.xpc:session] [0x7981f5130] Session created from connection [0x79953a300]
2026-09-14 14:43:10.689 Df PeachCommander[27235:15d21] [com.apple.xpc:connection] [0x79953a300] activating connection: mach=true listener=false peer=false name=com.apple.uiintelligencesupport.agent
2026-09-14 14:43:10.689 Df PeachCommander[27235:15d21] [com.apple.xpc:session] [0x7981f5130] Session activated
2026-09-14 14:43:10.689 I  PeachCommander[27235:15d1c] [com.apple.SkyLight:processes] 0[outside of RPC]: SLSSetFrontProcessWithInfo(0x0-0x2 window=0 options=0x1
2026-09-14 14:43:10.690 Df PeachCommander[27235:15d1f] [com.apple.UIIntelligenceSupport:xpc] Connection established with agent PID: 1205
2026-09-14 14:43:10.690 I  PeachCommander[27235:15d1c] [com.apple.launchservices:cas] information in shared memory for 0x0-0x16d16d with seed 535 was still valid, so using cached info { "ApplicationType"="Foreground", "BuildMachineOSBuild"="25E246", "BundleIdentifierLowerCase"="com.peachcommander.app", "CFBundleDevelopmentRegion"="en", "CFBundleDocumentTypes"=( { "CFBundleTypeName"="Peach Commander Plugin Package", "CFBundleTypeRole"="Viewer", "LSHandlerRank"="Owner", "LSItemContentTypes"=( "com.peachcommander.plugin-package") }), "CFBundleExecutable"="PeachCommander", "CFBundleExecutablePath"="/Users/admin/pc-test/PeachCommander.app/Contents/MacOS/PeachCommander", "CFBundleExecutablePathDeviceID"=16777227, "CFBundleExecutablePathINode"=488133, "CFBundleHelpBookFolder"="PeachCommander.help", "CFBundleHelpBookName"="Peach Commander Help", "CFBundleIconFile"="AppIcon", "CFBundleIconName"="AppIcon", "CFBundleIdentifier"="com.peachcommander.app", "CFBundleInfoDictionaryVersion"="6.0", "CFBundleName"="PeachCommander", "CFBundleNameLowerCase"="peachcommander", "CFBundleNumericVersion"=402685952, "CFBundlePackageType"="APPL", "CFBundleShortVersionString"="0.9.0", "CFBun<…>
2026-09-14 14:43:10.690 Df PeachCommander[27235:15d1c] [com.apple.xpc:connection] [0x79953a440] activating connection: mach=true listener=false peer=false name=com.apple.FileCoordination
2026-09-14 14:43:10.691 Df PeachCommander[27235:15d1f] [com.apple.foundation.filecoordination:presenter] Adding presenter 6D412997-D173-4E9B-8564-15EBCA116522 for URL: <private>
2026-09-14 14:43:10.691 I  PeachCommander[27235:15d1c] [com.apple.launchservices:cas] information in shared memory for 0x0-0x16d16d with seed 535 was still valid, so using cached info { "ApplicationType"="Foreground", "BuildMachineOSBuild"="25E246", "BundleIdentifierLowerCase"="com.peachcommander.app", "CFBundleDevelopmentRegion"="en", "CFBundleDocumentTypes"=( { "CFBundleTypeName"="Peach Commander Plugin Package", "CFBundleTypeRole"="Viewer", "LSHandlerRank"="Owner", "LSItemContentTypes"=( "com.peachcommander.plugin-package") }), "CFBundleExecutable"="PeachCommander", "CFBundleExecutablePath"="/Users/admin/pc-test/PeachCommander.app/Contents/MacOS/PeachCommander", "CFBundleExecutablePathDeviceID"=16777227, "CFBundleExecutablePathINode"=488133, "CFBundleHelpBookFolder"="PeachCommander.help", "CFBundleHelpBookName"="Peach Commander Help", "CFBundleIconFile"="AppIcon", "CFBundleIconName"="AppIcon", "CFBundleIdentifier"="com.peachcommander.app", "CFBundleInfoDictionaryVersion"="6.0", "CFBundleName"="PeachCommander", "CFBundleNameLowerCase"="peachcommander", "CFBundleNumericVersion"=402685952, "CFBundlePackageType"="APPL", "CFBundleShortVersionString"="0.9.0", "CFBun<…>
2026-09-14 14:43:10.693 I  PeachCommander[27235:15d1c] [com.apple.AppKit:Window] order all windows front 1874246056750
2026-09-14 14:43:10.693 I  PeachCommander[27235:15d1c] [com.apple.launchservices:cas] information in shared memory for 0x0-0x16d16d with seed 535 was still valid, so using cached info { "ApplicationType"="Foreground", "BuildMachineOSBuild"="25E246", "BundleIdentifierLowerCase"="com.peachcommander.app", "CFBundleDevelopmentRegion"="en", "CFBundleDocumentTypes"=( { "CFBundleTypeName"="Peach Commander Plugin Package", "CFBundleTypeRole"="Viewer", "LSHandlerRank"="Owner", "LSItemContentTypes"=( "com.peachcommander.plugin-package") }), "CFBundleExecutable"="PeachCommander", "CFBundleExecutablePath"="/Users/admin/pc-test/PeachCommander.app/Contents/MacOS/PeachCommander", "CFBundleExecutablePathDeviceID"=16777227, "CFBundleExecutablePathINode"=488133, "CFBundleHelpBookFolder"="PeachCommander.help", "CFBundleHelpBookName"="Peach Commander Help", "CFBundleIconFile"="AppIcon", "CFBundleIconName"="AppIcon", "CFBundleIdentifier"="com.peachcommander.app", "CFBundleInfoDictionaryVersion"="6.0", "CFBundleName"="PeachCommander", "CFBundleNameLowerCase"="peachcommander", "CFBundleNumericVersion"=402685952, "CFBundlePackageType"="APPL", "CFBundleShortVersionString"="0.9.0", "CFBun<…>
2026-09-14 14:43:10.693 I  PeachCommander[27235:15d1c] [com.apple.showhide:pr-59900543] SHOWHIDE: CONFIRM, id=608, err=0
2026-09-14 14:43:10.693 I  PeachCommander[27235:15d1c] [com.apple.AppKit:Window] context (0 -> cb3e82b1) for window 5bb
2026-09-14 14:43:10.693 I  PeachCommander[27235:15d1c] [com.apple.AppKit:Window] context (0 -> 8bf67ee8) for window 5ba
2026-09-14 14:43:10.693 I  PeachCommander[27235:15d1c] [com.apple.AppKit:Window] context (0 -> 17209895) for window 5b9
2026-09-14 14:43:10.693 I  PeachCommander[27235:15d1c] [com.apple.AppKit:Window] context (0 -> 37353760) for window 5b8
2026-09-14 14:43:10.717 Df PeachCommander[27235:15d1c] [com.apple.AppKit:AutomaticTermination] void _updateToReflectAutomaticTerminationState(void) Setting _kLSApplicationWouldBeTerminatedByTALKey=0
2026-09-14 14:43:10.717 I  PeachCommander[27235:15d1c] [com.apple.runningboard:assertion] Acquiring assertion: <RBSAssertionDescriptor| "AppNap adapter assertion" ID:(null) target:27235>
2026-09-14 14:43:10.751 A  PeachCommander[27235:15d22] (RunningBoardServices) didChangeInheritances
2026-09-14 14:43:10.779 Df PeachCommander[27235:15d1c] [com.apple.libsystem.libdispatch:] DEPRECATED USE in libdispatch client: dispatch source activated with no event handler set; set a breakpoint on _dispatch_bug_deprecated to debug
2026-09-14 14:43:10.873 I  PeachCommander[27235:15d1c] [com.apple.coreanimation:Utilities] IOSurface Compression Enabled: NO
2026-09-14 14:43:10.874 Df PeachCommander[27235:15d1f] [com.apple.coreanimation:Metal] Precompiled pipelines disabled on unsupported hardware.
2026-09-14 14:43:10.885 I  PeachCommander[27235:15d1c] [com.apple.CarbonCore:gestalt] SetGestaltValuesBulk SetGestaltValuesBulk( count=22 tuples=0x18552e650
2026-09-14 14:43:10.885 I  PeachCommander[27235:15d1c] [com.apple.CarbonCore:gestalt] SetGestaltValue SetGestaltValue(alis 1C9) => 0
2026-09-14 14:43:10.885 I  PeachCommander[27235:15d1c] [com.apple.CarbonCore:gestalt] SetGestaltValue SetGestaltValue(os   FE) => 0
2026-09-14 14:43:10.885 I  PeachCommander[27235:15d1c] [com.apple.CarbonCore:gestalt] SetGestaltValue SetGestaltValue(addr 7) => 0
2026-09-14 14:43:10.885 I  PeachCommander[27235:15d1c] [com.apple.CarbonCore:gestalt] SetGestaltValue SetGestaltValue(fs   3D332) => 0
2026-09-14 14:43:10.885 I  PeachCommander[27235:15d1c] [com.apple.CarbonCore:gestalt] SetGestaltValue SetGestaltValue(fold 11) => 0
2026-09-14 14:43:10.885 I  PeachCommander[27235:15d1c] [com.apple.CarbonCore:gestalt] SetGestaltValue SetGestaltValue(lram 7FFFF000) => 0
2026-09-14 14:43:10.885 I  PeachCommander[27235:15d1c] [com.apple.CarbonCore:gestalt] SetGestaltValue SetGestaltValue(mmap 1) => 0
2026-09-14 14:43:10.885 I  PeachCommander[27235:15d1c] [com.apple.CarbonCore:gestalt] SetGestaltValue SetGestaltValue(cfrg 1) => 0
2026-09-14 14:43:10.885 I  PeachCommander[27235:15d1c] [com.apple.CarbonCore:gestalt] SetGestaltValue SetGestaltValue(thds 7) => 0
2026-09-14 14:43:10.885 I  PeachCommander[27235:15d1c] [com.apple.CarbonCore:gestalt] SetGestaltValue SetGestaltValue(tmgr E) => 0
2026-09-14 14:43:10.885 I  PeachCommander[27235:15d1c] [com.apple.CarbonCore:gestalt] SetGestaltValue SetGestaltValue(vers 7) => 0
2026-09-14 14:43:10.885 I  PeachCommander[27235:15d1c] [com.apple.CarbonCore:gestalt] SetGestaltValue SetGestaltValue(cbon 160) => 0
2026-09-14 14:43:10.885 I  PeachCommander[27235:15d1c] [com.apple.CarbonCore:gestalt] SetGestaltValue SetGestaltValue(cltn 1108000) => 0
2026-09-14 14:43:10.885 I  PeachCommander[27235:15d1c] [com.apple.CarbonCore:gestalt] SetGestaltValue SetGestaltValue(cpnt 8) => 0
2026-09-14 14:43:10.885 I  PeachCommander[27235:15d1c] [com.apple.CarbonCore:gestalt] SetGestaltValue SetGestaltValue(rsrc 3) => 0
2026-09-14 14:43:10.885 I  PeachCommander[27235:15d1c] [com.apple.CarbonCore:gestalt] SetGestaltValue SetGestaltValue(rmbg 11F) => 0
2026-09-14 14:43:10.885 I  PeachCommander[27235:15d1c] [com.apple.CarbonCore:gestalt] SetGestaltValue SetGestaltValue(vm   11) => 0
2026-09-14 14:43:10.885 I  PeachCommander[27235:15d1c] [com.apple.CarbonCore:gestalt] SetGestaltValue SetGestaltValue(srad 4170706C) => 0
2026-09-14 14:43:10.885 I  PeachCommander[27235:15d1c] [com.apple.CarbonCore:gestalt] SetGestaltValue SetGestaltValue(sysa 14) => 0
2026-09-14 14:43:10.885 I  PeachCommander[27235:15d1c] [com.apple.CarbonCore:gestalt] SetGestaltValue SetGestaltValue(copl 9) => 0
2026-09-14 14:43:10.885 I  PeachCommander[27235:15d1c] [com.apple.CarbonCore:gestalt] SetGestaltValue SetGestaltValue(xlat 0) => 0
2026-09-14 14:43:10.885 I  PeachCommander[27235:15d1c] [com.apple.CarbonCore:gestalt] SetGestaltValue SetGestaltValue(stdf 0) => 0
2026-09-14 14:43:10.885 I  PeachCommander[27235:15d1c] [com.apple.CarbonCore:gestalt] _NewGestalt _NewGestalt(ram  0x1854a7644) => 0
2026-09-14 14:43:10.885 I  PeachCommander[27235:15d1c] [com.apple.CarbonCore:gestalt] _NewGestalt _NewGestalt(ramm 0x1854a7644) => 0
2026-09-14 14:43:10.885 I  PeachCommander[27235:15d1c] [com.apple.CarbonCore:gestalt] _NewGestalt _NewGestalt(cput 0x1854a7734) => 0
2026-09-14 14:43:10.885 I  PeachCommander[27235:15d1c] [com.apple.CarbonCore:gestalt] _NewGestalt _NewGestalt(cpuf 0x1854a7764) => 0
2026-09-14 14:43:10.885 I  PeachCommander[27235:15d1c] [com.apple.CarbonCore:gestalt] _NewGestalt _NewGestalt(bclk 0x1854a7794) => 0
2026-09-14 14:43:10.885 I  PeachCommander[27235:15d1c] [com.apple.CarbonCore:gestalt] _NewGestalt _NewGestalt(bclm 0x1854a7794) => 0
2026-09-14 14:43:10.885 I  PeachCommander[27235:15d1c] [com.apple.CarbonCore:gestalt] _NewGestalt _NewGestalt(pclk 0x1854a7834) => 0
2026-09-14 14:43:10.885 I  PeachCommander[27235:15d1c] [com.apple.CarbonCore:gestalt] _NewGestalt _NewGestalt(mclk 0x1854a7834) => 0
2026-09-14 14:43:10.885 I  PeachCommander[27235:15d1c] [com.apple.CarbonCore:gestalt] _NewGestalt _NewGestalt(a/ux 0x1854a794c) => 0
2026-09-14 14:43:10.885 I  PeachCommander[27235:15d1c] [com.apple.CarbonCore:gestalt] _NewGestalt _NewGestalt(pgsz 0x1854a7954) => 0
2026-09-14 14:43:10.885 I  PeachCommander[27235:15d1c] [com.apple.CarbonCore:gestalt] _NewGestalt _NewGestalt(csiz 0x1854a7994) => 0
2026-09-14 14:43:10.885 I  PeachCommander[27235:15d1c] [com.apple.CarbonCore:gestalt] _NewGestalt _NewGestalt(sysv 0x185452dfc) => 0
2026-09-14 14:43:10.885 I  PeachCommander[27235:15d1c] [com.apple.CarbonCore:gestalt] _NewGestalt _NewGestalt(sys1 0x185452dfc) => 0
2026-09-14 14:43:10.885 I  PeachCommander[27235:15d1c] [com.apple.CarbonCore:gestalt] _NewGestalt _NewGestalt(sys2 0x185452dfc) => 0
2026-09-14 14:43:10.885 I  PeachCommander[27235:15d1c] [com.apple.CarbonCore:gestalt] _NewGestalt _NewGestalt(sys3 0x185452dfc) => 0
2026-09-14 14:43:10.885 I  PeachCommander[27235:15d1c] [com.apple.CarbonCore:gestalt] _NewGestalt _NewGestalt(cdfl 0x1854a79d4) => 0
2026-09-14 14:43:10.885 I  PeachCommander[27235:15d1c] [com.apple.CarbonCore:gestalt] _NewGestalt _NewGestalt(cdrm 0x1854a7c30) => 0
2026-09-14 14:43:10.885 I  PeachCommander[27235:15d1c] [com.apple.CarbonCore:gestalt] _NewGestalt _NewGestalt(cpus 0x1854a7c78) => 0
2026-09-14 14:43:10.885 I  PeachCommander[27235:15d1c] [com.apple.CarbonCore:gestalt] SetGestaltValue SetGestaltValue(swex 1) => 0
2026-09-14 14:43:10.885 Df PeachCommander[27235:15d1c] [com.apple.xpc:connection] [0x79953b980] activating connection: mach=false listener=false peer=false name=com.apple.hiservices-xpcservice
2026-09-14 14:43:10.886 I  PeachCommander[27235:15d1c] [com.apple.CFPasteboard:entry] CopyData('ApplePerContextInputPasteboard' (<CFUUID 0x7978b0520> 19F3EEAB-AFA0-4876-A2A2-44F30DA6DD4E) gen: -1 item: 1264739405 flavor: 'ApplePerContextInputFlavor')
2026-09-14 14:43:10.886 I  PeachCommander[27235:15d1c] [com.apple.CFPasteboard:cache] Rebuilding cache for 'ApplePerContextInputPasteboard' (<CFUUID 0x7978b0520> 19F3EEAB-AFA0-4876-A2A2-44F30DA6DD4E)
2026-09-14 14:43:10.886 I  PeachCommander[27235:15d1c] [com.apple.CFPasteboard:general] Will request data from daemon
2026-09-14 14:43:10.886 I  PeachCommander[27235:15d1c] [com.apple.CFPasteboard:exit] (not-in-cache) - result: 0 generation: 1 data (182 bytes) flags: 0
2026-09-14 14:43:10.886 I  PeachCommander[27235:15d1c] [com.apple.CFPasteboard:entry] CopyData('DefaultAsciiKeyboardLayoutPasteboard' (<CFUUID 0x798c3dfc0> 6B251AED-D93C-44BF-8B56-EE87A40BC6CB) gen: -1 item: 1264739405 flavor: 'DefaultAsciiKeyboardLayoutFlavor')
2026-09-14 14:43:10.886 I  PeachCommander[27235:15d1c] [com.apple.CFPasteboard:exit] (not-in-cache) - result: -8 generation: 0 null data flags: 0
2026-09-14 14:43:10.889 I  PeachCommander[27235:15d1c] [com.apple.AppKit:Window] context (0 -> 38c49c75) for window 5bd
2026-09-14 14:43:10.890 Df PeachCommander[27235:15d1c] [com.apple.inputmethodkitClient:Client] +[IMKClient subclass]: chose IMKClient_Modern
2026-09-14 14:43:10.890 Df PeachCommander[27235:15d1c] [com.apple.BoardServices:XPCErrors] [C:2] Alloc com.apple.backboard.hid-services.xpc
2026-09-14 14:43:10.890 Df PeachCommander[27235:15d1c] [com.apple.xpc:connection] [0x79953bac0] activating connection: mach=false listener=false peer=false name=(anonymous)
2026-09-14 14:43:10.890 E  PeachCommander[27235:15d1f] [com.apple.BaseBoard:Common] Unable to obtain a task name port right for pid 165: (os/kern) failure (0x5)
2026-09-14 14:43:10.890 Df PeachCommander[27235:15d1f] [com.apple.xpc:connection] [0x79953a940] activating connection: mach=false listener=false peer=false name=com.apple.TextInputUI.xpc.CursorUIViewService
2026-09-14 14:43:10.890 Df PeachCommander[27235:15d22] [com.apple.xpc:connection] [0x79953a940] invalidated after the last release of the connection object
2026-09-14 14:43:10.891 I  PeachCommander[27235:15d1c] [com.apple.CFPasteboard:entry] CopyData('DefaultAsciiKeyboardLayoutPasteboard' (<CFUUID 0x798c3dfc0> 6B251AED-D93C-44BF-8B56-EE87A40BC6CB) gen: -1 item: 1264739405 flavor: 'DefaultAsciiKeyboardLayoutFlavor')
2026-09-14 14:43:10.891 I  PeachCommander[27235:15d1c] [com.apple.CFPasteboard:exit] (not-in-cache) - result: -8 generation: 0 null data flags: 0
2026-09-14 14:43:10.891 Df PeachCommander[27235:15d1c] [com.apple.xpc:connection] [0x79953a6c0] activating connection: mach=false listener=false peer=false name=(anonymous)
2026-09-14 14:43:10.891 Df PeachCommander[27235:15d1c] [com.apple.xpc:connection] [0x79953a940] activating connection: mach=false listener=false peer=false name=com.apple.ViewBridgeAuxiliary
2026-09-14 14:43:10.891 Df PeachCommander[27235:15d1c] [com.apple.xpc:connection] [0x79953a580] activating connection: mach=false listener=false peer=false name=(anonymous)
2026-09-14 14:43:10.891 Df PeachCommander[27235:15d1c] [com.apple.xpc:connection] [0x79953a940] invalidated after the last release of the connection object
2026-09-14 14:43:10.907 Df PeachCommander[27235:15d1c] [com.apple.TextInputUI:CursorUI] -[TUINSCursorUIController activate:]_block_invoke: Create CursorUIViewService: TUINSRemoteViewController
2026-09-14 14:43:10.907 I  PeachCommander[27235:15d1c] [com.apple.AppKit:Window] window <TUINSWindow: 0x79790ca00> windowNumber=5bd finishing close
2026-09-14 14:43:10.908 I  PeachCommander[27235:15d1c] [com.apple.AppKit:Window] order window: 5bd op: 0 relative: 0 related: 0
2026-09-14 14:43:10.909 A  PeachCommander[27235:15d22] (CoreFoundation) Loading Preferences From System CFPrefsD
2026-09-14 14:43:10.994 I  PeachCommander[27235:15d1c] [com.apple.iconservices:foundation] layer data size zero
2026-09-14 14:43:10.995 A  PeachCommander[27235:15d1c] (CoreFoundation) Loading Preferences From User CFPrefsD
2026-09-14 14:43:10.995 I  PeachCommander[27235:15d1c] [com.apple.CoreAnalytics:client] Dropping "com.apple.ImageIO.readerSelection" as it isn't used in any transform (not in the config or budgeted?)
2026-09-14 14:43:11.012 I  PeachCommander[27235:15d1c] [com.apple.CoreAnalytics:client] Dropping "com.apple.appkit.app_config" as it isn't used in any transform (not in the config or budgeted?)
2026-09-14 14:43:11.012 I  PeachCommander[27235:15d1c] [com.apple.SafariPlatformSupport:SafariPlatformSupport] -[SFSafariPlatformSupport credentialSelected:] with nil credential
2026-09-14 14:43:11.012 I  PeachCommander[27235:15d1c] [com.apple.SafariPlatformSupport:SafariPlatformSupport] -[SFSafariPlatformSupport oneTimeCodeSelected:] with nil code
2026-09-14 14:43:11.012 Df PeachCommander[27235:15d22] [com.apple.xpc:connection] [0x79953a940] activating connection: mach=false listener=false peer=false name=com.apple.SafariPlatformSupport.Helper
2026-09-14 14:43:11.018 Df PeachCommander[27235:15d1c] [com.apple.BoardServices:XPCErrors] [C:3] Alloc com.apple.backboard.hid-services.xpc
2026-09-14 14:43:11.018 Df PeachCommander[27235:15d1c] [com.apple.xpc:connection] [0x799539cc0] activating connection: mach=false listener=false peer=false name=(anonymous)
2026-09-14 14:43:11.018 Df PeachCommander[27235:15d27] [com.apple.BackBoard:EventDelivery] BKSHIDEventDeliveryManager - connection activation
2026-09-14 14:43:11.018 I  PeachCommander[27235:15d1c] [com.peachcommander:PCFoundation] Session restored
2026-09-14 14:43:11.018 Df PeachCommander[27235:15d1c] (Foundation) <private>
2026-09-14 14:43:11.018 I  PeachCommander[27235:15d1c] [com.peachcommander:PCFoundation] [automation] running /Users/admin/auto.txt
2026-09-14 14:43:11.018 Df PeachCommander[27235:15d1c] (Foundation) <private>
2026-09-14 14:43:11.018 I  PeachCommander[27235:15d1c] [com.peachcommander:PCFoundation] [automation] > active left
2026-09-14 14:43:11.019 Df PeachCommander[27235:15d1c] (Foundation) <private>
2026-09-14 14:43:11.019 I  PeachCommander[27235:15d1c] [com.peachcommander:PCFoundation] [automation] > left /Users/admin/pc-demo
2026-09-14 14:43:11.069 Df PeachCommander[27235:15d1c] [com.apple.xpc:connection] [0x799539f40] activating connection: mach=false listener=false peer=false name=(anonymous)
2026-09-14 14:43:11.069 Df PeachCommander[27235:15d1c] [com.apple.xpc:connection] [0x79953b0c0] activating connection: mach=false listener=false peer=false name=(anonymous)
2026-09-14 14:43:11.121 I  PeachCommander[27235:15d1c] [com.apple.launchservices:datasep] application record search init. Node: <FSNode 0x799a2d4e0> { isDir = y, path = <private> } bundleID: (null) itemID: 0
2026-09-14 14:43:11.121 I  PeachCommander[27235:15d1c] [com.apple.launchservices:datasep] application record search init. Node: <FSNode 0x799a2d4e0> { isDir = y, path = <private> } bundleID: (null) itemID: 0
2026-09-14 14:43:11.121 I  PeachCommander[27235:15d1c] [com.apple.SafariPlatformSupport:SafariPlatformSupport] -[SFSafariPlatformSupport credentialSelected:] with nil credential
2026-09-14 14:43:11.121 I  PeachCommander[27235:15d1c] [com.apple.SafariPlatformSupport:SafariPlatformSupport] -[SFSafariPlatformSupport oneTimeCodeSelected:] with nil code
2026-09-14 14:43:11.124 I  PeachCommander[27235:15dd1] [com.apple.AppKit:WindowTab] Indexing 1 items
2026-09-14 14:43:11.124 A  PeachCommander[27235:15dd1] (CoreSpotlight) end-index-batch
2026-09-14 14:43:11.124 Df PeachCommander[27235:15dd1] [com.apple.corespotlight:index] *warn* MailCS ======%%% _setMailMessageAttributes skip:1
2026-09-14 14:43:11.124 A  PeachCommander[27235:15dd1] (CoreSpotlight) index-items
2026-09-14 14:43:11.124 Df PeachCommander[27235:15dd1] [com.apple.corespotlight:index] CSInlineDonation:<private>: Skipping donation (feature flag disabled)
2026-09-14 14:43:11.124 Df PeachCommander[27235:15dd1] [com.apple.corespotlight:index] CSInlineDonation:<private>: Skipping donation (feature flag disabled)
2026-09-14 14:43:11.219 Df PeachCommander[27235:15d1f] [com.apple.xpc:connection] [0x79953a940] invalidated after the last release of the connection object
2026-09-14 14:43:11.219 I  PeachCommander[27235:15d1c] [com.apple.launchservices:cas] Removing cached information for app [ 0x0-0x16d16d]  "PeachCommander", as its seed is different from that in shared memory ( 535 vs 537)
2026-09-14 14:43:11.280 I  PeachCommander[27235:15d1c] [com.apple.HIToolbox:MBDisplays] <private>
2026-09-14 14:43:11.280 I  PeachCommander[27235:15d1c] [com.apple.HIToolbox:MBDisplays] <private>
2026-09-14 14:43:11.287 Df PeachCommander[27235:15d1c] (Foundation) <private>
2026-09-14 14:43:11.287 I  PeachCommander[27235:15d1c] [com.peachcommander:PCFoundation] [automation] > wait 1200
2026-09-14 14:43:11.306 I  PeachCommander[27235:15d1c] [com.apple.iconservices:foundation] layer data size zero
2026-09-14 14:43:11.344 I  PeachCommander[27235:15d1c] [com.apple.iconservices:foundation] layer data size zero
2026-09-14 14:43:11.344 I  PeachCommander[27235:15d1c] [com.apple.iconservices:foundation] layer data size zero
2026-09-14 14:43:11.344 I  PeachCommander[27235:15d1c] [com.apple.iconservices:foundation] layer data size zero
2026-09-14 14:43:11.345 I  PeachCommander[27235:15d1c] [com.apple.SafariPlatformSupport:SafariPlatformSupport] -[SPSafariPlatformSupport completionListPreferredContentSizeDidUpdate] with size {0, 0}, in window that is visible
2026-09-14 14:43:11.857 I  PeachCommander[27235:15d22] [com.apple.AppKit:WindowTab] Indexing 1 items
2026-09-14 14:43:11.857 A  PeachCommander[27235:15d22] (CoreSpotlight) end-index-batch
2026-09-14 14:43:11.857 A  PeachCommander[27235:15d22] (CoreSpotlight) index-items
2026-09-14 14:43:11.858 Df PeachCommander[27235:15d22] [com.apple.corespotlight:index] CSInlineDonation:<private>: Skipping donation (feature flag disabled)
2026-09-14 14:43:11.858 Df PeachCommander[27235:15d22] [com.apple.corespotlight:index] CSInlineDonation:<private>: Skipping donation (feature flag disabled)
2026-09-14 14:43:12.541 Df PeachCommander[27235:15d1c] (Foundation) <private>
2026-09-14 14:43:12.542 I  PeachCommander[27235:15d1c] [com.peachcommander:PCFoundation] [automation] > cmd cm_SrcLong
2026-09-14 14:43:12.542 Df PeachCommander[27235:15d1c] (Foundation) <private>
2026-09-14 14:43:12.542 I  PeachCommander[27235:15d1c] [com.peachcommander:PCFoundation] [automation] > wait 800
2026-09-14 14:43:13.347 Df PeachCommander[27235:15d1c] (Foundation) <private>
2026-09-14 14:43:13.347 I  PeachCommander[27235:15d1c] [com.peachcommander:PCFoundation] [automation] > menudump /Users/admin/menu.txt
2026-09-14 14:43:13.351 Df PeachCommander[27235:15d1c] (Foundation) <private>
2026-09-14 14:43:13.351 Df PeachCommander[27235:15d1c] (Foundation) <private>
2026-09-14 14:43:13.351 I  PeachCommander[27235:15d1c] [com.peachcommander:PCFoundation] [automation] > keyloop /Users/admin/keyloop-main.txt
2026-09-14 14:43:13.380 Df PeachCommander[27235:15d1c] (Foundation) <private>
2026-09-14 14:43:13.381 Df PeachCommander[27235:15d1c] (Foundation) <private>
2026-09-14 14:43:13.381 I  PeachCommander[27235:15d1c] [com.peachcommander:PCFoundation] [automation] > a11ydump /Users/admin/a11y-main.txt
2026-09-14 14:43:13.386 Df PeachCommander[27235:15d1c] (Foundation) <private>
2026-09-14 14:43:13.386 Df PeachCommander[27235:15d1c] (Foundation) <private>
2026-09-14 14:43:13.386 I  PeachCommander[27235:15d1c] [com.peachcommander:PCFoundation] [automation] > wait 500
2026-09-14 14:43:13.892 Df PeachCommander[27235:15d1c] (Foundation) <private>
2026-09-14 14:43:13.892 I  PeachCommander[27235:15d1c] [com.peachcommander:PCFoundation] [automation] > panelsdump /Users/admin/keys-main-done.txt
2026-09-14 14:43:13.895 Df PeachCommander[27235:15d1c] (Foundation) <private>
2026-09-14 14:43:13.895 I  PeachCommander[27235:15d1c] [com.peachcommander:PCFoundation] [automation] > wait 300
2026-09-14 14:43:14.198 Df PeachCommander[27235:15d1c] (Foundation) <private>
2026-09-14 14:43:14.198 I  PeachCommander[27235:15d1c] [com.peachcommander:PCFoundation] [automation] done
