Timestamp               Ty Process[PID:TID]
2026-09-14 14:43:46.340 A  PeachCommander[27890:16501] (libsystem_info.dylib) Retrieve User by ID
2026-09-14 14:43:46.340 Df PeachCommander[27890:16501] [com.apple.xpc:connection] [0x1066be5f0] activating connection: mach=true listener=false peer=false name=com.apple.cfprefsd.daemon
2026-09-14 14:43:46.341 Df PeachCommander[27890:16508] [com.apple.xpc:connection] [0x1066bed20] activating connection: mach=true listener=false peer=false name=com.apple.cfprefsd.agent
2026-09-14 14:43:46.342 Df PeachCommander[27890:16501] [com.apple.xpc:connection] [0x1066c4d40] activating connection: mach=true listener=false peer=false name=com.apple.coreservices.launchservicesd
2026-09-14 14:43:46.342 I  PeachCommander[27890:16501] [com.apple.launchservices:cas] Registering for notification <private> on default queue, to re-boostrap client connection.
2026-09-14 14:43:46.342 Df PeachCommander[27890:16501] [com.apple.xpc:connection] [0x72d070000] activating connection: mach=true listener=false peer=false name=com.apple.pasteboard.1
2026-09-14 14:43:46.342 Df PeachCommander[27890:16501] [com.apple.xpc:connection] [0x72d070140] activating connection: mach=true listener=false peer=false name=com.apple.distributed_notifications@Uv3
2026-09-14 14:43:46.344 Df PeachCommander[27890:16501] [com.apple.AppKit:AutomaticTermination] void _NSDisableAutomaticTerminationAndLog(NSString *) No windows open yet
2026-09-14 14:43:46.344 A  PeachCommander[27890:16501] (TCC) TCCAccessRequest() IPC
2026-09-14 14:43:46.344 Df PeachCommander[27890:16501] [com.apple.xpc:connection] [0x72d070280] activating connection: mach=true listener=false peer=false name=com.apple.tccd.system
2026-09-14 14:43:46.344 I  PeachCommander[27890:16501] [com.apple.TCC:access] SEND: 0/7 synchronous to com.apple.tccd.system: request: msgID=27890.1, function=TCCAccessRequest, service=kTCCServiceListenEvent,
2026-09-14 14:43:46.345 I  PeachCommander[27890:16501] [com.apple.TCC:access] RECV: synchronous reply <dictionary: 0x72cc58000> { count = 5, transaction: 0, voucher = 0x0, contents =
	"prompt_type" => <uint64: 0xa8a1c9094e7dced7>: 1
	"auth_value" => <uint64: 0xa8a1c9094e7dced7>: 1
	"preflight_unknown" => <bool: 0x1eec3d190>: true
	"auth_version" => <uint64: 0xa8a1c9094e7dced7>: 1
	"auth_reason" => <uint64: 0xa8a1c9094e7dcef7>: 5
}
2026-09-14 14:43:46.345 Df PeachCommander[27890:16501] [com.apple.xpc:connection] [0x72d070280] invalidated after the last release of the connection object
2026-09-14 14:43:46.345 Df PeachCommander[27890:16501] [com.apple.SkyLight:default] server port 0x0000310b, session port 0x0000310b
2026-09-14 14:43:46.347 Df PeachCommander[27890:16501] [com.apple.SkyLight:default] New connection 0x7fd2b main
2026-09-14 14:43:46.348 I  PeachCommander[27890:16509] [com.apple.SkyLight:processes] 0[outside of RPC]: First connection id 523563 mapped to ctx = 0x1066cd5c0
2026-09-14 14:43:46.348 I  PeachCommander[27890:16501] [com.apple.hiservices:processmgr] Checking in with CAS, pid=27890
2026-09-14 14:43:46.348 I  PeachCommander[27890:16501] [com.apple.launchservices:cas] LSApplicationCheckIn(), app being registered is:"/Users/admin/pc-test/PeachCommander.app/Contents/MacOS/PeachCommander"
2026-09-14 14:43:46.348 I  PeachCommander[27890:16501] [com.apple.launchservices:cas]  { "ApplicationType"="Foreground", "BuildMachineOSBuild"="25E246", "CFBundleDevelopmentRegion"="en", "CFBundleDocumentTypes"=( { "CFBundleTypeName"="Peach Commander Plugin Package", "CFBundleTypeRole"="Viewer", "LSHandlerRank"="Owner", "LSItemContentTypes"=( "com.peachcommander.plugin-package") }), "CFBundleExecutable"="PeachCommander", "CFBundleExecutablePath"="/Users/admin/pc-test/PeachCommander.app/Contents/MacOS/PeachCommander", "CFBundleHelpBookFolder"="PeachCommander.help", "CFBundleHelpBookName"="Peach Commander Help", "CFBundleIconFile"="AppIcon", "CFBundleIconName"="AppIcon", "CFBundleIdentifier"="com.peachcommander.app", "CFBundleInfoDictionaryVersion"="6.0", "CFBundleName"="PeachCommander", "CFBundleNumericVersion"=402685952, "CFBundlePackageType"="APPL", "CFBundleShortVersionString"="0.9.0", "CFBundleSignature"="?????", "CFBundleSupportedPlatforms"=( "MacOSX"), "CFBundleVersion"="18", "DTCompiler"="com.apple.compilers.llvm.clang.1_0", "DTPlatformBuild"="25F70", "DTPlatformName"="macosx", "<…>
2026-09-14 14:43:46.348 Df PeachCommander[27890:16501] [com.apple.processmanager:front-35286506] CHECKIN: pid=27890
2026-09-14 14:43:46.350 Df PeachCommander[27890:16501] [com.apple.processmanager:front-35286506] CHECKEDIN: pid=27890 asn=0x0-0x175175 foreground=1
2026-09-14 14:43:46.350 I  PeachCommander[27890:16501] [com.apple.launchservices:cas] Setting processControlState to default PROC_SETPC_SUSPEND because application does not have LSProcessControlValue key
2026-09-14 14:43:46.350 Df PeachCommander[27890:16501] [com.apple.xpc:connection] [0x72d070280] activating connection: mach=false listener=true peer=false name=(anonymous)
2026-09-14 14:43:46.350 Df PeachCommander[27890:16501] [com.apple.xpc:connection] [0x72d070280] Connection returned listener port: 0x5403
2026-09-14 14:43:46.350 Df PeachCommander[27890:16508] [com.apple.xpc:connection] [0x72ccb8300] activating connection: mach=false listener=false peer=true name=com.apple.xpc.anonymous.0x72d070280.peer[131].0x72ccb8300
2026-09-14 14:43:46.350 Df PeachCommander[27890:16501] [com.apple.processmanager:front-35286506] FRONTLOGGING: version 1
2026-09-14 14:43:46.350 Df PeachCommander[27890:16501] [com.apple.processmanager:front-35286506] Registered, pid=27890 ASN=0x0,0x175175
2026-09-14 14:43:46.350 Df PeachCommander[27890:16501] [com.apple.xpc:connection] [0x72d0703c0] activating connection: mach=true listener=false peer=false name=com.apple.analyticsd
2026-09-14 14:43:46.350 I  PeachCommander[27890:16501] [com.apple.CoreAnalytics:client] Daemon status changed from 0 to 1
2026-09-14 14:43:46.351 I  PeachCommander[27890:16508] [com.apple.CarbonCore:coreservicesdaemon] SCSession():SCSession( id=100, this=0x0x1066c4220 option=65538) created, forUID=501 mach_port_t=0x4503.
2026-09-14 14:43:46.351 I  PeachCommander[27890:16508] [com.apple.CarbonCore:coreservicesdaemon] SCSession():SCSession( id=101, this=0x0x1066c4360 option=65538) created, forUID=501 mach_port_t=0x4403.
2026-09-14 14:43:46.351 I  PeachCommander[27890:16508] [com.apple.CarbonCore:coreservicesdaemon] connectToCoreServicesD():Instantiating server (coreservicesd based) SCSession, port=0x4503 serverOptions=0x10002.
2026-09-14 14:43:46.351 I  PeachCommander[27890:16501] [com.apple.hiservices:processmgr] _RegisterApplication( pid 27890 => 0x0,0x175175) type=foreground
2026-09-14 14:43:46.351 Df PeachCommander[27890:16501] [com.apple.xpc:connection] [0x72d070280] Connection returned listener port: 0x5403
2026-09-14 14:43:46.351 I  PeachCommander[27890:16501] [com.apple.launchservices:cas] CFArrayRef _LSCopyLaunchModifiers(LSSessionID, LSASNRef _Nonnull), result for psn [ kLSCurrentApp ASN, 0x0,0x2]  is 1 items.
2026-09-14 14:43:46.351 Df PeachCommander[27890:16501] [com.apple.processmanager:front-35286506] BringForward: pid=27890 asn=0x0-0x175175 bringForward=1 foreground=1 uiElement=0 launchedByLS=1 modifiersCount=1 allDisabled=1
2026-09-14 14:43:46.351 Df PeachCommander[27890:16501] [com.apple.processmanager:front-35286506] BringFrontModifier: pid=27890 asn=0x0-0x175175 Modifier 0 hideAfter=0 hideOthers=0 dontMakeFrontmost=0 mouseDown=0/0 seed=0/0
2026-09-14 14:43:46.351 Df PeachCommander[27890:16501] [com.apple.processmanager:front-35286506] BringForward: pid=27890 asn=0x0-0x175175
2026-09-14 14:43:46.351 Df PeachCommander[27890:16508] [com.apple.xpc:connection] [0x72d070500] activating connection: mach=true listener=false peer=false name=com.apple.lsd.mapdb
2026-09-14 14:43:46.351 Df PeachCommander[27890:16501] [com.apple.processmanager:front-35286506] SetFrontProcess: asn=0x0-0x175175 options=0
2026-09-14 14:43:46.351 I  PeachCommander[27890:16501] [com.apple.SkyLight:processes] 0[outside of RPC]: SLPSetFrontProcess(0x0-0x175175 window=0 options=0x0
2026-09-14 14:43:46.351 Df PeachCommander[27890:1650d] [com.apple.CoreAnalytics:client] Received configuration update from daemon (initial)
2026-09-14 14:43:46.352 Df PeachCommander[27890:16501] [com.apple.AppKit:Appearance] Current system appearance, (HLTB: 1), (SLS: 0)
2026-09-14 14:43:46.352 I  PeachCommander[27890:16509] [com.apple.launchservices:cas] information in shared memory for 0x0-0x175175 with seed 533 was still valid, so using cached info { "ApplicationType"="Foreground", "BuildMachineOSBuild"="25E246", "BundleIdentifierLowerCase"="com.peachcommander.app", "CFBundleDevelopmentRegion"="en", "CFBundleDocumentTypes"=( { "CFBundleTypeName"="Peach Commander Plugin Package", "CFBundleTypeRole"="Viewer", "LSHandlerRank"="Owner", "LSItemContentTypes"=( "com.peachcommander.plugin-package") }), "CFBundleExecutable"="PeachCommander", "CFBundleExecutablePath"="/Users/admin/pc-test/PeachCommander.app/Contents/MacOS/PeachCommander", "CFBundleExecutablePathDeviceID"=16777227, "CFBundleExecutablePathINode"=488133, "CFBundleHelpBookFolder"="PeachCommander.help", "CFBundleHelpBookName"="Peach Commander Help", "CFBundleIconFile"="AppIcon", "CFBundleIconName"="AppIcon", "CFBundleIdentifier"="com.peachcommander.app", "CFBundleInfoDictionaryVersion"="6.0", "CFBundleName"="PeachCommander", "CFBundleNameLowerCase"="peachcommander", "CFBundleNumericVersion"=402685952, "CFBundlePackageType"="APPL", "CFBundleShortVersionString"="0.9.0", "CFBun<…>
2026-09-14 14:43:46.352 I  PeachCommander[27890:16508] [com.apple.launchservices:db] LaunchServices database schema version: 20971544
2026-09-14 14:43:46.353 Df PeachCommander[27890:16501] (libMobileGestalt.dylib) No persisted cache on this platform.
2026-09-14 14:43:46.354 Df PeachCommander[27890:16501] (libMobileGestalt.dylib) Could not get size of EAN data (IOConnectCallScalarMethod kAppleNVMeEANGetSize returned 0xE00002E2)
2026-09-14 14:43:46.354 Df PeachCommander[27890:16501] (libMobileGestalt.dylib) Failed to copy 'aptk' from EAN
2026-09-14 14:43:46.354 Df PeachCommander[27890:16501] (libMobileGestalt.dylib) Failed to copy APTicket properties. Falling back to default policy.
2026-09-14 14:43:46.354 Df PeachCommander[27890:16501] (libMobileGestalt.dylib) Creating default MGSysConfigPolicy
2026-09-14 14:43:46.354 Df PeachCommander[27890:16501] (libMobileGestalt.dylib) CFDictionaryRef copySyscfgDictionary(void) enumeration of <private> failed.
2026-09-14 14:43:46.354 Df PeachCommander[27890:16501] (libMobileGestalt.dylib) Failed to find key <private>
2026-09-14 14:43:46.355 Df PeachCommander[27890:16501] [com.apple.AppKit:Appearance] Current system appearance, (HLTB: 1), (SLS: 0)
2026-09-14 14:43:46.355 Df PeachCommander[27890:16501] [com.apple.AppKit:Appearance] Post-registration system appearance: (HLTB: 1)
2026-09-14 14:43:46.356 I  PeachCommander[27890:16508] [com.apple.launchservices:default] Unable to load Info.plist exceptions (eGPUOverrides)
2026-09-14 14:43:46.356 I  PeachCommander[27890:16508] [com.apple.launchservices:default] Unable to load Info.plist exceptions (gameModeOverrides)
2026-09-14 14:43:46.356 I  PeachCommander[27890:16508] [com.apple.launchservices:default] Unable to load Info.plist exceptions (identifiedGameOverrides)
2026-09-14 14:43:46.356 I  PeachCommander[27890:16508] [com.apple.launchservices:default] Unable to load Info.plist exceptions (SystemHiddenPreferred)
2026-09-14 14:43:46.357 Df PeachCommander[27890:16501] [com.apple.FrontBoard:Common] FBSWorkspace: endpoint monitoring is disabled.
2026-09-14 14:43:46.357 Df PeachCommander[27890:16501] [com.apple.FrontBoard:Common] FBSWorkspace: default shell endpoint is disabled.
2026-09-14 14:43:46.357 Df PeachCommander[27890:16501] [com.apple.runningboard:connection] Initializing connection
2026-09-14 14:43:46.357 Df PeachCommander[27890:16501] [com.apple.runningboard:process] Removing all cached process handles
2026-09-14 14:43:46.357 Df PeachCommander[27890:16509] [com.apple.runningboard:connection] Sending handshake request attempt #1 to server
2026-09-14 14:43:46.357 Df PeachCommander[27890:16509] [com.apple.runningboard:connection] Creating connection to com.apple.runningboard
2026-09-14 14:43:46.357 Df PeachCommander[27890:16509] [com.apple.xpc:connection] [0x72d070640] activating connection: mach=true listener=false peer=false name=com.apple.runningboard
2026-09-14 14:43:46.357 Df PeachCommander[27890:16501] [com.apple.xpc:connection] [0x72d070280] Connection returned listener port: 0x5403
2026-09-14 14:43:46.357 A  PeachCommander[27890:1650d] (RunningBoardServices) didChangeInheritances
2026-09-14 14:43:46.357 I  PeachCommander[27890:16501] [com.apple.launchservices:cas] information in shared memory for 0x0-0x175175 with seed 533 was still valid, so using cached info { "ApplicationType"="Foreground", "BuildMachineOSBuild"="25E246", "BundleIdentifierLowerCase"="com.peachcommander.app", "CFBundleDevelopmentRegion"="en", "CFBundleDocumentTypes"=( { "CFBundleTypeName"="Peach Commander Plugin Package", "CFBundleTypeRole"="Viewer", "LSHandlerRank"="Owner", "LSItemContentTypes"=( "com.peachcommander.plugin-package") }), "CFBundleExecutable"="PeachCommander", "CFBundleExecutablePath"="/Users/admin/pc-test/PeachCommander.app/Contents/MacOS/PeachCommander", "CFBundleExecutablePathDeviceID"=16777227, "CFBundleExecutablePathINode"=488133, "CFBundleHelpBookFolder"="PeachCommander.help", "CFBundleHelpBookName"="Peach Commander Help", "CFBundleIconFile"="AppIcon", "CFBundleIconName"="AppIcon", "CFBundleIdentifier"="com.peachcommander.app", "CFBundleInfoDictionaryVersion"="6.0", "CFBundleName"="PeachCommander", "CFBundleNameLowerCase"="peachcommander", "CFBundleNumericVersion"=402685952, "CFBundlePackageType"="APPL", "CFBundleShortVersionString"="0.9.0", "CFBun<…>
2026-09-14 14:43:46.357 Df PeachCommander[27890:16509] [com.apple.runningboard:connection] Handshake succeeded
2026-09-14 14:43:46.357 Df PeachCommander[27890:16509] [com.apple.runningboard:connection] Identity resolved as app<application.com.peachcommander.app.487096.488133(501)>
2026-09-14 14:43:46.358 Df PeachCommander[27890:16501] [com.apple.xpc:connection] [0x72d070280] Connection returned listener port: 0x5403
2026-09-14 14:43:46.359 A  PeachCommander[27890:1650d] (AppIntents) appintents:register process
2026-09-14 14:43:46.359 Df PeachCommander[27890:1650d] [com.apple.appintents:Connection] Created a new Process Instance Registry XPC connection (inactive)
2026-09-14 14:43:46.359 Df PeachCommander[27890:1650d] [com.apple.xpc:connection] [0x72d070780] activating connection: mach=true listener=false peer=false name=com.apple.linkd.autoShortcut
2026-09-14 14:43:46.359 Df PeachCommander[27890:1650d] [com.apple.appintents:Connection] Activated connection to linkd (ApplicationService)
2026-09-14 14:43:46.359 Df PeachCommander[27890:1650d] [com.apple.xpc:connection] [0x72d070a00] activating connection: mach=false listener=true peer=false name=(anonymous)
2026-09-14 14:43:46.359 I  PeachCommander[27890:16501] [com.apple.launchservices:cas] information in shared memory for 0x0-0x175175 with seed 533 was still valid, so using cached info { "ApplicationType"="Foreground", "BuildMachineOSBuild"="25E246", "BundleIdentifierLowerCase"="com.peachcommander.app", "CFBundleDevelopmentRegion"="en", "CFBundleDocumentTypes"=( { "CFBundleTypeName"="Peach Commander Plugin Package", "CFBundleTypeRole"="Viewer", "LSHandlerRank"="Owner", "LSItemContentTypes"=( "com.peachcommander.plugin-package") }), "CFBundleExecutable"="PeachCommander", "CFBundleExecutablePath"="/Users/admin/pc-test/PeachCommander.app/Contents/MacOS/PeachCommander", "CFBundleExecutablePathDeviceID"=16777227, "CFBundleExecutablePathINode"=488133, "CFBundleHelpBookFolder"="PeachCommander.help", "CFBundleHelpBookName"="Peach Commander Help", "CFBundleIconFile"="AppIcon", "CFBundleIconName"="AppIcon", "CFBundleIdentifier"="com.peachcommander.app", "CFBundleInfoDictionaryVersion"="6.0", "CFBundleName"="PeachCommander", "CFBundleNameLowerCase"="peachcommander", "CFBundleNumericVersion"=402685952, "CFBundlePackageType"="APPL", "CFBundleShortVersionString"="0.9.0", "CFBun<…>
2026-09-14 14:43:46.359 I  PeachCommander[27890:16501] [com.apple.hiservices:processmgr] TransformProcessType(0x0,0x2 => 1 wasFront=1 pickNew=0)
2026-09-14 14:43:46.360 I  PeachCommander[27890:16501] [com.apple.CoreAnalytics:client] Dropping "com.apple.appkit.app_config" as it isn't used in any transform (not in the config or budgeted?)
2026-09-14 14:43:46.360 I  PeachCommander[27890:1650d] [com.apple.appintents:Execution] LNAppConnectionListener instantiated
2026-09-14 14:43:46.360 Df PeachCommander[27890:1650d] [com.apple.xpc:connection] [0x72d070a00] Connection returned listener port: 0x6d03
2026-09-14 14:43:46.360 Df PeachCommander[27890:16501] [com.apple.dt.xctest:Default] Registering for test daemon availability notify post.
2026-09-14 14:43:46.360 Df PeachCommander[27890:16509] [com.apple.xpc:connection] [0x72d070780] Re-initialization successful; calling out to event handler with XPC_ERROR_CONNECTION_INTERRUPTED
2026-09-14 14:43:46.360 Df PeachCommander[27890:16509] [com.apple.appintents:Connection] Process Instance Registry XPC connection has been interrupted
2026-09-14 14:43:46.360 E  PeachCommander[27890:1650d] [com.apple.appintents:Connection] Unable to get synchronousRemoteObjectProxy, error: Error Domain=NSCocoaErrorDomain Code=4097 "connection to service named com.apple.linkd.autoShortcut" UserInfo={NSDebugDescription=connection to service named com.apple.linkd.autoShortcut}
2026-09-14 14:43:46.360 Df PeachCommander[27890:16501] [com.apple.dt.xctest:Default] notify_get_state check indicated test daemon not ready.
2026-09-14 14:43:46.360 E  PeachCommander[27890:1650d] [com.apple.AppKit:Application] Error registering app with intents framework: Error Domain=NSCocoaErrorDomain Code=4097 UserInfo={NSDebugDescription=<private>}
2026-09-14 14:43:46.360 Df PeachCommander[27890:16508] [com.apple.appintents:Connection] Created a new Process Instance Registry XPC connection (inactive)
2026-09-14 14:43:46.360 A  PeachCommander[27890:16508] (AppIntents) appintents:register process
2026-09-14 14:43:46.360 Df PeachCommander[27890:16501] [com.apple.dt.xctest:Default] notify_get_state check indicated test daemon not ready.
2026-09-14 14:43:46.360 Df PeachCommander[27890:16508] [com.apple.appintents:Connection] Created a new Process Instance Registry XPC connection (inactive)
2026-09-14 14:43:46.360 Df PeachCommander[27890:16508] [com.apple.xpc:connection] [0x72d070c80] activating connection: mach=true listener=false peer=false name=com.apple.linkd.autoShortcut
2026-09-14 14:43:46.360 Df PeachCommander[27890:16508] [com.apple.appintents:Connection] Activated connection to linkd (ApplicationService)
2026-09-14 14:43:46.360 Df PeachCommander[27890:16508] [com.apple.xpc:connection] [0x72d070a00] Connection returned listener port: 0x6d03
2026-09-14 14:43:46.360 Df PeachCommander[27890:16501] [com.apple.dt.xctest:Default] notify_get_state check indicated test daemon not ready.
2026-09-14 14:43:46.360 Df PeachCommander[27890:1650d] [com.apple.xpc:connection] [0x72d070c80] Re-initialization successful; calling out to event handler with XPC_ERROR_CONNECTION_INTERRUPTED
2026-09-14 14:43:46.360 Df PeachCommander[27890:1650d] [com.apple.appintents:Connection] Process Instance Registry XPC connection has been interrupted
2026-09-14 14:43:46.361 Df PeachCommander[27890:1650d] [com.apple.appintents:Connection] Created a new Process Instance Registry XPC connection (inactive)
2026-09-14 14:43:46.361 A  PeachCommander[27890:1650d] (AppIntents) appintents:register process
2026-09-14 14:43:46.361 Df PeachCommander[27890:1650d] [com.apple.appintents:Connection] Created a new Process Instance Registry XPC connection (inactive)
2026-09-14 14:43:46.361 Df PeachCommander[27890:1650d] [com.apple.xpc:connection] [0x72d0712c0] activating connection: mach=true listener=false peer=false name=com.apple.linkd.autoShortcut
2026-09-14 14:43:46.361 E  PeachCommander[27890:16508] [com.apple.appintents:Connection] Unable to get synchronousRemoteObjectProxy, error: Error Domain=NSCocoaErrorDomain Code=4097 "connection to service named com.apple.linkd.autoShortcut" UserInfo={NSDebugDescription=connection to service named com.apple.linkd.autoShortcut}
2026-09-14 14:43:46.361 E  PeachCommander[27890:16508] [com.apple.appintents:Connection] Unable to re-register with Process Instance Registry, error: Error Domain=NSCocoaErrorDomain Code=4097 "connection to service named com.apple.linkd.autoShortcut" UserInfo={NSDebugDescription=connection to service named com.apple.linkd.autoShortcut}
2026-09-14 14:43:46.361 Df PeachCommander[27890:1650d] [com.apple.appintents:Connection] Activated connection to linkd (ApplicationService)
2026-09-14 14:43:46.361 Df PeachCommander[27890:1650d] [com.apple.xpc:connection] [0x72d070a00] Connection returned listener port: 0x6d03
2026-09-14 14:43:46.362 Df PeachCommander[27890:16508] [com.apple.xpc:connection] [0x72d0712c0] Re-initialization successful; calling out to event handler with XPC_ERROR_CONNECTION_INTERRUPTED
2026-09-14 14:43:46.362 Df PeachCommander[27890:16508] [com.apple.appintents:Connection] Process Instance Registry XPC connection has been interrupted
2026-09-14 14:43:46.362 Df PeachCommander[27890:16508] [com.apple.appintents:Connection] Created a new Process Instance Registry XPC connection (inactive)
2026-09-14 14:43:46.362 A  PeachCommander[27890:16508] (AppIntents) appintents:register process
2026-09-14 14:43:46.362 Df PeachCommander[27890:16508] [com.apple.appintents:Connection] Created a new Process Instance Registry XPC connection (inactive)
2026-09-14 14:43:46.362 Df PeachCommander[27890:16508] [com.apple.xpc:connection] [0x72d071540] activating connection: mach=true listener=false peer=false name=com.apple.linkd.autoShortcut
2026-09-14 14:43:46.362 E  PeachCommander[27890:1650d] [com.apple.appintents:Connection] Unable to get synchronousRemoteObjectProxy, error: Error Domain=NSCocoaErrorDomain Code=4097 "connection to service named com.apple.linkd.autoShortcut" UserInfo={NSDebugDescription=connection to service named com.apple.linkd.autoShortcut}
2026-09-14 14:43:46.362 E  PeachCommander[27890:1650d] [com.apple.appintents:Connection] Unable to re-register with Process Instance Registry, error: Error Domain=NSCocoaErrorDomain Code=4097 "connection to service named com.apple.linkd.autoShortcut" UserInfo={NSDebugDescription=connection to service named com.apple.linkd.autoShortcut}
2026-09-14 14:43:46.362 Df PeachCommander[27890:16508] [com.apple.appintents:Connection] Activated connection to linkd (ApplicationService)
2026-09-14 14:43:46.362 Df PeachCommander[27890:16508] [com.apple.xpc:connection] [0x72d070a00] Connection returned listener port: 0x6d03
2026-09-14 14:43:46.362 Df PeachCommander[27890:1650d] [com.apple.xpc:connection] [0x72d071540] Re-initialization successful; calling out to event handler with XPC_ERROR_CONNECTION_INTERRUPTED
2026-09-14 14:43:46.362 Df PeachCommander[27890:1650d] [com.apple.appintents:Connection] Process Instance Registry XPC connection has been interrupted
2026-09-14 14:43:46.362 E  PeachCommander[27890:1650d] [com.apple.appintents:Connection] Will NOT re-try to establish the connection
2026-09-14 14:43:46.362 E  PeachCommander[27890:16508] [com.apple.appintents:Connection] Unable to get synchronousRemoteObjectProxy, error: Error Domain=NSCocoaErrorDomain Code=4097 "connection to service named com.apple.linkd.autoShortcut" UserInfo={NSDebugDescription=connection to service named com.apple.linkd.autoShortcut}
2026-09-14 14:43:46.362 E  PeachCommander[27890:16508] [com.apple.appintents:Connection] Unable to re-register with Process Instance Registry, error: Error Domain=NSCocoaErrorDomain Code=4097 "connection to service named com.apple.linkd.autoShortcut" UserInfo={NSDebugDescription=connection to service named com.apple.linkd.autoShortcut}
2026-09-14 14:43:46.364 A  PeachCommander[27890:16501] (CoreFoundation) Loading Preferences From System CFPrefsD
2026-09-14 14:43:46.364 Df PeachCommander[27890:16501] (libMobileGestalt.dylib) couldn't load support library
2026-09-14 14:43:46.364 Df PeachCommander[27890:16501] (libMobileGestalt.dylib) called dummy function!
2026-09-14 14:43:46.364 I  PeachCommander[27890:16501] [com.apple.GenerativeModels:availability] Current availability state: unavailable, use cases: com.apple.WritingTools, language: <any>, api: <private>
2026-09-14 14:43:46.364 Df PeachCommander[27890:16501] [com.apple.GenerativeModels:availability] registering darwin observer for name: com.apple.gms.availability.notification
2026-09-14 14:43:46.364 Df PeachCommander[27890:16501] [com.apple.GenerativeModels:availability] registering darwin observer for name: com.apple.os-eligibility-domain.change.greymatter
2026-09-14 14:43:46.364 Df PeachCommander[27890:16501] [com.apple.GenerativeModels:availability] registering darwin observer for name: com.apple.language.changed
2026-09-14 14:43:46.364 Df PeachCommander[27890:16501] [com.apple.WritingTools:Default] isAvailable value changed: isMDMAllowed = true, gmAvailable (current) = false
2026-09-14 14:43:46.366 I  PeachCommander[27890:16501] [com.apple.CoreAnalytics:client] Dropping "com.apple.appkit.app_config" as it isn't used in any transform (not in the config or budgeted?)
2026-09-14 14:43:46.369 Df PeachCommander[27890:16501] [com.apple.AppKit:Appearance] NSApp cache appearance:
-NSRequiresAquaSystemAppearance: 0
-appearance: (null)
-effectiveAppearance: <NSCompositeAppearance: 0x72cc60460
 (
    "<NSAquaAppearance: 0x72cc606e0>",
    "<NSSystemAppearance: 0x72cc60780>"
)>
2026-09-14 14:43:46.371 A  PeachCommander[27890:16501] (CoreFoundation) Loading Preferences From User CFPrefsD
2026-09-14 14:43:46.372 A  PeachCommander[27890:16501] (CoreFoundation) Loading Preferences From User CFPrefsD
2026-09-14 14:43:46.375 A  PeachCommander[27890:16509] (libsystem_info.dylib) Membership API: translate identifier
2026-09-14 14:43:46.378 I  PeachCommander[27890:16501] [com.apple.CoreAnalytics:client] Dropping "com.apple.appkit.app_config" as it isn't used in any transform (not in the config or budgeted?)
2026-09-14 14:43:46.378 I  PeachCommander[27890:16501] [com.apple.CoreAnalytics:client] Dropping "com.apple.appkit.app_config" as it isn't used in any transform (not in the config or budgeted?)
2026-09-14 14:43:46.379 Df PeachCommander[27890:1650d] [com.apple.xpc:connection] [0x72d071a40] activating connection: mach=true listener=false peer=false name=com.apple.dock.fullscreen
2026-09-14 14:43:46.380 Df PeachCommander[27890:16501] [com.apple.xpc:connection] [0x72d071b80] activating connection: mach=true listener=false peer=false name=com.apple.fonts
2026-09-14 14:43:46.382 I  PeachCommander[27890:16501] [com.apple.launchservices:cas] information in shared memory for 0x0-0x175175 with seed 533 was still valid, so using cached info { "ApplicationType"="Foreground", "BuildMachineOSBuild"="25E246", "BundleIdentifierLowerCase"="com.peachcommander.app", "CFBundleDevelopmentRegion"="en", "CFBundleDocumentTypes"=( { "CFBundleTypeName"="Peach Commander Plugin Package", "CFBundleTypeRole"="Viewer", "LSHandlerRank"="Owner", "LSItemContentTypes"=( "com.peachcommander.plugin-package") }), "CFBundleExecutable"="PeachCommander", "CFBundleExecutablePath"="/Users/admin/pc-test/PeachCommander.app/Contents/MacOS/PeachCommander", "CFBundleExecutablePathDeviceID"=16777227, "CFBundleExecutablePathINode"=488133, "CFBundleHelpBookFolder"="PeachCommander.help", "CFBundleHelpBookName"="Peach Commander Help", "CFBundleIconFile"="AppIcon", "CFBundleIconName"="AppIcon", "CFBundleIdentifier"="com.peachcommander.app", "CFBundleInfoDictionaryVersion"="6.0", "CFBundleName"="PeachCommander", "CFBundleNameLowerCase"="peachcommander", "CFBundleNumericVersion"=402685952, "CFBundlePackageType"="APPL", "CFBundleShortVersionString"="0.9.0", "CFBun<…>
2026-09-14 14:43:46.382 I  PeachCommander[27890:16501] [com.apple.CoreAnalytics:client] Dropping "com.apple.appkit.app_config" as it isn't used in any transform (not in the config or budgeted?)
2026-09-14 14:43:46.382 Df PeachCommander[27890:16501] [com.apple.AppKit:AutomaticTermination] -[NSApplication(NSAppssassination) _checkForAutomaticTerminationSupportPossiblyEnablingIt]_block_invoke Enabling automatic termination support.
2026-09-14 14:43:46.383 Df PeachCommander[27890:16501] [com.apple.xpc:connection] [0x72d070dc0] activating connection: mach=true listener=false peer=false name=com.apple.appkit.restoration_storage
2026-09-14 14:43:46.383 I  PeachCommander[27890:16501] [com.apple.launchservices:cas] information in shared memory for 0x0-0x175175 with seed 533 was still valid, so using cached info { "ApplicationType"="Foreground", "BuildMachineOSBuild"="25E246", "BundleIdentifierLowerCase"="com.peachcommander.app", "CFBundleDevelopmentRegion"="en", "CFBundleDocumentTypes"=( { "CFBundleTypeName"="Peach Commander Plugin Package", "CFBundleTypeRole"="Viewer", "LSHandlerRank"="Owner", "LSItemContentTypes"=( "com.peachcommander.plugin-package") }), "CFBundleExecutable"="PeachCommander", "CFBundleExecutablePath"="/Users/admin/pc-test/PeachCommander.app/Contents/MacOS/PeachCommander", "CFBundleExecutablePathDeviceID"=16777227, "CFBundleExecutablePathINode"=488133, "CFBundleHelpBookFolder"="PeachCommander.help", "CFBundleHelpBookName"="Peach Commander Help", "CFBundleIconFile"="AppIcon", "CFBundleIconName"="AppIcon", "CFBundleIdentifier"="com.peachcommander.app", "CFBundleInfoDictionaryVersion"="6.0", "CFBundleName"="PeachCommander", "CFBundleNameLowerCase"="peachcommander", "CFBundleNumericVersion"=402685952, "CFBundlePackageType"="APPL", "CFBundleShortVersionString"="0.9.0", "CFBun<…>
2026-09-14 14:43:46.383 Df PeachCommander[27890:16501] [com.apple.xpc:connection] [0x72d070f00] activating connection: mach=true listener=false peer=false name=com.apple.coreservices.appleevents
2026-09-14 14:43:46.383 I  PeachCommander[27890:16501] [com.apple.appleevents:main] _AEGetRegisteredMachPort() created default port (port:64003/0xfa03 rcv:1 send:1 limit:5) and registered it with server
2026-09-14 14:43:46.383 Df PeachCommander[27890:16501] [com.apple.xpc:connection] [0x72d070280] Connection returned listener port: 0x5403
2026-09-14 14:43:46.383 I  PeachCommander[27890:16501] [com.apple.launchservices:cas] information in shared memory for 0x0-0x175175 with seed 533 was still valid, so using cached info { "ApplicationType"="Foreground", "BuildMachineOSBuild"="25E246", "BundleIdentifierLowerCase"="com.peachcommander.app", "CFBundleDevelopmentRegion"="en", "CFBundleDocumentTypes"=( { "CFBundleTypeName"="Peach Commander Plugin Package", "CFBundleTypeRole"="Viewer", "LSHandlerRank"="Owner", "LSItemContentTypes"=( "com.peachcommander.plugin-package") }), "CFBundleExecutable"="PeachCommander", "CFBundleExecutablePath"="/Users/admin/pc-test/PeachCommander.app/Contents/MacOS/PeachCommander", "CFBundleExecutablePathDeviceID"=16777227, "CFBundleExecutablePathINode"=488133, "CFBundleHelpBookFolder"="PeachCommander.help", "CFBundleHelpBookName"="Peach Commander Help", "CFBundleIconFile"="AppIcon", "CFBundleIconName"="AppIcon", "CFBundleIdentifier"="com.peachcommander.app", "CFBundleInfoDictionaryVersion"="6.0", "CFBundleName"="PeachCommander", "CFBundleNameLowerCase"="peachcommander", "CFBundleNumericVersion"=402685952, "CFBundlePackageType"="APPL", "CFBundleShortVersionString"="0.9.0", "CFBun<…>
2026-09-14 14:43:46.383 Df PeachCommander[27890:16501] [com.apple.processmanager:front-35286506] SignalReady: pid=27890 asn=0x0-0x175175
2026-09-14 14:43:46.383 Df PeachCommander[27890:16501] [com.apple.processmanager:front-35286506] SIGNAL: pid=27890 asn=0x0x-0x175175
2026-09-14 14:43:46.383 I  PeachCommander[27890:16501] [com.apple.appleevents:main] aeGenerateFakeFirstOAPPEventIfNecessary()
2026-09-14 14:43:46.383 I  PeachCommander[27890:16501] [com.apple.appleevents:main] aeGenerateFakeFirstOAPPEventIfNecessary(), needToCreateFakeOAPPEventIfFirstEvent == true
2026-09-14 14:43:46.383 I  PeachCommander[27890:16501] [com.apple.launchservices:cas] Removing cached information for app [ 0x0-0x175175]  "PeachCommander", as its seed is different from that in shared memory ( 533 vs 535)
2026-09-14 14:43:46.384 I  PeachCommander[27890:16501] [com.apple.CFPasteboard:entry] CopyData('DefaultAsciiKeyboardLayoutPasteboard' (<CFUUID 0x72cc3dfc0> 7DBF3041-44D5-4E88-B5B7-4EE3D8346B88) gen: -1 item: 1264739405 flavor: 'DefaultAsciiKeyboardLayoutFlavor')
2026-09-14 14:43:46.384 I  PeachCommander[27890:16501] [com.apple.CFPasteboard:cache] Rebuilding cache for 'DefaultAsciiKeyboardLayoutPasteboard' (<CFUUID 0x72cc3dfc0> 7DBF3041-44D5-4E88-B5B7-4EE3D8346B88)
2026-09-14 14:43:46.384 I  PeachCommander[27890:16501] [com.apple.CFPasteboard:exit] (not-in-cache) - result: -8 generation: 0 null data flags: 0
2026-09-14 14:43:46.384 A  PeachCommander[27890:16501] (CoreFoundation) Loading Preferences From User CFPrefsD
2026-09-14 14:43:46.384 A  PeachCommander[27890:16501] (CoreFoundation) Loading Preferences From System CFPrefsD
2026-09-14 14:43:46.385 I  PeachCommander[27890:16501] [com.apple.CFPasteboard:entry] CopyData('AppleIntlFileCacheModificationDatePasteboard' (<CFUUID 0x72cc3dfe0> E861974D-F1F3-45A6-B915-6FF459647D0C) gen: -1 item: 1 flavor: '-32766 1768845414')
2026-09-14 14:43:46.385 I  PeachCommander[27890:16501] [com.apple.CFPasteboard:cache] Rebuilding cache for 'AppleIntlFileCacheModificationDatePasteboard' (<CFUUID 0x72cc3dfe0> E861974D-F1F3-45A6-B915-6FF459647D0C)
2026-09-14 14:43:46.385 I  PeachCommander[27890:16501] [com.apple.CFPasteboard:general] Will request data from daemon
2026-09-14 14:43:46.385 I  PeachCommander[27890:16501] [com.apple.CFPasteboard:exit] (not-in-cache) - result: 0 generation: 4 data (310 bytes) flags: 0
2026-09-14 14:43:46.385 I  PeachCommander[27890:16501] [com.apple.CFPasteboard:entry] CopyData('AppleIntlFileCacheModificationDatePasteboard' (<CFUUID 0x72cc3dfe0> E861974D-F1F3-45A6-B915-6FF459647D0C) gen: -1 item: 1 flavor: '-32765 1802264953')
2026-09-14 14:43:46.385 I  PeachCommander[27890:16501] [com.apple.CFPasteboard:general] Will request data from daemon
2026-09-14 14:43:46.385 I  PeachCommander[27890:16501] [com.apple.CFPasteboard:exit] (not-in-cache) - result: 0 generation: 4 data (306 bytes) flags: 0
2026-09-14 14:43:46.385 I  PeachCommander[27890:16501] [com.apple.CFPasteboard:entry] CopyData('AppleIntlFileCacheModificationDatePasteboard' (<CFUUID 0x72cc3dfe0> E861974D-F1F3-45A6-B915-6FF459647D0C) gen: -1 item: 1 flavor: '-32764 1802264953')
2026-09-14 14:43:46.385 I  PeachCommander[27890:16501] [com.apple.CFPasteboard:general] Will request data from daemon
2026-09-14 14:43:46.385 I  PeachCommander[27890:16501] [com.apple.CFPasteboard:exit] (not-in-cache) - result: 0 generation: 4 data (281 bytes) flags: 0
2026-09-14 14:43:46.385 I  PeachCommander[27890:16501] [com.apple.CFPasteboard:entry] CopyData('AppleIntlFileCacheModificationDatePasteboard' (<CFUUID 0x72cc3dfe0> E861974D-F1F3-45A6-B915-6FF459647D0C) gen: -1 item: 1 flavor: '-32763 1802264953')
2026-09-14 14:43:46.385 I  PeachCommander[27890:16501] [com.apple.CFPasteboard:general] Will request data from daemon
2026-09-14 14:43:46.385 I  PeachCommander[27890:16501] [com.apple.CFPasteboard:exit] (not-in-cache) - result: 0 generation: 4 data (318 bytes) flags: 0
2026-09-14 14:43:46.385 I  PeachCommander[27890:16501] [com.apple.CFPasteboard:entry] CopyData('AppleIntlFileCacheModificationDatePasteboard' (<CFUUID 0x72cc3dfe0> E861974D-F1F3-45A6-B915-6FF459647D0C) gen: -1 item: 1 flavor: '-32765 1768845414')
2026-09-14 14:43:46.385 I  PeachCommander[27890:16501] [com.apple.CFPasteboard:general] Will request data from daemon
2026-09-14 14:43:46.385 I  PeachCommander[27890:16501] [com.apple.CFPasteboard:exit] (not-in-cache) - result: 0 generation: 4 data (303 bytes) flags: 0
2026-09-14 14:43:46.385 I  PeachCommander[27890:16501] [com.apple.CFPasteboard:entry] CopyData('AppleIntlFileCacheModificationDatePasteboard' (<CFUUID 0x72cc3dfe0> E861974D-F1F3-45A6-B915-6FF459647D0C) gen: -1 item: 1 flavor: '-32763 1768845414')
2026-09-14 14:43:46.385 I  PeachCommander[27890:16501] [com.apple.CFPasteboard:general] Will request data from daemon
2026-09-14 14:43:46.386 I  PeachCommander[27890:16501] [com.apple.CFPasteboard:exit] (not-in-cache) - result: 0 generation: 4 data (315 bytes) flags: 0
2026-09-14 14:43:46.387 I  PeachCommander[27890:16501] [com.apple.launchservices:cas] information in shared memory for 0x0-0x175175 with seed 535 was still valid, so using cached info { "ApplicationType"="Foreground", "BuildMachineOSBuild"="25E246", "BundleIdentifierLowerCase"="com.peachcommander.app", "CFBundleDevelopmentRegion"="en", "CFBundleDocumentTypes"=( { "CFBundleTypeName"="Peach Commander Plugin Package", "CFBundleTypeRole"="Viewer", "LSHandlerRank"="Owner", "LSItemContentTypes"=( "com.peachcommander.plugin-package") }), "CFBundleExecutable"="PeachCommander", "CFBundleExecutablePath"="/Users/admin/pc-test/PeachCommander.app/Contents/MacOS/PeachCommander", "CFBundleExecutablePathDeviceID"=16777227, "CFBundleExecutablePathINode"=488133, "CFBundleHelpBookFolder"="PeachCommander.help", "CFBundleHelpBookName"="Peach Commander Help", "CFBundleIconFile"="AppIcon", "CFBundleIconName"="AppIcon", "CFBundleIdentifier"="com.peachcommander.app", "CFBundleInfoDictionaryVersion"="6.0", "CFBundleName"="PeachCommander", "CFBundleNameLowerCase"="peachcommander", "CFBundleNumericVersion"=402685952, "CFBundlePackageType"="APPL", "CFBundleShortVersionString"="0.9.0", "CFBun<…>
2026-09-14 14:43:46.387 Df PeachCommander[27890:16501] [com.apple.xpc:connection] [0x72d071e00] activating connection: mach=false listener=false peer=false name=com.apple.ViewBridgeAuxiliary
2026-09-14 14:43:46.391 Df PeachCommander[27890:16501] [com.apple.xpc:connection] [0x72d071cc0] activating connection: mach=false listener=false peer=false name=(anonymous)
2026-09-14 14:43:46.391 Df PeachCommander[27890:16501] [com.apple.xpc:connection] [0x72d071f40] activating connection: mach=false listener=true peer=false name=(anonymous)
2026-09-14 14:43:46.391 Df PeachCommander[27890:16501] [com.apple.xpc:connection] [0x72d071f40] Connection returned listener port: 0xf103
2026-09-14 14:43:46.391 Df PeachCommander[27890:16501] [com.apple.xpc:connection] [0x72d071e00] invalidated after the last release of the connection object
2026-09-14 14:43:46.392 I  PeachCommander[27890:16501] [com.apple.showhide:pr-59900543] SHOWHIDE: SHOW id=624 0x0-0x175175, err=0 eventTime=1910049823916 windowID=0
2026-09-14 14:43:46.392 I  PeachCommander[27890:16501] [com.apple.CarbonCore:coreservicesdaemon] findOrCreateCacheable():findOrCreateCacheable(), factoryName=3 cacheableName=<private> fCacheables.size()=0
2026-09-14 14:43:46.392 I  PeachCommander[27890:16501] [com.apple.CarbonCore:coreservicesdaemon] findOrCreateCacheable():findOrCreateCacheable(), result = 0x72cedea80 (should be non-NULL)
2026-09-14 14:43:46.392 Df PeachCommander[27890:16501] [com.apple.AppKit:AutomaticTermination] void _NSDisableAutomaticTerminationAndLog(NSString *) Restoring windows
2026-09-14 14:43:46.392 Df PeachCommander[27890:16501] [com.apple.AppKit:StateRestoration] -[NSApplication _reopenWindowsAsNecessaryIncludingRestorableState:withFullFidelity:completionHandler:] shouldRestoreState=1 hasPersistentStateToRestore=0 shouldStillRestoreStateAfterPrompting=0
2026-09-14 14:43:46.392 Df PeachCommander[27890:16501] [com.apple.xpc:connection] [0x72d071e00] activating connection: mach=true listener=false peer=false name=com.apple.window_proxies
2026-09-14 14:43:46.392 Df PeachCommander[27890:16501] [com.apple.xpc:connection] [0x72d071e00] invalidated because the current process cancelled the connection by calling xpc_connection_cancel()
2026-09-14 14:43:46.392 I  PeachCommander[27890:16501] [com.apple.SkyLight:processes] 0[outside of RPC]: SLSSetFrontProcessWithInfo(0x0-0x2 window=0 options=0x1
2026-09-14 14:43:46.392 I  PeachCommander[27890:16501] [com.apple.CoreAnalytics:client] Dropping "com.apple.appkit.app_config" as it isn't used in any transform (not in the config or budgeted?)
2026-09-14 14:43:46.392 Df PeachCommander[27890:16501] [com.apple.AppKit:AutomaticTermination] void _NSEnableAutomaticTerminationAndLog(NSString *) Restoring windows
2026-09-14 14:43:46.395 I  PeachCommander[27890:16501] [com.apple.CoreAnalytics:client] Dropping "com.apple.appkit.app_config" as it isn't used in any transform (not in the config or budgeted?)
2026-09-14 14:43:46.395 I  PeachCommander[27890:16501] [com.apple.CoreAnalytics:client] Dropping "com.apple.appkit.app_config" as it isn't used in any transform (not in the config or budgeted?)
2026-09-14 14:43:46.403 A  PeachCommander[27890:16501] (CoreFoundation) Loading Preferences From User CFPrefsD
2026-09-14 14:43:46.409 I  PeachCommander[27890:16501] [com.peachcommander:PCFoundation] VolumeManager initialized
2026-09-14 14:43:46.425 Df PeachCommander[27890:16501] [com.apple.BoardServices:XPCErrors] [C:1] Alloc <private>
2026-09-14 14:43:46.425 Df PeachCommander[27890:16501] [com.apple.xpc:connection] [0x72d35d180] activating connection: mach=false listener=false peer=false name=(anonymous)
2026-09-14 14:43:46.427 I  PeachCommander[27890:16501] [com.apple.AppKit:Window] context (0 -> eb8f634b) for window 5e7
2026-09-14 14:43:46.427 Df PeachCommander[27890:1650e] [com.apple.corespotlight:index] (<private>) deleteSearchableItemsWithDomainIdentifiers, protectionClass:(null), domainIdentifiers number:1
2026-09-14 14:43:46.427 A  PeachCommander[27890:1650e] (CoreSpotlight) delete-domains
2026-09-14 14:43:46.427 Df PeachCommander[27890:1650e] [com.apple.corespotlight:index] CSInlineDonation:<private>: Skipping donation (feature flag disabled)
2026-09-14 14:43:46.427 Df PeachCommander[27890:1650e] (CoreSpotlight) sConnectionName: com.apple.spotlight.IndexAgent
2026-09-14 14:43:46.427 Df PeachCommander[27890:1650e] (CoreSpotlight) Start service name com.apple.spotlight.IndexAgent
2026-09-14 14:43:46.427 Df PeachCommander[27890:1650e] [com.apple.xpc:connection] [0x72d35d400] activating connection: mach=true listener=false peer=false name=com.apple.spotlight.IndexAgent
2026-09-14 14:43:46.427 I  PeachCommander[27890:16501] [com.peachcommander:PCFoundation] MainWindowController initialized (config: <private>)
2026-09-14 14:43:46.428 I  PeachCommander[27890:16501] [com.peachcommander:PCFoundation] SelectionState initialized
2026-09-14 14:43:46.428 I  PeachCommander[27890:16501] [com.peachcommander:PCFoundation] DirectoryModel initialized
2026-09-14 14:43:46.428 I  PeachCommander[27890:16501] [com.peachcommander:PCFoundation] VolumeManager initialized
2026-09-14 14:43:46.428 I  PeachCommander[27890:16501] [com.peachcommander:PCFoundation] PanelController initialized for <private> panel
2026-09-14 14:43:46.428 I  PeachCommander[27890:16501] [com.peachcommander:PCFoundation] SelectionState initialized
2026-09-14 14:43:46.428 I  PeachCommander[27890:16501] [com.peachcommander:PCFoundation] DirectoryModel initialized
2026-09-14 14:43:46.428 I  PeachCommander[27890:16501] [com.peachcommander:PCFoundation] VolumeManager initialized
2026-09-14 14:43:46.428 I  PeachCommander[27890:16501] [com.peachcommander:PCFoundation] PanelController initialized for <private> panel
2026-09-14 14:43:46.431 I  PeachCommander[27890:16501] [com.apple.AppKit:Animation] Running new animation: <private>
2026-09-14 14:43:46.431 I  PeachCommander[27890:16501] [com.apple.AppKit:Animation] Running new animation: <private>
2026-09-14 14:43:46.431 I  PeachCommander[27890:16501] [com.apple.AppKit:Animation] Running new animation: <private>
2026-09-14 14:43:46.431 I  PeachCommander[27890:16501] [com.apple.AppKit:Animation] Running new animation: <private>
2026-09-14 14:43:46.431 I  PeachCommander[27890:16501] [com.apple.AppKit:Animation] Running new animation: <private>
2026-09-14 14:43:46.433 A  PeachCommander[27890:16508] (RunningBoardServices) didChangeInheritances
2026-09-14 14:43:46.433 I  PeachCommander[27890:16501] [com.apple.AppKit:Animation] Running new animation: <private>
2026-09-14 14:43:46.433 I  PeachCommander[27890:16501] [com.apple.AppKit:Animation] Running new animation: <private>
2026-09-14 14:43:46.433 I  PeachCommander[27890:16501] [com.apple.AppKit:Animation] Running new animation: <private>
2026-09-14 14:43:46.433 I  PeachCommander[27890:16501] [com.apple.AppKit:Animation] Running new animation: <private>
2026-09-14 14:43:46.433 I  PeachCommander[27890:16501] [com.apple.AppKit:Animation] Running new animation: <private>
2026-09-14 14:43:46.439 I  PeachCommander[27890:16501] [com.apple.CoreAnalytics:client] Dropping "com.apple.appkit.app_config" as it isn't used in any transform (not in the config or budgeted?)
2026-09-14 14:43:46.441 I  PeachCommander[27890:16501] [com.apple.CoreAnalytics:client] Dropping "com.apple.appkit.app_config" as it isn't used in any transform (not in the config or budgeted?)
2026-09-14 14:43:46.445 I  PeachCommander[27890:16501] [com.apple.launchservices:datasep] application record search init. Node: <FSNode 0x72d4e2ba0> { isDir = ?, path = <private> } bundleID: (null) itemID: 0
2026-09-14 14:43:46.446 I  PeachCommander[27890:16501] [com.apple.GenerativeModels:availability] Current availability state: unavailable, use cases: com.apple.Settings.AppleIntelligence,com.apple.Siri.NLRouter, language: en, api: <private>
2026-09-14 14:43:46.446 Df PeachCommander[27890:16501] [com.apple.GenerativeModels:availability] isOkayToHaveAsset: False
2026-09-14 14:43:46.446 E  PeachCommander[27890:16501] [com.apple.siri:Utility] AFIsDeviceGreymatterEligible Missing entitlements for os_eligibility lookup
2026-09-14 14:43:46.446 I  PeachCommander[27890:16501] [com.apple.GenerativeModels:availability] Current availability state: unavailable, use cases: com.apple.Settings.AppleIntelligence, language: en, api: <private>
2026-09-14 14:43:46.446 Df PeachCommander[27890:16501] [com.apple.GenerativeModels:availability] isOkayToHaveAsset: False
2026-09-14 14:43:46.446 Df PeachCommander[27890:16501] [com.apple.siri:Utility] -[AFSystemAssistantExperienceStatusManager fetchGenerativeModelsAvailability] #SAEStatus #cacheUpdate Updating cache:
deviceSupportsSAE: 0 (0)
       saeEnabled: 0 (0)
     saeAvailable: 0 (0)
      swaiEnabled: 0 (0)
        viEnabled: 0 (0)
        siriAvailability:
        <private>
        ((null))
2026-09-14 14:43:46.446 Df PeachCommander[27890:16501] [com.apple.xpc:connection] [0x72d530140] activating connection: mach=true listener=false peer=false name=com.apple.iconservices
2026-09-14 14:43:46.446 Df PeachCommander[27890:16501] [com.apple.xpc:connection] [0x72d530280] activating connection: mach=true listener=false peer=false name=com.apple.iconservices.store
2026-09-14 14:43:46.451 I  PeachCommander[27890:16501] [com.peachcommander:Theme] no user themes in /Users/admin/pc-cfg/themes
2026-09-14 14:43:46.451 Df PeachCommander[27890:16501] [com.apple.AppKit:Appearance] Invalidate NSApp effectiveAppearance
2026-09-14 14:43:46.451 Df PeachCommander[27890:16501] [com.apple.AppKit:Appearance] NSApp cache appearance:
-NSRequiresAquaSystemAppearance: 0
-appearance: (null)
-effectiveAppearance: <NSCompositeAppearance: 0x72cc60460
 (
    "<NSAquaAppearance: 0x72cc606e0>",
    "<NSSystemAppearance: 0x72cc60780>"
)>
2026-09-14 14:43:46.451 A  PeachCommander[27890:1650e] (libsystem_info.dylib) Retrieve Group by ID
2026-09-14 14:43:46.451 I  PeachCommander[27890:16501] [com.peachcommander:PCFoundation] Theme applied: id=system, appearance=system, dark=false, background=#FFFFFF
2026-09-14 14:43:46.477 I  PeachCommander[27890:16501] [com.apple.iconservices:foundation] layer data size zero
2026-09-14 14:43:46.477 I  PeachCommander[27890:16501] [com.apple.CoreAnalytics:client] Dropping "com.apple.appkit.app_config" as it isn't used in any transform (not in the config or budgeted?)
2026-09-14 14:43:46.480 I  PeachCommander[27890:16501] [com.peachcommander:PCFoundation] Keymap loaded: scheme=<private>, 82 effective bindings
2026-09-14 14:43:46.481 I  PeachCommander[27890:16501] [com.apple.AppKit:Animation] Running new animation: <private>
2026-09-14 14:43:46.481 I  PeachCommander[27890:16501] [com.apple.AppKit:Animation] Running new animation: <private>
2026-09-14 14:43:46.481 I  PeachCommander[27890:16501] [com.apple.AppKit:Animation] Running new animation: <private>
2026-09-14 14:43:46.481 I  PeachCommander[27890:16501] [com.apple.AppKit:Animation] Running new animation: <private>
2026-09-14 14:43:46.481 I  PeachCommander[27890:16501] [com.apple.AppKit:Animation] Running new animation: <private>
2026-09-14 14:43:46.481 I  PeachCommander[27890:16501] [com.apple.AppKit:Animation] Running new animation: <private>
2026-09-14 14:43:46.481 I  PeachCommander[27890:16501] [com.apple.AppKit:Animation] Running new animation: <private>
2026-09-14 14:43:46.481 I  PeachCommander[27890:16501] [com.apple.AppKit:Animation] Running new animation: <private>
2026-09-14 14:43:46.481 I  PeachCommander[27890:16501] [com.apple.AppKit:Animation] Running new animation: <private>
2026-09-14 14:43:46.481 I  PeachCommander[27890:16501] [com.apple.AppKit:Animation] Running new animation: <private>
2026-09-14 14:43:46.484 I  PeachCommander[27890:16501] [com.apple.CoreAnalytics:client] Dropping "<private>" as it isn't used in any transform (not in the config or budgeted?)
2026-09-14 14:43:46.484 I  PeachCommander[27890:16501] [com.apple.CoreAnalytics:client] Dropping "<private>" as it isn't used in any transform (not in the config or budgeted?)
2026-09-14 14:43:46.484 I  PeachCommander[27890:16501] [com.apple.CoreAnalytics:client] Dropping "<private>" as it isn't used in any transform (not in the config or budgeted?)
2026-09-14 14:43:46.484 I  PeachCommander[27890:16501] [com.peachcommander:PCFoundation] MainWindowController window loaded
2026-09-14 14:43:46.485 I  PeachCommander[27890:16501] [com.apple.launchservices:cas] information in shared memory for 0x0-0x175175 with seed 535 was still valid, so using cached info { "ApplicationType"="Foreground", "BuildMachineOSBuild"="25E246", "BundleIdentifierLowerCase"="com.peachcommander.app", "CFBundleDevelopmentRegion"="en", "CFBundleDocumentTypes"=( { "CFBundleTypeName"="Peach Commander Plugin Package", "CFBundleTypeRole"="Viewer", "LSHandlerRank"="Owner", "LSItemContentTypes"=( "com.peachcommander.plugin-package") }), "CFBundleExecutable"="PeachCommander", "CFBundleExecutablePath"="/Users/admin/pc-test/PeachCommander.app/Contents/MacOS/PeachCommander", "CFBundleExecutablePathDeviceID"=16777227, "CFBundleExecutablePathINode"=488133, "CFBundleHelpBookFolder"="PeachCommander.help", "CFBundleHelpBookName"="Peach Commander Help", "CFBundleIconFile"="AppIcon", "CFBundleIconName"="AppIcon", "CFBundleIdentifier"="com.peachcommander.app", "CFBundleInfoDictionaryVersion"="6.0", "CFBundleName"="PeachCommander", "CFBundleNameLowerCase"="peachcommander", "CFBundleNumericVersion"=402685952, "CFBundlePackageType"="APPL", "CFBundleShortVersionString"="0.9.0", "CFBun<…>
2026-09-14 14:43:46.485 I  PeachCommander[27890:16501] [com.apple.launchservices:cas] information in shared memory for 0x0-0x175175 with seed 535 was still valid, so using cached info { "ApplicationType"="Foreground", "BuildMachineOSBuild"="25E246", "BundleIdentifierLowerCase"="com.peachcommander.app", "CFBundleDevelopmentRegion"="en", "CFBundleDocumentTypes"=( { "CFBundleTypeName"="Peach Commander Plugin Package", "CFBundleTypeRole"="Viewer", "LSHandlerRank"="Owner", "LSItemContentTypes"=( "com.peachcommander.plugin-package") }), "CFBundleExecutable"="PeachCommander", "CFBundleExecutablePath"="/Users/admin/pc-test/PeachCommander.app/Contents/MacOS/PeachCommander", "CFBundleExecutablePathDeviceID"=16777227, "CFBundleExecutablePathINode"=488133, "CFBundleHelpBookFolder"="PeachCommander.help", "CFBundleHelpBookName"="Peach Commander Help", "CFBundleIconFile"="AppIcon", "CFBundleIconName"="AppIcon", "CFBundleIdentifier"="com.peachcommander.app", "CFBundleInfoDictionaryVersion"="6.0", "CFBundleName"="PeachCommander", "CFBundleNameLowerCase"="peachcommander", "CFBundleNumericVersion"=402685952, "CFBundlePackageType"="APPL", "CFBundleShortVersionString"="0.9.0", "CFBun<…>
2026-09-14 14:43:46.493 I  PeachCommander[27890:16501] [com.apple.AppKit:Window] order window front conditionally: 5e7 related: 0
2026-09-14 14:43:46.493 Df PeachCommander[27890:16501] [com.apple.AppKit:AutomaticTermination] void _NSEnableAutomaticTerminationAndLog(NSString *) No windows open yet
2026-09-14 14:43:46.494 I  PeachCommander[27890:16501] [com.apple.AppKit:Intelligence] starting collection observation
2026-09-14 14:43:46.494 Df PeachCommander[27890:16508] [com.apple.UIIntelligenceSupport:xpc] establishing connection to agent
2026-09-14 14:43:46.494 Df PeachCommander[27890:16508] [com.apple.xpc:session] [0x72c205130] Session created.
2026-09-14 14:43:46.494 Df PeachCommander[27890:16508] [com.apple.xpc:session] [0x72c205130] Session created from connection [0x72d532300]
2026-09-14 14:43:46.494 Df PeachCommander[27890:16508] [com.apple.xpc:connection] [0x72d532300] activating connection: mach=true listener=false peer=false name=com.apple.uiintelligencesupport.agent
2026-09-14 14:43:46.494 Df PeachCommander[27890:16508] [com.apple.xpc:session] [0x72c205130] Session activated
2026-09-14 14:43:46.494 I  PeachCommander[27890:16501] [com.apple.SkyLight:processes] 0[outside of RPC]: SLSSetFrontProcessWithInfo(0x0-0x2 window=0 options=0x1
2026-09-14 14:43:46.494 Df PeachCommander[27890:16508] [com.apple.UIIntelligenceSupport:xpc] Connection established with agent PID: 1205
2026-09-14 14:43:46.494 I  PeachCommander[27890:16501] [com.apple.launchservices:cas] information in shared memory for 0x0-0x175175 with seed 535 was still valid, so using cached info { "ApplicationType"="Foreground", "BuildMachineOSBuild"="25E246", "BundleIdentifierLowerCase"="com.peachcommander.app", "CFBundleDevelopmentRegion"="en", "CFBundleDocumentTypes"=( { "CFBundleTypeName"="Peach Commander Plugin Package", "CFBundleTypeRole"="Viewer", "LSHandlerRank"="Owner", "LSItemContentTypes"=( "com.peachcommander.plugin-package") }), "CFBundleExecutable"="PeachCommander", "CFBundleExecutablePath"="/Users/admin/pc-test/PeachCommander.app/Contents/MacOS/PeachCommander", "CFBundleExecutablePathDeviceID"=16777227, "CFBundleExecutablePathINode"=488133, "CFBundleHelpBookFolder"="PeachCommander.help", "CFBundleHelpBookName"="Peach Commander Help", "CFBundleIconFile"="AppIcon", "CFBundleIconName"="AppIcon", "CFBundleIdentifier"="com.peachcommander.app", "CFBundleInfoDictionaryVersion"="6.0", "CFBundleName"="PeachCommander", "CFBundleNameLowerCase"="peachcommander", "CFBundleNumericVersion"=402685952, "CFBundlePackageType"="APPL", "CFBundleShortVersionString"="0.9.0", "CFBun<…>
2026-09-14 14:43:46.495 Df PeachCommander[27890:16501] [com.apple.xpc:connection] [0x72d532440] activating connection: mach=true listener=false peer=false name=com.apple.FileCoordination
2026-09-14 14:43:46.495 Df PeachCommander[27890:16508] [com.apple.foundation.filecoordination:presenter] Adding presenter 2B0D30DA-CD74-45F9-A568-81F89586B94E for URL: <private>
2026-09-14 14:43:46.495 I  PeachCommander[27890:16501] [com.apple.launchservices:cas] information in shared memory for 0x0-0x175175 with seed 535 was still valid, so using cached info { "ApplicationType"="Foreground", "BuildMachineOSBuild"="25E246", "BundleIdentifierLowerCase"="com.peachcommander.app", "CFBundleDevelopmentRegion"="en", "CFBundleDocumentTypes"=( { "CFBundleTypeName"="Peach Commander Plugin Package", "CFBundleTypeRole"="Viewer", "LSHandlerRank"="Owner", "LSItemContentTypes"=( "com.peachcommander.plugin-package") }), "CFBundleExecutable"="PeachCommander", "CFBundleExecutablePath"="/Users/admin/pc-test/PeachCommander.app/Contents/MacOS/PeachCommander", "CFBundleExecutablePathDeviceID"=16777227, "CFBundleExecutablePathINode"=488133, "CFBundleHelpBookFolder"="PeachCommander.help", "CFBundleHelpBookName"="Peach Commander Help", "CFBundleIconFile"="AppIcon", "CFBundleIconName"="AppIcon", "CFBundleIdentifier"="com.peachcommander.app", "CFBundleInfoDictionaryVersion"="6.0", "CFBundleName"="PeachCommander", "CFBundleNameLowerCase"="peachcommander", "CFBundleNumericVersion"=402685952, "CFBundlePackageType"="APPL", "CFBundleShortVersionString"="0.9.0", "CFBun<…>
2026-09-14 14:43:46.498 I  PeachCommander[27890:16501] [com.apple.AppKit:Window] order all windows front 1910049823916
2026-09-14 14:43:46.498 I  PeachCommander[27890:16501] [com.apple.launchservices:cas] information in shared memory for 0x0-0x175175 with seed 535 was still valid, so using cached info { "ApplicationType"="Foreground", "BuildMachineOSBuild"="25E246", "BundleIdentifierLowerCase"="com.peachcommander.app", "CFBundleDevelopmentRegion"="en", "CFBundleDocumentTypes"=( { "CFBundleTypeName"="Peach Commander Plugin Package", "CFBundleTypeRole"="Viewer", "LSHandlerRank"="Owner", "LSItemContentTypes"=( "com.peachcommander.plugin-package") }), "CFBundleExecutable"="PeachCommander", "CFBundleExecutablePath"="/Users/admin/pc-test/PeachCommander.app/Contents/MacOS/PeachCommander", "CFBundleExecutablePathDeviceID"=16777227, "CFBundleExecutablePathINode"=488133, "CFBundleHelpBookFolder"="PeachCommander.help", "CFBundleHelpBookName"="Peach Commander Help", "CFBundleIconFile"="AppIcon", "CFBundleIconName"="AppIcon", "CFBundleIdentifier"="com.peachcommander.app", "CFBundleInfoDictionaryVersion"="6.0", "CFBundleName"="PeachCommander", "CFBundleNameLowerCase"="peachcommander", "CFBundleNumericVersion"=402685952, "CFBundlePackageType"="APPL", "CFBundleShortVersionString"="0.9.0", "CFBun<…>
2026-09-14 14:43:46.498 I  PeachCommander[27890:16501] [com.apple.showhide:pr-59900543] SHOWHIDE: CONFIRM, id=624, err=0
2026-09-14 14:43:46.498 I  PeachCommander[27890:16501] [com.apple.AppKit:Window] context (0 -> 5b662f22) for window 5e6
2026-09-14 14:43:46.498 I  PeachCommander[27890:16501] [com.apple.AppKit:Window] context (0 -> 67f8ab86) for window 5e5
2026-09-14 14:43:46.498 I  PeachCommander[27890:16501] [com.apple.AppKit:Window] context (0 -> 1cc28768) for window 5e4
2026-09-14 14:43:46.498 I  PeachCommander[27890:16501] [com.apple.AppKit:Window] context (0 -> 26dede2a) for window 5e3
2026-09-14 14:43:46.523 Df PeachCommander[27890:16501] [com.apple.AppKit:AutomaticTermination] void _updateToReflectAutomaticTerminationState(void) Setting _kLSApplicationWouldBeTerminatedByTALKey=0
2026-09-14 14:43:46.524 I  PeachCommander[27890:16501] [com.apple.runningboard:assertion] Acquiring assertion: <RBSAssertionDescriptor| "AppNap adapter assertion" ID:(null) target:27890>
2026-09-14 14:43:46.558 A  PeachCommander[27890:16509] (RunningBoardServices) didChangeInheritances
2026-09-14 14:43:46.580 Df PeachCommander[27890:16501] [com.apple.libsystem.libdispatch:] DEPRECATED USE in libdispatch client: dispatch source activated with no event handler set; set a breakpoint on _dispatch_bug_deprecated to debug
2026-09-14 14:43:46.671 I  PeachCommander[27890:16501] [com.apple.coreanimation:Utilities] IOSurface Compression Enabled: NO
2026-09-14 14:43:46.672 Df PeachCommander[27890:16509] [com.apple.coreanimation:Metal] Precompiled pipelines disabled on unsupported hardware.
2026-09-14 14:43:46.683 I  PeachCommander[27890:16501] [com.apple.CarbonCore:gestalt] SetGestaltValuesBulk SetGestaltValuesBulk( count=22 tuples=0x18552e650
2026-09-14 14:43:46.683 I  PeachCommander[27890:16501] [com.apple.CarbonCore:gestalt] SetGestaltValue SetGestaltValue(alis 1C9) => 0
2026-09-14 14:43:46.683 I  PeachCommander[27890:16501] [com.apple.CarbonCore:gestalt] SetGestaltValue SetGestaltValue(os   FE) => 0
2026-09-14 14:43:46.683 I  PeachCommander[27890:16501] [com.apple.CarbonCore:gestalt] SetGestaltValue SetGestaltValue(addr 7) => 0
2026-09-14 14:43:46.683 I  PeachCommander[27890:16501] [com.apple.CarbonCore:gestalt] SetGestaltValue SetGestaltValue(fs   3D332) => 0
2026-09-14 14:43:46.683 I  PeachCommander[27890:16501] [com.apple.CarbonCore:gestalt] SetGestaltValue SetGestaltValue(fold 11) => 0
2026-09-14 14:43:46.683 I  PeachCommander[27890:16501] [com.apple.CarbonCore:gestalt] SetGestaltValue SetGestaltValue(lram 7FFFF000) => 0
2026-09-14 14:43:46.683 I  PeachCommander[27890:16501] [com.apple.CarbonCore:gestalt] SetGestaltValue SetGestaltValue(mmap 1) => 0
2026-09-14 14:43:46.683 I  PeachCommander[27890:16501] [com.apple.CarbonCore:gestalt] SetGestaltValue SetGestaltValue(cfrg 1) => 0
2026-09-14 14:43:46.683 I  PeachCommander[27890:16501] [com.apple.CarbonCore:gestalt] SetGestaltValue SetGestaltValue(thds 7) => 0
2026-09-14 14:43:46.683 I  PeachCommander[27890:16501] [com.apple.CarbonCore:gestalt] SetGestaltValue SetGestaltValue(tmgr E) => 0
2026-09-14 14:43:46.683 I  PeachCommander[27890:16501] [com.apple.CarbonCore:gestalt] SetGestaltValue SetGestaltValue(vers 7) => 0
2026-09-14 14:43:46.683 I  PeachCommander[27890:16501] [com.apple.CarbonCore:gestalt] SetGestaltValue SetGestaltValue(cbon 160) => 0
2026-09-14 14:43:46.683 I  PeachCommander[27890:16501] [com.apple.CarbonCore:gestalt] SetGestaltValue SetGestaltValue(cltn 1108000) => 0
2026-09-14 14:43:46.683 I  PeachCommander[27890:16501] [com.apple.CarbonCore:gestalt] SetGestaltValue SetGestaltValue(cpnt 8) => 0
2026-09-14 14:43:46.683 I  PeachCommander[27890:16501] [com.apple.CarbonCore:gestalt] SetGestaltValue SetGestaltValue(rsrc 3) => 0
2026-09-14 14:43:46.683 I  PeachCommander[27890:16501] [com.apple.CarbonCore:gestalt] SetGestaltValue SetGestaltValue(rmbg 11F) => 0
2026-09-14 14:43:46.683 I  PeachCommander[27890:16501] [com.apple.CarbonCore:gestalt] SetGestaltValue SetGestaltValue(vm   11) => 0
2026-09-14 14:43:46.683 I  PeachCommander[27890:16501] [com.apple.CarbonCore:gestalt] SetGestaltValue SetGestaltValue(srad 4170706C) => 0
2026-09-14 14:43:46.683 I  PeachCommander[27890:16501] [com.apple.CarbonCore:gestalt] SetGestaltValue SetGestaltValue(sysa 14) => 0
2026-09-14 14:43:46.683 I  PeachCommander[27890:16501] [com.apple.CarbonCore:gestalt] SetGestaltValue SetGestaltValue(copl 9) => 0
2026-09-14 14:43:46.683 I  PeachCommander[27890:16501] [com.apple.CarbonCore:gestalt] SetGestaltValue SetGestaltValue(xlat 0) => 0
2026-09-14 14:43:46.683 I  PeachCommander[27890:16501] [com.apple.CarbonCore:gestalt] SetGestaltValue SetGestaltValue(stdf 0) => 0
2026-09-14 14:43:46.683 I  PeachCommander[27890:16501] [com.apple.CarbonCore:gestalt] _NewGestalt _NewGestalt(ram  0x1854a7644) => 0
2026-09-14 14:43:46.683 I  PeachCommander[27890:16501] [com.apple.CarbonCore:gestalt] _NewGestalt _NewGestalt(ramm 0x1854a7644) => 0
2026-09-14 14:43:46.683 I  PeachCommander[27890:16501] [com.apple.CarbonCore:gestalt] _NewGestalt _NewGestalt(cput 0x1854a7734) => 0
2026-09-14 14:43:46.683 I  PeachCommander[27890:16501] [com.apple.CarbonCore:gestalt] _NewGestalt _NewGestalt(cpuf 0x1854a7764) => 0
2026-09-14 14:43:46.683 I  PeachCommander[27890:16501] [com.apple.CarbonCore:gestalt] _NewGestalt _NewGestalt(bclk 0x1854a7794) => 0
2026-09-14 14:43:46.683 I  PeachCommander[27890:16501] [com.apple.CarbonCore:gestalt] _NewGestalt _NewGestalt(bclm 0x1854a7794) => 0
2026-09-14 14:43:46.683 I  PeachCommander[27890:16501] [com.apple.CarbonCore:gestalt] _NewGestalt _NewGestalt(pclk 0x1854a7834) => 0
2026-09-14 14:43:46.683 I  PeachCommander[27890:16501] [com.apple.CarbonCore:gestalt] _NewGestalt _NewGestalt(mclk 0x1854a7834) => 0
2026-09-14 14:43:46.683 I  PeachCommander[27890:16501] [com.apple.CarbonCore:gestalt] _NewGestalt _NewGestalt(a/ux 0x1854a794c) => 0
2026-09-14 14:43:46.683 I  PeachCommander[27890:16501] [com.apple.CarbonCore:gestalt] _NewGestalt _NewGestalt(pgsz 0x1854a7954) => 0
2026-09-14 14:43:46.683 I  PeachCommander[27890:16501] [com.apple.CarbonCore:gestalt] _NewGestalt _NewGestalt(csiz 0x1854a7994) => 0
2026-09-14 14:43:46.683 I  PeachCommander[27890:16501] [com.apple.CarbonCore:gestalt] _NewGestalt _NewGestalt(sysv 0x185452dfc) => 0
2026-09-14 14:43:46.683 I  PeachCommander[27890:16501] [com.apple.CarbonCore:gestalt] _NewGestalt _NewGestalt(sys1 0x185452dfc) => 0
2026-09-14 14:43:46.683 I  PeachCommander[27890:16501] [com.apple.CarbonCore:gestalt] _NewGestalt _NewGestalt(sys2 0x185452dfc) => 0
2026-09-14 14:43:46.683 I  PeachCommander[27890:16501] [com.apple.CarbonCore:gestalt] _NewGestalt _NewGestalt(sys3 0x185452dfc) => 0
2026-09-14 14:43:46.683 I  PeachCommander[27890:16501] [com.apple.CarbonCore:gestalt] _NewGestalt _NewGestalt(cdfl 0x1854a79d4) => 0
2026-09-14 14:43:46.683 I  PeachCommander[27890:16501] [com.apple.CarbonCore:gestalt] _NewGestalt _NewGestalt(cdrm 0x1854a7c30) => 0
2026-09-14 14:43:46.683 I  PeachCommander[27890:16501] [com.apple.CarbonCore:gestalt] _NewGestalt _NewGestalt(cpus 0x1854a7c78) => 0
2026-09-14 14:43:46.683 I  PeachCommander[27890:16501] [com.apple.CarbonCore:gestalt] SetGestaltValue SetGestaltValue(swex 1) => 0
2026-09-14 14:43:46.683 Df PeachCommander[27890:16501] [com.apple.xpc:connection] [0x72d533980] activating connection: mach=false listener=false peer=false name=com.apple.hiservices-xpcservice
2026-09-14 14:43:46.684 I  PeachCommander[27890:16501] [com.apple.CFPasteboard:entry] CopyData('ApplePerContextInputPasteboard' (<CFUUID 0x72c4a6d80> 21CFAEAA-00AF-44DF-A092-25A396AB7044) gen: -1 item: 1264739405 flavor: 'ApplePerContextInputFlavor')
2026-09-14 14:43:46.684 I  PeachCommander[27890:16501] [com.apple.CFPasteboard:cache] Rebuilding cache for 'ApplePerContextInputPasteboard' (<CFUUID 0x72c4a6d80> 21CFAEAA-00AF-44DF-A092-25A396AB7044)
2026-09-14 14:43:46.684 I  PeachCommander[27890:16501] [com.apple.CFPasteboard:general] Will request data from daemon
2026-09-14 14:43:46.685 I  PeachCommander[27890:16501] [com.apple.CFPasteboard:exit] (not-in-cache) - result: 0 generation: 1 data (182 bytes) flags: 0
2026-09-14 14:43:46.685 I  PeachCommander[27890:16501] [com.apple.CFPasteboard:entry] CopyData('DefaultAsciiKeyboardLayoutPasteboard' (<CFUUID 0x72cc3dfc0> 7DBF3041-44D5-4E88-B5B7-4EE3D8346B88) gen: -1 item: 1264739405 flavor: 'DefaultAsciiKeyboardLayoutFlavor')
2026-09-14 14:43:46.685 I  PeachCommander[27890:16501] [com.apple.CFPasteboard:exit] (not-in-cache) - result: -8 generation: 0 null data flags: 0
2026-09-14 14:43:46.688 I  PeachCommander[27890:16501] [com.apple.AppKit:Window] context (0 -> 60ecd73a) for window 5e8
2026-09-14 14:43:46.689 Df PeachCommander[27890:16501] [com.apple.inputmethodkitClient:Client] +[IMKClient subclass]: chose IMKClient_Modern
2026-09-14 14:43:46.689 Df PeachCommander[27890:16501] [com.apple.BoardServices:XPCErrors] [C:2] Alloc com.apple.backboard.hid-services.xpc
2026-09-14 14:43:46.689 Df PeachCommander[27890:16501] [com.apple.xpc:connection] [0x72d533ac0] activating connection: mach=false listener=false peer=false name=(anonymous)
2026-09-14 14:43:46.689 E  PeachCommander[27890:16509] [com.apple.BaseBoard:Common] Unable to obtain a task name port right for pid 165: (os/kern) failure (0x5)
2026-09-14 14:43:46.689 Df PeachCommander[27890:16509] [com.apple.xpc:connection] [0x72d532940] activating connection: mach=false listener=false peer=false name=com.apple.TextInputUI.xpc.CursorUIViewService
2026-09-14 14:43:46.689 Df PeachCommander[27890:16509] [com.apple.xpc:connection] [0x72d532940] invalidated after the last release of the connection object
2026-09-14 14:43:46.690 I  PeachCommander[27890:16501] [com.apple.CFPasteboard:entry] CopyData('DefaultAsciiKeyboardLayoutPasteboard' (<CFUUID 0x72cc3dfc0> 7DBF3041-44D5-4E88-B5B7-4EE3D8346B88) gen: -1 item: 1264739405 flavor: 'DefaultAsciiKeyboardLayoutFlavor')
2026-09-14 14:43:46.690 I  PeachCommander[27890:16501] [com.apple.CFPasteboard:exit] (not-in-cache) - result: -8 generation: 0 null data flags: 0
2026-09-14 14:43:46.690 Df PeachCommander[27890:16501] [com.apple.xpc:connection] [0x72d5326c0] activating connection: mach=false listener=false peer=false name=(anonymous)
2026-09-14 14:43:46.690 Df PeachCommander[27890:16501] [com.apple.xpc:connection] [0x72d532940] activating connection: mach=false listener=false peer=false name=com.apple.ViewBridgeAuxiliary
2026-09-14 14:43:46.690 Df PeachCommander[27890:16501] [com.apple.xpc:connection] [0x72d532580] activating connection: mach=false listener=false peer=false name=(anonymous)
2026-09-14 14:43:46.690 Df PeachCommander[27890:16501] [com.apple.xpc:connection] [0x72d532940] invalidated after the last release of the connection object
2026-09-14 14:43:46.706 Df PeachCommander[27890:16501] [com.apple.TextInputUI:CursorUI] -[TUINSCursorUIController activate:]_block_invoke: Create CursorUIViewService: TUINSRemoteViewController
2026-09-14 14:43:46.706 I  PeachCommander[27890:16501] [com.apple.AppKit:Window] window <TUINSWindow: 0x72cf97700> windowNumber=5e8 finishing close
2026-09-14 14:43:46.706 I  PeachCommander[27890:16501] [com.apple.AppKit:Window] order window: 5e8 op: 0 relative: 0 related: 0
2026-09-14 14:43:46.707 A  PeachCommander[27890:1650d] (CoreFoundation) Loading Preferences From System CFPrefsD
2026-09-14 14:43:46.799 I  PeachCommander[27890:16501] [com.apple.iconservices:foundation] layer data size zero
2026-09-14 14:43:46.800 A  PeachCommander[27890:16501] (CoreFoundation) Loading Preferences From User CFPrefsD
2026-09-14 14:43:46.800 I  PeachCommander[27890:16501] [com.apple.CoreAnalytics:client] Dropping "com.apple.ImageIO.readerSelection" as it isn't used in any transform (not in the config or budgeted?)
2026-09-14 14:43:46.818 I  PeachCommander[27890:16501] [com.apple.CoreAnalytics:client] Dropping "com.apple.appkit.app_config" as it isn't used in any transform (not in the config or budgeted?)
2026-09-14 14:43:46.818 I  PeachCommander[27890:16501] [com.apple.SafariPlatformSupport:SafariPlatformSupport] -[SFSafariPlatformSupport credentialSelected:] with nil credential
2026-09-14 14:43:46.818 I  PeachCommander[27890:16501] [com.apple.SafariPlatformSupport:SafariPlatformSupport] -[SFSafariPlatformSupport oneTimeCodeSelected:] with nil code
2026-09-14 14:43:46.818 Df PeachCommander[27890:16514] [com.apple.xpc:connection] [0x72d532940] activating connection: mach=false listener=false peer=false name=com.apple.SafariPlatformSupport.Helper
2026-09-14 14:43:46.825 Df PeachCommander[27890:16501] [com.apple.BoardServices:XPCErrors] [C:3] Alloc com.apple.backboard.hid-services.xpc
2026-09-14 14:43:46.825 Df PeachCommander[27890:16501] [com.apple.xpc:connection] [0x72d531cc0] activating connection: mach=false listener=false peer=false name=(anonymous)
2026-09-14 14:43:46.826 Df PeachCommander[27890:1659a] [com.apple.BackBoard:EventDelivery] BKSHIDEventDeliveryManager - connection activation
2026-09-14 14:43:46.827 I  PeachCommander[27890:16501] [com.peachcommander:PCFoundation] Session restored
2026-09-14 14:43:46.827 Df PeachCommander[27890:16501] (Foundation) <private>
2026-09-14 14:43:46.827 I  PeachCommander[27890:16501] [com.peachcommander:PCFoundation] [automation] running /Users/admin/auto.txt
2026-09-14 14:43:46.827 Df PeachCommander[27890:16501] (Foundation) <private>
2026-09-14 14:43:46.827 I  PeachCommander[27890:16501] [com.peachcommander:PCFoundation] [automation] > active left
2026-09-14 14:43:46.827 Df PeachCommander[27890:16501] (Foundation) <private>
2026-09-14 14:43:46.827 I  PeachCommander[27890:16501] [com.peachcommander:PCFoundation] [automation] > left /Users/admin/pc-demo
2026-09-14 14:43:46.880 Df PeachCommander[27890:16501] [com.apple.xpc:connection] [0x72d531b80] activating connection: mach=false listener=false peer=false name=(anonymous)
2026-09-14 14:43:46.880 Df PeachCommander[27890:16501] [com.apple.xpc:connection] [0x72d5330c0] activating connection: mach=false listener=false peer=false name=(anonymous)
2026-09-14 14:43:46.929 I  PeachCommander[27890:16501] [com.apple.launchservices:datasep] application record search init. Node: <FSNode 0x72d9d5ba0> { isDir = y, path = <private> } bundleID: (null) itemID: 0
2026-09-14 14:43:46.929 I  PeachCommander[27890:16501] [com.apple.launchservices:datasep] application record search init. Node: <FSNode 0x72d9d5ba0> { isDir = y, path = <private> } bundleID: (null) itemID: 0
2026-09-14 14:43:46.929 I  PeachCommander[27890:16501] [com.apple.SafariPlatformSupport:SafariPlatformSupport] -[SFSafariPlatformSupport credentialSelected:] with nil credential
2026-09-14 14:43:46.929 I  PeachCommander[27890:16501] [com.apple.SafariPlatformSupport:SafariPlatformSupport] -[SFSafariPlatformSupport oneTimeCodeSelected:] with nil code
2026-09-14 14:43:46.930 I  PeachCommander[27890:1659a] [com.apple.AppKit:WindowTab] Indexing 1 items
2026-09-14 14:43:46.930 A  PeachCommander[27890:1659a] (CoreSpotlight) end-index-batch
2026-09-14 14:43:46.930 Df PeachCommander[27890:1659a] [com.apple.corespotlight:index] *warn* MailCS ======%%% _setMailMessageAttributes skip:1
2026-09-14 14:43:46.930 A  PeachCommander[27890:1659a] (CoreSpotlight) index-items
2026-09-14 14:43:46.930 Df PeachCommander[27890:1659a] [com.apple.corespotlight:index] CSInlineDonation:<private>: Skipping donation (feature flag disabled)
2026-09-14 14:43:46.930 Df PeachCommander[27890:1659a] [com.apple.corespotlight:index] CSInlineDonation:<private>: Skipping donation (feature flag disabled)
2026-09-14 14:43:47.038 I  PeachCommander[27890:16501] [com.apple.HIToolbox:MBDisplays] <private>
2026-09-14 14:43:47.038 I  PeachCommander[27890:16501] [com.apple.HIToolbox:MBDisplays] <private>
2026-09-14 14:43:47.308 Df PeachCommander[27890:1650e] [com.apple.xpc:connection] [0x72d532940] invalidated after the last release of the connection object
2026-09-14 14:43:47.308 I  PeachCommander[27890:16501] [com.apple.launchservices:cas] Removing cached information for app [ 0x0-0x175175]  "PeachCommander", as its seed is different from that in shared memory ( 535 vs 537)
2026-09-14 14:43:47.388 Df PeachCommander[27890:16501] (Foundation) <private>
2026-09-14 14:43:47.388 I  PeachCommander[27890:16501] [com.peachcommander:PCFoundation] [automation] > wait 1200
2026-09-14 14:43:47.406 I  PeachCommander[27890:16501] [com.apple.iconservices:foundation] layer data size zero
2026-09-14 14:43:47.440 I  PeachCommander[27890:16501] [com.apple.iconservices:foundation] layer data size zero
2026-09-14 14:43:47.440 I  PeachCommander[27890:16501] [com.apple.iconservices:foundation] layer data size zero
2026-09-14 14:43:47.440 I  PeachCommander[27890:16501] [com.apple.iconservices:foundation] layer data size zero
2026-09-14 14:43:47.441 I  PeachCommander[27890:16501] [com.apple.SafariPlatformSupport:SafariPlatformSupport] -[SPSafariPlatformSupport completionListPreferredContentSizeDidUpdate] with size {0, 0}, in window that is visible
2026-09-14 14:43:47.954 I  PeachCommander[27890:1650d] [com.apple.AppKit:WindowTab] Indexing 1 items
2026-09-14 14:43:47.954 A  PeachCommander[27890:1650d] (CoreSpotlight) end-index-batch
2026-09-14 14:43:47.954 A  PeachCommander[27890:1650d] (CoreSpotlight) index-items
2026-09-14 14:43:47.954 Df PeachCommander[27890:1650d] [com.apple.corespotlight:index] CSInlineDonation:<private>: Skipping donation (feature flag disabled)
2026-09-14 14:43:47.954 Df PeachCommander[27890:1650d] [com.apple.corespotlight:index] CSInlineDonation:<private>: Skipping donation (feature flag disabled)
2026-09-14 14:43:48.646 Df PeachCommander[27890:16501] (Foundation) <private>
2026-09-14 14:43:48.646 I  PeachCommander[27890:16501] [com.peachcommander:PCFoundation] [automation] > focus notes.txt
2026-09-14 14:43:48.653 Df PeachCommander[27890:16501] (Foundation) <private>
2026-09-14 14:43:48.653 I  PeachCommander[27890:16501] [com.peachcommander:PCFoundation] [automation] > wait 400
2026-09-14 14:43:48.775 I  PeachCommander[27890:16501] [com.apple.iconservices:foundation] layer data size zero
2026-09-14 14:43:49.083 Df PeachCommander[27890:16501] (Foundation) <private>
2026-09-14 14:43:49.083 I  PeachCommander[27890:16501] [com.peachcommander:PCFoundation] [automation] > cmd cm_List
2026-09-14 14:43:49.083 Df PeachCommander[27890:16501] (Foundation) <private>
2026-09-14 14:43:49.084 I  PeachCommander[27890:16501] [com.peachcommander:PCFoundation] [automation] > wait 2000
2026-09-14 14:43:49.106 I  PeachCommander[27890:16501] [com.apple.AppKit:Animation] Running new animation: <private>
2026-09-14 14:43:49.106 I  PeachCommander[27890:16501] [com.apple.AppKit:Animation] Running new animation: <private>
2026-09-14 14:43:49.106 I  PeachCommander[27890:16501] [com.apple.AppKit:Animation] Running new animation: <private>
2026-09-14 14:43:49.106 I  PeachCommander[27890:16501] [com.apple.AppKit:Animation] Running new animation: <private>
2026-09-14 14:43:49.106 I  PeachCommander[27890:16501] [com.apple.AppKit:Animation] Running new animation: <private>
2026-09-14 14:43:49.116 I  PeachCommander[27890:16501] [com.apple.AppKit:Window] context (0 -> 53faea46) for window 5eb
2026-09-14 14:43:49.122 I  PeachCommander[27890:16501] [com.apple.AppKit:Animation] Running new animation: <private>
2026-09-14 14:43:49.122 I  PeachCommander[27890:16501] [com.apple.AppKit:Animation] Running new animation: <private>
2026-09-14 14:43:49.122 I  PeachCommander[27890:16501] [com.apple.AppKit:Animation] Running new animation: <private>
2026-09-14 14:43:49.122 I  PeachCommander[27890:16501] [com.apple.AppKit:Animation] Running new animation: <private>
2026-09-14 14:43:49.122 I  PeachCommander[27890:16501] [com.apple.AppKit:Animation] Running new animation: <private>
2026-09-14 14:43:49.134 I  PeachCommander[27890:16501] [com.apple.CFPasteboard:entry] CopyData('DefaultAsciiKeyboardLayoutPasteboard' (<CFUUID 0x72cc3dfc0> 7DBF3041-44D5-4E88-B5B7-4EE3D8346B88) gen: -1 item: 1264739405 flavor: 'DefaultAsciiKeyboardLayoutFlavor')
2026-09-14 14:43:49.134 I  PeachCommander[27890:16501] [com.apple.CFPasteboard:exit] (not-in-cache) - result: -8 generation: 0 null data flags: 0
2026-09-14 14:43:49.185 I  PeachCommander[27890:16501] [com.apple.AppKit:Animation] Running new animation: <private>
2026-09-14 14:43:49.185 I  PeachCommander[27890:16501] [com.apple.AppKit:Animation] Running new animation: <private>
2026-09-14 14:43:49.185 I  PeachCommander[27890:16501] [com.apple.AppKit:Animation] Running new animation: <private>
2026-09-14 14:43:49.185 I  PeachCommander[27890:16501] [com.apple.AppKit:Animation] Running new animation: <private>
2026-09-14 14:43:49.185 I  PeachCommander[27890:16501] [com.apple.AppKit:Animation] Running new animation: <private>
2026-09-14 14:43:49.186 I  PeachCommander[27890:16501] [com.apple.AppKit:Window] order window front conditionally: 5eb related: 0
2026-09-14 14:43:49.186 I  PeachCommander[27890:16501] [com.apple.AppKit:Window] order window front conditionally: 5eb related: 0
2026-09-14 14:43:49.376 I  PeachCommander[27890:1650e] [com.apple.AppKit:WindowTab] Indexing 2 items
2026-09-14 14:43:49.376 A  PeachCommander[27890:1650e] (CoreSpotlight) end-index-batch
2026-09-14 14:43:49.376 A  PeachCommander[27890:1650e] (CoreSpotlight) index-items
2026-09-14 14:43:49.376 Df PeachCommander[27890:1650e] [com.apple.corespotlight:index] CSInlineDonation:<private>: Skipping donation (feature flag disabled)
2026-09-14 14:43:49.377 Df PeachCommander[27890:1650e] [com.apple.corespotlight:index] CSInlineDonation:<private>: Skipping donation (feature flag disabled)
2026-09-14 14:43:51.140 Df PeachCommander[27890:16501] (Foundation) <private>
2026-09-14 14:43:51.140 I  PeachCommander[27890:16501] [com.peachcommander:PCFoundation] [automation] > keyloop /Users/admin/keyloop-viewer.txt
2026-09-14 14:43:51.149 Df PeachCommander[27890:16501] (Foundation) <private>
2026-09-14 14:43:51.149 Df PeachCommander[27890:16501] (Foundation) <private>
2026-09-14 14:43:51.149 I  PeachCommander[27890:16501] [com.peachcommander:PCFoundation] [automation] > a11ydump /Users/admin/a11y-viewer.txt
2026-09-14 14:43:51.151 Df PeachCommander[27890:16501] (Foundation) <private>
2026-09-14 14:43:51.151 Df PeachCommander[27890:16501] (Foundation) <private>
2026-09-14 14:43:51.151 I  PeachCommander[27890:16501] [com.peachcommander:PCFoundation] [automation] > wait 500
2026-09-14 14:43:51.661 Df PeachCommander[27890:16501] (Foundation) <private>
2026-09-14 14:43:51.662 I  PeachCommander[27890:16501] [com.peachcommander:PCFoundation] [automation] > panelsdump /Users/admin/keys-viewer-done.txt
2026-09-14 14:43:51.664 Df PeachCommander[27890:16501] (Foundation) <private>
2026-09-14 14:43:51.664 I  PeachCommander[27890:16501] [com.peachcommander:PCFoundation] [automation] > wait 300
2026-09-14 14:43:51.978 Df PeachCommander[27890:16501] (Foundation) <private>
2026-09-14 14:43:51.978 I  PeachCommander[27890:16501] [com.peachcommander:PCFoundation] [automation] done
