Timestamp               Ty Process[PID:TID]
2026-09-14 14:01:08.552 A  PeachCommander[28053:167e3] (libsystem_info.dylib) Retrieve User by ID
2026-09-14 14:01:08.553 Df PeachCommander[28053:167e3] [com.apple.xpc:connection] [0x10262b5c0] activating connection: mach=true listener=false peer=false name=com.apple.cfprefsd.daemon
2026-09-14 14:01:08.553 Df PeachCommander[28053:167e9] [com.apple.xpc:connection] [0x10262bd00] activating connection: mach=true listener=false peer=false name=com.apple.cfprefsd.agent
2026-09-14 14:01:08.554 Df PeachCommander[28053:167e3] [com.apple.xpc:connection] [0x102631ce0] activating connection: mach=true listener=false peer=false name=com.apple.coreservices.launchservicesd
2026-09-14 14:01:08.554 I  PeachCommander[28053:167e3] [com.apple.launchservices:cas] Registering for notification <private> on default queue, to re-boostrap client connection.
2026-09-14 14:01:08.555 Df PeachCommander[28053:167e3] [com.apple.xpc:connection] [0x902ca0000] activating connection: mach=true listener=false peer=false name=com.apple.pasteboard.1
2026-09-14 14:01:08.555 Df PeachCommander[28053:167e3] [com.apple.xpc:connection] [0x902ca0140] activating connection: mach=true listener=false peer=false name=com.apple.distributed_notifications@Uv3
2026-09-14 14:01:08.556 Df PeachCommander[28053:167e3] [com.apple.AppKit:AutomaticTermination] void _NSDisableAutomaticTerminationAndLog(NSString *) No windows open yet
2026-09-14 14:01:08.556 A  PeachCommander[28053:167e3] (TCC) TCCAccessRequest() IPC
2026-09-14 14:01:08.556 Df PeachCommander[28053:167e3] [com.apple.xpc:connection] [0x902ca0280] activating connection: mach=true listener=false peer=false name=com.apple.tccd.system
2026-09-14 14:01:08.556 I  PeachCommander[28053:167e3] [com.apple.TCC:access] SEND: 0/7 synchronous to com.apple.tccd.system: request: msgID=28053.1, function=TCCAccessRequest, service=kTCCServiceListenEvent,
2026-09-14 14:01:08.558 I  PeachCommander[28053:167e3] [com.apple.TCC:access] RECV: synchronous reply <dictionary: 0x902c88000> { count = 5, transaction: 0, voucher = 0x0, contents =
	"prompt_type" => <uint64: 0x86770d0a834f0c77>: 1
	"auth_value" => <uint64: 0x86770d0a834f0c77>: 1
	"preflight_unknown" => <bool: 0x1ee1ad190>: true
	"auth_version" => <uint64: 0x86770d0a834f0c77>: 1
	"auth_reason" => <uint64: 0x86770d0a834f0c57>: 5
}
2026-09-14 14:01:08.558 Df PeachCommander[28053:167e3] [com.apple.xpc:connection] [0x902ca0280] invalidated after the last release of the connection object
2026-09-14 14:01:08.558 Df PeachCommander[28053:167e3] [com.apple.SkyLight:default] server port 0x00003713, session port 0x00003713
2026-09-14 14:01:08.560 Df PeachCommander[28053:167e3] [com.apple.SkyLight:default] New connection 0x492d3 main
2026-09-14 14:01:08.560 I  PeachCommander[28053:167ea] [com.apple.SkyLight:processes] 0[outside of RPC]: First connection id 299731 mapped to ctx = 0x902c44380
2026-09-14 14:01:08.561 I  PeachCommander[28053:167e3] [com.apple.hiservices:processmgr] Checking in with CAS, pid=28053
2026-09-14 14:01:08.561 I  PeachCommander[28053:167e3] [com.apple.launchservices:cas] LSApplicationCheckIn(), app being registered is:"/Users/admin/pc-test/PeachCommander.app/Contents/MacOS/PeachCommander"
2026-09-14 14:01:08.561 I  PeachCommander[28053:167e3] [com.apple.launchservices:cas]  { "ApplicationType"="Foreground", "BuildMachineOSBuild"="25E246", "CFBundleDevelopmentRegion"="en", "CFBundleDocumentTypes"=( { "CFBundleTypeName"="Peach Commander Plugin Package", "CFBundleTypeRole"="Viewer", "LSHandlerRank"="Owner", "LSItemContentTypes"=( "com.peachcommander.plugin-package") }), "CFBundleExecutable"="PeachCommander", "CFBundleExecutablePath"="/Users/admin/pc-test/PeachCommander.app/Contents/MacOS/PeachCommander", "CFBundleHelpBookFolder"="PeachCommander.help", "CFBundleHelpBookName"="Peach Commander Help", "CFBundleIconFile"="AppIcon", "CFBundleIconName"="AppIcon", "CFBundleIdentifier"="com.peachcommander.app", "CFBundleInfoDictionaryVersion"="6.0", "CFBundleName"="PeachCommander", "CFBundleNumericVersion"=402685952, "CFBundlePackageType"="APPL", "CFBundleShortVersionString"="0.9.0", "CFBundleSignature"="?????", "CFBundleSupportedPlatforms"=( "MacOSX"), "CFBundleVersion"="18", "DTCompiler"="com.apple.compilers.llvm.clang.1_0", "DTPlatformBuild"="25F70", "DTPlatformName"="macosx", "<…>
2026-09-14 14:01:08.561 Df PeachCommander[28053:167e3] [com.apple.processmanager:front-35286506] CHECKIN: pid=28053
2026-09-14 14:01:08.563 Df PeachCommander[28053:167e3] [com.apple.processmanager:front-35286506] CHECKEDIN: pid=28053 asn=0x0-0x177177 foreground=1
2026-09-14 14:01:08.563 I  PeachCommander[28053:167e3] [com.apple.launchservices:cas] Setting processControlState to default PROC_SETPC_SUSPEND because application does not have LSProcessControlValue key
2026-09-14 14:01:08.563 Df PeachCommander[28053:167e3] [com.apple.xpc:connection] [0x902ca0280] activating connection: mach=false listener=true peer=false name=(anonymous)
2026-09-14 14:01:08.563 Df PeachCommander[28053:167e3] [com.apple.xpc:connection] [0x902ca0280] Connection returned listener port: 0x4103
2026-09-14 14:01:08.563 Df PeachCommander[28053:167e9] [com.apple.xpc:connection] [0x903060300] activating connection: mach=false listener=false peer=true name=com.apple.xpc.anonymous.0x902ca0280.peer[131].0x903060300
2026-09-14 14:01:08.563 Df PeachCommander[28053:167e3] [com.apple.processmanager:front-35286506] FRONTLOGGING: version 1
2026-09-14 14:01:08.563 Df PeachCommander[28053:167e3] [com.apple.processmanager:front-35286506] Registered, pid=28053 ASN=0x0,0x177177
2026-09-14 14:01:08.563 Df PeachCommander[28053:167e3] [com.apple.xpc:connection] [0x902ca03c0] activating connection: mach=true listener=false peer=false name=com.apple.analyticsd
2026-09-14 14:01:08.563 I  PeachCommander[28053:167e3] [com.apple.CoreAnalytics:client] Daemon status changed from 0 to 1
2026-09-14 14:01:08.563 I  PeachCommander[28053:167e9] [com.apple.CarbonCore:coreservicesdaemon] SCSession():SCSession( id=100, this=0x0x10263c960 option=65538) created, forUID=501 mach_port_t=0x5003.
2026-09-14 14:01:08.563 I  PeachCommander[28053:167e9] [com.apple.CarbonCore:coreservicesdaemon] SCSession():SCSession( id=101, this=0x0x10263caa0 option=65538) created, forUID=501 mach_port_t=0x5103.
2026-09-14 14:01:08.563 I  PeachCommander[28053:167e9] [com.apple.CarbonCore:coreservicesdaemon] connectToCoreServicesD():Instantiating server (coreservicesd based) SCSession, port=0x5003 serverOptions=0x10002.
2026-09-14 14:01:08.564 I  PeachCommander[28053:167e3] [com.apple.hiservices:processmgr] _RegisterApplication( pid 28053 => 0x0,0x177177) type=foreground
2026-09-14 14:01:08.564 Df PeachCommander[28053:167e3] [com.apple.xpc:connection] [0x902ca0280] Connection returned listener port: 0x4103
2026-09-14 14:01:08.564 Df PeachCommander[28053:167ea] [com.apple.CoreAnalytics:client] Received configuration update from daemon (initial)
2026-09-14 14:01:08.564 I  PeachCommander[28053:167e3] [com.apple.launchservices:cas] CFArrayRef _LSCopyLaunchModifiers(LSSessionID, LSASNRef _Nonnull), result for psn [ kLSCurrentApp ASN, 0x0,0x2]  is 1 items.
2026-09-14 14:01:08.564 Df PeachCommander[28053:167e3] [com.apple.processmanager:front-35286506] BringForward: pid=28053 asn=0x0-0x177177 bringForward=1 foreground=1 uiElement=0 launchedByLS=1 modifiersCount=1 allDisabled=1
2026-09-14 14:01:08.564 Df PeachCommander[28053:167e3] [com.apple.processmanager:front-35286506] BringFrontModifier: pid=28053 asn=0x0-0x177177 Modifier 0 hideAfter=0 hideOthers=0 dontMakeFrontmost=0 mouseDown=0/0 seed=0/0
2026-09-14 14:01:08.564 Df PeachCommander[28053:167e3] [com.apple.processmanager:front-35286506] BringForward: pid=28053 asn=0x0-0x177177
2026-09-14 14:01:08.564 Df PeachCommander[28053:167e3] [com.apple.processmanager:front-35286506] SetFrontProcess: asn=0x0-0x177177 options=0
2026-09-14 14:01:08.564 I  PeachCommander[28053:167e3] [com.apple.SkyLight:processes] 0[outside of RPC]: SLPSetFrontProcess(0x0-0x177177 window=0 options=0x0
2026-09-14 14:01:08.564 Df PeachCommander[28053:167e9] [com.apple.xpc:connection] [0x902ca0500] activating connection: mach=true listener=false peer=false name=com.apple.lsd.mapdb
2026-09-14 14:01:08.566 Df PeachCommander[28053:167e3] [com.apple.AppKit:Appearance] Current system appearance, (HLTB: 1), (SLS: 0)
2026-09-14 14:01:08.567 Df PeachCommander[28053:167e3] (libMobileGestalt.dylib) No persisted cache on this platform.
2026-09-14 14:01:08.567 I  PeachCommander[28053:167ee] [com.apple.launchservices:cas] information in shared memory for 0x0-0x177177 with seed 533 was still valid, so using cached info { "ApplicationType"="Foreground", "BuildMachineOSBuild"="25E246", "BundleIdentifierLowerCase"="com.peachcommander.app", "CFBundleDevelopmentRegion"="en", "CFBundleDocumentTypes"=( { "CFBundleTypeName"="Peach Commander Plugin Package", "CFBundleTypeRole"="Viewer", "LSHandlerRank"="Owner", "LSItemContentTypes"=( "com.peachcommander.plugin-package") }), "CFBundleExecutable"="PeachCommander", "CFBundleExecutablePath"="/Users/admin/pc-test/PeachCommander.app/Contents/MacOS/PeachCommander", "CFBundleExecutablePathDeviceID"=16777227, "CFBundleExecutablePathINode"=488284, "CFBundleHelpBookFolder"="PeachCommander.help", "CFBundleHelpBookName"="Peach Commander Help", "CFBundleIconFile"="AppIcon", "CFBundleIconName"="AppIcon", "CFBundleIdentifier"="com.peachcommander.app", "CFBundleInfoDictionaryVersion"="6.0", "CFBundleName"="PeachCommander", "CFBundleNameLowerCase"="peachcommander", "CFBundleNumericVersion"=402685952, "CFBundlePackageType"="APPL", "CFBundleShortVersionString"="0.9.0", "CFBun<…>
2026-09-14 14:01:08.567 I  PeachCommander[28053:167e9] [com.apple.launchservices:db] LaunchServices database schema version: 20971544
2026-09-14 14:01:08.567 Df PeachCommander[28053:167e3] (libMobileGestalt.dylib) Could not get size of EAN data (IOConnectCallScalarMethod kAppleNVMeEANGetSize returned 0xE00002E2)
2026-09-14 14:01:08.567 Df PeachCommander[28053:167e3] (libMobileGestalt.dylib) Failed to copy 'aptk' from EAN
2026-09-14 14:01:08.567 Df PeachCommander[28053:167e3] (libMobileGestalt.dylib) Failed to copy APTicket properties. Falling back to default policy.
2026-09-14 14:01:08.567 Df PeachCommander[28053:167e3] (libMobileGestalt.dylib) Creating default MGSysConfigPolicy
2026-09-14 14:01:08.567 Df PeachCommander[28053:167e3] (libMobileGestalt.dylib) CFDictionaryRef copySyscfgDictionary(void) enumeration of <private> failed.
2026-09-14 14:01:08.567 Df PeachCommander[28053:167e3] (libMobileGestalt.dylib) Failed to find key <private>
2026-09-14 14:01:08.568 Df PeachCommander[28053:167e3] [com.apple.AppKit:Appearance] Current system appearance, (HLTB: 1), (SLS: 0)
2026-09-14 14:01:08.568 Df PeachCommander[28053:167e3] [com.apple.AppKit:Appearance] Post-registration system appearance: (HLTB: 1)
2026-09-14 14:01:08.569 I  PeachCommander[28053:167e9] [com.apple.launchservices:default] Unable to load Info.plist exceptions (eGPUOverrides)
2026-09-14 14:01:08.569 I  PeachCommander[28053:167e9] [com.apple.launchservices:default] Unable to load Info.plist exceptions (gameModeOverrides)
2026-09-14 14:01:08.569 I  PeachCommander[28053:167e9] [com.apple.launchservices:default] Unable to load Info.plist exceptions (identifiedGameOverrides)
2026-09-14 14:01:08.569 I  PeachCommander[28053:167e9] [com.apple.launchservices:default] Unable to load Info.plist exceptions (SystemHiddenPreferred)
2026-09-14 14:01:08.569 Df PeachCommander[28053:167e3] [com.apple.FrontBoard:Common] FBSWorkspace: endpoint monitoring is disabled.
2026-09-14 14:01:08.569 Df PeachCommander[28053:167e3] [com.apple.FrontBoard:Common] FBSWorkspace: default shell endpoint is disabled.
2026-09-14 14:01:08.569 Df PeachCommander[28053:167e3] [com.apple.runningboard:connection] Initializing connection
2026-09-14 14:01:08.569 Df PeachCommander[28053:167e3] [com.apple.runningboard:process] Removing all cached process handles
2026-09-14 14:01:08.569 Df PeachCommander[28053:167ee] [com.apple.runningboard:connection] Sending handshake request attempt #1 to server
2026-09-14 14:01:08.569 Df PeachCommander[28053:167ee] [com.apple.runningboard:connection] Creating connection to com.apple.runningboard
2026-09-14 14:01:08.569 Df PeachCommander[28053:167ee] [com.apple.xpc:connection] [0x902ca0640] activating connection: mach=true listener=false peer=false name=com.apple.runningboard
2026-09-14 14:01:08.570 A  PeachCommander[28053:167ea] (RunningBoardServices) didChangeInheritances
2026-09-14 14:01:08.570 Df PeachCommander[28053:167ee] [com.apple.runningboard:connection] Handshake succeeded
2026-09-14 14:01:08.570 Df PeachCommander[28053:167ee] [com.apple.runningboard:connection] Identity resolved as app<application.com.peachcommander.app.487016.488284(501)>
2026-09-14 14:01:08.570 Df PeachCommander[28053:167e3] [com.apple.xpc:connection] [0x902ca0280] Connection returned listener port: 0x4103
2026-09-14 14:01:08.571 I  PeachCommander[28053:167e3] [com.apple.launchservices:cas] information in shared memory for 0x0-0x177177 with seed 533 was still valid, so using cached info { "ApplicationType"="Foreground", "BuildMachineOSBuild"="25E246", "BundleIdentifierLowerCase"="com.peachcommander.app", "CFBundleDevelopmentRegion"="en", "CFBundleDocumentTypes"=( { "CFBundleTypeName"="Peach Commander Plugin Package", "CFBundleTypeRole"="Viewer", "LSHandlerRank"="Owner", "LSItemContentTypes"=( "com.peachcommander.plugin-package") }), "CFBundleExecutable"="PeachCommander", "CFBundleExecutablePath"="/Users/admin/pc-test/PeachCommander.app/Contents/MacOS/PeachCommander", "CFBundleExecutablePathDeviceID"=16777227, "CFBundleExecutablePathINode"=488284, "CFBundleHelpBookFolder"="PeachCommander.help", "CFBundleHelpBookName"="Peach Commander Help", "CFBundleIconFile"="AppIcon", "CFBundleIconName"="AppIcon", "CFBundleIdentifier"="com.peachcommander.app", "CFBundleInfoDictionaryVersion"="6.0", "CFBundleName"="PeachCommander", "CFBundleNameLowerCase"="peachcommander", "CFBundleNumericVersion"=402685952, "CFBundlePackageType"="APPL", "CFBundleShortVersionString"="0.9.0", "CFBun<…>
2026-09-14 14:01:08.572 Df PeachCommander[28053:167e3] [com.apple.xpc:connection] [0x902ca0280] Connection returned listener port: 0x4103
2026-09-14 14:01:08.573 A  PeachCommander[28053:167e9] (AppIntents) appintents:register process
2026-09-14 14:01:08.573 Df PeachCommander[28053:167e9] [com.apple.appintents:Connection] Created a new Process Instance Registry XPC connection (inactive)
2026-09-14 14:01:08.573 Df PeachCommander[28053:167e9] [com.apple.xpc:connection] [0x902ca0780] activating connection: mach=true listener=false peer=false name=com.apple.linkd.autoShortcut
2026-09-14 14:01:08.573 Df PeachCommander[28053:167e9] [com.apple.appintents:Connection] Activated connection to linkd (ApplicationService)
2026-09-14 14:01:08.573 Df PeachCommander[28053:167e9] [com.apple.xpc:connection] [0x902ca0a00] activating connection: mach=false listener=true peer=false name=(anonymous)
2026-09-14 14:01:08.573 I  PeachCommander[28053:167e3] [com.apple.launchservices:cas] information in shared memory for 0x0-0x177177 with seed 533 was still valid, so using cached info { "ApplicationType"="Foreground", "BuildMachineOSBuild"="25E246", "BundleIdentifierLowerCase"="com.peachcommander.app", "CFBundleDevelopmentRegion"="en", "CFBundleDocumentTypes"=( { "CFBundleTypeName"="Peach Commander Plugin Package", "CFBundleTypeRole"="Viewer", "LSHandlerRank"="Owner", "LSItemContentTypes"=( "com.peachcommander.plugin-package") }), "CFBundleExecutable"="PeachCommander", "CFBundleExecutablePath"="/Users/admin/pc-test/PeachCommander.app/Contents/MacOS/PeachCommander", "CFBundleExecutablePathDeviceID"=16777227, "CFBundleExecutablePathINode"=488284, "CFBundleHelpBookFolder"="PeachCommander.help", "CFBundleHelpBookName"="Peach Commander Help", "CFBundleIconFile"="AppIcon", "CFBundleIconName"="AppIcon", "CFBundleIdentifier"="com.peachcommander.app", "CFBundleInfoDictionaryVersion"="6.0", "CFBundleName"="PeachCommander", "CFBundleNameLowerCase"="peachcommander", "CFBundleNumericVersion"=402685952, "CFBundlePackageType"="APPL", "CFBundleShortVersionString"="0.9.0", "CFBun<…>
2026-09-14 14:01:08.573 I  PeachCommander[28053:167e3] [com.apple.hiservices:processmgr] TransformProcessType(0x0,0x2 => 1 wasFront=1 pickNew=0)
2026-09-14 14:01:08.573 I  PeachCommander[28053:167e3] [com.apple.CoreAnalytics:client] Dropping "com.apple.appkit.app_config" as it isn't used in any transform (not in the config or budgeted?)
2026-09-14 14:01:08.573 I  PeachCommander[28053:167e9] [com.apple.appintents:Execution] LNAppConnectionListener instantiated
2026-09-14 14:01:08.573 Df PeachCommander[28053:167e9] [com.apple.xpc:connection] [0x902ca0a00] Connection returned listener port: 0x7103
2026-09-14 14:01:08.574 Df PeachCommander[28053:167e3] [com.apple.dt.xctest:Default] Registering for test daemon availability notify post.
2026-09-14 14:01:08.574 Df PeachCommander[28053:167ea] [com.apple.xpc:connection] [0x902ca0780] Re-initialization successful; calling out to event handler with XPC_ERROR_CONNECTION_INTERRUPTED
2026-09-14 14:01:08.574 Df PeachCommander[28053:167ea] [com.apple.appintents:Connection] Process Instance Registry XPC connection has been interrupted
2026-09-14 14:01:08.574 Df PeachCommander[28053:167e3] [com.apple.dt.xctest:Default] notify_get_state check indicated test daemon not ready.
2026-09-14 14:01:08.574 E  PeachCommander[28053:167e9] [com.apple.appintents:Connection] Unable to get synchronousRemoteObjectProxy, error: Error Domain=NSCocoaErrorDomain Code=4097 "connection to service named com.apple.linkd.autoShortcut" UserInfo={NSDebugDescription=connection to service named com.apple.linkd.autoShortcut}
2026-09-14 14:01:08.574 Df PeachCommander[28053:167e3] [com.apple.dt.xctest:Default] notify_get_state check indicated test daemon not ready.
2026-09-14 14:01:08.574 E  PeachCommander[28053:167e9] [com.apple.AppKit:Application] Error registering app with intents framework: Error Domain=NSCocoaErrorDomain Code=4097 UserInfo={NSDebugDescription=<private>}
2026-09-14 14:01:08.574 Df PeachCommander[28053:167ee] [com.apple.appintents:Connection] Created a new Process Instance Registry XPC connection (inactive)
2026-09-14 14:01:08.574 A  PeachCommander[28053:167ee] (AppIntents) appintents:register process
2026-09-14 14:01:08.574 Df PeachCommander[28053:167ee] [com.apple.appintents:Connection] Created a new Process Instance Registry XPC connection (inactive)
2026-09-14 14:01:08.574 Df PeachCommander[28053:167ee] [com.apple.xpc:connection] [0x902ca0c80] activating connection: mach=true listener=false peer=false name=com.apple.linkd.autoShortcut
2026-09-14 14:01:08.574 Df PeachCommander[28053:167e3] [com.apple.dt.xctest:Default] notify_get_state check indicated test daemon not ready.
2026-09-14 14:01:08.574 Df PeachCommander[28053:167ee] [com.apple.appintents:Connection] Activated connection to linkd (ApplicationService)
2026-09-14 14:01:08.574 Df PeachCommander[28053:167ee] [com.apple.xpc:connection] [0x902ca0a00] Connection returned listener port: 0x7103
2026-09-14 14:01:08.574 Df PeachCommander[28053:167ea] [com.apple.xpc:connection] [0x902ca0c80] Re-initialization successful; calling out to event handler with XPC_ERROR_CONNECTION_INTERRUPTED
2026-09-14 14:01:08.574 Df PeachCommander[28053:167ea] [com.apple.appintents:Connection] Process Instance Registry XPC connection has been interrupted
2026-09-14 14:01:08.574 Df PeachCommander[28053:167ea] [com.apple.appintents:Connection] Created a new Process Instance Registry XPC connection (inactive)
2026-09-14 14:01:08.574 A  PeachCommander[28053:167ea] (AppIntents) appintents:register process
2026-09-14 14:01:08.574 Df PeachCommander[28053:167ea] [com.apple.appintents:Connection] Created a new Process Instance Registry XPC connection (inactive)
2026-09-14 14:01:08.574 Df PeachCommander[28053:167ea] [com.apple.xpc:connection] [0x902ca12c0] activating connection: mach=true listener=false peer=false name=com.apple.linkd.autoShortcut
2026-09-14 14:01:08.575 E  PeachCommander[28053:167ee] [com.apple.appintents:Connection] Unable to get synchronousRemoteObjectProxy, error: Error Domain=NSCocoaErrorDomain Code=4097 "connection to service named com.apple.linkd.autoShortcut" UserInfo={NSDebugDescription=connection to service named com.apple.linkd.autoShortcut}
2026-09-14 14:01:08.575 E  PeachCommander[28053:167ee] [com.apple.appintents:Connection] Unable to re-register with Process Instance Registry, error: Error Domain=NSCocoaErrorDomain Code=4097 "connection to service named com.apple.linkd.autoShortcut" UserInfo={NSDebugDescription=connection to service named com.apple.linkd.autoShortcut}
2026-09-14 14:01:08.575 Df PeachCommander[28053:167ea] [com.apple.appintents:Connection] Activated connection to linkd (ApplicationService)
2026-09-14 14:01:08.575 Df PeachCommander[28053:167ea] [com.apple.xpc:connection] [0x902ca0a00] Connection returned listener port: 0x7103
2026-09-14 14:01:08.575 Df PeachCommander[28053:167ee] [com.apple.xpc:connection] [0x902ca12c0] Re-initialization successful; calling out to event handler with XPC_ERROR_CONNECTION_INTERRUPTED
2026-09-14 14:01:08.575 Df PeachCommander[28053:167ee] [com.apple.appintents:Connection] Process Instance Registry XPC connection has been interrupted
2026-09-14 14:01:08.575 E  PeachCommander[28053:167ea] [com.apple.appintents:Connection] Unable to get synchronousRemoteObjectProxy, error: Error Domain=NSCocoaErrorDomain Code=4097 "connection to service named com.apple.linkd.autoShortcut" UserInfo={NSDebugDescription=connection to service named com.apple.linkd.autoShortcut}
2026-09-14 14:01:08.575 E  PeachCommander[28053:167ea] [com.apple.appintents:Connection] Unable to re-register with Process Instance Registry, error: Error Domain=NSCocoaErrorDomain Code=4097 "connection to service named com.apple.linkd.autoShortcut" UserInfo={NSDebugDescription=connection to service named com.apple.linkd.autoShortcut}
2026-09-14 14:01:08.575 Df PeachCommander[28053:167ee] [com.apple.appintents:Connection] Created a new Process Instance Registry XPC connection (inactive)
2026-09-14 14:01:08.575 A  PeachCommander[28053:167ee] (AppIntents) appintents:register process
2026-09-14 14:01:08.575 Df PeachCommander[28053:167ee] [com.apple.appintents:Connection] Created a new Process Instance Registry XPC connection (inactive)
2026-09-14 14:01:08.575 Df PeachCommander[28053:167ee] [com.apple.xpc:connection] [0x902ca1540] activating connection: mach=true listener=false peer=false name=com.apple.linkd.autoShortcut
2026-09-14 14:01:08.575 Df PeachCommander[28053:167ee] [com.apple.appintents:Connection] Activated connection to linkd (ApplicationService)
2026-09-14 14:01:08.575 Df PeachCommander[28053:167ee] [com.apple.xpc:connection] [0x902ca0a00] Connection returned listener port: 0x7103
2026-09-14 14:01:08.575 Df PeachCommander[28053:167e9] [com.apple.xpc:connection] [0x902ca1540] Re-initialization successful; calling out to event handler with XPC_ERROR_CONNECTION_INTERRUPTED
2026-09-14 14:01:08.575 Df PeachCommander[28053:167e9] [com.apple.appintents:Connection] Process Instance Registry XPC connection has been interrupted
2026-09-14 14:01:08.575 E  PeachCommander[28053:167e9] [com.apple.appintents:Connection] Will NOT re-try to establish the connection
2026-09-14 14:01:08.575 E  PeachCommander[28053:167ee] [com.apple.appintents:Connection] Unable to get synchronousRemoteObjectProxy, error: Error Domain=NSCocoaErrorDomain Code=4097 "connection to service named com.apple.linkd.autoShortcut" UserInfo={NSDebugDescription=connection to service named com.apple.linkd.autoShortcut}
2026-09-14 14:01:08.575 E  PeachCommander[28053:167ee] [com.apple.appintents:Connection] Unable to re-register with Process Instance Registry, error: Error Domain=NSCocoaErrorDomain Code=4097 "connection to service named com.apple.linkd.autoShortcut" UserInfo={NSDebugDescription=connection to service named com.apple.linkd.autoShortcut}
2026-09-14 14:01:08.577 A  PeachCommander[28053:167e3] (CoreFoundation) Loading Preferences From System CFPrefsD
2026-09-14 14:01:08.578 Df PeachCommander[28053:167e3] (libMobileGestalt.dylib) couldn't load support library
2026-09-14 14:01:08.578 Df PeachCommander[28053:167e3] (libMobileGestalt.dylib) called dummy function!
2026-09-14 14:01:08.578 I  PeachCommander[28053:167e3] [com.apple.GenerativeModels:availability] Current availability state: unavailable, use cases: com.apple.WritingTools, language: <any>, api: <private>
2026-09-14 14:01:08.578 Df PeachCommander[28053:167e3] [com.apple.GenerativeModels:availability] registering darwin observer for name: com.apple.gms.availability.notification
2026-09-14 14:01:08.578 Df PeachCommander[28053:167e3] [com.apple.GenerativeModels:availability] registering darwin observer for name: com.apple.os-eligibility-domain.change.greymatter
2026-09-14 14:01:08.578 Df PeachCommander[28053:167e3] [com.apple.GenerativeModels:availability] registering darwin observer for name: com.apple.language.changed
2026-09-14 14:01:08.578 Df PeachCommander[28053:167e3] [com.apple.WritingTools:Default] isAvailable value changed: isMDMAllowed = true, gmAvailable (current) = false
2026-09-14 14:01:08.582 I  PeachCommander[28053:167e3] [com.apple.CoreAnalytics:client] Dropping "com.apple.appkit.app_config" as it isn't used in any transform (not in the config or budgeted?)
2026-09-14 14:01:08.585 Df PeachCommander[28053:167e3] [com.apple.AppKit:Appearance] NSApp cache appearance:
-NSRequiresAquaSystemAppearance: 0
-appearance: (null)
-effectiveAppearance: <NSCompositeAppearance: 0x902c8c640
 (
    "<NSAquaAppearance: 0x902c8c5a0>",
    "<NSSystemAppearance: 0x902c8c6e0>"
)>
2026-09-14 14:01:08.587 A  PeachCommander[28053:167e3] (CoreFoundation) Loading Preferences From User CFPrefsD
2026-09-14 14:01:08.587 A  PeachCommander[28053:167e3] (CoreFoundation) Loading Preferences From User CFPrefsD
2026-09-14 14:01:08.590 A  PeachCommander[28053:167ee] (libsystem_info.dylib) Membership API: translate identifier
2026-09-14 14:01:08.592 I  PeachCommander[28053:167e3] [com.apple.CoreAnalytics:client] Dropping "com.apple.appkit.app_config" as it isn't used in any transform (not in the config or budgeted?)
2026-09-14 14:01:08.592 I  PeachCommander[28053:167e3] [com.apple.CoreAnalytics:client] Dropping "com.apple.appkit.app_config" as it isn't used in any transform (not in the config or budgeted?)
2026-09-14 14:01:08.593 Df PeachCommander[28053:167ea] [com.apple.xpc:connection] [0x902ca1a40] activating connection: mach=true listener=false peer=false name=com.apple.dock.fullscreen
2026-09-14 14:01:08.594 Df PeachCommander[28053:167e3] [com.apple.xpc:connection] [0x902ca1b80] activating connection: mach=true listener=false peer=false name=com.apple.fonts
2026-09-14 14:01:08.597 I  PeachCommander[28053:167e3] [com.apple.launchservices:cas] information in shared memory for 0x0-0x177177 with seed 533 was still valid, so using cached info { "ApplicationType"="Foreground", "BuildMachineOSBuild"="25E246", "BundleIdentifierLowerCase"="com.peachcommander.app", "CFBundleDevelopmentRegion"="en", "CFBundleDocumentTypes"=( { "CFBundleTypeName"="Peach Commander Plugin Package", "CFBundleTypeRole"="Viewer", "LSHandlerRank"="Owner", "LSItemContentTypes"=( "com.peachcommander.plugin-package") }), "CFBundleExecutable"="PeachCommander", "CFBundleExecutablePath"="/Users/admin/pc-test/PeachCommander.app/Contents/MacOS/PeachCommander", "CFBundleExecutablePathDeviceID"=16777227, "CFBundleExecutablePathINode"=488284, "CFBundleHelpBookFolder"="PeachCommander.help", "CFBundleHelpBookName"="Peach Commander Help", "CFBundleIconFile"="AppIcon", "CFBundleIconName"="AppIcon", "CFBundleIdentifier"="com.peachcommander.app", "CFBundleInfoDictionaryVersion"="6.0", "CFBundleName"="PeachCommander", "CFBundleNameLowerCase"="peachcommander", "CFBundleNumericVersion"=402685952, "CFBundlePackageType"="APPL", "CFBundleShortVersionString"="0.9.0", "CFBun<…>
2026-09-14 14:01:08.597 I  PeachCommander[28053:167e3] [com.apple.CoreAnalytics:client] Dropping "com.apple.appkit.app_config" as it isn't used in any transform (not in the config or budgeted?)
2026-09-14 14:01:08.597 Df PeachCommander[28053:167e3] [com.apple.AppKit:AutomaticTermination] -[NSApplication(NSAppssassination) _checkForAutomaticTerminationSupportPossiblyEnablingIt]_block_invoke Enabling automatic termination support.
2026-09-14 14:01:08.598 Df PeachCommander[28053:167e3] [com.apple.xpc:connection] [0x902ca0dc0] activating connection: mach=true listener=false peer=false name=com.apple.appkit.restoration_storage
2026-09-14 14:01:08.598 I  PeachCommander[28053:167e3] [com.apple.launchservices:cas] information in shared memory for 0x0-0x177177 with seed 533 was still valid, so using cached info { "ApplicationType"="Foreground", "BuildMachineOSBuild"="25E246", "BundleIdentifierLowerCase"="com.peachcommander.app", "CFBundleDevelopmentRegion"="en", "CFBundleDocumentTypes"=( { "CFBundleTypeName"="Peach Commander Plugin Package", "CFBundleTypeRole"="Viewer", "LSHandlerRank"="Owner", "LSItemContentTypes"=( "com.peachcommander.plugin-package") }), "CFBundleExecutable"="PeachCommander", "CFBundleExecutablePath"="/Users/admin/pc-test/PeachCommander.app/Contents/MacOS/PeachCommander", "CFBundleExecutablePathDeviceID"=16777227, "CFBundleExecutablePathINode"=488284, "CFBundleHelpBookFolder"="PeachCommander.help", "CFBundleHelpBookName"="Peach Commander Help", "CFBundleIconFile"="AppIcon", "CFBundleIconName"="AppIcon", "CFBundleIdentifier"="com.peachcommander.app", "CFBundleInfoDictionaryVersion"="6.0", "CFBundleName"="PeachCommander", "CFBundleNameLowerCase"="peachcommander", "CFBundleNumericVersion"=402685952, "CFBundlePackageType"="APPL", "CFBundleShortVersionString"="0.9.0", "CFBun<…>
2026-09-14 14:01:08.598 Df PeachCommander[28053:167e3] [com.apple.xpc:connection] [0x902ca0f00] activating connection: mach=true listener=false peer=false name=com.apple.coreservices.appleevents
2026-09-14 14:01:08.598 I  PeachCommander[28053:167e3] [com.apple.appleevents:main] _AEGetRegisteredMachPort() created default port (port:64515/0xfc03 rcv:1 send:1 limit:5) and registered it with server
2026-09-14 14:01:08.598 Df PeachCommander[28053:167e3] [com.apple.xpc:connection] [0x902ca0280] Connection returned listener port: 0x4103
2026-09-14 14:01:08.598 I  PeachCommander[28053:167e3] [com.apple.launchservices:cas] information in shared memory for 0x0-0x177177 with seed 533 was still valid, so using cached info { "ApplicationType"="Foreground", "BuildMachineOSBuild"="25E246", "BundleIdentifierLowerCase"="com.peachcommander.app", "CFBundleDevelopmentRegion"="en", "CFBundleDocumentTypes"=( { "CFBundleTypeName"="Peach Commander Plugin Package", "CFBundleTypeRole"="Viewer", "LSHandlerRank"="Owner", "LSItemContentTypes"=( "com.peachcommander.plugin-package") }), "CFBundleExecutable"="PeachCommander", "CFBundleExecutablePath"="/Users/admin/pc-test/PeachCommander.app/Contents/MacOS/PeachCommander", "CFBundleExecutablePathDeviceID"=16777227, "CFBundleExecutablePathINode"=488284, "CFBundleHelpBookFolder"="PeachCommander.help", "CFBundleHelpBookName"="Peach Commander Help", "CFBundleIconFile"="AppIcon", "CFBundleIconName"="AppIcon", "CFBundleIdentifier"="com.peachcommander.app", "CFBundleInfoDictionaryVersion"="6.0", "CFBundleName"="PeachCommander", "CFBundleNameLowerCase"="peachcommander", "CFBundleNumericVersion"=402685952, "CFBundlePackageType"="APPL", "CFBundleShortVersionString"="0.9.0", "CFBun<…>
2026-09-14 14:01:08.598 Df PeachCommander[28053:167e3] [com.apple.processmanager:front-35286506] SignalReady: pid=28053 asn=0x0-0x177177
2026-09-14 14:01:08.599 Df PeachCommander[28053:167e3] [com.apple.processmanager:front-35286506] SIGNAL: pid=28053 asn=0x0x-0x177177
2026-09-14 14:01:08.599 I  PeachCommander[28053:167e3] [com.apple.appleevents:main] aeGenerateFakeFirstOAPPEventIfNecessary()
2026-09-14 14:01:08.599 I  PeachCommander[28053:167e3] [com.apple.appleevents:main] aeGenerateFakeFirstOAPPEventIfNecessary(), needToCreateFakeOAPPEventIfFirstEvent == true
2026-09-14 14:01:08.599 I  PeachCommander[28053:167e3] [com.apple.launchservices:cas] Removing cached information for app [ 0x0-0x177177]  "PeachCommander", as its seed is different from that in shared memory ( 533 vs 535)
2026-09-14 14:01:08.599 I  PeachCommander[28053:167e3] [com.apple.CFPasteboard:entry] CopyData('DefaultAsciiKeyboardLayoutPasteboard' (<CFUUID 0x902d5c7a0> 7BAA809D-AB2A-488B-8C29-85E94378B85C) gen: -1 item: 1264739405 flavor: 'DefaultAsciiKeyboardLayoutFlavor')
2026-09-14 14:01:08.599 I  PeachCommander[28053:167e3] [com.apple.CFPasteboard:cache] Rebuilding cache for 'DefaultAsciiKeyboardLayoutPasteboard' (<CFUUID 0x902d5c7a0> 7BAA809D-AB2A-488B-8C29-85E94378B85C)
2026-09-14 14:01:08.599 I  PeachCommander[28053:167e3] [com.apple.CFPasteboard:exit] (not-in-cache) - result: -8 generation: 0 null data flags: 0
2026-09-14 14:01:08.599 A  PeachCommander[28053:167e3] (CoreFoundation) Loading Preferences From User CFPrefsD
2026-09-14 14:01:08.600 A  PeachCommander[28053:167e3] (CoreFoundation) Loading Preferences From System CFPrefsD
2026-09-14 14:01:08.600 I  PeachCommander[28053:167e3] [com.apple.CFPasteboard:entry] CopyData('AppleIntlFileCacheModificationDatePasteboard' (<CFUUID 0x902d5cc60> 792D6D86-27EC-47CE-8BBD-B9B9FDC023C8) gen: -1 item: 1 flavor: '-32766 1768845414')
2026-09-14 14:01:08.600 I  PeachCommander[28053:167e3] [com.apple.CFPasteboard:cache] Rebuilding cache for 'AppleIntlFileCacheModificationDatePasteboard' (<CFUUID 0x902d5cc60> 792D6D86-27EC-47CE-8BBD-B9B9FDC023C8)
2026-09-14 14:01:08.600 I  PeachCommander[28053:167e3] [com.apple.CFPasteboard:general] Will request data from daemon
2026-09-14 14:01:08.600 I  PeachCommander[28053:167e3] [com.apple.CFPasteboard:exit] (not-in-cache) - result: 0 generation: 7 data (310 bytes) flags: 0
2026-09-14 14:01:08.600 I  PeachCommander[28053:167e3] [com.apple.CFPasteboard:entry] CopyData('AppleIntlFileCacheModificationDatePasteboard' (<CFUUID 0x902d5cc60> 792D6D86-27EC-47CE-8BBD-B9B9FDC023C8) gen: -1 item: 1 flavor: '-32765 1802264953')
2026-09-14 14:01:08.600 I  PeachCommander[28053:167e3] [com.apple.CFPasteboard:general] Will request data from daemon
2026-09-14 14:01:08.600 I  PeachCommander[28053:167e3] [com.apple.CFPasteboard:exit] (not-in-cache) - result: 0 generation: 7 data (306 bytes) flags: 0
2026-09-14 14:01:08.600 I  PeachCommander[28053:167e3] [com.apple.CFPasteboard:entry] CopyData('AppleIntlFileCacheModificationDatePasteboard' (<CFUUID 0x902d5cc60> 792D6D86-27EC-47CE-8BBD-B9B9FDC023C8) gen: -1 item: 1 flavor: '-32764 1802264953')
2026-09-14 14:01:08.600 I  PeachCommander[28053:167e3] [com.apple.CFPasteboard:general] Will request data from daemon
2026-09-14 14:01:08.600 I  PeachCommander[28053:167e3] [com.apple.CFPasteboard:exit] (not-in-cache) - result: 0 generation: 7 data (281 bytes) flags: 0
2026-09-14 14:01:08.600 I  PeachCommander[28053:167e3] [com.apple.CFPasteboard:entry] CopyData('AppleIntlFileCacheModificationDatePasteboard' (<CFUUID 0x902d5cc60> 792D6D86-27EC-47CE-8BBD-B9B9FDC023C8) gen: -1 item: 1 flavor: '-32763 1802264953')
2026-09-14 14:01:08.600 I  PeachCommander[28053:167e3] [com.apple.CFPasteboard:general] Will request data from daemon
2026-09-14 14:01:08.601 I  PeachCommander[28053:167e3] [com.apple.CFPasteboard:exit] (not-in-cache) - result: 0 generation: 7 data (318 bytes) flags: 0
2026-09-14 14:01:08.601 I  PeachCommander[28053:167e3] [com.apple.CFPasteboard:entry] CopyData('AppleIntlFileCacheModificationDatePasteboard' (<CFUUID 0x902d5cc60> 792D6D86-27EC-47CE-8BBD-B9B9FDC023C8) gen: -1 item: 1 flavor: '-32765 1768845414')
2026-09-14 14:01:08.601 I  PeachCommander[28053:167e3] [com.apple.CFPasteboard:general] Will request data from daemon
2026-09-14 14:01:08.601 I  PeachCommander[28053:167e3] [com.apple.CFPasteboard:exit] (not-in-cache) - result: 0 generation: 7 data (303 bytes) flags: 0
2026-09-14 14:01:08.601 I  PeachCommander[28053:167e3] [com.apple.CFPasteboard:entry] CopyData('AppleIntlFileCacheModificationDatePasteboard' (<CFUUID 0x902d5cc60> 792D6D86-27EC-47CE-8BBD-B9B9FDC023C8) gen: -1 item: 1 flavor: '-32763 1768845414')
2026-09-14 14:01:08.601 I  PeachCommander[28053:167e3] [com.apple.CFPasteboard:general] Will request data from daemon
2026-09-14 14:01:08.601 I  PeachCommander[28053:167e3] [com.apple.CFPasteboard:exit] (not-in-cache) - result: 0 generation: 7 data (315 bytes) flags: 0
2026-09-14 14:01:08.602 I  PeachCommander[28053:167e3] [com.apple.launchservices:cas] information in shared memory for 0x0-0x177177 with seed 535 was still valid, so using cached info { "ApplicationType"="Foreground", "BuildMachineOSBuild"="25E246", "BundleIdentifierLowerCase"="com.peachcommander.app", "CFBundleDevelopmentRegion"="en", "CFBundleDocumentTypes"=( { "CFBundleTypeName"="Peach Commander Plugin Package", "CFBundleTypeRole"="Viewer", "LSHandlerRank"="Owner", "LSItemContentTypes"=( "com.peachcommander.plugin-package") }), "CFBundleExecutable"="PeachCommander", "CFBundleExecutablePath"="/Users/admin/pc-test/PeachCommander.app/Contents/MacOS/PeachCommander", "CFBundleExecutablePathDeviceID"=16777227, "CFBundleExecutablePathINode"=488284, "CFBundleHelpBookFolder"="PeachCommander.help", "CFBundleHelpBookName"="Peach Commander Help", "CFBundleIconFile"="AppIcon", "CFBundleIconName"="AppIcon", "CFBundleIdentifier"="com.peachcommander.app", "CFBundleInfoDictionaryVersion"="6.0", "CFBundleName"="PeachCommander", "CFBundleNameLowerCase"="peachcommander", "CFBundleNumericVersion"=402685952, "CFBundlePackageType"="APPL", "CFBundleShortVersionString"="0.9.0", "CFBun<…>
2026-09-14 14:01:08.602 Df PeachCommander[28053:167e3] [com.apple.xpc:connection] [0x902ca1e00] activating connection: mach=false listener=false peer=false name=com.apple.ViewBridgeAuxiliary
2026-09-14 14:01:08.606 Df PeachCommander[28053:167e3] [com.apple.xpc:connection] [0x902ca1cc0] activating connection: mach=false listener=false peer=false name=(anonymous)
2026-09-14 14:01:08.606 Df PeachCommander[28053:167e3] [com.apple.xpc:connection] [0x902ca1f40] activating connection: mach=false listener=true peer=false name=(anonymous)
2026-09-14 14:01:08.606 Df PeachCommander[28053:167e3] [com.apple.xpc:connection] [0x902ca1f40] Connection returned listener port: 0xb903
2026-09-14 14:01:08.607 Df PeachCommander[28053:167e3] [com.apple.xpc:connection] [0x902ca1e00] invalidated after the last release of the connection object
2026-09-14 14:01:08.607 I  PeachCommander[28053:167e3] [com.apple.showhide:pr-59900543] SHOWHIDE: SHOW id=628 0x0-0x177177, err=0 eventTime=1922269876708 windowID=0
2026-09-14 14:01:08.607 I  PeachCommander[28053:167e3] [com.apple.CarbonCore:coreservicesdaemon] findOrCreateCacheable():findOrCreateCacheable(), factoryName=3 cacheableName=<private> fCacheables.size()=0
2026-09-14 14:01:08.607 I  PeachCommander[28053:167e3] [com.apple.CarbonCore:coreservicesdaemon] findOrCreateCacheable():findOrCreateCacheable(), result = 0x903148d80 (should be non-NULL)
2026-09-14 14:01:08.607 Df PeachCommander[28053:167e3] [com.apple.AppKit:AutomaticTermination] void _NSDisableAutomaticTerminationAndLog(NSString *) Restoring windows
2026-09-14 14:01:08.607 Df PeachCommander[28053:167e3] [com.apple.AppKit:StateRestoration] -[NSApplication _reopenWindowsAsNecessaryIncludingRestorableState:withFullFidelity:completionHandler:] shouldRestoreState=1 hasPersistentStateToRestore=0 shouldStillRestoreStateAfterPrompting=0
2026-09-14 14:01:08.607 Df PeachCommander[28053:167e3] [com.apple.xpc:connection] [0x902ca1e00] activating connection: mach=true listener=false peer=false name=com.apple.window_proxies
2026-09-14 14:01:08.607 Df PeachCommander[28053:167e3] [com.apple.xpc:connection] [0x902ca1e00] invalidated because the current process cancelled the connection by calling xpc_connection_cancel()
2026-09-14 14:01:08.608 I  PeachCommander[28053:167e3] [com.apple.SkyLight:processes] 0[outside of RPC]: SLSSetFrontProcessWithInfo(0x0-0x2 window=0 options=0x1
2026-09-14 14:01:08.608 I  PeachCommander[28053:167e3] [com.apple.CoreAnalytics:client] Dropping "com.apple.appkit.app_config" as it isn't used in any transform (not in the config or budgeted?)
2026-09-14 14:01:08.608 Df PeachCommander[28053:167e3] [com.apple.AppKit:AutomaticTermination] void _NSEnableAutomaticTerminationAndLog(NSString *) Restoring windows
2026-09-14 14:01:08.610 I  PeachCommander[28053:167e3] [com.apple.CoreAnalytics:client] Dropping "com.apple.appkit.app_config" as it isn't used in any transform (not in the config or budgeted?)
2026-09-14 14:01:08.610 I  PeachCommander[28053:167e3] [com.apple.CoreAnalytics:client] Dropping "com.apple.appkit.app_config" as it isn't used in any transform (not in the config or budgeted?)
2026-09-14 14:01:08.619 A  PeachCommander[28053:167e3] (CoreFoundation) Loading Preferences From User CFPrefsD
2026-09-14 14:01:08.624 I  PeachCommander[28053:167e3] [com.peachcommander:PCFoundation] VolumeManager initialized
2026-09-14 14:01:08.641 Df PeachCommander[28053:167e3] [com.apple.BoardServices:XPCErrors] [C:1] Alloc <private>
2026-09-14 14:01:08.641 Df PeachCommander[28053:167e3] [com.apple.xpc:connection] [0x902ff1180] activating connection: mach=false listener=false peer=false name=(anonymous)
2026-09-14 14:01:08.643 I  PeachCommander[28053:167e3] [com.apple.AppKit:Window] context (0 -> 41122e80) for window 5f3
2026-09-14 14:01:08.643 Df PeachCommander[28053:167f3] [com.apple.corespotlight:index] (<private>) deleteSearchableItemsWithDomainIdentifiers, protectionClass:(null), domainIdentifiers number:1
2026-09-14 14:01:08.643 A  PeachCommander[28053:167f3] (CoreSpotlight) delete-domains
2026-09-14 14:01:08.644 Df PeachCommander[28053:167ee] [com.apple.corespotlight:index] CSInlineDonation:<private>: Skipping donation (feature flag disabled)
2026-09-14 14:01:08.644 Df PeachCommander[28053:167ee] (CoreSpotlight) sConnectionName: com.apple.spotlight.IndexAgent
2026-09-14 14:01:08.644 Df PeachCommander[28053:167ee] (CoreSpotlight) Start service name com.apple.spotlight.IndexAgent
2026-09-14 14:01:08.644 Df PeachCommander[28053:167ee] [com.apple.xpc:connection] [0x902ff1400] activating connection: mach=true listener=false peer=false name=com.apple.spotlight.IndexAgent
2026-09-14 14:01:08.644 I  PeachCommander[28053:167e3] [com.peachcommander:PCFoundation] MainWindowController initialized (config: <private>)
2026-09-14 14:01:08.644 I  PeachCommander[28053:167e3] [com.peachcommander:PCFoundation] SelectionState initialized
2026-09-14 14:01:08.644 I  PeachCommander[28053:167e3] [com.peachcommander:PCFoundation] DirectoryModel initialized
2026-09-14 14:01:08.644 I  PeachCommander[28053:167e3] [com.peachcommander:PCFoundation] VolumeManager initialized
2026-09-14 14:01:08.644 I  PeachCommander[28053:167e3] [com.peachcommander:PCFoundation] PanelController initialized for <private> panel
2026-09-14 14:01:08.644 I  PeachCommander[28053:167e3] [com.peachcommander:PCFoundation] SelectionState initialized
2026-09-14 14:01:08.644 I  PeachCommander[28053:167e3] [com.peachcommander:PCFoundation] DirectoryModel initialized
2026-09-14 14:01:08.644 I  PeachCommander[28053:167e3] [com.peachcommander:PCFoundation] VolumeManager initialized
2026-09-14 14:01:08.644 I  PeachCommander[28053:167e3] [com.peachcommander:PCFoundation] PanelController initialized for <private> panel
2026-09-14 14:01:08.647 A  PeachCommander[28053:167ee] (RunningBoardServices) didChangeInheritances
2026-09-14 14:01:08.648 I  PeachCommander[28053:167e3] [com.apple.AppKit:Animation] Running new animation: <private>
2026-09-14 14:01:08.649 I  PeachCommander[28053:167e3] [com.apple.AppKit:Animation] Running new animation: <private>
2026-09-14 14:01:08.649 I  PeachCommander[28053:167e3] [com.apple.AppKit:Animation] Running new animation: <private>
2026-09-14 14:01:08.649 I  PeachCommander[28053:167e3] [com.apple.AppKit:Animation] Running new animation: <private>
2026-09-14 14:01:08.649 I  PeachCommander[28053:167e3] [com.apple.AppKit:Animation] Running new animation: <private>
2026-09-14 14:01:08.651 I  PeachCommander[28053:167e3] [com.apple.AppKit:Animation] Running new animation: <private>
2026-09-14 14:01:08.651 I  PeachCommander[28053:167e3] [com.apple.AppKit:Animation] Running new animation: <private>
2026-09-14 14:01:08.651 I  PeachCommander[28053:167e3] [com.apple.AppKit:Animation] Running new animation: <private>
2026-09-14 14:01:08.651 I  PeachCommander[28053:167e3] [com.apple.AppKit:Animation] Running new animation: <private>
2026-09-14 14:01:08.651 I  PeachCommander[28053:167e3] [com.apple.AppKit:Animation] Running new animation: <private>
2026-09-14 14:01:08.657 I  PeachCommander[28053:167e3] [com.apple.CoreAnalytics:client] Dropping "com.apple.appkit.app_config" as it isn't used in any transform (not in the config or budgeted?)
2026-09-14 14:01:08.658 I  PeachCommander[28053:167e3] [com.apple.CoreAnalytics:client] Dropping "com.apple.appkit.app_config" as it isn't used in any transform (not in the config or budgeted?)
2026-09-14 14:01:08.661 I  PeachCommander[28053:167e3] [com.apple.launchservices:datasep] application record search init. Node: <FSNode 0x903956b20> { isDir = ?, path = <private> } bundleID: (null) itemID: 0
2026-09-14 14:01:08.663 I  PeachCommander[28053:167e3] [com.apple.GenerativeModels:availability] Current availability state: unavailable, use cases: com.apple.Settings.AppleIntelligence,com.apple.Siri.NLRouter, language: en, api: <private>
2026-09-14 14:01:08.663 Df PeachCommander[28053:167e3] [com.apple.GenerativeModels:availability] isOkayToHaveAsset: False
2026-09-14 14:01:08.663 E  PeachCommander[28053:167e3] [com.apple.siri:Utility] AFIsDeviceGreymatterEligible Missing entitlements for os_eligibility lookup
2026-09-14 14:01:08.663 I  PeachCommander[28053:167e3] [com.apple.GenerativeModels:availability] Current availability state: unavailable, use cases: com.apple.Settings.AppleIntelligence, language: en, api: <private>
2026-09-14 14:01:08.663 Df PeachCommander[28053:167e3] [com.apple.GenerativeModels:availability] isOkayToHaveAsset: False
2026-09-14 14:01:08.663 Df PeachCommander[28053:167e3] [com.apple.siri:Utility] -[AFSystemAssistantExperienceStatusManager fetchGenerativeModelsAvailability] #SAEStatus #cacheUpdate Updating cache:
deviceSupportsSAE: 0 (0)
       saeEnabled: 0 (0)
     saeAvailable: 0 (0)
      swaiEnabled: 0 (0)
        viEnabled: 0 (0)
        siriAvailability:
        <private>
        ((null))
2026-09-14 14:01:08.663 Df PeachCommander[28053:167e3] [com.apple.xpc:connection] [0x902ac8140] activating connection: mach=true listener=false peer=false name=com.apple.iconservices
2026-09-14 14:01:08.663 Df PeachCommander[28053:167e3] [com.apple.xpc:connection] [0x902ac8280] activating connection: mach=true listener=false peer=false name=com.apple.iconservices.store
2026-09-14 14:01:08.669 I  PeachCommander[28053:167e3] [com.peachcommander:Theme] no user themes in /Users/admin/pc-cfg/themes
2026-09-14 14:01:08.669 Df PeachCommander[28053:167e3] [com.apple.AppKit:Appearance] Invalidate NSApp effectiveAppearance
2026-09-14 14:01:08.669 Df PeachCommander[28053:167e3] [com.apple.AppKit:Appearance] NSApp cache appearance:
-NSRequiresAquaSystemAppearance: 0
-appearance: (null)
-effectiveAppearance: <NSCompositeAppearance: 0x902c8c640
 (
    "<NSAquaAppearance: 0x902c8c5a0>",
    "<NSSystemAppearance: 0x902c8c6e0>"
)>
2026-09-14 14:01:08.670 A  PeachCommander[28053:167f3] (libsystem_info.dylib) Retrieve Group by ID
2026-09-14 14:01:08.670 I  PeachCommander[28053:167e3] [com.peachcommander:PCFoundation] Theme applied: id=system, appearance=system, dark=false, background=#FFFFFF
2026-09-14 14:01:08.694 I  PeachCommander[28053:167e3] [com.apple.iconservices:foundation] layer data size zero
2026-09-14 14:01:08.694 I  PeachCommander[28053:167e3] [com.apple.CoreAnalytics:client] Dropping "com.apple.appkit.app_config" as it isn't used in any transform (not in the config or budgeted?)
2026-09-14 14:01:08.698 I  PeachCommander[28053:167e3] [com.peachcommander:PCFoundation] Keymap loaded: scheme=<private>, 82 effective bindings
2026-09-14 14:01:08.699 I  PeachCommander[28053:167e3] [com.apple.AppKit:Animation] Running new animation: <private>
2026-09-14 14:01:08.699 I  PeachCommander[28053:167e3] [com.apple.AppKit:Animation] Running new animation: <private>
2026-09-14 14:01:08.699 I  PeachCommander[28053:167e3] [com.apple.AppKit:Animation] Running new animation: <private>
2026-09-14 14:01:08.699 I  PeachCommander[28053:167e3] [com.apple.AppKit:Animation] Running new animation: <private>
2026-09-14 14:01:08.699 I  PeachCommander[28053:167e3] [com.apple.AppKit:Animation] Running new animation: <private>
2026-09-14 14:01:08.700 I  PeachCommander[28053:167e3] [com.apple.AppKit:Animation] Running new animation: <private>
2026-09-14 14:01:08.700 I  PeachCommander[28053:167e3] [com.apple.AppKit:Animation] Running new animation: <private>
2026-09-14 14:01:08.700 I  PeachCommander[28053:167e3] [com.apple.AppKit:Animation] Running new animation: <private>
2026-09-14 14:01:08.700 I  PeachCommander[28053:167e3] [com.apple.AppKit:Animation] Running new animation: <private>
2026-09-14 14:01:08.700 I  PeachCommander[28053:167e3] [com.apple.AppKit:Animation] Running new animation: <private>
2026-09-14 14:01:08.703 I  PeachCommander[28053:167e3] [com.apple.CoreAnalytics:client] Dropping "<private>" as it isn't used in any transform (not in the config or budgeted?)
2026-09-14 14:01:08.703 I  PeachCommander[28053:167e3] [com.apple.CoreAnalytics:client] Dropping "<private>" as it isn't used in any transform (not in the config or budgeted?)
2026-09-14 14:01:08.703 I  PeachCommander[28053:167e3] [com.apple.CoreAnalytics:client] Dropping "<private>" as it isn't used in any transform (not in the config or budgeted?)
2026-09-14 14:01:08.703 I  PeachCommander[28053:167e3] [com.peachcommander:PCFoundation] MainWindowController window loaded
2026-09-14 14:01:08.704 I  PeachCommander[28053:167e3] [com.apple.launchservices:cas] information in shared memory for 0x0-0x177177 with seed 535 was still valid, so using cached info { "ApplicationType"="Foreground", "BuildMachineOSBuild"="25E246", "BundleIdentifierLowerCase"="com.peachcommander.app", "CFBundleDevelopmentRegion"="en", "CFBundleDocumentTypes"=( { "CFBundleTypeName"="Peach Commander Plugin Package", "CFBundleTypeRole"="Viewer", "LSHandlerRank"="Owner", "LSItemContentTypes"=( "com.peachcommander.plugin-package") }), "CFBundleExecutable"="PeachCommander", "CFBundleExecutablePath"="/Users/admin/pc-test/PeachCommander.app/Contents/MacOS/PeachCommander", "CFBundleExecutablePathDeviceID"=16777227, "CFBundleExecutablePathINode"=488284, "CFBundleHelpBookFolder"="PeachCommander.help", "CFBundleHelpBookName"="Peach Commander Help", "CFBundleIconFile"="AppIcon", "CFBundleIconName"="AppIcon", "CFBundleIdentifier"="com.peachcommander.app", "CFBundleInfoDictionaryVersion"="6.0", "CFBundleName"="PeachCommander", "CFBundleNameLowerCase"="peachcommander", "CFBundleNumericVersion"=402685952, "CFBundlePackageType"="APPL", "CFBundleShortVersionString"="0.9.0", "CFBun<…>
2026-09-14 14:01:08.704 I  PeachCommander[28053:167e3] [com.apple.launchservices:cas] information in shared memory for 0x0-0x177177 with seed 535 was still valid, so using cached info { "ApplicationType"="Foreground", "BuildMachineOSBuild"="25E246", "BundleIdentifierLowerCase"="com.peachcommander.app", "CFBundleDevelopmentRegion"="en", "CFBundleDocumentTypes"=( { "CFBundleTypeName"="Peach Commander Plugin Package", "CFBundleTypeRole"="Viewer", "LSHandlerRank"="Owner", "LSItemContentTypes"=( "com.peachcommander.plugin-package") }), "CFBundleExecutable"="PeachCommander", "CFBundleExecutablePath"="/Users/admin/pc-test/PeachCommander.app/Contents/MacOS/PeachCommander", "CFBundleExecutablePathDeviceID"=16777227, "CFBundleExecutablePathINode"=488284, "CFBundleHelpBookFolder"="PeachCommander.help", "CFBundleHelpBookName"="Peach Commander Help", "CFBundleIconFile"="AppIcon", "CFBundleIconName"="AppIcon", "CFBundleIdentifier"="com.peachcommander.app", "CFBundleInfoDictionaryVersion"="6.0", "CFBundleName"="PeachCommander", "CFBundleNameLowerCase"="peachcommander", "CFBundleNumericVersion"=402685952, "CFBundlePackageType"="APPL", "CFBundleShortVersionString"="0.9.0", "CFBun<…>
2026-09-14 14:01:08.711 I  PeachCommander[28053:167e3] [com.apple.AppKit:Window] order window front conditionally: 5f3 related: 0
2026-09-14 14:01:08.711 Df PeachCommander[28053:167e3] [com.apple.AppKit:AutomaticTermination] void _NSEnableAutomaticTerminationAndLog(NSString *) No windows open yet
2026-09-14 14:01:08.712 I  PeachCommander[28053:167e3] [com.apple.AppKit:Intelligence] starting collection observation
2026-09-14 14:01:08.712 Df PeachCommander[28053:167f3] [com.apple.UIIntelligenceSupport:xpc] establishing connection to agent
2026-09-14 14:01:08.712 Df PeachCommander[28053:167f3] [com.apple.xpc:session] [0x90248d130] Session created.
2026-09-14 14:01:08.712 Df PeachCommander[28053:167f3] [com.apple.xpc:session] [0x90248d130] Session created from connection [0x902aca300]
2026-09-14 14:01:08.712 Df PeachCommander[28053:167f3] [com.apple.xpc:connection] [0x902aca300] activating connection: mach=true listener=false peer=false name=com.apple.uiintelligencesupport.agent
2026-09-14 14:01:08.712 Df PeachCommander[28053:167f3] [com.apple.xpc:session] [0x90248d130] Session activated
2026-09-14 14:01:08.712 I  PeachCommander[28053:167e3] [com.apple.SkyLight:processes] 0[outside of RPC]: SLSSetFrontProcessWithInfo(0x0-0x2 window=0 options=0x1
2026-09-14 14:01:08.713 I  PeachCommander[28053:167e3] [com.apple.launchservices:cas] information in shared memory for 0x0-0x177177 with seed 535 was still valid, so using cached info { "ApplicationType"="Foreground", "BuildMachineOSBuild"="25E246", "BundleIdentifierLowerCase"="com.peachcommander.app", "CFBundleDevelopmentRegion"="en", "CFBundleDocumentTypes"=( { "CFBundleTypeName"="Peach Commander Plugin Package", "CFBundleTypeRole"="Viewer", "LSHandlerRank"="Owner", "LSItemContentTypes"=( "com.peachcommander.plugin-package") }), "CFBundleExecutable"="PeachCommander", "CFBundleExecutablePath"="/Users/admin/pc-test/PeachCommander.app/Contents/MacOS/PeachCommander", "CFBundleExecutablePathDeviceID"=16777227, "CFBundleExecutablePathINode"=488284, "CFBundleHelpBookFolder"="PeachCommander.help", "CFBundleHelpBookName"="Peach Commander Help", "CFBundleIconFile"="AppIcon", "CFBundleIconName"="AppIcon", "CFBundleIdentifier"="com.peachcommander.app", "CFBundleInfoDictionaryVersion"="6.0", "CFBundleName"="PeachCommander", "CFBundleNameLowerCase"="peachcommander", "CFBundleNumericVersion"=402685952, "CFBundlePackageType"="APPL", "CFBundleShortVersionString"="0.9.0", "CFBun<…>
2026-09-14 14:01:08.713 Df PeachCommander[28053:167ee] [com.apple.UIIntelligenceSupport:xpc] Connection established with agent PID: 1213
2026-09-14 14:01:08.713 Df PeachCommander[28053:167e3] [com.apple.xpc:connection] [0x902aca440] activating connection: mach=true listener=false peer=false name=com.apple.FileCoordination
2026-09-14 14:01:08.713 Df PeachCommander[28053:167ee] [com.apple.foundation.filecoordination:presenter] Adding presenter 7EE64E10-7B01-4428-A10C-9761A171F4B3 for URL: <private>
2026-09-14 14:01:08.713 I  PeachCommander[28053:167e3] [com.apple.launchservices:cas] information in shared memory for 0x0-0x177177 with seed 535 was still valid, so using cached info { "ApplicationType"="Foreground", "BuildMachineOSBuild"="25E246", "BundleIdentifierLowerCase"="com.peachcommander.app", "CFBundleDevelopmentRegion"="en", "CFBundleDocumentTypes"=( { "CFBundleTypeName"="Peach Commander Plugin Package", "CFBundleTypeRole"="Viewer", "LSHandlerRank"="Owner", "LSItemContentTypes"=( "com.peachcommander.plugin-package") }), "CFBundleExecutable"="PeachCommander", "CFBundleExecutablePath"="/Users/admin/pc-test/PeachCommander.app/Contents/MacOS/PeachCommander", "CFBundleExecutablePathDeviceID"=16777227, "CFBundleExecutablePathINode"=488284, "CFBundleHelpBookFolder"="PeachCommander.help", "CFBundleHelpBookName"="Peach Commander Help", "CFBundleIconFile"="AppIcon", "CFBundleIconName"="AppIcon", "CFBundleIdentifier"="com.peachcommander.app", "CFBundleInfoDictionaryVersion"="6.0", "CFBundleName"="PeachCommander", "CFBundleNameLowerCase"="peachcommander", "CFBundleNumericVersion"=402685952, "CFBundlePackageType"="APPL", "CFBundleShortVersionString"="0.9.0", "CFBun<…>
2026-09-14 14:01:08.717 I  PeachCommander[28053:167e3] [com.apple.AppKit:Window] order all windows front 1922269876708
2026-09-14 14:01:08.717 I  PeachCommander[28053:167e3] [com.apple.launchservices:cas] information in shared memory for 0x0-0x177177 with seed 535 was still valid, so using cached info { "ApplicationType"="Foreground", "BuildMachineOSBuild"="25E246", "BundleIdentifierLowerCase"="com.peachcommander.app", "CFBundleDevelopmentRegion"="en", "CFBundleDocumentTypes"=( { "CFBundleTypeName"="Peach Commander Plugin Package", "CFBundleTypeRole"="Viewer", "LSHandlerRank"="Owner", "LSItemContentTypes"=( "com.peachcommander.plugin-package") }), "CFBundleExecutable"="PeachCommander", "CFBundleExecutablePath"="/Users/admin/pc-test/PeachCommander.app/Contents/MacOS/PeachCommander", "CFBundleExecutablePathDeviceID"=16777227, "CFBundleExecutablePathINode"=488284, "CFBundleHelpBookFolder"="PeachCommander.help", "CFBundleHelpBookName"="Peach Commander Help", "CFBundleIconFile"="AppIcon", "CFBundleIconName"="AppIcon", "CFBundleIdentifier"="com.peachcommander.app", "CFBundleInfoDictionaryVersion"="6.0", "CFBundleName"="PeachCommander", "CFBundleNameLowerCase"="peachcommander", "CFBundleNumericVersion"=402685952, "CFBundlePackageType"="APPL", "CFBundleShortVersionString"="0.9.0", "CFBun<…>
2026-09-14 14:01:08.717 I  PeachCommander[28053:167e3] [com.apple.showhide:pr-59900543] SHOWHIDE: CONFIRM, id=628, err=0
2026-09-14 14:01:08.717 I  PeachCommander[28053:167e3] [com.apple.AppKit:Window] context (0 -> 27439988) for window 5f2
2026-09-14 14:01:08.717 I  PeachCommander[28053:167e3] [com.apple.AppKit:Window] context (0 -> 65753aa2) for window 5f1
2026-09-14 14:01:08.717 I  PeachCommander[28053:167e3] [com.apple.AppKit:Window] context (0 -> b6b96e61) for window 5f0
2026-09-14 14:01:08.717 I  PeachCommander[28053:167e3] [com.apple.AppKit:Window] context (0 -> c3d16f9d) for window 5ef
2026-09-14 14:01:08.743 Df PeachCommander[28053:167e3] [com.apple.AppKit:AutomaticTermination] void _updateToReflectAutomaticTerminationState(void) Setting _kLSApplicationWouldBeTerminatedByTALKey=0
2026-09-14 14:01:08.743 I  PeachCommander[28053:167e3] [com.apple.runningboard:assertion] Acquiring assertion: <RBSAssertionDescriptor| "AppNap adapter assertion" ID:(null) target:28053>
2026-09-14 14:01:08.778 A  PeachCommander[28053:167e9] (RunningBoardServices) didChangeInheritances
2026-09-14 14:01:08.807 Df PeachCommander[28053:167e3] [com.apple.libsystem.libdispatch:] DEPRECATED USE in libdispatch client: dispatch source activated with no event handler set; set a breakpoint on _dispatch_bug_deprecated to debug
2026-09-14 14:01:08.904 I  PeachCommander[28053:167e3] [com.apple.coreanimation:Utilities] IOSurface Compression Enabled: NO
2026-09-14 14:01:08.905 Df PeachCommander[28053:167e9] [com.apple.coreanimation:Metal] Precompiled pipelines disabled on unsupported hardware.
2026-09-14 14:01:08.916 I  PeachCommander[28053:167e3] [com.apple.CarbonCore:gestalt] SetGestaltValuesBulk SetGestaltValuesBulk( count=22 tuples=0x184a9e650
2026-09-14 14:01:08.916 I  PeachCommander[28053:167e3] [com.apple.CarbonCore:gestalt] SetGestaltValue SetGestaltValue(alis 1C9) => 0
2026-09-14 14:01:08.916 I  PeachCommander[28053:167e3] [com.apple.CarbonCore:gestalt] SetGestaltValue SetGestaltValue(os   FE) => 0
2026-09-14 14:01:08.916 I  PeachCommander[28053:167e3] [com.apple.CarbonCore:gestalt] SetGestaltValue SetGestaltValue(addr 7) => 0
2026-09-14 14:01:08.916 I  PeachCommander[28053:167e3] [com.apple.CarbonCore:gestalt] SetGestaltValue SetGestaltValue(fs   3D332) => 0
2026-09-14 14:01:08.916 I  PeachCommander[28053:167e3] [com.apple.CarbonCore:gestalt] SetGestaltValue SetGestaltValue(fold 11) => 0
2026-09-14 14:01:08.916 I  PeachCommander[28053:167e3] [com.apple.CarbonCore:gestalt] SetGestaltValue SetGestaltValue(lram 7FFFF000) => 0
2026-09-14 14:01:08.916 I  PeachCommander[28053:167e3] [com.apple.CarbonCore:gestalt] SetGestaltValue SetGestaltValue(mmap 1) => 0
2026-09-14 14:01:08.916 I  PeachCommander[28053:167e3] [com.apple.CarbonCore:gestalt] SetGestaltValue SetGestaltValue(cfrg 1) => 0
2026-09-14 14:01:08.916 I  PeachCommander[28053:167e3] [com.apple.CarbonCore:gestalt] SetGestaltValue SetGestaltValue(thds 7) => 0
2026-09-14 14:01:08.916 I  PeachCommander[28053:167e3] [com.apple.CarbonCore:gestalt] SetGestaltValue SetGestaltValue(tmgr E) => 0
2026-09-14 14:01:08.916 I  PeachCommander[28053:167e3] [com.apple.CarbonCore:gestalt] SetGestaltValue SetGestaltValue(vers 7) => 0
2026-09-14 14:01:08.916 I  PeachCommander[28053:167e3] [com.apple.CarbonCore:gestalt] SetGestaltValue SetGestaltValue(cbon 160) => 0
2026-09-14 14:01:08.916 I  PeachCommander[28053:167e3] [com.apple.CarbonCore:gestalt] SetGestaltValue SetGestaltValue(cltn 1108000) => 0
2026-09-14 14:01:08.916 I  PeachCommander[28053:167e3] [com.apple.CarbonCore:gestalt] SetGestaltValue SetGestaltValue(cpnt 8) => 0
2026-09-14 14:01:08.916 I  PeachCommander[28053:167e3] [com.apple.CarbonCore:gestalt] SetGestaltValue SetGestaltValue(rsrc 3) => 0
2026-09-14 14:01:08.916 I  PeachCommander[28053:167e3] [com.apple.CarbonCore:gestalt] SetGestaltValue SetGestaltValue(rmbg 11F) => 0
2026-09-14 14:01:08.916 I  PeachCommander[28053:167e3] [com.apple.CarbonCore:gestalt] SetGestaltValue SetGestaltValue(vm   11) => 0
2026-09-14 14:01:08.916 I  PeachCommander[28053:167e3] [com.apple.CarbonCore:gestalt] SetGestaltValue SetGestaltValue(srad 4170706C) => 0
2026-09-14 14:01:08.916 I  PeachCommander[28053:167e3] [com.apple.CarbonCore:gestalt] SetGestaltValue SetGestaltValue(sysa 14) => 0
2026-09-14 14:01:08.916 I  PeachCommander[28053:167e3] [com.apple.CarbonCore:gestalt] SetGestaltValue SetGestaltValue(copl 9) => 0
2026-09-14 14:01:08.916 I  PeachCommander[28053:167e3] [com.apple.CarbonCore:gestalt] SetGestaltValue SetGestaltValue(xlat 0) => 0
2026-09-14 14:01:08.916 I  PeachCommander[28053:167e3] [com.apple.CarbonCore:gestalt] SetGestaltValue SetGestaltValue(stdf 0) => 0
2026-09-14 14:01:08.916 I  PeachCommander[28053:167e3] [com.apple.CarbonCore:gestalt] _NewGestalt _NewGestalt(ram  0x184a17644) => 0
2026-09-14 14:01:08.916 I  PeachCommander[28053:167e3] [com.apple.CarbonCore:gestalt] _NewGestalt _NewGestalt(ramm 0x184a17644) => 0
2026-09-14 14:01:08.916 I  PeachCommander[28053:167e3] [com.apple.CarbonCore:gestalt] _NewGestalt _NewGestalt(cput 0x184a17734) => 0
2026-09-14 14:01:08.916 I  PeachCommander[28053:167e3] [com.apple.CarbonCore:gestalt] _NewGestalt _NewGestalt(cpuf 0x184a17764) => 0
2026-09-14 14:01:08.916 I  PeachCommander[28053:167e3] [com.apple.CarbonCore:gestalt] _NewGestalt _NewGestalt(bclk 0x184a17794) => 0
2026-09-14 14:01:08.916 I  PeachCommander[28053:167e3] [com.apple.CarbonCore:gestalt] _NewGestalt _NewGestalt(bclm 0x184a17794) => 0
2026-09-14 14:01:08.916 I  PeachCommander[28053:167e3] [com.apple.CarbonCore:gestalt] _NewGestalt _NewGestalt(pclk 0x184a17834) => 0
2026-09-14 14:01:08.916 I  PeachCommander[28053:167e3] [com.apple.CarbonCore:gestalt] _NewGestalt _NewGestalt(mclk 0x184a17834) => 0
2026-09-14 14:01:08.916 I  PeachCommander[28053:167e3] [com.apple.CarbonCore:gestalt] _NewGestalt _NewGestalt(a/ux 0x184a1794c) => 0
2026-09-14 14:01:08.916 I  PeachCommander[28053:167e3] [com.apple.CarbonCore:gestalt] _NewGestalt _NewGestalt(pgsz 0x184a17954) => 0
2026-09-14 14:01:08.916 I  PeachCommander[28053:167e3] [com.apple.CarbonCore:gestalt] _NewGestalt _NewGestalt(csiz 0x184a17994) => 0
2026-09-14 14:01:08.916 I  PeachCommander[28053:167e3] [com.apple.CarbonCore:gestalt] _NewGestalt _NewGestalt(sysv 0x1849c2dfc) => 0
2026-09-14 14:01:08.916 I  PeachCommander[28053:167e3] [com.apple.CarbonCore:gestalt] _NewGestalt _NewGestalt(sys1 0x1849c2dfc) => 0
2026-09-14 14:01:08.916 I  PeachCommander[28053:167e3] [com.apple.CarbonCore:gestalt] _NewGestalt _NewGestalt(sys2 0x1849c2dfc) => 0
2026-09-14 14:01:08.916 I  PeachCommander[28053:167e3] [com.apple.CarbonCore:gestalt] _NewGestalt _NewGestalt(sys3 0x1849c2dfc) => 0
2026-09-14 14:01:08.916 I  PeachCommander[28053:167e3] [com.apple.CarbonCore:gestalt] _NewGestalt _NewGestalt(cdfl 0x184a179d4) => 0
2026-09-14 14:01:08.916 I  PeachCommander[28053:167e3] [com.apple.CarbonCore:gestalt] _NewGestalt _NewGestalt(cdrm 0x184a17c30) => 0
2026-09-14 14:01:08.916 I  PeachCommander[28053:167e3] [com.apple.CarbonCore:gestalt] _NewGestalt _NewGestalt(cpus 0x184a17c78) => 0
2026-09-14 14:01:08.916 I  PeachCommander[28053:167e3] [com.apple.CarbonCore:gestalt] SetGestaltValue SetGestaltValue(swex 1) => 0
2026-09-14 14:01:08.916 Df PeachCommander[28053:167e3] [com.apple.xpc:connection] [0x902acb980] activating connection: mach=false listener=false peer=false name=com.apple.hiservices-xpcservice
2026-09-14 14:01:08.917 I  PeachCommander[28053:167e3] [com.apple.CFPasteboard:entry] CopyData('ApplePerContextInputPasteboard' (<CFUUID 0x902445320> B44A8596-D1AF-45F4-B951-C5FE44497276) gen: -1 item: 1264739405 flavor: 'ApplePerContextInputFlavor')
2026-09-14 14:01:08.917 I  PeachCommander[28053:167e3] [com.apple.CFPasteboard:cache] Rebuilding cache for 'ApplePerContextInputPasteboard' (<CFUUID 0x902445320> B44A8596-D1AF-45F4-B951-C5FE44497276)
2026-09-14 14:01:08.917 I  PeachCommander[28053:167e3] [com.apple.CFPasteboard:general] Will request data from daemon
2026-09-14 14:01:08.918 I  PeachCommander[28053:167e3] [com.apple.CFPasteboard:exit] (not-in-cache) - result: 0 generation: 1 data (182 bytes) flags: 0
2026-09-14 14:01:08.918 I  PeachCommander[28053:167e3] [com.apple.CFPasteboard:entry] CopyData('DefaultAsciiKeyboardLayoutPasteboard' (<CFUUID 0x902d5c7a0> 7BAA809D-AB2A-488B-8C29-85E94378B85C) gen: -1 item: 1264739405 flavor: 'DefaultAsciiKeyboardLayoutFlavor')
2026-09-14 14:01:08.918 I  PeachCommander[28053:167e3] [com.apple.CFPasteboard:exit] (not-in-cache) - result: -8 generation: 0 null data flags: 0
2026-09-14 14:01:08.919 I  PeachCommander[28053:167e3] [com.apple.AppKit:Window] context (0 -> 820744b8) for window 5f4
2026-09-14 14:01:08.920 Df PeachCommander[28053:167e3] [com.apple.inputmethodkitClient:Client] +[IMKClient subclass]: chose IMKClient_Modern
2026-09-14 14:01:08.920 Df PeachCommander[28053:167e3] [com.apple.BoardServices:XPCErrors] [C:2] Alloc com.apple.backboard.hid-services.xpc
2026-09-14 14:01:08.920 Df PeachCommander[28053:167e3] [com.apple.xpc:connection] [0x902acbac0] activating connection: mach=false listener=false peer=false name=(anonymous)
2026-09-14 14:01:08.920 E  PeachCommander[28053:167e9] [com.apple.BaseBoard:Common] Unable to obtain a task name port right for pid 168: (os/kern) failure (0x5)
2026-09-14 14:01:08.920 Df PeachCommander[28053:167e9] [com.apple.xpc:connection] [0x902aca940] activating connection: mach=false listener=false peer=false name=com.apple.TextInputUI.xpc.CursorUIViewService
2026-09-14 14:01:08.920 Df PeachCommander[28053:167e9] [com.apple.xpc:connection] [0x902aca940] invalidated after the last release of the connection object
2026-09-14 14:01:08.921 I  PeachCommander[28053:167e3] [com.apple.CFPasteboard:entry] CopyData('DefaultAsciiKeyboardLayoutPasteboard' (<CFUUID 0x902d5c7a0> 7BAA809D-AB2A-488B-8C29-85E94378B85C) gen: -1 item: 1264739405 flavor: 'DefaultAsciiKeyboardLayoutFlavor')
2026-09-14 14:01:08.921 I  PeachCommander[28053:167e3] [com.apple.CFPasteboard:exit] (not-in-cache) - result: -8 generation: 0 null data flags: 0
2026-09-14 14:01:08.921 Df PeachCommander[28053:167e3] [com.apple.xpc:connection] [0x902aca6c0] activating connection: mach=false listener=false peer=false name=(anonymous)
2026-09-14 14:01:08.921 Df PeachCommander[28053:167e3] [com.apple.xpc:connection] [0x902aca940] activating connection: mach=false listener=false peer=false name=com.apple.ViewBridgeAuxiliary
2026-09-14 14:01:08.921 Df PeachCommander[28053:167e3] [com.apple.xpc:connection] [0x902aca580] activating connection: mach=false listener=false peer=false name=(anonymous)
2026-09-14 14:01:08.921 Df PeachCommander[28053:167e3] [com.apple.xpc:connection] [0x902aca940] invalidated after the last release of the connection object
2026-09-14 14:01:08.937 Df PeachCommander[28053:167e3] [com.apple.TextInputUI:CursorUI] -[TUINSCursorUIController activate:]_block_invoke: Create CursorUIViewService: TUINSRemoteViewController
2026-09-14 14:01:08.937 I  PeachCommander[28053:167e3] [com.apple.AppKit:Window] window <TUINSWindow: 0x902798a00> windowNumber=5f4 finishing close
2026-09-14 14:01:08.937 I  PeachCommander[28053:167e3] [com.apple.AppKit:Window] order window: 5f4 op: 0 relative: 0 related: 0
2026-09-14 14:01:08.938 A  PeachCommander[28053:167ea] (CoreFoundation) Loading Preferences From System CFPrefsD
2026-09-14 14:01:08.987 I  PeachCommander[28053:167e3] [com.apple.iconservices:foundation] layer data size zero
2026-09-14 14:01:08.988 A  PeachCommander[28053:167e3] (CoreFoundation) Loading Preferences From User CFPrefsD
2026-09-14 14:01:08.988 I  PeachCommander[28053:167e3] [com.apple.CoreAnalytics:client] Dropping "com.apple.ImageIO.readerSelection" as it isn't used in any transform (not in the config or budgeted?)
2026-09-14 14:01:09.062 I  PeachCommander[28053:167e3] [com.apple.CoreAnalytics:client] Dropping "com.apple.appkit.app_config" as it isn't used in any transform (not in the config or budgeted?)
2026-09-14 14:01:09.062 I  PeachCommander[28053:167e3] [com.apple.SafariPlatformSupport:SafariPlatformSupport] -[SFSafariPlatformSupport credentialSelected:] with nil credential
2026-09-14 14:01:09.062 I  PeachCommander[28053:167e3] [com.apple.SafariPlatformSupport:SafariPlatformSupport] -[SFSafariPlatformSupport oneTimeCodeSelected:] with nil code
2026-09-14 14:01:09.146 I  PeachCommander[28053:16886] [com.apple.AppKit:WindowTab] Indexing 1 items
2026-09-14 14:01:09.146 A  PeachCommander[28053:16886] (CoreSpotlight) end-index-batch
2026-09-14 14:01:09.146 Df PeachCommander[28053:16886] [com.apple.corespotlight:index] *warn* MailCS ======%%% _setMailMessageAttributes skip:1
2026-09-14 14:01:09.146 A  PeachCommander[28053:16886] (CoreSpotlight) index-items
2026-09-14 14:01:09.146 Df PeachCommander[28053:16886] [com.apple.corespotlight:index] CSInlineDonation:<private>: Skipping donation (feature flag disabled)
2026-09-14 14:01:09.146 Df PeachCommander[28053:16886] [com.apple.corespotlight:index] CSInlineDonation:<private>: Skipping donation (feature flag disabled)
2026-09-14 14:01:09.257 I  PeachCommander[28053:167e3] [com.apple.HIToolbox:MBDisplays] <private>
2026-09-14 14:01:09.257 I  PeachCommander[28053:167e3] [com.apple.HIToolbox:MBDisplays] <private>
2026-09-14 14:01:09.473 Df PeachCommander[28053:167ea] [com.apple.xpc:connection] [0x902aca1c0] activating connection: mach=false listener=false peer=false name=com.apple.SafariPlatformSupport.Helper
2026-09-14 14:01:09.490 Df PeachCommander[28053:167e3] [com.apple.BoardServices:XPCErrors] [C:3] Alloc com.apple.backboard.hid-services.xpc
2026-09-14 14:01:09.490 Df PeachCommander[28053:167e3] [com.apple.xpc:connection] [0x902aca080] activating connection: mach=false listener=false peer=false name=(anonymous)
2026-09-14 14:01:09.490 Df PeachCommander[28053:167e9] [com.apple.BackBoard:EventDelivery] BKSHIDEventDeliveryManager - connection activation
2026-09-14 14:01:09.491 I  PeachCommander[28053:167e3] [com.peachcommander:PCFoundation] Session restored
2026-09-14 14:01:09.492 Df PeachCommander[28053:167e3] (Foundation) <private>
2026-09-14 14:01:09.492 I  PeachCommander[28053:167e3] [com.peachcommander:PCFoundation] [automation] running /Users/admin/auto.txt
2026-09-14 14:01:09.492 Df PeachCommander[28053:167e3] (Foundation) <private>
2026-09-14 14:01:09.492 I  PeachCommander[28053:167e3] [com.peachcommander:PCFoundation] [automation] > active left
2026-09-14 14:01:09.492 Df PeachCommander[28053:167e3] (Foundation) <private>
2026-09-14 14:01:09.492 I  PeachCommander[28053:167e3] [com.peachcommander:PCFoundation] [automation] > left /Users/admin/pc-demo
2026-09-14 14:01:09.532 Df PeachCommander[28053:167e9] [com.apple.xpc:connection] [0x902aca1c0] invalidated after the last release of the connection object
2026-09-14 14:01:09.556 I  PeachCommander[28053:167e3] [com.apple.launchservices:cas] Removing cached information for app [ 0x0-0x177177]  "PeachCommander", as its seed is different from that in shared memory ( 535 vs 537)
2026-09-14 14:01:09.557 Df PeachCommander[28053:167e3] [com.apple.xpc:connection] [0x902ac9cc0] activating connection: mach=false listener=false peer=false name=(anonymous)
2026-09-14 14:01:09.557 Df PeachCommander[28053:167e3] [com.apple.xpc:connection] [0x902aca1c0] activating connection: mach=false listener=false peer=false name=(anonymous)
2026-09-14 14:01:09.566 Df PeachCommander[28053:167e3] (Foundation) <private>
2026-09-14 14:01:09.567 I  PeachCommander[28053:167e3] [com.peachcommander:PCFoundation] [automation] > wait 1200
2026-09-14 14:01:09.588 I  PeachCommander[28053:167e3] [com.apple.iconservices:foundation] layer data size zero
2026-09-14 14:01:09.625 I  PeachCommander[28053:167e3] [com.apple.launchservices:datasep] application record search init. Node: <FSNode 0x904ba8860> { isDir = y, path = <private> } bundleID: (null) itemID: 0
2026-09-14 14:01:09.625 I  PeachCommander[28053:167e3] [com.apple.launchservices:datasep] application record search init. Node: <FSNode 0x904ba8860> { isDir = y, path = <private> } bundleID: (null) itemID: 0
2026-09-14 14:01:09.625 I  PeachCommander[28053:167e3] [com.apple.SafariPlatformSupport:SafariPlatformSupport] -[SFSafariPlatformSupport credentialSelected:] with nil credential
2026-09-14 14:01:09.625 I  PeachCommander[28053:167e3] [com.apple.SafariPlatformSupport:SafariPlatformSupport] -[SFSafariPlatformSupport oneTimeCodeSelected:] with nil code
2026-09-14 14:01:09.626 I  PeachCommander[28053:167e3] [com.apple.iconservices:foundation] layer data size zero
2026-09-14 14:01:09.626 I  PeachCommander[28053:167e3] [com.apple.iconservices:foundation] layer data size zero
2026-09-14 14:01:09.626 I  PeachCommander[28053:167e3] [com.apple.iconservices:foundation] layer data size zero
2026-09-14 14:01:09.633 I  PeachCommander[28053:167e3] [com.apple.SafariPlatformSupport:SafariPlatformSupport] -[SPSafariPlatformSupport completionListPreferredContentSizeDidUpdate] with size {0, 0}, in window that is visible
2026-09-14 14:01:10.116 I  PeachCommander[28053:167f3] [com.apple.AppKit:WindowTab] Indexing 1 items
2026-09-14 14:01:10.116 A  PeachCommander[28053:167f3] (CoreSpotlight) end-index-batch
2026-09-14 14:01:10.116 A  PeachCommander[28053:167f3] (CoreSpotlight) index-items
2026-09-14 14:01:10.117 Df PeachCommander[28053:167f3] [com.apple.corespotlight:index] CSInlineDonation:<private>: Skipping donation (feature flag disabled)
2026-09-14 14:01:10.117 Df PeachCommander[28053:167f3] [com.apple.corespotlight:index] CSInlineDonation:<private>: Skipping donation (feature flag disabled)
2026-09-14 14:01:10.795 Df PeachCommander[28053:167e3] (Foundation) <private>
2026-09-14 14:01:10.795 I  PeachCommander[28053:167e3] [com.peachcommander:PCFoundation] [automation] > editdump /Users/admin/pc-demo/stack.yml /Users/admin/ed.txt
2026-09-14 14:01:10.814 I  PeachCommander[28053:167e3] [com.apple.AppKit:Window] context (0 -> 9de830f3) for window 5f7
2026-09-14 14:01:10.829 I  PeachCommander[28053:167e3] [com.apple.CFPasteboard:entry] CopyItemsAndFlavors('Apple CFPasteboard find (<CFUUID 0x901d577c0> E4839A90-857A-4D7E-BC3C-6832EE71E2B5)' gen: -1)
2026-09-14 14:01:10.829 I  PeachCommander[28053:167e3] [com.apple.CFPasteboard:cache] Rebuilding cache for 'Apple CFPasteboard find' (<CFUUID 0x901d577c0> E4839A90-857A-4D7E-BC3C-6832EE71E2B5)
2026-09-14 14:01:10.829 I  PeachCommander[28053:167e3] [com.apple.CFPasteboard:exit] result: 0, gen: -1 item-count: 2 flavor-count: 2 (-1 means nil)
2026-09-14 14:01:10.829 I  PeachCommander[28053:167e3] [com.apple.CFPasteboard:entry] GetDataFlags('Apple CFPasteboard find' (<CFUUID 0x901d577c0> E4839A90-857A-4D7E-BC3C-6832EE71E2B5) gen: -1  item: 789514, flavor: 'public.utf8-plain-text')
2026-09-14 14:01:10.829 I  PeachCommander[28053:167e3] [com.apple.CFPasteboard:exit] result: 0 flags: 20000000
2026-09-14 14:01:10.829 I  PeachCommander[28053:167e3] [com.apple.CFPasteboard:entry] GetDataFlags('Apple CFPasteboard find' (<CFUUID 0x901d577c0> E4839A90-857A-4D7E-BC3C-6832EE71E2B5) gen: -1  item: 789514, flavor: 'com.apple.cocoa.pasteboard.find-panel-search-options')
2026-09-14 14:01:10.829 I  PeachCommander[28053:167e3] [com.apple.CFPasteboard:exit] result: 0 flags: 20000000
2026-09-14 14:01:10.829 Df PeachCommander[28053:167e3] [com.apple.AppKit:Pasteboard] NSPasteboard (name: Apple CFPasteboard find): data requested for type NSStringPboardType at index 0
2026-09-14 14:01:10.829 I  PeachCommander[28053:167e3] [com.apple.CFPasteboard:entry] GetItemCount('Apple CFPasteboard find' (<CFUUID 0x901d577c0> E4839A90-857A-4D7E-BC3C-6832EE71E2B5) gen: -1)
2026-09-14 14:01:10.829 I  PeachCommander[28053:167e3] [com.apple.CFPasteboard:exit] result: 0 gen: 4 count: 1
2026-09-14 14:01:10.829 I  PeachCommander[28053:167e3] [com.apple.CFPasteboard:entry] CopyItemsAndFlavors('Apple CFPasteboard find (<CFUUID 0x901d577c0> E4839A90-857A-4D7E-BC3C-6832EE71E2B5)' gen: -1)
2026-09-14 14:01:10.829 I  PeachCommander[28053:167e3] [com.apple.CFPasteboard:exit] result: 0, gen: -1 item-count: 2 flavor-count: 2 (-1 means nil)
2026-09-14 14:01:10.829 I  PeachCommander[28053:167e3] [com.apple.CFPasteboard:entry] CopyData('Apple CFPasteboard find' (<CFUUID 0x901d577c0> E4839A90-857A-4D7E-BC3C-6832EE71E2B5) gen: 4 item: 789514 flavor: 'public.utf8-plain-text')
2026-09-14 14:01:10.829 I  PeachCommander[28053:167e3] [com.apple.CFPasteboard:general] Will request data from daemon
2026-09-14 14:01:10.830 I  PeachCommander[28053:167e3] [com.apple.CFPasteboard:exit] (not-in-cache) - result: 0 generation: 4 data (7 bytes) flags: 20000000
2026-09-14 14:01:10.830 Df PeachCommander[28053:167e3] [com.apple.AppKit:Pasteboard] NSPasteboard (name: Apple CFPasteboard find): data requested for type com.apple.cocoa.pasteboard.find-panel-search-options at index 0
2026-09-14 14:01:10.830 I  PeachCommander[28053:167e3] [com.apple.CFPasteboard:entry] CopyItemsAndFlavors('Apple CFPasteboard find (<CFUUID 0x901d577c0> E4839A90-857A-4D7E-BC3C-6832EE71E2B5)' gen: -1)
2026-09-14 14:01:10.830 I  PeachCommander[28053:167e3] [com.apple.CFPasteboard:exit] result: 0, gen: -1 item-count: 2 flavor-count: 2 (-1 means nil)
2026-09-14 14:01:10.830 I  PeachCommander[28053:167e3] [com.apple.CFPasteboard:entry] CopyData('Apple CFPasteboard find' (<CFUUID 0x901d577c0> E4839A90-857A-4D7E-BC3C-6832EE71E2B5) gen: 4 item: 789514 flavor: 'com.apple.cocoa.pasteboard.find-panel-search-options')
2026-09-14 14:01:10.830 I  PeachCommander[28053:167e3] [com.apple.CFPasteboard:general] Will request data from daemon
2026-09-14 14:01:10.830 I  PeachCommander[28053:167e3] [com.apple.CFPasteboard:exit] (not-in-cache) - result: 0 generation: 4 data (116 bytes) flags: 20000000
2026-09-14 14:01:10.832 I  PeachCommander[28053:167e3] [com.apple.CoreAnalytics:client] Dropping "com.apple.appkit.app_config" as it isn't used in any transform (not in the config or budgeted?)
2026-09-14 14:01:10.837 I  PeachCommander[28053:167e3] [com.apple.AppKit:Animation] Running new animation: <private>
2026-09-14 14:01:10.837 I  PeachCommander[28053:167e3] [com.apple.AppKit:Animation] Running new animation: <private>
2026-09-14 14:01:10.837 I  PeachCommander[28053:167e3] [com.apple.AppKit:Animation] Running new animation: <private>
2026-09-14 14:01:10.837 I  PeachCommander[28053:167e3] [com.apple.AppKit:Animation] Running new animation: <private>
2026-09-14 14:01:10.837 I  PeachCommander[28053:167e3] [com.apple.AppKit:Animation] Running new animation: <private>
2026-09-14 14:01:10.840 I  PeachCommander[28053:167e3] [com.apple.inputAnalytics.client:IATextInputActions] initWithAnalyticsMetadataObserver service
2026-09-14 14:01:10.841 Df PeachCommander[28053:167e3] [com.apple.TextInputUI:CursorUI] -[TUINSCursorUIController scheduleUpdateCursorLocation]
2026-09-14 14:01:10.841 Df PeachCommander[28053:167e3] [com.apple.TextInputUI:CursorUI] -[TUINSCursorUIController scheduleUpdateCursorLocation]
2026-09-14 14:01:10.842 I  PeachCommander[28053:167e3] [com.apple.CFPasteboard:entry] CopyData('DefaultAsciiKeyboardLayoutPasteboard' (<CFUUID 0x902d5c7a0> 7BAA809D-AB2A-488B-8C29-85E94378B85C) gen: -1 item: 1264739405 flavor: 'DefaultAsciiKeyboardLayoutFlavor')
2026-09-14 14:01:10.842 I  PeachCommander[28053:167e3] [com.apple.CFPasteboard:exit] (not-in-cache) - result: -8 generation: 0 null data flags: 0
2026-09-14 14:01:10.899 I  PeachCommander[28053:167e3] [com.apple.AppKit:Window] order window front conditionally: 5f7 related: 0
2026-09-14 14:01:10.899 I  PeachCommander[28053:167e3] [com.apple.AppKit:Window] order window front conditionally: 5f7 related: 0
2026-09-14 14:01:10.900 I  PeachCommander[28053:1688a] [com.apple.inputAnalytics.client:IATextInputActions] mergeOrConsumeAction calling sendSignal:toChannel:withNullableSessionID:withPayload:
2026-09-14 14:01:10.900 Df PeachCommander[28053:1688a] [com.apple.inputAnalytics.client:IASignalAnalytics] channel:<private> signal:<private> sessionID:<private> timestamp:<private> payload:<private>
2026-09-14 14:01:10.900 I  PeachCommander[28053:1688a] [com.apple.inputAnalytics.client:IAXPCClient] IASignalAnalytics: fetching xpcClient...
2026-09-14 14:01:10.900 I  PeachCommander[28053:1688a] [com.apple.inputAnalytics.client:IAXPCClient] Initialized 0x903956160
2026-09-14 14:01:10.900 I  PeachCommander[28053:1688a] [com.apple.inputAnalytics.client:IAXPCClient] 0x903956160 using shared remote object proxy
2026-09-14 14:01:10.900 I  PeachCommander[28053:1688a] [com.apple.inputAnalytics.client:IAXPCClient] 0x903956160 calling connection resume after shared instance
2026-09-14 14:01:10.900 Df PeachCommander[28053:1688a] [com.apple.xpc:connection] [0x901e8fac0] activating connection: mach=true listener=false peer=false name=com.apple.inputanalyticsd
2026-09-14 14:01:10.900 Df PeachCommander[28053:167f3] [com.apple.xpc:connection] [0x901e8fd40] activating connection: mach=false listener=false peer=false name=com.apple.TextInputUI.xpc.CursorUIViewService
2026-09-14 14:01:10.900 Df PeachCommander[28053:167e3] [com.apple.TextInputUI:CursorUI] -[TUINSCursorUIController scheduleUpdateCursorLocation]
2026-09-14 14:01:10.900 I  PeachCommander[28053:1688a] [com.apple.inputAnalytics.client:IAXPCClient] IAXPCclient 0x903956160 init created _connection 0x9026e6440 _server 0x0 with IXAXPCProtocol
2026-09-14 14:01:10.900 I  PeachCommander[28053:1688a] [com.apple.inputAnalytics.client:IAXPCClient] IASignalAnalytics: ...returning xpcClient 0x903956160
2026-09-14 14:01:10.900 I  PeachCommander[28053:1688a] [com.apple.inputAnalytics.client:IAXPCClient] server: returning server 0x9022bc1e0
2026-09-14 14:01:10.900 Df PeachCommander[28053:16886] [com.apple.xpc:connection] [0x901e8fd40] invalidated after the last release of the connection object
2026-09-14 14:01:10.901 I  PeachCommander[28053:1688a] [com.apple.inputAnalytics:IAServerStats] Logging <private>
2026-09-14 14:01:10.901 I  PeachCommander[28053:1688a] [com.apple.CoreAnalytics:client] Dropping "com.apple.inputAnalytics.serverStats" as it isn't used in any transform (not in the config or budgeted?)
2026-09-14 14:01:10.907 Df PeachCommander[28053:167e3] [com.apple.xpc:connection] [0x901e8fe80] activating connection: mach=false listener=false peer=false name=(anonymous)
2026-09-14 14:01:10.907 Df PeachCommander[28053:167e3] [com.apple.xpc:connection] [0x901e8e080] activating connection: mach=false listener=false peer=false name=(anonymous)
2026-09-14 14:01:10.915 Df PeachCommander[28053:167e3] [com.apple.TextInputUI:CursorUI] -[TUINSCursorUIController scheduleUpdateCursorLocation]
2026-09-14 14:01:10.915 Df PeachCommander[28053:167e3] [com.apple.TextInputUI:CursorUI] -[TUINSCursorUIController scheduleUpdateCursorLocation]
2026-09-14 14:01:10.939 Df PeachCommander[28053:167e3] [com.apple.TextInputUI:CursorUI] -[TUINSCursorUIController scheduleUpdateCursorLocation]
2026-09-14 14:01:10.939 Df PeachCommander[28053:167e3] [com.apple.TextInputUI:CursorUI] -[TUINSCursorUIController scheduleUpdateCursorLocation]
2026-09-14 14:01:10.942 Df PeachCommander[28053:167e3] [com.apple.TextInputUI:CursorUI] -[TUINSCursorUIController activate:]_block_invoke: Create CursorUIViewService: TUINSRemoteViewController
2026-09-14 14:01:10.942 Df PeachCommander[28053:167e3] [com.apple.xpc:connection] [0x902aca580] invalidated because the current process cancelled the connection by calling xpc_connection_cancel()
2026-09-14 14:01:10.942 Df PeachCommander[28053:167e3] [com.apple.xpc:connection] [0x902aca6c0] invalidated because the current process cancelled the connection by calling xpc_connection_cancel()
2026-09-14 14:01:10.942 E  PeachCommander[28053:167e3] [com.apple.TextInputUI:CursorUI] ViewBridge to RemoteViewService Terminated: Error Domain=com.apple.ViewBridge Code=18 UserInfo={com.apple.ViewBridge.error.hint=this process disconnected remote view controller -- benign unless unexpected, com.apple.ViewBridge.error.description=NSViewBridgeErrorCanceled}
2026-09-14 14:01:10.948 Df PeachCommander[28053:167e3] [com.apple.TextInputUI:CursorUI] -[TUINSCursorUIController scheduleUpdateCursorLocation]
2026-09-14 14:01:10.948 Df PeachCommander[28053:167e3] [com.apple.TextInputUI:CursorUI] -[TUINSCursorUIController scheduleUpdateCursorLocation]
2026-09-14 14:01:10.965 Df PeachCommander[28053:167e3] [com.apple.TextInputUI:CursorUI] -[TUINSCursorUIController scheduleUpdateCursorLocation]
2026-09-14 14:01:10.965 Df PeachCommander[28053:167e3] [com.apple.TextInputUI:CursorUI] -[TUINSCursorUIController scheduleUpdateCursorLocation]
2026-09-14 14:01:10.981 Df PeachCommander[28053:167e3] [com.apple.TextInputUI:CursorUI] -[TUINSCursorUIController scheduleUpdateCursorLocation]
2026-09-14 14:01:10.982 Df PeachCommander[28053:167e3] [com.apple.TextInputUI:CursorUI] -[TUINSCursorUIController scheduleUpdateCursorLocation]
2026-09-14 14:01:10.999 Df PeachCommander[28053:167e3] [com.apple.TextInputUI:CursorUI] -[TUINSCursorUIController scheduleUpdateCursorLocation]
2026-09-14 14:01:10.999 Df PeachCommander[28053:167e3] [com.apple.TextInputUI:CursorUI] -[TUINSCursorUIController scheduleUpdateCursorLocation]
2026-09-14 14:01:11.015 Df PeachCommander[28053:167e3] [com.apple.TextInputUI:CursorUI] -[TUINSCursorUIController scheduleUpdateCursorLocation]
2026-09-14 14:01:11.015 Df PeachCommander[28053:167e3] [com.apple.TextInputUI:CursorUI] -[TUINSCursorUIController scheduleUpdateCursorLocation]
2026-09-14 14:01:11.033 Df PeachCommander[28053:167e3] [com.apple.TextInputUI:CursorUI] -[TUINSCursorUIController scheduleUpdateCursorLocation]
2026-09-14 14:01:11.033 Df PeachCommander[28053:167e3] [com.apple.TextInputUI:CursorUI] -[TUINSCursorUIController scheduleUpdateCursorLocation]
2026-09-14 14:01:11.049 Df PeachCommander[28053:167e3] [com.apple.TextInputUI:CursorUI] -[TUINSCursorUIController scheduleUpdateCursorLocation]
2026-09-14 14:01:11.049 Df PeachCommander[28053:167e3] [com.apple.TextInputUI:CursorUI] -[TUINSCursorUIController scheduleUpdateCursorLocation]
2026-09-14 14:01:11.066 Df PeachCommander[28053:167e3] [com.apple.TextInputUI:CursorUI] -[TUINSCursorUIController scheduleUpdateCursorLocation]
2026-09-14 14:01:11.067 Df PeachCommander[28053:167e3] [com.apple.TextInputUI:CursorUI] -[TUINSCursorUIController scheduleUpdateCursorLocation]
2026-09-14 14:01:11.083 Df PeachCommander[28053:167e3] [com.apple.TextInputUI:CursorUI] -[TUINSCursorUIController scheduleUpdateCursorLocation]
2026-09-14 14:01:11.083 Df PeachCommander[28053:167e3] [com.apple.TextInputUI:CursorUI] -[TUINSCursorUIController scheduleUpdateCursorLocation]
2026-09-14 14:01:11.100 Df PeachCommander[28053:167e3] [com.apple.TextInputUI:CursorUI] -[TUINSCursorUIController scheduleUpdateCursorLocation]
2026-09-14 14:01:11.100 Df PeachCommander[28053:167e3] [com.apple.TextInputUI:CursorUI] -[TUINSCursorUIController scheduleUpdateCursorLocation]
2026-09-14 14:01:11.116 Df PeachCommander[28053:167e3] [com.apple.TextInputUI:CursorUI] -[TUINSCursorUIController scheduleUpdateCursorLocation]
2026-09-14 14:01:11.116 Df PeachCommander[28053:167e3] [com.apple.TextInputUI:CursorUI] -[TUINSCursorUIController scheduleUpdateCursorLocation]
2026-09-14 14:01:11.132 Df PeachCommander[28053:167e3] [com.apple.TextInputUI:CursorUI] -[TUINSCursorUIController scheduleUpdateCursorLocation]
2026-09-14 14:01:11.132 Df PeachCommander[28053:167e3] [com.apple.TextInputUI:CursorUI] -[TUINSCursorUIController scheduleUpdateCursorLocation]
2026-09-14 14:01:11.150 Df PeachCommander[28053:167e3] [com.apple.TextInputUI:CursorUI] -[TUINSCursorUIController scheduleUpdateCursorLocation]
2026-09-14 14:01:11.150 Df PeachCommander[28053:167e3] [com.apple.TextInputUI:CursorUI] -[TUINSCursorUIController scheduleUpdateCursorLocation]
2026-09-14 14:01:11.342 I  PeachCommander[28053:1688a] [com.apple.AppKit:WindowTab] Indexing 2 items
2026-09-14 14:01:11.342 A  PeachCommander[28053:1688a] (CoreSpotlight) end-index-batch
2026-09-14 14:01:11.343 A  PeachCommander[28053:1688a] (CoreSpotlight) index-items
2026-09-14 14:01:11.343 Df PeachCommander[28053:1688a] [com.apple.corespotlight:index] CSInlineDonation:<private>: Skipping donation (feature flag disabled)
2026-09-14 14:01:11.344 Df PeachCommander[28053:167f9] [com.apple.corespotlight:index] CSInlineDonation:<private>: Skipping donation (feature flag disabled)
2026-09-14 14:01:11.922 Df PeachCommander[28053:167e3] [com.apple.xpc:connection] [0x901e8f700] activating connection: mach=true listener=false peer=false name=com.apple.pbs.fetch_services
2026-09-14 14:01:11.923 Df PeachCommander[28053:167e3] [com.apple.xpc:connection] [0x901e8f700] invalidated after the last release of the connection object
2026-09-14 14:01:11.923 A  PeachCommander[28053:167e3] (CoreFoundation) Loading Preferences From User CFPrefsD
2026-09-14 14:01:11.926 A  PeachCommander[28053:167e3] (CoreFoundation) Updating Key-Value Observers Of Preferences
2026-09-14 14:01:12.388 Df PeachCommander[28053:167e3] [com.apple.TextInputUI:CursorUI] -[TUINSCursorUIController scheduleUpdateCursorLocation]
2026-09-14 14:01:12.389 Df PeachCommander[28053:167e3] [com.apple.TextInputUI:CursorUI] -[TUINSCursorUIController scheduleUpdateCursorLocation]
2026-09-14 14:01:12.391 Df PeachCommander[28053:167e3] (Foundation) <private>
2026-09-14 14:01:12.391 Df PeachCommander[28053:167e3] (Foundation) <private>
2026-09-14 14:01:12.391 I  PeachCommander[28053:167e3] [com.peachcommander:PCFoundation] [automation] > wait 1800
2026-09-14 14:01:14.202 Df PeachCommander[28053:167e3] (Foundation) <private>
2026-09-14 14:01:14.202 I  PeachCommander[28053:167e3] [com.peachcommander:PCFoundation] [automation] > keyloop /Users/admin/keyloop-editorwin.txt
2026-09-14 14:01:14.218 Df PeachCommander[28053:167e3] (Foundation) <private>
2026-09-14 14:01:14.218 Df PeachCommander[28053:167e3] (Foundation) <private>
2026-09-14 14:01:14.218 I  PeachCommander[28053:167e3] [com.peachcommander:PCFoundation] [automation] > a11ydump /Users/admin/a11y-editorwin.txt
2026-09-14 14:01:14.220 Df PeachCommander[28053:167e3] (Foundation) <private>
2026-09-14 14:01:14.221 Df PeachCommander[28053:167e3] (Foundation) <private>
2026-09-14 14:01:14.221 I  PeachCommander[28053:167e3] [com.peachcommander:PCFoundation] [automation] > menudump /Users/admin/menu-editor.txt
2026-09-14 14:01:14.221 Df PeachCommander[28053:167e3] (Foundation) <private>
2026-09-14 14:01:14.221 Df PeachCommander[28053:167e3] (Foundation) <private>
2026-09-14 14:01:14.222 I  PeachCommander[28053:167e3] [com.peachcommander:PCFoundation] [automation] > wait 500
2026-09-14 14:01:14.757 Df PeachCommander[28053:167e3] (Foundation) <private>
2026-09-14 14:01:14.757 I  PeachCommander[28053:167e3] [com.peachcommander:PCFoundation] [automation] > panelsdump /Users/admin/keys-editorwin-done.txt
2026-09-14 14:01:14.758 Df PeachCommander[28053:167e3] (Foundation) <private>
2026-09-14 14:01:14.758 I  PeachCommander[28053:167e3] [com.peachcommander:PCFoundation] [automation] > wait 300
2026-09-14 14:01:15.080 Df PeachCommander[28053:167e3] (Foundation) <private>
2026-09-14 14:01:15.080 I  PeachCommander[28053:167e3] [com.peachcommander:PCFoundation] [automation] done
