Timestamp               Ty Process[PID:TID]
2026-09-14 11:58:09.764 A  PeachCommander[17862:e718] (libsystem_info.dylib) Retrieve User by ID
2026-09-14 11:58:09.764 Df PeachCommander[17862:e718] [com.apple.xpc:connection] [0x101c99d90] activating connection: mach=true listener=false peer=false name=com.apple.cfprefsd.daemon
2026-09-14 11:58:09.764 Df PeachCommander[17862:e71f] [com.apple.xpc:connection] [0x101c9a490] activating connection: mach=true listener=false peer=false name=com.apple.cfprefsd.agent
2026-09-14 11:58:09.766 Df PeachCommander[17862:e718] [com.apple.xpc:connection] [0x101c9f4b0] activating connection: mach=true listener=false peer=false name=com.apple.coreservices.launchservicesd
2026-09-14 11:58:09.766 I  PeachCommander[17862:e718] [com.apple.launchservices:cas] Registering for notification <private> on default queue, to re-boostrap client connection.
2026-09-14 11:58:09.766 Df PeachCommander[17862:e718] [com.apple.xpc:connection] [0x834cb4000] activating connection: mach=true listener=false peer=false name=com.apple.pasteboard.1
2026-09-14 11:58:09.766 Df PeachCommander[17862:e718] [com.apple.xpc:connection] [0x834cb4140] activating connection: mach=true listener=false peer=false name=com.apple.distributed_notifications@Uv3
2026-09-14 11:58:09.767 Df PeachCommander[17862:e718] [com.apple.AppKit:AutomaticTermination] void _NSDisableAutomaticTerminationAndLog(NSString *) No windows open yet
2026-09-14 11:58:09.768 A  PeachCommander[17862:e718] (TCC) TCCAccessRequest() IPC
2026-09-14 11:58:09.768 Df PeachCommander[17862:e718] [com.apple.xpc:connection] [0x834cb4280] activating connection: mach=true listener=false peer=false name=com.apple.tccd.system
2026-09-14 11:58:09.768 I  PeachCommander[17862:e718] [com.apple.TCC:access] SEND: 0/7 synchronous to com.apple.tccd.system: request: msgID=17862.1, function=TCCAccessRequest, service=kTCCServiceListenEvent,
2026-09-14 11:58:09.769 I  PeachCommander[17862:e718] [com.apple.TCC:access] RECV: synchronous reply <dictionary: 0x834c78000> { count = 5, transaction: 0, voucher = 0x0, contents =
	"prompt_type" => <uint64: 0x923cb6341ba0b14f>: 1
	"auth_value" => <uint64: 0x923cb6341ba0b14f>: 1
	"preflight_unknown" => <bool: 0x1f7121190>: true
	"auth_version" => <uint64: 0x923cb6341ba0b14f>: 1
	"auth_reason" => <uint64: 0x923cb6341ba0b16f>: 5
}
2026-09-14 11:58:09.769 Df PeachCommander[17862:e718] [com.apple.xpc:connection] [0x834cb4280] invalidated after the last release of the connection object
2026-09-14 11:58:09.769 Df PeachCommander[17862:e718] [com.apple.SkyLight:default] server port 0x00002f0f, session port 0x00002f0f
2026-09-14 11:58:09.771 Df PeachCommander[17862:e718] [com.apple.SkyLight:default] New connection 0x448d7 main
2026-09-14 11:58:09.771 I  PeachCommander[17862:e720] [com.apple.SkyLight:processes] 0[outside of RPC]: First connection id 280791 mapped to ctx = 0x83501d000
2026-09-14 11:58:09.772 I  PeachCommander[17862:e718] [com.apple.hiservices:processmgr] Checking in with CAS, pid=17862
2026-09-14 11:58:09.772 I  PeachCommander[17862:e718] [com.apple.launchservices:cas] LSApplicationCheckIn(), app being registered is:"/Users/admin/pc-test/PeachCommander.app/Contents/MacOS/PeachCommander"
2026-09-14 11:58:09.772 I  PeachCommander[17862:e718] [com.apple.launchservices:cas]  { "ApplicationType"="Foreground", "BuildMachineOSBuild"="25E246", "CFBundleDevelopmentRegion"="en", "CFBundleDocumentTypes"=( { "CFBundleTypeName"="Peach Commander Plugin Package", "CFBundleTypeRole"="Viewer", "LSHandlerRank"="Owner", "LSItemContentTypes"=( "com.peachcommander.plugin-package") }), "CFBundleExecutable"="PeachCommander", "CFBundleExecutablePath"="/Users/admin/pc-test/PeachCommander.app/Contents/MacOS/PeachCommander", "CFBundleHelpBookFolder"="PeachCommander.help", "CFBundleHelpBookName"="Peach Commander Help", "CFBundleIconFile"="AppIcon", "CFBundleIconName"="AppIcon", "CFBundleIdentifier"="com.peachcommander.app", "CFBundleInfoDictionaryVersion"="6.0", "CFBundleName"="PeachCommander", "CFBundleNumericVersion"=402685952, "CFBundlePackageType"="APPL", "CFBundleShortVersionString"="0.9.0", "CFBundleSignature"="?????", "CFBundleSupportedPlatforms"=( "MacOSX"), "CFBundleVersion"="18", "DTCompiler"="com.apple.compilers.llvm.clang.1_0", "DTPlatformBuild"="25F70", "DTPlatformName"="macosx", "<…>
2026-09-14 11:58:09.772 Df PeachCommander[17862:e718] [com.apple.processmanager:front-35286506] CHECKIN: pid=17862
2026-09-14 11:58:09.774 Df PeachCommander[17862:e718] [com.apple.processmanager:front-35286506] CHECKEDIN: pid=17862 asn=0x0-0xda0da foreground=1
2026-09-14 11:58:09.774 I  PeachCommander[17862:e718] [com.apple.launchservices:cas] Setting processControlState to default PROC_SETPC_SUSPEND because application does not have LSProcessControlValue key
2026-09-14 11:58:09.774 Df PeachCommander[17862:e718] [com.apple.xpc:connection] [0x834cb4280] activating connection: mach=false listener=true peer=false name=(anonymous)
2026-09-14 11:58:09.774 Df PeachCommander[17862:e718] [com.apple.xpc:connection] [0x834cb4280] Connection returned listener port: 0x5403
2026-09-14 11:58:09.774 Df PeachCommander[17862:e71f] [com.apple.xpc:connection] [0x8350b8300] activating connection: mach=false listener=false peer=true name=com.apple.xpc.anonymous.0x834cb4280.peer[131].0x8350b8300
2026-09-14 11:58:09.774 Df PeachCommander[17862:e718] [com.apple.processmanager:front-35286506] FRONTLOGGING: version 1
2026-09-14 11:58:09.774 Df PeachCommander[17862:e718] [com.apple.processmanager:front-35286506] Registered, pid=17862 ASN=0x0,0xda0da
2026-09-14 11:58:09.774 Df PeachCommander[17862:e718] [com.apple.xpc:connection] [0x834cb43c0] activating connection: mach=true listener=false peer=false name=com.apple.analyticsd
2026-09-14 11:58:09.775 I  PeachCommander[17862:e718] [com.apple.CoreAnalytics:client] Daemon status changed from 0 to 1
2026-09-14 11:58:09.775 I  PeachCommander[17862:e71f] [com.apple.CarbonCore:coreservicesdaemon] SCSession():SCSession( id=100, this=0x0x101ca87e0 option=65538) created, forUID=501 mach_port_t=0x4103.
2026-09-14 11:58:09.775 I  PeachCommander[17862:e71f] [com.apple.CarbonCore:coreservicesdaemon] SCSession():SCSession( id=101, this=0x0x101c9dc30 option=65538) created, forUID=501 mach_port_t=0x4e03.
2026-09-14 11:58:09.775 I  PeachCommander[17862:e71f] [com.apple.CarbonCore:coreservicesdaemon] connectToCoreServicesD():Instantiating server (coreservicesd based) SCSession, port=0x4103 serverOptions=0x10002.
2026-09-14 11:58:09.775 I  PeachCommander[17862:e718] [com.apple.hiservices:processmgr] _RegisterApplication( pid 17862 => 0x0,0xda0da) type=foreground
2026-09-14 11:58:09.775 Df PeachCommander[17862:e718] [com.apple.xpc:connection] [0x834cb4280] Connection returned listener port: 0x5403
2026-09-14 11:58:09.775 I  PeachCommander[17862:e718] [com.apple.launchservices:cas] CFArrayRef _LSCopyLaunchModifiers(LSSessionID, LSASNRef _Nonnull), result for psn [ kLSCurrentApp ASN, 0x0,0x2]  is 1 items.
2026-09-14 11:58:09.775 Df PeachCommander[17862:e718] [com.apple.processmanager:front-35286506] BringForward: pid=17862 asn=0x0-0xda0da bringForward=1 foreground=1 uiElement=0 launchedByLS=1 modifiersCount=1 allDisabled=1
2026-09-14 11:58:09.775 Df PeachCommander[17862:e718] [com.apple.processmanager:front-35286506] BringFrontModifier: pid=17862 asn=0x0-0xda0da Modifier 0 hideAfter=0 hideOthers=0 dontMakeFrontmost=0 mouseDown=0/0 seed=0/0
2026-09-14 11:58:09.775 Df PeachCommander[17862:e718] [com.apple.processmanager:front-35286506] BringForward: pid=17862 asn=0x0-0xda0da
2026-09-14 11:58:09.775 Df PeachCommander[17862:e718] [com.apple.processmanager:front-35286506] SetFrontProcess: asn=0x0-0xda0da options=0
2026-09-14 11:58:09.775 I  PeachCommander[17862:e718] [com.apple.SkyLight:processes] 0[outside of RPC]: SLPSetFrontProcess(0x0-0xda0da window=0 options=0x0
2026-09-14 11:58:09.775 Df PeachCommander[17862:e71f] [com.apple.xpc:connection] [0x834cb4500] activating connection: mach=true listener=false peer=false name=com.apple.lsd.mapdb
2026-09-14 11:58:09.777 Df PeachCommander[17862:e718] [com.apple.AppKit:Appearance] Current system appearance, (HLTB: 1), (SLS: 0)
2026-09-14 11:58:09.778 Df PeachCommander[17862:e718] (libMobileGestalt.dylib) No persisted cache on this platform.
2026-09-14 11:58:09.778 I  PeachCommander[17862:e720] [com.apple.launchservices:cas] information in shared memory for 0x0-0xda0da with seed 533 was still valid, so using cached info { "ApplicationType"="Foreground", "BuildMachineOSBuild"="25E246", "BundleIdentifierLowerCase"="com.peachcommander.app", "CFBundleDevelopmentRegion"="en", "CFBundleDocumentTypes"=( { "CFBundleTypeName"="Peach Commander Plugin Package", "CFBundleTypeRole"="Viewer", "LSHandlerRank"="Owner", "LSItemContentTypes"=( "com.peachcommander.plugin-package") }), "CFBundleExecutable"="PeachCommander", "CFBundleExecutablePath"="/Users/admin/pc-test/PeachCommander.app/Contents/MacOS/PeachCommander", "CFBundleExecutablePathDeviceID"=16777228, "CFBundleExecutablePathINode"=487690, "CFBundleHelpBookFolder"="PeachCommander.help", "CFBundleHelpBookName"="Peach Commander Help", "CFBundleIconFile"="AppIcon", "CFBundleIconName"="AppIcon", "CFBundleIdentifier"="com.peachcommander.app", "CFBundleInfoDictionaryVersion"="6.0", "CFBundleName"="PeachCommander", "CFBundleNameLowerCase"="peachcommander", "CFBundleNumericVersion"=402685952, "CFBundlePackageType"="APPL", "CFBundleShortVersionString"="0.9.0", "CFBun<…>
2026-09-14 11:58:09.778 Df PeachCommander[17862:e718] (libMobileGestalt.dylib) Could not get size of EAN data (IOConnectCallScalarMethod kAppleNVMeEANGetSize returned 0xE00002E2)
2026-09-14 11:58:09.778 Df PeachCommander[17862:e718] (libMobileGestalt.dylib) Failed to copy 'aptk' from EAN
2026-09-14 11:58:09.778 Df PeachCommander[17862:e718] (libMobileGestalt.dylib) Failed to copy APTicket properties. Falling back to default policy.
2026-09-14 11:58:09.778 Df PeachCommander[17862:e718] (libMobileGestalt.dylib) Creating default MGSysConfigPolicy
2026-09-14 11:58:09.778 Df PeachCommander[17862:e718] (libMobileGestalt.dylib) CFDictionaryRef copySyscfgDictionary(void) enumeration of <private> failed.
2026-09-14 11:58:09.778 Df PeachCommander[17862:e718] (libMobileGestalt.dylib) Failed to find key <private>
2026-09-14 11:58:09.778 I  PeachCommander[17862:e71f] [com.apple.launchservices:db] LaunchServices database schema version: 20971544
2026-09-14 11:58:09.779 Df PeachCommander[17862:e718] [com.apple.AppKit:Appearance] Current system appearance, (HLTB: 1), (SLS: 0)
2026-09-14 11:58:09.779 Df PeachCommander[17862:e718] [com.apple.AppKit:Appearance] Post-registration system appearance: (HLTB: 1)
2026-09-14 11:58:09.780 I  PeachCommander[17862:e71f] [com.apple.launchservices:default] Unable to load Info.plist exceptions (eGPUOverrides)
2026-09-14 11:58:09.780 I  PeachCommander[17862:e71f] [com.apple.launchservices:default] Unable to load Info.plist exceptions (gameModeOverrides)
2026-09-14 11:58:09.780 I  PeachCommander[17862:e71f] [com.apple.launchservices:default] Unable to load Info.plist exceptions (identifiedGameOverrides)
2026-09-14 11:58:09.780 I  PeachCommander[17862:e71f] [com.apple.launchservices:default] Unable to load Info.plist exceptions (SystemHiddenPreferred)
2026-09-14 11:58:09.780 Df PeachCommander[17862:e720] [com.apple.CoreAnalytics:client] Received configuration update from daemon (initial)
2026-09-14 11:58:09.780 Df PeachCommander[17862:e718] [com.apple.FrontBoard:Common] FBSWorkspace: endpoint monitoring is disabled.
2026-09-14 11:58:09.780 Df PeachCommander[17862:e718] [com.apple.FrontBoard:Common] FBSWorkspace: default shell endpoint is disabled.
2026-09-14 11:58:09.780 Df PeachCommander[17862:e718] [com.apple.runningboard:connection] Initializing connection
2026-09-14 11:58:09.780 Df PeachCommander[17862:e718] [com.apple.runningboard:process] Removing all cached process handles
2026-09-14 11:58:09.780 Df PeachCommander[17862:e720] [com.apple.runningboard:connection] Sending handshake request attempt #1 to server
2026-09-14 11:58:09.780 Df PeachCommander[17862:e720] [com.apple.runningboard:connection] Creating connection to com.apple.runningboard
2026-09-14 11:58:09.780 Df PeachCommander[17862:e720] [com.apple.xpc:connection] [0x834cb4640] activating connection: mach=true listener=false peer=false name=com.apple.runningboard
2026-09-14 11:58:09.781 A  PeachCommander[17862:e724] (RunningBoardServices) didChangeInheritances
2026-09-14 11:58:09.781 Df PeachCommander[17862:e720] [com.apple.runningboard:connection] Handshake succeeded
2026-09-14 11:58:09.781 Df PeachCommander[17862:e720] [com.apple.runningboard:connection] Identity resolved as app<application.com.peachcommander.app.486404.487690(501)>
2026-09-14 11:58:09.781 Df PeachCommander[17862:e718] [com.apple.xpc:connection] [0x834cb4280] Connection returned listener port: 0x5403
2026-09-14 11:58:09.781 I  PeachCommander[17862:e718] [com.apple.launchservices:cas] information in shared memory for 0x0-0xda0da with seed 533 was still valid, so using cached info { "ApplicationType"="Foreground", "BuildMachineOSBuild"="25E246", "BundleIdentifierLowerCase"="com.peachcommander.app", "CFBundleDevelopmentRegion"="en", "CFBundleDocumentTypes"=( { "CFBundleTypeName"="Peach Commander Plugin Package", "CFBundleTypeRole"="Viewer", "LSHandlerRank"="Owner", "LSItemContentTypes"=( "com.peachcommander.plugin-package") }), "CFBundleExecutable"="PeachCommander", "CFBundleExecutablePath"="/Users/admin/pc-test/PeachCommander.app/Contents/MacOS/PeachCommander", "CFBundleExecutablePathDeviceID"=16777228, "CFBundleExecutablePathINode"=487690, "CFBundleHelpBookFolder"="PeachCommander.help", "CFBundleHelpBookName"="Peach Commander Help", "CFBundleIconFile"="AppIcon", "CFBundleIconName"="AppIcon", "CFBundleIdentifier"="com.peachcommander.app", "CFBundleInfoDictionaryVersion"="6.0", "CFBundleName"="PeachCommander", "CFBundleNameLowerCase"="peachcommander", "CFBundleNumericVersion"=402685952, "CFBundlePackageType"="APPL", "CFBundleShortVersionString"="0.9.0", "CFBun<…>
2026-09-14 11:58:09.783 Df PeachCommander[17862:e718] [com.apple.xpc:connection] [0x834cb4280] Connection returned listener port: 0x5403
2026-09-14 11:58:09.783 A  PeachCommander[17862:e720] (AppIntents) appintents:register process
2026-09-14 11:58:09.784 Df PeachCommander[17862:e720] [com.apple.appintents:Connection] Created a new Process Instance Registry XPC connection (inactive)
2026-09-14 11:58:09.784 Df PeachCommander[17862:e720] [com.apple.xpc:connection] [0x834cb4780] activating connection: mach=true listener=false peer=false name=com.apple.linkd.autoShortcut
2026-09-14 11:58:09.784 Df PeachCommander[17862:e720] [com.apple.appintents:Connection] Activated connection to linkd (ApplicationService)
2026-09-14 11:58:09.784 Df PeachCommander[17862:e720] [com.apple.xpc:connection] [0x834cb4a00] activating connection: mach=false listener=true peer=false name=(anonymous)
2026-09-14 11:58:09.784 I  PeachCommander[17862:e718] [com.apple.launchservices:cas] information in shared memory for 0x0-0xda0da with seed 533 was still valid, so using cached info { "ApplicationType"="Foreground", "BuildMachineOSBuild"="25E246", "BundleIdentifierLowerCase"="com.peachcommander.app", "CFBundleDevelopmentRegion"="en", "CFBundleDocumentTypes"=( { "CFBundleTypeName"="Peach Commander Plugin Package", "CFBundleTypeRole"="Viewer", "LSHandlerRank"="Owner", "LSItemContentTypes"=( "com.peachcommander.plugin-package") }), "CFBundleExecutable"="PeachCommander", "CFBundleExecutablePath"="/Users/admin/pc-test/PeachCommander.app/Contents/MacOS/PeachCommander", "CFBundleExecutablePathDeviceID"=16777228, "CFBundleExecutablePathINode"=487690, "CFBundleHelpBookFolder"="PeachCommander.help", "CFBundleHelpBookName"="Peach Commander Help", "CFBundleIconFile"="AppIcon", "CFBundleIconName"="AppIcon", "CFBundleIdentifier"="com.peachcommander.app", "CFBundleInfoDictionaryVersion"="6.0", "CFBundleName"="PeachCommander", "CFBundleNameLowerCase"="peachcommander", "CFBundleNumericVersion"=402685952, "CFBundlePackageType"="APPL", "CFBundleShortVersionString"="0.9.0", "CFBun<…>
2026-09-14 11:58:09.784 I  PeachCommander[17862:e718] [com.apple.hiservices:processmgr] TransformProcessType(0x0,0x2 => 1 wasFront=1 pickNew=0)
2026-09-14 11:58:09.784 I  PeachCommander[17862:e718] [com.apple.CoreAnalytics:client] Dropping "com.apple.appkit.app_config" as it isn't used in any transform (not in the config or budgeted?)
2026-09-14 11:58:09.784 I  PeachCommander[17862:e720] [com.apple.appintents:Execution] LNAppConnectionListener instantiated
2026-09-14 11:58:09.784 Df PeachCommander[17862:e720] [com.apple.xpc:connection] [0x834cb4a00] Connection returned listener port: 0x6703
2026-09-14 11:58:09.784 Df PeachCommander[17862:e725] [com.apple.xpc:connection] [0x834cb4780] Re-initialization successful; calling out to event handler with XPC_ERROR_CONNECTION_INTERRUPTED
2026-09-14 11:58:09.784 Df PeachCommander[17862:e725] [com.apple.appintents:Connection] Process Instance Registry XPC connection has been interrupted
2026-09-14 11:58:09.784 Df PeachCommander[17862:e718] [com.apple.dt.xctest:Default] Registering for test daemon availability notify post.
2026-09-14 11:58:09.784 E  PeachCommander[17862:e720] [com.apple.appintents:Connection] Unable to get synchronousRemoteObjectProxy, error: Error Domain=NSCocoaErrorDomain Code=4097 "connection to service named com.apple.linkd.autoShortcut" UserInfo={NSDebugDescription=connection to service named com.apple.linkd.autoShortcut}
2026-09-14 11:58:09.784 E  PeachCommander[17862:e720] [com.apple.AppKit:Application] Error registering app with intents framework: Error Domain=NSCocoaErrorDomain Code=4097 UserInfo={NSDebugDescription=<private>}
2026-09-14 11:58:09.784 Df PeachCommander[17862:e718] [com.apple.dt.xctest:Default] notify_get_state check indicated test daemon not ready.
2026-09-14 11:58:09.784 Df PeachCommander[17862:e724] [com.apple.appintents:Connection] Created a new Process Instance Registry XPC connection (inactive)
2026-09-14 11:58:09.784 A  PeachCommander[17862:e724] (AppIntents) appintents:register process
2026-09-14 11:58:09.784 Df PeachCommander[17862:e724] [com.apple.appintents:Connection] Created a new Process Instance Registry XPC connection (inactive)
2026-09-14 11:58:09.784 Df PeachCommander[17862:e724] [com.apple.xpc:connection] [0x834cb4c80] activating connection: mach=true listener=false peer=false name=com.apple.linkd.autoShortcut
2026-09-14 11:58:09.784 Df PeachCommander[17862:e718] [com.apple.dt.xctest:Default] notify_get_state check indicated test daemon not ready.
2026-09-14 11:58:09.784 Df PeachCommander[17862:e724] [com.apple.appintents:Connection] Activated connection to linkd (ApplicationService)
2026-09-14 11:58:09.784 Df PeachCommander[17862:e724] [com.apple.xpc:connection] [0x834cb4a00] Connection returned listener port: 0x6703
2026-09-14 11:58:09.785 Df PeachCommander[17862:e718] [com.apple.dt.xctest:Default] notify_get_state check indicated test daemon not ready.
2026-09-14 11:58:09.785 Df PeachCommander[17862:e720] [com.apple.xpc:connection] [0x834cb4c80] Re-initialization successful; calling out to event handler with XPC_ERROR_CONNECTION_INTERRUPTED
2026-09-14 11:58:09.785 Df PeachCommander[17862:e720] [com.apple.appintents:Connection] Process Instance Registry XPC connection has been interrupted
2026-09-14 11:58:09.785 E  PeachCommander[17862:e724] [com.apple.appintents:Connection] Unable to get synchronousRemoteObjectProxy, error: Error Domain=NSCocoaErrorDomain Code=4097 "connection to service named com.apple.linkd.autoShortcut" UserInfo={NSDebugDescription=connection to service named com.apple.linkd.autoShortcut}
2026-09-14 11:58:09.785 E  PeachCommander[17862:e724] [com.apple.appintents:Connection] Unable to re-register with Process Instance Registry, error: Error Domain=NSCocoaErrorDomain Code=4097 "connection to service named com.apple.linkd.autoShortcut" UserInfo={NSDebugDescription=connection to service named com.apple.linkd.autoShortcut}
2026-09-14 11:58:09.785 Df PeachCommander[17862:e725] [com.apple.appintents:Connection] Created a new Process Instance Registry XPC connection (inactive)
2026-09-14 11:58:09.785 A  PeachCommander[17862:e725] (AppIntents) appintents:register process
2026-09-14 11:58:09.785 Df PeachCommander[17862:e725] [com.apple.appintents:Connection] Created a new Process Instance Registry XPC connection (inactive)
2026-09-14 11:58:09.785 Df PeachCommander[17862:e725] [com.apple.xpc:connection] [0x834cb52c0] activating connection: mach=true listener=false peer=false name=com.apple.linkd.autoShortcut
2026-09-14 11:58:09.785 Df PeachCommander[17862:e725] [com.apple.appintents:Connection] Activated connection to linkd (ApplicationService)
2026-09-14 11:58:09.785 Df PeachCommander[17862:e725] [com.apple.xpc:connection] [0x834cb4a00] Connection returned listener port: 0x6703
2026-09-14 11:58:09.785 Df PeachCommander[17862:e724] [com.apple.xpc:connection] [0x834cb52c0] Re-initialization successful; calling out to event handler with XPC_ERROR_CONNECTION_INTERRUPTED
2026-09-14 11:58:09.785 Df PeachCommander[17862:e724] [com.apple.appintents:Connection] Process Instance Registry XPC connection has been interrupted
2026-09-14 11:58:09.785 Df PeachCommander[17862:e724] [com.apple.appintents:Connection] Created a new Process Instance Registry XPC connection (inactive)
2026-09-14 11:58:09.785 A  PeachCommander[17862:e724] (AppIntents) appintents:register process
2026-09-14 11:58:09.785 Df PeachCommander[17862:e724] [com.apple.appintents:Connection] Created a new Process Instance Registry XPC connection (inactive)
2026-09-14 11:58:09.785 Df PeachCommander[17862:e724] [com.apple.xpc:connection] [0x834cb5540] activating connection: mach=true listener=false peer=false name=com.apple.linkd.autoShortcut
2026-09-14 11:58:09.785 E  PeachCommander[17862:e725] [com.apple.appintents:Connection] Unable to get synchronousRemoteObjectProxy, error: Error Domain=NSCocoaErrorDomain Code=4097 "connection to service named com.apple.linkd.autoShortcut" UserInfo={NSDebugDescription=connection to service named com.apple.linkd.autoShortcut}
2026-09-14 11:58:09.785 E  PeachCommander[17862:e725] [com.apple.appintents:Connection] Unable to re-register with Process Instance Registry, error: Error Domain=NSCocoaErrorDomain Code=4097 "connection to service named com.apple.linkd.autoShortcut" UserInfo={NSDebugDescription=connection to service named com.apple.linkd.autoShortcut}
2026-09-14 11:58:09.785 Df PeachCommander[17862:e724] [com.apple.appintents:Connection] Activated connection to linkd (ApplicationService)
2026-09-14 11:58:09.785 Df PeachCommander[17862:e724] [com.apple.xpc:connection] [0x834cb4a00] Connection returned listener port: 0x6703
2026-09-14 11:58:09.786 Df PeachCommander[17862:e725] [com.apple.xpc:connection] [0x834cb5540] Re-initialization successful; calling out to event handler with XPC_ERROR_CONNECTION_INTERRUPTED
2026-09-14 11:58:09.786 Df PeachCommander[17862:e725] [com.apple.appintents:Connection] Process Instance Registry XPC connection has been interrupted
2026-09-14 11:58:09.786 E  PeachCommander[17862:e725] [com.apple.appintents:Connection] Will NOT re-try to establish the connection
2026-09-14 11:58:09.786 E  PeachCommander[17862:e724] [com.apple.appintents:Connection] Unable to get synchronousRemoteObjectProxy, error: Error Domain=NSCocoaErrorDomain Code=4097 "connection to service named com.apple.linkd.autoShortcut" UserInfo={NSDebugDescription=connection to service named com.apple.linkd.autoShortcut}
2026-09-14 11:58:09.786 E  PeachCommander[17862:e724] [com.apple.appintents:Connection] Unable to re-register with Process Instance Registry, error: Error Domain=NSCocoaErrorDomain Code=4097 "connection to service named com.apple.linkd.autoShortcut" UserInfo={NSDebugDescription=connection to service named com.apple.linkd.autoShortcut}
2026-09-14 11:58:09.788 A  PeachCommander[17862:e718] (CoreFoundation) Loading Preferences From System CFPrefsD
2026-09-14 11:58:09.788 Df PeachCommander[17862:e718] (libMobileGestalt.dylib) couldn't load support library
2026-09-14 11:58:09.788 Df PeachCommander[17862:e718] (libMobileGestalt.dylib) called dummy function!
2026-09-14 11:58:09.788 I  PeachCommander[17862:e718] [com.apple.GenerativeModels:availability] Current availability state: unavailable, use cases: com.apple.WritingTools, language: <any>, api: <private>
2026-09-14 11:58:09.788 Df PeachCommander[17862:e718] [com.apple.GenerativeModels:availability] registering darwin observer for name: com.apple.gms.availability.notification
2026-09-14 11:58:09.788 Df PeachCommander[17862:e718] [com.apple.GenerativeModels:availability] registering darwin observer for name: com.apple.os-eligibility-domain.change.greymatter
2026-09-14 11:58:09.788 Df PeachCommander[17862:e718] [com.apple.GenerativeModels:availability] registering darwin observer for name: com.apple.language.changed
2026-09-14 11:58:09.788 Df PeachCommander[17862:e718] [com.apple.WritingTools:Default] isAvailable value changed: isMDMAllowed = true, gmAvailable (current) = false
2026-09-14 11:58:09.792 I  PeachCommander[17862:e718] [com.apple.CoreAnalytics:client] Dropping "com.apple.appkit.app_config" as it isn't used in any transform (not in the config or budgeted?)
2026-09-14 11:58:09.794 Df PeachCommander[17862:e718] [com.apple.AppKit:Appearance] NSApp cache appearance:
-NSRequiresAquaSystemAppearance: 0
-appearance: (null)
-effectiveAppearance: <NSCompositeAppearance: 0x834c7c500
 (
    "<NSAquaAppearance: 0x834c7c6e0>",
    "<NSSystemAppearance: 0x834c7c780>"
)>
2026-09-14 11:58:09.797 A  PeachCommander[17862:e718] (CoreFoundation) Loading Preferences From User CFPrefsD
2026-09-14 11:58:09.797 A  PeachCommander[17862:e718] (CoreFoundation) Loading Preferences From User CFPrefsD
2026-09-14 11:58:09.800 A  PeachCommander[17862:e720] (libsystem_info.dylib) Membership API: translate identifier
2026-09-14 11:58:09.802 I  PeachCommander[17862:e718] [com.apple.CoreAnalytics:client] Dropping "com.apple.appkit.app_config" as it isn't used in any transform (not in the config or budgeted?)
2026-09-14 11:58:09.802 I  PeachCommander[17862:e718] [com.apple.CoreAnalytics:client] Dropping "com.apple.appkit.app_config" as it isn't used in any transform (not in the config or budgeted?)
2026-09-14 11:58:09.803 Df PeachCommander[17862:e725] [com.apple.xpc:connection] [0x834cb5a40] activating connection: mach=true listener=false peer=false name=com.apple.dock.fullscreen
2026-09-14 11:58:09.805 Df PeachCommander[17862:e718] [com.apple.xpc:connection] [0x834cb5b80] activating connection: mach=true listener=false peer=false name=com.apple.fonts
2026-09-14 11:58:09.807 I  PeachCommander[17862:e718] [com.apple.launchservices:cas] information in shared memory for 0x0-0xda0da with seed 533 was still valid, so using cached info { "ApplicationType"="Foreground", "BuildMachineOSBuild"="25E246", "BundleIdentifierLowerCase"="com.peachcommander.app", "CFBundleDevelopmentRegion"="en", "CFBundleDocumentTypes"=( { "CFBundleTypeName"="Peach Commander Plugin Package", "CFBundleTypeRole"="Viewer", "LSHandlerRank"="Owner", "LSItemContentTypes"=( "com.peachcommander.plugin-package") }), "CFBundleExecutable"="PeachCommander", "CFBundleExecutablePath"="/Users/admin/pc-test/PeachCommander.app/Contents/MacOS/PeachCommander", "CFBundleExecutablePathDeviceID"=16777228, "CFBundleExecutablePathINode"=487690, "CFBundleHelpBookFolder"="PeachCommander.help", "CFBundleHelpBookName"="Peach Commander Help", "CFBundleIconFile"="AppIcon", "CFBundleIconName"="AppIcon", "CFBundleIdentifier"="com.peachcommander.app", "CFBundleInfoDictionaryVersion"="6.0", "CFBundleName"="PeachCommander", "CFBundleNameLowerCase"="peachcommander", "CFBundleNumericVersion"=402685952, "CFBundlePackageType"="APPL", "CFBundleShortVersionString"="0.9.0", "CFBun<…>
2026-09-14 11:58:09.808 I  PeachCommander[17862:e718] [com.apple.CoreAnalytics:client] Dropping "com.apple.appkit.app_config" as it isn't used in any transform (not in the config or budgeted?)
2026-09-14 11:58:09.808 Df PeachCommander[17862:e718] [com.apple.AppKit:AutomaticTermination] -[NSApplication(NSAppssassination) _checkForAutomaticTerminationSupportPossiblyEnablingIt]_block_invoke Enabling automatic termination support.
2026-09-14 11:58:09.808 Df PeachCommander[17862:e718] [com.apple.xpc:connection] [0x834cb4dc0] activating connection: mach=true listener=false peer=false name=com.apple.appkit.restoration_storage
2026-09-14 11:58:09.808 I  PeachCommander[17862:e718] [com.apple.launchservices:cas] information in shared memory for 0x0-0xda0da with seed 533 was still valid, so using cached info { "ApplicationType"="Foreground", "BuildMachineOSBuild"="25E246", "BundleIdentifierLowerCase"="com.peachcommander.app", "CFBundleDevelopmentRegion"="en", "CFBundleDocumentTypes"=( { "CFBundleTypeName"="Peach Commander Plugin Package", "CFBundleTypeRole"="Viewer", "LSHandlerRank"="Owner", "LSItemContentTypes"=( "com.peachcommander.plugin-package") }), "CFBundleExecutable"="PeachCommander", "CFBundleExecutablePath"="/Users/admin/pc-test/PeachCommander.app/Contents/MacOS/PeachCommander", "CFBundleExecutablePathDeviceID"=16777228, "CFBundleExecutablePathINode"=487690, "CFBundleHelpBookFolder"="PeachCommander.help", "CFBundleHelpBookName"="Peach Commander Help", "CFBundleIconFile"="AppIcon", "CFBundleIconName"="AppIcon", "CFBundleIdentifier"="com.peachcommander.app", "CFBundleInfoDictionaryVersion"="6.0", "CFBundleName"="PeachCommander", "CFBundleNameLowerCase"="peachcommander", "CFBundleNumericVersion"=402685952, "CFBundlePackageType"="APPL", "CFBundleShortVersionString"="0.9.0", "CFBun<…>
2026-09-14 11:58:09.808 Df PeachCommander[17862:e718] [com.apple.xpc:connection] [0x834cb4f00] activating connection: mach=true listener=false peer=false name=com.apple.coreservices.appleevents
2026-09-14 11:58:09.808 I  PeachCommander[17862:e718] [com.apple.appleevents:main] _AEGetRegisteredMachPort() created default port (port:64259/0xfb03 rcv:1 send:1 limit:5) and registered it with server
2026-09-14 11:58:09.808 Df PeachCommander[17862:e718] [com.apple.xpc:connection] [0x834cb4280] Connection returned listener port: 0x5403
2026-09-14 11:58:09.808 I  PeachCommander[17862:e718] [com.apple.launchservices:cas] information in shared memory for 0x0-0xda0da with seed 533 was still valid, so using cached info { "ApplicationType"="Foreground", "BuildMachineOSBuild"="25E246", "BundleIdentifierLowerCase"="com.peachcommander.app", "CFBundleDevelopmentRegion"="en", "CFBundleDocumentTypes"=( { "CFBundleTypeName"="Peach Commander Plugin Package", "CFBundleTypeRole"="Viewer", "LSHandlerRank"="Owner", "LSItemContentTypes"=( "com.peachcommander.plugin-package") }), "CFBundleExecutable"="PeachCommander", "CFBundleExecutablePath"="/Users/admin/pc-test/PeachCommander.app/Contents/MacOS/PeachCommander", "CFBundleExecutablePathDeviceID"=16777228, "CFBundleExecutablePathINode"=487690, "CFBundleHelpBookFolder"="PeachCommander.help", "CFBundleHelpBookName"="Peach Commander Help", "CFBundleIconFile"="AppIcon", "CFBundleIconName"="AppIcon", "CFBundleIdentifier"="com.peachcommander.app", "CFBundleInfoDictionaryVersion"="6.0", "CFBundleName"="PeachCommander", "CFBundleNameLowerCase"="peachcommander", "CFBundleNumericVersion"=402685952, "CFBundlePackageType"="APPL", "CFBundleShortVersionString"="0.9.0", "CFBun<…>
2026-09-14 11:58:09.808 Df PeachCommander[17862:e718] [com.apple.processmanager:front-35286506] SignalReady: pid=17862 asn=0x0-0xda0da
2026-09-14 11:58:09.809 Df PeachCommander[17862:e718] [com.apple.processmanager:front-35286506] SIGNAL: pid=17862 asn=0x0x-0xda0da
2026-09-14 11:58:09.809 I  PeachCommander[17862:e718] [com.apple.appleevents:main] aeGenerateFakeFirstOAPPEventIfNecessary()
2026-09-14 11:58:09.809 I  PeachCommander[17862:e718] [com.apple.appleevents:main] aeGenerateFakeFirstOAPPEventIfNecessary(), needToCreateFakeOAPPEventIfFirstEvent == true
2026-09-14 11:58:09.809 I  PeachCommander[17862:e718] [com.apple.launchservices:cas] Removing cached information for app [ 0x0-0xda0da]  "PeachCommander", as its seed is different from that in shared memory ( 533 vs 535)
2026-09-14 11:58:09.809 I  PeachCommander[17862:e718] [com.apple.CFPasteboard:entry] CopyData('DefaultAsciiKeyboardLayoutPasteboard' (<CFUUID 0x8350b1420> 8525712A-A2A7-4024-8665-7FEF76FB5961) gen: -1 item: 1264739405 flavor: 'DefaultAsciiKeyboardLayoutFlavor')
2026-09-14 11:58:09.809 I  PeachCommander[17862:e718] [com.apple.CFPasteboard:cache] Rebuilding cache for 'DefaultAsciiKeyboardLayoutPasteboard' (<CFUUID 0x8350b1420> 8525712A-A2A7-4024-8665-7FEF76FB5961)
2026-09-14 11:58:09.809 I  PeachCommander[17862:e718] [com.apple.CFPasteboard:exit] (not-in-cache) - result: -8 generation: 0 null data flags: 0
2026-09-14 11:58:09.809 A  PeachCommander[17862:e718] (CoreFoundation) Loading Preferences From User CFPrefsD
2026-09-14 11:58:09.810 A  PeachCommander[17862:e718] (CoreFoundation) Loading Preferences From System CFPrefsD
2026-09-14 11:58:09.810 I  PeachCommander[17862:e718] [com.apple.CFPasteboard:entry] CopyData('AppleIntlFileCacheModificationDatePasteboard' (<CFUUID 0x8350b13c0> E871D776-2972-4E0D-B403-F1CA22BF1CD0) gen: -1 item: 1 flavor: '-32766 1768845414')
2026-09-14 11:58:09.810 I  PeachCommander[17862:e718] [com.apple.CFPasteboard:cache] Rebuilding cache for 'AppleIntlFileCacheModificationDatePasteboard' (<CFUUID 0x8350b13c0> E871D776-2972-4E0D-B403-F1CA22BF1CD0)
2026-09-14 11:58:09.810 I  PeachCommander[17862:e718] [com.apple.CFPasteboard:general] Will request data from daemon
2026-09-14 11:58:09.810 I  PeachCommander[17862:e718] [com.apple.CFPasteboard:exit] (not-in-cache) - result: 0 generation: 5 data (310 bytes) flags: 0
2026-09-14 11:58:09.810 I  PeachCommander[17862:e718] [com.apple.CFPasteboard:entry] CopyData('AppleIntlFileCacheModificationDatePasteboard' (<CFUUID 0x8350b13c0> E871D776-2972-4E0D-B403-F1CA22BF1CD0) gen: -1 item: 1 flavor: '-32765 1802264953')
2026-09-14 11:58:09.810 I  PeachCommander[17862:e718] [com.apple.CFPasteboard:general] Will request data from daemon
2026-09-14 11:58:09.811 I  PeachCommander[17862:e718] [com.apple.CFPasteboard:exit] (not-in-cache) - result: 0 generation: 5 data (306 bytes) flags: 0
2026-09-14 11:58:09.811 I  PeachCommander[17862:e718] [com.apple.CFPasteboard:entry] CopyData('AppleIntlFileCacheModificationDatePasteboard' (<CFUUID 0x8350b13c0> E871D776-2972-4E0D-B403-F1CA22BF1CD0) gen: -1 item: 1 flavor: '-32764 1802264953')
2026-09-14 11:58:09.811 I  PeachCommander[17862:e718] [com.apple.CFPasteboard:general] Will request data from daemon
2026-09-14 11:58:09.811 I  PeachCommander[17862:e718] [com.apple.CFPasteboard:exit] (not-in-cache) - result: 0 generation: 5 data (281 bytes) flags: 0
2026-09-14 11:58:09.811 I  PeachCommander[17862:e718] [com.apple.CFPasteboard:entry] CopyData('AppleIntlFileCacheModificationDatePasteboard' (<CFUUID 0x8350b13c0> E871D776-2972-4E0D-B403-F1CA22BF1CD0) gen: -1 item: 1 flavor: '-32763 1802264953')
2026-09-14 11:58:09.811 I  PeachCommander[17862:e718] [com.apple.CFPasteboard:general] Will request data from daemon
2026-09-14 11:58:09.811 I  PeachCommander[17862:e718] [com.apple.CFPasteboard:exit] (not-in-cache) - result: 0 generation: 5 data (318 bytes) flags: 0
2026-09-14 11:58:09.811 I  PeachCommander[17862:e718] [com.apple.CFPasteboard:entry] CopyData('AppleIntlFileCacheModificationDatePasteboard' (<CFUUID 0x8350b13c0> E871D776-2972-4E0D-B403-F1CA22BF1CD0) gen: -1 item: 1 flavor: '-32765 1768845414')
2026-09-14 11:58:09.811 I  PeachCommander[17862:e718] [com.apple.CFPasteboard:general] Will request data from daemon
2026-09-14 11:58:09.811 I  PeachCommander[17862:e718] [com.apple.CFPasteboard:exit] (not-in-cache) - result: 0 generation: 5 data (303 bytes) flags: 0
2026-09-14 11:58:09.811 I  PeachCommander[17862:e718] [com.apple.CFPasteboard:entry] CopyData('AppleIntlFileCacheModificationDatePasteboard' (<CFUUID 0x8350b13c0> E871D776-2972-4E0D-B403-F1CA22BF1CD0) gen: -1 item: 1 flavor: '-32763 1768845414')
2026-09-14 11:58:09.811 I  PeachCommander[17862:e718] [com.apple.CFPasteboard:general] Will request data from daemon
2026-09-14 11:58:09.811 I  PeachCommander[17862:e718] [com.apple.CFPasteboard:exit] (not-in-cache) - result: 0 generation: 5 data (315 bytes) flags: 0
2026-09-14 11:58:09.812 I  PeachCommander[17862:e718] [com.apple.launchservices:cas] information in shared memory for 0x0-0xda0da with seed 535 was still valid, so using cached info { "ApplicationType"="Foreground", "BuildMachineOSBuild"="25E246", "BundleIdentifierLowerCase"="com.peachcommander.app", "CFBundleDevelopmentRegion"="en", "CFBundleDocumentTypes"=( { "CFBundleTypeName"="Peach Commander Plugin Package", "CFBundleTypeRole"="Viewer", "LSHandlerRank"="Owner", "LSItemContentTypes"=( "com.peachcommander.plugin-package") }), "CFBundleExecutable"="PeachCommander", "CFBundleExecutablePath"="/Users/admin/pc-test/PeachCommander.app/Contents/MacOS/PeachCommander", "CFBundleExecutablePathDeviceID"=16777228, "CFBundleExecutablePathINode"=487690, "CFBundleHelpBookFolder"="PeachCommander.help", "CFBundleHelpBookName"="Peach Commander Help", "CFBundleIconFile"="AppIcon", "CFBundleIconName"="AppIcon", "CFBundleIdentifier"="com.peachcommander.app", "CFBundleInfoDictionaryVersion"="6.0", "CFBundleName"="PeachCommander", "CFBundleNameLowerCase"="peachcommander", "CFBundleNumericVersion"=402685952, "CFBundlePackageType"="APPL", "CFBundleShortVersionString"="0.9.0", "CFBun<…>
2026-09-14 11:58:09.812 Df PeachCommander[17862:e718] [com.apple.xpc:connection] [0x834cb5e00] activating connection: mach=false listener=false peer=false name=com.apple.ViewBridgeAuxiliary
2026-09-14 11:58:09.817 Df PeachCommander[17862:e718] [com.apple.xpc:connection] [0x834cb5cc0] activating connection: mach=false listener=false peer=false name=(anonymous)
2026-09-14 11:58:09.817 Df PeachCommander[17862:e718] [com.apple.xpc:connection] [0x834cb5f40] activating connection: mach=false listener=true peer=false name=(anonymous)
2026-09-14 11:58:09.817 Df PeachCommander[17862:e718] [com.apple.xpc:connection] [0x834cb5f40] Connection returned listener port: 0xf403
2026-09-14 11:58:09.817 Df PeachCommander[17862:e718] [com.apple.xpc:connection] [0x834cb5e00] invalidated after the last release of the connection object
2026-09-14 11:58:09.818 I  PeachCommander[17862:e718] [com.apple.showhide:pr-59900543] SHOWHIDE: SHOW id=376 0x0-0xDA0DA, err=0 eventTime=1205620685083 windowID=0
2026-09-14 11:58:09.818 I  PeachCommander[17862:e718] [com.apple.CarbonCore:coreservicesdaemon] findOrCreateCacheable():findOrCreateCacheable(), factoryName=3 cacheableName=<private> fCacheables.size()=0
2026-09-14 11:58:09.818 I  PeachCommander[17862:e718] [com.apple.CarbonCore:coreservicesdaemon] findOrCreateCacheable():findOrCreateCacheable(), result = 0x834dcae00 (should be non-NULL)
2026-09-14 11:58:09.818 Df PeachCommander[17862:e718] [com.apple.AppKit:AutomaticTermination] void _NSDisableAutomaticTerminationAndLog(NSString *) Restoring windows
2026-09-14 11:58:09.818 Df PeachCommander[17862:e718] [com.apple.AppKit:StateRestoration] -[NSApplication _reopenWindowsAsNecessaryIncludingRestorableState:withFullFidelity:completionHandler:] shouldRestoreState=1 hasPersistentStateToRestore=0 shouldStillRestoreStateAfterPrompting=0
2026-09-14 11:58:09.818 Df PeachCommander[17862:e718] [com.apple.xpc:connection] [0x834cb5e00] activating connection: mach=true listener=false peer=false name=com.apple.window_proxies
2026-09-14 11:58:09.818 Df PeachCommander[17862:e718] [com.apple.xpc:connection] [0x834cb5e00] invalidated because the current process cancelled the connection by calling xpc_connection_cancel()
2026-09-14 11:58:09.818 I  PeachCommander[17862:e718] [com.apple.SkyLight:processes] 0[outside of RPC]: SLSSetFrontProcessWithInfo(0x0-0x2 window=0 options=0x1
2026-09-14 11:58:09.818 I  PeachCommander[17862:e718] [com.apple.CoreAnalytics:client] Dropping "com.apple.appkit.app_config" as it isn't used in any transform (not in the config or budgeted?)
2026-09-14 11:58:09.818 Df PeachCommander[17862:e718] [com.apple.AppKit:AutomaticTermination] void _NSEnableAutomaticTerminationAndLog(NSString *) Restoring windows
2026-09-14 11:58:09.821 I  PeachCommander[17862:e718] [com.apple.CoreAnalytics:client] Dropping "com.apple.appkit.app_config" as it isn't used in any transform (not in the config or budgeted?)
2026-09-14 11:58:09.821 I  PeachCommander[17862:e718] [com.apple.CoreAnalytics:client] Dropping "com.apple.appkit.app_config" as it isn't used in any transform (not in the config or budgeted?)
2026-09-14 11:58:09.830 A  PeachCommander[17862:e718] (CoreFoundation) Loading Preferences From User CFPrefsD
2026-09-14 11:58:09.836 I  PeachCommander[17862:e718] [com.peachcommander:PCFoundation] VolumeManager initialized
2026-09-14 11:58:09.853 Df PeachCommander[17862:e718] [com.apple.BoardServices:XPCErrors] [C:1] Alloc <private>
2026-09-14 11:58:09.853 Df PeachCommander[17862:e718] [com.apple.xpc:connection] [0x834f55180] activating connection: mach=false listener=false peer=false name=(anonymous)
2026-09-14 11:58:09.855 I  PeachCommander[17862:e718] [com.apple.AppKit:Window] context (0 -> b7e3f37e) for window 38c
2026-09-14 11:58:09.855 Df PeachCommander[17862:e720] [com.apple.corespotlight:index] (<private>) deleteSearchableItemsWithDomainIdentifiers, protectionClass:(null), domainIdentifiers number:1
2026-09-14 11:58:09.855 A  PeachCommander[17862:e720] (CoreSpotlight) delete-domains
2026-09-14 11:58:09.856 Df PeachCommander[17862:e720] [com.apple.corespotlight:index] CSInlineDonation:<private>: Skipping donation (feature flag disabled)
2026-09-14 11:58:09.856 Df PeachCommander[17862:e720] (CoreSpotlight) sConnectionName: com.apple.spotlight.IndexAgent
2026-09-14 11:58:09.856 Df PeachCommander[17862:e720] (CoreSpotlight) Start service name com.apple.spotlight.IndexAgent
2026-09-14 11:58:09.856 I  PeachCommander[17862:e718] [com.peachcommander:PCFoundation] MainWindowController initialized (config: <private>)
2026-09-14 11:58:09.856 Df PeachCommander[17862:e720] [com.apple.xpc:connection] [0x834f55400] activating connection: mach=true listener=false peer=false name=com.apple.spotlight.IndexAgent
2026-09-14 11:58:09.856 I  PeachCommander[17862:e718] [com.peachcommander:PCFoundation] SelectionState initialized
2026-09-14 11:58:09.856 I  PeachCommander[17862:e718] [com.peachcommander:PCFoundation] DirectoryModel initialized
2026-09-14 11:58:09.856 I  PeachCommander[17862:e718] [com.peachcommander:PCFoundation] VolumeManager initialized
2026-09-14 11:58:09.856 I  PeachCommander[17862:e718] [com.peachcommander:PCFoundation] PanelController initialized for <private> panel
2026-09-14 11:58:09.856 I  PeachCommander[17862:e718] [com.peachcommander:PCFoundation] SelectionState initialized
2026-09-14 11:58:09.856 I  PeachCommander[17862:e718] [com.peachcommander:PCFoundation] DirectoryModel initialized
2026-09-14 11:58:09.856 I  PeachCommander[17862:e718] [com.peachcommander:PCFoundation] VolumeManager initialized
2026-09-14 11:58:09.856 I  PeachCommander[17862:e718] [com.peachcommander:PCFoundation] PanelController initialized for <private> panel
2026-09-14 11:58:09.858 A  PeachCommander[17862:e724] (RunningBoardServices) didChangeInheritances
2026-09-14 11:58:09.861 I  PeachCommander[17862:e718] [com.apple.AppKit:Animation] Running new animation: <private>
2026-09-14 11:58:09.861 I  PeachCommander[17862:e718] [com.apple.AppKit:Animation] Running new animation: <private>
2026-09-14 11:58:09.861 I  PeachCommander[17862:e718] [com.apple.AppKit:Animation] Running new animation: <private>
2026-09-14 11:58:09.861 I  PeachCommander[17862:e718] [com.apple.AppKit:Animation] Running new animation: <private>
2026-09-14 11:58:09.861 I  PeachCommander[17862:e718] [com.apple.AppKit:Animation] Running new animation: <private>
2026-09-14 11:58:09.863 I  PeachCommander[17862:e718] [com.apple.AppKit:Animation] Running new animation: <private>
2026-09-14 11:58:09.863 I  PeachCommander[17862:e718] [com.apple.AppKit:Animation] Running new animation: <private>
2026-09-14 11:58:09.863 I  PeachCommander[17862:e718] [com.apple.AppKit:Animation] Running new animation: <private>
2026-09-14 11:58:09.863 I  PeachCommander[17862:e718] [com.apple.AppKit:Animation] Running new animation: <private>
2026-09-14 11:58:09.863 I  PeachCommander[17862:e718] [com.apple.AppKit:Animation] Running new animation: <private>
2026-09-14 11:58:09.869 I  PeachCommander[17862:e718] [com.apple.CoreAnalytics:client] Dropping "com.apple.appkit.app_config" as it isn't used in any transform (not in the config or budgeted?)
2026-09-14 11:58:09.871 I  PeachCommander[17862:e718] [com.apple.CoreAnalytics:client] Dropping "com.apple.appkit.app_config" as it isn't used in any transform (not in the config or budgeted?)
2026-09-14 11:58:09.874 I  PeachCommander[17862:e718] [com.apple.launchservices:datasep] application record search init. Node: <FSNode 0x834956b40> { isDir = ?, path = <private> } bundleID: (null) itemID: 0
2026-09-14 11:58:09.876 I  PeachCommander[17862:e718] [com.apple.GenerativeModels:availability] Current availability state: unavailable, use cases: com.apple.Settings.AppleIntelligence,com.apple.Siri.NLRouter, language: en, api: <private>
2026-09-14 11:58:09.876 Df PeachCommander[17862:e718] [com.apple.GenerativeModels:availability] isOkayToHaveAsset: False
2026-09-14 11:58:09.876 E  PeachCommander[17862:e718] [com.apple.siri:Utility] AFIsDeviceGreymatterEligible Missing entitlements for os_eligibility lookup
2026-09-14 11:58:09.876 I  PeachCommander[17862:e718] [com.apple.GenerativeModels:availability] Current availability state: unavailable, use cases: com.apple.Settings.AppleIntelligence, language: en, api: <private>
2026-09-14 11:58:09.876 Df PeachCommander[17862:e718] [com.apple.GenerativeModels:availability] isOkayToHaveAsset: False
2026-09-14 11:58:09.876 Df PeachCommander[17862:e718] [com.apple.siri:Utility] -[AFSystemAssistantExperienceStatusManager fetchGenerativeModelsAvailability] #SAEStatus #cacheUpdate Updating cache:
deviceSupportsSAE: 0 (0)
       saeEnabled: 0 (0)
     saeAvailable: 0 (0)
      swaiEnabled: 0 (0)
        viEnabled: 0 (0)
        siriAvailability:
        <private>
        ((null))
2026-09-14 11:58:09.876 Df PeachCommander[17862:e718] [com.apple.xpc:connection] [0x8349bc140] activating connection: mach=true listener=false peer=false name=com.apple.iconservices
2026-09-14 11:58:09.877 Df PeachCommander[17862:e718] [com.apple.xpc:connection] [0x8349bc280] activating connection: mach=true listener=false peer=false name=com.apple.iconservices.store
2026-09-14 11:58:09.882 I  PeachCommander[17862:e718] [com.peachcommander:Theme] no user themes in /Users/admin/pc-cfg/themes
2026-09-14 11:58:09.882 Df PeachCommander[17862:e718] [com.apple.AppKit:Appearance] Invalidate NSApp effectiveAppearance
2026-09-14 11:58:09.882 Df PeachCommander[17862:e718] [com.apple.AppKit:Appearance] NSApp cache appearance:
-NSRequiresAquaSystemAppearance: 0
-appearance: <NSCompositeAppearance: 0x834c7d9a0
 (
    "<NSDarkAquaAppearance: 0x834c7da40>",
    "<NSSystemAppearance: 0x834c7c780>"
)>
-effectiveAppearance: <NSCompositeAppearance: 0x834c7d9a0
 (
    "<NSDarkAquaAppearance: 0x834c7da40>",
    "<NSSystemAppearance: 0x834c7c780>"
)>
2026-09-14 11:58:09.884 I  PeachCommander[17862:e718] [com.peachcommander:PCFoundation] Theme applied: id=norton, appearance=dark, dark=true, background=#0000AA
2026-09-14 11:58:09.912 I  PeachCommander[17862:e718] [com.apple.iconservices:foundation] layer data size zero
2026-09-14 11:58:09.913 I  PeachCommander[17862:e718] [com.apple.CoreAnalytics:client] Dropping "com.apple.appkit.app_config" as it isn't used in any transform (not in the config or budgeted?)
2026-09-14 11:58:09.917 I  PeachCommander[17862:e718] [com.peachcommander:PCFoundation] Keymap loaded: scheme=<private>, 82 effective bindings
2026-09-14 11:58:09.918 I  PeachCommander[17862:e718] [com.apple.AppKit:Animation] Running new animation: <private>
2026-09-14 11:58:09.918 I  PeachCommander[17862:e718] [com.apple.AppKit:Animation] Running new animation: <private>
2026-09-14 11:58:09.918 I  PeachCommander[17862:e718] [com.apple.AppKit:Animation] Running new animation: <private>
2026-09-14 11:58:09.918 I  PeachCommander[17862:e718] [com.apple.AppKit:Animation] Running new animation: <private>
2026-09-14 11:58:09.918 I  PeachCommander[17862:e718] [com.apple.AppKit:Animation] Running new animation: <private>
2026-09-14 11:58:09.918 I  PeachCommander[17862:e718] [com.apple.AppKit:Animation] Running new animation: <private>
2026-09-14 11:58:09.918 I  PeachCommander[17862:e718] [com.apple.AppKit:Animation] Running new animation: <private>
2026-09-14 11:58:09.918 I  PeachCommander[17862:e718] [com.apple.AppKit:Animation] Running new animation: <private>
2026-09-14 11:58:09.918 I  PeachCommander[17862:e718] [com.apple.AppKit:Animation] Running new animation: <private>
2026-09-14 11:58:09.918 I  PeachCommander[17862:e718] [com.apple.AppKit:Animation] Running new animation: <private>
2026-09-14 11:58:09.921 I  PeachCommander[17862:e718] [com.apple.CoreAnalytics:client] Dropping "<private>" as it isn't used in any transform (not in the config or budgeted?)
2026-09-14 11:58:09.922 I  PeachCommander[17862:e718] [com.apple.CoreAnalytics:client] Dropping "<private>" as it isn't used in any transform (not in the config or budgeted?)
2026-09-14 11:58:09.922 I  PeachCommander[17862:e718] [com.apple.CoreAnalytics:client] Dropping "<private>" as it isn't used in any transform (not in the config or budgeted?)
2026-09-14 11:58:09.922 I  PeachCommander[17862:e718] [com.peachcommander:PCFoundation] MainWindowController window loaded
2026-09-14 11:58:09.922 I  PeachCommander[17862:e718] [com.apple.launchservices:cas] information in shared memory for 0x0-0xda0da with seed 535 was still valid, so using cached info { "ApplicationType"="Foreground", "BuildMachineOSBuild"="25E246", "BundleIdentifierLowerCase"="com.peachcommander.app", "CFBundleDevelopmentRegion"="en", "CFBundleDocumentTypes"=( { "CFBundleTypeName"="Peach Commander Plugin Package", "CFBundleTypeRole"="Viewer", "LSHandlerRank"="Owner", "LSItemContentTypes"=( "com.peachcommander.plugin-package") }), "CFBundleExecutable"="PeachCommander", "CFBundleExecutablePath"="/Users/admin/pc-test/PeachCommander.app/Contents/MacOS/PeachCommander", "CFBundleExecutablePathDeviceID"=16777228, "CFBundleExecutablePathINode"=487690, "CFBundleHelpBookFolder"="PeachCommander.help", "CFBundleHelpBookName"="Peach Commander Help", "CFBundleIconFile"="AppIcon", "CFBundleIconName"="AppIcon", "CFBundleIdentifier"="com.peachcommander.app", "CFBundleInfoDictionaryVersion"="6.0", "CFBundleName"="PeachCommander", "CFBundleNameLowerCase"="peachcommander", "CFBundleNumericVersion"=402685952, "CFBundlePackageType"="APPL", "CFBundleShortVersionString"="0.9.0", "CFBun<…>
2026-09-14 11:58:09.922 I  PeachCommander[17862:e718] [com.apple.launchservices:cas] information in shared memory for 0x0-0xda0da with seed 535 was still valid, so using cached info { "ApplicationType"="Foreground", "BuildMachineOSBuild"="25E246", "BundleIdentifierLowerCase"="com.peachcommander.app", "CFBundleDevelopmentRegion"="en", "CFBundleDocumentTypes"=( { "CFBundleTypeName"="Peach Commander Plugin Package", "CFBundleTypeRole"="Viewer", "LSHandlerRank"="Owner", "LSItemContentTypes"=( "com.peachcommander.plugin-package") }), "CFBundleExecutable"="PeachCommander", "CFBundleExecutablePath"="/Users/admin/pc-test/PeachCommander.app/Contents/MacOS/PeachCommander", "CFBundleExecutablePathDeviceID"=16777228, "CFBundleExecutablePathINode"=487690, "CFBundleHelpBookFolder"="PeachCommander.help", "CFBundleHelpBookName"="Peach Commander Help", "CFBundleIconFile"="AppIcon", "CFBundleIconName"="AppIcon", "CFBundleIdentifier"="com.peachcommander.app", "CFBundleInfoDictionaryVersion"="6.0", "CFBundleName"="PeachCommander", "CFBundleNameLowerCase"="peachcommander", "CFBundleNumericVersion"=402685952, "CFBundlePackageType"="APPL", "CFBundleShortVersionString"="0.9.0", "CFBun<…>
2026-09-14 11:58:09.931 I  PeachCommander[17862:e718] [com.apple.AppKit:Window] order window front conditionally: 38c related: 0
2026-09-14 11:58:09.931 Df PeachCommander[17862:e718] [com.apple.AppKit:AutomaticTermination] void _NSEnableAutomaticTerminationAndLog(NSString *) No windows open yet
2026-09-14 11:58:09.932 I  PeachCommander[17862:e718] [com.apple.AppKit:Intelligence] starting collection observation
2026-09-14 11:58:09.932 Df PeachCommander[17862:e71f] [com.apple.UIIntelligenceSupport:xpc] establishing connection to agent
2026-09-14 11:58:09.932 Df PeachCommander[17862:e71f] [com.apple.xpc:session] [0x835d29590] Session created.
2026-09-14 11:58:09.932 Df PeachCommander[17862:e71f] [com.apple.xpc:session] [0x835d29590] Session created from connection [0x8349be440]
2026-09-14 11:58:09.932 Df PeachCommander[17862:e71f] [com.apple.xpc:connection] [0x8349be440] activating connection: mach=true listener=false peer=false name=com.apple.uiintelligencesupport.agent
2026-09-14 11:58:09.932 Df PeachCommander[17862:e71f] [com.apple.xpc:session] [0x835d29590] Session activated
2026-09-14 11:58:09.932 I  PeachCommander[17862:e718] [com.apple.SkyLight:processes] 0[outside of RPC]: SLSSetFrontProcessWithInfo(0x0-0x2 window=0 options=0x1
2026-09-14 11:58:09.932 Df PeachCommander[17862:e724] [com.apple.UIIntelligenceSupport:xpc] Connection established with agent PID: 1210
2026-09-14 11:58:09.933 I  PeachCommander[17862:e718] [com.apple.launchservices:cas] information in shared memory for 0x0-0xda0da with seed 535 was still valid, so using cached info { "ApplicationType"="Foreground", "BuildMachineOSBuild"="25E246", "BundleIdentifierLowerCase"="com.peachcommander.app", "CFBundleDevelopmentRegion"="en", "CFBundleDocumentTypes"=( { "CFBundleTypeName"="Peach Commander Plugin Package", "CFBundleTypeRole"="Viewer", "LSHandlerRank"="Owner", "LSItemContentTypes"=( "com.peachcommander.plugin-package") }), "CFBundleExecutable"="PeachCommander", "CFBundleExecutablePath"="/Users/admin/pc-test/PeachCommander.app/Contents/MacOS/PeachCommander", "CFBundleExecutablePathDeviceID"=16777228, "CFBundleExecutablePathINode"=487690, "CFBundleHelpBookFolder"="PeachCommander.help", "CFBundleHelpBookName"="Peach Commander Help", "CFBundleIconFile"="AppIcon", "CFBundleIconName"="AppIcon", "CFBundleIdentifier"="com.peachcommander.app", "CFBundleInfoDictionaryVersion"="6.0", "CFBundleName"="PeachCommander", "CFBundleNameLowerCase"="peachcommander", "CFBundleNumericVersion"=402685952, "CFBundlePackageType"="APPL", "CFBundleShortVersionString"="0.9.0", "CFBun<…>
2026-09-14 11:58:09.933 Df PeachCommander[17862:e718] [com.apple.xpc:connection] [0x8349be580] activating connection: mach=true listener=false peer=false name=com.apple.FileCoordination
2026-09-14 11:58:09.933 Df PeachCommander[17862:e724] [com.apple.foundation.filecoordination:presenter] Adding presenter 2A51686C-13FA-4EBD-9A0F-BE2169C5BEFB for URL: <private>
2026-09-14 11:58:09.933 I  PeachCommander[17862:e718] [com.apple.launchservices:cas] information in shared memory for 0x0-0xda0da with seed 535 was still valid, so using cached info { "ApplicationType"="Foreground", "BuildMachineOSBuild"="25E246", "BundleIdentifierLowerCase"="com.peachcommander.app", "CFBundleDevelopmentRegion"="en", "CFBundleDocumentTypes"=( { "CFBundleTypeName"="Peach Commander Plugin Package", "CFBundleTypeRole"="Viewer", "LSHandlerRank"="Owner", "LSItemContentTypes"=( "com.peachcommander.plugin-package") }), "CFBundleExecutable"="PeachCommander", "CFBundleExecutablePath"="/Users/admin/pc-test/PeachCommander.app/Contents/MacOS/PeachCommander", "CFBundleExecutablePathDeviceID"=16777228, "CFBundleExecutablePathINode"=487690, "CFBundleHelpBookFolder"="PeachCommander.help", "CFBundleHelpBookName"="Peach Commander Help", "CFBundleIconFile"="AppIcon", "CFBundleIconName"="AppIcon", "CFBundleIdentifier"="com.peachcommander.app", "CFBundleInfoDictionaryVersion"="6.0", "CFBundleName"="PeachCommander", "CFBundleNameLowerCase"="peachcommander", "CFBundleNumericVersion"=402685952, "CFBundlePackageType"="APPL", "CFBundleShortVersionString"="0.9.0", "CFBun<…>
2026-09-14 11:58:09.936 I  PeachCommander[17862:e718] [com.apple.AppKit:Window] order all windows front 1205620685083
2026-09-14 11:58:09.936 I  PeachCommander[17862:e718] [com.apple.launchservices:cas] information in shared memory for 0x0-0xda0da with seed 535 was still valid, so using cached info { "ApplicationType"="Foreground", "BuildMachineOSBuild"="25E246", "BundleIdentifierLowerCase"="com.peachcommander.app", "CFBundleDevelopmentRegion"="en", "CFBundleDocumentTypes"=( { "CFBundleTypeName"="Peach Commander Plugin Package", "CFBundleTypeRole"="Viewer", "LSHandlerRank"="Owner", "LSItemContentTypes"=( "com.peachcommander.plugin-package") }), "CFBundleExecutable"="PeachCommander", "CFBundleExecutablePath"="/Users/admin/pc-test/PeachCommander.app/Contents/MacOS/PeachCommander", "CFBundleExecutablePathDeviceID"=16777228, "CFBundleExecutablePathINode"=487690, "CFBundleHelpBookFolder"="PeachCommander.help", "CFBundleHelpBookName"="Peach Commander Help", "CFBundleIconFile"="AppIcon", "CFBundleIconName"="AppIcon", "CFBundleIdentifier"="com.peachcommander.app", "CFBundleInfoDictionaryVersion"="6.0", "CFBundleName"="PeachCommander", "CFBundleNameLowerCase"="peachcommander", "CFBundleNumericVersion"=402685952, "CFBundlePackageType"="APPL", "CFBundleShortVersionString"="0.9.0", "CFBun<…>
2026-09-14 11:58:09.936 I  PeachCommander[17862:e718] [com.apple.showhide:pr-59900543] SHOWHIDE: CONFIRM, id=376, err=0
2026-09-14 11:58:09.936 I  PeachCommander[17862:e718] [com.apple.AppKit:Window] context (0 -> 918779e5) for window 38b
2026-09-14 11:58:09.936 I  PeachCommander[17862:e718] [com.apple.AppKit:Window] context (0 -> 7bba3c7c) for window 38a
2026-09-14 11:58:09.936 I  PeachCommander[17862:e718] [com.apple.AppKit:Window] context (0 -> 574dc2f9) for window 389
2026-09-14 11:58:09.936 I  PeachCommander[17862:e718] [com.apple.AppKit:Window] context (0 -> 2b088c57) for window 388
2026-09-14 11:58:09.953 I  PeachCommander[17862:e718] [com.apple.iconservices:foundation] layer data size zero
2026-09-14 11:58:09.962 Df PeachCommander[17862:e718] [com.apple.AppKit:AutomaticTermination] void _updateToReflectAutomaticTerminationState(void) Setting _kLSApplicationWouldBeTerminatedByTALKey=0
2026-09-14 11:58:09.963 I  PeachCommander[17862:e718] [com.apple.runningboard:assertion] Acquiring assertion: <RBSAssertionDescriptor| "AppNap adapter assertion" ID:(null) target:17862>
2026-09-14 11:58:09.998 A  PeachCommander[17862:e725] (RunningBoardServices) didChangeInheritances
2026-09-14 11:58:10.020 Df PeachCommander[17862:e718] [com.apple.libsystem.libdispatch:] DEPRECATED USE in libdispatch client: dispatch source activated with no event handler set; set a breakpoint on _dispatch_bug_deprecated to debug
2026-09-14 11:58:10.115 I  PeachCommander[17862:e718] [com.apple.coreanimation:Utilities] IOSurface Compression Enabled: NO
2026-09-14 11:58:10.116 Df PeachCommander[17862:e724] [com.apple.coreanimation:Metal] Precompiled pipelines disabled on unsupported hardware.
2026-09-14 11:58:10.128 I  PeachCommander[17862:e718] [com.apple.CarbonCore:gestalt] SetGestaltValuesBulk SetGestaltValuesBulk( count=22 tuples=0x18da12650
2026-09-14 11:58:10.128 I  PeachCommander[17862:e718] [com.apple.CarbonCore:gestalt] SetGestaltValue SetGestaltValue(alis 1C9) => 0
2026-09-14 11:58:10.128 I  PeachCommander[17862:e718] [com.apple.CarbonCore:gestalt] SetGestaltValue SetGestaltValue(os   FE) => 0
2026-09-14 11:58:10.128 I  PeachCommander[17862:e718] [com.apple.CarbonCore:gestalt] SetGestaltValue SetGestaltValue(addr 7) => 0
2026-09-14 11:58:10.128 I  PeachCommander[17862:e718] [com.apple.CarbonCore:gestalt] SetGestaltValue SetGestaltValue(fs   3D332) => 0
2026-09-14 11:58:10.128 I  PeachCommander[17862:e718] [com.apple.CarbonCore:gestalt] SetGestaltValue SetGestaltValue(fold 11) => 0
2026-09-14 11:58:10.128 I  PeachCommander[17862:e718] [com.apple.CarbonCore:gestalt] SetGestaltValue SetGestaltValue(lram 7FFFF000) => 0
2026-09-14 11:58:10.128 I  PeachCommander[17862:e718] [com.apple.CarbonCore:gestalt] SetGestaltValue SetGestaltValue(mmap 1) => 0
2026-09-14 11:58:10.128 I  PeachCommander[17862:e718] [com.apple.CarbonCore:gestalt] SetGestaltValue SetGestaltValue(cfrg 1) => 0
2026-09-14 11:58:10.128 I  PeachCommander[17862:e718] [com.apple.CarbonCore:gestalt] SetGestaltValue SetGestaltValue(thds 7) => 0
2026-09-14 11:58:10.128 I  PeachCommander[17862:e718] [com.apple.CarbonCore:gestalt] SetGestaltValue SetGestaltValue(tmgr E) => 0
2026-09-14 11:58:10.128 I  PeachCommander[17862:e718] [com.apple.CarbonCore:gestalt] SetGestaltValue SetGestaltValue(vers 7) => 0
2026-09-14 11:58:10.128 I  PeachCommander[17862:e718] [com.apple.CarbonCore:gestalt] SetGestaltValue SetGestaltValue(cbon 160) => 0
2026-09-14 11:58:10.128 I  PeachCommander[17862:e718] [com.apple.CarbonCore:gestalt] SetGestaltValue SetGestaltValue(cltn 1108000) => 0
2026-09-14 11:58:10.128 I  PeachCommander[17862:e718] [com.apple.CarbonCore:gestalt] SetGestaltValue SetGestaltValue(cpnt 8) => 0
2026-09-14 11:58:10.128 I  PeachCommander[17862:e718] [com.apple.CarbonCore:gestalt] SetGestaltValue SetGestaltValue(rsrc 3) => 0
2026-09-14 11:58:10.128 I  PeachCommander[17862:e718] [com.apple.CarbonCore:gestalt] SetGestaltValue SetGestaltValue(rmbg 11F) => 0
2026-09-14 11:58:10.128 I  PeachCommander[17862:e718] [com.apple.CarbonCore:gestalt] SetGestaltValue SetGestaltValue(vm   11) => 0
2026-09-14 11:58:10.128 I  PeachCommander[17862:e718] [com.apple.CarbonCore:gestalt] SetGestaltValue SetGestaltValue(srad 4170706C) => 0
2026-09-14 11:58:10.128 I  PeachCommander[17862:e718] [com.apple.CarbonCore:gestalt] SetGestaltValue SetGestaltValue(sysa 14) => 0
2026-09-14 11:58:10.128 I  PeachCommander[17862:e718] [com.apple.CarbonCore:gestalt] SetGestaltValue SetGestaltValue(copl 9) => 0
2026-09-14 11:58:10.128 I  PeachCommander[17862:e718] [com.apple.CarbonCore:gestalt] SetGestaltValue SetGestaltValue(xlat 0) => 0
2026-09-14 11:58:10.128 I  PeachCommander[17862:e718] [com.apple.CarbonCore:gestalt] SetGestaltValue SetGestaltValue(stdf 0) => 0
2026-09-14 11:58:10.128 I  PeachCommander[17862:e718] [com.apple.CarbonCore:gestalt] _NewGestalt _NewGestalt(ram  0x18d98b644) => 0
2026-09-14 11:58:10.128 I  PeachCommander[17862:e718] [com.apple.CarbonCore:gestalt] _NewGestalt _NewGestalt(ramm 0x18d98b644) => 0
2026-09-14 11:58:10.128 I  PeachCommander[17862:e718] [com.apple.CarbonCore:gestalt] _NewGestalt _NewGestalt(cput 0x18d98b734) => 0
2026-09-14 11:58:10.128 I  PeachCommander[17862:e718] [com.apple.CarbonCore:gestalt] _NewGestalt _NewGestalt(cpuf 0x18d98b764) => 0
2026-09-14 11:58:10.128 I  PeachCommander[17862:e718] [com.apple.CarbonCore:gestalt] _NewGestalt _NewGestalt(bclk 0x18d98b794) => 0
2026-09-14 11:58:10.128 I  PeachCommander[17862:e718] [com.apple.CarbonCore:gestalt] _NewGestalt _NewGestalt(bclm 0x18d98b794) => 0
2026-09-14 11:58:10.128 I  PeachCommander[17862:e718] [com.apple.CarbonCore:gestalt] _NewGestalt _NewGestalt(pclk 0x18d98b834) => 0
2026-09-14 11:58:10.128 I  PeachCommander[17862:e718] [com.apple.CarbonCore:gestalt] _NewGestalt _NewGestalt(mclk 0x18d98b834) => 0
2026-09-14 11:58:10.128 I  PeachCommander[17862:e718] [com.apple.CarbonCore:gestalt] _NewGestalt _NewGestalt(a/ux 0x18d98b94c) => 0
2026-09-14 11:58:10.128 I  PeachCommander[17862:e718] [com.apple.CarbonCore:gestalt] _NewGestalt _NewGestalt(pgsz 0x18d98b954) => 0
2026-09-14 11:58:10.128 I  PeachCommander[17862:e718] [com.apple.CarbonCore:gestalt] _NewGestalt _NewGestalt(csiz 0x18d98b994) => 0
2026-09-14 11:58:10.128 I  PeachCommander[17862:e718] [com.apple.CarbonCore:gestalt] _NewGestalt _NewGestalt(sysv 0x18d936dfc) => 0
2026-09-14 11:58:10.128 I  PeachCommander[17862:e718] [com.apple.CarbonCore:gestalt] _NewGestalt _NewGestalt(sys1 0x18d936dfc) => 0
2026-09-14 11:58:10.128 I  PeachCommander[17862:e718] [com.apple.CarbonCore:gestalt] _NewGestalt _NewGestalt(sys2 0x18d936dfc) => 0
2026-09-14 11:58:10.128 I  PeachCommander[17862:e718] [com.apple.CarbonCore:gestalt] _NewGestalt _NewGestalt(sys3 0x18d936dfc) => 0
2026-09-14 11:58:10.128 I  PeachCommander[17862:e718] [com.apple.CarbonCore:gestalt] _NewGestalt _NewGestalt(cdfl 0x18d98b9d4) => 0
2026-09-14 11:58:10.128 I  PeachCommander[17862:e718] [com.apple.CarbonCore:gestalt] _NewGestalt _NewGestalt(cdrm 0x18d98bc30) => 0
2026-09-14 11:58:10.128 I  PeachCommander[17862:e718] [com.apple.CarbonCore:gestalt] _NewGestalt _NewGestalt(cpus 0x18d98bc78) => 0
2026-09-14 11:58:10.128 I  PeachCommander[17862:e718] [com.apple.CarbonCore:gestalt] SetGestaltValue SetGestaltValue(swex 1) => 0
2026-09-14 11:58:10.128 Df PeachCommander[17862:e718] [com.apple.xpc:connection] [0x8349bf980] activating connection: mach=false listener=false peer=false name=com.apple.hiservices-xpcservice
2026-09-14 11:58:10.129 I  PeachCommander[17862:e718] [com.apple.CFPasteboard:entry] CopyData('ApplePerContextInputPasteboard' (<CFUUID 0x835d89da0> 44806612-B5B1-4DC2-8D85-AB4837A33B01) gen: -1 item: 1264739405 flavor: 'ApplePerContextInputFlavor')
2026-09-14 11:58:10.129 I  PeachCommander[17862:e718] [com.apple.CFPasteboard:cache] Rebuilding cache for 'ApplePerContextInputPasteboard' (<CFUUID 0x835d89da0> 44806612-B5B1-4DC2-8D85-AB4837A33B01)
2026-09-14 11:58:10.129 I  PeachCommander[17862:e718] [com.apple.CFPasteboard:general] Will request data from daemon
2026-09-14 11:58:10.129 I  PeachCommander[17862:e718] [com.apple.CFPasteboard:exit] (not-in-cache) - result: 0 generation: 1 data (182 bytes) flags: 0
2026-09-14 11:58:10.129 I  PeachCommander[17862:e718] [com.apple.CFPasteboard:entry] CopyData('DefaultAsciiKeyboardLayoutPasteboard' (<CFUUID 0x8350b1420> 8525712A-A2A7-4024-8665-7FEF76FB5961) gen: -1 item: 1264739405 flavor: 'DefaultAsciiKeyboardLayoutFlavor')
2026-09-14 11:58:10.129 I  PeachCommander[17862:e718] [com.apple.CFPasteboard:exit] (not-in-cache) - result: -8 generation: 0 null data flags: 0
2026-09-14 11:58:10.131 I  PeachCommander[17862:e718] [com.apple.AppKit:Window] context (0 -> 3b63c8fd) for window 38d
2026-09-14 11:58:10.132 Df PeachCommander[17862:e718] [com.apple.inputmethodkitClient:Client] +[IMKClient subclass]: chose IMKClient_Modern
2026-09-14 11:58:10.132 Df PeachCommander[17862:e718] [com.apple.BoardServices:XPCErrors] [C:2] Alloc com.apple.backboard.hid-services.xpc
2026-09-14 11:58:10.132 Df PeachCommander[17862:e718] [com.apple.xpc:connection] [0x8349bfac0] activating connection: mach=false listener=false peer=false name=(anonymous)
2026-09-14 11:58:10.132 E  PeachCommander[17862:e724] [com.apple.BaseBoard:Common] Unable to obtain a task name port right for pid 169: (os/kern) failure (0x5)
2026-09-14 11:58:10.132 Df PeachCommander[17862:e725] [com.apple.xpc:connection] [0x8349be940] activating connection: mach=false listener=false peer=false name=com.apple.TextInputUI.xpc.CursorUIViewService
2026-09-14 11:58:10.132 Df PeachCommander[17862:e72b] [com.apple.xpc:connection] [0x8349be940] invalidated after the last release of the connection object
2026-09-14 11:58:10.133 I  PeachCommander[17862:e718] [com.apple.CFPasteboard:entry] CopyData('DefaultAsciiKeyboardLayoutPasteboard' (<CFUUID 0x8350b1420> 8525712A-A2A7-4024-8665-7FEF76FB5961) gen: -1 item: 1264739405 flavor: 'DefaultAsciiKeyboardLayoutFlavor')
2026-09-14 11:58:10.133 I  PeachCommander[17862:e718] [com.apple.CFPasteboard:exit] (not-in-cache) - result: -8 generation: 0 null data flags: 0
2026-09-14 11:58:10.133 Df PeachCommander[17862:e718] [com.apple.xpc:connection] [0x8349be6c0] activating connection: mach=false listener=false peer=false name=(anonymous)
2026-09-14 11:58:10.133 Df PeachCommander[17862:e718] [com.apple.xpc:connection] [0x8349be940] activating connection: mach=false listener=false peer=false name=com.apple.ViewBridgeAuxiliary
2026-09-14 11:58:10.133 Df PeachCommander[17862:e718] [com.apple.xpc:connection] [0x8349be1c0] activating connection: mach=false listener=false peer=false name=(anonymous)
2026-09-14 11:58:10.133 Df PeachCommander[17862:e718] [com.apple.xpc:connection] [0x8349be940] invalidated after the last release of the connection object
2026-09-14 11:58:10.148 Df PeachCommander[17862:e718] [com.apple.TextInputUI:CursorUI] -[TUINSCursorUIController activate:]_block_invoke: Create CursorUIViewService: TUINSRemoteViewController
2026-09-14 11:58:10.148 I  PeachCommander[17862:e718] [com.apple.AppKit:Window] window <TUINSWindow: 0x835cc2300> windowNumber=38d finishing close
2026-09-14 11:58:10.148 I  PeachCommander[17862:e718] [com.apple.AppKit:Window] order window: 38d op: 0 relative: 0 related: 0
2026-09-14 11:58:10.149 A  PeachCommander[17862:e725] (CoreFoundation) Loading Preferences From System CFPrefsD
2026-09-14 11:58:10.197 I  PeachCommander[17862:e718] [com.apple.iconservices:foundation] layer data size zero
2026-09-14 11:58:10.198 A  PeachCommander[17862:e718] (CoreFoundation) Loading Preferences From User CFPrefsD
2026-09-14 11:58:10.198 I  PeachCommander[17862:e718] [com.apple.CoreAnalytics:client] Dropping "com.apple.ImageIO.readerSelection" as it isn't used in any transform (not in the config or budgeted?)
2026-09-14 11:58:10.211 A  PeachCommander[17862:e725] (libsystem_info.dylib) Retrieve Group by ID
2026-09-14 11:58:10.249 Df PeachCommander[17862:e718] [com.apple.BoardServices:XPCErrors] [C:3] Alloc com.apple.backboard.hid-services.xpc
2026-09-14 11:58:10.249 Df PeachCommander[17862:e718] [com.apple.xpc:connection] [0x8349bde00] activating connection: mach=false listener=false peer=false name=(anonymous)
2026-09-14 11:58:10.250 Df PeachCommander[17862:e72c] [com.apple.BackBoard:EventDelivery] BKSHIDEventDeliveryManager - connection activation
2026-09-14 11:58:10.353 I  PeachCommander[17862:e718] [com.apple.CoreAnalytics:client] Dropping "com.apple.appkit.app_config" as it isn't used in any transform (not in the config or budgeted?)
2026-09-14 11:58:10.354 I  PeachCommander[17862:e718] [com.apple.launchservices:datasep] application record search init. Node: <FSNode 0x8339fd400> { isDir = y, path = <private> } bundleID: (null) itemID: 0
2026-09-14 11:58:10.355 I  PeachCommander[17862:e718] [com.apple.launchservices:datasep] application record search init. Node: <FSNode 0x8339fd400> { isDir = y, path = <private> } bundleID: (null) itemID: 0
2026-09-14 11:58:10.355 I  PeachCommander[17862:e718] [com.apple.SafariPlatformSupport:SafariPlatformSupport] -[SFSafariPlatformSupport credentialSelected:] with nil credential
2026-09-14 11:58:10.355 I  PeachCommander[17862:e718] [com.apple.SafariPlatformSupport:SafariPlatformSupport] -[SFSafariPlatformSupport oneTimeCodeSelected:] with nil code
2026-09-14 11:58:10.357 I  PeachCommander[17862:e7bb] [com.apple.AppKit:WindowTab] Indexing 1 items
2026-09-14 11:58:10.357 A  PeachCommander[17862:e7bb] (CoreSpotlight) end-index-batch
2026-09-14 11:58:10.357 Df PeachCommander[17862:e7bb] [com.apple.corespotlight:index] *warn* MailCS ======%%% _setMailMessageAttributes skip:1
2026-09-14 11:58:10.357 A  PeachCommander[17862:e7bb] (CoreSpotlight) index-items
2026-09-14 11:58:10.357 Df PeachCommander[17862:e7bb] [com.apple.corespotlight:index] CSInlineDonation:<private>: Skipping donation (feature flag disabled)
2026-09-14 11:58:10.357 Df PeachCommander[17862:e7bb] [com.apple.corespotlight:index] CSInlineDonation:<private>: Skipping donation (feature flag disabled)
2026-09-14 11:58:10.471 I  PeachCommander[17862:e718] [com.apple.HIToolbox:MBDisplays] <private>
2026-09-14 11:58:10.471 I  PeachCommander[17862:e718] [com.apple.HIToolbox:MBDisplays] <private>
2026-09-14 11:58:10.499 I  PeachCommander[17862:e718] [com.peachcommander:PCFoundation] Session restored
2026-09-14 11:58:10.499 Df PeachCommander[17862:e718] (Foundation) <private>
2026-09-14 11:58:10.499 I  PeachCommander[17862:e718] [com.peachcommander:PCFoundation] [automation] running /Users/admin/auto.txt
2026-09-14 11:58:10.499 Df PeachCommander[17862:e718] (Foundation) <private>
2026-09-14 11:58:10.499 I  PeachCommander[17862:e718] [com.peachcommander:PCFoundation] [automation] > active left
2026-09-14 11:58:10.499 Df PeachCommander[17862:e718] (Foundation) <private>
2026-09-14 11:58:10.499 I  PeachCommander[17862:e718] [com.peachcommander:PCFoundation] [automation] > left /Users/admin/pc-demo
2026-09-14 11:58:10.550 Df PeachCommander[17862:e72b] [com.apple.xpc:connection] [0x8349be300] activating connection: mach=false listener=false peer=false name=com.apple.SafariPlatformSupport.Helper
2026-09-14 11:58:10.606 Df PeachCommander[17862:e72b] [com.apple.xpc:connection] [0x8349be300] invalidated after the last release of the connection object
2026-09-14 11:58:10.616 I  PeachCommander[17862:e718] [com.apple.launchservices:cas] Removing cached information for app [ 0x0-0xda0da]  "PeachCommander", as its seed is different from that in shared memory ( 535 vs 537)
2026-09-14 11:58:10.616 Df PeachCommander[17862:e718] [com.apple.xpc:connection] [0x8349bdcc0] activating connection: mach=false listener=false peer=false name=(anonymous)
2026-09-14 11:58:10.616 Df PeachCommander[17862:e718] [com.apple.xpc:connection] [0x8349be300] activating connection: mach=false listener=false peer=false name=(anonymous)
2026-09-14 11:58:10.624 Df PeachCommander[17862:e718] (Foundation) <private>
2026-09-14 11:58:10.624 I  PeachCommander[17862:e718] [com.peachcommander:PCFoundation] [automation] > wait 1200
2026-09-14 11:58:10.645 I  PeachCommander[17862:e718] [com.apple.AppKit:Image] ISImage reported a placeholder, image rep is providing a placeholder image for <private>
2026-09-14 11:58:10.645 I  PeachCommander[17862:e718] [com.apple.AppKit:Image] ISImage reported a placeholder, image rep is providing a placeholder image for <private>
2026-09-14 11:58:10.646 I  PeachCommander[17862:e71f] [com.apple.iconservices:foundation] layer data size zero
2026-09-14 11:58:10.646 I  PeachCommander[17862:e718] [com.apple.AppKit:Image] ISImage reported a placeholder, image rep is providing a placeholder image for <private>
2026-09-14 11:58:10.647 I  PeachCommander[17862:e718] [com.apple.AppKit:Image] ISImage reported a placeholder, image rep is providing a placeholder image for <private>
2026-09-14 11:58:10.648 I  PeachCommander[17862:e718] [com.apple.AppKit:Image] ISImage reported a placeholder, image rep is providing a placeholder image for <private>
2026-09-14 11:58:10.648 I  PeachCommander[17862:e718] [com.apple.AppKit:Image] ISImage reported a placeholder, image rep is providing a placeholder image for <private>
2026-09-14 11:58:10.649 I  PeachCommander[17862:e718] [com.apple.AppKit:Image] ISImage reported a placeholder, image rep is providing a placeholder image for <private>
2026-09-14 11:58:10.649 I  PeachCommander[17862:e718] [com.apple.AppKit:Image] ISImage reported a placeholder, image rep is providing a placeholder image for <private>
2026-09-14 11:58:10.650 I  PeachCommander[17862:e718] [com.apple.AppKit:Image] ISImage reported a placeholder, image rep is providing a placeholder image for <private>
2026-09-14 11:58:10.650 I  PeachCommander[17862:e718] [com.apple.AppKit:Image] ISImage reported a placeholder, image rep is providing a placeholder image for <private>
2026-09-14 11:58:10.651 I  PeachCommander[17862:e718] [com.apple.AppKit:Image] ISImage reported a placeholder, image rep is providing a placeholder image for <private>
2026-09-14 11:58:10.651 I  PeachCommander[17862:e718] [com.apple.AppKit:Image] ISImage reported a placeholder, image rep is providing a placeholder image for <private>
2026-09-14 11:58:10.655 I  PeachCommander[17862:e71f] [com.apple.iconservices:foundation] layer data size zero
2026-09-14 11:58:10.684 I  PeachCommander[17862:e718] [com.apple.iconservices:foundation] layer data size zero
2026-09-14 11:58:10.684 I  PeachCommander[17862:e718] [com.apple.AppKit:Image] ISImage reported a placeholder, image rep is providing a placeholder image for <private>
2026-09-14 11:58:10.684 I  PeachCommander[17862:e718] [com.apple.iconservices:foundation] layer data size zero
2026-09-14 11:58:10.684 I  PeachCommander[17862:e718] [com.apple.AppKit:Image] ISImage reported a placeholder, image rep is providing a placeholder image for <private>
2026-09-14 11:58:10.684 I  PeachCommander[17862:e718] [com.apple.iconservices:foundation] layer data size zero
2026-09-14 11:58:10.684 I  PeachCommander[17862:e718] [com.apple.AppKit:Image] ISImage reported a placeholder, image rep is providing a placeholder image for <private>
2026-09-14 11:58:10.684 I  PeachCommander[17862:e718] [com.apple.AppKit:Image] ISImage reported a placeholder, image rep is providing a placeholder image for <private>
2026-09-14 11:58:10.684 I  PeachCommander[17862:e718] [com.apple.AppKit:Image] ISImage reported a placeholder, image rep is providing a placeholder image for <private>
2026-09-14 11:58:10.684 I  PeachCommander[17862:e718] [com.apple.iconservices:foundation] layer data size zero
2026-09-14 11:58:10.685 I  PeachCommander[17862:e718] [com.apple.AppKit:Image] ISImage reported a placeholder, image rep is providing a placeholder image for <private>
2026-09-14 11:58:10.691 I  PeachCommander[17862:e718] [com.apple.iconservices:foundation] layer data size zero
2026-09-14 11:58:10.691 I  PeachCommander[17862:e718] [com.apple.iconservices:foundation] layer data size zero
2026-09-14 11:58:10.691 I  PeachCommander[17862:e718] [com.apple.iconservices:foundation] layer data size zero
2026-09-14 11:58:10.691 I  PeachCommander[17862:e718] [com.apple.iconservices:foundation] layer data size zero
2026-09-14 11:58:10.692 I  PeachCommander[17862:e718] [com.apple.SafariPlatformSupport:SafariPlatformSupport] -[SPSafariPlatformSupport completionListPreferredContentSizeDidUpdate] with size {0, 0}, in window that is visible
2026-09-14 11:58:11.229 I  PeachCommander[17862:e71f] [com.apple.AppKit:WindowTab] Indexing 1 items
2026-09-14 11:58:11.229 A  PeachCommander[17862:e71f] (CoreSpotlight) end-index-batch
2026-09-14 11:58:11.229 A  PeachCommander[17862:e71f] (CoreSpotlight) index-items
2026-09-14 11:58:11.229 Df PeachCommander[17862:e71f] [com.apple.corespotlight:index] CSInlineDonation:<private>: Skipping donation (feature flag disabled)
2026-09-14 11:58:11.229 Df PeachCommander[17862:e71f] [com.apple.corespotlight:index] CSInlineDonation:<private>: Skipping donation (feature flag disabled)
2026-09-14 11:58:11.891 Df PeachCommander[17862:e718] (Foundation) <private>
2026-09-14 11:58:11.891 I  PeachCommander[17862:e718] [com.peachcommander:PCFoundation] [automation] > settingspage Layout
2026-09-14 11:58:11.892 Df PeachCommander[17862:e718] (Foundation) <private>
2026-09-14 11:58:11.892 I  PeachCommander[17862:e718] [com.peachcommander:PCFoundation] [automation] > wait 2500
2026-09-14 11:58:11.894 A  PeachCommander[17862:e718] (Security) SecItemCopyMatching
2026-09-14 11:58:11.895 A  PeachCommander[17862:e718] (Security) SecItemCopyMatching_ios
2026-09-14 11:58:11.895 Df PeachCommander[17862:e718] [com.apple.securityd:secitemratelimit] Not internal release, disabling SIRL
2026-09-14 11:58:11.895 Df PeachCommander[17862:e718] [com.apple.securityd:thread-local-client-debug] SecSecurityClientGet new thread!
2026-09-14 11:58:11.895 Df PeachCommander[17862:e718] [com.apple.securityd:keychain] Enabling System Keychain Always due to platform
2026-09-14 11:58:11.895 Df PeachCommander[17862:e718] [com.apple.xpc:connection] [0x8349bf200] activating connection: mach=true listener=false peer=false name=com.apple.securityd.xpc
2026-09-14 11:58:11.896 A  PeachCommander[17862:e718] (CoreFoundation) Loading Preferences From System CFPrefsD
2026-09-14 11:58:11.898 Df PeachCommander[17862:e718] [com.apple.securityd:MDSStaticDatabase] [updateDataBases]: Databases already exist; Nothing to Update
2026-09-14 11:58:11.954 I  PeachCommander[17862:e718] [com.apple.AppKit:Window] context (0 -> bce2cadc) for window 390
2026-09-14 11:58:12.000 I  PeachCommander[17862:e718] [com.apple.CFPasteboard:entry] CopyData('DefaultAsciiKeyboardLayoutPasteboard' (<CFUUID 0x8350b1420> 8525712A-A2A7-4024-8665-7FEF76FB5961) gen: -1 item: 1264739405 flavor: 'DefaultAsciiKeyboardLayoutFlavor')
2026-09-14 11:58:12.000 I  PeachCommander[17862:e718] [com.apple.CFPasteboard:exit] (not-in-cache) - result: -8 generation: 0 null data flags: 0
2026-09-14 11:58:12.007 I  PeachCommander[17862:e718] [com.apple.AppKit:Window] order window front conditionally: 390 related: 0
2026-09-14 11:58:12.008 I  PeachCommander[17862:e718] [com.apple.AppKit:Window] order window front conditionally: 390 related: 0
2026-09-14 11:58:12.074 I  PeachCommander[17862:e725] [com.apple.AppKit:WindowTab] Indexing 2 items
2026-09-14 11:58:12.074 A  PeachCommander[17862:e725] (CoreSpotlight) end-index-batch
2026-09-14 11:58:12.074 A  PeachCommander[17862:e725] (CoreSpotlight) index-items
2026-09-14 11:58:12.074 Df PeachCommander[17862:e725] [com.apple.corespotlight:index] CSInlineDonation:<private>: Skipping donation (feature flag disabled)
2026-09-14 11:58:12.075 Df PeachCommander[17862:e725] [com.apple.corespotlight:index] CSInlineDonation:<private>: Skipping donation (feature flag disabled)
2026-09-14 11:58:14.395 Df PeachCommander[17862:e718] (Foundation) <private>
2026-09-14 11:58:14.395 I  PeachCommander[17862:e718] [com.peachcommander:PCFoundation] [automation] > keyloop /Users/admin/probe-loop.txt
2026-09-14 11:58:14.410 Df PeachCommander[17862:e718] (Foundation) <private>
2026-09-14 11:58:14.410 Df PeachCommander[17862:e718] (Foundation) <private>
2026-09-14 11:58:14.410 I  PeachCommander[17862:e718] [com.peachcommander:PCFoundation] [automation] > panelsdump /Users/admin/probe-after.txt
2026-09-14 11:58:14.411 Df PeachCommander[17862:e718] (Foundation) <private>
2026-09-14 11:58:14.411 I  PeachCommander[17862:e718] [com.peachcommander:PCFoundation] [automation] > wait 800
2026-09-14 11:58:15.231 Df PeachCommander[17862:e718] (Foundation) <private>
2026-09-14 11:58:15.231 I  PeachCommander[17862:e718] [com.peachcommander:PCFoundation] [automation] done
