Timestamp               Ty Process[PID:TID]
2026-09-14 10:44:09.780 A  PeachCommander[28138:169e3] (libsystem_info.dylib) Retrieve User by ID
2026-09-14 10:44:09.780 Df PeachCommander[28138:169e3] [com.apple.xpc:connection] [0x1040a8400] activating connection: mach=true listener=false peer=false name=com.apple.cfprefsd.daemon
2026-09-14 10:44:09.780 Df PeachCommander[28138:169e6] [com.apple.xpc:connection] [0x1040abac0] activating connection: mach=true listener=false peer=false name=com.apple.cfprefsd.agent
2026-09-14 10:44:09.781 Df PeachCommander[28138:169e3] [com.apple.xpc:connection] [0x1040ae370] activating connection: mach=true listener=false peer=false name=com.apple.coreservices.launchservicesd
2026-09-14 10:44:09.781 I  PeachCommander[28138:169e3] [com.apple.launchservices:cas] Registering for notification <private> on default queue, to re-boostrap client connection.
2026-09-14 10:44:09.782 Df PeachCommander[28138:169e3] [com.apple.xpc:connection] [0x792ca8000] activating connection: mach=true listener=false peer=false name=com.apple.pasteboard.1
2026-09-14 10:44:09.782 Df PeachCommander[28138:169e3] [com.apple.xpc:connection] [0x792ca8140] activating connection: mach=true listener=false peer=false name=com.apple.distributed_notifications@Uv3
2026-09-14 10:44:09.783 Df PeachCommander[28138:169e3] [com.apple.AppKit:AutomaticTermination] void _NSDisableAutomaticTerminationAndLog(NSString *) No windows open yet
2026-09-14 10:44:09.783 A  PeachCommander[28138:169e3] (TCC) TCCAccessRequest() IPC
2026-09-14 10:44:09.783 Df PeachCommander[28138:169e3] [com.apple.xpc:connection] [0x792ca8280] activating connection: mach=true listener=false peer=false name=com.apple.tccd.system
2026-09-14 10:44:09.783 I  PeachCommander[28138:169e3] [com.apple.TCC:access] SEND: 0/7 synchronous to com.apple.tccd.system: request: msgID=28138.1, function=TCCAccessRequest, service=kTCCServiceListenEvent,
2026-09-14 10:44:09.785 I  PeachCommander[28138:169e3] [com.apple.TCC:access] RECV: synchronous reply <dictionary: 0x792c98000> { count = 5, transaction: 0, voucher = 0x0, contents =
	"prompt_type" => <uint64: 0xab2ed7f93322b16f>: 1
	"auth_value" => <uint64: 0xab2ed7f93322b16f>: 1
	"preflight_unknown" => <bool: 0x1f720d190>: true
	"auth_version" => <uint64: 0xab2ed7f93322b16f>: 1
	"auth_reason" => <uint64: 0xab2ed7f93322b14f>: 5
}
2026-09-14 10:44:09.785 Df PeachCommander[28138:169e3] [com.apple.xpc:connection] [0x792ca8280] invalidated after the last release of the connection object
2026-09-14 10:44:09.785 Df PeachCommander[28138:169e3] [com.apple.SkyLight:default] server port 0x00003013, session port 0x00003013
2026-09-14 10:44:09.787 Df PeachCommander[28138:169e3] [com.apple.SkyLight:default] New connection 0x40ae3 main
2026-09-14 10:44:09.787 I  PeachCommander[28138:169e6] [com.apple.SkyLight:processes] 0[outside of RPC]: First connection id 264931 mapped to ctx = 0x792c9c700
2026-09-14 10:44:09.788 I  PeachCommander[28138:169e3] [com.apple.hiservices:processmgr] Checking in with CAS, pid=28138
2026-09-14 10:44:09.788 I  PeachCommander[28138:169e3] [com.apple.launchservices:cas] LSApplicationCheckIn(), app being registered is:"/Users/admin/pc-test/PeachCommander.app/Contents/MacOS/PeachCommander"
2026-09-14 10:44:09.788 I  PeachCommander[28138:169e3] [com.apple.launchservices:cas]  { "ApplicationType"="Foreground", "BuildMachineOSBuild"="25E246", "CFBundleDevelopmentRegion"="en", "CFBundleDocumentTypes"=( { "CFBundleTypeName"="Peach Commander Plugin Package", "CFBundleTypeRole"="Viewer", "LSHandlerRank"="Owner", "LSItemContentTypes"=( "com.peachcommander.plugin-package") }), "CFBundleExecutable"="PeachCommander", "CFBundleExecutablePath"="/Users/admin/pc-test/PeachCommander.app/Contents/MacOS/PeachCommander", "CFBundleHelpBookFolder"="PeachCommander.help", "CFBundleHelpBookName"="Peach Commander Help", "CFBundleIconFile"="AppIcon", "CFBundleIconName"="AppIcon", "CFBundleIdentifier"="com.peachcommander.app", "CFBundleInfoDictionaryVersion"="6.0", "CFBundleName"="PeachCommander", "CFBundleNumericVersion"=402685952, "CFBundlePackageType"="APPL", "CFBundleShortVersionString"="0.9.0", "CFBundleSignature"="?????", "CFBundleSupportedPlatforms"=( "MacOSX"), "CFBundleVersion"="18", "DTCompiler"="com.apple.compilers.llvm.clang.1_0", "DTPlatformBuild"="25F70", "DTPlatformName"="macosx", "<…>
2026-09-14 10:44:09.788 Df PeachCommander[28138:169e3] [com.apple.processmanager:front-35286506] CHECKIN: pid=28138
2026-09-14 10:44:09.789 Df PeachCommander[28138:169e3] [com.apple.processmanager:front-35286506] CHECKEDIN: pid=28138 asn=0x0-0x17a17a foreground=1
2026-09-14 10:44:09.789 I  PeachCommander[28138:169e3] [com.apple.launchservices:cas] Setting processControlState to default PROC_SETPC_SUSPEND because application does not have LSProcessControlValue key
2026-09-14 10:44:09.789 Df PeachCommander[28138:169e3] [com.apple.xpc:connection] [0x792ca8280] activating connection: mach=false listener=true peer=false name=(anonymous)
2026-09-14 10:44:09.789 Df PeachCommander[28138:169e3] [com.apple.xpc:connection] [0x792ca8280] Connection returned listener port: 0x5403
2026-09-14 10:44:09.790 Df PeachCommander[28138:169e7] [com.apple.xpc:connection] [0x793080300] activating connection: mach=false listener=false peer=true name=com.apple.xpc.anonymous.0x792ca8280.peer[131].0x793080300
2026-09-14 10:44:09.790 Df PeachCommander[28138:169e3] [com.apple.processmanager:front-35286506] FRONTLOGGING: version 1
2026-09-14 10:44:09.790 Df PeachCommander[28138:169e3] [com.apple.processmanager:front-35286506] Registered, pid=28138 ASN=0x0,0x17a17a
2026-09-14 10:44:09.790 Df PeachCommander[28138:169e3] [com.apple.xpc:connection] [0x792ca83c0] activating connection: mach=true listener=false peer=false name=com.apple.analyticsd
2026-09-14 10:44:09.790 I  PeachCommander[28138:169e3] [com.apple.CoreAnalytics:client] Daemon status changed from 0 to 1
2026-09-14 10:44:09.790 I  PeachCommander[28138:169e7] [com.apple.CarbonCore:coreservicesdaemon] SCSession():SCSession( id=100, this=0x0x1040abd40 option=65538) created, forUID=501 mach_port_t=0x4e03.
2026-09-14 10:44:09.790 I  PeachCommander[28138:169e7] [com.apple.CarbonCore:coreservicesdaemon] SCSession():SCSession( id=101, this=0x0x1040abe80 option=65538) created, forUID=501 mach_port_t=0x4f03.
2026-09-14 10:44:09.790 I  PeachCommander[28138:169e7] [com.apple.CarbonCore:coreservicesdaemon] connectToCoreServicesD():Instantiating server (coreservicesd based) SCSession, port=0x4e03 serverOptions=0x10002.
2026-09-14 10:44:09.790 I  PeachCommander[28138:169e3] [com.apple.hiservices:processmgr] _RegisterApplication( pid 28138 => 0x0,0x17a17a) type=foreground
2026-09-14 10:44:09.790 Df PeachCommander[28138:169e3] [com.apple.xpc:connection] [0x792ca8280] Connection returned listener port: 0x5403
2026-09-14 10:44:09.791 I  PeachCommander[28138:169e3] [com.apple.launchservices:cas] CFArrayRef _LSCopyLaunchModifiers(LSSessionID, LSASNRef _Nonnull), result for psn [ kLSCurrentApp ASN, 0x0,0x2]  is 1 items.
2026-09-14 10:44:09.791 Df PeachCommander[28138:169e3] [com.apple.processmanager:front-35286506] BringForward: pid=28138 asn=0x0-0x17a17a bringForward=1 foreground=1 uiElement=0 launchedByLS=1 modifiersCount=1 allDisabled=1
2026-09-14 10:44:09.791 Df PeachCommander[28138:169e3] [com.apple.processmanager:front-35286506] BringFrontModifier: pid=28138 asn=0x0-0x17a17a Modifier 0 hideAfter=0 hideOthers=0 dontMakeFrontmost=0 mouseDown=0/0 seed=0/0
2026-09-14 10:44:09.791 Df PeachCommander[28138:169e3] [com.apple.processmanager:front-35286506] BringForward: pid=28138 asn=0x0-0x17a17a
2026-09-14 10:44:09.791 Df PeachCommander[28138:169e3] [com.apple.processmanager:front-35286506] SetFrontProcess: asn=0x0-0x17a17a options=0
2026-09-14 10:44:09.791 I  PeachCommander[28138:169e3] [com.apple.SkyLight:processes] 0[outside of RPC]: SLPSetFrontProcess(0x0-0x17a17a window=0 options=0x0
2026-09-14 10:44:09.791 Df PeachCommander[28138:169e7] [com.apple.xpc:connection] [0x792ca8500] activating connection: mach=true listener=false peer=false name=com.apple.lsd.mapdb
2026-09-14 10:44:09.791 Df PeachCommander[28138:169e6] [com.apple.CoreAnalytics:client] Received configuration update from daemon (initial)
2026-09-14 10:44:09.792 Df PeachCommander[28138:169e3] [com.apple.AppKit:Appearance] Current system appearance, (HLTB: 1), (SLS: 0)
2026-09-14 10:44:09.793 Df PeachCommander[28138:169e3] (libMobileGestalt.dylib) No persisted cache on this platform.
2026-09-14 10:44:09.793 I  PeachCommander[28138:169e6] [com.apple.launchservices:cas] information in shared memory for 0x0-0x17a17a with seed 533 was still valid, so using cached info { "ApplicationType"="Foreground", "BuildMachineOSBuild"="25E246", "BundleIdentifierLowerCase"="com.peachcommander.app", "CFBundleDevelopmentRegion"="en", "CFBundleDocumentTypes"=( { "CFBundleTypeName"="Peach Commander Plugin Package", "CFBundleTypeRole"="Viewer", "LSHandlerRank"="Owner", "LSItemContentTypes"=( "com.peachcommander.plugin-package") }), "CFBundleExecutable"="PeachCommander", "CFBundleExecutablePath"="/Users/admin/pc-test/PeachCommander.app/Contents/MacOS/PeachCommander", "CFBundleExecutablePathDeviceID"=16777225, "CFBundleExecutablePathINode"=488026, "CFBundleHelpBookFolder"="PeachCommander.help", "CFBundleHelpBookName"="Peach Commander Help", "CFBundleIconFile"="AppIcon", "CFBundleIconName"="AppIcon", "CFBundleIdentifier"="com.peachcommander.app", "CFBundleInfoDictionaryVersion"="6.0", "CFBundleName"="PeachCommander", "CFBundleNameLowerCase"="peachcommander", "CFBundleNumericVersion"=402685952, "CFBundlePackageType"="APPL", "CFBundleShortVersionString"="0.9.0", "CFBun<…>
2026-09-14 10:44:09.793 Df PeachCommander[28138:169e3] (libMobileGestalt.dylib) Could not get size of EAN data (IOConnectCallScalarMethod kAppleNVMeEANGetSize returned 0xE00002E2)
2026-09-14 10:44:09.793 Df PeachCommander[28138:169e3] (libMobileGestalt.dylib) Failed to copy 'aptk' from EAN
2026-09-14 10:44:09.793 Df PeachCommander[28138:169e3] (libMobileGestalt.dylib) Failed to copy APTicket properties. Falling back to default policy.
2026-09-14 10:44:09.793 Df PeachCommander[28138:169e3] (libMobileGestalt.dylib) Creating default MGSysConfigPolicy
2026-09-14 10:44:09.794 Df PeachCommander[28138:169e3] (libMobileGestalt.dylib) CFDictionaryRef copySyscfgDictionary(void) enumeration of <private> failed.
2026-09-14 10:44:09.794 Df PeachCommander[28138:169e3] (libMobileGestalt.dylib) Failed to find key <private>
2026-09-14 10:44:09.794 I  PeachCommander[28138:169e7] [com.apple.launchservices:db] LaunchServices database schema version: 20971544
2026-09-14 10:44:09.794 Df PeachCommander[28138:169e3] [com.apple.AppKit:Appearance] Current system appearance, (HLTB: 1), (SLS: 0)
2026-09-14 10:44:09.795 Df PeachCommander[28138:169e3] [com.apple.AppKit:Appearance] Post-registration system appearance: (HLTB: 1)
2026-09-14 10:44:09.796 I  PeachCommander[28138:169e7] [com.apple.launchservices:default] Unable to load Info.plist exceptions (eGPUOverrides)
2026-09-14 10:44:09.796 I  PeachCommander[28138:169e7] [com.apple.launchservices:default] Unable to load Info.plist exceptions (gameModeOverrides)
2026-09-14 10:44:09.796 I  PeachCommander[28138:169e7] [com.apple.launchservices:default] Unable to load Info.plist exceptions (identifiedGameOverrides)
2026-09-14 10:44:09.796 I  PeachCommander[28138:169e7] [com.apple.launchservices:default] Unable to load Info.plist exceptions (SystemHiddenPreferred)
2026-09-14 10:44:09.797 Df PeachCommander[28138:169e3] [com.apple.FrontBoard:Common] FBSWorkspace: endpoint monitoring is disabled.
2026-09-14 10:44:09.797 Df PeachCommander[28138:169e3] [com.apple.FrontBoard:Common] FBSWorkspace: default shell endpoint is disabled.
2026-09-14 10:44:09.797 Df PeachCommander[28138:169e3] [com.apple.runningboard:connection] Initializing connection
2026-09-14 10:44:09.797 Df PeachCommander[28138:169e3] [com.apple.runningboard:process] Removing all cached process handles
2026-09-14 10:44:09.797 Df PeachCommander[28138:169e6] [com.apple.runningboard:connection] Sending handshake request attempt #1 to server
2026-09-14 10:44:09.797 Df PeachCommander[28138:169e6] [com.apple.runningboard:connection] Creating connection to com.apple.runningboard
2026-09-14 10:44:09.797 Df PeachCommander[28138:169e6] [com.apple.xpc:connection] [0x792ca8640] activating connection: mach=true listener=false peer=false name=com.apple.runningboard
2026-09-14 10:44:09.797 Df PeachCommander[28138:169e3] [com.apple.xpc:connection] [0x792ca8280] Connection returned listener port: 0x5403
2026-09-14 10:44:09.797 A  PeachCommander[28138:169e7] (RunningBoardServices) didChangeInheritances
2026-09-14 10:44:09.797 I  PeachCommander[28138:169e3] [com.apple.launchservices:cas] information in shared memory for 0x0-0x17a17a with seed 533 was still valid, so using cached info { "ApplicationType"="Foreground", "BuildMachineOSBuild"="25E246", "BundleIdentifierLowerCase"="com.peachcommander.app", "CFBundleDevelopmentRegion"="en", "CFBundleDocumentTypes"=( { "CFBundleTypeName"="Peach Commander Plugin Package", "CFBundleTypeRole"="Viewer", "LSHandlerRank"="Owner", "LSItemContentTypes"=( "com.peachcommander.plugin-package") }), "CFBundleExecutable"="PeachCommander", "CFBundleExecutablePath"="/Users/admin/pc-test/PeachCommander.app/Contents/MacOS/PeachCommander", "CFBundleExecutablePathDeviceID"=16777225, "CFBundleExecutablePathINode"=488026, "CFBundleHelpBookFolder"="PeachCommander.help", "CFBundleHelpBookName"="Peach Commander Help", "CFBundleIconFile"="AppIcon", "CFBundleIconName"="AppIcon", "CFBundleIdentifier"="com.peachcommander.app", "CFBundleInfoDictionaryVersion"="6.0", "CFBundleName"="PeachCommander", "CFBundleNameLowerCase"="peachcommander", "CFBundleNumericVersion"=402685952, "CFBundlePackageType"="APPL", "CFBundleShortVersionString"="0.9.0", "CFBun<…>
2026-09-14 10:44:09.797 Df PeachCommander[28138:169e6] [com.apple.runningboard:connection] Handshake succeeded
2026-09-14 10:44:09.797 Df PeachCommander[28138:169e6] [com.apple.runningboard:connection] Identity resolved as app<application.com.peachcommander.app.486930.488026(501)>
2026-09-14 10:44:09.798 Df PeachCommander[28138:169e3] [com.apple.xpc:connection] [0x792ca8280] Connection returned listener port: 0x5403
2026-09-14 10:44:09.799 A  PeachCommander[28138:169e8] (AppIntents) appintents:register process
2026-09-14 10:44:09.799 Df PeachCommander[28138:169e8] [com.apple.appintents:Connection] Created a new Process Instance Registry XPC connection (inactive)
2026-09-14 10:44:09.799 Df PeachCommander[28138:169e8] [com.apple.xpc:connection] [0x792ca8780] activating connection: mach=true listener=false peer=false name=com.apple.linkd.autoShortcut
2026-09-14 10:44:09.799 Df PeachCommander[28138:169e8] [com.apple.appintents:Connection] Activated connection to linkd (ApplicationService)
2026-09-14 10:44:09.799 Df PeachCommander[28138:169e8] [com.apple.xpc:connection] [0x792ca8a00] activating connection: mach=false listener=true peer=false name=(anonymous)
2026-09-14 10:44:09.799 I  PeachCommander[28138:169e3] [com.apple.launchservices:cas] information in shared memory for 0x0-0x17a17a with seed 533 was still valid, so using cached info { "ApplicationType"="Foreground", "BuildMachineOSBuild"="25E246", "BundleIdentifierLowerCase"="com.peachcommander.app", "CFBundleDevelopmentRegion"="en", "CFBundleDocumentTypes"=( { "CFBundleTypeName"="Peach Commander Plugin Package", "CFBundleTypeRole"="Viewer", "LSHandlerRank"="Owner", "LSItemContentTypes"=( "com.peachcommander.plugin-package") }), "CFBundleExecutable"="PeachCommander", "CFBundleExecutablePath"="/Users/admin/pc-test/PeachCommander.app/Contents/MacOS/PeachCommander", "CFBundleExecutablePathDeviceID"=16777225, "CFBundleExecutablePathINode"=488026, "CFBundleHelpBookFolder"="PeachCommander.help", "CFBundleHelpBookName"="Peach Commander Help", "CFBundleIconFile"="AppIcon", "CFBundleIconName"="AppIcon", "CFBundleIdentifier"="com.peachcommander.app", "CFBundleInfoDictionaryVersion"="6.0", "CFBundleName"="PeachCommander", "CFBundleNameLowerCase"="peachcommander", "CFBundleNumericVersion"=402685952, "CFBundlePackageType"="APPL", "CFBundleShortVersionString"="0.9.0", "CFBun<…>
2026-09-14 10:44:09.799 I  PeachCommander[28138:169e3] [com.apple.hiservices:processmgr] TransformProcessType(0x0,0x2 => 1 wasFront=1 pickNew=0)
2026-09-14 10:44:09.799 I  PeachCommander[28138:169e3] [com.apple.CoreAnalytics:client] Dropping "com.apple.appkit.app_config" as it isn't used in any transform (not in the config or budgeted?)
2026-09-14 10:44:09.800 I  PeachCommander[28138:169e8] [com.apple.appintents:Execution] LNAppConnectionListener instantiated
2026-09-14 10:44:09.800 Df PeachCommander[28138:169e8] [com.apple.xpc:connection] [0x792ca8a00] Connection returned listener port: 0x6e03
2026-09-14 10:44:09.800 Df PeachCommander[28138:169e3] [com.apple.dt.xctest:Default] Registering for test daemon availability notify post.
2026-09-14 10:44:09.800 Df PeachCommander[28138:169e7] [com.apple.xpc:connection] [0x792ca8780] Re-initialization successful; calling out to event handler with XPC_ERROR_CONNECTION_INTERRUPTED
2026-09-14 10:44:09.800 Df PeachCommander[28138:169e7] [com.apple.appintents:Connection] Process Instance Registry XPC connection has been interrupted
2026-09-14 10:44:09.800 Df PeachCommander[28138:169e3] [com.apple.dt.xctest:Default] notify_get_state check indicated test daemon not ready.
2026-09-14 10:44:09.800 Df PeachCommander[28138:169e3] [com.apple.dt.xctest:Default] notify_get_state check indicated test daemon not ready.
2026-09-14 10:44:09.800 Df PeachCommander[28138:169e7] [com.apple.appintents:Connection] Created a new Process Instance Registry XPC connection (inactive)
2026-09-14 10:44:09.800 A  PeachCommander[28138:169e7] (AppIntents) appintents:register process
2026-09-14 10:44:09.800 Df PeachCommander[28138:169e3] [com.apple.dt.xctest:Default] notify_get_state check indicated test daemon not ready.
2026-09-14 10:44:09.800 E  PeachCommander[28138:169e8] [com.apple.appintents:Connection] Unable to get synchronousRemoteObjectProxy, error: Error Domain=NSCocoaErrorDomain Code=4097 "connection to service named com.apple.linkd.autoShortcut" UserInfo={NSDebugDescription=connection to service named com.apple.linkd.autoShortcut}
2026-09-14 10:44:09.800 E  PeachCommander[28138:169e8] [com.apple.AppKit:Application] Error registering app with intents framework: Error Domain=NSCocoaErrorDomain Code=4097 UserInfo={NSDebugDescription=<private>}
2026-09-14 10:44:09.800 Df PeachCommander[28138:169e7] [com.apple.appintents:Connection] Created a new Process Instance Registry XPC connection (inactive)
2026-09-14 10:44:09.800 Df PeachCommander[28138:169e7] [com.apple.xpc:connection] [0x792ca8c80] activating connection: mach=true listener=false peer=false name=com.apple.linkd.autoShortcut
2026-09-14 10:44:09.801 Df PeachCommander[28138:169e7] [com.apple.appintents:Connection] Activated connection to linkd (ApplicationService)
2026-09-14 10:44:09.801 Df PeachCommander[28138:169e7] [com.apple.xpc:connection] [0x792ca8a00] Connection returned listener port: 0x6e03
2026-09-14 10:44:09.802 Df PeachCommander[28138:169e8] [com.apple.xpc:connection] [0x792ca8c80] Re-initialization successful; calling out to event handler with XPC_ERROR_CONNECTION_INTERRUPTED
2026-09-14 10:44:09.802 Df PeachCommander[28138:169e8] [com.apple.appintents:Connection] Process Instance Registry XPC connection has been interrupted
2026-09-14 10:44:09.803 E  PeachCommander[28138:169e7] [com.apple.appintents:Connection] Unable to get synchronousRemoteObjectProxy, error: Error Domain=NSCocoaErrorDomain Code=4097 "connection to service named com.apple.linkd.autoShortcut" UserInfo={NSDebugDescription=connection to service named com.apple.linkd.autoShortcut}
2026-09-14 10:44:09.803 E  PeachCommander[28138:169e7] [com.apple.appintents:Connection] Unable to re-register with Process Instance Registry, error: Error Domain=NSCocoaErrorDomain Code=4097 "connection to service named com.apple.linkd.autoShortcut" UserInfo={NSDebugDescription=connection to service named com.apple.linkd.autoShortcut}
2026-09-14 10:44:09.803 Df PeachCommander[28138:169e8] [com.apple.appintents:Connection] Created a new Process Instance Registry XPC connection (inactive)
2026-09-14 10:44:09.803 A  PeachCommander[28138:169e8] (AppIntents) appintents:register process
2026-09-14 10:44:09.803 Df PeachCommander[28138:169e8] [com.apple.appintents:Connection] Created a new Process Instance Registry XPC connection (inactive)
2026-09-14 10:44:09.803 Df PeachCommander[28138:169e8] [com.apple.xpc:connection] [0x792ca92c0] activating connection: mach=true listener=false peer=false name=com.apple.linkd.autoShortcut
2026-09-14 10:44:09.803 Df PeachCommander[28138:169e8] [com.apple.appintents:Connection] Activated connection to linkd (ApplicationService)
2026-09-14 10:44:09.803 Df PeachCommander[28138:169e8] [com.apple.xpc:connection] [0x792ca8a00] Connection returned listener port: 0x6e03
2026-09-14 10:44:09.803 Df PeachCommander[28138:169e7] [com.apple.xpc:connection] [0x792ca92c0] Re-initialization successful; calling out to event handler with XPC_ERROR_CONNECTION_INTERRUPTED
2026-09-14 10:44:09.803 Df PeachCommander[28138:169e7] [com.apple.appintents:Connection] Process Instance Registry XPC connection has been interrupted
2026-09-14 10:44:09.803 E  PeachCommander[28138:169e8] [com.apple.appintents:Connection] Unable to get synchronousRemoteObjectProxy, error: Error Domain=NSCocoaErrorDomain Code=4097 "connection to service named com.apple.linkd.autoShortcut" UserInfo={NSDebugDescription=connection to service named com.apple.linkd.autoShortcut}
2026-09-14 10:44:09.803 E  PeachCommander[28138:169e8] [com.apple.appintents:Connection] Unable to re-register with Process Instance Registry, error: Error Domain=NSCocoaErrorDomain Code=4097 "connection to service named com.apple.linkd.autoShortcut" UserInfo={NSDebugDescription=connection to service named com.apple.linkd.autoShortcut}
2026-09-14 10:44:09.805 Df PeachCommander[28138:169e7] [com.apple.appintents:Connection] Created a new Process Instance Registry XPC connection (inactive)
2026-09-14 10:44:09.805 A  PeachCommander[28138:169e3] (CoreFoundation) Loading Preferences From System CFPrefsD
2026-09-14 10:44:09.805 A  PeachCommander[28138:169e7] (AppIntents) appintents:register process
2026-09-14 10:44:09.805 Df PeachCommander[28138:169e7] [com.apple.appintents:Connection] Created a new Process Instance Registry XPC connection (inactive)
2026-09-14 10:44:09.805 Df PeachCommander[28138:169e7] [com.apple.xpc:connection] [0x792ca9540] activating connection: mach=true listener=false peer=false name=com.apple.linkd.autoShortcut
2026-09-14 10:44:09.805 Df PeachCommander[28138:169e7] [com.apple.appintents:Connection] Activated connection to linkd (ApplicationService)
2026-09-14 10:44:09.805 Df PeachCommander[28138:169e7] [com.apple.xpc:connection] [0x792ca8a00] Connection returned listener port: 0x6e03
2026-09-14 10:44:09.805 Df PeachCommander[28138:169e3] (libMobileGestalt.dylib) couldn't load support library
2026-09-14 10:44:09.805 Df PeachCommander[28138:169e3] (libMobileGestalt.dylib) called dummy function!
2026-09-14 10:44:09.805 Df PeachCommander[28138:169e8] [com.apple.xpc:connection] [0x792ca9540] Re-initialization successful; calling out to event handler with XPC_ERROR_CONNECTION_INTERRUPTED
2026-09-14 10:44:09.805 Df PeachCommander[28138:169e8] [com.apple.appintents:Connection] Process Instance Registry XPC connection has been interrupted
2026-09-14 10:44:09.805 E  PeachCommander[28138:169e8] [com.apple.appintents:Connection] Will NOT re-try to establish the connection
2026-09-14 10:44:09.805 E  PeachCommander[28138:169e7] [com.apple.appintents:Connection] Unable to get synchronousRemoteObjectProxy, error: Error Domain=NSCocoaErrorDomain Code=4097 "connection to service named com.apple.linkd.autoShortcut" UserInfo={NSDebugDescription=connection to service named com.apple.linkd.autoShortcut}
2026-09-14 10:44:09.805 E  PeachCommander[28138:169e7] [com.apple.appintents:Connection] Unable to re-register with Process Instance Registry, error: Error Domain=NSCocoaErrorDomain Code=4097 "connection to service named com.apple.linkd.autoShortcut" UserInfo={NSDebugDescription=connection to service named com.apple.linkd.autoShortcut}
2026-09-14 10:44:09.805 I  PeachCommander[28138:169e3] [com.apple.GenerativeModels:availability] Current availability state: unavailable, use cases: com.apple.WritingTools, language: <any>, api: <private>
2026-09-14 10:44:09.805 Df PeachCommander[28138:169e3] [com.apple.GenerativeModels:availability] registering darwin observer for name: com.apple.gms.availability.notification
2026-09-14 10:44:09.805 Df PeachCommander[28138:169e3] [com.apple.GenerativeModels:availability] registering darwin observer for name: com.apple.os-eligibility-domain.change.greymatter
2026-09-14 10:44:09.805 Df PeachCommander[28138:169e3] [com.apple.GenerativeModels:availability] registering darwin observer for name: com.apple.language.changed
2026-09-14 10:44:09.805 Df PeachCommander[28138:169e3] [com.apple.WritingTools:Default] isAvailable value changed: isMDMAllowed = true, gmAvailable (current) = false
2026-09-14 10:44:09.807 I  PeachCommander[28138:169e3] [com.apple.CoreAnalytics:client] Dropping "com.apple.appkit.app_config" as it isn't used in any transform (not in the config or budgeted?)
2026-09-14 10:44:09.810 Df PeachCommander[28138:169e3] [com.apple.AppKit:Appearance] NSApp cache appearance:
-NSRequiresAquaSystemAppearance: 0
-appearance: (null)
-effectiveAppearance: <NSCompositeAppearance: 0x793024460
 (
    "<NSAquaAppearance: 0x793024500>",
    "<NSSystemAppearance: 0x7930246e0>"
)>
2026-09-14 10:44:09.813 A  PeachCommander[28138:169e3] (CoreFoundation) Loading Preferences From User CFPrefsD
2026-09-14 10:44:09.813 A  PeachCommander[28138:169e3] (CoreFoundation) Loading Preferences From User CFPrefsD
2026-09-14 10:44:09.816 A  PeachCommander[28138:169e8] (libsystem_info.dylib) Membership API: translate identifier
2026-09-14 10:44:09.819 I  PeachCommander[28138:169e3] [com.apple.CoreAnalytics:client] Dropping "com.apple.appkit.app_config" as it isn't used in any transform (not in the config or budgeted?)
2026-09-14 10:44:09.819 I  PeachCommander[28138:169e3] [com.apple.CoreAnalytics:client] Dropping "com.apple.appkit.app_config" as it isn't used in any transform (not in the config or budgeted?)
2026-09-14 10:44:09.820 Df PeachCommander[28138:169e7] [com.apple.xpc:connection] [0x792ca9a40] activating connection: mach=true listener=false peer=false name=com.apple.dock.fullscreen
2026-09-14 10:44:09.821 Df PeachCommander[28138:169e3] [com.apple.xpc:connection] [0x792ca9b80] activating connection: mach=true listener=false peer=false name=com.apple.fonts
2026-09-14 10:44:09.823 I  PeachCommander[28138:169e3] [com.apple.launchservices:cas] information in shared memory for 0x0-0x17a17a with seed 533 was still valid, so using cached info { "ApplicationType"="Foreground", "BuildMachineOSBuild"="25E246", "BundleIdentifierLowerCase"="com.peachcommander.app", "CFBundleDevelopmentRegion"="en", "CFBundleDocumentTypes"=( { "CFBundleTypeName"="Peach Commander Plugin Package", "CFBundleTypeRole"="Viewer", "LSHandlerRank"="Owner", "LSItemContentTypes"=( "com.peachcommander.plugin-package") }), "CFBundleExecutable"="PeachCommander", "CFBundleExecutablePath"="/Users/admin/pc-test/PeachCommander.app/Contents/MacOS/PeachCommander", "CFBundleExecutablePathDeviceID"=16777225, "CFBundleExecutablePathINode"=488026, "CFBundleHelpBookFolder"="PeachCommander.help", "CFBundleHelpBookName"="Peach Commander Help", "CFBundleIconFile"="AppIcon", "CFBundleIconName"="AppIcon", "CFBundleIdentifier"="com.peachcommander.app", "CFBundleInfoDictionaryVersion"="6.0", "CFBundleName"="PeachCommander", "CFBundleNameLowerCase"="peachcommander", "CFBundleNumericVersion"=402685952, "CFBundlePackageType"="APPL", "CFBundleShortVersionString"="0.9.0", "CFBun<…>
2026-09-14 10:44:09.823 I  PeachCommander[28138:169e3] [com.apple.CoreAnalytics:client] Dropping "com.apple.appkit.app_config" as it isn't used in any transform (not in the config or budgeted?)
2026-09-14 10:44:09.823 Df PeachCommander[28138:169e3] [com.apple.AppKit:AutomaticTermination] -[NSApplication(NSAppssassination) _checkForAutomaticTerminationSupportPossiblyEnablingIt]_block_invoke Enabling automatic termination support.
2026-09-14 10:44:09.823 Df PeachCommander[28138:169e3] [com.apple.xpc:connection] [0x792ca8f00] activating connection: mach=true listener=false peer=false name=com.apple.appkit.restoration_storage
2026-09-14 10:44:09.824 I  PeachCommander[28138:169e3] [com.apple.launchservices:cas] information in shared memory for 0x0-0x17a17a with seed 533 was still valid, so using cached info { "ApplicationType"="Foreground", "BuildMachineOSBuild"="25E246", "BundleIdentifierLowerCase"="com.peachcommander.app", "CFBundleDevelopmentRegion"="en", "CFBundleDocumentTypes"=( { "CFBundleTypeName"="Peach Commander Plugin Package", "CFBundleTypeRole"="Viewer", "LSHandlerRank"="Owner", "LSItemContentTypes"=( "com.peachcommander.plugin-package") }), "CFBundleExecutable"="PeachCommander", "CFBundleExecutablePath"="/Users/admin/pc-test/PeachCommander.app/Contents/MacOS/PeachCommander", "CFBundleExecutablePathDeviceID"=16777225, "CFBundleExecutablePathINode"=488026, "CFBundleHelpBookFolder"="PeachCommander.help", "CFBundleHelpBookName"="Peach Commander Help", "CFBundleIconFile"="AppIcon", "CFBundleIconName"="AppIcon", "CFBundleIdentifier"="com.peachcommander.app", "CFBundleInfoDictionaryVersion"="6.0", "CFBundleName"="PeachCommander", "CFBundleNameLowerCase"="peachcommander", "CFBundleNumericVersion"=402685952, "CFBundlePackageType"="APPL", "CFBundleShortVersionString"="0.9.0", "CFBun<…>
2026-09-14 10:44:09.824 Df PeachCommander[28138:169e3] [com.apple.xpc:connection] [0x792ca9040] activating connection: mach=true listener=false peer=false name=com.apple.coreservices.appleevents
2026-09-14 10:44:09.824 I  PeachCommander[28138:169e3] [com.apple.appleevents:main] _AEGetRegisteredMachPort() created default port (port:45059/0xb003 rcv:1 send:1 limit:5) and registered it with server
2026-09-14 10:44:09.824 Df PeachCommander[28138:169e3] [com.apple.xpc:connection] [0x792ca8280] Connection returned listener port: 0x5403
2026-09-14 10:44:09.824 I  PeachCommander[28138:169e3] [com.apple.launchservices:cas] information in shared memory for 0x0-0x17a17a with seed 533 was still valid, so using cached info { "ApplicationType"="Foreground", "BuildMachineOSBuild"="25E246", "BundleIdentifierLowerCase"="com.peachcommander.app", "CFBundleDevelopmentRegion"="en", "CFBundleDocumentTypes"=( { "CFBundleTypeName"="Peach Commander Plugin Package", "CFBundleTypeRole"="Viewer", "LSHandlerRank"="Owner", "LSItemContentTypes"=( "com.peachcommander.plugin-package") }), "CFBundleExecutable"="PeachCommander", "CFBundleExecutablePath"="/Users/admin/pc-test/PeachCommander.app/Contents/MacOS/PeachCommander", "CFBundleExecutablePathDeviceID"=16777225, "CFBundleExecutablePathINode"=488026, "CFBundleHelpBookFolder"="PeachCommander.help", "CFBundleHelpBookName"="Peach Commander Help", "CFBundleIconFile"="AppIcon", "CFBundleIconName"="AppIcon", "CFBundleIdentifier"="com.peachcommander.app", "CFBundleInfoDictionaryVersion"="6.0", "CFBundleName"="PeachCommander", "CFBundleNameLowerCase"="peachcommander", "CFBundleNumericVersion"=402685952, "CFBundlePackageType"="APPL", "CFBundleShortVersionString"="0.9.0", "CFBun<…>
2026-09-14 10:44:09.824 Df PeachCommander[28138:169e3] [com.apple.processmanager:front-35286506] SignalReady: pid=28138 asn=0x0-0x17a17a
2026-09-14 10:44:09.824 Df PeachCommander[28138:169e3] [com.apple.processmanager:front-35286506] SIGNAL: pid=28138 asn=0x0x-0x17a17a
2026-09-14 10:44:09.824 I  PeachCommander[28138:169e3] [com.apple.appleevents:main] aeGenerateFakeFirstOAPPEventIfNecessary()
2026-09-14 10:44:09.824 I  PeachCommander[28138:169e3] [com.apple.appleevents:main] aeGenerateFakeFirstOAPPEventIfNecessary(), needToCreateFakeOAPPEventIfFirstEvent == true
2026-09-14 10:44:09.824 I  PeachCommander[28138:169e3] [com.apple.launchservices:cas] Removing cached information for app [ 0x0-0x17a17a]  "PeachCommander", as its seed is different from that in shared memory ( 533 vs 535)
2026-09-14 10:44:09.825 I  PeachCommander[28138:169e3] [com.apple.CFPasteboard:entry] CopyData('DefaultAsciiKeyboardLayoutPasteboard' (<CFUUID 0x792e728a0> B8EAE99D-5F8D-44F4-A67F-FEA70A60D1EE) gen: -1 item: 1264739405 flavor: 'DefaultAsciiKeyboardLayoutFlavor')
2026-09-14 10:44:09.825 I  PeachCommander[28138:169e3] [com.apple.CFPasteboard:cache] Rebuilding cache for 'DefaultAsciiKeyboardLayoutPasteboard' (<CFUUID 0x792e728a0> B8EAE99D-5F8D-44F4-A67F-FEA70A60D1EE)
2026-09-14 10:44:09.825 I  PeachCommander[28138:169e3] [com.apple.CFPasteboard:exit] (not-in-cache) - result: -8 generation: 0 null data flags: 0
2026-09-14 10:44:09.825 A  PeachCommander[28138:169e3] (CoreFoundation) Loading Preferences From User CFPrefsD
2026-09-14 10:44:09.825 A  PeachCommander[28138:169e3] (CoreFoundation) Loading Preferences From System CFPrefsD
2026-09-14 10:44:09.826 I  PeachCommander[28138:169e3] [com.apple.CFPasteboard:entry] CopyData('AppleIntlFileCacheModificationDatePasteboard' (<CFUUID 0x792e727c0> 804DB8D6-5484-4707-A184-3A6AFDD67A98) gen: -1 item: 1 flavor: '-32766 1768845414')
2026-09-14 10:44:09.826 I  PeachCommander[28138:169e3] [com.apple.CFPasteboard:cache] Rebuilding cache for 'AppleIntlFileCacheModificationDatePasteboard' (<CFUUID 0x792e727c0> 804DB8D6-5484-4707-A184-3A6AFDD67A98)
2026-09-14 10:44:09.826 I  PeachCommander[28138:169e3] [com.apple.CFPasteboard:general] Will request data from daemon
2026-09-14 10:44:09.826 I  PeachCommander[28138:169e3] [com.apple.CFPasteboard:exit] (not-in-cache) - result: 0 generation: 1 data (310 bytes) flags: 0
2026-09-14 10:44:09.826 I  PeachCommander[28138:169e3] [com.apple.CFPasteboard:entry] CopyData('AppleIntlFileCacheModificationDatePasteboard' (<CFUUID 0x792e727c0> 804DB8D6-5484-4707-A184-3A6AFDD67A98) gen: -1 item: 1 flavor: '-32765 1802264953')
2026-09-14 10:44:09.826 I  PeachCommander[28138:169e3] [com.apple.CFPasteboard:general] Will request data from daemon
2026-09-14 10:44:09.826 I  PeachCommander[28138:169e3] [com.apple.CFPasteboard:exit] (not-in-cache) - result: 0 generation: 1 data (306 bytes) flags: 0
2026-09-14 10:44:09.826 I  PeachCommander[28138:169e3] [com.apple.CFPasteboard:entry] CopyData('AppleIntlFileCacheModificationDatePasteboard' (<CFUUID 0x792e727c0> 804DB8D6-5484-4707-A184-3A6AFDD67A98) gen: -1 item: 1 flavor: '-32764 1802264953')
2026-09-14 10:44:09.826 I  PeachCommander[28138:169e3] [com.apple.CFPasteboard:general] Will request data from daemon
2026-09-14 10:44:09.826 I  PeachCommander[28138:169e3] [com.apple.CFPasteboard:exit] (not-in-cache) - result: 0 generation: 1 data (281 bytes) flags: 0
2026-09-14 10:44:09.826 I  PeachCommander[28138:169e3] [com.apple.CFPasteboard:entry] CopyData('AppleIntlFileCacheModificationDatePasteboard' (<CFUUID 0x792e727c0> 804DB8D6-5484-4707-A184-3A6AFDD67A98) gen: -1 item: 1 flavor: '-32763 1802264953')
2026-09-14 10:44:09.826 I  PeachCommander[28138:169e3] [com.apple.CFPasteboard:general] Will request data from daemon
2026-09-14 10:44:09.826 I  PeachCommander[28138:169e3] [com.apple.CFPasteboard:exit] (not-in-cache) - result: 0 generation: 1 data (318 bytes) flags: 0
2026-09-14 10:44:09.826 I  PeachCommander[28138:169e3] [com.apple.CFPasteboard:entry] CopyData('AppleIntlFileCacheModificationDatePasteboard' (<CFUUID 0x792e727c0> 804DB8D6-5484-4707-A184-3A6AFDD67A98) gen: -1 item: 1 flavor: '-32765 1768845414')
2026-09-14 10:44:09.826 I  PeachCommander[28138:169e3] [com.apple.CFPasteboard:general] Will request data from daemon
2026-09-14 10:44:09.826 I  PeachCommander[28138:169e3] [com.apple.CFPasteboard:exit] (not-in-cache) - result: 0 generation: 1 data (303 bytes) flags: 0
2026-09-14 10:44:09.826 I  PeachCommander[28138:169e3] [com.apple.CFPasteboard:entry] CopyData('AppleIntlFileCacheModificationDatePasteboard' (<CFUUID 0x792e727c0> 804DB8D6-5484-4707-A184-3A6AFDD67A98) gen: -1 item: 1 flavor: '-32763 1768845414')
2026-09-14 10:44:09.826 I  PeachCommander[28138:169e3] [com.apple.CFPasteboard:general] Will request data from daemon
2026-09-14 10:44:09.826 I  PeachCommander[28138:169e3] [com.apple.CFPasteboard:exit] (not-in-cache) - result: 0 generation: 1 data (315 bytes) flags: 0
2026-09-14 10:44:09.827 I  PeachCommander[28138:169e3] [com.apple.launchservices:cas] information in shared memory for 0x0-0x17a17a with seed 535 was still valid, so using cached info { "ApplicationType"="Foreground", "BuildMachineOSBuild"="25E246", "BundleIdentifierLowerCase"="com.peachcommander.app", "CFBundleDevelopmentRegion"="en", "CFBundleDocumentTypes"=( { "CFBundleTypeName"="Peach Commander Plugin Package", "CFBundleTypeRole"="Viewer", "LSHandlerRank"="Owner", "LSItemContentTypes"=( "com.peachcommander.plugin-package") }), "CFBundleExecutable"="PeachCommander", "CFBundleExecutablePath"="/Users/admin/pc-test/PeachCommander.app/Contents/MacOS/PeachCommander", "CFBundleExecutablePathDeviceID"=16777225, "CFBundleExecutablePathINode"=488026, "CFBundleHelpBookFolder"="PeachCommander.help", "CFBundleHelpBookName"="Peach Commander Help", "CFBundleIconFile"="AppIcon", "CFBundleIconName"="AppIcon", "CFBundleIdentifier"="com.peachcommander.app", "CFBundleInfoDictionaryVersion"="6.0", "CFBundleName"="PeachCommander", "CFBundleNameLowerCase"="peachcommander", "CFBundleNumericVersion"=402685952, "CFBundlePackageType"="APPL", "CFBundleShortVersionString"="0.9.0", "CFBun<…>
2026-09-14 10:44:09.827 Df PeachCommander[28138:169e3] [com.apple.xpc:connection] [0x792ca9e00] activating connection: mach=false listener=false peer=false name=com.apple.ViewBridgeAuxiliary
2026-09-14 10:44:09.832 Df PeachCommander[28138:169e3] [com.apple.xpc:connection] [0x792ca9cc0] activating connection: mach=false listener=false peer=false name=(anonymous)
2026-09-14 10:44:09.832 Df PeachCommander[28138:169e3] [com.apple.xpc:connection] [0x792ca9f40] activating connection: mach=false listener=true peer=false name=(anonymous)
2026-09-14 10:44:09.832 Df PeachCommander[28138:169e3] [com.apple.xpc:connection] [0x792ca9f40] Connection returned listener port: 0xb803
2026-09-14 10:44:09.833 Df PeachCommander[28138:169e3] [com.apple.xpc:connection] [0x792ca9e00] invalidated after the last release of the connection object
2026-09-14 10:44:09.833 I  PeachCommander[28138:169e3] [com.apple.showhide:pr-59900543] SHOWHIDE: SHOW id=632 0x0-0x17A17A, err=0 eventTime=1931281142000 windowID=0
2026-09-14 10:44:09.833 I  PeachCommander[28138:169e3] [com.apple.CarbonCore:coreservicesdaemon] findOrCreateCacheable():findOrCreateCacheable(), factoryName=3 cacheableName=<private> fCacheables.size()=0
2026-09-14 10:44:09.833 I  PeachCommander[28138:169e3] [com.apple.CarbonCore:coreservicesdaemon] findOrCreateCacheable():findOrCreateCacheable(), result = 0x793370f80 (should be non-NULL)
2026-09-14 10:44:09.833 Df PeachCommander[28138:169e3] [com.apple.AppKit:AutomaticTermination] void _NSDisableAutomaticTerminationAndLog(NSString *) Restoring windows
2026-09-14 10:44:09.833 Df PeachCommander[28138:169e3] [com.apple.AppKit:StateRestoration] -[NSApplication _reopenWindowsAsNecessaryIncludingRestorableState:withFullFidelity:completionHandler:] shouldRestoreState=1 hasPersistentStateToRestore=0 shouldStillRestoreStateAfterPrompting=0
2026-09-14 10:44:09.833 Df PeachCommander[28138:169e3] [com.apple.xpc:connection] [0x792ca9e00] activating connection: mach=true listener=false peer=false name=com.apple.window_proxies
2026-09-14 10:44:09.833 Df PeachCommander[28138:169e3] [com.apple.xpc:connection] [0x792ca9e00] invalidated because the current process cancelled the connection by calling xpc_connection_cancel()
2026-09-14 10:44:09.834 I  PeachCommander[28138:169e3] [com.apple.SkyLight:processes] 0[outside of RPC]: SLSSetFrontProcessWithInfo(0x0-0x2 window=0 options=0x1
2026-09-14 10:44:09.834 I  PeachCommander[28138:169e3] [com.apple.CoreAnalytics:client] Dropping "com.apple.appkit.app_config" as it isn't used in any transform (not in the config or budgeted?)
2026-09-14 10:44:09.834 Df PeachCommander[28138:169e3] [com.apple.AppKit:AutomaticTermination] void _NSEnableAutomaticTerminationAndLog(NSString *) Restoring windows
2026-09-14 10:44:09.836 I  PeachCommander[28138:169e3] [com.apple.CoreAnalytics:client] Dropping "com.apple.appkit.app_config" as it isn't used in any transform (not in the config or budgeted?)
2026-09-14 10:44:09.837 I  PeachCommander[28138:169e3] [com.apple.CoreAnalytics:client] Dropping "com.apple.appkit.app_config" as it isn't used in any transform (not in the config or budgeted?)
2026-09-14 10:44:09.845 A  PeachCommander[28138:169e3] (CoreFoundation) Loading Preferences From User CFPrefsD
2026-09-14 10:44:09.851 I  PeachCommander[28138:169e3] [com.peachcommander:PCFoundation] VolumeManager initialized
2026-09-14 10:44:09.867 Df PeachCommander[28138:169e3] [com.apple.BoardServices:XPCErrors] [C:1] Alloc <private>
2026-09-14 10:44:09.867 Df PeachCommander[28138:169e3] [com.apple.xpc:connection] [0x792f25180] activating connection: mach=false listener=false peer=false name=(anonymous)
2026-09-14 10:44:09.869 I  PeachCommander[28138:169e3] [com.apple.AppKit:Window] context (0 -> 54a4bdd7) for window 5fa
2026-09-14 10:44:09.869 A  PeachCommander[28138:169e6] (RunningBoardServices) didChangeInheritances
2026-09-14 10:44:09.869 Df PeachCommander[28138:169e6] [com.apple.corespotlight:index] (<private>) deleteSearchableItemsWithDomainIdentifiers, protectionClass:(null), domainIdentifiers number:1
2026-09-14 10:44:09.869 A  PeachCommander[28138:169e6] (CoreSpotlight) delete-domains
2026-09-14 10:44:09.870 Df PeachCommander[28138:169ea] [com.apple.corespotlight:index] CSInlineDonation:<private>: Skipping donation (feature flag disabled)
2026-09-14 10:44:09.870 Df PeachCommander[28138:169ea] (CoreSpotlight) sConnectionName: com.apple.spotlight.IndexAgent
2026-09-14 10:44:09.870 Df PeachCommander[28138:169ea] (CoreSpotlight) Start service name com.apple.spotlight.IndexAgent
2026-09-14 10:44:09.870 I  PeachCommander[28138:169e3] [com.peachcommander:PCFoundation] MainWindowController initialized (config: <private>)
2026-09-14 10:44:09.870 Df PeachCommander[28138:169ea] [com.apple.xpc:connection] [0x792f25400] activating connection: mach=true listener=false peer=false name=com.apple.spotlight.IndexAgent
2026-09-14 10:44:09.870 I  PeachCommander[28138:169e3] [com.peachcommander:PCFoundation] SelectionState initialized
2026-09-14 10:44:09.870 I  PeachCommander[28138:169e3] [com.peachcommander:PCFoundation] DirectoryModel initialized
2026-09-14 10:44:09.870 I  PeachCommander[28138:169e3] [com.peachcommander:PCFoundation] VolumeManager initialized
2026-09-14 10:44:09.870 I  PeachCommander[28138:169e3] [com.peachcommander:PCFoundation] PanelController initialized for <private> panel
2026-09-14 10:44:09.871 I  PeachCommander[28138:169e3] [com.peachcommander:PCFoundation] SelectionState initialized
2026-09-14 10:44:09.871 I  PeachCommander[28138:169e3] [com.peachcommander:PCFoundation] DirectoryModel initialized
2026-09-14 10:44:09.871 I  PeachCommander[28138:169e3] [com.peachcommander:PCFoundation] VolumeManager initialized
2026-09-14 10:44:09.871 I  PeachCommander[28138:169e3] [com.peachcommander:PCFoundation] PanelController initialized for <private> panel
2026-09-14 10:44:09.874 I  PeachCommander[28138:169e3] [com.apple.AppKit:Animation] Running new animation: <private>
2026-09-14 10:44:09.874 I  PeachCommander[28138:169e3] [com.apple.AppKit:Animation] Running new animation: <private>
2026-09-14 10:44:09.874 I  PeachCommander[28138:169e3] [com.apple.AppKit:Animation] Running new animation: <private>
2026-09-14 10:44:09.874 I  PeachCommander[28138:169e3] [com.apple.AppKit:Animation] Running new animation: <private>
2026-09-14 10:44:09.874 I  PeachCommander[28138:169e3] [com.apple.AppKit:Animation] Running new animation: <private>
2026-09-14 10:44:09.875 I  PeachCommander[28138:169e3] [com.apple.AppKit:Animation] Running new animation: <private>
2026-09-14 10:44:09.875 I  PeachCommander[28138:169e3] [com.apple.AppKit:Animation] Running new animation: <private>
2026-09-14 10:44:09.875 I  PeachCommander[28138:169e3] [com.apple.AppKit:Animation] Running new animation: <private>
2026-09-14 10:44:09.875 I  PeachCommander[28138:169e3] [com.apple.AppKit:Animation] Running new animation: <private>
2026-09-14 10:44:09.875 I  PeachCommander[28138:169e3] [com.apple.AppKit:Animation] Running new animation: <private>
2026-09-14 10:44:09.882 I  PeachCommander[28138:169e3] [com.apple.CoreAnalytics:client] Dropping "com.apple.appkit.app_config" as it isn't used in any transform (not in the config or budgeted?)
2026-09-14 10:44:09.884 I  PeachCommander[28138:169e3] [com.apple.CoreAnalytics:client] Dropping "com.apple.appkit.app_config" as it isn't used in any transform (not in the config or budgeted?)
2026-09-14 10:44:09.887 I  PeachCommander[28138:169e3] [com.apple.launchservices:datasep] application record search init. Node: <FSNode 0x7936ceb60> { isDir = ?, path = <private> } bundleID: (null) itemID: 0
2026-09-14 10:44:09.888 I  PeachCommander[28138:169e3] [com.apple.GenerativeModels:availability] Current availability state: unavailable, use cases: com.apple.Settings.AppleIntelligence,com.apple.Siri.NLRouter, language: en, api: <private>
2026-09-14 10:44:09.888 Df PeachCommander[28138:169e3] [com.apple.GenerativeModels:availability] isOkayToHaveAsset: False
2026-09-14 10:44:09.888 E  PeachCommander[28138:169e3] [com.apple.siri:Utility] AFIsDeviceGreymatterEligible Missing entitlements for os_eligibility lookup
2026-09-14 10:44:09.888 I  PeachCommander[28138:169e3] [com.apple.GenerativeModels:availability] Current availability state: unavailable, use cases: com.apple.Settings.AppleIntelligence, language: en, api: <private>
2026-09-14 10:44:09.888 Df PeachCommander[28138:169e3] [com.apple.GenerativeModels:availability] isOkayToHaveAsset: False
2026-09-14 10:44:09.888 Df PeachCommander[28138:169e3] [com.apple.siri:Utility] -[AFSystemAssistantExperienceStatusManager fetchGenerativeModelsAvailability] #SAEStatus #cacheUpdate Updating cache:
deviceSupportsSAE: 0 (0)
       saeEnabled: 0 (0)
     saeAvailable: 0 (0)
      swaiEnabled: 0 (0)
        viEnabled: 0 (0)
        siriAvailability:
        <private>
        ((null))
2026-09-14 10:44:09.888 Df PeachCommander[28138:169e3] [com.apple.xpc:connection] [0x7924d0140] activating connection: mach=true listener=false peer=false name=com.apple.iconservices
2026-09-14 10:44:09.888 Df PeachCommander[28138:169e3] [com.apple.xpc:connection] [0x7924d0280] activating connection: mach=true listener=false peer=false name=com.apple.iconservices.store
2026-09-14 10:44:09.893 I  PeachCommander[28138:169e3] [com.peachcommander:Theme] no user themes in /Users/admin/pc-cfg/themes
2026-09-14 10:44:09.893 Df PeachCommander[28138:169e3] [com.apple.AppKit:Appearance] Invalidate NSApp effectiveAppearance
2026-09-14 10:44:09.893 Df PeachCommander[28138:169e3] [com.apple.AppKit:Appearance] NSApp cache appearance:
-NSRequiresAquaSystemAppearance: 0
-appearance: (null)
-effectiveAppearance: <NSCompositeAppearance: 0x793024460
 (
    "<NSAquaAppearance: 0x793024500>",
    "<NSSystemAppearance: 0x7930246e0>"
)>
2026-09-14 10:44:09.893 A  PeachCommander[28138:169ea] (libsystem_info.dylib) Retrieve Group by ID
2026-09-14 10:44:09.893 I  PeachCommander[28138:169e3] [com.peachcommander:PCFoundation] Theme applied: id=system, appearance=system, dark=false, background=#FFFFFF
2026-09-14 10:44:09.919 I  PeachCommander[28138:169e3] [com.apple.iconservices:foundation] layer data size zero
2026-09-14 10:44:09.919 I  PeachCommander[28138:169e3] [com.apple.CoreAnalytics:client] Dropping "com.apple.appkit.app_config" as it isn't used in any transform (not in the config or budgeted?)
2026-09-14 10:44:09.922 I  PeachCommander[28138:169e3] [com.peachcommander:PCFoundation] Keymap loaded: scheme=<private>, 82 effective bindings
2026-09-14 10:44:09.923 I  PeachCommander[28138:169e3] [com.apple.AppKit:Animation] Running new animation: <private>
2026-09-14 10:44:09.923 I  PeachCommander[28138:169e3] [com.apple.AppKit:Animation] Running new animation: <private>
2026-09-14 10:44:09.923 I  PeachCommander[28138:169e3] [com.apple.AppKit:Animation] Running new animation: <private>
2026-09-14 10:44:09.923 I  PeachCommander[28138:169e3] [com.apple.AppKit:Animation] Running new animation: <private>
2026-09-14 10:44:09.923 I  PeachCommander[28138:169e3] [com.apple.AppKit:Animation] Running new animation: <private>
2026-09-14 10:44:09.923 I  PeachCommander[28138:169e3] [com.apple.AppKit:Animation] Running new animation: <private>
2026-09-14 10:44:09.923 I  PeachCommander[28138:169e3] [com.apple.AppKit:Animation] Running new animation: <private>
2026-09-14 10:44:09.923 I  PeachCommander[28138:169e3] [com.apple.AppKit:Animation] Running new animation: <private>
2026-09-14 10:44:09.923 I  PeachCommander[28138:169e3] [com.apple.AppKit:Animation] Running new animation: <private>
2026-09-14 10:44:09.923 I  PeachCommander[28138:169e3] [com.apple.AppKit:Animation] Running new animation: <private>
2026-09-14 10:44:09.925 I  PeachCommander[28138:169e3] [com.apple.CoreAnalytics:client] Dropping "<private>" as it isn't used in any transform (not in the config or budgeted?)
2026-09-14 10:44:09.926 I  PeachCommander[28138:169e3] [com.apple.CoreAnalytics:client] Dropping "<private>" as it isn't used in any transform (not in the config or budgeted?)
2026-09-14 10:44:09.926 I  PeachCommander[28138:169e3] [com.apple.CoreAnalytics:client] Dropping "<private>" as it isn't used in any transform (not in the config or budgeted?)
2026-09-14 10:44:09.926 I  PeachCommander[28138:169e3] [com.peachcommander:PCFoundation] MainWindowController window loaded
2026-09-14 10:44:09.926 I  PeachCommander[28138:169e3] [com.apple.launchservices:cas] information in shared memory for 0x0-0x17a17a with seed 535 was still valid, so using cached info { "ApplicationType"="Foreground", "BuildMachineOSBuild"="25E246", "BundleIdentifierLowerCase"="com.peachcommander.app", "CFBundleDevelopmentRegion"="en", "CFBundleDocumentTypes"=( { "CFBundleTypeName"="Peach Commander Plugin Package", "CFBundleTypeRole"="Viewer", "LSHandlerRank"="Owner", "LSItemContentTypes"=( "com.peachcommander.plugin-package") }), "CFBundleExecutable"="PeachCommander", "CFBundleExecutablePath"="/Users/admin/pc-test/PeachCommander.app/Contents/MacOS/PeachCommander", "CFBundleExecutablePathDeviceID"=16777225, "CFBundleExecutablePathINode"=488026, "CFBundleHelpBookFolder"="PeachCommander.help", "CFBundleHelpBookName"="Peach Commander Help", "CFBundleIconFile"="AppIcon", "CFBundleIconName"="AppIcon", "CFBundleIdentifier"="com.peachcommander.app", "CFBundleInfoDictionaryVersion"="6.0", "CFBundleName"="PeachCommander", "CFBundleNameLowerCase"="peachcommander", "CFBundleNumericVersion"=402685952, "CFBundlePackageType"="APPL", "CFBundleShortVersionString"="0.9.0", "CFBun<…>
2026-09-14 10:44:09.926 I  PeachCommander[28138:169e3] [com.apple.launchservices:cas] information in shared memory for 0x0-0x17a17a with seed 535 was still valid, so using cached info { "ApplicationType"="Foreground", "BuildMachineOSBuild"="25E246", "BundleIdentifierLowerCase"="com.peachcommander.app", "CFBundleDevelopmentRegion"="en", "CFBundleDocumentTypes"=( { "CFBundleTypeName"="Peach Commander Plugin Package", "CFBundleTypeRole"="Viewer", "LSHandlerRank"="Owner", "LSItemContentTypes"=( "com.peachcommander.plugin-package") }), "CFBundleExecutable"="PeachCommander", "CFBundleExecutablePath"="/Users/admin/pc-test/PeachCommander.app/Contents/MacOS/PeachCommander", "CFBundleExecutablePathDeviceID"=16777225, "CFBundleExecutablePathINode"=488026, "CFBundleHelpBookFolder"="PeachCommander.help", "CFBundleHelpBookName"="Peach Commander Help", "CFBundleIconFile"="AppIcon", "CFBundleIconName"="AppIcon", "CFBundleIdentifier"="com.peachcommander.app", "CFBundleInfoDictionaryVersion"="6.0", "CFBundleName"="PeachCommander", "CFBundleNameLowerCase"="peachcommander", "CFBundleNumericVersion"=402685952, "CFBundlePackageType"="APPL", "CFBundleShortVersionString"="0.9.0", "CFBun<…>
2026-09-14 10:44:09.936 I  PeachCommander[28138:169e3] [com.apple.AppKit:Window] order window front conditionally: 5fa related: 0
2026-09-14 10:44:09.936 Df PeachCommander[28138:169e3] [com.apple.AppKit:AutomaticTermination] void _NSEnableAutomaticTerminationAndLog(NSString *) No windows open yet
2026-09-14 10:44:09.936 I  PeachCommander[28138:169e3] [com.apple.AppKit:Intelligence] starting collection observation
2026-09-14 10:44:09.936 Df PeachCommander[28138:169e7] [com.apple.UIIntelligenceSupport:xpc] establishing connection to agent
2026-09-14 10:44:09.936 Df PeachCommander[28138:169e7] [com.apple.xpc:session] [0x792749130] Session created.
2026-09-14 10:44:09.936 Df PeachCommander[28138:169e7] [com.apple.xpc:session] [0x792749130] Session created from connection [0x7924d2300]
2026-09-14 10:44:09.936 Df PeachCommander[28138:169e7] [com.apple.xpc:connection] [0x7924d2300] activating connection: mach=true listener=false peer=false name=com.apple.uiintelligencesupport.agent
2026-09-14 10:44:09.937 Df PeachCommander[28138:169e7] [com.apple.xpc:session] [0x792749130] Session activated
2026-09-14 10:44:09.937 I  PeachCommander[28138:169e3] [com.apple.SkyLight:processes] 0[outside of RPC]: SLSSetFrontProcessWithInfo(0x0-0x2 window=0 options=0x1
2026-09-14 10:44:09.937 Df PeachCommander[28138:169e6] [com.apple.UIIntelligenceSupport:xpc] Connection established with agent PID: 1217
2026-09-14 10:44:09.937 I  PeachCommander[28138:169e3] [com.apple.launchservices:cas] information in shared memory for 0x0-0x17a17a with seed 535 was still valid, so using cached info { "ApplicationType"="Foreground", "BuildMachineOSBuild"="25E246", "BundleIdentifierLowerCase"="com.peachcommander.app", "CFBundleDevelopmentRegion"="en", "CFBundleDocumentTypes"=( { "CFBundleTypeName"="Peach Commander Plugin Package", "CFBundleTypeRole"="Viewer", "LSHandlerRank"="Owner", "LSItemContentTypes"=( "com.peachcommander.plugin-package") }), "CFBundleExecutable"="PeachCommander", "CFBundleExecutablePath"="/Users/admin/pc-test/PeachCommander.app/Contents/MacOS/PeachCommander", "CFBundleExecutablePathDeviceID"=16777225, "CFBundleExecutablePathINode"=488026, "CFBundleHelpBookFolder"="PeachCommander.help", "CFBundleHelpBookName"="Peach Commander Help", "CFBundleIconFile"="AppIcon", "CFBundleIconName"="AppIcon", "CFBundleIdentifier"="com.peachcommander.app", "CFBundleInfoDictionaryVersion"="6.0", "CFBundleName"="PeachCommander", "CFBundleNameLowerCase"="peachcommander", "CFBundleNumericVersion"=402685952, "CFBundlePackageType"="APPL", "CFBundleShortVersionString"="0.9.0", "CFBun<…>
2026-09-14 10:44:09.938 Df PeachCommander[28138:169e3] [com.apple.xpc:connection] [0x7924d2440] activating connection: mach=true listener=false peer=false name=com.apple.FileCoordination
2026-09-14 10:44:09.938 Df PeachCommander[28138:169e6] [com.apple.foundation.filecoordination:presenter] Adding presenter B54B426F-8AAB-4F85-91C7-B03CBBA89074 for URL: <private>
2026-09-14 10:44:09.938 I  PeachCommander[28138:169e3] [com.apple.launchservices:cas] information in shared memory for 0x0-0x17a17a with seed 535 was still valid, so using cached info { "ApplicationType"="Foreground", "BuildMachineOSBuild"="25E246", "BundleIdentifierLowerCase"="com.peachcommander.app", "CFBundleDevelopmentRegion"="en", "CFBundleDocumentTypes"=( { "CFBundleTypeName"="Peach Commander Plugin Package", "CFBundleTypeRole"="Viewer", "LSHandlerRank"="Owner", "LSItemContentTypes"=( "com.peachcommander.plugin-package") }), "CFBundleExecutable"="PeachCommander", "CFBundleExecutablePath"="/Users/admin/pc-test/PeachCommander.app/Contents/MacOS/PeachCommander", "CFBundleExecutablePathDeviceID"=16777225, "CFBundleExecutablePathINode"=488026, "CFBundleHelpBookFolder"="PeachCommander.help", "CFBundleHelpBookName"="Peach Commander Help", "CFBundleIconFile"="AppIcon", "CFBundleIconName"="AppIcon", "CFBundleIdentifier"="com.peachcommander.app", "CFBundleInfoDictionaryVersion"="6.0", "CFBundleName"="PeachCommander", "CFBundleNameLowerCase"="peachcommander", "CFBundleNumericVersion"=402685952, "CFBundlePackageType"="APPL", "CFBundleShortVersionString"="0.9.0", "CFBun<…>
2026-09-14 10:44:09.940 I  PeachCommander[28138:169e3] [com.apple.AppKit:Window] order all windows front 1931281142000
2026-09-14 10:44:09.940 I  PeachCommander[28138:169e3] [com.apple.launchservices:cas] information in shared memory for 0x0-0x17a17a with seed 535 was still valid, so using cached info { "ApplicationType"="Foreground", "BuildMachineOSBuild"="25E246", "BundleIdentifierLowerCase"="com.peachcommander.app", "CFBundleDevelopmentRegion"="en", "CFBundleDocumentTypes"=( { "CFBundleTypeName"="Peach Commander Plugin Package", "CFBundleTypeRole"="Viewer", "LSHandlerRank"="Owner", "LSItemContentTypes"=( "com.peachcommander.plugin-package") }), "CFBundleExecutable"="PeachCommander", "CFBundleExecutablePath"="/Users/admin/pc-test/PeachCommander.app/Contents/MacOS/PeachCommander", "CFBundleExecutablePathDeviceID"=16777225, "CFBundleExecutablePathINode"=488026, "CFBundleHelpBookFolder"="PeachCommander.help", "CFBundleHelpBookName"="Peach Commander Help", "CFBundleIconFile"="AppIcon", "CFBundleIconName"="AppIcon", "CFBundleIdentifier"="com.peachcommander.app", "CFBundleInfoDictionaryVersion"="6.0", "CFBundleName"="PeachCommander", "CFBundleNameLowerCase"="peachcommander", "CFBundleNumericVersion"=402685952, "CFBundlePackageType"="APPL", "CFBundleShortVersionString"="0.9.0", "CFBun<…>
2026-09-14 10:44:09.940 I  PeachCommander[28138:169e3] [com.apple.showhide:pr-59900543] SHOWHIDE: CONFIRM, id=632, err=0
2026-09-14 10:44:09.941 I  PeachCommander[28138:169e3] [com.apple.AppKit:Window] context (0 -> 1ecce759) for window 5f9
2026-09-14 10:44:09.941 I  PeachCommander[28138:169e3] [com.apple.AppKit:Window] context (0 -> 2f0a56d7) for window 5f8
2026-09-14 10:44:09.941 I  PeachCommander[28138:169e3] [com.apple.AppKit:Window] context (0 -> f0f955f1) for window 5f7
2026-09-14 10:44:09.941 I  PeachCommander[28138:169e3] [com.apple.AppKit:Window] context (0 -> a9c0590d) for window 5f6
2026-09-14 10:44:09.967 Df PeachCommander[28138:169e3] [com.apple.AppKit:AutomaticTermination] void _updateToReflectAutomaticTerminationState(void) Setting _kLSApplicationWouldBeTerminatedByTALKey=0
2026-09-14 10:44:09.968 I  PeachCommander[28138:169e3] [com.apple.runningboard:assertion] Acquiring assertion: <RBSAssertionDescriptor| "AppNap adapter assertion" ID:(null) target:28138>
2026-09-14 10:44:10.002 A  PeachCommander[28138:169e7] (RunningBoardServices) didChangeInheritances
2026-09-14 10:44:10.022 Df PeachCommander[28138:169e3] [com.apple.libsystem.libdispatch:] DEPRECATED USE in libdispatch client: dispatch source activated with no event handler set; set a breakpoint on _dispatch_bug_deprecated to debug
2026-09-14 10:44:10.115 I  PeachCommander[28138:169e3] [com.apple.coreanimation:Utilities] IOSurface Compression Enabled: NO
2026-09-14 10:44:10.116 Df PeachCommander[28138:169e7] [com.apple.coreanimation:Metal] Precompiled pipelines disabled on unsupported hardware.
2026-09-14 10:44:10.127 I  PeachCommander[28138:169e3] [com.apple.CarbonCore:gestalt] SetGestaltValuesBulk SetGestaltValuesBulk( count=22 tuples=0x18dafe650
2026-09-14 10:44:10.127 I  PeachCommander[28138:169e3] [com.apple.CarbonCore:gestalt] SetGestaltValue SetGestaltValue(alis 1C9) => 0
2026-09-14 10:44:10.127 I  PeachCommander[28138:169e3] [com.apple.CarbonCore:gestalt] SetGestaltValue SetGestaltValue(os   FE) => 0
2026-09-14 10:44:10.127 I  PeachCommander[28138:169e3] [com.apple.CarbonCore:gestalt] SetGestaltValue SetGestaltValue(addr 7) => 0
2026-09-14 10:44:10.127 I  PeachCommander[28138:169e3] [com.apple.CarbonCore:gestalt] SetGestaltValue SetGestaltValue(fs   3D332) => 0
2026-09-14 10:44:10.127 I  PeachCommander[28138:169e3] [com.apple.CarbonCore:gestalt] SetGestaltValue SetGestaltValue(fold 11) => 0
2026-09-14 10:44:10.127 I  PeachCommander[28138:169e3] [com.apple.CarbonCore:gestalt] SetGestaltValue SetGestaltValue(lram 7FFFF000) => 0
2026-09-14 10:44:10.127 I  PeachCommander[28138:169e3] [com.apple.CarbonCore:gestalt] SetGestaltValue SetGestaltValue(mmap 1) => 0
2026-09-14 10:44:10.127 I  PeachCommander[28138:169e3] [com.apple.CarbonCore:gestalt] SetGestaltValue SetGestaltValue(cfrg 1) => 0
2026-09-14 10:44:10.127 I  PeachCommander[28138:169e3] [com.apple.CarbonCore:gestalt] SetGestaltValue SetGestaltValue(thds 7) => 0
2026-09-14 10:44:10.127 I  PeachCommander[28138:169e3] [com.apple.CarbonCore:gestalt] SetGestaltValue SetGestaltValue(tmgr E) => 0
2026-09-14 10:44:10.127 I  PeachCommander[28138:169e3] [com.apple.CarbonCore:gestalt] SetGestaltValue SetGestaltValue(vers 7) => 0
2026-09-14 10:44:10.127 I  PeachCommander[28138:169e3] [com.apple.CarbonCore:gestalt] SetGestaltValue SetGestaltValue(cbon 160) => 0
2026-09-14 10:44:10.127 I  PeachCommander[28138:169e3] [com.apple.CarbonCore:gestalt] SetGestaltValue SetGestaltValue(cltn 1108000) => 0
2026-09-14 10:44:10.127 I  PeachCommander[28138:169e3] [com.apple.CarbonCore:gestalt] SetGestaltValue SetGestaltValue(cpnt 8) => 0
2026-09-14 10:44:10.127 I  PeachCommander[28138:169e3] [com.apple.CarbonCore:gestalt] SetGestaltValue SetGestaltValue(rsrc 3) => 0
2026-09-14 10:44:10.127 I  PeachCommander[28138:169e3] [com.apple.CarbonCore:gestalt] SetGestaltValue SetGestaltValue(rmbg 11F) => 0
2026-09-14 10:44:10.127 I  PeachCommander[28138:169e3] [com.apple.CarbonCore:gestalt] SetGestaltValue SetGestaltValue(vm   11) => 0
2026-09-14 10:44:10.127 I  PeachCommander[28138:169e3] [com.apple.CarbonCore:gestalt] SetGestaltValue SetGestaltValue(srad 4170706C) => 0
2026-09-14 10:44:10.127 I  PeachCommander[28138:169e3] [com.apple.CarbonCore:gestalt] SetGestaltValue SetGestaltValue(sysa 14) => 0
2026-09-14 10:44:10.127 I  PeachCommander[28138:169e3] [com.apple.CarbonCore:gestalt] SetGestaltValue SetGestaltValue(copl 9) => 0
2026-09-14 10:44:10.127 I  PeachCommander[28138:169e3] [com.apple.CarbonCore:gestalt] SetGestaltValue SetGestaltValue(xlat 0) => 0
2026-09-14 10:44:10.127 I  PeachCommander[28138:169e3] [com.apple.CarbonCore:gestalt] SetGestaltValue SetGestaltValue(stdf 0) => 0
2026-09-14 10:44:10.127 I  PeachCommander[28138:169e3] [com.apple.CarbonCore:gestalt] _NewGestalt _NewGestalt(ram  0x18da77644) => 0
2026-09-14 10:44:10.127 I  PeachCommander[28138:169e3] [com.apple.CarbonCore:gestalt] _NewGestalt _NewGestalt(ramm 0x18da77644) => 0
2026-09-14 10:44:10.127 I  PeachCommander[28138:169e3] [com.apple.CarbonCore:gestalt] _NewGestalt _NewGestalt(cput 0x18da77734) => 0
2026-09-14 10:44:10.127 I  PeachCommander[28138:169e3] [com.apple.CarbonCore:gestalt] _NewGestalt _NewGestalt(cpuf 0x18da77764) => 0
2026-09-14 10:44:10.127 I  PeachCommander[28138:169e3] [com.apple.CarbonCore:gestalt] _NewGestalt _NewGestalt(bclk 0x18da77794) => 0
2026-09-14 10:44:10.127 I  PeachCommander[28138:169e3] [com.apple.CarbonCore:gestalt] _NewGestalt _NewGestalt(bclm 0x18da77794) => 0
2026-09-14 10:44:10.127 I  PeachCommander[28138:169e3] [com.apple.CarbonCore:gestalt] _NewGestalt _NewGestalt(pclk 0x18da77834) => 0
2026-09-14 10:44:10.127 I  PeachCommander[28138:169e3] [com.apple.CarbonCore:gestalt] _NewGestalt _NewGestalt(mclk 0x18da77834) => 0
2026-09-14 10:44:10.127 I  PeachCommander[28138:169e3] [com.apple.CarbonCore:gestalt] _NewGestalt _NewGestalt(a/ux 0x18da7794c) => 0
2026-09-14 10:44:10.127 I  PeachCommander[28138:169e3] [com.apple.CarbonCore:gestalt] _NewGestalt _NewGestalt(pgsz 0x18da77954) => 0
2026-09-14 10:44:10.127 I  PeachCommander[28138:169e3] [com.apple.CarbonCore:gestalt] _NewGestalt _NewGestalt(csiz 0x18da77994) => 0
2026-09-14 10:44:10.127 I  PeachCommander[28138:169e3] [com.apple.CarbonCore:gestalt] _NewGestalt _NewGestalt(sysv 0x18da22dfc) => 0
2026-09-14 10:44:10.127 I  PeachCommander[28138:169e3] [com.apple.CarbonCore:gestalt] _NewGestalt _NewGestalt(sys1 0x18da22dfc) => 0
2026-09-14 10:44:10.127 I  PeachCommander[28138:169e3] [com.apple.CarbonCore:gestalt] _NewGestalt _NewGestalt(sys2 0x18da22dfc) => 0
2026-09-14 10:44:10.127 I  PeachCommander[28138:169e3] [com.apple.CarbonCore:gestalt] _NewGestalt _NewGestalt(sys3 0x18da22dfc) => 0
2026-09-14 10:44:10.127 I  PeachCommander[28138:169e3] [com.apple.CarbonCore:gestalt] _NewGestalt _NewGestalt(cdfl 0x18da779d4) => 0
2026-09-14 10:44:10.127 I  PeachCommander[28138:169e3] [com.apple.CarbonCore:gestalt] _NewGestalt _NewGestalt(cdrm 0x18da77c30) => 0
2026-09-14 10:44:10.127 I  PeachCommander[28138:169e3] [com.apple.CarbonCore:gestalt] _NewGestalt _NewGestalt(cpus 0x18da77c78) => 0
2026-09-14 10:44:10.127 I  PeachCommander[28138:169e3] [com.apple.CarbonCore:gestalt] SetGestaltValue SetGestaltValue(swex 1) => 0
2026-09-14 10:44:10.127 Df PeachCommander[28138:169e3] [com.apple.xpc:connection] [0x7924d3980] activating connection: mach=false listener=false peer=false name=com.apple.hiservices-xpcservice
2026-09-14 10:44:10.128 I  PeachCommander[28138:169e3] [com.apple.CFPasteboard:entry] CopyData('ApplePerContextInputPasteboard' (<CFUUID 0x7926f5880> 2879244A-E57C-444F-AFCF-989787E33153) gen: -1 item: 1264739405 flavor: 'ApplePerContextInputFlavor')
2026-09-14 10:44:10.129 I  PeachCommander[28138:169e3] [com.apple.CFPasteboard:cache] Rebuilding cache for 'ApplePerContextInputPasteboard' (<CFUUID 0x7926f5880> 2879244A-E57C-444F-AFCF-989787E33153)
2026-09-14 10:44:10.129 I  PeachCommander[28138:169e3] [com.apple.CFPasteboard:general] Will request data from daemon
2026-09-14 10:44:10.129 I  PeachCommander[28138:169e3] [com.apple.CFPasteboard:exit] (not-in-cache) - result: 0 generation: 1 data (182 bytes) flags: 0
2026-09-14 10:44:10.129 I  PeachCommander[28138:169e3] [com.apple.CFPasteboard:entry] CopyData('DefaultAsciiKeyboardLayoutPasteboard' (<CFUUID 0x792e728a0> B8EAE99D-5F8D-44F4-A67F-FEA70A60D1EE) gen: -1 item: 1264739405 flavor: 'DefaultAsciiKeyboardLayoutFlavor')
2026-09-14 10:44:10.129 I  PeachCommander[28138:169e3] [com.apple.CFPasteboard:exit] (not-in-cache) - result: -8 generation: 0 null data flags: 0
2026-09-14 10:44:10.131 I  PeachCommander[28138:169e3] [com.apple.AppKit:Window] context (0 -> 1bdcaa9d) for window 5fb
2026-09-14 10:44:10.131 Df PeachCommander[28138:169e3] [com.apple.inputmethodkitClient:Client] +[IMKClient subclass]: chose IMKClient_Modern
2026-09-14 10:44:10.132 Df PeachCommander[28138:169e3] [com.apple.BoardServices:XPCErrors] [C:2] Alloc com.apple.backboard.hid-services.xpc
2026-09-14 10:44:10.132 Df PeachCommander[28138:169e3] [com.apple.xpc:connection] [0x7924d3ac0] activating connection: mach=false listener=false peer=false name=(anonymous)
2026-09-14 10:44:10.132 E  PeachCommander[28138:169e7] [com.apple.BaseBoard:Common] Unable to obtain a task name port right for pid 169: (os/kern) failure (0x5)
2026-09-14 10:44:10.132 Df PeachCommander[28138:169e7] [com.apple.xpc:connection] [0x7924d2940] activating connection: mach=false listener=false peer=false name=com.apple.TextInputUI.xpc.CursorUIViewService
2026-09-14 10:44:10.132 Df PeachCommander[28138:169e7] [com.apple.xpc:connection] [0x7924d2940] invalidated after the last release of the connection object
2026-09-14 10:44:10.132 I  PeachCommander[28138:169e3] [com.apple.CFPasteboard:entry] CopyData('DefaultAsciiKeyboardLayoutPasteboard' (<CFUUID 0x792e728a0> B8EAE99D-5F8D-44F4-A67F-FEA70A60D1EE) gen: -1 item: 1264739405 flavor: 'DefaultAsciiKeyboardLayoutFlavor')
2026-09-14 10:44:10.132 I  PeachCommander[28138:169e3] [com.apple.CFPasteboard:exit] (not-in-cache) - result: -8 generation: 0 null data flags: 0
2026-09-14 10:44:10.133 Df PeachCommander[28138:169e3] [com.apple.xpc:connection] [0x7924d26c0] activating connection: mach=false listener=false peer=false name=(anonymous)
2026-09-14 10:44:10.133 Df PeachCommander[28138:169e3] [com.apple.xpc:connection] [0x7924d2940] activating connection: mach=false listener=false peer=false name=com.apple.ViewBridgeAuxiliary
2026-09-14 10:44:10.133 Df PeachCommander[28138:169e3] [com.apple.xpc:connection] [0x7924d2580] activating connection: mach=false listener=false peer=false name=(anonymous)
2026-09-14 10:44:10.133 Df PeachCommander[28138:169e3] [com.apple.xpc:connection] [0x7924d2940] invalidated after the last release of the connection object
2026-09-14 10:44:10.148 Df PeachCommander[28138:169e3] [com.apple.TextInputUI:CursorUI] -[TUINSCursorUIController activate:]_block_invoke: Create CursorUIViewService: TUINSRemoteViewController
2026-09-14 10:44:10.149 I  PeachCommander[28138:169e3] [com.apple.AppKit:Window] window <TUINSWindow: 0x793e48280> windowNumber=5fb finishing close
2026-09-14 10:44:10.149 I  PeachCommander[28138:169e3] [com.apple.AppKit:Window] order window: 5fb op: 0 relative: 0 related: 0
2026-09-14 10:44:10.150 A  PeachCommander[28138:169ef] (CoreFoundation) Loading Preferences From System CFPrefsD
2026-09-14 10:44:10.236 I  PeachCommander[28138:169e3] [com.apple.iconservices:foundation] layer data size zero
2026-09-14 10:44:10.237 A  PeachCommander[28138:169e3] (CoreFoundation) Loading Preferences From User CFPrefsD
2026-09-14 10:44:10.237 I  PeachCommander[28138:169e3] [com.apple.CoreAnalytics:client] Dropping "com.apple.ImageIO.readerSelection" as it isn't used in any transform (not in the config or budgeted?)
2026-09-14 10:44:10.254 I  PeachCommander[28138:169e3] [com.apple.CoreAnalytics:client] Dropping "com.apple.appkit.app_config" as it isn't used in any transform (not in the config or budgeted?)
2026-09-14 10:44:10.254 I  PeachCommander[28138:169e3] [com.apple.SafariPlatformSupport:SafariPlatformSupport] -[SFSafariPlatformSupport credentialSelected:] with nil credential
2026-09-14 10:44:10.254 I  PeachCommander[28138:169e3] [com.apple.SafariPlatformSupport:SafariPlatformSupport] -[SFSafariPlatformSupport oneTimeCodeSelected:] with nil code
2026-09-14 10:44:10.254 Df PeachCommander[28138:169ef] [com.apple.xpc:connection] [0x7924d2940] activating connection: mach=false listener=false peer=false name=com.apple.SafariPlatformSupport.Helper
2026-09-14 10:44:10.261 Df PeachCommander[28138:169e3] [com.apple.BoardServices:XPCErrors] [C:3] Alloc com.apple.backboard.hid-services.xpc
2026-09-14 10:44:10.261 Df PeachCommander[28138:169e3] [com.apple.xpc:connection] [0x7924d1cc0] activating connection: mach=false listener=false peer=false name=(anonymous)
2026-09-14 10:44:10.261 Df PeachCommander[28138:16a7f] [com.apple.BackBoard:EventDelivery] BKSHIDEventDeliveryManager - connection activation
2026-09-14 10:44:10.262 I  PeachCommander[28138:169e3] [com.peachcommander:PCFoundation] Session restored
2026-09-14 10:44:10.262 Df PeachCommander[28138:169e3] (Foundation) <private>
2026-09-14 10:44:10.262 I  PeachCommander[28138:169e3] [com.peachcommander:PCFoundation] [automation] running /Users/admin/auto.txt
2026-09-14 10:44:10.262 Df PeachCommander[28138:169e3] (Foundation) <private>
2026-09-14 10:44:10.262 I  PeachCommander[28138:169e3] [com.peachcommander:PCFoundation] [automation] > active left
2026-09-14 10:44:10.262 Df PeachCommander[28138:169e3] (Foundation) <private>
2026-09-14 10:44:10.262 I  PeachCommander[28138:169e3] [com.peachcommander:PCFoundation] [automation] > left /Users/admin/pc-demo
2026-09-14 10:44:10.310 Df PeachCommander[28138:169e3] [com.apple.xpc:connection] [0x7924d1b80] activating connection: mach=false listener=false peer=false name=(anonymous)
2026-09-14 10:44:10.310 Df PeachCommander[28138:169e3] [com.apple.xpc:connection] [0x7924d30c0] activating connection: mach=false listener=false peer=false name=(anonymous)
2026-09-14 10:44:10.362 I  PeachCommander[28138:169e3] [com.apple.launchservices:datasep] application record search init. Node: <FSNode 0x793e60960> { isDir = y, path = <private> } bundleID: (null) itemID: 0
2026-09-14 10:44:10.362 I  PeachCommander[28138:169e3] [com.apple.launchservices:datasep] application record search init. Node: <FSNode 0x793e60960> { isDir = y, path = <private> } bundleID: (null) itemID: 0
2026-09-14 10:44:10.362 I  PeachCommander[28138:169e3] [com.apple.SafariPlatformSupport:SafariPlatformSupport] -[SFSafariPlatformSupport credentialSelected:] with nil credential
2026-09-14 10:44:10.362 I  PeachCommander[28138:169e3] [com.apple.SafariPlatformSupport:SafariPlatformSupport] -[SFSafariPlatformSupport oneTimeCodeSelected:] with nil code
2026-09-14 10:44:10.372 I  PeachCommander[28138:169ea] [com.apple.AppKit:WindowTab] Indexing 1 items
2026-09-14 10:44:10.372 A  PeachCommander[28138:169ea] (CoreSpotlight) end-index-batch
2026-09-14 10:44:10.372 Df PeachCommander[28138:169ea] [com.apple.corespotlight:index] *warn* MailCS ======%%% _setMailMessageAttributes skip:1
2026-09-14 10:44:10.372 A  PeachCommander[28138:169ea] (CoreSpotlight) index-items
2026-09-14 10:44:10.372 Df PeachCommander[28138:169ea] [com.apple.corespotlight:index] CSInlineDonation:<private>: Skipping donation (feature flag disabled)
2026-09-14 10:44:10.373 Df PeachCommander[28138:169ea] [com.apple.corespotlight:index] CSInlineDonation:<private>: Skipping donation (feature flag disabled)
2026-09-14 10:44:10.487 I  PeachCommander[28138:169e3] [com.apple.HIToolbox:MBDisplays] <private>
2026-09-14 10:44:10.487 I  PeachCommander[28138:169e3] [com.apple.HIToolbox:MBDisplays] <private>
2026-09-14 10:44:10.737 Df PeachCommander[28138:169ee] [com.apple.xpc:connection] [0x7924d2940] invalidated after the last release of the connection object
2026-09-14 10:44:10.738 I  PeachCommander[28138:169e3] [com.apple.launchservices:cas] Removing cached information for app [ 0x0-0x17a17a]  "PeachCommander", as its seed is different from that in shared memory ( 535 vs 537)
2026-09-14 10:44:10.811 Df PeachCommander[28138:169e3] (Foundation) <private>
2026-09-14 10:44:10.811 I  PeachCommander[28138:169e3] [com.peachcommander:PCFoundation] [automation] > wait 1200
2026-09-14 10:44:10.829 I  PeachCommander[28138:169e3] [com.apple.iconservices:foundation] layer data size zero
2026-09-14 10:44:10.863 I  PeachCommander[28138:169e3] [com.apple.iconservices:foundation] layer data size zero
2026-09-14 10:44:10.863 I  PeachCommander[28138:169e3] [com.apple.iconservices:foundation] layer data size zero
2026-09-14 10:44:10.863 I  PeachCommander[28138:169e3] [com.apple.iconservices:foundation] layer data size zero
2026-09-14 10:44:10.863 I  PeachCommander[28138:169e3] [com.apple.SafariPlatformSupport:SafariPlatformSupport] -[SPSafariPlatformSupport completionListPreferredContentSizeDidUpdate] with size {0, 0}, in window that is visible
2026-09-14 10:44:11.345 I  PeachCommander[28138:169ef] [com.apple.AppKit:WindowTab] Indexing 1 items
2026-09-14 10:44:11.345 A  PeachCommander[28138:169ef] (CoreSpotlight) end-index-batch
2026-09-14 10:44:11.345 A  PeachCommander[28138:169ef] (CoreSpotlight) index-items
2026-09-14 10:44:11.345 Df PeachCommander[28138:169ef] [com.apple.corespotlight:index] CSInlineDonation:<private>: Skipping donation (feature flag disabled)
2026-09-14 10:44:11.346 Df PeachCommander[28138:169ef] [com.apple.corespotlight:index] CSInlineDonation:<private>: Skipping donation (feature flag disabled)
2026-09-14 10:44:12.034 Df PeachCommander[28138:169e3] (Foundation) <private>
2026-09-14 10:44:12.034 I  PeachCommander[28138:169e3] [com.peachcommander:PCFoundation] [automation] > hotlistmanage
2026-09-14 10:44:12.043 I  PeachCommander[28138:169e3] [com.apple.AppKit:Window] context (0 -> 2fcdee56) for window 5fe
2026-09-14 10:44:12.045 I  PeachCommander[28138:169e3] [com.apple.AppKit:Animation] Running new animation: <private>
2026-09-14 10:44:12.045 I  PeachCommander[28138:169e3] [com.apple.AppKit:Animation] Running new animation: <private>
2026-09-14 10:44:12.045 I  PeachCommander[28138:169e3] [com.apple.AppKit:Animation] Running new animation: <private>
2026-09-14 10:44:12.045 I  PeachCommander[28138:169e3] [com.apple.AppKit:Animation] Running new animation: <private>
2026-09-14 10:44:12.045 I  PeachCommander[28138:169e3] [com.apple.AppKit:Animation] Running new animation: <private>
2026-09-14 10:44:12.052 I  PeachCommander[28138:169e3] [com.apple.CFPasteboard:entry] CopyData('DefaultAsciiKeyboardLayoutPasteboard' (<CFUUID 0x792e728a0> B8EAE99D-5F8D-44F4-A67F-FEA70A60D1EE) gen: -1 item: 1264739405 flavor: 'DefaultAsciiKeyboardLayoutFlavor')
2026-09-14 10:44:12.052 I  PeachCommander[28138:169e3] [com.apple.CFPasteboard:exit] (not-in-cache) - result: -8 generation: 0 null data flags: 0
2026-09-14 10:44:12.069 I  PeachCommander[28138:169e3] [com.apple.AppKit:Window] order window front conditionally: 5fe related: 0
2026-09-14 10:44:12.069 I  PeachCommander[28138:169e3] [com.apple.AppKit:Window] order window front conditionally: 5fe related: 0
2026-09-14 10:44:12.069 Df PeachCommander[28138:169e3] (Foundation) <private>
2026-09-14 10:44:12.069 I  PeachCommander[28138:169e3] [com.peachcommander:PCFoundation] [automation] > wait 1500
2026-09-14 10:44:12.252 I  PeachCommander[28138:169e6] [com.apple.AppKit:WindowTab] Indexing 2 items
2026-09-14 10:44:12.252 A  PeachCommander[28138:169e6] (CoreSpotlight) end-index-batch
2026-09-14 10:44:12.252 A  PeachCommander[28138:169e6] (CoreSpotlight) index-items
2026-09-14 10:44:12.252 Df PeachCommander[28138:169e6] [com.apple.corespotlight:index] CSInlineDonation:<private>: Skipping donation (feature flag disabled)
2026-09-14 10:44:12.253 Df PeachCommander[28138:169e6] [com.apple.corespotlight:index] CSInlineDonation:<private>: Skipping donation (feature flag disabled)
2026-09-14 10:44:13.613 Df PeachCommander[28138:169e3] (Foundation) <private>
2026-09-14 10:44:13.613 I  PeachCommander[28138:169e3] [com.peachcommander:PCFoundation] [automation] > keyloop /Users/admin/keyloop-hotlist.txt
2026-09-14 10:44:13.615 Df PeachCommander[28138:169e3] (Foundation) <private>
2026-09-14 10:44:13.615 Df PeachCommander[28138:169e3] (Foundation) <private>
2026-09-14 10:44:13.615 I  PeachCommander[28138:169e3] [com.peachcommander:PCFoundation] [automation] > a11ydump /Users/admin/a11y-hotlist.txt
2026-09-14 10:44:13.616 Df PeachCommander[28138:169e3] (Foundation) <private>
2026-09-14 10:44:13.616 Df PeachCommander[28138:169e3] (Foundation) <private>
2026-09-14 10:44:13.616 I  PeachCommander[28138:169e3] [com.peachcommander:PCFoundation] [automation] > wait 500
2026-09-14 10:44:14.146 Df PeachCommander[28138:169e3] (Foundation) <private>
2026-09-14 10:44:14.146 I  PeachCommander[28138:169e3] [com.peachcommander:PCFoundation] [automation] > panelsdump /Users/admin/keys-hotlist-done.txt
2026-09-14 10:44:14.148 Df PeachCommander[28138:169e3] (Foundation) <private>
2026-09-14 10:44:14.148 I  PeachCommander[28138:169e3] [com.peachcommander:PCFoundation] [automation] > wait 300
2026-09-14 10:44:14.469 Df PeachCommander[28138:169e3] (Foundation) <private>
2026-09-14 10:44:14.469 I  PeachCommander[28138:169e3] [com.peachcommander:PCFoundation] [automation] done
