Timestamp               Ty Process[PID:TID]
2026-09-14 14:00:38.831 A  PeachCommander[27562:161e0] (libsystem_info.dylib) Retrieve User by ID
2026-09-14 14:00:38.831 Df PeachCommander[27562:161e0] [com.apple.xpc:connection] [0x1063835c0] activating connection: mach=true listener=false peer=false name=com.apple.cfprefsd.daemon
2026-09-14 14:00:38.831 Df PeachCommander[27562:161e4] [com.apple.xpc:connection] [0x106383d00] activating connection: mach=true listener=false peer=false name=com.apple.cfprefsd.agent
2026-09-14 14:00:38.833 Df PeachCommander[27562:161e0] [com.apple.xpc:connection] [0x106389ce0] activating connection: mach=true listener=false peer=false name=com.apple.coreservices.launchservicesd
2026-09-14 14:00:38.833 I  PeachCommander[27562:161e0] [com.apple.launchservices:cas] Registering for notification <private> on default queue, to re-boostrap client connection.
2026-09-14 14:00:38.833 Df PeachCommander[27562:161e0] [com.apple.xpc:connection] [0x858ca0000] activating connection: mach=true listener=false peer=false name=com.apple.pasteboard.1
2026-09-14 14:00:38.833 Df PeachCommander[27562:161e0] [com.apple.xpc:connection] [0x858ca0140] activating connection: mach=true listener=false peer=false name=com.apple.distributed_notifications@Uv3
2026-09-14 14:00:38.835 Df PeachCommander[27562:161e0] [com.apple.AppKit:AutomaticTermination] void _NSDisableAutomaticTerminationAndLog(NSString *) No windows open yet
2026-09-14 14:00:38.835 A  PeachCommander[27562:161e0] (TCC) TCCAccessRequest() IPC
2026-09-14 14:00:38.835 Df PeachCommander[27562:161e0] [com.apple.xpc:connection] [0x858ca0280] activating connection: mach=true listener=false peer=false name=com.apple.tccd.system
2026-09-14 14:00:38.835 I  PeachCommander[27562:161e0] [com.apple.TCC:access] SEND: 0/7 synchronous to com.apple.tccd.system: request: msgID=27562.1, function=TCCAccessRequest, service=kTCCServiceListenEvent,
2026-09-14 14:00:38.836 I  PeachCommander[27562:161e0] [com.apple.TCC:access] RECV: synchronous reply <dictionary: 0x858c88000> { count = 5, transaction: 0, voucher = 0x0, contents =
	"prompt_type" => <uint64: 0x87236ec51805ebd7>: 1
	"auth_value" => <uint64: 0x87236ec51805ebd7>: 1
	"preflight_unknown" => <bool: 0x1ee1ad190>: true
	"auth_version" => <uint64: 0x87236ec51805ebd7>: 1
	"auth_reason" => <uint64: 0x87236ec51805ebf7>: 5
}
2026-09-14 14:00:38.836 Df PeachCommander[27562:161e0] [com.apple.xpc:connection] [0x858ca0280] invalidated after the last release of the connection object
2026-09-14 14:00:38.836 Df PeachCommander[27562:161e0] [com.apple.SkyLight:default] server port 0x00003013, session port 0x00003013
2026-09-14 14:00:38.838 Df PeachCommander[27562:161e0] [com.apple.SkyLight:default] New connection 0x4c91f main
2026-09-14 14:00:38.838 I  PeachCommander[27562:161e5] [com.apple.SkyLight:processes] 0[outside of RPC]: First connection id 313631 mapped to ctx = 0x858c44380
2026-09-14 14:00:38.839 I  PeachCommander[27562:161e0] [com.apple.hiservices:processmgr] Checking in with CAS, pid=27562
2026-09-14 14:00:38.839 I  PeachCommander[27562:161e0] [com.apple.launchservices:cas] LSApplicationCheckIn(), app being registered is:"/Users/admin/pc-test/PeachCommander.app/Contents/MacOS/PeachCommander"
2026-09-14 14:00:38.839 I  PeachCommander[27562:161e0] [com.apple.launchservices:cas]  { "ApplicationType"="Foreground", "BuildMachineOSBuild"="25E246", "CFBundleDevelopmentRegion"="en", "CFBundleDocumentTypes"=( { "CFBundleTypeName"="Peach Commander Plugin Package", "CFBundleTypeRole"="Viewer", "LSHandlerRank"="Owner", "LSItemContentTypes"=( "com.peachcommander.plugin-package") }), "CFBundleExecutable"="PeachCommander", "CFBundleExecutablePath"="/Users/admin/pc-test/PeachCommander.app/Contents/MacOS/PeachCommander", "CFBundleHelpBookFolder"="PeachCommander.help", "CFBundleHelpBookName"="Peach Commander Help", "CFBundleIconFile"="AppIcon", "CFBundleIconName"="AppIcon", "CFBundleIdentifier"="com.peachcommander.app", "CFBundleInfoDictionaryVersion"="6.0", "CFBundleName"="PeachCommander", "CFBundleNumericVersion"=402685952, "CFBundlePackageType"="APPL", "CFBundleShortVersionString"="0.9.0", "CFBundleSignature"="?????", "CFBundleSupportedPlatforms"=( "MacOSX"), "CFBundleVersion"="18", "DTCompiler"="com.apple.compilers.llvm.clang.1_0", "DTPlatformBuild"="25F70", "DTPlatformName"="macosx", "<…>
2026-09-14 14:00:38.839 Df PeachCommander[27562:161e0] [com.apple.processmanager:front-35286506] CHECKIN: pid=27562
2026-09-14 14:00:38.840 Df PeachCommander[27562:161e0] [com.apple.processmanager:front-35286506] CHECKEDIN: pid=27562 asn=0x0-0x171171 foreground=1
2026-09-14 14:00:38.841 I  PeachCommander[27562:161e0] [com.apple.launchservices:cas] Setting processControlState to default PROC_SETPC_SUSPEND because application does not have LSProcessControlValue key
2026-09-14 14:00:38.841 Df PeachCommander[27562:161e0] [com.apple.xpc:connection] [0x858ca0280] activating connection: mach=false listener=true peer=false name=(anonymous)
2026-09-14 14:00:38.841 Df PeachCommander[27562:161e0] [com.apple.xpc:connection] [0x858ca0280] Connection returned listener port: 0x4103
2026-09-14 14:00:38.841 Df PeachCommander[27562:161e4] [com.apple.xpc:connection] [0x859060300] activating connection: mach=false listener=false peer=true name=com.apple.xpc.anonymous.0x858ca0280.peer[131].0x859060300
2026-09-14 14:00:38.841 Df PeachCommander[27562:161e0] [com.apple.processmanager:front-35286506] FRONTLOGGING: version 1
2026-09-14 14:00:38.841 Df PeachCommander[27562:161e0] [com.apple.processmanager:front-35286506] Registered, pid=27562 ASN=0x0,0x171171
2026-09-14 14:00:38.841 Df PeachCommander[27562:161e0] [com.apple.xpc:connection] [0x858ca03c0] activating connection: mach=true listener=false peer=false name=com.apple.analyticsd
2026-09-14 14:00:38.841 I  PeachCommander[27562:161e0] [com.apple.CoreAnalytics:client] Daemon status changed from 0 to 1
2026-09-14 14:00:38.841 I  PeachCommander[27562:161e4] [com.apple.CarbonCore:coreservicesdaemon] SCSession():SCSession( id=100, this=0x0x106394480 option=65538) created, forUID=501 mach_port_t=0x5103.
2026-09-14 14:00:38.841 I  PeachCommander[27562:161e4] [com.apple.CarbonCore:coreservicesdaemon] SCSession():SCSession( id=101, this=0x0x1063945c0 option=65538) created, forUID=501 mach_port_t=0x5203.
2026-09-14 14:00:38.841 I  PeachCommander[27562:161e4] [com.apple.CarbonCore:coreservicesdaemon] connectToCoreServicesD():Instantiating server (coreservicesd based) SCSession, port=0x5103 serverOptions=0x10002.
2026-09-14 14:00:38.842 Df PeachCommander[27562:161e5] [com.apple.CoreAnalytics:client] Received configuration update from daemon (initial)
2026-09-14 14:00:38.842 I  PeachCommander[27562:161e0] [com.apple.hiservices:processmgr] _RegisterApplication( pid 27562 => 0x0,0x171171) type=foreground
2026-09-14 14:00:38.842 Df PeachCommander[27562:161e0] [com.apple.xpc:connection] [0x858ca0280] Connection returned listener port: 0x4103
2026-09-14 14:00:38.842 I  PeachCommander[27562:161e0] [com.apple.launchservices:cas] CFArrayRef _LSCopyLaunchModifiers(LSSessionID, LSASNRef _Nonnull), result for psn [ kLSCurrentApp ASN, 0x0,0x2]  is 1 items.
2026-09-14 14:00:38.842 Df PeachCommander[27562:161e0] [com.apple.processmanager:front-35286506] BringForward: pid=27562 asn=0x0-0x171171 bringForward=1 foreground=1 uiElement=0 launchedByLS=1 modifiersCount=1 allDisabled=1
2026-09-14 14:00:38.842 Df PeachCommander[27562:161e0] [com.apple.processmanager:front-35286506] BringFrontModifier: pid=27562 asn=0x0-0x171171 Modifier 0 hideAfter=0 hideOthers=0 dontMakeFrontmost=0 mouseDown=0/0 seed=0/0
2026-09-14 14:00:38.842 Df PeachCommander[27562:161e0] [com.apple.processmanager:front-35286506] BringForward: pid=27562 asn=0x0-0x171171
2026-09-14 14:00:38.842 Df PeachCommander[27562:161e0] [com.apple.processmanager:front-35286506] SetFrontProcess: asn=0x0-0x171171 options=0
2026-09-14 14:00:38.842 I  PeachCommander[27562:161e0] [com.apple.SkyLight:processes] 0[outside of RPC]: SLPSetFrontProcess(0x0-0x171171 window=0 options=0x0
2026-09-14 14:00:38.842 Df PeachCommander[27562:161e4] [com.apple.xpc:connection] [0x858ca0640] activating connection: mach=true listener=false peer=false name=com.apple.lsd.mapdb
2026-09-14 14:00:38.844 Df PeachCommander[27562:161e0] [com.apple.AppKit:Appearance] Current system appearance, (HLTB: 1), (SLS: 0)
2026-09-14 14:00:38.844 Df PeachCommander[27562:161e0] (libMobileGestalt.dylib) No persisted cache on this platform.
2026-09-14 14:00:38.845 I  PeachCommander[27562:161e5] [com.apple.launchservices:cas] information in shared memory for 0x0-0x171171 with seed 533 was still valid, so using cached info { "ApplicationType"="Foreground", "BuildMachineOSBuild"="25E246", "BundleIdentifierLowerCase"="com.peachcommander.app", "CFBundleDevelopmentRegion"="en", "CFBundleDocumentTypes"=( { "CFBundleTypeName"="Peach Commander Plugin Package", "CFBundleTypeRole"="Viewer", "LSHandlerRank"="Owner", "LSItemContentTypes"=( "com.peachcommander.plugin-package") }), "CFBundleExecutable"="PeachCommander", "CFBundleExecutablePath"="/Users/admin/pc-test/PeachCommander.app/Contents/MacOS/PeachCommander", "CFBundleExecutablePathDeviceID"=16777227, "CFBundleExecutablePathINode"=488284, "CFBundleHelpBookFolder"="PeachCommander.help", "CFBundleHelpBookName"="Peach Commander Help", "CFBundleIconFile"="AppIcon", "CFBundleIconName"="AppIcon", "CFBundleIdentifier"="com.peachcommander.app", "CFBundleInfoDictionaryVersion"="6.0", "CFBundleName"="PeachCommander", "CFBundleNameLowerCase"="peachcommander", "CFBundleNumericVersion"=402685952, "CFBundlePackageType"="APPL", "CFBundleShortVersionString"="0.9.0", "CFBun<…>
2026-09-14 14:00:38.845 Df PeachCommander[27562:161e0] (libMobileGestalt.dylib) Could not get size of EAN data (IOConnectCallScalarMethod kAppleNVMeEANGetSize returned 0xE00002E2)
2026-09-14 14:00:38.845 Df PeachCommander[27562:161e0] (libMobileGestalt.dylib) Failed to copy 'aptk' from EAN
2026-09-14 14:00:38.845 Df PeachCommander[27562:161e0] (libMobileGestalt.dylib) Failed to copy APTicket properties. Falling back to default policy.
2026-09-14 14:00:38.845 Df PeachCommander[27562:161e0] (libMobileGestalt.dylib) Creating default MGSysConfigPolicy
2026-09-14 14:00:38.845 Df PeachCommander[27562:161e0] (libMobileGestalt.dylib) CFDictionaryRef copySyscfgDictionary(void) enumeration of <private> failed.
2026-09-14 14:00:38.845 Df PeachCommander[27562:161e0] (libMobileGestalt.dylib) Failed to find key <private>
2026-09-14 14:00:38.845 I  PeachCommander[27562:161e4] [com.apple.launchservices:db] LaunchServices database schema version: 20971544
2026-09-14 14:00:38.845 Df PeachCommander[27562:161e0] [com.apple.AppKit:Appearance] Current system appearance, (HLTB: 1), (SLS: 0)
2026-09-14 14:00:38.846 Df PeachCommander[27562:161e0] [com.apple.AppKit:Appearance] Post-registration system appearance: (HLTB: 1)
2026-09-14 14:00:38.847 I  PeachCommander[27562:161e4] [com.apple.launchservices:default] Unable to load Info.plist exceptions (eGPUOverrides)
2026-09-14 14:00:38.847 I  PeachCommander[27562:161e4] [com.apple.launchservices:default] Unable to load Info.plist exceptions (gameModeOverrides)
2026-09-14 14:00:38.847 I  PeachCommander[27562:161e4] [com.apple.launchservices:default] Unable to load Info.plist exceptions (identifiedGameOverrides)
2026-09-14 14:00:38.847 I  PeachCommander[27562:161e4] [com.apple.launchservices:default] Unable to load Info.plist exceptions (SystemHiddenPreferred)
2026-09-14 14:00:38.848 Df PeachCommander[27562:161e0] [com.apple.FrontBoard:Common] FBSWorkspace: endpoint monitoring is disabled.
2026-09-14 14:00:38.848 Df PeachCommander[27562:161e0] [com.apple.FrontBoard:Common] FBSWorkspace: default shell endpoint is disabled.
2026-09-14 14:00:38.848 Df PeachCommander[27562:161e0] [com.apple.runningboard:connection] Initializing connection
2026-09-14 14:00:38.848 Df PeachCommander[27562:161e0] [com.apple.runningboard:process] Removing all cached process handles
2026-09-14 14:00:38.848 Df PeachCommander[27562:161e5] [com.apple.runningboard:connection] Sending handshake request attempt #1 to server
2026-09-14 14:00:38.848 Df PeachCommander[27562:161e5] [com.apple.runningboard:connection] Creating connection to com.apple.runningboard
2026-09-14 14:00:38.848 Df PeachCommander[27562:161e5] [com.apple.xpc:connection] [0x858ca0500] activating connection: mach=true listener=false peer=false name=com.apple.runningboard
2026-09-14 14:00:38.848 Df PeachCommander[27562:161e0] [com.apple.xpc:connection] [0x858ca0280] Connection returned listener port: 0x4103
2026-09-14 14:00:38.848 A  PeachCommander[27562:161e9] (RunningBoardServices) didChangeInheritances
2026-09-14 14:00:38.848 I  PeachCommander[27562:161e0] [com.apple.launchservices:cas] information in shared memory for 0x0-0x171171 with seed 533 was still valid, so using cached info { "ApplicationType"="Foreground", "BuildMachineOSBuild"="25E246", "BundleIdentifierLowerCase"="com.peachcommander.app", "CFBundleDevelopmentRegion"="en", "CFBundleDocumentTypes"=( { "CFBundleTypeName"="Peach Commander Plugin Package", "CFBundleTypeRole"="Viewer", "LSHandlerRank"="Owner", "LSItemContentTypes"=( "com.peachcommander.plugin-package") }), "CFBundleExecutable"="PeachCommander", "CFBundleExecutablePath"="/Users/admin/pc-test/PeachCommander.app/Contents/MacOS/PeachCommander", "CFBundleExecutablePathDeviceID"=16777227, "CFBundleExecutablePathINode"=488284, "CFBundleHelpBookFolder"="PeachCommander.help", "CFBundleHelpBookName"="Peach Commander Help", "CFBundleIconFile"="AppIcon", "CFBundleIconName"="AppIcon", "CFBundleIdentifier"="com.peachcommander.app", "CFBundleInfoDictionaryVersion"="6.0", "CFBundleName"="PeachCommander", "CFBundleNameLowerCase"="peachcommander", "CFBundleNumericVersion"=402685952, "CFBundlePackageType"="APPL", "CFBundleShortVersionString"="0.9.0", "CFBun<…>
2026-09-14 14:00:38.848 Df PeachCommander[27562:161e5] [com.apple.runningboard:connection] Handshake succeeded
2026-09-14 14:00:38.848 Df PeachCommander[27562:161e5] [com.apple.runningboard:connection] Identity resolved as app<application.com.peachcommander.app.487016.488284(501)>
2026-09-14 14:00:38.850 Df PeachCommander[27562:161e0] [com.apple.xpc:connection] [0x858ca0280] Connection returned listener port: 0x4103
2026-09-14 14:00:38.850 A  PeachCommander[27562:161e9] (AppIntents) appintents:register process
2026-09-14 14:00:38.851 Df PeachCommander[27562:161e9] [com.apple.appintents:Connection] Created a new Process Instance Registry XPC connection (inactive)
2026-09-14 14:00:38.851 Df PeachCommander[27562:161e9] [com.apple.xpc:connection] [0x858ca08c0] activating connection: mach=true listener=false peer=false name=com.apple.linkd.autoShortcut
2026-09-14 14:00:38.851 Df PeachCommander[27562:161e9] [com.apple.appintents:Connection] Activated connection to linkd (ApplicationService)
2026-09-14 14:00:38.851 Df PeachCommander[27562:161e9] [com.apple.xpc:connection] [0x858ca0a00] activating connection: mach=false listener=true peer=false name=(anonymous)
2026-09-14 14:00:38.851 I  PeachCommander[27562:161e0] [com.apple.launchservices:cas] information in shared memory for 0x0-0x171171 with seed 533 was still valid, so using cached info { "ApplicationType"="Foreground", "BuildMachineOSBuild"="25E246", "BundleIdentifierLowerCase"="com.peachcommander.app", "CFBundleDevelopmentRegion"="en", "CFBundleDocumentTypes"=( { "CFBundleTypeName"="Peach Commander Plugin Package", "CFBundleTypeRole"="Viewer", "LSHandlerRank"="Owner", "LSItemContentTypes"=( "com.peachcommander.plugin-package") }), "CFBundleExecutable"="PeachCommander", "CFBundleExecutablePath"="/Users/admin/pc-test/PeachCommander.app/Contents/MacOS/PeachCommander", "CFBundleExecutablePathDeviceID"=16777227, "CFBundleExecutablePathINode"=488284, "CFBundleHelpBookFolder"="PeachCommander.help", "CFBundleHelpBookName"="Peach Commander Help", "CFBundleIconFile"="AppIcon", "CFBundleIconName"="AppIcon", "CFBundleIdentifier"="com.peachcommander.app", "CFBundleInfoDictionaryVersion"="6.0", "CFBundleName"="PeachCommander", "CFBundleNameLowerCase"="peachcommander", "CFBundleNumericVersion"=402685952, "CFBundlePackageType"="APPL", "CFBundleShortVersionString"="0.9.0", "CFBun<…>
2026-09-14 14:00:38.851 I  PeachCommander[27562:161e0] [com.apple.hiservices:processmgr] TransformProcessType(0x0,0x2 => 1 wasFront=1 pickNew=0)
2026-09-14 14:00:38.851 I  PeachCommander[27562:161e0] [com.apple.CoreAnalytics:client] Dropping "com.apple.appkit.app_config" as it isn't used in any transform (not in the config or budgeted?)
2026-09-14 14:00:38.851 I  PeachCommander[27562:161e9] [com.apple.appintents:Execution] LNAppConnectionListener instantiated
2026-09-14 14:00:38.851 Df PeachCommander[27562:161e9] [com.apple.xpc:connection] [0x858ca0a00] Connection returned listener port: 0x6403
2026-09-14 14:00:38.851 Df PeachCommander[27562:161e0] [com.apple.dt.xctest:Default] Registering for test daemon availability notify post.
2026-09-14 14:00:38.852 Df PeachCommander[27562:161e4] [com.apple.xpc:connection] [0x858ca08c0] Re-initialization successful; calling out to event handler with XPC_ERROR_CONNECTION_INTERRUPTED
2026-09-14 14:00:38.852 Df PeachCommander[27562:161e4] [com.apple.appintents:Connection] Process Instance Registry XPC connection has been interrupted
2026-09-14 14:00:38.852 Df PeachCommander[27562:161e0] [com.apple.dt.xctest:Default] notify_get_state check indicated test daemon not ready.
2026-09-14 14:00:38.852 E  PeachCommander[27562:161e9] [com.apple.appintents:Connection] Unable to get synchronousRemoteObjectProxy, error: Error Domain=NSCocoaErrorDomain Code=4097 "connection to service named com.apple.linkd.autoShortcut" UserInfo={NSDebugDescription=connection to service named com.apple.linkd.autoShortcut}
2026-09-14 14:00:38.852 E  PeachCommander[27562:161e9] [com.apple.AppKit:Application] Error registering app with intents framework: Error Domain=NSCocoaErrorDomain Code=4097 UserInfo={NSDebugDescription=<private>}
2026-09-14 14:00:38.852 Df PeachCommander[27562:161e4] [com.apple.appintents:Connection] Created a new Process Instance Registry XPC connection (inactive)
2026-09-14 14:00:38.852 A  PeachCommander[27562:161e4] (AppIntents) appintents:register process
2026-09-14 14:00:38.852 Df PeachCommander[27562:161e0] [com.apple.dt.xctest:Default] notify_get_state check indicated test daemon not ready.
2026-09-14 14:00:38.852 Df PeachCommander[27562:161e4] [com.apple.appintents:Connection] Created a new Process Instance Registry XPC connection (inactive)
2026-09-14 14:00:38.852 Df PeachCommander[27562:161e4] [com.apple.xpc:connection] [0x858ca0c80] activating connection: mach=true listener=false peer=false name=com.apple.linkd.autoShortcut
2026-09-14 14:00:38.852 Df PeachCommander[27562:161e0] [com.apple.dt.xctest:Default] notify_get_state check indicated test daemon not ready.
2026-09-14 14:00:38.852 Df PeachCommander[27562:161e4] [com.apple.appintents:Connection] Activated connection to linkd (ApplicationService)
2026-09-14 14:00:38.852 Df PeachCommander[27562:161e4] [com.apple.xpc:connection] [0x858ca0a00] Connection returned listener port: 0x6403
2026-09-14 14:00:38.852 Df PeachCommander[27562:161e9] [com.apple.xpc:connection] [0x858ca0c80] Re-initialization successful; calling out to event handler with XPC_ERROR_CONNECTION_INTERRUPTED
2026-09-14 14:00:38.852 Df PeachCommander[27562:161e9] [com.apple.appintents:Connection] Process Instance Registry XPC connection has been interrupted
2026-09-14 14:00:38.852 E  PeachCommander[27562:161e4] [com.apple.appintents:Connection] Unable to get synchronousRemoteObjectProxy, error: Error Domain=NSCocoaErrorDomain Code=4097 "connection to service named com.apple.linkd.autoShortcut" UserInfo={NSDebugDescription=connection to service named com.apple.linkd.autoShortcut}
2026-09-14 14:00:38.852 E  PeachCommander[27562:161e4] [com.apple.appintents:Connection] Unable to re-register with Process Instance Registry, error: Error Domain=NSCocoaErrorDomain Code=4097 "connection to service named com.apple.linkd.autoShortcut" UserInfo={NSDebugDescription=connection to service named com.apple.linkd.autoShortcut}
2026-09-14 14:00:38.852 Df PeachCommander[27562:161e9] [com.apple.appintents:Connection] Created a new Process Instance Registry XPC connection (inactive)
2026-09-14 14:00:38.852 A  PeachCommander[27562:161e9] (AppIntents) appintents:register process
2026-09-14 14:00:38.852 Df PeachCommander[27562:161e9] [com.apple.appintents:Connection] Created a new Process Instance Registry XPC connection (inactive)
2026-09-14 14:00:38.852 Df PeachCommander[27562:161e9] [com.apple.xpc:connection] [0x858ca12c0] activating connection: mach=true listener=false peer=false name=com.apple.linkd.autoShortcut
2026-09-14 14:00:38.852 Df PeachCommander[27562:161e9] [com.apple.appintents:Connection] Activated connection to linkd (ApplicationService)
2026-09-14 14:00:38.852 Df PeachCommander[27562:161e9] [com.apple.xpc:connection] [0x858ca0a00] Connection returned listener port: 0x6403
2026-09-14 14:00:38.852 Df PeachCommander[27562:161e4] [com.apple.xpc:connection] [0x858ca12c0] Re-initialization successful; calling out to event handler with XPC_ERROR_CONNECTION_INTERRUPTED
2026-09-14 14:00:38.852 Df PeachCommander[27562:161e4] [com.apple.appintents:Connection] Process Instance Registry XPC connection has been interrupted
2026-09-14 14:00:38.852 Df PeachCommander[27562:161e4] [com.apple.appintents:Connection] Created a new Process Instance Registry XPC connection (inactive)
2026-09-14 14:00:38.852 A  PeachCommander[27562:161e4] (AppIntents) appintents:register process
2026-09-14 14:00:38.852 Df PeachCommander[27562:161e4] [com.apple.appintents:Connection] Created a new Process Instance Registry XPC connection (inactive)
2026-09-14 14:00:38.852 Df PeachCommander[27562:161e4] [com.apple.xpc:connection] [0x858ca1540] activating connection: mach=true listener=false peer=false name=com.apple.linkd.autoShortcut
2026-09-14 14:00:38.853 E  PeachCommander[27562:161e9] [com.apple.appintents:Connection] Unable to get synchronousRemoteObjectProxy, error: Error Domain=NSCocoaErrorDomain Code=4097 "connection to service named com.apple.linkd.autoShortcut" UserInfo={NSDebugDescription=connection to service named com.apple.linkd.autoShortcut}
2026-09-14 14:00:38.853 E  PeachCommander[27562:161e9] [com.apple.appintents:Connection] Unable to re-register with Process Instance Registry, error: Error Domain=NSCocoaErrorDomain Code=4097 "connection to service named com.apple.linkd.autoShortcut" UserInfo={NSDebugDescription=connection to service named com.apple.linkd.autoShortcut}
2026-09-14 14:00:38.853 Df PeachCommander[27562:161e4] [com.apple.appintents:Connection] Activated connection to linkd (ApplicationService)
2026-09-14 14:00:38.853 Df PeachCommander[27562:161e4] [com.apple.xpc:connection] [0x858ca0a00] Connection returned listener port: 0x6403
2026-09-14 14:00:38.853 Df PeachCommander[27562:161e5] [com.apple.xpc:connection] [0x858ca1540] Re-initialization successful; calling out to event handler with XPC_ERROR_CONNECTION_INTERRUPTED
2026-09-14 14:00:38.853 Df PeachCommander[27562:161e5] [com.apple.appintents:Connection] Process Instance Registry XPC connection has been interrupted
2026-09-14 14:00:38.853 E  PeachCommander[27562:161e5] [com.apple.appintents:Connection] Will NOT re-try to establish the connection
2026-09-14 14:00:38.853 E  PeachCommander[27562:161e4] [com.apple.appintents:Connection] Unable to get synchronousRemoteObjectProxy, error: Error Domain=NSCocoaErrorDomain Code=4097 "connection to service named com.apple.linkd.autoShortcut" UserInfo={NSDebugDescription=connection to service named com.apple.linkd.autoShortcut}
2026-09-14 14:00:38.853 E  PeachCommander[27562:161e4] [com.apple.appintents:Connection] Unable to re-register with Process Instance Registry, error: Error Domain=NSCocoaErrorDomain Code=4097 "connection to service named com.apple.linkd.autoShortcut" UserInfo={NSDebugDescription=connection to service named com.apple.linkd.autoShortcut}
2026-09-14 14:00:38.855 A  PeachCommander[27562:161e0] (CoreFoundation) Loading Preferences From System CFPrefsD
2026-09-14 14:00:38.856 Df PeachCommander[27562:161e0] (libMobileGestalt.dylib) couldn't load support library
2026-09-14 14:00:38.856 Df PeachCommander[27562:161e0] (libMobileGestalt.dylib) called dummy function!
2026-09-14 14:00:38.856 I  PeachCommander[27562:161e0] [com.apple.GenerativeModels:availability] Current availability state: unavailable, use cases: com.apple.WritingTools, language: <any>, api: <private>
2026-09-14 14:00:38.856 Df PeachCommander[27562:161e0] [com.apple.GenerativeModels:availability] registering darwin observer for name: com.apple.gms.availability.notification
2026-09-14 14:00:38.856 Df PeachCommander[27562:161e0] [com.apple.GenerativeModels:availability] registering darwin observer for name: com.apple.os-eligibility-domain.change.greymatter
2026-09-14 14:00:38.856 Df PeachCommander[27562:161e0] [com.apple.GenerativeModels:availability] registering darwin observer for name: com.apple.language.changed
2026-09-14 14:00:38.856 Df PeachCommander[27562:161e0] [com.apple.WritingTools:Default] isAvailable value changed: isMDMAllowed = true, gmAvailable (current) = false
2026-09-14 14:00:38.858 I  PeachCommander[27562:161e0] [com.apple.CoreAnalytics:client] Dropping "com.apple.appkit.app_config" as it isn't used in any transform (not in the config or budgeted?)
2026-09-14 14:00:38.860 Df PeachCommander[27562:161e0] [com.apple.AppKit:Appearance] NSApp cache appearance:
-NSRequiresAquaSystemAppearance: 0
-appearance: (null)
-effectiveAppearance: <NSCompositeAppearance: 0x858c8c500
 (
    "<NSAquaAppearance: 0x858c8c820>",
    "<NSSystemAppearance: 0x858c8c460>"
)>
2026-09-14 14:00:38.862 A  PeachCommander[27562:161e0] (CoreFoundation) Loading Preferences From User CFPrefsD
2026-09-14 14:00:38.863 A  PeachCommander[27562:161e0] (CoreFoundation) Loading Preferences From User CFPrefsD
2026-09-14 14:00:38.866 A  PeachCommander[27562:161e5] (libsystem_info.dylib) Membership API: translate identifier
2026-09-14 14:00:38.869 I  PeachCommander[27562:161e0] [com.apple.CoreAnalytics:client] Dropping "com.apple.appkit.app_config" as it isn't used in any transform (not in the config or budgeted?)
2026-09-14 14:00:38.869 I  PeachCommander[27562:161e0] [com.apple.CoreAnalytics:client] Dropping "com.apple.appkit.app_config" as it isn't used in any transform (not in the config or budgeted?)
2026-09-14 14:00:38.870 Df PeachCommander[27562:161e9] [com.apple.xpc:connection] [0x858ca1a40] activating connection: mach=true listener=false peer=false name=com.apple.dock.fullscreen
2026-09-14 14:00:38.871 Df PeachCommander[27562:161e0] [com.apple.xpc:connection] [0x858ca1b80] activating connection: mach=true listener=false peer=false name=com.apple.fonts
2026-09-14 14:00:38.873 I  PeachCommander[27562:161e0] [com.apple.launchservices:cas] information in shared memory for 0x0-0x171171 with seed 533 was still valid, so using cached info { "ApplicationType"="Foreground", "BuildMachineOSBuild"="25E246", "BundleIdentifierLowerCase"="com.peachcommander.app", "CFBundleDevelopmentRegion"="en", "CFBundleDocumentTypes"=( { "CFBundleTypeName"="Peach Commander Plugin Package", "CFBundleTypeRole"="Viewer", "LSHandlerRank"="Owner", "LSItemContentTypes"=( "com.peachcommander.plugin-package") }), "CFBundleExecutable"="PeachCommander", "CFBundleExecutablePath"="/Users/admin/pc-test/PeachCommander.app/Contents/MacOS/PeachCommander", "CFBundleExecutablePathDeviceID"=16777227, "CFBundleExecutablePathINode"=488284, "CFBundleHelpBookFolder"="PeachCommander.help", "CFBundleHelpBookName"="Peach Commander Help", "CFBundleIconFile"="AppIcon", "CFBundleIconName"="AppIcon", "CFBundleIdentifier"="com.peachcommander.app", "CFBundleInfoDictionaryVersion"="6.0", "CFBundleName"="PeachCommander", "CFBundleNameLowerCase"="peachcommander", "CFBundleNumericVersion"=402685952, "CFBundlePackageType"="APPL", "CFBundleShortVersionString"="0.9.0", "CFBun<…>
2026-09-14 14:00:38.873 I  PeachCommander[27562:161e0] [com.apple.CoreAnalytics:client] Dropping "com.apple.appkit.app_config" as it isn't used in any transform (not in the config or budgeted?)
2026-09-14 14:00:38.873 Df PeachCommander[27562:161e0] [com.apple.AppKit:AutomaticTermination] -[NSApplication(NSAppssassination) _checkForAutomaticTerminationSupportPossiblyEnablingIt]_block_invoke Enabling automatic termination support.
2026-09-14 14:00:38.873 Df PeachCommander[27562:161e0] [com.apple.xpc:connection] [0x858ca0dc0] activating connection: mach=true listener=false peer=false name=com.apple.appkit.restoration_storage
2026-09-14 14:00:38.874 I  PeachCommander[27562:161e0] [com.apple.launchservices:cas] information in shared memory for 0x0-0x171171 with seed 533 was still valid, so using cached info { "ApplicationType"="Foreground", "BuildMachineOSBuild"="25E246", "BundleIdentifierLowerCase"="com.peachcommander.app", "CFBundleDevelopmentRegion"="en", "CFBundleDocumentTypes"=( { "CFBundleTypeName"="Peach Commander Plugin Package", "CFBundleTypeRole"="Viewer", "LSHandlerRank"="Owner", "LSItemContentTypes"=( "com.peachcommander.plugin-package") }), "CFBundleExecutable"="PeachCommander", "CFBundleExecutablePath"="/Users/admin/pc-test/PeachCommander.app/Contents/MacOS/PeachCommander", "CFBundleExecutablePathDeviceID"=16777227, "CFBundleExecutablePathINode"=488284, "CFBundleHelpBookFolder"="PeachCommander.help", "CFBundleHelpBookName"="Peach Commander Help", "CFBundleIconFile"="AppIcon", "CFBundleIconName"="AppIcon", "CFBundleIdentifier"="com.peachcommander.app", "CFBundleInfoDictionaryVersion"="6.0", "CFBundleName"="PeachCommander", "CFBundleNameLowerCase"="peachcommander", "CFBundleNumericVersion"=402685952, "CFBundlePackageType"="APPL", "CFBundleShortVersionString"="0.9.0", "CFBun<…>
2026-09-14 14:00:38.874 Df PeachCommander[27562:161e0] [com.apple.xpc:connection] [0x858ca0f00] activating connection: mach=true listener=false peer=false name=com.apple.coreservices.appleevents
2026-09-14 14:00:38.874 I  PeachCommander[27562:161e0] [com.apple.appleevents:main] _AEGetRegisteredMachPort() created default port (port:44803/0xaf03 rcv:1 send:1 limit:5) and registered it with server
2026-09-14 14:00:38.874 Df PeachCommander[27562:161e0] [com.apple.xpc:connection] [0x858ca0280] Connection returned listener port: 0x4103
2026-09-14 14:00:38.874 I  PeachCommander[27562:161e0] [com.apple.launchservices:cas] information in shared memory for 0x0-0x171171 with seed 533 was still valid, so using cached info { "ApplicationType"="Foreground", "BuildMachineOSBuild"="25E246", "BundleIdentifierLowerCase"="com.peachcommander.app", "CFBundleDevelopmentRegion"="en", "CFBundleDocumentTypes"=( { "CFBundleTypeName"="Peach Commander Plugin Package", "CFBundleTypeRole"="Viewer", "LSHandlerRank"="Owner", "LSItemContentTypes"=( "com.peachcommander.plugin-package") }), "CFBundleExecutable"="PeachCommander", "CFBundleExecutablePath"="/Users/admin/pc-test/PeachCommander.app/Contents/MacOS/PeachCommander", "CFBundleExecutablePathDeviceID"=16777227, "CFBundleExecutablePathINode"=488284, "CFBundleHelpBookFolder"="PeachCommander.help", "CFBundleHelpBookName"="Peach Commander Help", "CFBundleIconFile"="AppIcon", "CFBundleIconName"="AppIcon", "CFBundleIdentifier"="com.peachcommander.app", "CFBundleInfoDictionaryVersion"="6.0", "CFBundleName"="PeachCommander", "CFBundleNameLowerCase"="peachcommander", "CFBundleNumericVersion"=402685952, "CFBundlePackageType"="APPL", "CFBundleShortVersionString"="0.9.0", "CFBun<…>
2026-09-14 14:00:38.874 Df PeachCommander[27562:161e0] [com.apple.processmanager:front-35286506] SignalReady: pid=27562 asn=0x0-0x171171
2026-09-14 14:00:38.874 Df PeachCommander[27562:161e0] [com.apple.processmanager:front-35286506] SIGNAL: pid=27562 asn=0x0x-0x171171
2026-09-14 14:00:38.874 I  PeachCommander[27562:161e0] [com.apple.appleevents:main] aeGenerateFakeFirstOAPPEventIfNecessary()
2026-09-14 14:00:38.874 I  PeachCommander[27562:161e0] [com.apple.appleevents:main] aeGenerateFakeFirstOAPPEventIfNecessary(), needToCreateFakeOAPPEventIfFirstEvent == true
2026-09-14 14:00:38.874 I  PeachCommander[27562:161e0] [com.apple.launchservices:cas] Removing cached information for app [ 0x0-0x171171]  "PeachCommander", as its seed is different from that in shared memory ( 533 vs 535)
2026-09-14 14:00:38.875 I  PeachCommander[27562:161e0] [com.apple.CFPasteboard:entry] CopyData('DefaultAsciiKeyboardLayoutPasteboard' (<CFUUID 0x858d5c3e0> 26D4A620-676C-4C85-80DB-466A650ECBCC) gen: -1 item: 1264739405 flavor: 'DefaultAsciiKeyboardLayoutFlavor')
2026-09-14 14:00:38.875 I  PeachCommander[27562:161e0] [com.apple.CFPasteboard:cache] Rebuilding cache for 'DefaultAsciiKeyboardLayoutPasteboard' (<CFUUID 0x858d5c3e0> 26D4A620-676C-4C85-80DB-466A650ECBCC)
2026-09-14 14:00:38.875 I  PeachCommander[27562:161e0] [com.apple.CFPasteboard:exit] (not-in-cache) - result: -8 generation: 0 null data flags: 0
2026-09-14 14:00:38.875 A  PeachCommander[27562:161e0] (CoreFoundation) Loading Preferences From User CFPrefsD
2026-09-14 14:00:38.875 A  PeachCommander[27562:161e0] (CoreFoundation) Loading Preferences From System CFPrefsD
2026-09-14 14:00:38.876 I  PeachCommander[27562:161e0] [com.apple.CFPasteboard:entry] CopyData('AppleIntlFileCacheModificationDatePasteboard' (<CFUUID 0x858d5cc40> 652CB001-A0DC-41F4-96C8-9048E735FFFA) gen: -1 item: 1 flavor: '-32766 1768845414')
2026-09-14 14:00:38.876 I  PeachCommander[27562:161e0] [com.apple.CFPasteboard:cache] Rebuilding cache for 'AppleIntlFileCacheModificationDatePasteboard' (<CFUUID 0x858d5cc40> 652CB001-A0DC-41F4-96C8-9048E735FFFA)
2026-09-14 14:00:38.876 I  PeachCommander[27562:161e0] [com.apple.CFPasteboard:general] Will request data from daemon
2026-09-14 14:00:38.876 I  PeachCommander[27562:161e0] [com.apple.CFPasteboard:exit] (not-in-cache) - result: 0 generation: 7 data (310 bytes) flags: 0
2026-09-14 14:00:38.876 I  PeachCommander[27562:161e0] [com.apple.CFPasteboard:entry] CopyData('AppleIntlFileCacheModificationDatePasteboard' (<CFUUID 0x858d5cc40> 652CB001-A0DC-41F4-96C8-9048E735FFFA) gen: -1 item: 1 flavor: '-32765 1802264953')
2026-09-14 14:00:38.876 I  PeachCommander[27562:161e0] [com.apple.CFPasteboard:general] Will request data from daemon
2026-09-14 14:00:38.876 I  PeachCommander[27562:161e0] [com.apple.CFPasteboard:exit] (not-in-cache) - result: 0 generation: 7 data (306 bytes) flags: 0
2026-09-14 14:00:38.876 I  PeachCommander[27562:161e0] [com.apple.CFPasteboard:entry] CopyData('AppleIntlFileCacheModificationDatePasteboard' (<CFUUID 0x858d5cc40> 652CB001-A0DC-41F4-96C8-9048E735FFFA) gen: -1 item: 1 flavor: '-32764 1802264953')
2026-09-14 14:00:38.876 I  PeachCommander[27562:161e0] [com.apple.CFPasteboard:general] Will request data from daemon
2026-09-14 14:00:38.876 I  PeachCommander[27562:161e0] [com.apple.CFPasteboard:exit] (not-in-cache) - result: 0 generation: 7 data (281 bytes) flags: 0
2026-09-14 14:00:38.876 I  PeachCommander[27562:161e0] [com.apple.CFPasteboard:entry] CopyData('AppleIntlFileCacheModificationDatePasteboard' (<CFUUID 0x858d5cc40> 652CB001-A0DC-41F4-96C8-9048E735FFFA) gen: -1 item: 1 flavor: '-32763 1802264953')
2026-09-14 14:00:38.876 I  PeachCommander[27562:161e0] [com.apple.CFPasteboard:general] Will request data from daemon
2026-09-14 14:00:38.876 I  PeachCommander[27562:161e0] [com.apple.CFPasteboard:exit] (not-in-cache) - result: 0 generation: 7 data (318 bytes) flags: 0
2026-09-14 14:00:38.876 I  PeachCommander[27562:161e0] [com.apple.CFPasteboard:entry] CopyData('AppleIntlFileCacheModificationDatePasteboard' (<CFUUID 0x858d5cc40> 652CB001-A0DC-41F4-96C8-9048E735FFFA) gen: -1 item: 1 flavor: '-32765 1768845414')
2026-09-14 14:00:38.876 I  PeachCommander[27562:161e0] [com.apple.CFPasteboard:general] Will request data from daemon
2026-09-14 14:00:38.876 I  PeachCommander[27562:161e0] [com.apple.CFPasteboard:exit] (not-in-cache) - result: 0 generation: 7 data (303 bytes) flags: 0
2026-09-14 14:00:38.876 I  PeachCommander[27562:161e0] [com.apple.CFPasteboard:entry] CopyData('AppleIntlFileCacheModificationDatePasteboard' (<CFUUID 0x858d5cc40> 652CB001-A0DC-41F4-96C8-9048E735FFFA) gen: -1 item: 1 flavor: '-32763 1768845414')
2026-09-14 14:00:38.876 I  PeachCommander[27562:161e0] [com.apple.CFPasteboard:general] Will request data from daemon
2026-09-14 14:00:38.876 I  PeachCommander[27562:161e0] [com.apple.CFPasteboard:exit] (not-in-cache) - result: 0 generation: 7 data (315 bytes) flags: 0
2026-09-14 14:00:38.877 I  PeachCommander[27562:161e0] [com.apple.launchservices:cas] information in shared memory for 0x0-0x171171 with seed 535 was still valid, so using cached info { "ApplicationType"="Foreground", "BuildMachineOSBuild"="25E246", "BundleIdentifierLowerCase"="com.peachcommander.app", "CFBundleDevelopmentRegion"="en", "CFBundleDocumentTypes"=( { "CFBundleTypeName"="Peach Commander Plugin Package", "CFBundleTypeRole"="Viewer", "LSHandlerRank"="Owner", "LSItemContentTypes"=( "com.peachcommander.plugin-package") }), "CFBundleExecutable"="PeachCommander", "CFBundleExecutablePath"="/Users/admin/pc-test/PeachCommander.app/Contents/MacOS/PeachCommander", "CFBundleExecutablePathDeviceID"=16777227, "CFBundleExecutablePathINode"=488284, "CFBundleHelpBookFolder"="PeachCommander.help", "CFBundleHelpBookName"="Peach Commander Help", "CFBundleIconFile"="AppIcon", "CFBundleIconName"="AppIcon", "CFBundleIdentifier"="com.peachcommander.app", "CFBundleInfoDictionaryVersion"="6.0", "CFBundleName"="PeachCommander", "CFBundleNameLowerCase"="peachcommander", "CFBundleNumericVersion"=402685952, "CFBundlePackageType"="APPL", "CFBundleShortVersionString"="0.9.0", "CFBun<…>
2026-09-14 14:00:38.877 Df PeachCommander[27562:161e0] [com.apple.xpc:connection] [0x858ca1e00] activating connection: mach=false listener=false peer=false name=com.apple.ViewBridgeAuxiliary
2026-09-14 14:00:38.882 Df PeachCommander[27562:161e0] [com.apple.xpc:connection] [0x858ca1cc0] activating connection: mach=false listener=false peer=false name=(anonymous)
2026-09-14 14:00:38.882 Df PeachCommander[27562:161e0] [com.apple.xpc:connection] [0x858ca1f40] activating connection: mach=false listener=true peer=false name=(anonymous)
2026-09-14 14:00:38.882 Df PeachCommander[27562:161e0] [com.apple.xpc:connection] [0x858ca1f40] Connection returned listener port: 0xb903
2026-09-14 14:00:38.882 Df PeachCommander[27562:161e0] [com.apple.xpc:connection] [0x858ca1e00] invalidated after the last release of the connection object
2026-09-14 14:00:38.883 I  PeachCommander[27562:161e0] [com.apple.showhide:pr-59900543] SHOWHIDE: SHOW id=616 0x0-0x171171, err=0 eventTime=1892547776291 windowID=0
2026-09-14 14:00:38.883 I  PeachCommander[27562:161e0] [com.apple.CarbonCore:coreservicesdaemon] findOrCreateCacheable():findOrCreateCacheable(), factoryName=3 cacheableName=<private> fCacheables.size()=0
2026-09-14 14:00:38.883 I  PeachCommander[27562:161e0] [com.apple.CarbonCore:coreservicesdaemon] findOrCreateCacheable():findOrCreateCacheable(), result = 0x859149580 (should be non-NULL)
2026-09-14 14:00:38.883 Df PeachCommander[27562:161e0] [com.apple.AppKit:AutomaticTermination] void _NSDisableAutomaticTerminationAndLog(NSString *) Restoring windows
2026-09-14 14:00:38.883 Df PeachCommander[27562:161e0] [com.apple.AppKit:StateRestoration] -[NSApplication _reopenWindowsAsNecessaryIncludingRestorableState:withFullFidelity:completionHandler:] shouldRestoreState=1 hasPersistentStateToRestore=0 shouldStillRestoreStateAfterPrompting=0
2026-09-14 14:00:38.883 Df PeachCommander[27562:161e0] [com.apple.xpc:connection] [0x858ca1e00] activating connection: mach=true listener=false peer=false name=com.apple.window_proxies
2026-09-14 14:00:38.883 Df PeachCommander[27562:161e0] [com.apple.xpc:connection] [0x858ca1e00] invalidated because the current process cancelled the connection by calling xpc_connection_cancel()
2026-09-14 14:00:38.883 I  PeachCommander[27562:161e0] [com.apple.SkyLight:processes] 0[outside of RPC]: SLSSetFrontProcessWithInfo(0x0-0x2 window=0 options=0x1
2026-09-14 14:00:38.884 I  PeachCommander[27562:161e0] [com.apple.CoreAnalytics:client] Dropping "com.apple.appkit.app_config" as it isn't used in any transform (not in the config or budgeted?)
2026-09-14 14:00:38.884 Df PeachCommander[27562:161e0] [com.apple.AppKit:AutomaticTermination] void _NSEnableAutomaticTerminationAndLog(NSString *) Restoring windows
2026-09-14 14:00:38.886 I  PeachCommander[27562:161e0] [com.apple.CoreAnalytics:client] Dropping "com.apple.appkit.app_config" as it isn't used in any transform (not in the config or budgeted?)
2026-09-14 14:00:38.886 I  PeachCommander[27562:161e0] [com.apple.CoreAnalytics:client] Dropping "com.apple.appkit.app_config" as it isn't used in any transform (not in the config or budgeted?)
2026-09-14 14:00:38.894 A  PeachCommander[27562:161e0] (CoreFoundation) Loading Preferences From User CFPrefsD
2026-09-14 14:00:38.900 I  PeachCommander[27562:161e0] [com.peachcommander:PCFoundation] VolumeManager initialized
2026-09-14 14:00:38.917 Df PeachCommander[27562:161e0] [com.apple.BoardServices:XPCErrors] [C:1] Alloc <private>
2026-09-14 14:00:38.917 Df PeachCommander[27562:161e0] [com.apple.xpc:connection] [0x858ff5180] activating connection: mach=false listener=false peer=false name=(anonymous)
2026-09-14 14:00:38.919 I  PeachCommander[27562:161e0] [com.apple.AppKit:Window] context (0 -> e3aa9131) for window 5d1
2026-09-14 14:00:38.919 Df PeachCommander[27562:161e9] [com.apple.corespotlight:index] (<private>) deleteSearchableItemsWithDomainIdentifiers, protectionClass:(null), domainIdentifiers number:1
2026-09-14 14:00:38.919 A  PeachCommander[27562:161e9] (CoreSpotlight) delete-domains
2026-09-14 14:00:38.919 Df PeachCommander[27562:161e9] [com.apple.corespotlight:index] CSInlineDonation:<private>: Skipping donation (feature flag disabled)
2026-09-14 14:00:38.919 Df PeachCommander[27562:161e9] (CoreSpotlight) sConnectionName: com.apple.spotlight.IndexAgent
2026-09-14 14:00:38.919 Df PeachCommander[27562:161e9] (CoreSpotlight) Start service name com.apple.spotlight.IndexAgent
2026-09-14 14:00:38.919 Df PeachCommander[27562:161e9] [com.apple.xpc:connection] [0x858ff5400] activating connection: mach=true listener=false peer=false name=com.apple.spotlight.IndexAgent
2026-09-14 14:00:38.919 I  PeachCommander[27562:161e0] [com.peachcommander:PCFoundation] MainWindowController initialized (config: <private>)
2026-09-14 14:00:38.920 I  PeachCommander[27562:161e0] [com.peachcommander:PCFoundation] SelectionState initialized
2026-09-14 14:00:38.920 I  PeachCommander[27562:161e0] [com.peachcommander:PCFoundation] DirectoryModel initialized
2026-09-14 14:00:38.920 I  PeachCommander[27562:161e0] [com.peachcommander:PCFoundation] VolumeManager initialized
2026-09-14 14:00:38.920 I  PeachCommander[27562:161e0] [com.peachcommander:PCFoundation] PanelController initialized for <private> panel
2026-09-14 14:00:38.920 I  PeachCommander[27562:161e0] [com.peachcommander:PCFoundation] SelectionState initialized
2026-09-14 14:00:38.920 I  PeachCommander[27562:161e0] [com.peachcommander:PCFoundation] DirectoryModel initialized
2026-09-14 14:00:38.920 I  PeachCommander[27562:161e0] [com.peachcommander:PCFoundation] VolumeManager initialized
2026-09-14 14:00:38.920 I  PeachCommander[27562:161e0] [com.peachcommander:PCFoundation] PanelController initialized for <private> panel
2026-09-14 14:00:38.923 I  PeachCommander[27562:161e0] [com.apple.AppKit:Animation] Running new animation: <private>
2026-09-14 14:00:38.923 I  PeachCommander[27562:161e0] [com.apple.AppKit:Animation] Running new animation: <private>
2026-09-14 14:00:38.923 I  PeachCommander[27562:161e0] [com.apple.AppKit:Animation] Running new animation: <private>
2026-09-14 14:00:38.923 I  PeachCommander[27562:161e0] [com.apple.AppKit:Animation] Running new animation: <private>
2026-09-14 14:00:38.923 I  PeachCommander[27562:161e0] [com.apple.AppKit:Animation] Running new animation: <private>
2026-09-14 14:00:38.924 A  PeachCommander[27562:161e5] (RunningBoardServices) didChangeInheritances
2026-09-14 14:00:38.925 I  PeachCommander[27562:161e0] [com.apple.AppKit:Animation] Running new animation: <private>
2026-09-14 14:00:38.925 I  PeachCommander[27562:161e0] [com.apple.AppKit:Animation] Running new animation: <private>
2026-09-14 14:00:38.925 I  PeachCommander[27562:161e0] [com.apple.AppKit:Animation] Running new animation: <private>
2026-09-14 14:00:38.925 I  PeachCommander[27562:161e0] [com.apple.AppKit:Animation] Running new animation: <private>
2026-09-14 14:00:38.925 I  PeachCommander[27562:161e0] [com.apple.AppKit:Animation] Running new animation: <private>
2026-09-14 14:00:38.931 I  PeachCommander[27562:161e0] [com.apple.CoreAnalytics:client] Dropping "com.apple.appkit.app_config" as it isn't used in any transform (not in the config or budgeted?)
2026-09-14 14:00:38.934 I  PeachCommander[27562:161e0] [com.apple.CoreAnalytics:client] Dropping "com.apple.appkit.app_config" as it isn't used in any transform (not in the config or budgeted?)
2026-09-14 14:00:38.937 I  PeachCommander[27562:161e0] [com.apple.launchservices:datasep] application record search init. Node: <FSNode 0x85995eb20> { isDir = ?, path = <private> } bundleID: (null) itemID: 0
2026-09-14 14:00:38.938 I  PeachCommander[27562:161e0] [com.apple.GenerativeModels:availability] Current availability state: unavailable, use cases: com.apple.Settings.AppleIntelligence,com.apple.Siri.NLRouter, language: en, api: <private>
2026-09-14 14:00:38.938 Df PeachCommander[27562:161e0] [com.apple.GenerativeModels:availability] isOkayToHaveAsset: False
2026-09-14 14:00:38.938 E  PeachCommander[27562:161e0] [com.apple.siri:Utility] AFIsDeviceGreymatterEligible Missing entitlements for os_eligibility lookup
2026-09-14 14:00:38.938 I  PeachCommander[27562:161e0] [com.apple.GenerativeModels:availability] Current availability state: unavailable, use cases: com.apple.Settings.AppleIntelligence, language: en, api: <private>
2026-09-14 14:00:38.938 Df PeachCommander[27562:161e0] [com.apple.GenerativeModels:availability] isOkayToHaveAsset: False
2026-09-14 14:00:38.938 Df PeachCommander[27562:161e0] [com.apple.siri:Utility] -[AFSystemAssistantExperienceStatusManager fetchGenerativeModelsAvailability] #SAEStatus #cacheUpdate Updating cache:
deviceSupportsSAE: 0 (0)
       saeEnabled: 0 (0)
     saeAvailable: 0 (0)
      swaiEnabled: 0 (0)
        viEnabled: 0 (0)
        siriAvailability:
        <private>
        ((null))
2026-09-14 14:00:38.938 Df PeachCommander[27562:161e0] [com.apple.xpc:connection] [0x858acc140] activating connection: mach=true listener=false peer=false name=com.apple.iconservices
2026-09-14 14:00:38.939 Df PeachCommander[27562:161e0] [com.apple.xpc:connection] [0x858acc280] activating connection: mach=true listener=false peer=false name=com.apple.iconservices.store
2026-09-14 14:00:38.943 I  PeachCommander[27562:161e0] [com.peachcommander:Theme] no user themes in /Users/admin/pc-cfg/themes
2026-09-14 14:00:38.943 Df PeachCommander[27562:161e0] [com.apple.AppKit:Appearance] Invalidate NSApp effectiveAppearance
2026-09-14 14:00:38.943 Df PeachCommander[27562:161e0] [com.apple.AppKit:Appearance] NSApp cache appearance:
-NSRequiresAquaSystemAppearance: 0
-appearance: (null)
-effectiveAppearance: <NSCompositeAppearance: 0x858c8c500
 (
    "<NSAquaAppearance: 0x858c8c820>",
    "<NSSystemAppearance: 0x858c8c460>"
)>
2026-09-14 14:00:38.943 A  PeachCommander[27562:161e9] (libsystem_info.dylib) Retrieve Group by ID
2026-09-14 14:00:38.944 I  PeachCommander[27562:161e0] [com.peachcommander:PCFoundation] Theme applied: id=system, appearance=system, dark=false, background=#FFFFFF
2026-09-14 14:00:38.970 I  PeachCommander[27562:161e0] [com.apple.iconservices:foundation] layer data size zero
2026-09-14 14:00:38.970 I  PeachCommander[27562:161e0] [com.apple.CoreAnalytics:client] Dropping "com.apple.appkit.app_config" as it isn't used in any transform (not in the config or budgeted?)
2026-09-14 14:00:38.974 I  PeachCommander[27562:161e0] [com.peachcommander:PCFoundation] Keymap loaded: scheme=<private>, 82 effective bindings
2026-09-14 14:00:38.975 I  PeachCommander[27562:161e0] [com.apple.AppKit:Animation] Running new animation: <private>
2026-09-14 14:00:38.975 I  PeachCommander[27562:161e0] [com.apple.AppKit:Animation] Running new animation: <private>
2026-09-14 14:00:38.975 I  PeachCommander[27562:161e0] [com.apple.AppKit:Animation] Running new animation: <private>
2026-09-14 14:00:38.975 I  PeachCommander[27562:161e0] [com.apple.AppKit:Animation] Running new animation: <private>
2026-09-14 14:00:38.975 I  PeachCommander[27562:161e0] [com.apple.AppKit:Animation] Running new animation: <private>
2026-09-14 14:00:38.975 I  PeachCommander[27562:161e0] [com.apple.AppKit:Animation] Running new animation: <private>
2026-09-14 14:00:38.975 I  PeachCommander[27562:161e0] [com.apple.AppKit:Animation] Running new animation: <private>
2026-09-14 14:00:38.975 I  PeachCommander[27562:161e0] [com.apple.AppKit:Animation] Running new animation: <private>
2026-09-14 14:00:38.975 I  PeachCommander[27562:161e0] [com.apple.AppKit:Animation] Running new animation: <private>
2026-09-14 14:00:38.975 I  PeachCommander[27562:161e0] [com.apple.AppKit:Animation] Running new animation: <private>
2026-09-14 14:00:38.977 I  PeachCommander[27562:161e0] [com.apple.CoreAnalytics:client] Dropping "<private>" as it isn't used in any transform (not in the config or budgeted?)
2026-09-14 14:00:38.978 I  PeachCommander[27562:161e0] [com.apple.CoreAnalytics:client] Dropping "<private>" as it isn't used in any transform (not in the config or budgeted?)
2026-09-14 14:00:38.978 I  PeachCommander[27562:161e0] [com.apple.CoreAnalytics:client] Dropping "<private>" as it isn't used in any transform (not in the config or budgeted?)
2026-09-14 14:00:38.978 I  PeachCommander[27562:161e0] [com.peachcommander:PCFoundation] MainWindowController window loaded
2026-09-14 14:00:38.978 I  PeachCommander[27562:161e0] [com.apple.launchservices:cas] information in shared memory for 0x0-0x171171 with seed 535 was still valid, so using cached info { "ApplicationType"="Foreground", "BuildMachineOSBuild"="25E246", "BundleIdentifierLowerCase"="com.peachcommander.app", "CFBundleDevelopmentRegion"="en", "CFBundleDocumentTypes"=( { "CFBundleTypeName"="Peach Commander Plugin Package", "CFBundleTypeRole"="Viewer", "LSHandlerRank"="Owner", "LSItemContentTypes"=( "com.peachcommander.plugin-package") }), "CFBundleExecutable"="PeachCommander", "CFBundleExecutablePath"="/Users/admin/pc-test/PeachCommander.app/Contents/MacOS/PeachCommander", "CFBundleExecutablePathDeviceID"=16777227, "CFBundleExecutablePathINode"=488284, "CFBundleHelpBookFolder"="PeachCommander.help", "CFBundleHelpBookName"="Peach Commander Help", "CFBundleIconFile"="AppIcon", "CFBundleIconName"="AppIcon", "CFBundleIdentifier"="com.peachcommander.app", "CFBundleInfoDictionaryVersion"="6.0", "CFBundleName"="PeachCommander", "CFBundleNameLowerCase"="peachcommander", "CFBundleNumericVersion"=402685952, "CFBundlePackageType"="APPL", "CFBundleShortVersionString"="0.9.0", "CFBun<…>
2026-09-14 14:00:38.979 I  PeachCommander[27562:161e0] [com.apple.launchservices:cas] information in shared memory for 0x0-0x171171 with seed 535 was still valid, so using cached info { "ApplicationType"="Foreground", "BuildMachineOSBuild"="25E246", "BundleIdentifierLowerCase"="com.peachcommander.app", "CFBundleDevelopmentRegion"="en", "CFBundleDocumentTypes"=( { "CFBundleTypeName"="Peach Commander Plugin Package", "CFBundleTypeRole"="Viewer", "LSHandlerRank"="Owner", "LSItemContentTypes"=( "com.peachcommander.plugin-package") }), "CFBundleExecutable"="PeachCommander", "CFBundleExecutablePath"="/Users/admin/pc-test/PeachCommander.app/Contents/MacOS/PeachCommander", "CFBundleExecutablePathDeviceID"=16777227, "CFBundleExecutablePathINode"=488284, "CFBundleHelpBookFolder"="PeachCommander.help", "CFBundleHelpBookName"="Peach Commander Help", "CFBundleIconFile"="AppIcon", "CFBundleIconName"="AppIcon", "CFBundleIdentifier"="com.peachcommander.app", "CFBundleInfoDictionaryVersion"="6.0", "CFBundleName"="PeachCommander", "CFBundleNameLowerCase"="peachcommander", "CFBundleNumericVersion"=402685952, "CFBundlePackageType"="APPL", "CFBundleShortVersionString"="0.9.0", "CFBun<…>
2026-09-14 14:00:38.988 I  PeachCommander[27562:161e0] [com.apple.AppKit:Window] order window front conditionally: 5d1 related: 0
2026-09-14 14:00:38.988 Df PeachCommander[27562:161e0] [com.apple.AppKit:AutomaticTermination] void _NSEnableAutomaticTerminationAndLog(NSString *) No windows open yet
2026-09-14 14:00:38.989 I  PeachCommander[27562:161e0] [com.apple.AppKit:Intelligence] starting collection observation
2026-09-14 14:00:38.989 Df PeachCommander[27562:161e5] [com.apple.UIIntelligenceSupport:xpc] establishing connection to agent
2026-09-14 14:00:38.989 Df PeachCommander[27562:161e5] [com.apple.xpc:session] [0x85848d130] Session created.
2026-09-14 14:00:38.989 Df PeachCommander[27562:161e5] [com.apple.xpc:session] [0x85848d130] Session created from connection [0x858ace300]
2026-09-14 14:00:38.989 Df PeachCommander[27562:161e5] [com.apple.xpc:connection] [0x858ace300] activating connection: mach=true listener=false peer=false name=com.apple.uiintelligencesupport.agent
2026-09-14 14:00:38.989 Df PeachCommander[27562:161e5] [com.apple.xpc:session] [0x85848d130] Session activated
2026-09-14 14:00:38.989 I  PeachCommander[27562:161e0] [com.apple.SkyLight:processes] 0[outside of RPC]: SLSSetFrontProcessWithInfo(0x0-0x2 window=0 options=0x1
2026-09-14 14:00:38.989 Df PeachCommander[27562:161e9] [com.apple.UIIntelligenceSupport:xpc] Connection established with agent PID: 1213
2026-09-14 14:00:38.989 I  PeachCommander[27562:161e0] [com.apple.launchservices:cas] information in shared memory for 0x0-0x171171 with seed 535 was still valid, so using cached info { "ApplicationType"="Foreground", "BuildMachineOSBuild"="25E246", "BundleIdentifierLowerCase"="com.peachcommander.app", "CFBundleDevelopmentRegion"="en", "CFBundleDocumentTypes"=( { "CFBundleTypeName"="Peach Commander Plugin Package", "CFBundleTypeRole"="Viewer", "LSHandlerRank"="Owner", "LSItemContentTypes"=( "com.peachcommander.plugin-package") }), "CFBundleExecutable"="PeachCommander", "CFBundleExecutablePath"="/Users/admin/pc-test/PeachCommander.app/Contents/MacOS/PeachCommander", "CFBundleExecutablePathDeviceID"=16777227, "CFBundleExecutablePathINode"=488284, "CFBundleHelpBookFolder"="PeachCommander.help", "CFBundleHelpBookName"="Peach Commander Help", "CFBundleIconFile"="AppIcon", "CFBundleIconName"="AppIcon", "CFBundleIdentifier"="com.peachcommander.app", "CFBundleInfoDictionaryVersion"="6.0", "CFBundleName"="PeachCommander", "CFBundleNameLowerCase"="peachcommander", "CFBundleNumericVersion"=402685952, "CFBundlePackageType"="APPL", "CFBundleShortVersionString"="0.9.0", "CFBun<…>
2026-09-14 14:00:38.990 Df PeachCommander[27562:161e0] [com.apple.xpc:connection] [0x858ace440] activating connection: mach=true listener=false peer=false name=com.apple.FileCoordination
2026-09-14 14:00:38.990 Df PeachCommander[27562:161e9] [com.apple.foundation.filecoordination:presenter] Adding presenter 2F68FBDB-8948-408C-8096-C3D9651E86AC for URL: <private>
2026-09-14 14:00:38.990 I  PeachCommander[27562:161e0] [com.apple.launchservices:cas] information in shared memory for 0x0-0x171171 with seed 535 was still valid, so using cached info { "ApplicationType"="Foreground", "BuildMachineOSBuild"="25E246", "BundleIdentifierLowerCase"="com.peachcommander.app", "CFBundleDevelopmentRegion"="en", "CFBundleDocumentTypes"=( { "CFBundleTypeName"="Peach Commander Plugin Package", "CFBundleTypeRole"="Viewer", "LSHandlerRank"="Owner", "LSItemContentTypes"=( "com.peachcommander.plugin-package") }), "CFBundleExecutable"="PeachCommander", "CFBundleExecutablePath"="/Users/admin/pc-test/PeachCommander.app/Contents/MacOS/PeachCommander", "CFBundleExecutablePathDeviceID"=16777227, "CFBundleExecutablePathINode"=488284, "CFBundleHelpBookFolder"="PeachCommander.help", "CFBundleHelpBookName"="Peach Commander Help", "CFBundleIconFile"="AppIcon", "CFBundleIconName"="AppIcon", "CFBundleIdentifier"="com.peachcommander.app", "CFBundleInfoDictionaryVersion"="6.0", "CFBundleName"="PeachCommander", "CFBundleNameLowerCase"="peachcommander", "CFBundleNumericVersion"=402685952, "CFBundlePackageType"="APPL", "CFBundleShortVersionString"="0.9.0", "CFBun<…>
2026-09-14 14:00:38.993 I  PeachCommander[27562:161e0] [com.apple.AppKit:Window] order all windows front 1892547776291
2026-09-14 14:00:38.993 I  PeachCommander[27562:161e0] [com.apple.launchservices:cas] information in shared memory for 0x0-0x171171 with seed 535 was still valid, so using cached info { "ApplicationType"="Foreground", "BuildMachineOSBuild"="25E246", "BundleIdentifierLowerCase"="com.peachcommander.app", "CFBundleDevelopmentRegion"="en", "CFBundleDocumentTypes"=( { "CFBundleTypeName"="Peach Commander Plugin Package", "CFBundleTypeRole"="Viewer", "LSHandlerRank"="Owner", "LSItemContentTypes"=( "com.peachcommander.plugin-package") }), "CFBundleExecutable"="PeachCommander", "CFBundleExecutablePath"="/Users/admin/pc-test/PeachCommander.app/Contents/MacOS/PeachCommander", "CFBundleExecutablePathDeviceID"=16777227, "CFBundleExecutablePathINode"=488284, "CFBundleHelpBookFolder"="PeachCommander.help", "CFBundleHelpBookName"="Peach Commander Help", "CFBundleIconFile"="AppIcon", "CFBundleIconName"="AppIcon", "CFBundleIdentifier"="com.peachcommander.app", "CFBundleInfoDictionaryVersion"="6.0", "CFBundleName"="PeachCommander", "CFBundleNameLowerCase"="peachcommander", "CFBundleNumericVersion"=402685952, "CFBundlePackageType"="APPL", "CFBundleShortVersionString"="0.9.0", "CFBun<…>
2026-09-14 14:00:38.993 I  PeachCommander[27562:161e0] [com.apple.showhide:pr-59900543] SHOWHIDE: CONFIRM, id=616, err=0
2026-09-14 14:00:38.993 I  PeachCommander[27562:161e0] [com.apple.AppKit:Window] context (0 -> a0cbb7e8) for window 5d0
2026-09-14 14:00:38.993 I  PeachCommander[27562:161e0] [com.apple.AppKit:Window] context (0 -> 912952cf) for window 5cf
2026-09-14 14:00:38.993 I  PeachCommander[27562:161e0] [com.apple.AppKit:Window] context (0 -> 9fe90b9c) for window 5ce
2026-09-14 14:00:38.993 I  PeachCommander[27562:161e0] [com.apple.AppKit:Window] context (0 -> 8d3c3195) for window 5cd
2026-09-14 14:00:39.019 Df PeachCommander[27562:161e0] [com.apple.AppKit:AutomaticTermination] void _updateToReflectAutomaticTerminationState(void) Setting _kLSApplicationWouldBeTerminatedByTALKey=0
2026-09-14 14:00:39.019 I  PeachCommander[27562:161e0] [com.apple.runningboard:assertion] Acquiring assertion: <RBSAssertionDescriptor| "AppNap adapter assertion" ID:(null) target:27562>
2026-09-14 14:00:39.053 A  PeachCommander[27562:161e5] (RunningBoardServices) didChangeInheritances
2026-09-14 14:00:39.077 Df PeachCommander[27562:161e0] [com.apple.libsystem.libdispatch:] DEPRECATED USE in libdispatch client: dispatch source activated with no event handler set; set a breakpoint on _dispatch_bug_deprecated to debug
2026-09-14 14:00:39.172 I  PeachCommander[27562:161e0] [com.apple.coreanimation:Utilities] IOSurface Compression Enabled: NO
2026-09-14 14:00:39.173 Df PeachCommander[27562:161e4] [com.apple.coreanimation:Metal] Precompiled pipelines disabled on unsupported hardware.
2026-09-14 14:00:39.185 I  PeachCommander[27562:161e0] [com.apple.CarbonCore:gestalt] SetGestaltValuesBulk SetGestaltValuesBulk( count=22 tuples=0x184a9e650
2026-09-14 14:00:39.185 I  PeachCommander[27562:161e0] [com.apple.CarbonCore:gestalt] SetGestaltValue SetGestaltValue(alis 1C9) => 0
2026-09-14 14:00:39.185 I  PeachCommander[27562:161e0] [com.apple.CarbonCore:gestalt] SetGestaltValue SetGestaltValue(os   FE) => 0
2026-09-14 14:00:39.185 I  PeachCommander[27562:161e0] [com.apple.CarbonCore:gestalt] SetGestaltValue SetGestaltValue(addr 7) => 0
2026-09-14 14:00:39.185 I  PeachCommander[27562:161e0] [com.apple.CarbonCore:gestalt] SetGestaltValue SetGestaltValue(fs   3D332) => 0
2026-09-14 14:00:39.185 I  PeachCommander[27562:161e0] [com.apple.CarbonCore:gestalt] SetGestaltValue SetGestaltValue(fold 11) => 0
2026-09-14 14:00:39.185 I  PeachCommander[27562:161e0] [com.apple.CarbonCore:gestalt] SetGestaltValue SetGestaltValue(lram 7FFFF000) => 0
2026-09-14 14:00:39.185 I  PeachCommander[27562:161e0] [com.apple.CarbonCore:gestalt] SetGestaltValue SetGestaltValue(mmap 1) => 0
2026-09-14 14:00:39.185 I  PeachCommander[27562:161e0] [com.apple.CarbonCore:gestalt] SetGestaltValue SetGestaltValue(cfrg 1) => 0
2026-09-14 14:00:39.185 I  PeachCommander[27562:161e0] [com.apple.CarbonCore:gestalt] SetGestaltValue SetGestaltValue(thds 7) => 0
2026-09-14 14:00:39.185 I  PeachCommander[27562:161e0] [com.apple.CarbonCore:gestalt] SetGestaltValue SetGestaltValue(tmgr E) => 0
2026-09-14 14:00:39.185 I  PeachCommander[27562:161e0] [com.apple.CarbonCore:gestalt] SetGestaltValue SetGestaltValue(vers 7) => 0
2026-09-14 14:00:39.185 I  PeachCommander[27562:161e0] [com.apple.CarbonCore:gestalt] SetGestaltValue SetGestaltValue(cbon 160) => 0
2026-09-14 14:00:39.185 I  PeachCommander[27562:161e0] [com.apple.CarbonCore:gestalt] SetGestaltValue SetGestaltValue(cltn 1108000) => 0
2026-09-14 14:00:39.185 I  PeachCommander[27562:161e0] [com.apple.CarbonCore:gestalt] SetGestaltValue SetGestaltValue(cpnt 8) => 0
2026-09-14 14:00:39.185 I  PeachCommander[27562:161e0] [com.apple.CarbonCore:gestalt] SetGestaltValue SetGestaltValue(rsrc 3) => 0
2026-09-14 14:00:39.185 I  PeachCommander[27562:161e0] [com.apple.CarbonCore:gestalt] SetGestaltValue SetGestaltValue(rmbg 11F) => 0
2026-09-14 14:00:39.185 I  PeachCommander[27562:161e0] [com.apple.CarbonCore:gestalt] SetGestaltValue SetGestaltValue(vm   11) => 0
2026-09-14 14:00:39.185 I  PeachCommander[27562:161e0] [com.apple.CarbonCore:gestalt] SetGestaltValue SetGestaltValue(srad 4170706C) => 0
2026-09-14 14:00:39.185 I  PeachCommander[27562:161e0] [com.apple.CarbonCore:gestalt] SetGestaltValue SetGestaltValue(sysa 14) => 0
2026-09-14 14:00:39.185 I  PeachCommander[27562:161e0] [com.apple.CarbonCore:gestalt] SetGestaltValue SetGestaltValue(copl 9) => 0
2026-09-14 14:00:39.185 I  PeachCommander[27562:161e0] [com.apple.CarbonCore:gestalt] SetGestaltValue SetGestaltValue(xlat 0) => 0
2026-09-14 14:00:39.185 I  PeachCommander[27562:161e0] [com.apple.CarbonCore:gestalt] SetGestaltValue SetGestaltValue(stdf 0) => 0
2026-09-14 14:00:39.185 I  PeachCommander[27562:161e0] [com.apple.CarbonCore:gestalt] _NewGestalt _NewGestalt(ram  0x184a17644) => 0
2026-09-14 14:00:39.185 I  PeachCommander[27562:161e0] [com.apple.CarbonCore:gestalt] _NewGestalt _NewGestalt(ramm 0x184a17644) => 0
2026-09-14 14:00:39.185 I  PeachCommander[27562:161e0] [com.apple.CarbonCore:gestalt] _NewGestalt _NewGestalt(cput 0x184a17734) => 0
2026-09-14 14:00:39.185 I  PeachCommander[27562:161e0] [com.apple.CarbonCore:gestalt] _NewGestalt _NewGestalt(cpuf 0x184a17764) => 0
2026-09-14 14:00:39.185 I  PeachCommander[27562:161e0] [com.apple.CarbonCore:gestalt] _NewGestalt _NewGestalt(bclk 0x184a17794) => 0
2026-09-14 14:00:39.185 I  PeachCommander[27562:161e0] [com.apple.CarbonCore:gestalt] _NewGestalt _NewGestalt(bclm 0x184a17794) => 0
2026-09-14 14:00:39.185 I  PeachCommander[27562:161e0] [com.apple.CarbonCore:gestalt] _NewGestalt _NewGestalt(pclk 0x184a17834) => 0
2026-09-14 14:00:39.185 I  PeachCommander[27562:161e0] [com.apple.CarbonCore:gestalt] _NewGestalt _NewGestalt(mclk 0x184a17834) => 0
2026-09-14 14:00:39.185 I  PeachCommander[27562:161e0] [com.apple.CarbonCore:gestalt] _NewGestalt _NewGestalt(a/ux 0x184a1794c) => 0
2026-09-14 14:00:39.185 I  PeachCommander[27562:161e0] [com.apple.CarbonCore:gestalt] _NewGestalt _NewGestalt(pgsz 0x184a17954) => 0
2026-09-14 14:00:39.185 I  PeachCommander[27562:161e0] [com.apple.CarbonCore:gestalt] _NewGestalt _NewGestalt(csiz 0x184a17994) => 0
2026-09-14 14:00:39.185 I  PeachCommander[27562:161e0] [com.apple.CarbonCore:gestalt] _NewGestalt _NewGestalt(sysv 0x1849c2dfc) => 0
2026-09-14 14:00:39.185 I  PeachCommander[27562:161e0] [com.apple.CarbonCore:gestalt] _NewGestalt _NewGestalt(sys1 0x1849c2dfc) => 0
2026-09-14 14:00:39.185 I  PeachCommander[27562:161e0] [com.apple.CarbonCore:gestalt] _NewGestalt _NewGestalt(sys2 0x1849c2dfc) => 0
2026-09-14 14:00:39.185 I  PeachCommander[27562:161e0] [com.apple.CarbonCore:gestalt] _NewGestalt _NewGestalt(sys3 0x1849c2dfc) => 0
2026-09-14 14:00:39.185 I  PeachCommander[27562:161e0] [com.apple.CarbonCore:gestalt] _NewGestalt _NewGestalt(cdfl 0x184a179d4) => 0
2026-09-14 14:00:39.185 I  PeachCommander[27562:161e0] [com.apple.CarbonCore:gestalt] _NewGestalt _NewGestalt(cdrm 0x184a17c30) => 0
2026-09-14 14:00:39.185 I  PeachCommander[27562:161e0] [com.apple.CarbonCore:gestalt] _NewGestalt _NewGestalt(cpus 0x184a17c78) => 0
2026-09-14 14:00:39.185 I  PeachCommander[27562:161e0] [com.apple.CarbonCore:gestalt] SetGestaltValue SetGestaltValue(swex 1) => 0
2026-09-14 14:00:39.185 Df PeachCommander[27562:161e0] [com.apple.xpc:connection] [0x858acf980] activating connection: mach=false listener=false peer=false name=com.apple.hiservices-xpcservice
2026-09-14 14:00:39.186 I  PeachCommander[27562:161e0] [com.apple.CFPasteboard:entry] CopyData('ApplePerContextInputPasteboard' (<CFUUID 0x858474b80> 71CFD623-1065-48CA-B7ED-B041FAFE49BC) gen: -1 item: 1264739405 flavor: 'ApplePerContextInputFlavor')
2026-09-14 14:00:39.186 I  PeachCommander[27562:161e0] [com.apple.CFPasteboard:cache] Rebuilding cache for 'ApplePerContextInputPasteboard' (<CFUUID 0x858474b80> 71CFD623-1065-48CA-B7ED-B041FAFE49BC)
2026-09-14 14:00:39.186 I  PeachCommander[27562:161e0] [com.apple.CFPasteboard:general] Will request data from daemon
2026-09-14 14:00:39.186 I  PeachCommander[27562:161e0] [com.apple.CFPasteboard:exit] (not-in-cache) - result: 0 generation: 1 data (182 bytes) flags: 0
2026-09-14 14:00:39.186 I  PeachCommander[27562:161e0] [com.apple.CFPasteboard:entry] CopyData('DefaultAsciiKeyboardLayoutPasteboard' (<CFUUID 0x858d5c3e0> 26D4A620-676C-4C85-80DB-466A650ECBCC) gen: -1 item: 1264739405 flavor: 'DefaultAsciiKeyboardLayoutFlavor')
2026-09-14 14:00:39.186 I  PeachCommander[27562:161e0] [com.apple.CFPasteboard:exit] (not-in-cache) - result: -8 generation: 0 null data flags: 0
2026-09-14 14:00:39.188 I  PeachCommander[27562:161e0] [com.apple.AppKit:Window] context (0 -> 17bebba0) for window 5d2
2026-09-14 14:00:39.188 Df PeachCommander[27562:161e0] [com.apple.inputmethodkitClient:Client] +[IMKClient subclass]: chose IMKClient_Modern
2026-09-14 14:00:39.188 Df PeachCommander[27562:161e0] [com.apple.BoardServices:XPCErrors] [C:2] Alloc com.apple.backboard.hid-services.xpc
2026-09-14 14:00:39.188 Df PeachCommander[27562:161e0] [com.apple.xpc:connection] [0x858acfac0] activating connection: mach=false listener=false peer=false name=(anonymous)
2026-09-14 14:00:39.189 E  PeachCommander[27562:161ea] [com.apple.BaseBoard:Common] Unable to obtain a task name port right for pid 168: (os/kern) failure (0x5)
2026-09-14 14:00:39.189 Df PeachCommander[27562:161ea] [com.apple.xpc:connection] [0x858ace940] activating connection: mach=false listener=false peer=false name=com.apple.TextInputUI.xpc.CursorUIViewService
2026-09-14 14:00:39.189 Df PeachCommander[27562:161ea] [com.apple.xpc:connection] [0x858ace940] invalidated after the last release of the connection object
2026-09-14 14:00:39.189 I  PeachCommander[27562:161e0] [com.apple.CFPasteboard:entry] CopyData('DefaultAsciiKeyboardLayoutPasteboard' (<CFUUID 0x858d5c3e0> 26D4A620-676C-4C85-80DB-466A650ECBCC) gen: -1 item: 1264739405 flavor: 'DefaultAsciiKeyboardLayoutFlavor')
2026-09-14 14:00:39.189 I  PeachCommander[27562:161e0] [com.apple.CFPasteboard:exit] (not-in-cache) - result: -8 generation: 0 null data flags: 0
2026-09-14 14:00:39.189 Df PeachCommander[27562:161e0] [com.apple.xpc:connection] [0x858ace6c0] activating connection: mach=false listener=false peer=false name=(anonymous)
2026-09-14 14:00:39.189 Df PeachCommander[27562:161e0] [com.apple.xpc:connection] [0x858ace940] activating connection: mach=false listener=false peer=false name=com.apple.ViewBridgeAuxiliary
2026-09-14 14:00:39.190 Df PeachCommander[27562:161e0] [com.apple.xpc:connection] [0x858ace580] activating connection: mach=false listener=false peer=false name=(anonymous)
2026-09-14 14:00:39.190 Df PeachCommander[27562:161e0] [com.apple.xpc:connection] [0x858ace940] invalidated after the last release of the connection object
2026-09-14 14:00:39.205 Df PeachCommander[27562:161e0] [com.apple.TextInputUI:CursorUI] -[TUINSCursorUIController activate:]_block_invoke: Create CursorUIViewService: TUINSRemoteViewController
2026-09-14 14:00:39.206 I  PeachCommander[27562:161e0] [com.apple.AppKit:Window] window <TUINSWindow: 0x8587c8280> windowNumber=5d2 finishing close
2026-09-14 14:00:39.206 I  PeachCommander[27562:161e0] [com.apple.AppKit:Window] order window: 5d2 op: 0 relative: 0 related: 0
2026-09-14 14:00:39.207 A  PeachCommander[27562:161ea] (CoreFoundation) Loading Preferences From System CFPrefsD
2026-09-14 14:00:39.251 I  PeachCommander[27562:161e0] [com.apple.iconservices:foundation] layer data size zero
2026-09-14 14:00:39.252 A  PeachCommander[27562:161e0] (CoreFoundation) Loading Preferences From User CFPrefsD
2026-09-14 14:00:39.253 I  PeachCommander[27562:161e0] [com.apple.CoreAnalytics:client] Dropping "com.apple.ImageIO.readerSelection" as it isn't used in any transform (not in the config or budgeted?)
2026-09-14 14:00:39.292 I  PeachCommander[27562:161e0] [com.apple.CoreAnalytics:client] Dropping "com.apple.appkit.app_config" as it isn't used in any transform (not in the config or budgeted?)
2026-09-14 14:00:39.292 I  PeachCommander[27562:161e0] [com.apple.SafariPlatformSupport:SafariPlatformSupport] -[SFSafariPlatformSupport credentialSelected:] with nil credential
2026-09-14 14:00:39.292 I  PeachCommander[27562:161e0] [com.apple.SafariPlatformSupport:SafariPlatformSupport] -[SFSafariPlatformSupport oneTimeCodeSelected:] with nil code
2026-09-14 14:00:39.421 I  PeachCommander[27562:161f0] [com.apple.AppKit:WindowTab] Indexing 1 items
2026-09-14 14:00:39.421 A  PeachCommander[27562:161f0] (CoreSpotlight) end-index-batch
2026-09-14 14:00:39.421 Df PeachCommander[27562:161f0] [com.apple.corespotlight:index] *warn* MailCS ======%%% _setMailMessageAttributes skip:1
2026-09-14 14:00:39.421 A  PeachCommander[27562:161f0] (CoreSpotlight) index-items
2026-09-14 14:00:39.421 Df PeachCommander[27562:161f0] [com.apple.corespotlight:index] CSInlineDonation:<private>: Skipping donation (feature flag disabled)
2026-09-14 14:00:39.422 Df PeachCommander[27562:161f0] [com.apple.corespotlight:index] CSInlineDonation:<private>: Skipping donation (feature flag disabled)
2026-09-14 14:00:39.535 I  PeachCommander[27562:161e0] [com.apple.HIToolbox:MBDisplays] <private>
2026-09-14 14:00:39.535 I  PeachCommander[27562:161e0] [com.apple.HIToolbox:MBDisplays] <private>
2026-09-14 14:00:39.664 Df PeachCommander[27562:161ef] [com.apple.xpc:connection] [0x858ace1c0] activating connection: mach=false listener=false peer=false name=com.apple.SafariPlatformSupport.Helper
2026-09-14 14:00:39.721 Df PeachCommander[27562:161e5] [com.apple.xpc:connection] [0x858ace1c0] invalidated after the last release of the connection object
2026-09-14 14:00:39.726 I  PeachCommander[27562:161e0] [com.apple.launchservices:cas] Removing cached information for app [ 0x0-0x171171]  "PeachCommander", as its seed is different from that in shared memory ( 535 vs 537)
2026-09-14 14:00:39.727 Df PeachCommander[27562:161e0] [com.apple.xpc:connection] [0x858ace940] activating connection: mach=false listener=false peer=false name=(anonymous)
2026-09-14 14:00:39.727 Df PeachCommander[27562:161e0] [com.apple.xpc:connection] [0x858ace1c0] activating connection: mach=false listener=false peer=false name=(anonymous)
2026-09-14 14:00:39.772 Df PeachCommander[27562:161e0] [com.apple.BoardServices:XPCErrors] [C:3] Alloc com.apple.backboard.hid-services.xpc
2026-09-14 14:00:39.772 Df PeachCommander[27562:161e0] [com.apple.xpc:connection] [0x858acdcc0] activating connection: mach=false listener=false peer=false name=(anonymous)
2026-09-14 14:00:39.772 Df PeachCommander[27562:16278] [com.apple.BackBoard:EventDelivery] BKSHIDEventDeliveryManager - connection activation
2026-09-14 14:00:39.786 I  PeachCommander[27562:161e0] [com.peachcommander:PCFoundation] Session restored
2026-09-14 14:00:39.787 Df PeachCommander[27562:161e0] (Foundation) <private>
2026-09-14 14:00:39.787 I  PeachCommander[27562:161e0] [com.peachcommander:PCFoundation] [automation] running /Users/admin/auto.txt
2026-09-14 14:00:39.787 Df PeachCommander[27562:161e0] (Foundation) <private>
2026-09-14 14:00:39.787 I  PeachCommander[27562:161e0] [com.peachcommander:PCFoundation] [automation] > active left
2026-09-14 14:00:39.787 Df PeachCommander[27562:161e0] (Foundation) <private>
2026-09-14 14:00:39.787 I  PeachCommander[27562:161e0] [com.peachcommander:PCFoundation] [automation] > left /Users/admin
2026-09-14 14:00:39.842 I  PeachCommander[27562:161e0] [com.apple.SafariPlatformSupport:SafariPlatformSupport] -[SPSafariPlatformSupport completionListPreferredContentSizeDidUpdate] with size {0, 0}, in window that is visible
2026-09-14 14:00:39.854 Df PeachCommander[27562:161e0] (Foundation) <private>
2026-09-14 14:00:39.854 I  PeachCommander[27562:161e0] [com.peachcommander:PCFoundation] [automation] > wait 1000
2026-09-14 14:00:39.904 I  PeachCommander[27562:161e0] [com.apple.launchservices:datasep] application record search init. Node: <FSNode 0x85ac74060> { isDir = y, path = <private> } bundleID: (null) itemID: 0
2026-09-14 14:00:39.904 I  PeachCommander[27562:161e0] [com.apple.launchservices:datasep] application record search init. Node: <FSNode 0x85ac74060> { isDir = y, path = <private> } bundleID: (null) itemID: 0
2026-09-14 14:00:39.904 I  PeachCommander[27562:161e0] [com.apple.SafariPlatformSupport:SafariPlatformSupport] -[SFSafariPlatformSupport credentialSelected:] with nil credential
2026-09-14 14:00:39.905 I  PeachCommander[27562:161e0] [com.apple.SafariPlatformSupport:SafariPlatformSupport] -[SFSafariPlatformSupport oneTimeCodeSelected:] with nil code
2026-09-14 14:00:40.134 I  PeachCommander[27562:161e4] [com.apple.AppKit:WindowTab] Indexing 1 items
2026-09-14 14:00:40.134 A  PeachCommander[27562:161e4] (CoreSpotlight) end-index-batch
2026-09-14 14:00:40.134 A  PeachCommander[27562:161e4] (CoreSpotlight) index-items
2026-09-14 14:00:40.134 Df PeachCommander[27562:161e4] [com.apple.corespotlight:index] CSInlineDonation:<private>: Skipping donation (feature flag disabled)
2026-09-14 14:00:40.134 Df PeachCommander[27562:161e4] [com.apple.corespotlight:index] CSInlineDonation:<private>: Skipping donation (feature flag disabled)
2026-09-14 14:00:40.882 Df PeachCommander[27562:161e0] (Foundation) <private>
2026-09-14 14:00:40.882 I  PeachCommander[27562:161e0] [com.peachcommander:PCFoundation] [automation] > settingspage Layout
2026-09-14 14:00:40.882 Df PeachCommander[27562:161e0] (Foundation) <private>
2026-09-14 14:00:40.882 I  PeachCommander[27562:161e0] [com.peachcommander:PCFoundation] [automation] > wait 2500
2026-09-14 14:00:40.884 A  PeachCommander[27562:161e0] (Security) SecItemCopyMatching
2026-09-14 14:00:40.884 A  PeachCommander[27562:161e0] (Security) SecItemCopyMatching_ios
2026-09-14 14:00:40.884 Df PeachCommander[27562:161e0] [com.apple.securityd:secitemratelimit] Not internal release, disabling SIRL
2026-09-14 14:00:40.884 Df PeachCommander[27562:161e0] [com.apple.securityd:thread-local-client-debug] SecSecurityClientGet new thread!
2026-09-14 14:00:40.884 Df PeachCommander[27562:161e0] [com.apple.securityd:keychain] Enabling System Keychain Always due to platform
2026-09-14 14:00:40.884 Df PeachCommander[27562:161e0] [com.apple.xpc:connection] [0x858acdb80] activating connection: mach=true listener=false peer=false name=com.apple.securityd.xpc
2026-09-14 14:00:40.885 A  PeachCommander[27562:161e0] (CoreFoundation) Loading Preferences From System CFPrefsD
2026-09-14 14:00:40.886 Df PeachCommander[27562:161e0] [com.apple.securityd:MDSStaticDatabase] [updateDataBases]: Databases already exist; Nothing to Update
2026-09-14 14:00:40.928 I  PeachCommander[27562:161e0] [com.apple.AppKit:Window] context (0 -> 761b08db) for window 5d5
2026-09-14 14:00:40.973 I  PeachCommander[27562:161e0] [com.apple.CFPasteboard:entry] CopyData('DefaultAsciiKeyboardLayoutPasteboard' (<CFUUID 0x858d5c3e0> 26D4A620-676C-4C85-80DB-466A650ECBCC) gen: -1 item: 1264739405 flavor: 'DefaultAsciiKeyboardLayoutFlavor')
2026-09-14 14:00:40.973 I  PeachCommander[27562:161e0] [com.apple.CFPasteboard:exit] (not-in-cache) - result: -8 generation: 0 null data flags: 0
2026-09-14 14:00:40.980 I  PeachCommander[27562:161e0] [com.apple.AppKit:Window] order window front conditionally: 5d5 related: 0
2026-09-14 14:00:40.981 I  PeachCommander[27562:161e0] [com.apple.AppKit:Window] order window front conditionally: 5d5 related: 0
2026-09-14 14:00:41.150 I  PeachCommander[27562:161e4] [com.apple.AppKit:WindowTab] Indexing 2 items
2026-09-14 14:00:41.150 A  PeachCommander[27562:161e4] (CoreSpotlight) end-index-batch
2026-09-14 14:00:41.150 A  PeachCommander[27562:161e4] (CoreSpotlight) index-items
2026-09-14 14:00:41.150 Df PeachCommander[27562:161e4] [com.apple.corespotlight:index] CSInlineDonation:<private>: Skipping donation (feature flag disabled)
2026-09-14 14:00:41.150 Df PeachCommander[27562:161e4] [com.apple.corespotlight:index] CSInlineDonation:<private>: Skipping donation (feature flag disabled)
2026-09-14 14:00:43.405 Df PeachCommander[27562:161e0] (Foundation) <private>
2026-09-14 14:00:43.405 I  PeachCommander[27562:161e0] [com.peachcommander:PCFoundation] [automation] > keyloop /Users/admin/keyloop-settings.txt
2026-09-14 14:00:43.422 Df PeachCommander[27562:161e0] (Foundation) <private>
2026-09-14 14:00:43.422 Df PeachCommander[27562:161e0] (Foundation) <private>
2026-09-14 14:00:43.422 I  PeachCommander[27562:161e0] [com.peachcommander:PCFoundation] [automation] > a11ydump /Users/admin/a11y-settings.txt
2026-09-14 14:00:43.424 Df PeachCommander[27562:161e0] (Foundation) <private>
2026-09-14 14:00:43.424 Df PeachCommander[27562:161e0] (Foundation) <private>
2026-09-14 14:00:43.424 I  PeachCommander[27562:161e0] [com.peachcommander:PCFoundation] [automation] > wait 500
2026-09-14 14:00:43.955 Df PeachCommander[27562:161e0] (Foundation) <private>
2026-09-14 14:00:43.955 I  PeachCommander[27562:161e0] [com.peachcommander:PCFoundation] [automation] > panelsdump /Users/admin/keys-settings-done.txt
2026-09-14 14:00:43.956 Df PeachCommander[27562:161e0] (Foundation) <private>
2026-09-14 14:00:43.956 I  PeachCommander[27562:161e0] [com.peachcommander:PCFoundation] [automation] > wait 300
2026-09-14 14:00:44.388 Df PeachCommander[27562:161e0] (Foundation) <private>
2026-09-14 14:00:44.388 I  PeachCommander[27562:161e0] [com.peachcommander:PCFoundation] [automation] done
2026-09-14 14:00:46.388 I  PeachCommander[27562:161e4] [com.apple.CoreAnalytics:client] Dropping "com.apple.security.LegacyAPICounts" as it isn't used in any transform (not in the config or budgeted?)
2026-09-14 14:00:46.388 I  PeachCommander[27562:161ea] [com.apple.CoreAnalytics:client] Dropping "com.apple.security.LegacyAPICounts" as it isn't used in any transform (not in the config or budgeted?)
