Timestamp               Ty Process[PID:TID]
2026-09-16 16:00:35.220 A  PeachCommander[30036:179ac] (libsystem_info.dylib) Retrieve User by ID
2026-09-16 16:00:35.221 Df PeachCommander[30036:179ac] [com.apple.xpc:connection] [0x105ace4d0] activating connection: mach=true listener=false peer=false name=com.apple.cfprefsd.daemon
2026-09-16 16:00:35.221 Df PeachCommander[30036:179b4] [com.apple.xpc:connection] [0x105acf5d0] activating connection: mach=true listener=false peer=false name=com.apple.cfprefsd.agent
2026-09-16 16:00:35.223 Df PeachCommander[30036:179ac] [com.apple.xpc:connection] [0x105ad3c30] activating connection: mach=true listener=false peer=false name=com.apple.coreservices.launchservicesd
2026-09-16 16:00:35.223 I  PeachCommander[30036:179ac] [com.apple.launchservices:cas] Registering for notification <private> on default queue, to re-boostrap client connection.
2026-09-16 16:00:35.223 Df PeachCommander[30036:179ac] [com.apple.xpc:connection] [0x8dac80000] activating connection: mach=true listener=false peer=false name=com.apple.pasteboard.1
2026-09-16 16:00:35.223 Df PeachCommander[30036:179ac] [com.apple.xpc:connection] [0x8dac80140] activating connection: mach=true listener=false peer=false name=com.apple.distributed_notifications@Uv3
2026-09-16 16:00:35.225 Df PeachCommander[30036:179ac] [com.apple.AppKit:AutomaticTermination] void _NSDisableAutomaticTerminationAndLog(NSString *) No windows open yet
2026-09-16 16:00:35.225 A  PeachCommander[30036:179ac] (TCC) TCCAccessRequest() IPC
2026-09-16 16:00:35.225 Df PeachCommander[30036:179ac] [com.apple.xpc:connection] [0x8dac80280] activating connection: mach=true listener=false peer=false name=com.apple.tccd.system
2026-09-16 16:00:35.225 I  PeachCommander[30036:179ac] [com.apple.TCC:access] SEND: 0/7 synchronous to com.apple.tccd.system: request: msgID=30036.1, function=TCCAccessRequest, service=kTCCServiceListenEvent,
2026-09-16 16:00:35.227 I  PeachCommander[30036:179ac] [com.apple.TCC:access] RECV: synchronous reply <dictionary: 0x8dac50000> { count = 5, transaction: 0, voucher = 0x0, contents =
	"prompt_type" => <uint64: 0x85e5d174b503796f>: 1
	"auth_value" => <uint64: 0x85e5d174b503796f>: 1
	"preflight_unknown" => <bool: 0x1f3191190>: true
	"auth_version" => <uint64: 0x85e5d174b503796f>: 1
	"auth_reason" => <uint64: 0x85e5d174b503794f>: 5
}
2026-09-16 16:00:35.227 Df PeachCommander[30036:179ac] [com.apple.xpc:connection] [0x8dac80280] invalidated after the last release of the connection object
2026-09-16 16:00:35.227 Df PeachCommander[30036:179ac] [com.apple.SkyLight:default] server port 0x00003813, session port 0x00003813
2026-09-16 16:00:35.230 Df PeachCommander[30036:179ac] [com.apple.SkyLight:default] New connection 0x4dc7b main
2026-09-16 16:00:35.230 I  PeachCommander[30036:179b5] [com.apple.SkyLight:processes] 0[outside of RPC]: First connection id 318587 mapped to ctx = 0x8dac30f80
2026-09-16 16:00:35.231 I  PeachCommander[30036:179ac] [com.apple.hiservices:processmgr] Checking in with CAS, pid=30036
2026-09-16 16:00:35.231 I  PeachCommander[30036:179ac] [com.apple.launchservices:cas] LSApplicationCheckIn(), app being registered is:"/Users/admin/pc-test/PeachCommander.app/Contents/MacOS/PeachCommander"
2026-09-16 16:00:35.231 I  PeachCommander[30036:179ac] [com.apple.launchservices:cas]  { "ApplicationType"="Foreground", "BuildMachineOSBuild"="25E246", "CFBundleDevelopmentRegion"="en", "CFBundleDocumentTypes"=( { "CFBundleTypeName"="Peach Commander Plugin Package", "CFBundleTypeRole"="Viewer", "LSHandlerRank"="Owner", "LSItemContentTypes"=( "com.peachcommander.plugin-package") }, { "CFBundleTypeName"="Peach Commander Workspace", "CFBundleTypeRole"="Viewer", "LSHandlerRank"="Owner", "LSItemContentTypes"=( "com.peachcommander.workspace") }), "CFBundleExecutable"="PeachCommander", "CFBundleExecutablePath"="/Users/admin/pc-test/PeachCommander.app/Contents/MacOS/PeachCommander", "CFBundleHelpBookFolder"="PeachCommander.help", "CFBundleHelpBookName"="Peach Commander Help", "CFBundleIconFile"="AppIcon", "CFBundleIconName"="AppIcon", "CFBundleIdentifier"="com.peachcommander.app", "CFBundleInfoDictionaryVersion"="6.0", "CFBundleName"="PeachCommander", "CFBundleNumericVersion"=419463168, "CFBundlePackageType"="APPL", "CFBundleShortVersionString"="0.9.1", "CFBundleSignature"="?????", "CFBundleS<…>
2026-09-16 16:00:35.231 Df PeachCommander[30036:179ac] [com.apple.processmanager:front-35286506] CHECKIN: pid=30036
2026-09-16 16:00:35.233 Df PeachCommander[30036:179ac] [com.apple.processmanager:front-35286506] CHECKEDIN: pid=30036 asn=0x0-0x144144 foreground=1
2026-09-16 16:00:35.233 I  PeachCommander[30036:179ac] [com.apple.launchservices:cas] Setting processControlState to default PROC_SETPC_SUSPEND because application does not have LSProcessControlValue key
2026-09-16 16:00:35.233 Df PeachCommander[30036:179ac] [com.apple.xpc:connection] [0x8dac80280] activating connection: mach=false listener=true peer=false name=(anonymous)
2026-09-16 16:00:35.233 Df PeachCommander[30036:179ac] [com.apple.xpc:connection] [0x8dac80280] Connection returned listener port: 0x5403
2026-09-16 16:00:35.233 Df PeachCommander[30036:179b4] [com.apple.xpc:connection] [0x8db088300] activating connection: mach=false listener=false peer=true name=com.apple.xpc.anonymous.0x8dac80280.peer[131].0x8db088300
2026-09-16 16:00:35.234 Df PeachCommander[30036:179ac] [com.apple.processmanager:front-35286506] FRONTLOGGING: version 1
2026-09-16 16:00:35.234 Df PeachCommander[30036:179ac] [com.apple.processmanager:front-35286506] Registered, pid=30036 ASN=0x0,0x144144
2026-09-16 16:00:35.234 Df PeachCommander[30036:179ac] [com.apple.xpc:connection] [0x8dac803c0] activating connection: mach=true listener=false peer=false name=com.apple.analyticsd
2026-09-16 16:00:35.234 I  PeachCommander[30036:179ac] [com.apple.CoreAnalytics:client] Daemon status changed from 0 to 1
2026-09-16 16:00:35.234 I  PeachCommander[30036:179b4] [com.apple.CarbonCore:coreservicesdaemon] SCSession():SCSession( id=100, this=0x0x105adb670 option=65538) created, forUID=501 mach_port_t=0x4303.
2026-09-16 16:00:35.234 I  PeachCommander[30036:179b4] [com.apple.CarbonCore:coreservicesdaemon] SCSession():SCSession( id=101, this=0x0x105adb7b0 option=65538) created, forUID=501 mach_port_t=0x4203.
2026-09-16 16:00:35.234 I  PeachCommander[30036:179b4] [com.apple.CarbonCore:coreservicesdaemon] connectToCoreServicesD():Instantiating server (coreservicesd based) SCSession, port=0x4303 serverOptions=0x10002.
2026-09-16 16:00:35.234 I  PeachCommander[30036:179ac] [com.apple.hiservices:processmgr] _RegisterApplication( pid 30036 => 0x0,0x144144) type=foreground
2026-09-16 16:00:35.234 Df PeachCommander[30036:179ac] [com.apple.xpc:connection] [0x8dac80280] Connection returned listener port: 0x5403
2026-09-16 16:00:35.235 I  PeachCommander[30036:179ac] [com.apple.launchservices:cas] CFArrayRef _LSCopyLaunchModifiers(LSSessionID, LSASNRef _Nonnull), result for psn [ kLSCurrentApp ASN, 0x0,0x2]  is 1 items.
2026-09-16 16:00:35.235 Df PeachCommander[30036:179ac] [com.apple.processmanager:front-35286506] BringForward: pid=30036 asn=0x0-0x144144 bringForward=1 foreground=1 uiElement=0 launchedByLS=1 modifiersCount=1 allDisabled=1
2026-09-16 16:00:35.235 Df PeachCommander[30036:179ac] [com.apple.processmanager:front-35286506] BringFrontModifier: pid=30036 asn=0x0-0x144144 Modifier 0 hideAfter=0 hideOthers=0 dontMakeFrontmost=0 mouseDown=0/0 seed=0/0
2026-09-16 16:00:35.235 Df PeachCommander[30036:179ac] [com.apple.processmanager:front-35286506] BringForward: pid=30036 asn=0x0-0x144144
2026-09-16 16:00:35.235 Df PeachCommander[30036:179ac] [com.apple.processmanager:front-35286506] SetFrontProcess: asn=0x0-0x144144 options=0
2026-09-16 16:00:35.235 I  PeachCommander[30036:179ac] [com.apple.SkyLight:processes] 0[outside of RPC]: SLPSetFrontProcess(0x0-0x144144 window=0 options=0x0
2026-09-16 16:00:35.235 Df PeachCommander[30036:179b4] [com.apple.xpc:connection] [0x8dac80500] activating connection: mach=true listener=false peer=false name=com.apple.lsd.mapdb
2026-09-16 16:00:35.237 Df PeachCommander[30036:179ac] [com.apple.AppKit:Appearance] Current system appearance, (HLTB: 1), (SLS: 0)
2026-09-16 16:00:35.238 Df PeachCommander[30036:179ac] (libMobileGestalt.dylib) No persisted cache on this platform.
2026-09-16 16:00:35.238 I  PeachCommander[30036:179b5] [com.apple.launchservices:cas] information in shared memory for 0x0-0x144144 with seed 533 was still valid, so using cached info { "ApplicationType"="Foreground", "BuildMachineOSBuild"="25E246", "BundleIdentifierLowerCase"="com.peachcommander.app", "CFBundleDevelopmentRegion"="en", "CFBundleDocumentTypes"=( { "CFBundleTypeName"="Peach Commander Plugin Package", "CFBundleTypeRole"="Viewer", "LSHandlerRank"="Owner", "LSItemContentTypes"=( "com.peachcommander.plugin-package") }, { "CFBundleTypeName"="Peach Commander Workspace", "CFBundleTypeRole"="Viewer", "LSHandlerRank"="Owner", "LSItemContentTypes"=( "com.peachcommander.workspace") }), "CFBundleExecutable"="PeachCommander", "CFBundleExecutablePath"="/Users/admin/pc-test/PeachCommander.app/Contents/MacOS/PeachCommander", "CFBundleExecutablePathDeviceID"=16777225, "CFBundleExecutablePathINode"=488203, "CFBundleHelpBookFolder"="PeachCommander.help", "CFBundleHelpBookName"="Peach Commander Help", "CFBundleIconFile"="AppIcon", "CFBundleIconName"="AppIcon", "CFBundleIdentifier"="com.peachcommander.app", "CFBundleInfoDictionaryVersion"="6.0", "CFBundleName"="PeachCo<…>
2026-09-16 16:00:35.238 Df PeachCommander[30036:179ac] (libMobileGestalt.dylib) Could not get size of EAN data (IOConnectCallScalarMethod kAppleNVMeEANGetSize returned 0xE00002E2)
2026-09-16 16:00:35.238 Df PeachCommander[30036:179ac] (libMobileGestalt.dylib) Failed to copy 'aptk' from EAN
2026-09-16 16:00:35.238 Df PeachCommander[30036:179ac] (libMobileGestalt.dylib) Failed to copy APTicket properties. Falling back to default policy.
2026-09-16 16:00:35.238 Df PeachCommander[30036:179ac] (libMobileGestalt.dylib) Creating default MGSysConfigPolicy
2026-09-16 16:00:35.239 Df PeachCommander[30036:179ac] (libMobileGestalt.dylib) CFDictionaryRef copySyscfgDictionary(void) enumeration of <private> failed.
2026-09-16 16:00:35.239 Df PeachCommander[30036:179ac] (libMobileGestalt.dylib) Failed to find key <private>
2026-09-16 16:00:35.239 I  PeachCommander[30036:179b4] [com.apple.launchservices:db] LaunchServices database schema version: 20971544
2026-09-16 16:00:35.239 Df PeachCommander[30036:179ac] [com.apple.AppKit:Appearance] Current system appearance, (HLTB: 1), (SLS: 0)
2026-09-16 16:00:35.241 Df PeachCommander[30036:179ac] [com.apple.AppKit:Appearance] Post-registration system appearance: (HLTB: 1)
2026-09-16 16:00:35.241 I  PeachCommander[30036:179b4] [com.apple.launchservices:default] Unable to load Info.plist exceptions (eGPUOverrides)
2026-09-16 16:00:35.241 I  PeachCommander[30036:179b4] [com.apple.launchservices:default] Unable to load Info.plist exceptions (gameModeOverrides)
2026-09-16 16:00:35.241 I  PeachCommander[30036:179b4] [com.apple.launchservices:default] Unable to load Info.plist exceptions (identifiedGameOverrides)
2026-09-16 16:00:35.241 I  PeachCommander[30036:179b4] [com.apple.launchservices:default] Unable to load Info.plist exceptions (SystemHiddenPreferred)
2026-09-16 16:00:35.243 Df PeachCommander[30036:179ac] [com.apple.FrontBoard:Common] FBSWorkspace: endpoint monitoring is disabled.
2026-09-16 16:00:35.243 Df PeachCommander[30036:179ac] [com.apple.FrontBoard:Common] FBSWorkspace: default shell endpoint is disabled.
2026-09-16 16:00:35.243 Df PeachCommander[30036:179ac] [com.apple.runningboard:connection] Initializing connection
2026-09-16 16:00:35.243 Df PeachCommander[30036:179ac] [com.apple.runningboard:process] Removing all cached process handles
2026-09-16 16:00:35.243 Df PeachCommander[30036:179b9] [com.apple.runningboard:connection] Sending handshake request attempt #1 to server
2026-09-16 16:00:35.243 Df PeachCommander[30036:179b9] [com.apple.runningboard:connection] Creating connection to com.apple.runningboard
2026-09-16 16:00:35.243 Df PeachCommander[30036:179b9] [com.apple.xpc:connection] [0x8dac80640] activating connection: mach=true listener=false peer=false name=com.apple.runningboard
2026-09-16 16:00:35.243 Df PeachCommander[30036:179ac] [com.apple.xpc:connection] [0x8dac80280] Connection returned listener port: 0x5403
2026-09-16 16:00:35.243 I  PeachCommander[30036:179ac] [com.apple.launchservices:cas] information in shared memory for 0x0-0x144144 with seed 533 was still valid, so using cached info { "ApplicationType"="Foreground", "BuildMachineOSBuild"="25E246", "BundleIdentifierLowerCase"="com.peachcommander.app", "CFBundleDevelopmentRegion"="en", "CFBundleDocumentTypes"=( { "CFBundleTypeName"="Peach Commander Plugin Package", "CFBundleTypeRole"="Viewer", "LSHandlerRank"="Owner", "LSItemContentTypes"=( "com.peachcommander.plugin-package") }, { "CFBundleTypeName"="Peach Commander Workspace", "CFBundleTypeRole"="Viewer", "LSHandlerRank"="Owner", "LSItemContentTypes"=( "com.peachcommander.workspace") }), "CFBundleExecutable"="PeachCommander", "CFBundleExecutablePath"="/Users/admin/pc-test/PeachCommander.app/Contents/MacOS/PeachCommander", "CFBundleExecutablePathDeviceID"=16777225, "CFBundleExecutablePathINode"=488203, "CFBundleHelpBookFolder"="PeachCommander.help", "CFBundleHelpBookName"="Peach Commander Help", "CFBundleIconFile"="AppIcon", "CFBundleIconName"="AppIcon", "CFBundleIdentifier"="com.peachcommander.app", "CFBundleInfoDictionaryVersion"="6.0", "CFBundleName"="PeachCo<…>
2026-09-16 16:00:35.243 A  PeachCommander[30036:179ba] (RunningBoardServices) didChangeInheritances
2026-09-16 16:00:35.244 Df PeachCommander[30036:179b9] [com.apple.runningboard:connection] Handshake succeeded
2026-09-16 16:00:35.244 Df PeachCommander[30036:179b9] [com.apple.runningboard:connection] Identity resolved as app<application.com.peachcommander.app.487009.488203(501)>
2026-09-16 16:00:35.245 Df PeachCommander[30036:179ba] [com.apple.CoreAnalytics:client] Received configuration update from daemon (initial)
2026-09-16 16:00:35.245 Df PeachCommander[30036:179ac] [com.apple.xpc:connection] [0x8dac80280] Connection returned listener port: 0x5403
2026-09-16 16:00:35.246 A  PeachCommander[30036:179ba] (AppIntents) appintents:register process
2026-09-16 16:00:35.246 Df PeachCommander[30036:179ba] [com.apple.appintents:Connection] Created a new Process Instance Registry XPC connection (inactive)
2026-09-16 16:00:35.246 Df PeachCommander[30036:179ba] [com.apple.xpc:connection] [0x8dac80780] activating connection: mach=true listener=false peer=false name=com.apple.linkd.autoShortcut
2026-09-16 16:00:35.246 Df PeachCommander[30036:179ba] [com.apple.appintents:Connection] Activated connection to linkd (ApplicationService)
2026-09-16 16:00:35.246 Df PeachCommander[30036:179ba] [com.apple.xpc:connection] [0x8dac80a00] activating connection: mach=false listener=true peer=false name=(anonymous)
2026-09-16 16:00:35.246 I  PeachCommander[30036:179ac] [com.apple.launchservices:cas] information in shared memory for 0x0-0x144144 with seed 533 was still valid, so using cached info { "ApplicationType"="Foreground", "BuildMachineOSBuild"="25E246", "BundleIdentifierLowerCase"="com.peachcommander.app", "CFBundleDevelopmentRegion"="en", "CFBundleDocumentTypes"=( { "CFBundleTypeName"="Peach Commander Plugin Package", "CFBundleTypeRole"="Viewer", "LSHandlerRank"="Owner", "LSItemContentTypes"=( "com.peachcommander.plugin-package") }, { "CFBundleTypeName"="Peach Commander Workspace", "CFBundleTypeRole"="Viewer", "LSHandlerRank"="Owner", "LSItemContentTypes"=( "com.peachcommander.workspace") }), "CFBundleExecutable"="PeachCommander", "CFBundleExecutablePath"="/Users/admin/pc-test/PeachCommander.app/Contents/MacOS/PeachCommander", "CFBundleExecutablePathDeviceID"=16777225, "CFBundleExecutablePathINode"=488203, "CFBundleHelpBookFolder"="PeachCommander.help", "CFBundleHelpBookName"="Peach Commander Help", "CFBundleIconFile"="AppIcon", "CFBundleIconName"="AppIcon", "CFBundleIdentifier"="com.peachcommander.app", "CFBundleInfoDictionaryVersion"="6.0", "CFBundleName"="PeachCo<…>
2026-09-16 16:00:35.246 I  PeachCommander[30036:179ac] [com.apple.hiservices:processmgr] TransformProcessType(0x0,0x2 => 1 wasFront=1 pickNew=0)
2026-09-16 16:00:35.246 I  PeachCommander[30036:179ac] [com.apple.CoreAnalytics:client] Dropping "com.apple.appkit.app_config" as it isn't used in any transform (not in the config or budgeted?)
2026-09-16 16:00:35.247 I  PeachCommander[30036:179ba] [com.apple.appintents:Execution] LNAppConnectionListener instantiated
2026-09-16 16:00:35.247 Df PeachCommander[30036:179ba] [com.apple.xpc:connection] [0x8dac80a00] Connection returned listener port: 0x6703
2026-09-16 16:00:35.247 Df PeachCommander[30036:179b9] [com.apple.xpc:connection] [0x8dac80780] Re-initialization successful; calling out to event handler with XPC_ERROR_CONNECTION_INTERRUPTED
2026-09-16 16:00:35.247 Df PeachCommander[30036:179b9] [com.apple.appintents:Connection] Process Instance Registry XPC connection has been interrupted
2026-09-16 16:00:35.247 Df PeachCommander[30036:179ac] [com.apple.dt.xctest:Default] Registering for test daemon availability notify post.
2026-09-16 16:00:35.247 E  PeachCommander[30036:179ba] [com.apple.appintents:Connection] Unable to get synchronousRemoteObjectProxy, error: Error Domain=NSCocoaErrorDomain Code=4097 "connection to service named com.apple.linkd.autoShortcut" UserInfo={NSDebugDescription=connection to service named com.apple.linkd.autoShortcut}
2026-09-16 16:00:35.247 Df PeachCommander[30036:179ac] [com.apple.dt.xctest:Default] notify_get_state check indicated test daemon not ready.
2026-09-16 16:00:35.247 Df PeachCommander[30036:179b9] [com.apple.appintents:Connection] Created a new Process Instance Registry XPC connection (inactive)
2026-09-16 16:00:35.247 E  PeachCommander[30036:179ba] [com.apple.AppKit:Application] Error registering app with intents framework: Error Domain=NSCocoaErrorDomain Code=4097 UserInfo={NSDebugDescription=<private>}
2026-09-16 16:00:35.247 A  PeachCommander[30036:179b9] (AppIntents) appintents:register process
2026-09-16 16:00:35.247 Df PeachCommander[30036:179ac] [com.apple.dt.xctest:Default] notify_get_state check indicated test daemon not ready.
2026-09-16 16:00:35.247 Df PeachCommander[30036:179b9] [com.apple.appintents:Connection] Created a new Process Instance Registry XPC connection (inactive)
2026-09-16 16:00:35.247 Df PeachCommander[30036:179b9] [com.apple.xpc:connection] [0x8dac80c80] activating connection: mach=true listener=false peer=false name=com.apple.linkd.autoShortcut
2026-09-16 16:00:35.247 Df PeachCommander[30036:179ac] [com.apple.dt.xctest:Default] notify_get_state check indicated test daemon not ready.
2026-09-16 16:00:35.247 Df PeachCommander[30036:179b9] [com.apple.appintents:Connection] Activated connection to linkd (ApplicationService)
2026-09-16 16:00:35.247 Df PeachCommander[30036:179b9] [com.apple.xpc:connection] [0x8dac80a00] Connection returned listener port: 0x6703
2026-09-16 16:00:35.248 Df PeachCommander[30036:179ba] [com.apple.xpc:connection] [0x8dac80c80] Re-initialization successful; calling out to event handler with XPC_ERROR_CONNECTION_INTERRUPTED
2026-09-16 16:00:35.248 Df PeachCommander[30036:179ba] [com.apple.appintents:Connection] Process Instance Registry XPC connection has been interrupted
2026-09-16 16:00:35.248 E  PeachCommander[30036:179b9] [com.apple.appintents:Connection] Unable to get synchronousRemoteObjectProxy, error: Error Domain=NSCocoaErrorDomain Code=4097 "connection to service named com.apple.linkd.autoShortcut" UserInfo={NSDebugDescription=connection to service named com.apple.linkd.autoShortcut}
2026-09-16 16:00:35.248 E  PeachCommander[30036:179b9] [com.apple.appintents:Connection] Unable to re-register with Process Instance Registry, error: Error Domain=NSCocoaErrorDomain Code=4097 "connection to service named com.apple.linkd.autoShortcut" UserInfo={NSDebugDescription=connection to service named com.apple.linkd.autoShortcut}
2026-09-16 16:00:35.248 Df PeachCommander[30036:179ba] [com.apple.appintents:Connection] Created a new Process Instance Registry XPC connection (inactive)
2026-09-16 16:00:35.248 A  PeachCommander[30036:179ba] (AppIntents) appintents:register process
2026-09-16 16:00:35.248 Df PeachCommander[30036:179ba] [com.apple.appintents:Connection] Created a new Process Instance Registry XPC connection (inactive)
2026-09-16 16:00:35.248 Df PeachCommander[30036:179ba] [com.apple.xpc:connection] [0x8dac812c0] activating connection: mach=true listener=false peer=false name=com.apple.linkd.autoShortcut
2026-09-16 16:00:35.248 Df PeachCommander[30036:179ba] [com.apple.appintents:Connection] Activated connection to linkd (ApplicationService)
2026-09-16 16:00:35.248 Df PeachCommander[30036:179ba] [com.apple.xpc:connection] [0x8dac80a00] Connection returned listener port: 0x6703
2026-09-16 16:00:35.248 Df PeachCommander[30036:179b9] [com.apple.xpc:connection] [0x8dac812c0] Re-initialization successful; calling out to event handler with XPC_ERROR_CONNECTION_INTERRUPTED
2026-09-16 16:00:35.248 Df PeachCommander[30036:179b9] [com.apple.appintents:Connection] Process Instance Registry XPC connection has been interrupted
2026-09-16 16:00:35.248 E  PeachCommander[30036:179ba] [com.apple.appintents:Connection] Unable to get synchronousRemoteObjectProxy, error: Error Domain=NSCocoaErrorDomain Code=4097 "connection to service named com.apple.linkd.autoShortcut" UserInfo={NSDebugDescription=connection to service named com.apple.linkd.autoShortcut}
2026-09-16 16:00:35.248 E  PeachCommander[30036:179ba] [com.apple.appintents:Connection] Unable to re-register with Process Instance Registry, error: Error Domain=NSCocoaErrorDomain Code=4097 "connection to service named com.apple.linkd.autoShortcut" UserInfo={NSDebugDescription=connection to service named com.apple.linkd.autoShortcut}
2026-09-16 16:00:35.248 Df PeachCommander[30036:179b9] [com.apple.appintents:Connection] Created a new Process Instance Registry XPC connection (inactive)
2026-09-16 16:00:35.248 A  PeachCommander[30036:179b9] (AppIntents) appintents:register process
2026-09-16 16:00:35.248 Df PeachCommander[30036:179b9] [com.apple.appintents:Connection] Created a new Process Instance Registry XPC connection (inactive)
2026-09-16 16:00:35.248 Df PeachCommander[30036:179b9] [com.apple.xpc:connection] [0x8dac81540] activating connection: mach=true listener=false peer=false name=com.apple.linkd.autoShortcut
2026-09-16 16:00:35.248 Df PeachCommander[30036:179b9] [com.apple.appintents:Connection] Activated connection to linkd (ApplicationService)
2026-09-16 16:00:35.248 Df PeachCommander[30036:179b9] [com.apple.xpc:connection] [0x8dac80a00] Connection returned listener port: 0x6703
2026-09-16 16:00:35.249 Df PeachCommander[30036:179ba] [com.apple.xpc:connection] [0x8dac81540] Re-initialization successful; calling out to event handler with XPC_ERROR_CONNECTION_INTERRUPTED
2026-09-16 16:00:35.249 Df PeachCommander[30036:179ba] [com.apple.appintents:Connection] Process Instance Registry XPC connection has been interrupted
2026-09-16 16:00:35.249 E  PeachCommander[30036:179ba] [com.apple.appintents:Connection] Will NOT re-try to establish the connection
2026-09-16 16:00:35.249 E  PeachCommander[30036:179b9] [com.apple.appintents:Connection] Unable to get synchronousRemoteObjectProxy, error: Error Domain=NSCocoaErrorDomain Code=4097 "connection to service named com.apple.linkd.autoShortcut" UserInfo={NSDebugDescription=connection to service named com.apple.linkd.autoShortcut}
2026-09-16 16:00:35.249 E  PeachCommander[30036:179b9] [com.apple.appintents:Connection] Unable to re-register with Process Instance Registry, error: Error Domain=NSCocoaErrorDomain Code=4097 "connection to service named com.apple.linkd.autoShortcut" UserInfo={NSDebugDescription=connection to service named com.apple.linkd.autoShortcut}
2026-09-16 16:00:35.253 A  PeachCommander[30036:179ac] (CoreFoundation) Loading Preferences From System CFPrefsD
2026-09-16 16:00:35.253 Df PeachCommander[30036:179ac] (libMobileGestalt.dylib) couldn't load support library
2026-09-16 16:00:35.253 Df PeachCommander[30036:179ac] (libMobileGestalt.dylib) called dummy function!
2026-09-16 16:00:35.254 I  PeachCommander[30036:179ac] [com.apple.GenerativeModels:availability] Current availability state: unavailable, use cases: com.apple.WritingTools, language: <any>, api: <private>
2026-09-16 16:00:35.254 Df PeachCommander[30036:179ac] [com.apple.GenerativeModels:availability] registering darwin observer for name: com.apple.gms.availability.notification
2026-09-16 16:00:35.254 Df PeachCommander[30036:179ac] [com.apple.GenerativeModels:availability] registering darwin observer for name: com.apple.os-eligibility-domain.change.greymatter
2026-09-16 16:00:35.254 Df PeachCommander[30036:179ac] [com.apple.GenerativeModels:availability] registering darwin observer for name: com.apple.language.changed
2026-09-16 16:00:35.254 Df PeachCommander[30036:179ac] [com.apple.WritingTools:Default] isAvailable value changed: isMDMAllowed = true, gmAvailable (current) = false
2026-09-16 16:00:35.257 I  PeachCommander[30036:179ac] [com.apple.CoreAnalytics:client] Dropping "com.apple.appkit.app_config" as it isn't used in any transform (not in the config or budgeted?)
2026-09-16 16:00:35.261 Df PeachCommander[30036:179ac] [com.apple.AppKit:Appearance] NSApp cache appearance:
-NSRequiresAquaSystemAppearance: 0
-appearance: (null)
-effectiveAppearance: <NSCompositeAppearance: 0x8db070460
 (
    "<NSAquaAppearance: 0x8db0706e0>",
    "<NSSystemAppearance: 0x8db070780>"
)>
2026-09-16 16:00:35.264 A  PeachCommander[30036:179ac] (CoreFoundation) Loading Preferences From User CFPrefsD
2026-09-16 16:00:35.265 A  PeachCommander[30036:179ac] (CoreFoundation) Loading Preferences From User CFPrefsD
2026-09-16 16:00:35.270 A  PeachCommander[30036:179b9] (libsystem_info.dylib) Membership API: translate identifier
2026-09-16 16:00:35.274 I  PeachCommander[30036:179ac] [com.apple.CoreAnalytics:client] Dropping "com.apple.appkit.app_config" as it isn't used in any transform (not in the config or budgeted?)
2026-09-16 16:00:35.274 I  PeachCommander[30036:179ac] [com.apple.CoreAnalytics:client] Dropping "com.apple.appkit.app_config" as it isn't used in any transform (not in the config or budgeted?)
2026-09-16 16:00:35.275 Df PeachCommander[30036:179ba] [com.apple.xpc:connection] [0x8dac81a40] activating connection: mach=true listener=false peer=false name=com.apple.dock.fullscreen
2026-09-16 16:00:35.277 Df PeachCommander[30036:179ac] [com.apple.xpc:connection] [0x8dac81b80] activating connection: mach=true listener=false peer=false name=com.apple.fonts
2026-09-16 16:00:35.280 I  PeachCommander[30036:179ac] [com.apple.launchservices:cas] information in shared memory for 0x0-0x144144 with seed 533 was still valid, so using cached info { "ApplicationType"="Foreground", "BuildMachineOSBuild"="25E246", "BundleIdentifierLowerCase"="com.peachcommander.app", "CFBundleDevelopmentRegion"="en", "CFBundleDocumentTypes"=( { "CFBundleTypeName"="Peach Commander Plugin Package", "CFBundleTypeRole"="Viewer", "LSHandlerRank"="Owner", "LSItemContentTypes"=( "com.peachcommander.plugin-package") }, { "CFBundleTypeName"="Peach Commander Workspace", "CFBundleTypeRole"="Viewer", "LSHandlerRank"="Owner", "LSItemContentTypes"=( "com.peachcommander.workspace") }), "CFBundleExecutable"="PeachCommander", "CFBundleExecutablePath"="/Users/admin/pc-test/PeachCommander.app/Contents/MacOS/PeachCommander", "CFBundleExecutablePathDeviceID"=16777225, "CFBundleExecutablePathINode"=488203, "CFBundleHelpBookFolder"="PeachCommander.help", "CFBundleHelpBookName"="Peach Commander Help", "CFBundleIconFile"="AppIcon", "CFBundleIconName"="AppIcon", "CFBundleIdentifier"="com.peachcommander.app", "CFBundleInfoDictionaryVersion"="6.0", "CFBundleName"="PeachCo<…>
2026-09-16 16:00:35.281 I  PeachCommander[30036:179ac] [com.apple.CoreAnalytics:client] Dropping "com.apple.appkit.app_config" as it isn't used in any transform (not in the config or budgeted?)
2026-09-16 16:00:35.281 Df PeachCommander[30036:179ac] [com.apple.AppKit:AutomaticTermination] -[NSApplication(NSAppssassination) _checkForAutomaticTerminationSupportPossiblyEnablingIt]_block_invoke Enabling automatic termination support.
2026-09-16 16:00:35.281 Df PeachCommander[30036:179ac] [com.apple.xpc:connection] [0x8dac80dc0] activating connection: mach=true listener=false peer=false name=com.apple.appkit.restoration_storage
2026-09-16 16:00:35.281 I  PeachCommander[30036:179ac] [com.apple.launchservices:cas] information in shared memory for 0x0-0x144144 with seed 533 was still valid, so using cached info { "ApplicationType"="Foreground", "BuildMachineOSBuild"="25E246", "BundleIdentifierLowerCase"="com.peachcommander.app", "CFBundleDevelopmentRegion"="en", "CFBundleDocumentTypes"=( { "CFBundleTypeName"="Peach Commander Plugin Package", "CFBundleTypeRole"="Viewer", "LSHandlerRank"="Owner", "LSItemContentTypes"=( "com.peachcommander.plugin-package") }, { "CFBundleTypeName"="Peach Commander Workspace", "CFBundleTypeRole"="Viewer", "LSHandlerRank"="Owner", "LSItemContentTypes"=( "com.peachcommander.workspace") }), "CFBundleExecutable"="PeachCommander", "CFBundleExecutablePath"="/Users/admin/pc-test/PeachCommander.app/Contents/MacOS/PeachCommander", "CFBundleExecutablePathDeviceID"=16777225, "CFBundleExecutablePathINode"=488203, "CFBundleHelpBookFolder"="PeachCommander.help", "CFBundleHelpBookName"="Peach Commander Help", "CFBundleIconFile"="AppIcon", "CFBundleIconName"="AppIcon", "CFBundleIdentifier"="com.peachcommander.app", "CFBundleInfoDictionaryVersion"="6.0", "CFBundleName"="PeachCo<…>
2026-09-16 16:00:35.282 Df PeachCommander[30036:179ac] [com.apple.xpc:connection] [0x8dac80f00] activating connection: mach=true listener=false peer=false name=com.apple.coreservices.appleevents
2026-09-16 16:00:35.282 I  PeachCommander[30036:179ac] [com.apple.appleevents:main] _AEGetRegisteredMachPort() created default port (port:64003/0xfa03 rcv:1 send:1 limit:5) and registered it with server
2026-09-16 16:00:35.282 Df PeachCommander[30036:179ac] [com.apple.xpc:connection] [0x8dac80280] Connection returned listener port: 0x5403
2026-09-16 16:00:35.282 I  PeachCommander[30036:179ac] [com.apple.launchservices:cas] information in shared memory for 0x0-0x144144 with seed 533 was still valid, so using cached info { "ApplicationType"="Foreground", "BuildMachineOSBuild"="25E246", "BundleIdentifierLowerCase"="com.peachcommander.app", "CFBundleDevelopmentRegion"="en", "CFBundleDocumentTypes"=( { "CFBundleTypeName"="Peach Commander Plugin Package", "CFBundleTypeRole"="Viewer", "LSHandlerRank"="Owner", "LSItemContentTypes"=( "com.peachcommander.plugin-package") }, { "CFBundleTypeName"="Peach Commander Workspace", "CFBundleTypeRole"="Viewer", "LSHandlerRank"="Owner", "LSItemContentTypes"=( "com.peachcommander.workspace") }), "CFBundleExecutable"="PeachCommander", "CFBundleExecutablePath"="/Users/admin/pc-test/PeachCommander.app/Contents/MacOS/PeachCommander", "CFBundleExecutablePathDeviceID"=16777225, "CFBundleExecutablePathINode"=488203, "CFBundleHelpBookFolder"="PeachCommander.help", "CFBundleHelpBookName"="Peach Commander Help", "CFBundleIconFile"="AppIcon", "CFBundleIconName"="AppIcon", "CFBundleIdentifier"="com.peachcommander.app", "CFBundleInfoDictionaryVersion"="6.0", "CFBundleName"="PeachCo<…>
2026-09-16 16:00:35.282 Df PeachCommander[30036:179ac] [com.apple.processmanager:front-35286506] SignalReady: pid=30036 asn=0x0-0x144144
2026-09-16 16:00:35.282 Df PeachCommander[30036:179ac] [com.apple.processmanager:front-35286506] SIGNAL: pid=30036 asn=0x0x-0x144144
2026-09-16 16:00:35.282 I  PeachCommander[30036:179ac] [com.apple.appleevents:main] aeGenerateFakeFirstOAPPEventIfNecessary()
2026-09-16 16:00:35.282 I  PeachCommander[30036:179ac] [com.apple.appleevents:main] aeGenerateFakeFirstOAPPEventIfNecessary(), needToCreateFakeOAPPEventIfFirstEvent == true
2026-09-16 16:00:35.282 I  PeachCommander[30036:179ac] [com.apple.launchservices:cas] Removing cached information for app [ 0x0-0x144144]  "PeachCommander", as its seed is different from that in shared memory ( 533 vs 535)
2026-09-16 16:00:35.286 I  PeachCommander[30036:179ac] [com.apple.CFPasteboard:entry] CopyData('DefaultAsciiKeyboardLayoutPasteboard' (<CFUUID 0x8daf3a820> 9FEEAA3C-0CFE-4AB4-95F0-47DCE6A1F3F2) gen: -1 item: 1264739405 flavor: 'DefaultAsciiKeyboardLayoutFlavor')
2026-09-16 16:00:35.286 I  PeachCommander[30036:179ac] [com.apple.CFPasteboard:cache] Rebuilding cache for 'DefaultAsciiKeyboardLayoutPasteboard' (<CFUUID 0x8daf3a820> 9FEEAA3C-0CFE-4AB4-95F0-47DCE6A1F3F2)
2026-09-16 16:00:35.286 I  PeachCommander[30036:179ac] [com.apple.CFPasteboard:exit] (not-in-cache) - result: -8 generation: 0 null data flags: 0
2026-09-16 16:00:35.286 A  PeachCommander[30036:179ac] (CoreFoundation) Loading Preferences From User CFPrefsD
2026-09-16 16:00:35.286 A  PeachCommander[30036:179ac] (CoreFoundation) Loading Preferences From System CFPrefsD
2026-09-16 16:00:35.287 I  PeachCommander[30036:179ac] [com.apple.CFPasteboard:entry] CopyData('AppleIntlFileCacheModificationDatePasteboard' (<CFUUID 0x8daf3a720> 67031940-0722-49A7-91EC-7BCD8470FD75) gen: -1 item: 1 flavor: '-32766 1768845414')
2026-09-16 16:00:35.287 I  PeachCommander[30036:179ac] [com.apple.CFPasteboard:cache] Rebuilding cache for 'AppleIntlFileCacheModificationDatePasteboard' (<CFUUID 0x8daf3a720> 67031940-0722-49A7-91EC-7BCD8470FD75)
2026-09-16 16:00:35.287 I  PeachCommander[30036:179ac] [com.apple.CFPasteboard:general] Will request data from daemon
2026-09-16 16:00:35.287 I  PeachCommander[30036:179ac] [com.apple.CFPasteboard:exit] (not-in-cache) - result: 0 generation: 1 data (310 bytes) flags: 0
2026-09-16 16:00:35.287 I  PeachCommander[30036:179ac] [com.apple.CFPasteboard:entry] CopyData('AppleIntlFileCacheModificationDatePasteboard' (<CFUUID 0x8daf3a720> 67031940-0722-49A7-91EC-7BCD8470FD75) gen: -1 item: 1 flavor: '-32765 1802264953')
2026-09-16 16:00:35.287 I  PeachCommander[30036:179ac] [com.apple.CFPasteboard:general] Will request data from daemon
2026-09-16 16:00:35.287 I  PeachCommander[30036:179ac] [com.apple.CFPasteboard:exit] (not-in-cache) - result: 0 generation: 1 data (306 bytes) flags: 0
2026-09-16 16:00:35.287 I  PeachCommander[30036:179ac] [com.apple.CFPasteboard:entry] CopyData('AppleIntlFileCacheModificationDatePasteboard' (<CFUUID 0x8daf3a720> 67031940-0722-49A7-91EC-7BCD8470FD75) gen: -1 item: 1 flavor: '-32764 1802264953')
2026-09-16 16:00:35.287 I  PeachCommander[30036:179ac] [com.apple.CFPasteboard:general] Will request data from daemon
2026-09-16 16:00:35.287 I  PeachCommander[30036:179ac] [com.apple.CFPasteboard:exit] (not-in-cache) - result: 0 generation: 1 data (281 bytes) flags: 0
2026-09-16 16:00:35.287 I  PeachCommander[30036:179ac] [com.apple.CFPasteboard:entry] CopyData('AppleIntlFileCacheModificationDatePasteboard' (<CFUUID 0x8daf3a720> 67031940-0722-49A7-91EC-7BCD8470FD75) gen: -1 item: 1 flavor: '-32763 1802264953')
2026-09-16 16:00:35.287 I  PeachCommander[30036:179ac] [com.apple.CFPasteboard:general] Will request data from daemon
2026-09-16 16:00:35.287 I  PeachCommander[30036:179ac] [com.apple.CFPasteboard:exit] (not-in-cache) - result: 0 generation: 1 data (318 bytes) flags: 0
2026-09-16 16:00:35.287 I  PeachCommander[30036:179ac] [com.apple.CFPasteboard:entry] CopyData('AppleIntlFileCacheModificationDatePasteboard' (<CFUUID 0x8daf3a720> 67031940-0722-49A7-91EC-7BCD8470FD75) gen: -1 item: 1 flavor: '-32765 1768845414')
2026-09-16 16:00:35.287 I  PeachCommander[30036:179ac] [com.apple.CFPasteboard:general] Will request data from daemon
2026-09-16 16:00:35.288 I  PeachCommander[30036:179ac] [com.apple.CFPasteboard:exit] (not-in-cache) - result: 0 generation: 1 data (303 bytes) flags: 0
2026-09-16 16:00:35.288 I  PeachCommander[30036:179ac] [com.apple.CFPasteboard:entry] CopyData('AppleIntlFileCacheModificationDatePasteboard' (<CFUUID 0x8daf3a720> 67031940-0722-49A7-91EC-7BCD8470FD75) gen: -1 item: 1 flavor: '-32763 1768845414')
2026-09-16 16:00:35.288 I  PeachCommander[30036:179ac] [com.apple.CFPasteboard:general] Will request data from daemon
2026-09-16 16:00:35.288 I  PeachCommander[30036:179ac] [com.apple.CFPasteboard:exit] (not-in-cache) - result: 0 generation: 1 data (315 bytes) flags: 0
2026-09-16 16:00:35.289 I  PeachCommander[30036:179ac] [com.apple.launchservices:cas] information in shared memory for 0x0-0x144144 with seed 535 was still valid, so using cached info { "ApplicationType"="Foreground", "BuildMachineOSBuild"="25E246", "BundleIdentifierLowerCase"="com.peachcommander.app", "CFBundleDevelopmentRegion"="en", "CFBundleDocumentTypes"=( { "CFBundleTypeName"="Peach Commander Plugin Package", "CFBundleTypeRole"="Viewer", "LSHandlerRank"="Owner", "LSItemContentTypes"=( "com.peachcommander.plugin-package") }, { "CFBundleTypeName"="Peach Commander Workspace", "CFBundleTypeRole"="Viewer", "LSHandlerRank"="Owner", "LSItemContentTypes"=( "com.peachcommander.workspace") }), "CFBundleExecutable"="PeachCommander", "CFBundleExecutablePath"="/Users/admin/pc-test/PeachCommander.app/Contents/MacOS/PeachCommander", "CFBundleExecutablePathDeviceID"=16777225, "CFBundleExecutablePathINode"=488203, "CFBundleHelpBookFolder"="PeachCommander.help", "CFBundleHelpBookName"="Peach Commander Help", "CFBundleIconFile"="AppIcon", "CFBundleIconName"="AppIcon", "CFBundleIdentifier"="com.peachcommander.app", "CFBundleInfoDictionaryVersion"="6.0", "CFBundleName"="PeachCo<…>
2026-09-16 16:00:35.289 Df PeachCommander[30036:179ac] [com.apple.xpc:connection] [0x8dac81e00] activating connection: mach=false listener=false peer=false name=com.apple.ViewBridgeAuxiliary
2026-09-16 16:00:35.295 Df PeachCommander[30036:179ac] [com.apple.xpc:connection] [0x8dac81cc0] activating connection: mach=false listener=false peer=false name=(anonymous)
2026-09-16 16:00:35.295 Df PeachCommander[30036:179ac] [com.apple.xpc:connection] [0x8dac81f40] activating connection: mach=false listener=true peer=false name=(anonymous)
2026-09-16 16:00:35.295 Df PeachCommander[30036:179ac] [com.apple.xpc:connection] [0x8dac81f40] Connection returned listener port: 0xf403
2026-09-16 16:00:35.296 Df PeachCommander[30036:179ac] [com.apple.xpc:connection] [0x8dac81e00] invalidated after the last release of the connection object
2026-09-16 16:00:35.296 I  PeachCommander[30036:179ac] [com.apple.showhide:pr-59900543] SHOWHIDE: SHOW id=656 0x0-0x144144, err=0 eventTime=2166587181875 windowID=0
2026-09-16 16:00:35.296 I  PeachCommander[30036:179ac] [com.apple.CarbonCore:coreservicesdaemon] findOrCreateCacheable():findOrCreateCacheable(), factoryName=3 cacheableName=<private> fCacheables.size()=0
2026-09-16 16:00:35.296 I  PeachCommander[30036:179ac] [com.apple.CarbonCore:coreservicesdaemon] findOrCreateCacheable():findOrCreateCacheable(), result = 0x8dac4be40 (should be non-NULL)
2026-09-16 16:00:35.297 Df PeachCommander[30036:179ac] [com.apple.AppKit:AutomaticTermination] void _NSDisableAutomaticTerminationAndLog(NSString *) Restoring windows
2026-09-16 16:00:35.297 Df PeachCommander[30036:179ac] [com.apple.AppKit:StateRestoration] -[NSApplication _reopenWindowsAsNecessaryIncludingRestorableState:withFullFidelity:completionHandler:] shouldRestoreState=1 hasPersistentStateToRestore=0 shouldStillRestoreStateAfterPrompting=0
2026-09-16 16:00:35.297 Df PeachCommander[30036:179ac] [com.apple.xpc:connection] [0x8dac81e00] activating connection: mach=true listener=false peer=false name=com.apple.window_proxies
2026-09-16 16:00:35.297 Df PeachCommander[30036:179ac] [com.apple.xpc:connection] [0x8dac81e00] invalidated because the current process cancelled the connection by calling xpc_connection_cancel()
2026-09-16 16:00:35.297 I  PeachCommander[30036:179ac] [com.apple.SkyLight:processes] 0[outside of RPC]: SLSSetFrontProcessWithInfo(0x0-0x2 window=0 options=0x1
2026-09-16 16:00:35.298 I  PeachCommander[30036:179ac] [com.apple.CoreAnalytics:client] Dropping "com.apple.appkit.app_config" as it isn't used in any transform (not in the config or budgeted?)
2026-09-16 16:00:35.298 Df PeachCommander[30036:179ac] [com.apple.AppKit:AutomaticTermination] void _NSEnableAutomaticTerminationAndLog(NSString *) Restoring windows
2026-09-16 16:00:35.301 I  PeachCommander[30036:179ac] [com.apple.CoreAnalytics:client] Dropping "com.apple.appkit.app_config" as it isn't used in any transform (not in the config or budgeted?)
2026-09-16 16:00:35.302 I  PeachCommander[30036:179ac] [com.apple.CoreAnalytics:client] Dropping "com.apple.appkit.app_config" as it isn't used in any transform (not in the config or budgeted?)
2026-09-16 16:00:35.308 A  PeachCommander[30036:179ba] (RunningBoardServices) didChangeInheritances
2026-09-16 16:00:35.316 A  PeachCommander[30036:179ac] (CoreFoundation) Loading Preferences From User CFPrefsD
2026-09-16 16:00:35.325 I  PeachCommander[30036:179ac] [com.peachcommander:PCFoundation] VolumeManager initialized
2026-09-16 16:00:35.349 Df PeachCommander[30036:179ac] [com.apple.BoardServices:XPCErrors] [C:1] Alloc <private>
2026-09-16 16:00:35.349 Df PeachCommander[30036:179ac] [com.apple.xpc:connection] [0x8da429540] activating connection: mach=false listener=false peer=false name=(anonymous)
2026-09-16 16:00:35.352 I  PeachCommander[30036:179ac] [com.apple.AppKit:Window] context (0 -> 53ffbf9c) for window 569
2026-09-16 16:00:35.353 Df PeachCommander[30036:179b4] [com.apple.corespotlight:index] (<private>) deleteSearchableItemsWithDomainIdentifiers, protectionClass:(null), domainIdentifiers number:1
2026-09-16 16:00:35.353 A  PeachCommander[30036:179b4] (CoreSpotlight) delete-domains
2026-09-16 16:00:35.353 Df PeachCommander[30036:179b4] [com.apple.corespotlight:index] CSInlineDonation:<private>: Skipping donation (feature flag disabled)
2026-09-16 16:00:35.353 Df PeachCommander[30036:179b4] (CoreSpotlight) sConnectionName: com.apple.spotlight.IndexAgent
2026-09-16 16:00:35.353 Df PeachCommander[30036:179b4] (CoreSpotlight) Start service name com.apple.spotlight.IndexAgent
2026-09-16 16:00:35.353 Df PeachCommander[30036:179b4] [com.apple.xpc:connection] [0x8da4297c0] activating connection: mach=true listener=false peer=false name=com.apple.spotlight.IndexAgent
2026-09-16 16:00:35.353 I  PeachCommander[30036:179ac] [com.peachcommander:PCFoundation] MainWindowController initialized (config: <private>)
2026-09-16 16:00:35.354 I  PeachCommander[30036:179ac] [com.peachcommander:PCFoundation] SelectionState initialized
2026-09-16 16:00:35.354 I  PeachCommander[30036:179ac] [com.peachcommander:PCFoundation] DirectoryModel initialized
2026-09-16 16:00:35.354 I  PeachCommander[30036:179ac] [com.peachcommander:PCFoundation] VolumeManager initialized
2026-09-16 16:00:35.354 I  PeachCommander[30036:179ac] [com.peachcommander:PCFoundation] PanelController initialized for <private> panel
2026-09-16 16:00:35.355 I  PeachCommander[30036:179ac] [com.peachcommander:PCFoundation] SelectionState initialized
2026-09-16 16:00:35.355 I  PeachCommander[30036:179ac] [com.peachcommander:PCFoundation] DirectoryModel initialized
2026-09-16 16:00:35.355 I  PeachCommander[30036:179ac] [com.peachcommander:PCFoundation] VolumeManager initialized
2026-09-16 16:00:35.355 I  PeachCommander[30036:179ac] [com.peachcommander:PCFoundation] PanelController initialized for <private> panel
2026-09-16 16:00:35.359 I  PeachCommander[30036:179ac] [com.apple.AppKit:Animation] Running new animation: <private>
2026-09-16 16:00:35.359 I  PeachCommander[30036:179ac] [com.apple.AppKit:Animation] Running new animation: <private>
2026-09-16 16:00:35.359 I  PeachCommander[30036:179ac] [com.apple.AppKit:Animation] Running new animation: <private>
2026-09-16 16:00:35.360 I  PeachCommander[30036:179ac] [com.apple.AppKit:Animation] Running new animation: <private>
2026-09-16 16:00:35.360 I  PeachCommander[30036:179ac] [com.apple.AppKit:Animation] Running new animation: <private>
2026-09-16 16:00:35.362 I  PeachCommander[30036:179ac] [com.apple.AppKit:Animation] Running new animation: <private>
2026-09-16 16:00:35.362 I  PeachCommander[30036:179ac] [com.apple.AppKit:Animation] Running new animation: <private>
2026-09-16 16:00:35.362 I  PeachCommander[30036:179ac] [com.apple.AppKit:Animation] Running new animation: <private>
2026-09-16 16:00:35.362 I  PeachCommander[30036:179ac] [com.apple.AppKit:Animation] Running new animation: <private>
2026-09-16 16:00:35.362 I  PeachCommander[30036:179ac] [com.apple.AppKit:Animation] Running new animation: <private>
2026-09-16 16:00:35.372 I  PeachCommander[30036:179ac] [com.apple.CoreAnalytics:client] Dropping "com.apple.appkit.app_config" as it isn't used in any transform (not in the config or budgeted?)
2026-09-16 16:00:35.374 I  PeachCommander[30036:179ac] [com.apple.CoreAnalytics:client] Dropping "com.apple.appkit.app_config" as it isn't used in any transform (not in the config or budgeted?)
2026-09-16 16:00:35.379 I  PeachCommander[30036:179ac] [com.apple.launchservices:datasep] application record search init. Node: <FSNode 0x8db54f9c0> { isDir = ?, path = <private> } bundleID: (null) itemID: 0
2026-09-16 16:00:35.381 I  PeachCommander[30036:179ac] [com.apple.GenerativeModels:availability] Current availability state: unavailable, use cases: com.apple.Settings.AppleIntelligence,com.apple.Siri.NLRouter, language: en, api: <private>
2026-09-16 16:00:35.381 Df PeachCommander[30036:179ac] [com.apple.GenerativeModels:availability] isOkayToHaveAsset: False
2026-09-16 16:00:35.381 E  PeachCommander[30036:179ac] [com.apple.siri:Utility] AFIsDeviceGreymatterEligible Missing entitlements for os_eligibility lookup
2026-09-16 16:00:35.381 I  PeachCommander[30036:179ac] [com.apple.GenerativeModels:availability] Current availability state: unavailable, use cases: com.apple.Settings.AppleIntelligence, language: en, api: <private>
2026-09-16 16:00:35.381 Df PeachCommander[30036:179ac] [com.apple.GenerativeModels:availability] isOkayToHaveAsset: False
2026-09-16 16:00:35.381 Df PeachCommander[30036:179ac] [com.apple.siri:Utility] -[AFSystemAssistantExperienceStatusManager fetchGenerativeModelsAvailability] #SAEStatus #cacheUpdate Updating cache:
deviceSupportsSAE: 0 (0)
       saeEnabled: 0 (0)
     saeAvailable: 0 (0)
      swaiEnabled: 0 (0)
        viEnabled: 0 (0)
        siriAvailability:
        <private>
        ((null))
2026-09-16 16:00:35.381 Df PeachCommander[30036:179ac] [com.apple.xpc:connection] [0x8da60c500] activating connection: mach=true listener=false peer=false name=com.apple.iconservices
2026-09-16 16:00:35.382 Df PeachCommander[30036:179ac] [com.apple.xpc:connection] [0x8da60c640] activating connection: mach=true listener=false peer=false name=com.apple.iconservices.store
2026-09-16 16:00:35.390 I  PeachCommander[30036:179ac] [com.peachcommander:Theme] no user themes in /Users/admin/pc-cfg/themes
2026-09-16 16:00:35.390 Df PeachCommander[30036:179ac] [com.apple.AppKit:Appearance] Invalidate NSApp effectiveAppearance
2026-09-16 16:00:35.391 Df PeachCommander[30036:179ac] [com.apple.AppKit:Appearance] NSApp cache appearance:
-NSRequiresAquaSystemAppearance: 0
-appearance: (null)
-effectiveAppearance: <NSCompositeAppearance: 0x8db070460
 (
    "<NSAquaAppearance: 0x8db0706e0>",
    "<NSSystemAppearance: 0x8db070780>"
)>
2026-09-16 16:00:35.391 A  PeachCommander[30036:179ba] (libsystem_info.dylib) Retrieve Group by ID
2026-09-16 16:00:35.391 I  PeachCommander[30036:179ac] [com.peachcommander:PCFoundation] Theme applied: id=system, appearance=system, dark=false, background=#FFFFFF
2026-09-16 16:00:35.429 I  PeachCommander[30036:179ac] [com.apple.iconservices:foundation] layer data size zero
2026-09-16 16:00:35.430 I  PeachCommander[30036:179ac] [com.apple.CoreAnalytics:client] Dropping "com.apple.appkit.app_config" as it isn't used in any transform (not in the config or budgeted?)
2026-09-16 16:00:35.434 I  PeachCommander[30036:179ac] [com.apple.AppKit:Animation] Running new animation: <private>
2026-09-16 16:00:35.434 I  PeachCommander[30036:179ac] [com.apple.AppKit:Animation] Running new animation: <private>
2026-09-16 16:00:35.434 I  PeachCommander[30036:179ac] [com.apple.AppKit:Animation] Running new animation: <private>
2026-09-16 16:00:35.434 I  PeachCommander[30036:179ac] [com.apple.AppKit:Animation] Running new animation: <private>
2026-09-16 16:00:35.434 I  PeachCommander[30036:179ac] [com.apple.AppKit:Animation] Running new animation: <private>
2026-09-16 16:00:35.434 I  PeachCommander[30036:179ac] [com.apple.AppKit:Animation] Running new animation: <private>
2026-09-16 16:00:35.434 I  PeachCommander[30036:179ac] [com.apple.AppKit:Animation] Running new animation: <private>
2026-09-16 16:00:35.434 I  PeachCommander[30036:179ac] [com.apple.AppKit:Animation] Running new animation: <private>
2026-09-16 16:00:35.434 I  PeachCommander[30036:179ac] [com.apple.AppKit:Animation] Running new animation: <private>
2026-09-16 16:00:35.434 I  PeachCommander[30036:179ac] [com.apple.AppKit:Animation] Running new animation: <private>
2026-09-16 16:00:35.439 I  PeachCommander[30036:179ac] [com.peachcommander:PCFoundation] Keymap loaded: scheme=<private>, 82 effective bindings
2026-09-16 16:00:35.445 I  PeachCommander[30036:179ac] [com.apple.CoreAnalytics:client] Dropping "<private>" as it isn't used in any transform (not in the config or budgeted?)
2026-09-16 16:00:35.446 I  PeachCommander[30036:179ac] [com.apple.CoreAnalytics:client] Dropping "<private>" as it isn't used in any transform (not in the config or budgeted?)
2026-09-16 16:00:35.446 I  PeachCommander[30036:179ac] [com.apple.CoreAnalytics:client] Dropping "<private>" as it isn't used in any transform (not in the config or budgeted?)
2026-09-16 16:00:35.446 I  PeachCommander[30036:179ac] [com.peachcommander:PCFoundation] MainWindowController window loaded
2026-09-16 16:00:35.447 I  PeachCommander[30036:179ac] [com.apple.launchservices:cas] information in shared memory for 0x0-0x144144 with seed 535 was still valid, so using cached info { "ApplicationType"="Foreground", "BuildMachineOSBuild"="25E246", "BundleIdentifierLowerCase"="com.peachcommander.app", "CFBundleDevelopmentRegion"="en", "CFBundleDocumentTypes"=( { "CFBundleTypeName"="Peach Commander Plugin Package", "CFBundleTypeRole"="Viewer", "LSHandlerRank"="Owner", "LSItemContentTypes"=( "com.peachcommander.plugin-package") }, { "CFBundleTypeName"="Peach Commander Workspace", "CFBundleTypeRole"="Viewer", "LSHandlerRank"="Owner", "LSItemContentTypes"=( "com.peachcommander.workspace") }), "CFBundleExecutable"="PeachCommander", "CFBundleExecutablePath"="/Users/admin/pc-test/PeachCommander.app/Contents/MacOS/PeachCommander", "CFBundleExecutablePathDeviceID"=16777225, "CFBundleExecutablePathINode"=488203, "CFBundleHelpBookFolder"="PeachCommander.help", "CFBundleHelpBookName"="Peach Commander Help", "CFBundleIconFile"="AppIcon", "CFBundleIconName"="AppIcon", "CFBundleIdentifier"="com.peachcommander.app", "CFBundleInfoDictionaryVersion"="6.0", "CFBundleName"="PeachCo<…>
2026-09-16 16:00:35.447 I  PeachCommander[30036:179ac] [com.apple.launchservices:cas] information in shared memory for 0x0-0x144144 with seed 535 was still valid, so using cached info { "ApplicationType"="Foreground", "BuildMachineOSBuild"="25E246", "BundleIdentifierLowerCase"="com.peachcommander.app", "CFBundleDevelopmentRegion"="en", "CFBundleDocumentTypes"=( { "CFBundleTypeName"="Peach Commander Plugin Package", "CFBundleTypeRole"="Viewer", "LSHandlerRank"="Owner", "LSItemContentTypes"=( "com.peachcommander.plugin-package") }, { "CFBundleTypeName"="Peach Commander Workspace", "CFBundleTypeRole"="Viewer", "LSHandlerRank"="Owner", "LSItemContentTypes"=( "com.peachcommander.workspace") }), "CFBundleExecutable"="PeachCommander", "CFBundleExecutablePath"="/Users/admin/pc-test/PeachCommander.app/Contents/MacOS/PeachCommander", "CFBundleExecutablePathDeviceID"=16777225, "CFBundleExecutablePathINode"=488203, "CFBundleHelpBookFolder"="PeachCommander.help", "CFBundleHelpBookName"="Peach Commander Help", "CFBundleIconFile"="AppIcon", "CFBundleIconName"="AppIcon", "CFBundleIdentifier"="com.peachcommander.app", "CFBundleInfoDictionaryVersion"="6.0", "CFBundleName"="PeachCo<…>
2026-09-16 16:00:35.461 I  PeachCommander[30036:179ac] [com.apple.AppKit:Window] order window front conditionally: 569 related: 0
2026-09-16 16:00:35.461 Df PeachCommander[30036:179ac] [com.apple.AppKit:AutomaticTermination] void _NSEnableAutomaticTerminationAndLog(NSString *) No windows open yet
2026-09-16 16:00:35.461 I  PeachCommander[30036:179ac] [com.apple.AppKit:Intelligence] starting collection observation
2026-09-16 16:00:35.461 Df PeachCommander[30036:179ba] [com.apple.UIIntelligenceSupport:xpc] establishing connection to agent
2026-09-16 16:00:35.461 Df PeachCommander[30036:179ba] [com.apple.xpc:session] [0x8da1b3250] Session created.
2026-09-16 16:00:35.461 Df PeachCommander[30036:179ba] [com.apple.xpc:session] [0x8da1b3250] Session created from connection [0x8da60ea80]
2026-09-16 16:00:35.461 Df PeachCommander[30036:179ba] [com.apple.xpc:connection] [0x8da60ea80] activating connection: mach=true listener=false peer=false name=com.apple.uiintelligencesupport.agent
2026-09-16 16:00:35.462 Df PeachCommander[30036:179ba] [com.apple.xpc:session] [0x8da1b3250] Session activated
2026-09-16 16:00:35.462 I  PeachCommander[30036:179ac] [com.apple.SkyLight:processes] 0[outside of RPC]: SLSSetFrontProcessWithInfo(0x0-0x2 window=0 options=0x1
2026-09-16 16:00:35.462 Df PeachCommander[30036:179ba] [com.apple.UIIntelligenceSupport:xpc] Connection established with agent PID: 1211
2026-09-16 16:00:35.462 I  PeachCommander[30036:179ac] [com.apple.launchservices:cas] information in shared memory for 0x0-0x144144 with seed 535 was still valid, so using cached info { "ApplicationType"="Foreground", "BuildMachineOSBuild"="25E246", "BundleIdentifierLowerCase"="com.peachcommander.app", "CFBundleDevelopmentRegion"="en", "CFBundleDocumentTypes"=( { "CFBundleTypeName"="Peach Commander Plugin Package", "CFBundleTypeRole"="Viewer", "LSHandlerRank"="Owner", "LSItemContentTypes"=( "com.peachcommander.plugin-package") }, { "CFBundleTypeName"="Peach Commander Workspace", "CFBundleTypeRole"="Viewer", "LSHandlerRank"="Owner", "LSItemContentTypes"=( "com.peachcommander.workspace") }), "CFBundleExecutable"="PeachCommander", "CFBundleExecutablePath"="/Users/admin/pc-test/PeachCommander.app/Contents/MacOS/PeachCommander", "CFBundleExecutablePathDeviceID"=16777225, "CFBundleExecutablePathINode"=488203, "CFBundleHelpBookFolder"="PeachCommander.help", "CFBundleHelpBookName"="Peach Commander Help", "CFBundleIconFile"="AppIcon", "CFBundleIconName"="AppIcon", "CFBundleIdentifier"="com.peachcommander.app", "CFBundleInfoDictionaryVersion"="6.0", "CFBundleName"="PeachCo<…>
2026-09-16 16:00:35.463 Df PeachCommander[30036:179ac] [com.apple.xpc:connection] [0x8da60ebc0] activating connection: mach=true listener=false peer=false name=com.apple.FileCoordination
2026-09-16 16:00:35.463 Df PeachCommander[30036:179ba] [com.apple.foundation.filecoordination:presenter] Adding presenter F09E8FF8-9F16-4C84-83AD-0267C6B905CD for URL: <private>
2026-09-16 16:00:35.463 I  PeachCommander[30036:179ac] [com.apple.launchservices:cas] information in shared memory for 0x0-0x144144 with seed 535 was still valid, so using cached info { "ApplicationType"="Foreground", "BuildMachineOSBuild"="25E246", "BundleIdentifierLowerCase"="com.peachcommander.app", "CFBundleDevelopmentRegion"="en", "CFBundleDocumentTypes"=( { "CFBundleTypeName"="Peach Commander Plugin Package", "CFBundleTypeRole"="Viewer", "LSHandlerRank"="Owner", "LSItemContentTypes"=( "com.peachcommander.plugin-package") }, { "CFBundleTypeName"="Peach Commander Workspace", "CFBundleTypeRole"="Viewer", "LSHandlerRank"="Owner", "LSItemContentTypes"=( "com.peachcommander.workspace") }), "CFBundleExecutable"="PeachCommander", "CFBundleExecutablePath"="/Users/admin/pc-test/PeachCommander.app/Contents/MacOS/PeachCommander", "CFBundleExecutablePathDeviceID"=16777225, "CFBundleExecutablePathINode"=488203, "CFBundleHelpBookFolder"="PeachCommander.help", "CFBundleHelpBookName"="Peach Commander Help", "CFBundleIconFile"="AppIcon", "CFBundleIconName"="AppIcon", "CFBundleIdentifier"="com.peachcommander.app", "CFBundleInfoDictionaryVersion"="6.0", "CFBundleName"="PeachCo<…>
2026-09-16 16:00:35.468 I  PeachCommander[30036:179ac] [com.apple.AppKit:Window] order all windows front 2166587181875
2026-09-16 16:00:35.468 I  PeachCommander[30036:179ac] [com.apple.launchservices:cas] information in shared memory for 0x0-0x144144 with seed 535 was still valid, so using cached info { "ApplicationType"="Foreground", "BuildMachineOSBuild"="25E246", "BundleIdentifierLowerCase"="com.peachcommander.app", "CFBundleDevelopmentRegion"="en", "CFBundleDocumentTypes"=( { "CFBundleTypeName"="Peach Commander Plugin Package", "CFBundleTypeRole"="Viewer", "LSHandlerRank"="Owner", "LSItemContentTypes"=( "com.peachcommander.plugin-package") }, { "CFBundleTypeName"="Peach Commander Workspace", "CFBundleTypeRole"="Viewer", "LSHandlerRank"="Owner", "LSItemContentTypes"=( "com.peachcommander.workspace") }), "CFBundleExecutable"="PeachCommander", "CFBundleExecutablePath"="/Users/admin/pc-test/PeachCommander.app/Contents/MacOS/PeachCommander", "CFBundleExecutablePathDeviceID"=16777225, "CFBundleExecutablePathINode"=488203, "CFBundleHelpBookFolder"="PeachCommander.help", "CFBundleHelpBookName"="Peach Commander Help", "CFBundleIconFile"="AppIcon", "CFBundleIconName"="AppIcon", "CFBundleIdentifier"="com.peachcommander.app", "CFBundleInfoDictionaryVersion"="6.0", "CFBundleName"="PeachCo<…>
2026-09-16 16:00:35.468 I  PeachCommander[30036:179ac] [com.apple.showhide:pr-59900543] SHOWHIDE: CONFIRM, id=656, err=0
2026-09-16 16:00:35.468 I  PeachCommander[30036:179ac] [com.apple.AppKit:Window] context (0 -> 13f7abe0) for window 568
2026-09-16 16:00:35.468 I  PeachCommander[30036:179ac] [com.apple.AppKit:Window] context (0 -> 4052e1a8) for window 567
2026-09-16 16:00:35.468 I  PeachCommander[30036:179ac] [com.apple.AppKit:Window] context (0 -> 4d22b55c) for window 566
2026-09-16 16:00:35.468 I  PeachCommander[30036:179ac] [com.apple.AppKit:Window] context (0 -> 84345c5b) for window 565
2026-09-16 16:00:35.505 Df PeachCommander[30036:179ac] [com.apple.AppKit:AutomaticTermination] void _updateToReflectAutomaticTerminationState(void) Setting _kLSApplicationWouldBeTerminatedByTALKey=0
2026-09-16 16:00:35.506 I  PeachCommander[30036:179ac] [com.apple.runningboard:assertion] Acquiring assertion: <RBSAssertionDescriptor| "AppNap adapter assertion" ID:(null) target:30036>
2026-09-16 16:00:35.540 A  PeachCommander[30036:179c1] (RunningBoardServices) didChangeInheritances
2026-09-16 16:00:35.589 Df PeachCommander[30036:179ac] [com.apple.libsystem.libdispatch:] DEPRECATED USE in libdispatch client: dispatch source activated with no event handler set; set a breakpoint on _dispatch_bug_deprecated to debug
2026-09-16 16:00:35.726 I  PeachCommander[30036:179ac] [com.apple.CarbonCore:gestalt] SetGestaltValuesBulk SetGestaltValuesBulk( count=22 tuples=0x189a82650
2026-09-16 16:00:35.726 I  PeachCommander[30036:179ac] [com.apple.CarbonCore:gestalt] SetGestaltValue SetGestaltValue(alis 1C9) => 0
2026-09-16 16:00:35.726 I  PeachCommander[30036:179ac] [com.apple.CarbonCore:gestalt] SetGestaltValue SetGestaltValue(os   FE) => 0
2026-09-16 16:00:35.726 I  PeachCommander[30036:179ac] [com.apple.CarbonCore:gestalt] SetGestaltValue SetGestaltValue(addr 7) => 0
2026-09-16 16:00:35.726 I  PeachCommander[30036:179ac] [com.apple.CarbonCore:gestalt] SetGestaltValue SetGestaltValue(fs   3D332) => 0
2026-09-16 16:00:35.726 I  PeachCommander[30036:179ac] [com.apple.CarbonCore:gestalt] SetGestaltValue SetGestaltValue(fold 11) => 0
2026-09-16 16:00:35.726 I  PeachCommander[30036:179ac] [com.apple.CarbonCore:gestalt] SetGestaltValue SetGestaltValue(lram 7FFFF000) => 0
2026-09-16 16:00:35.726 I  PeachCommander[30036:179ac] [com.apple.CarbonCore:gestalt] SetGestaltValue SetGestaltValue(mmap 1) => 0
2026-09-16 16:00:35.726 I  PeachCommander[30036:179ac] [com.apple.CarbonCore:gestalt] SetGestaltValue SetGestaltValue(cfrg 1) => 0
2026-09-16 16:00:35.726 I  PeachCommander[30036:179ac] [com.apple.CarbonCore:gestalt] SetGestaltValue SetGestaltValue(thds 7) => 0
2026-09-16 16:00:35.726 I  PeachCommander[30036:179ac] [com.apple.CarbonCore:gestalt] SetGestaltValue SetGestaltValue(tmgr E) => 0
2026-09-16 16:00:35.726 I  PeachCommander[30036:179ac] [com.apple.CarbonCore:gestalt] SetGestaltValue SetGestaltValue(vers 7) => 0
2026-09-16 16:00:35.726 I  PeachCommander[30036:179ac] [com.apple.CarbonCore:gestalt] SetGestaltValue SetGestaltValue(cbon 160) => 0
2026-09-16 16:00:35.726 I  PeachCommander[30036:179ac] [com.apple.CarbonCore:gestalt] SetGestaltValue SetGestaltValue(cltn 1108000) => 0
2026-09-16 16:00:35.726 I  PeachCommander[30036:179ac] [com.apple.CarbonCore:gestalt] SetGestaltValue SetGestaltValue(cpnt 8) => 0
2026-09-16 16:00:35.726 I  PeachCommander[30036:179ac] [com.apple.CarbonCore:gestalt] SetGestaltValue SetGestaltValue(rsrc 3) => 0
2026-09-16 16:00:35.726 I  PeachCommander[30036:179ac] [com.apple.CarbonCore:gestalt] SetGestaltValue SetGestaltValue(rmbg 11F) => 0
2026-09-16 16:00:35.726 I  PeachCommander[30036:179ac] [com.apple.CarbonCore:gestalt] SetGestaltValue SetGestaltValue(vm   11) => 0
2026-09-16 16:00:35.726 I  PeachCommander[30036:179ac] [com.apple.CarbonCore:gestalt] SetGestaltValue SetGestaltValue(srad 4170706C) => 0
2026-09-16 16:00:35.726 I  PeachCommander[30036:179ac] [com.apple.CarbonCore:gestalt] SetGestaltValue SetGestaltValue(sysa 14) => 0
2026-09-16 16:00:35.726 I  PeachCommander[30036:179ac] [com.apple.CarbonCore:gestalt] SetGestaltValue SetGestaltValue(copl 9) => 0
2026-09-16 16:00:35.726 I  PeachCommander[30036:179ac] [com.apple.CarbonCore:gestalt] SetGestaltValue SetGestaltValue(xlat 0) => 0
2026-09-16 16:00:35.726 I  PeachCommander[30036:179ac] [com.apple.CarbonCore:gestalt] SetGestaltValue SetGestaltValue(stdf 0) => 0
2026-09-16 16:00:35.726 I  PeachCommander[30036:179ac] [com.apple.CarbonCore:gestalt] _NewGestalt _NewGestalt(ram  0x1899fb644) => 0
2026-09-16 16:00:35.726 I  PeachCommander[30036:179ac] [com.apple.CarbonCore:gestalt] _NewGestalt _NewGestalt(ramm 0x1899fb644) => 0
2026-09-16 16:00:35.726 I  PeachCommander[30036:179ac] [com.apple.CarbonCore:gestalt] _NewGestalt _NewGestalt(cput 0x1899fb734) => 0
2026-09-16 16:00:35.726 I  PeachCommander[30036:179ac] [com.apple.CarbonCore:gestalt] _NewGestalt _NewGestalt(cpuf 0x1899fb764) => 0
2026-09-16 16:00:35.726 I  PeachCommander[30036:179ac] [com.apple.CarbonCore:gestalt] _NewGestalt _NewGestalt(bclk 0x1899fb794) => 0
2026-09-16 16:00:35.726 I  PeachCommander[30036:179ac] [com.apple.CarbonCore:gestalt] _NewGestalt _NewGestalt(bclm 0x1899fb794) => 0
2026-09-16 16:00:35.726 I  PeachCommander[30036:179ac] [com.apple.CarbonCore:gestalt] _NewGestalt _NewGestalt(pclk 0x1899fb834) => 0
2026-09-16 16:00:35.726 I  PeachCommander[30036:179ac] [com.apple.CarbonCore:gestalt] _NewGestalt _NewGestalt(mclk 0x1899fb834) => 0
2026-09-16 16:00:35.726 I  PeachCommander[30036:179ac] [com.apple.CarbonCore:gestalt] _NewGestalt _NewGestalt(a/ux 0x1899fb94c) => 0
2026-09-16 16:00:35.726 I  PeachCommander[30036:179ac] [com.apple.CarbonCore:gestalt] _NewGestalt _NewGestalt(pgsz 0x1899fb954) => 0
2026-09-16 16:00:35.726 I  PeachCommander[30036:179ac] [com.apple.CarbonCore:gestalt] _NewGestalt _NewGestalt(csiz 0x1899fb994) => 0
2026-09-16 16:00:35.726 I  PeachCommander[30036:179ac] [com.apple.CarbonCore:gestalt] _NewGestalt _NewGestalt(sysv 0x1899a6dfc) => 0
2026-09-16 16:00:35.726 I  PeachCommander[30036:179ac] [com.apple.CarbonCore:gestalt] _NewGestalt _NewGestalt(sys1 0x1899a6dfc) => 0
2026-09-16 16:00:35.726 I  PeachCommander[30036:179ac] [com.apple.CarbonCore:gestalt] _NewGestalt _NewGestalt(sys2 0x1899a6dfc) => 0
2026-09-16 16:00:35.726 I  PeachCommander[30036:179ac] [com.apple.CarbonCore:gestalt] _NewGestalt _NewGestalt(sys3 0x1899a6dfc) => 0
2026-09-16 16:00:35.726 I  PeachCommander[30036:179ac] [com.apple.CarbonCore:gestalt] _NewGestalt _NewGestalt(cdfl 0x1899fb9d4) => 0
2026-09-16 16:00:35.726 I  PeachCommander[30036:179ac] [com.apple.CarbonCore:gestalt] _NewGestalt _NewGestalt(cdrm 0x1899fbc30) => 0
2026-09-16 16:00:35.726 I  PeachCommander[30036:179ac] [com.apple.CarbonCore:gestalt] _NewGestalt _NewGestalt(cpus 0x1899fbc78) => 0
2026-09-16 16:00:35.726 I  PeachCommander[30036:179ac] [com.apple.CarbonCore:gestalt] SetGestaltValue SetGestaltValue(swex 1) => 0
2026-09-16 16:00:35.726 Df PeachCommander[30036:179ac] [com.apple.xpc:connection] [0x8da60e6c0] activating connection: mach=false listener=false peer=false name=com.apple.hiservices-xpcservice
2026-09-16 16:00:35.728 I  PeachCommander[30036:179ac] [com.apple.CFPasteboard:entry] CopyData('ApplePerContextInputPasteboard' (<CFUUID 0x8d984d3e0> B5BDC8A9-C68D-4138-B52E-CA7B13108AE2) gen: -1 item: 1264739405 flavor: 'ApplePerContextInputFlavor')
2026-09-16 16:00:35.728 I  PeachCommander[30036:179ac] [com.apple.CFPasteboard:cache] Rebuilding cache for 'ApplePerContextInputPasteboard' (<CFUUID 0x8d984d3e0> B5BDC8A9-C68D-4138-B52E-CA7B13108AE2)
2026-09-16 16:00:35.728 I  PeachCommander[30036:179ac] [com.apple.CFPasteboard:general] Will request data from daemon
2026-09-16 16:00:35.728 I  PeachCommander[30036:179ac] [com.apple.CFPasteboard:exit] (not-in-cache) - result: 0 generation: 1 data (182 bytes) flags: 0
2026-09-16 16:00:35.728 I  PeachCommander[30036:179ac] [com.apple.CFPasteboard:entry] CopyData('DefaultAsciiKeyboardLayoutPasteboard' (<CFUUID 0x8daf3a820> 9FEEAA3C-0CFE-4AB4-95F0-47DCE6A1F3F2) gen: -1 item: 1264739405 flavor: 'DefaultAsciiKeyboardLayoutFlavor')
2026-09-16 16:00:35.728 I  PeachCommander[30036:179ac] [com.apple.CFPasteboard:exit] (not-in-cache) - result: -8 generation: 0 null data flags: 0
2026-09-16 16:00:35.741 A  PeachCommander[30036:179c1] (CoreFoundation) Loading Preferences From System CFPrefsD
2026-09-16 16:00:35.836 I  PeachCommander[30036:179ac] [com.apple.iconservices:foundation] layer data size zero
2026-09-16 16:00:35.837 A  PeachCommander[30036:179ac] (CoreFoundation) Loading Preferences From User CFPrefsD
2026-09-16 16:00:35.838 I  PeachCommander[30036:179ac] [com.apple.CoreAnalytics:client] Dropping "com.apple.ImageIO.readerSelection" as it isn't used in any transform (not in the config or budgeted?)
2026-09-16 16:00:35.853 I  PeachCommander[30036:179ac] [com.apple.coreanimation:Utilities] IOSurface Compression Enabled: NO
2026-09-16 16:00:35.855 Df PeachCommander[30036:179b5] [com.apple.coreanimation:Metal] Precompiled pipelines disabled on unsupported hardware.
2026-09-16 16:00:35.863 I  PeachCommander[30036:179c1] [com.apple.AppKit:WindowTab] Indexing 1 items
2026-09-16 16:00:35.863 A  PeachCommander[30036:179c1] (CoreSpotlight) end-index-batch
2026-09-16 16:00:35.863 Df PeachCommander[30036:179c1] [com.apple.corespotlight:index] *warn* MailCS ======%%% _setMailMessageAttributes skip:1
2026-09-16 16:00:35.863 A  PeachCommander[30036:179c1] (CoreSpotlight) index-items
2026-09-16 16:00:35.864 Df PeachCommander[30036:179ba] [com.apple.corespotlight:index] CSInlineDonation:<private>: Skipping donation (feature flag disabled)
2026-09-16 16:00:35.864 Df PeachCommander[30036:179ba] [com.apple.corespotlight:index] CSInlineDonation:<private>: Skipping donation (feature flag disabled)
2026-09-16 16:00:35.999 I  PeachCommander[30036:179ac] [com.apple.HIToolbox:MBDisplays] <private>
2026-09-16 16:00:35.999 I  PeachCommander[30036:179ac] [com.apple.HIToolbox:MBDisplays] <private>
2026-09-16 16:00:36.273 I  PeachCommander[30036:179ac] [com.peachcommander:PCFoundation] Session restored
2026-09-16 16:00:36.273 Df PeachCommander[30036:179ac] (Foundation) <private>
2026-09-16 16:00:36.273 I  PeachCommander[30036:179ac] [com.peachcommander:PCFoundation] [automation] running /Users/admin/auto.txt
2026-09-16 16:00:36.273 Df PeachCommander[30036:179ac] (Foundation) <private>
2026-09-16 16:00:36.273 I  PeachCommander[30036:179ac] [com.peachcommander:PCFoundation] [automation] > active left
2026-09-16 16:00:36.273 Df PeachCommander[30036:179ac] (Foundation) <private>
2026-09-16 16:00:36.273 I  PeachCommander[30036:179ac] [com.peachcommander:PCFoundation] [automation] > left /Users/admin/pc-demo
2026-09-16 16:00:36.429 Df PeachCommander[30036:179ac] (Foundation) <private>
2026-09-16 16:00:36.429 I  PeachCommander[30036:179ac] [com.peachcommander:PCFoundation] [automation] > wait 1200
2026-09-16 16:00:36.464 I  PeachCommander[30036:179ac] [com.apple.iconservices:foundation] layer data size zero
2026-09-16 16:00:36.563 I  PeachCommander[30036:179ac] [com.apple.iconservices:foundation] layer data size zero
2026-09-16 16:00:36.564 I  PeachCommander[30036:179ac] [com.apple.iconservices:foundation] layer data size zero
2026-09-16 16:00:36.565 I  PeachCommander[30036:179ac] [com.apple.iconservices:foundation] layer data size zero
2026-09-16 16:00:36.565 I  PeachCommander[30036:179ac] [com.apple.iconservices:foundation] layer data size zero
2026-09-16 16:00:36.566 I  PeachCommander[30036:179ac] [com.apple.iconservices:foundation] layer data size zero
2026-09-16 16:00:36.566 I  PeachCommander[30036:179ac] [com.apple.iconservices:foundation] layer data size zero
2026-09-16 16:00:36.566 I  PeachCommander[30036:179ac] [com.apple.iconservices:foundation] layer data size zero
2026-09-16 16:00:36.567 I  PeachCommander[30036:179ac] [com.apple.iconservices:foundation] layer data size zero
2026-09-16 16:00:36.857 I  PeachCommander[30036:179c1] [com.apple.AppKit:WindowTab] Indexing 1 items
2026-09-16 16:00:36.857 A  PeachCommander[30036:179c1] (CoreSpotlight) end-index-batch
2026-09-16 16:00:36.858 A  PeachCommander[30036:179c1] (CoreSpotlight) index-items
2026-09-16 16:00:36.858 Df PeachCommander[30036:179c1] [com.apple.corespotlight:index] CSInlineDonation:<private>: Skipping donation (feature flag disabled)
2026-09-16 16:00:36.858 Df PeachCommander[30036:179c1] [com.apple.corespotlight:index] CSInlineDonation:<private>: Skipping donation (feature flag disabled)
2026-09-16 16:00:37.710 Df PeachCommander[30036:179ac] (Foundation) <private>
2026-09-16 16:00:37.711 I  PeachCommander[30036:179ac] [com.peachcommander:PCFoundation] [automation] > editfilterdlg /Users/admin/pc-demo/notes.txt
2026-09-16 16:00:37.726 I  PeachCommander[30036:179ac] [com.apple.AppKit:Window] context (0 -> 98f3d4a) for window 56a
2026-09-16 16:00:37.732 I  PeachCommander[30036:179ac] [com.apple.CFPasteboard:entry] CopyItemsAndFlavors('Apple CFPasteboard find (<CFUUID 0x8d886efe0> 4AF50734-A229-4A22-9750-02073BC67884)' gen: -1)
2026-09-16 16:00:37.732 I  PeachCommander[30036:179ac] [com.apple.CFPasteboard:cache] Rebuilding cache for 'Apple CFPasteboard find' (<CFUUID 0x8d886efe0> 4AF50734-A229-4A22-9750-02073BC67884)
2026-09-16 16:00:37.733 I  PeachCommander[30036:179ac] [com.apple.CFPasteboard:exit] result: 0, gen: -1 item-count: 2 flavor-count: 2 (-1 means nil)
2026-09-16 16:00:37.733 I  PeachCommander[30036:179ac] [com.apple.CFPasteboard:entry] GetDataFlags('Apple CFPasteboard find' (<CFUUID 0x8d886efe0> 4AF50734-A229-4A22-9750-02073BC67884) gen: -1  item: 789514, flavor: 'public.utf8-plain-text')
2026-09-16 16:00:37.733 I  PeachCommander[30036:179ac] [com.apple.CFPasteboard:exit] result: 0 flags: 20000000
2026-09-16 16:00:37.733 I  PeachCommander[30036:179ac] [com.apple.CFPasteboard:entry] GetDataFlags('Apple CFPasteboard find' (<CFUUID 0x8d886efe0> 4AF50734-A229-4A22-9750-02073BC67884) gen: -1  item: 789514, flavor: 'com.apple.cocoa.pasteboard.find-panel-search-options')
2026-09-16 16:00:37.733 I  PeachCommander[30036:179ac] [com.apple.CFPasteboard:exit] result: 0 flags: 20000000
2026-09-16 16:00:37.733 Df PeachCommander[30036:179ac] [com.apple.AppKit:Pasteboard] NSPasteboard (name: Apple CFPasteboard find): data requested for type NSStringPboardType at index 0
2026-09-16 16:00:37.733 I  PeachCommander[30036:179ac] [com.apple.CFPasteboard:entry] GetItemCount('Apple CFPasteboard find' (<CFUUID 0x8d886efe0> 4AF50734-A229-4A22-9750-02073BC67884) gen: -1)
2026-09-16 16:00:37.733 I  PeachCommander[30036:179ac] [com.apple.CFPasteboard:exit] result: 0 gen: 4 count: 1
2026-09-16 16:00:37.733 I  PeachCommander[30036:179ac] [com.apple.CFPasteboard:entry] CopyItemsAndFlavors('Apple CFPasteboard find (<CFUUID 0x8d886efe0> 4AF50734-A229-4A22-9750-02073BC67884)' gen: -1)
2026-09-16 16:00:37.733 I  PeachCommander[30036:179ac] [com.apple.CFPasteboard:exit] result: 0, gen: -1 item-count: 2 flavor-count: 2 (-1 means nil)
2026-09-16 16:00:37.733 I  PeachCommander[30036:179ac] [com.apple.CFPasteboard:entry] CopyData('Apple CFPasteboard find' (<CFUUID 0x8d886efe0> 4AF50734-A229-4A22-9750-02073BC67884) gen: 4 item: 789514 flavor: 'public.utf8-plain-text')
2026-09-16 16:00:37.733 I  PeachCommander[30036:179ac] [com.apple.CFPasteboard:general] Will request data from daemon
2026-09-16 16:00:37.733 I  PeachCommander[30036:179ac] [com.apple.CFPasteboard:exit] (not-in-cache) - result: 0 generation: 4 data (7 bytes) flags: 20000000
2026-09-16 16:00:37.733 Df PeachCommander[30036:179ac] [com.apple.AppKit:Pasteboard] NSPasteboard (name: Apple CFPasteboard find): data requested for type com.apple.cocoa.pasteboard.find-panel-search-options at index 0
2026-09-16 16:00:37.733 I  PeachCommander[30036:179ac] [com.apple.CFPasteboard:entry] CopyItemsAndFlavors('Apple CFPasteboard find (<CFUUID 0x8d886efe0> 4AF50734-A229-4A22-9750-02073BC67884)' gen: -1)
2026-09-16 16:00:37.733 I  PeachCommander[30036:179ac] [com.apple.CFPasteboard:exit] result: 0, gen: -1 item-count: 2 flavor-count: 2 (-1 means nil)
2026-09-16 16:00:37.733 I  PeachCommander[30036:179ac] [com.apple.CFPasteboard:entry] CopyData('Apple CFPasteboard find' (<CFUUID 0x8d886efe0> 4AF50734-A229-4A22-9750-02073BC67884) gen: 4 item: 789514 flavor: 'com.apple.cocoa.pasteboard.find-panel-search-options')
2026-09-16 16:00:37.733 I  PeachCommander[30036:179ac] [com.apple.CFPasteboard:general] Will request data from daemon
2026-09-16 16:00:37.733 I  PeachCommander[30036:179ac] [com.apple.CFPasteboard:exit] (not-in-cache) - result: 0 generation: 4 data (116 bytes) flags: 20000000
2026-09-16 16:00:37.734 I  PeachCommander[30036:179ac] [com.apple.CoreAnalytics:client] Dropping "com.apple.appkit.app_config" as it isn't used in any transform (not in the config or budgeted?)
2026-09-16 16:00:37.738 I  PeachCommander[30036:179ac] [com.apple.AppKit:Animation] Running new animation: <private>
2026-09-16 16:00:37.738 I  PeachCommander[30036:179ac] [com.apple.AppKit:Animation] Running new animation: <private>
2026-09-16 16:00:37.738 I  PeachCommander[30036:179ac] [com.apple.AppKit:Animation] Running new animation: <private>
2026-09-16 16:00:37.738 I  PeachCommander[30036:179ac] [com.apple.AppKit:Animation] Running new animation: <private>
2026-09-16 16:00:37.738 I  PeachCommander[30036:179ac] [com.apple.AppKit:Animation] Running new animation: <private>
2026-09-16 16:00:37.741 I  PeachCommander[30036:179ac] [com.apple.inputAnalytics.client:IATextInputActions] initWithAnalyticsMetadataObserver service
2026-09-16 16:00:37.742 I  PeachCommander[30036:179ac] [com.apple.AppKit:Window] context (0 -> d214a8f6) for window 56b
2026-09-16 16:00:37.743 Df PeachCommander[30036:179ac] [com.apple.inputmethodkitClient:Client] +[IMKClient subclass]: chose IMKClient_Modern
2026-09-16 16:00:37.743 Df PeachCommander[30036:179ac] [com.apple.TextInputUI:CursorUI] -[TUINSCursorUIController scheduleUpdateCursorLocation]
2026-09-16 16:00:37.743 Df PeachCommander[30036:179ac] [com.apple.TextInputUI:CursorUI] -[TUINSCursorUIController scheduleUpdateCursorLocation]
2026-09-16 16:00:37.806 I  PeachCommander[30036:179ac] [com.apple.AppKit:Window] order window front conditionally: 56a related: 0
2026-09-16 16:00:37.807 I  PeachCommander[30036:179ac] [com.apple.AppKit:Window] order window front conditionally: 56a related: 0
2026-09-16 16:00:37.829 Df PeachCommander[30036:179ac] [com.apple.TextInputUI:CursorUI] -[TUINSCursorUIController scheduleUpdateCursorLocation]
2026-09-16 16:00:37.837 Df PeachCommander[30036:179ac] (UIFoundation) !!! _NSLayoutTreeLineFragmentRectForGlyphAtIndex invalid glyph index 0
2026-09-16 16:00:37.931 I  PeachCommander[30036:179ac] [com.apple.AppKit:Window] window <TUINSWindow: 0x8d92ff980> windowNumber=56b finishing close
2026-09-16 16:00:37.931 I  PeachCommander[30036:179ac] [com.apple.AppKit:Window] order window: 56b op: 0 relative: 0 related: 0
2026-09-16 16:00:38.155 I  PeachCommander[30036:179c1] [com.apple.AppKit:WindowTab] Indexing 2 items
2026-09-16 16:00:38.155 A  PeachCommander[30036:179c1] (CoreSpotlight) end-index-batch
2026-09-16 16:00:38.155 A  PeachCommander[30036:179c1] (CoreSpotlight) index-items
2026-09-16 16:00:38.155 Df PeachCommander[30036:179c1] [com.apple.corespotlight:index] CSInlineDonation:<private>: Skipping donation (feature flag disabled)
2026-09-16 16:00:38.155 Df PeachCommander[30036:179c1] [com.apple.corespotlight:index] CSInlineDonation:<private>: Skipping donation (feature flag disabled)
2026-09-16 16:00:38.422 I  PeachCommander[30036:179ac] [com.apple.AppKit:Window] context (0 -> 20138e3d) for window 56c
2026-09-16 16:00:38.426 I  PeachCommander[30036:179ac] [com.apple.AppKit:Window] window 56a begin sheet 56c
2026-09-16 16:00:38.438 I  PeachCommander[30036:179ac] [com.apple.AppKit:Window] window 56a show sheet 56c
2026-09-16 16:00:38.442 I  PeachCommander[30036:179b9] [com.apple.inputAnalytics.client:IATextInputActions] mergeOrConsumeAction calling sendSignal:toChannel:withNullableSessionID:withPayload:
2026-09-16 16:00:38.442 Df PeachCommander[30036:179ac] [com.apple.TextInputUI:CursorUI] -[TUINSCursorUIController scheduleUpdateCursorLocation]
2026-09-16 16:00:38.442 Df PeachCommander[30036:179b9] [com.apple.inputAnalytics.client:IASignalAnalytics] channel:<private> signal:<private> sessionID:<private> timestamp:<private> payload:<private>
2026-09-16 16:00:38.442 I  PeachCommander[30036:179b9] [com.apple.inputAnalytics.client:IAXPCClient] IASignalAnalytics: fetching xpcClient...
2026-09-16 16:00:38.442 I  PeachCommander[30036:179b9] [com.apple.inputAnalytics.client:IAXPCClient] Initialized 0x8db54c3a0
2026-09-16 16:00:38.442 I  PeachCommander[30036:179b9] [com.apple.inputAnalytics.client:IAXPCClient] 0x8db54c3a0 using shared remote object proxy
2026-09-16 16:00:38.442 I  PeachCommander[30036:179b9] [com.apple.inputAnalytics.client:IAXPCClient] 0x8db54c3a0 calling connection resume after shared instance
2026-09-16 16:00:38.442 Df PeachCommander[30036:179b9] [com.apple.xpc:connection] [0x8d886ae40] activating connection: mach=true listener=false peer=false name=com.apple.inputanalyticsd
2026-09-16 16:00:38.442 I  PeachCommander[30036:179b9] [com.apple.inputAnalytics.client:IAXPCClient] IAXPCclient 0x8db54c3a0 init created _connection 0x8db692da0 _server 0x0 with IXAXPCProtocol
2026-09-16 16:00:38.442 I  PeachCommander[30036:179b9] [com.apple.inputAnalytics.client:IAXPCClient] IASignalAnalytics: ...returning xpcClient 0x8db54c3a0
2026-09-16 16:00:38.442 I  PeachCommander[30036:179b9] [com.apple.inputAnalytics.client:IAXPCClient] server: returning server 0x8d9524eb0
2026-09-16 16:00:38.443 I  PeachCommander[30036:179ac] [com.apple.AppKit:Window] order window front conditionally: 56a related: 0
2026-09-16 16:00:38.443 I  PeachCommander[30036:179b9] [com.apple.inputAnalytics:IAServerStats] Logging <private>
2026-09-16 16:00:38.443 I  PeachCommander[30036:179b9] [com.apple.CoreAnalytics:client] Dropping "com.apple.inputAnalytics.serverStats" as it isn't used in any transform (not in the config or budgeted?)
2026-09-16 16:00:38.443 I  PeachCommander[30036:179ac] [com.apple.AppKit:Window] parent <NSWindow: 0x8da3b1180> windowNumber=56a remove <NSWindow: 0x8d8ce5400> windowNumber=56c from group
2026-09-16 16:00:38.443 I  PeachCommander[30036:179ac] [com.apple.AppKit:Window] parent <NSWindow: 0x8da3b1180> windowNumber=56a add <NSWindow: 0x8d8ce5400> windowNumber=56c to group
2026-09-16 16:00:38.446 Df PeachCommander[30036:179ac] [com.apple.BoardServices:XPCErrors] [C:2] Alloc com.apple.backboard.hid-services.xpc
2026-09-16 16:00:38.446 Df PeachCommander[30036:179ac] [com.apple.xpc:connection] [0x8d886b700] activating connection: mach=false listener=false peer=false name=(anonymous)
2026-09-16 16:00:38.446 E  PeachCommander[30036:179b9] [com.apple.BaseBoard:Common] Unable to obtain a task name port right for pid 167: (os/kern) failure (0x5)
2026-09-16 16:00:38.446 Df PeachCommander[30036:179c1] [com.apple.xpc:connection] [0x8d886b840] activating connection: mach=false listener=false peer=false name=com.apple.TextInputUI.xpc.CursorUIViewService
2026-09-16 16:00:38.447 Df PeachCommander[30036:179b9] [com.apple.xpc:connection] [0x8d886b840] invalidated after the last release of the connection object
2026-09-16 16:00:38.448 Df PeachCommander[30036:179ac] [com.apple.TextInputUI:CursorUI] -[TUINSCursorUIController scheduleUpdateCursorLocation]
2026-09-16 16:00:38.448 I  PeachCommander[30036:179ac] [com.apple.AppKit:Window] order window: 56c op: 1 relative: 56a related: 0
2026-09-16 16:00:38.454 I  PeachCommander[30036:179ac] [com.apple.CoreAnalytics:client] Dropping "<private>" as it isn't used in any transform (not in the config or budgeted?)
2026-09-16 16:00:38.456 Df PeachCommander[30036:179ac] [com.apple.TextInputUI:CursorUI] -[TUINSCursorUIController scheduleUpdateCursorLocation]
2026-09-16 16:00:38.710 I  PeachCommander[30036:179ac] [com.apple.AppKit:Window] parent <NSWindow: 0x8da3b1180> windowNumber=56a remove <NSWindow: 0x8d8ce5400> windowNumber=56c from group
2026-09-16 16:00:38.710 I  PeachCommander[30036:179ac] [com.apple.AppKit:Window] parent <NSWindow: 0x8da3b1180> windowNumber=56a add <NSWindow: 0x8d8ce5400> windowNumber=56c to group
2026-09-16 16:00:38.710 I  PeachCommander[30036:179ac] [com.apple.AppKit:Window] order window: 56c op: 1 relative: 56a related: 0
2026-09-16 16:00:38.711 I  PeachCommander[30036:17a58] [com.apple.inputAnalytics.client:IATextInputActions] flushAndSetLastAction calling sendSignal:toChannel:withNullableSessionID:withPayload:
2026-09-16 16:00:38.711 Df PeachCommander[30036:17a58] [com.apple.inputAnalytics.client:IASignalAnalytics] channel:<private> signal:<private> sessionID:<private> timestamp:<private> payload:<private>
2026-09-16 16:00:38.711 I  PeachCommander[30036:17a58] [com.apple.inputAnalytics.client:IAXPCClient] IASignalAnalytics: fetching xpcClient...
2026-09-16 16:00:38.711 I  PeachCommander[30036:17a58] [com.apple.inputAnalytics.client:IAXPCClient] IASignalAnalytics: ...returning xpcClient 0x8db54c3a0
2026-09-16 16:00:38.711 I  PeachCommander[30036:17a58] [com.apple.inputAnalytics.client:IAXPCClient] server: returning server 0x8d9524eb0
2026-09-16 16:00:38.711 I  PeachCommander[30036:17a58] [com.apple.inputAnalytics.client:IATextInputActions] flushAndSetLastAction calling sendSignal:toChannel:withNullableSessionID:withPayload:
2026-09-16 16:00:38.711 Df PeachCommander[30036:17a58] [com.apple.inputAnalytics.client:IASignalAnalytics] channel:<private> signal:<private> sessionID:<private> timestamp:<private> payload:<private>
2026-09-16 16:00:38.711 I  PeachCommander[30036:17a58] [com.apple.inputAnalytics.client:IAXPCClient] IASignalAnalytics: fetching xpcClient...
2026-09-16 16:00:38.711 I  PeachCommander[30036:17a58] [com.apple.inputAnalytics.client:IAXPCClient] IASignalAnalytics: ...returning xpcClient 0x8db54c3a0
2026-09-16 16:00:38.711 I  PeachCommander[30036:17a58] [com.apple.inputAnalytics.client:IAXPCClient] server: returning server 0x8d9524eb0
2026-09-16 16:00:38.711 I  PeachCommander[30036:17a58] [com.apple.inputAnalytics.client:IATextInputActions] mergeOrConsumeAction calling sendSignal:toChannel:withNullableSessionID:withPayload:
2026-09-16 16:00:38.711 Df PeachCommander[30036:17a58] [com.apple.inputAnalytics.client:IASignalAnalytics] channel:<private> signal:<private> sessionID:<private> timestamp:<private> payload:<private>
2026-09-16 16:00:38.711 I  PeachCommander[30036:17a58] [com.apple.inputAnalytics.client:IAXPCClient] IASignalAnalytics: fetching xpcClient...
2026-09-16 16:00:38.711 I  PeachCommander[30036:17a58] [com.apple.inputAnalytics.client:IAXPCClient] IASignalAnalytics: ...returning xpcClient 0x8db54c3a0
2026-09-16 16:00:38.711 I  PeachCommander[30036:17a58] [com.apple.inputAnalytics.client:IAXPCClient] server: returning server 0x8d9524eb0
2026-09-16 16:00:38.712 I  PeachCommander[30036:17a58] [com.apple.inputAnalytics.client:IATextInputActions] mergeOrConsumeAction calling sendSignal:toChannel:withNullableSessionID:withPayload:
2026-09-16 16:00:38.712 Df PeachCommander[30036:17a58] [com.apple.inputAnalytics.client:IASignalAnalytics] channel:<private> signal:<private> sessionID:<private> timestamp:<private> payload:<private>
2026-09-16 16:00:38.712 I  PeachCommander[30036:17a58] [com.apple.inputAnalytics.client:IAXPCClient] IASignalAnalytics: fetching xpcClient...
2026-09-16 16:00:38.712 I  PeachCommander[30036:17a58] [com.apple.inputAnalytics.client:IAXPCClient] IASignalAnalytics: ...returning xpcClient 0x8db54c3a0
2026-09-16 16:00:38.712 I  PeachCommander[30036:17a58] [com.apple.inputAnalytics.client:IAXPCClient] server: returning server 0x8d9524eb0
2026-09-16 16:00:38.712 Df PeachCommander[30036:17a58] [com.apple.xpc:connection] [0x8d886bd40] activating connection: mach=false listener=false peer=false name=com.apple.TextInputUI.xpc.CursorUIViewService
2026-09-16 16:00:38.712 Df PeachCommander[30036:179ac] [com.apple.TextInputUI:CursorUI] -[TUINSCursorUIController scheduleUpdateCursorLocation]
2026-09-16 16:00:38.713 Df PeachCommander[30036:179ac] (Foundation) <private>
2026-09-16 16:00:38.713 I  PeachCommander[30036:179ac] [com.peachcommander:PCFoundation] [automation] > wait 1500
2026-09-16 16:00:38.713 Df PeachCommander[30036:17a58] [com.apple.xpc:connection] [0x8d886bd40] invalidated after the last release of the connection object
2026-09-16 16:00:38.714 Df PeachCommander[30036:17a58] [com.apple.xpc:connection] [0x8d886af80] activating connection: mach=false listener=false peer=false name=com.apple.SafariPlatformSupport.Helper
2026-09-16 16:00:38.714 I  PeachCommander[30036:179ac] [com.apple.CFPasteboard:entry] CopyData('DefaultAsciiKeyboardLayoutPasteboard' (<CFUUID 0x8daf3a820> 9FEEAA3C-0CFE-4AB4-95F0-47DCE6A1F3F2) gen: -1 item: 1264739405 flavor: 'DefaultAsciiKeyboardLayoutFlavor')
2026-09-16 16:00:38.714 I  PeachCommander[30036:179ac] [com.apple.CFPasteboard:exit] (not-in-cache) - result: -8 generation: 0 null data flags: 0
2026-09-16 16:00:38.716 Df PeachCommander[30036:179ac] [com.apple.xpc:connection] [0x8d886b980] activating connection: mach=false listener=false peer=false name=(anonymous)
2026-09-16 16:00:38.716 Df PeachCommander[30036:179ac] [com.apple.xpc:connection] [0x8d886b0c0] activating connection: mach=false listener=false peer=false name=com.apple.ViewBridgeAuxiliary
2026-09-16 16:00:38.716 Df PeachCommander[30036:179ac] [com.apple.xpc:connection] [0x8d886b340] activating connection: mach=false listener=false peer=false name=(anonymous)
2026-09-16 16:00:38.716 Df PeachCommander[30036:179ac] [com.apple.xpc:connection] [0x8d886b0c0] invalidated after the last release of the connection object
2026-09-16 16:00:38.716 Df PeachCommander[30036:179ac] [com.apple.xpc:connection] [0x8d886be80] activating connection: mach=false listener=false peer=false name=(anonymous)
2026-09-16 16:00:38.716 Df PeachCommander[30036:179ac] [com.apple.xpc:connection] [0x8d886b480] activating connection: mach=false listener=false peer=false name=(anonymous)
2026-09-16 16:00:38.737 Df PeachCommander[30036:179ac] [com.apple.TextInputUI:CursorUI] -[TUINSCursorUIController activate:]_block_invoke: Create CursorUIViewService: TUINSRemoteViewController
2026-09-16 16:00:38.738 Df PeachCommander[30036:179ac] [com.apple.TextInputUI:CursorUI] -[TUINSCursorUIController activate:]_block_invoke: Create CursorUIViewService: TUINSRemoteViewController
2026-09-16 16:00:38.738 Df PeachCommander[30036:179ac] [com.apple.BoardServices:XPCErrors] [C:3] Alloc com.apple.backboard.hid-services.xpc
2026-09-16 16:00:38.738 Df PeachCommander[30036:179ac] [com.apple.xpc:connection] [0x8d886b5c0] activating connection: mach=false listener=false peer=false name=(anonymous)
2026-09-16 16:00:38.738 Df PeachCommander[30036:179ac] [com.apple.xpc:connection] [0x8d886b340] invalidated because the current process cancelled the connection by calling xpc_connection_cancel()
2026-09-16 16:00:38.738 Df PeachCommander[30036:179ac] [com.apple.xpc:connection] [0x8d886b980] invalidated because the current process cancelled the connection by calling xpc_connection_cancel()
2026-09-16 16:00:38.738 E  PeachCommander[30036:179ac] [com.apple.TextInputUI:CursorUI] ViewBridge to RemoteViewService Terminated: Error Domain=com.apple.ViewBridge Code=18 UserInfo={com.apple.ViewBridge.error.hint=this process disconnected remote view controller -- benign unless unexpected, com.apple.ViewBridge.error.description=NSViewBridgeErrorCanceled}
2026-09-16 16:00:38.739 Df PeachCommander[30036:179c1] [com.apple.BackBoard:EventDelivery] BKSHIDEventDeliveryManager - connection activation
2026-09-16 16:00:38.777 I  PeachCommander[30036:179ac] [com.apple.launchservices:cas] Removing cached information for app [ 0x0-0x144144]  "PeachCommander", as its seed is different from that in shared memory ( 535 vs 537)
2026-09-16 16:00:38.794 Df PeachCommander[30036:17a58] [com.apple.xpc:connection] [0x8d886af80] invalidated after the last release of the connection object
2026-09-16 16:00:38.795 Df PeachCommander[30036:179ac] [com.apple.xpc:connection] [0x8d886b340] activating connection: mach=false listener=false peer=false name=(anonymous)
2026-09-16 16:00:38.795 Df PeachCommander[30036:179ac] [com.apple.xpc:connection] [0x8d886af80] activating connection: mach=false listener=false peer=false name=(anonymous)
2026-09-16 16:00:38.815 I  PeachCommander[30036:179ac] [com.apple.CoreAnalytics:client] Dropping "com.apple.appkit.app_config" as it isn't used in any transform (not in the config or budgeted?)
2026-09-16 16:00:38.815 Df PeachCommander[30036:179c1] [com.apple.xpc:connection] [0x8d886b980] activating connection: mach=false listener=false peer=false name=com.apple.SafariPlatformSupport.Helper
2026-09-16 16:00:38.815 Df PeachCommander[30036:17a58] [com.apple.xpc:connection] [0x8d886b980] invalidated after the last release of the connection object
2026-09-16 16:00:38.815 Df PeachCommander[30036:179ac] [com.apple.xpc:connection] [0x8d886b840] activating connection: mach=false listener=false peer=false name=(anonymous)
2026-09-16 16:00:38.815 Df PeachCommander[30036:179ac] [com.apple.xpc:connection] [0x8d886b980] activating connection: mach=false listener=false peer=false name=(anonymous)
2026-09-16 16:00:38.842 I  PeachCommander[30036:179ac] [com.apple.AppKit:Window] context (0 -> 7f102b41) for window 571
2026-09-16 16:00:38.843 I  PeachCommander[30036:179ac] [com.apple.AppKit:Window] order window: 571 op: 0 relative: 0 related: 0
2026-09-16 16:00:38.855 I  PeachCommander[30036:179ac] [com.apple.SafariPlatformSupport:SafariPlatformSupport] -[SPSafariPlatformSupport completionListPreferredContentSizeDidUpdate] with size {312, 237}, in window that is visible
2026-09-16 16:00:38.855 I  PeachCommander[30036:179ac] [com.apple.AppKit:Window] parent <NSWindow: 0x8da3b1180> windowNumber=56a remove <NSWindow: 0x8d8ce5400> windowNumber=56c from group
2026-09-16 16:00:38.855 I  PeachCommander[30036:179ac] [com.apple.AppKit:Window] parent <NSWindow: 0x8da3b1180> windowNumber=56a add <NSWindow: 0x8d8ce5400> windowNumber=56c to group
2026-09-16 16:00:38.856 I  PeachCommander[30036:179ac] [com.apple.AppKit:Window] order window: 56c op: 1 relative: 56a related: 0
2026-09-16 16:00:38.856 I  PeachCommander[30036:179ac] [com.apple.AppKit:Window] parent <NSWindow: 0x8d8ce5400> windowNumber=56c remove <SPRoundedWindow: 0x8d8ce8a00> windowNumber=571 from group
2026-09-16 16:00:38.856 I  PeachCommander[30036:179ac] [com.apple.AppKit:Window] parent <NSWindow: 0x8d8ce5400> windowNumber=56c add <SPRoundedWindow: 0x8d8ce8a00> windowNumber=571 to group
2026-09-16 16:00:38.856 I  PeachCommander[30036:179ac] [com.apple.AppKit:Window] order window: 571 op: 1 relative: 56c related: 0
2026-09-16 16:00:38.857 I  PeachCommander[30036:179ac] [com.apple.AppKit:Window] order window front conditionally: 571 related: 0
2026-09-16 16:00:38.857 I  PeachCommander[30036:179ac] [com.apple.SafariPlatformSupport:SafariPlatformSupport] -[SPSafariPlatformSupport completionListPreferredContentSizeDidUpdate] with size {0, 0}, in window that is visible
2026-09-16 16:00:38.857 I  PeachCommander[30036:179ac] [com.apple.AppKit:Window] parent <NSWindow: 0x8d8ce5400> windowNumber=56c remove <SPRoundedWindow: 0x8d8ce8a00> windowNumber=571 from group
2026-09-16 16:00:38.857 I  PeachCommander[30036:179ac] [com.apple.AppKit:Window] parent <NSWindow: 0x8da3b1180> windowNumber=56a remove <NSWindow: 0x8d8ce5400> windowNumber=56c from group
2026-09-16 16:00:38.857 I  PeachCommander[30036:179ac] [com.apple.AppKit:Window] parent <NSWindow: 0x8da3b1180> windowNumber=56a add <NSWindow: 0x8d8ce5400> windowNumber=56c to group
2026-09-16 16:00:38.857 I  PeachCommander[30036:179ac] [com.apple.AppKit:Window] order window: 56c op: 1 relative: 56a related: 0
2026-09-16 16:00:38.857 I  PeachCommander[30036:179ac] [com.apple.AppKit:Window] order window: 571 op: 0 relative: 0 related: 0
2026-09-16 16:00:38.926 I  PeachCommander[30036:179c1] [com.apple.AppKit:WindowTab] Indexing 2 items
2026-09-16 16:00:38.926 A  PeachCommander[30036:179c1] (CoreSpotlight) end-index-batch
2026-09-16 16:00:38.926 A  PeachCommander[30036:179c1] (CoreSpotlight) index-items
2026-09-16 16:00:38.926 Df PeachCommander[30036:179c1] [com.apple.corespotlight:index] CSInlineDonation:<private>: Skipping donation (feature flag disabled)
2026-09-16 16:00:38.926 Df PeachCommander[30036:179c1] [com.apple.corespotlight:index] CSInlineDonation:<private>: Skipping donation (feature flag disabled)
2026-09-16 16:00:40.225 Df PeachCommander[30036:179ac] (Foundation) <private>
2026-09-16 16:00:40.225 I  PeachCommander[30036:179ac] [com.peachcommander:PCFoundation] [automation] > keyloop /Users/admin/keyloop-editor.txt
2026-09-16 16:00:40.230 Df PeachCommander[30036:179ac] (Foundation) <private>
2026-09-16 16:00:40.230 Df PeachCommander[30036:179ac] (Foundation) <private>
2026-09-16 16:00:40.230 I  PeachCommander[30036:179ac] [com.peachcommander:PCFoundation] [automation] > a11ydump /Users/admin/a11y-editor.txt
2026-09-16 16:00:40.231 Df PeachCommander[30036:179ac] (Foundation) <private>
2026-09-16 16:00:40.231 Df PeachCommander[30036:179ac] (Foundation) <private>
2026-09-16 16:00:40.231 I  PeachCommander[30036:179ac] [com.peachcommander:PCFoundation] [automation] > wait 500
2026-09-16 16:00:40.765 Df PeachCommander[30036:179ac] (Foundation) <private>
2026-09-16 16:00:40.765 I  PeachCommander[30036:179ac] [com.peachcommander:PCFoundation] [automation] > panelsdump /Users/admin/keys-editor-done.txt
2026-09-16 16:00:40.765 Df PeachCommander[30036:179ac] (Foundation) <private>
2026-09-16 16:00:40.765 I  PeachCommander[30036:179ac] [com.peachcommander:PCFoundation] [automation] > wait 300
2026-09-16 16:00:41.156 Df PeachCommander[30036:179ac] (Foundation) <private>
2026-09-16 16:00:41.156 I  PeachCommander[30036:179ac] [com.peachcommander:PCFoundation] [automation] done
