Timestamp               Ty Process[PID:TID]
2026-09-14 15:34:27.156 A  PeachCommander[28614:16e87] (libsystem_info.dylib) Retrieve User by ID
2026-09-14 15:34:27.156 Df PeachCommander[28614:16e87] [com.apple.xpc:connection] [0x1041c2860] activating connection: mach=true listener=false peer=false name=com.apple.cfprefsd.daemon
2026-09-14 15:34:27.156 Df PeachCommander[28614:16e8b] [com.apple.xpc:connection] [0x1041c3960] activating connection: mach=true listener=false peer=false name=com.apple.cfprefsd.agent
2026-09-14 15:34:27.157 Df PeachCommander[28614:16e87] [com.apple.xpc:connection] [0x1041c6620] activating connection: mach=true listener=false peer=false name=com.apple.coreservices.launchservicesd
2026-09-14 15:34:27.157 I  PeachCommander[28614:16e87] [com.apple.launchservices:cas] Registering for notification <private> on default queue, to re-boostrap client connection.
2026-09-14 15:34:27.158 Df PeachCommander[28614:16e87] [com.apple.xpc:connection] [0x866c48000] activating connection: mach=true listener=false peer=false name=com.apple.pasteboard.1
2026-09-14 15:34:27.158 Df PeachCommander[28614:16e87] [com.apple.xpc:connection] [0x866c48140] activating connection: mach=true listener=false peer=false name=com.apple.distributed_notifications@Uv3
2026-09-14 15:34:27.159 Df PeachCommander[28614:16e87] [com.apple.AppKit:AutomaticTermination] void _NSDisableAutomaticTerminationAndLog(NSString *) No windows open yet
2026-09-14 15:34:27.159 A  PeachCommander[28614:16e87] (TCC) TCCAccessRequest() IPC
2026-09-14 15:34:27.159 Df PeachCommander[28614:16e87] [com.apple.xpc:connection] [0x866c48280] activating connection: mach=true listener=false peer=false name=com.apple.tccd.system
2026-09-14 15:34:27.159 I  PeachCommander[28614:16e87] [com.apple.TCC:access] SEND: 0/7 synchronous to com.apple.tccd.system: request: msgID=28614.1, function=TCCAccessRequest, service=kTCCServiceListenEvent,
2026-09-14 15:34:27.161 I  PeachCommander[28614:16e87] [com.apple.TCC:access] RECV: synchronous reply <dictionary: 0x866c38000> { count = 5, transaction: 0, voucher = 0x0, contents =
	"prompt_type" => <uint64: 0xb7ea24ccdb46488f>: 1
	"auth_value" => <uint64: 0xb7ea24ccdb46488f>: 1
	"preflight_unknown" => <bool: 0x1ef2a5190>: true
	"auth_version" => <uint64: 0xb7ea24ccdb46488f>: 1
	"auth_reason" => <uint64: 0xb7ea24ccdb4648af>: 5
}
2026-09-14 15:34:27.161 Df PeachCommander[28614:16e87] [com.apple.xpc:connection] [0x866c48280] invalidated after the last release of the connection object
2026-09-14 15:34:27.161 Df PeachCommander[28614:16e87] [com.apple.SkyLight:default] server port 0x00003207, session port 0x00003207
2026-09-14 15:34:27.163 Df PeachCommander[28614:16e87] [com.apple.SkyLight:default] New connection 0x4e0b7 main
2026-09-14 15:34:27.163 I  PeachCommander[28614:16e8b] [com.apple.SkyLight:processes] 0[outside of RPC]: First connection id 319671 mapped to ctx = 0x867044280
2026-09-14 15:34:27.163 I  PeachCommander[28614:16e87] [com.apple.hiservices:processmgr] Checking in with CAS, pid=28614
2026-09-14 15:34:27.163 I  PeachCommander[28614:16e87] [com.apple.launchservices:cas] LSApplicationCheckIn(), app being registered is:"/Users/admin/pc-test/PeachCommander.app/Contents/MacOS/PeachCommander"
2026-09-14 15:34:27.164 I  PeachCommander[28614:16e87] [com.apple.launchservices:cas]  { "ApplicationType"="Foreground", "BuildMachineOSBuild"="25E246", "CFBundleDevelopmentRegion"="en", "CFBundleDocumentTypes"=( { "CFBundleTypeName"="Peach Commander Plugin Package", "CFBundleTypeRole"="Viewer", "LSHandlerRank"="Owner", "LSItemContentTypes"=( "com.peachcommander.plugin-package") }), "CFBundleExecutable"="PeachCommander", "CFBundleExecutablePath"="/Users/admin/pc-test/PeachCommander.app/Contents/MacOS/PeachCommander", "CFBundleHelpBookFolder"="PeachCommander.help", "CFBundleHelpBookName"="Peach Commander Help", "CFBundleIconFile"="AppIcon", "CFBundleIconName"="AppIcon", "CFBundleIdentifier"="com.peachcommander.app", "CFBundleInfoDictionaryVersion"="6.0", "CFBundleName"="PeachCommander", "CFBundleNumericVersion"=402685952, "CFBundlePackageType"="APPL", "CFBundleShortVersionString"="0.9.0", "CFBundleSignature"="?????", "CFBundleSupportedPlatforms"=( "MacOSX"), "CFBundleVersion"="18", "DTCompiler"="com.apple.compilers.llvm.clang.1_0", "DTPlatformBuild"="25F70", "DTPlatformName"="macosx", "<…>
2026-09-14 15:34:27.164 Df PeachCommander[28614:16e87] [com.apple.processmanager:front-35286506] CHECKIN: pid=28614
2026-09-14 15:34:27.165 Df PeachCommander[28614:16e87] [com.apple.processmanager:front-35286506] CHECKEDIN: pid=28614 asn=0x0-0x17e17e foreground=1
2026-09-14 15:34:27.165 I  PeachCommander[28614:16e87] [com.apple.launchservices:cas] Setting processControlState to default PROC_SETPC_SUSPEND because application does not have LSProcessControlValue key
2026-09-14 15:34:27.165 Df PeachCommander[28614:16e87] [com.apple.xpc:connection] [0x866c48280] activating connection: mach=false listener=true peer=false name=(anonymous)
2026-09-14 15:34:27.165 Df PeachCommander[28614:16e87] [com.apple.xpc:connection] [0x866c48280] Connection returned listener port: 0x4103
2026-09-14 15:34:27.165 Df PeachCommander[28614:16e8c] [com.apple.xpc:connection] [0x8670dc300] activating connection: mach=false listener=false peer=true name=com.apple.xpc.anonymous.0x866c48280.peer[131].0x8670dc300
2026-09-14 15:34:27.166 Df PeachCommander[28614:16e87] [com.apple.processmanager:front-35286506] FRONTLOGGING: version 1
2026-09-14 15:34:27.166 Df PeachCommander[28614:16e87] [com.apple.processmanager:front-35286506] Registered, pid=28614 ASN=0x0,0x17e17e
2026-09-14 15:34:27.166 Df PeachCommander[28614:16e87] [com.apple.xpc:connection] [0x866c483c0] activating connection: mach=true listener=false peer=false name=com.apple.analyticsd
2026-09-14 15:34:27.166 I  PeachCommander[28614:16e87] [com.apple.CoreAnalytics:client] Daemon status changed from 0 to 1
2026-09-14 15:34:27.166 I  PeachCommander[28614:16e8c] [com.apple.CarbonCore:coreservicesdaemon] SCSession():SCSession( id=100, this=0x0x1041cc0f0 option=65538) created, forUID=501 mach_port_t=0x4403.
2026-09-14 15:34:27.166 I  PeachCommander[28614:16e8c] [com.apple.CarbonCore:coreservicesdaemon] SCSession():SCSession( id=101, this=0x0x1041cc230 option=65538) created, forUID=501 mach_port_t=0x4303.
2026-09-14 15:34:27.166 I  PeachCommander[28614:16e8c] [com.apple.CarbonCore:coreservicesdaemon] connectToCoreServicesD():Instantiating server (coreservicesd based) SCSession, port=0x4403 serverOptions=0x10002.
2026-09-14 15:34:27.166 I  PeachCommander[28614:16e87] [com.apple.hiservices:processmgr] _RegisterApplication( pid 28614 => 0x0,0x17e17e) type=foreground
2026-09-14 15:34:27.166 Df PeachCommander[28614:16e87] [com.apple.xpc:connection] [0x866c48280] Connection returned listener port: 0x4103
2026-09-14 15:34:27.166 Df PeachCommander[28614:16e8c] [com.apple.xpc:connection] [0x866c48500] activating connection: mach=true listener=false peer=false name=com.apple.lsd.mapdb
2026-09-14 15:34:27.166 I  PeachCommander[28614:16e87] [com.apple.launchservices:cas] CFArrayRef _LSCopyLaunchModifiers(LSSessionID, LSASNRef _Nonnull), result for psn [ kLSCurrentApp ASN, 0x0,0x2]  is 1 items.
2026-09-14 15:34:27.166 Df PeachCommander[28614:16e87] [com.apple.processmanager:front-35286506] BringForward: pid=28614 asn=0x0-0x17e17e bringForward=1 foreground=1 uiElement=0 launchedByLS=1 modifiersCount=1 allDisabled=1
2026-09-14 15:34:27.166 Df PeachCommander[28614:16e87] [com.apple.processmanager:front-35286506] BringFrontModifier: pid=28614 asn=0x0-0x17e17e Modifier 0 hideAfter=0 hideOthers=0 dontMakeFrontmost=0 mouseDown=0/0 seed=0/0
2026-09-14 15:34:27.166 Df PeachCommander[28614:16e87] [com.apple.processmanager:front-35286506] BringForward: pid=28614 asn=0x0-0x17e17e
2026-09-14 15:34:27.166 Df PeachCommander[28614:16e87] [com.apple.processmanager:front-35286506] SetFrontProcess: asn=0x0-0x17e17e options=0
2026-09-14 15:34:27.166 I  PeachCommander[28614:16e87] [com.apple.SkyLight:processes] 0[outside of RPC]: SLPSetFrontProcess(0x0-0x17e17e window=0 options=0x0
2026-09-14 15:34:27.167 Df PeachCommander[28614:16e8b] [com.apple.CoreAnalytics:client] Received configuration update from daemon (initial)
2026-09-14 15:34:27.167 I  PeachCommander[28614:16e8c] [com.apple.launchservices:db] LaunchServices database schema version: 20971544
2026-09-14 15:34:27.168 Df PeachCommander[28614:16e87] [com.apple.AppKit:Appearance] Current system appearance, (HLTB: 1), (SLS: 0)
2026-09-14 15:34:27.169 Df PeachCommander[28614:16e87] (libMobileGestalt.dylib) No persisted cache on this platform.
2026-09-14 15:34:27.169 I  PeachCommander[28614:16e90] [com.apple.launchservices:cas] information in shared memory for 0x0-0x17e17e with seed 533 was still valid, so using cached info { "ApplicationType"="Foreground", "BuildMachineOSBuild"="25E246", "BundleIdentifierLowerCase"="com.peachcommander.app", "CFBundleDevelopmentRegion"="en", "CFBundleDocumentTypes"=( { "CFBundleTypeName"="Peach Commander Plugin Package", "CFBundleTypeRole"="Viewer", "LSHandlerRank"="Owner", "LSItemContentTypes"=( "com.peachcommander.plugin-package") }), "CFBundleExecutable"="PeachCommander", "CFBundleExecutablePath"="/Users/admin/pc-test/PeachCommander.app/Contents/MacOS/PeachCommander", "CFBundleExecutablePathDeviceID"=16777229, "CFBundleExecutablePathINode"=487591, "CFBundleHelpBookFolder"="PeachCommander.help", "CFBundleHelpBookName"="Peach Commander Help", "CFBundleIconFile"="AppIcon", "CFBundleIconName"="AppIcon", "CFBundleIdentifier"="com.peachcommander.app", "CFBundleInfoDictionaryVersion"="6.0", "CFBundleName"="PeachCommander", "CFBundleNameLowerCase"="peachcommander", "CFBundleNumericVersion"=402685952, "CFBundlePackageType"="APPL", "CFBundleShortVersionString"="0.9.0", "CFBun<…>
2026-09-14 15:34:27.169 Df PeachCommander[28614:16e87] (libMobileGestalt.dylib) Could not get size of EAN data (IOConnectCallScalarMethod kAppleNVMeEANGetSize returned 0xE00002E2)
2026-09-14 15:34:27.169 Df PeachCommander[28614:16e87] (libMobileGestalt.dylib) Failed to copy 'aptk' from EAN
2026-09-14 15:34:27.169 Df PeachCommander[28614:16e87] (libMobileGestalt.dylib) Failed to copy APTicket properties. Falling back to default policy.
2026-09-14 15:34:27.169 Df PeachCommander[28614:16e87] (libMobileGestalt.dylib) Creating default MGSysConfigPolicy
2026-09-14 15:34:27.169 Df PeachCommander[28614:16e87] (libMobileGestalt.dylib) CFDictionaryRef copySyscfgDictionary(void) enumeration of <private> failed.
2026-09-14 15:34:27.169 Df PeachCommander[28614:16e87] (libMobileGestalt.dylib) Failed to find key <private>
2026-09-14 15:34:27.170 Df PeachCommander[28614:16e87] [com.apple.AppKit:Appearance] Current system appearance, (HLTB: 1), (SLS: 0)
2026-09-14 15:34:27.171 Df PeachCommander[28614:16e87] [com.apple.AppKit:Appearance] Post-registration system appearance: (HLTB: 1)
2026-09-14 15:34:27.171 I  PeachCommander[28614:16e8c] [com.apple.launchservices:default] Unable to load Info.plist exceptions (eGPUOverrides)
2026-09-14 15:34:27.171 I  PeachCommander[28614:16e8c] [com.apple.launchservices:default] Unable to load Info.plist exceptions (gameModeOverrides)
2026-09-14 15:34:27.171 I  PeachCommander[28614:16e8c] [com.apple.launchservices:default] Unable to load Info.plist exceptions (identifiedGameOverrides)
2026-09-14 15:34:27.171 I  PeachCommander[28614:16e8c] [com.apple.launchservices:default] Unable to load Info.plist exceptions (SystemHiddenPreferred)
2026-09-14 15:34:27.172 Df PeachCommander[28614:16e87] [com.apple.FrontBoard:Common] FBSWorkspace: endpoint monitoring is disabled.
2026-09-14 15:34:27.172 Df PeachCommander[28614:16e87] [com.apple.FrontBoard:Common] FBSWorkspace: default shell endpoint is disabled.
2026-09-14 15:34:27.172 Df PeachCommander[28614:16e87] [com.apple.runningboard:connection] Initializing connection
2026-09-14 15:34:27.172 Df PeachCommander[28614:16e87] [com.apple.runningboard:process] Removing all cached process handles
2026-09-14 15:34:27.172 Df PeachCommander[28614:16e8c] [com.apple.runningboard:connection] Sending handshake request attempt #1 to server
2026-09-14 15:34:27.172 Df PeachCommander[28614:16e8c] [com.apple.runningboard:connection] Creating connection to com.apple.runningboard
2026-09-14 15:34:27.172 Df PeachCommander[28614:16e8c] [com.apple.xpc:connection] [0x866c48640] activating connection: mach=true listener=false peer=false name=com.apple.runningboard
2026-09-14 15:34:27.172 Df PeachCommander[28614:16e87] [com.apple.xpc:connection] [0x866c48280] Connection returned listener port: 0x4103
2026-09-14 15:34:27.172 A  PeachCommander[28614:16e90] (RunningBoardServices) didChangeInheritances
2026-09-14 15:34:27.173 I  PeachCommander[28614:16e87] [com.apple.launchservices:cas] information in shared memory for 0x0-0x17e17e with seed 533 was still valid, so using cached info { "ApplicationType"="Foreground", "BuildMachineOSBuild"="25E246", "BundleIdentifierLowerCase"="com.peachcommander.app", "CFBundleDevelopmentRegion"="en", "CFBundleDocumentTypes"=( { "CFBundleTypeName"="Peach Commander Plugin Package", "CFBundleTypeRole"="Viewer", "LSHandlerRank"="Owner", "LSItemContentTypes"=( "com.peachcommander.plugin-package") }), "CFBundleExecutable"="PeachCommander", "CFBundleExecutablePath"="/Users/admin/pc-test/PeachCommander.app/Contents/MacOS/PeachCommander", "CFBundleExecutablePathDeviceID"=16777229, "CFBundleExecutablePathINode"=487591, "CFBundleHelpBookFolder"="PeachCommander.help", "CFBundleHelpBookName"="Peach Commander Help", "CFBundleIconFile"="AppIcon", "CFBundleIconName"="AppIcon", "CFBundleIdentifier"="com.peachcommander.app", "CFBundleInfoDictionaryVersion"="6.0", "CFBundleName"="PeachCommander", "CFBundleNameLowerCase"="peachcommander", "CFBundleNumericVersion"=402685952, "CFBundlePackageType"="APPL", "CFBundleShortVersionString"="0.9.0", "CFBun<…>
2026-09-14 15:34:27.173 Df PeachCommander[28614:16e8c] [com.apple.runningboard:connection] Handshake succeeded
2026-09-14 15:34:27.173 Df PeachCommander[28614:16e8c] [com.apple.runningboard:connection] Identity resolved as app<application.com.peachcommander.app.486730.487591(501)>
2026-09-14 15:34:27.174 Df PeachCommander[28614:16e87] [com.apple.xpc:connection] [0x866c48280] Connection returned listener port: 0x4103
2026-09-14 15:34:27.175 A  PeachCommander[28614:16e90] (AppIntents) appintents:register process
2026-09-14 15:34:27.175 Df PeachCommander[28614:16e90] [com.apple.appintents:Connection] Created a new Process Instance Registry XPC connection (inactive)
2026-09-14 15:34:27.175 Df PeachCommander[28614:16e90] [com.apple.xpc:connection] [0x866c48780] activating connection: mach=true listener=false peer=false name=com.apple.linkd.autoShortcut
2026-09-14 15:34:27.175 Df PeachCommander[28614:16e90] [com.apple.appintents:Connection] Activated connection to linkd (ApplicationService)
2026-09-14 15:34:27.175 Df PeachCommander[28614:16e90] [com.apple.xpc:connection] [0x866c48a00] activating connection: mach=false listener=true peer=false name=(anonymous)
2026-09-14 15:34:27.175 I  PeachCommander[28614:16e87] [com.apple.launchservices:cas] information in shared memory for 0x0-0x17e17e with seed 533 was still valid, so using cached info { "ApplicationType"="Foreground", "BuildMachineOSBuild"="25E246", "BundleIdentifierLowerCase"="com.peachcommander.app", "CFBundleDevelopmentRegion"="en", "CFBundleDocumentTypes"=( { "CFBundleTypeName"="Peach Commander Plugin Package", "CFBundleTypeRole"="Viewer", "LSHandlerRank"="Owner", "LSItemContentTypes"=( "com.peachcommander.plugin-package") }), "CFBundleExecutable"="PeachCommander", "CFBundleExecutablePath"="/Users/admin/pc-test/PeachCommander.app/Contents/MacOS/PeachCommander", "CFBundleExecutablePathDeviceID"=16777229, "CFBundleExecutablePathINode"=487591, "CFBundleHelpBookFolder"="PeachCommander.help", "CFBundleHelpBookName"="Peach Commander Help", "CFBundleIconFile"="AppIcon", "CFBundleIconName"="AppIcon", "CFBundleIdentifier"="com.peachcommander.app", "CFBundleInfoDictionaryVersion"="6.0", "CFBundleName"="PeachCommander", "CFBundleNameLowerCase"="peachcommander", "CFBundleNumericVersion"=402685952, "CFBundlePackageType"="APPL", "CFBundleShortVersionString"="0.9.0", "CFBun<…>
2026-09-14 15:34:27.175 I  PeachCommander[28614:16e87] [com.apple.hiservices:processmgr] TransformProcessType(0x0,0x2 => 1 wasFront=1 pickNew=0)
2026-09-14 15:34:27.175 I  PeachCommander[28614:16e87] [com.apple.CoreAnalytics:client] Dropping "com.apple.appkit.app_config" as it isn't used in any transform (not in the config or budgeted?)
2026-09-14 15:34:27.175 I  PeachCommander[28614:16e90] [com.apple.appintents:Execution] LNAppConnectionListener instantiated
2026-09-14 15:34:27.175 Df PeachCommander[28614:16e90] [com.apple.xpc:connection] [0x866c48a00] Connection returned listener port: 0x6e03
2026-09-14 15:34:27.176 Df PeachCommander[28614:16e8c] [com.apple.xpc:connection] [0x866c48780] Re-initialization successful; calling out to event handler with XPC_ERROR_CONNECTION_INTERRUPTED
2026-09-14 15:34:27.176 Df PeachCommander[28614:16e8c] [com.apple.appintents:Connection] Process Instance Registry XPC connection has been interrupted
2026-09-14 15:34:27.176 Df PeachCommander[28614:16e87] [com.apple.dt.xctest:Default] Registering for test daemon availability notify post.
2026-09-14 15:34:27.176 E  PeachCommander[28614:16e90] [com.apple.appintents:Connection] Unable to get synchronousRemoteObjectProxy, error: Error Domain=NSCocoaErrorDomain Code=4097 "connection to service named com.apple.linkd.autoShortcut" UserInfo={NSDebugDescription=connection to service named com.apple.linkd.autoShortcut}
2026-09-14 15:34:27.176 Df PeachCommander[28614:16e87] [com.apple.dt.xctest:Default] notify_get_state check indicated test daemon not ready.
2026-09-14 15:34:27.176 E  PeachCommander[28614:16e90] [com.apple.AppKit:Application] Error registering app with intents framework: Error Domain=NSCocoaErrorDomain Code=4097 UserInfo={NSDebugDescription=<private>}
2026-09-14 15:34:27.176 Df PeachCommander[28614:16e8c] [com.apple.appintents:Connection] Created a new Process Instance Registry XPC connection (inactive)
2026-09-14 15:34:27.176 A  PeachCommander[28614:16e8c] (AppIntents) appintents:register process
2026-09-14 15:34:27.176 Df PeachCommander[28614:16e8c] [com.apple.appintents:Connection] Created a new Process Instance Registry XPC connection (inactive)
2026-09-14 15:34:27.176 Df PeachCommander[28614:16e8c] [com.apple.xpc:connection] [0x866c48c80] activating connection: mach=true listener=false peer=false name=com.apple.linkd.autoShortcut
2026-09-14 15:34:27.176 Df PeachCommander[28614:16e87] [com.apple.dt.xctest:Default] notify_get_state check indicated test daemon not ready.
2026-09-14 15:34:27.176 Df PeachCommander[28614:16e8c] [com.apple.appintents:Connection] Activated connection to linkd (ApplicationService)
2026-09-14 15:34:27.176 Df PeachCommander[28614:16e8c] [com.apple.xpc:connection] [0x866c48a00] Connection returned listener port: 0x6e03
2026-09-14 15:34:27.176 Df PeachCommander[28614:16e87] [com.apple.dt.xctest:Default] notify_get_state check indicated test daemon not ready.
2026-09-14 15:34:27.176 Df PeachCommander[28614:16e8b] [com.apple.xpc:connection] [0x866c48c80] Re-initialization successful; calling out to event handler with XPC_ERROR_CONNECTION_INTERRUPTED
2026-09-14 15:34:27.176 Df PeachCommander[28614:16e8b] [com.apple.appintents:Connection] Process Instance Registry XPC connection has been interrupted
2026-09-14 15:34:27.176 E  PeachCommander[28614:16e8c] [com.apple.appintents:Connection] Unable to get synchronousRemoteObjectProxy, error: Error Domain=NSCocoaErrorDomain Code=4097 "connection to service named com.apple.linkd.autoShortcut" UserInfo={NSDebugDescription=connection to service named com.apple.linkd.autoShortcut}
2026-09-14 15:34:27.176 E  PeachCommander[28614:16e8c] [com.apple.appintents:Connection] Unable to re-register with Process Instance Registry, error: Error Domain=NSCocoaErrorDomain Code=4097 "connection to service named com.apple.linkd.autoShortcut" UserInfo={NSDebugDescription=connection to service named com.apple.linkd.autoShortcut}
2026-09-14 15:34:27.176 Df PeachCommander[28614:16e90] [com.apple.appintents:Connection] Created a new Process Instance Registry XPC connection (inactive)
2026-09-14 15:34:27.176 A  PeachCommander[28614:16e90] (AppIntents) appintents:register process
2026-09-14 15:34:27.176 Df PeachCommander[28614:16e90] [com.apple.appintents:Connection] Created a new Process Instance Registry XPC connection (inactive)
2026-09-14 15:34:27.176 Df PeachCommander[28614:16e90] [com.apple.xpc:connection] [0x866c492c0] activating connection: mach=true listener=false peer=false name=com.apple.linkd.autoShortcut
2026-09-14 15:34:27.176 Df PeachCommander[28614:16e90] [com.apple.appintents:Connection] Activated connection to linkd (ApplicationService)
2026-09-14 15:34:27.176 Df PeachCommander[28614:16e90] [com.apple.xpc:connection] [0x866c48a00] Connection returned listener port: 0x6e03
2026-09-14 15:34:27.177 Df PeachCommander[28614:16e8c] [com.apple.xpc:connection] [0x866c492c0] Re-initialization successful; calling out to event handler with XPC_ERROR_CONNECTION_INTERRUPTED
2026-09-14 15:34:27.177 Df PeachCommander[28614:16e8c] [com.apple.appintents:Connection] Process Instance Registry XPC connection has been interrupted
2026-09-14 15:34:27.177 Df PeachCommander[28614:16e8c] [com.apple.appintents:Connection] Created a new Process Instance Registry XPC connection (inactive)
2026-09-14 15:34:27.177 A  PeachCommander[28614:16e8c] (AppIntents) appintents:register process
2026-09-14 15:34:27.177 Df PeachCommander[28614:16e8c] [com.apple.appintents:Connection] Created a new Process Instance Registry XPC connection (inactive)
2026-09-14 15:34:27.177 Df PeachCommander[28614:16e8c] [com.apple.xpc:connection] [0x866c49540] activating connection: mach=true listener=false peer=false name=com.apple.linkd.autoShortcut
2026-09-14 15:34:27.177 E  PeachCommander[28614:16e90] [com.apple.appintents:Connection] Unable to get synchronousRemoteObjectProxy, error: Error Domain=NSCocoaErrorDomain Code=4097 "connection to service named com.apple.linkd.autoShortcut" UserInfo={NSDebugDescription=connection to service named com.apple.linkd.autoShortcut}
2026-09-14 15:34:27.177 E  PeachCommander[28614:16e90] [com.apple.appintents:Connection] Unable to re-register with Process Instance Registry, error: Error Domain=NSCocoaErrorDomain Code=4097 "connection to service named com.apple.linkd.autoShortcut" UserInfo={NSDebugDescription=connection to service named com.apple.linkd.autoShortcut}
2026-09-14 15:34:27.177 Df PeachCommander[28614:16e8c] [com.apple.appintents:Connection] Activated connection to linkd (ApplicationService)
2026-09-14 15:34:27.177 Df PeachCommander[28614:16e8c] [com.apple.xpc:connection] [0x866c48a00] Connection returned listener port: 0x6e03
2026-09-14 15:34:27.177 Df PeachCommander[28614:16e92] [com.apple.xpc:connection] [0x866c49540] Re-initialization successful; calling out to event handler with XPC_ERROR_CONNECTION_INTERRUPTED
2026-09-14 15:34:27.177 Df PeachCommander[28614:16e92] [com.apple.appintents:Connection] Process Instance Registry XPC connection has been interrupted
2026-09-14 15:34:27.177 E  PeachCommander[28614:16e92] [com.apple.appintents:Connection] Will NOT re-try to establish the connection
2026-09-14 15:34:27.177 E  PeachCommander[28614:16e8c] [com.apple.appintents:Connection] Unable to get synchronousRemoteObjectProxy, error: Error Domain=NSCocoaErrorDomain Code=4097 "connection to service named com.apple.linkd.autoShortcut" UserInfo={NSDebugDescription=connection to service named com.apple.linkd.autoShortcut}
2026-09-14 15:34:27.177 E  PeachCommander[28614:16e8c] [com.apple.appintents:Connection] Unable to re-register with Process Instance Registry, error: Error Domain=NSCocoaErrorDomain Code=4097 "connection to service named com.apple.linkd.autoShortcut" UserInfo={NSDebugDescription=connection to service named com.apple.linkd.autoShortcut}
2026-09-14 15:34:27.179 A  PeachCommander[28614:16e87] (CoreFoundation) Loading Preferences From System CFPrefsD
2026-09-14 15:34:27.180 Df PeachCommander[28614:16e87] (libMobileGestalt.dylib) couldn't load support library
2026-09-14 15:34:27.180 Df PeachCommander[28614:16e87] (libMobileGestalt.dylib) called dummy function!
2026-09-14 15:34:27.180 I  PeachCommander[28614:16e87] [com.apple.GenerativeModels:availability] Current availability state: unavailable, use cases: com.apple.WritingTools, language: <any>, api: <private>
2026-09-14 15:34:27.180 Df PeachCommander[28614:16e87] [com.apple.GenerativeModels:availability] registering darwin observer for name: com.apple.gms.availability.notification
2026-09-14 15:34:27.180 Df PeachCommander[28614:16e87] [com.apple.GenerativeModels:availability] registering darwin observer for name: com.apple.os-eligibility-domain.change.greymatter
2026-09-14 15:34:27.180 Df PeachCommander[28614:16e87] [com.apple.GenerativeModels:availability] registering darwin observer for name: com.apple.language.changed
2026-09-14 15:34:27.180 Df PeachCommander[28614:16e87] [com.apple.WritingTools:Default] isAvailable value changed: isMDMAllowed = true, gmAvailable (current) = false
2026-09-14 15:34:27.182 I  PeachCommander[28614:16e87] [com.apple.CoreAnalytics:client] Dropping "com.apple.appkit.app_config" as it isn't used in any transform (not in the config or budgeted?)
2026-09-14 15:34:27.184 Df PeachCommander[28614:16e87] [com.apple.AppKit:Appearance] NSApp cache appearance:
-NSRequiresAquaSystemAppearance: 0
-appearance: (null)
-effectiveAppearance: <NSCompositeAppearance: 0x866c3c6e0
 (
    "<NSAquaAppearance: 0x866c3c780>",
    "<NSSystemAppearance: 0x866c3c500>"
)>
2026-09-14 15:34:27.186 A  PeachCommander[28614:16e87] (CoreFoundation) Loading Preferences From User CFPrefsD
2026-09-14 15:34:27.186 A  PeachCommander[28614:16e87] (CoreFoundation) Loading Preferences From User CFPrefsD
2026-09-14 15:34:27.190 A  PeachCommander[28614:16e8b] (libsystem_info.dylib) Membership API: translate identifier
2026-09-14 15:34:27.192 I  PeachCommander[28614:16e87] [com.apple.CoreAnalytics:client] Dropping "com.apple.appkit.app_config" as it isn't used in any transform (not in the config or budgeted?)
2026-09-14 15:34:27.192 I  PeachCommander[28614:16e87] [com.apple.CoreAnalytics:client] Dropping "com.apple.appkit.app_config" as it isn't used in any transform (not in the config or budgeted?)
2026-09-14 15:34:27.193 Df PeachCommander[28614:16e92] [com.apple.xpc:connection] [0x866c49a40] activating connection: mach=true listener=false peer=false name=com.apple.dock.fullscreen
2026-09-14 15:34:27.195 Df PeachCommander[28614:16e87] [com.apple.xpc:connection] [0x866c49b80] activating connection: mach=true listener=false peer=false name=com.apple.fonts
2026-09-14 15:34:27.197 I  PeachCommander[28614:16e87] [com.apple.launchservices:cas] information in shared memory for 0x0-0x17e17e with seed 533 was still valid, so using cached info { "ApplicationType"="Foreground", "BuildMachineOSBuild"="25E246", "BundleIdentifierLowerCase"="com.peachcommander.app", "CFBundleDevelopmentRegion"="en", "CFBundleDocumentTypes"=( { "CFBundleTypeName"="Peach Commander Plugin Package", "CFBundleTypeRole"="Viewer", "LSHandlerRank"="Owner", "LSItemContentTypes"=( "com.peachcommander.plugin-package") }), "CFBundleExecutable"="PeachCommander", "CFBundleExecutablePath"="/Users/admin/pc-test/PeachCommander.app/Contents/MacOS/PeachCommander", "CFBundleExecutablePathDeviceID"=16777229, "CFBundleExecutablePathINode"=487591, "CFBundleHelpBookFolder"="PeachCommander.help", "CFBundleHelpBookName"="Peach Commander Help", "CFBundleIconFile"="AppIcon", "CFBundleIconName"="AppIcon", "CFBundleIdentifier"="com.peachcommander.app", "CFBundleInfoDictionaryVersion"="6.0", "CFBundleName"="PeachCommander", "CFBundleNameLowerCase"="peachcommander", "CFBundleNumericVersion"=402685952, "CFBundlePackageType"="APPL", "CFBundleShortVersionString"="0.9.0", "CFBun<…>
2026-09-14 15:34:27.197 I  PeachCommander[28614:16e87] [com.apple.CoreAnalytics:client] Dropping "com.apple.appkit.app_config" as it isn't used in any transform (not in the config or budgeted?)
2026-09-14 15:34:27.197 Df PeachCommander[28614:16e87] [com.apple.AppKit:AutomaticTermination] -[NSApplication(NSAppssassination) _checkForAutomaticTerminationSupportPossiblyEnablingIt]_block_invoke Enabling automatic termination support.
2026-09-14 15:34:27.197 Df PeachCommander[28614:16e87] [com.apple.xpc:connection] [0x866c48dc0] activating connection: mach=true listener=false peer=false name=com.apple.appkit.restoration_storage
2026-09-14 15:34:27.197 I  PeachCommander[28614:16e87] [com.apple.launchservices:cas] information in shared memory for 0x0-0x17e17e with seed 533 was still valid, so using cached info { "ApplicationType"="Foreground", "BuildMachineOSBuild"="25E246", "BundleIdentifierLowerCase"="com.peachcommander.app", "CFBundleDevelopmentRegion"="en", "CFBundleDocumentTypes"=( { "CFBundleTypeName"="Peach Commander Plugin Package", "CFBundleTypeRole"="Viewer", "LSHandlerRank"="Owner", "LSItemContentTypes"=( "com.peachcommander.plugin-package") }), "CFBundleExecutable"="PeachCommander", "CFBundleExecutablePath"="/Users/admin/pc-test/PeachCommander.app/Contents/MacOS/PeachCommander", "CFBundleExecutablePathDeviceID"=16777229, "CFBundleExecutablePathINode"=487591, "CFBundleHelpBookFolder"="PeachCommander.help", "CFBundleHelpBookName"="Peach Commander Help", "CFBundleIconFile"="AppIcon", "CFBundleIconName"="AppIcon", "CFBundleIdentifier"="com.peachcommander.app", "CFBundleInfoDictionaryVersion"="6.0", "CFBundleName"="PeachCommander", "CFBundleNameLowerCase"="peachcommander", "CFBundleNumericVersion"=402685952, "CFBundlePackageType"="APPL", "CFBundleShortVersionString"="0.9.0", "CFBun<…>
2026-09-14 15:34:27.197 Df PeachCommander[28614:16e87] [com.apple.xpc:connection] [0x866c48f00] activating connection: mach=true listener=false peer=false name=com.apple.coreservices.appleevents
2026-09-14 15:34:27.198 I  PeachCommander[28614:16e87] [com.apple.appleevents:main] _AEGetRegisteredMachPort() created default port (port:44291/0xad03 rcv:1 send:1 limit:5) and registered it with server
2026-09-14 15:34:27.198 Df PeachCommander[28614:16e87] [com.apple.xpc:connection] [0x866c48280] Connection returned listener port: 0x4103
2026-09-14 15:34:27.198 I  PeachCommander[28614:16e87] [com.apple.launchservices:cas] information in shared memory for 0x0-0x17e17e with seed 533 was still valid, so using cached info { "ApplicationType"="Foreground", "BuildMachineOSBuild"="25E246", "BundleIdentifierLowerCase"="com.peachcommander.app", "CFBundleDevelopmentRegion"="en", "CFBundleDocumentTypes"=( { "CFBundleTypeName"="Peach Commander Plugin Package", "CFBundleTypeRole"="Viewer", "LSHandlerRank"="Owner", "LSItemContentTypes"=( "com.peachcommander.plugin-package") }), "CFBundleExecutable"="PeachCommander", "CFBundleExecutablePath"="/Users/admin/pc-test/PeachCommander.app/Contents/MacOS/PeachCommander", "CFBundleExecutablePathDeviceID"=16777229, "CFBundleExecutablePathINode"=487591, "CFBundleHelpBookFolder"="PeachCommander.help", "CFBundleHelpBookName"="Peach Commander Help", "CFBundleIconFile"="AppIcon", "CFBundleIconName"="AppIcon", "CFBundleIdentifier"="com.peachcommander.app", "CFBundleInfoDictionaryVersion"="6.0", "CFBundleName"="PeachCommander", "CFBundleNameLowerCase"="peachcommander", "CFBundleNumericVersion"=402685952, "CFBundlePackageType"="APPL", "CFBundleShortVersionString"="0.9.0", "CFBun<…>
2026-09-14 15:34:27.198 Df PeachCommander[28614:16e87] [com.apple.processmanager:front-35286506] SignalReady: pid=28614 asn=0x0-0x17e17e
2026-09-14 15:34:27.198 Df PeachCommander[28614:16e87] [com.apple.processmanager:front-35286506] SIGNAL: pid=28614 asn=0x0x-0x17e17e
2026-09-14 15:34:27.198 I  PeachCommander[28614:16e87] [com.apple.appleevents:main] aeGenerateFakeFirstOAPPEventIfNecessary()
2026-09-14 15:34:27.198 I  PeachCommander[28614:16e87] [com.apple.appleevents:main] aeGenerateFakeFirstOAPPEventIfNecessary(), needToCreateFakeOAPPEventIfFirstEvent == true
2026-09-14 15:34:27.198 I  PeachCommander[28614:16e87] [com.apple.launchservices:cas] Removing cached information for app [ 0x0-0x17e17e]  "PeachCommander", as its seed is different from that in shared memory ( 533 vs 535)
2026-09-14 15:34:27.199 I  PeachCommander[28614:16e87] [com.apple.CFPasteboard:entry] CopyData('DefaultAsciiKeyboardLayoutPasteboard' (<CFUUID 0x866dd0140> 5FC3CAD9-B1E1-4BBC-88AA-2D0E9594E7A5) gen: -1 item: 1264739405 flavor: 'DefaultAsciiKeyboardLayoutFlavor')
2026-09-14 15:34:27.199 I  PeachCommander[28614:16e87] [com.apple.CFPasteboard:cache] Rebuilding cache for 'DefaultAsciiKeyboardLayoutPasteboard' (<CFUUID 0x866dd0140> 5FC3CAD9-B1E1-4BBC-88AA-2D0E9594E7A5)
2026-09-14 15:34:27.199 I  PeachCommander[28614:16e87] [com.apple.CFPasteboard:exit] (not-in-cache) - result: -8 generation: 0 null data flags: 0
2026-09-14 15:34:27.199 A  PeachCommander[28614:16e87] (CoreFoundation) Loading Preferences From User CFPrefsD
2026-09-14 15:34:27.199 A  PeachCommander[28614:16e87] (CoreFoundation) Loading Preferences From System CFPrefsD
2026-09-14 15:34:27.199 I  PeachCommander[28614:16e87] [com.apple.CFPasteboard:entry] CopyData('AppleIntlFileCacheModificationDatePasteboard' (<CFUUID 0x866dd0180> 8408E244-BB17-4B61-A4F8-C923D7BA159E) gen: -1 item: 1 flavor: '-32766 1768845414')
2026-09-14 15:34:27.199 I  PeachCommander[28614:16e87] [com.apple.CFPasteboard:cache] Rebuilding cache for 'AppleIntlFileCacheModificationDatePasteboard' (<CFUUID 0x866dd0180> 8408E244-BB17-4B61-A4F8-C923D7BA159E)
2026-09-14 15:34:27.199 I  PeachCommander[28614:16e87] [com.apple.CFPasteboard:general] Will request data from daemon
2026-09-14 15:34:27.200 I  PeachCommander[28614:16e87] [com.apple.CFPasteboard:exit] (not-in-cache) - result: 0 generation: 1 data (310 bytes) flags: 0
2026-09-14 15:34:27.200 I  PeachCommander[28614:16e87] [com.apple.CFPasteboard:entry] CopyData('AppleIntlFileCacheModificationDatePasteboard' (<CFUUID 0x866dd0180> 8408E244-BB17-4B61-A4F8-C923D7BA159E) gen: -1 item: 1 flavor: '-32765 1802264953')
2026-09-14 15:34:27.200 I  PeachCommander[28614:16e87] [com.apple.CFPasteboard:general] Will request data from daemon
2026-09-14 15:34:27.200 I  PeachCommander[28614:16e87] [com.apple.CFPasteboard:exit] (not-in-cache) - result: 0 generation: 1 data (306 bytes) flags: 0
2026-09-14 15:34:27.200 I  PeachCommander[28614:16e87] [com.apple.CFPasteboard:entry] CopyData('AppleIntlFileCacheModificationDatePasteboard' (<CFUUID 0x866dd0180> 8408E244-BB17-4B61-A4F8-C923D7BA159E) gen: -1 item: 1 flavor: '-32764 1802264953')
2026-09-14 15:34:27.200 I  PeachCommander[28614:16e87] [com.apple.CFPasteboard:general] Will request data from daemon
2026-09-14 15:34:27.200 I  PeachCommander[28614:16e87] [com.apple.CFPasteboard:exit] (not-in-cache) - result: 0 generation: 1 data (281 bytes) flags: 0
2026-09-14 15:34:27.200 I  PeachCommander[28614:16e87] [com.apple.CFPasteboard:entry] CopyData('AppleIntlFileCacheModificationDatePasteboard' (<CFUUID 0x866dd0180> 8408E244-BB17-4B61-A4F8-C923D7BA159E) gen: -1 item: 1 flavor: '-32763 1802264953')
2026-09-14 15:34:27.200 I  PeachCommander[28614:16e87] [com.apple.CFPasteboard:general] Will request data from daemon
2026-09-14 15:34:27.200 I  PeachCommander[28614:16e87] [com.apple.CFPasteboard:exit] (not-in-cache) - result: 0 generation: 1 data (318 bytes) flags: 0
2026-09-14 15:34:27.200 I  PeachCommander[28614:16e87] [com.apple.CFPasteboard:entry] CopyData('AppleIntlFileCacheModificationDatePasteboard' (<CFUUID 0x866dd0180> 8408E244-BB17-4B61-A4F8-C923D7BA159E) gen: -1 item: 1 flavor: '-32765 1768845414')
2026-09-14 15:34:27.200 I  PeachCommander[28614:16e87] [com.apple.CFPasteboard:general] Will request data from daemon
2026-09-14 15:34:27.200 I  PeachCommander[28614:16e87] [com.apple.CFPasteboard:exit] (not-in-cache) - result: 0 generation: 1 data (303 bytes) flags: 0
2026-09-14 15:34:27.200 I  PeachCommander[28614:16e87] [com.apple.CFPasteboard:entry] CopyData('AppleIntlFileCacheModificationDatePasteboard' (<CFUUID 0x866dd0180> 8408E244-BB17-4B61-A4F8-C923D7BA159E) gen: -1 item: 1 flavor: '-32763 1768845414')
2026-09-14 15:34:27.200 I  PeachCommander[28614:16e87] [com.apple.CFPasteboard:general] Will request data from daemon
2026-09-14 15:34:27.200 I  PeachCommander[28614:16e87] [com.apple.CFPasteboard:exit] (not-in-cache) - result: 0 generation: 1 data (315 bytes) flags: 0
2026-09-14 15:34:27.201 I  PeachCommander[28614:16e87] [com.apple.launchservices:cas] information in shared memory for 0x0-0x17e17e with seed 535 was still valid, so using cached info { "ApplicationType"="Foreground", "BuildMachineOSBuild"="25E246", "BundleIdentifierLowerCase"="com.peachcommander.app", "CFBundleDevelopmentRegion"="en", "CFBundleDocumentTypes"=( { "CFBundleTypeName"="Peach Commander Plugin Package", "CFBundleTypeRole"="Viewer", "LSHandlerRank"="Owner", "LSItemContentTypes"=( "com.peachcommander.plugin-package") }), "CFBundleExecutable"="PeachCommander", "CFBundleExecutablePath"="/Users/admin/pc-test/PeachCommander.app/Contents/MacOS/PeachCommander", "CFBundleExecutablePathDeviceID"=16777229, "CFBundleExecutablePathINode"=487591, "CFBundleHelpBookFolder"="PeachCommander.help", "CFBundleHelpBookName"="Peach Commander Help", "CFBundleIconFile"="AppIcon", "CFBundleIconName"="AppIcon", "CFBundleIdentifier"="com.peachcommander.app", "CFBundleInfoDictionaryVersion"="6.0", "CFBundleName"="PeachCommander", "CFBundleNameLowerCase"="peachcommander", "CFBundleNumericVersion"=402685952, "CFBundlePackageType"="APPL", "CFBundleShortVersionString"="0.9.0", "CFBun<…>
2026-09-14 15:34:27.201 Df PeachCommander[28614:16e87] [com.apple.xpc:connection] [0x866c49e00] activating connection: mach=false listener=false peer=false name=com.apple.ViewBridgeAuxiliary
2026-09-14 15:34:27.206 Df PeachCommander[28614:16e87] [com.apple.xpc:connection] [0x866c49cc0] activating connection: mach=false listener=false peer=false name=(anonymous)
2026-09-14 15:34:27.206 Df PeachCommander[28614:16e87] [com.apple.xpc:connection] [0x866c49f40] activating connection: mach=false listener=true peer=false name=(anonymous)
2026-09-14 15:34:27.206 Df PeachCommander[28614:16e87] [com.apple.xpc:connection] [0x866c49f40] Connection returned listener port: 0xb103
2026-09-14 15:34:27.206 Df PeachCommander[28614:16e87] [com.apple.xpc:connection] [0x866c49e00] invalidated after the last release of the connection object
2026-09-14 15:34:27.206 I  PeachCommander[28614:16e87] [com.apple.showhide:pr-59900543] SHOWHIDE: SHOW id=640 0x0-0x17E17E, err=0 eventTime=1944048187000 windowID=0
2026-09-14 15:34:27.206 I  PeachCommander[28614:16e87] [com.apple.CarbonCore:coreservicesdaemon] findOrCreateCacheable():findOrCreateCacheable(), factoryName=3 cacheableName=<private> fCacheables.size()=0
2026-09-14 15:34:27.206 I  PeachCommander[28614:16e87] [com.apple.CarbonCore:coreservicesdaemon] findOrCreateCacheable():findOrCreateCacheable(), result = 0x8673bc400 (should be non-NULL)
2026-09-14 15:34:27.207 Df PeachCommander[28614:16e87] [com.apple.AppKit:AutomaticTermination] void _NSDisableAutomaticTerminationAndLog(NSString *) Restoring windows
2026-09-14 15:34:27.207 Df PeachCommander[28614:16e87] [com.apple.AppKit:StateRestoration] -[NSApplication _reopenWindowsAsNecessaryIncludingRestorableState:withFullFidelity:completionHandler:] shouldRestoreState=1 hasPersistentStateToRestore=0 shouldStillRestoreStateAfterPrompting=0
2026-09-14 15:34:27.207 Df PeachCommander[28614:16e87] [com.apple.xpc:connection] [0x866c49e00] activating connection: mach=true listener=false peer=false name=com.apple.window_proxies
2026-09-14 15:34:27.207 Df PeachCommander[28614:16e87] [com.apple.xpc:connection] [0x866c49e00] invalidated because the current process cancelled the connection by calling xpc_connection_cancel()
2026-09-14 15:34:27.207 I  PeachCommander[28614:16e87] [com.apple.SkyLight:processes] 0[outside of RPC]: SLSSetFrontProcessWithInfo(0x0-0x2 window=0 options=0x1
2026-09-14 15:34:27.207 I  PeachCommander[28614:16e87] [com.apple.CoreAnalytics:client] Dropping "com.apple.appkit.app_config" as it isn't used in any transform (not in the config or budgeted?)
2026-09-14 15:34:27.207 Df PeachCommander[28614:16e87] [com.apple.AppKit:AutomaticTermination] void _NSEnableAutomaticTerminationAndLog(NSString *) Restoring windows
2026-09-14 15:34:27.209 I  PeachCommander[28614:16e87] [com.apple.CoreAnalytics:client] Dropping "com.apple.appkit.app_config" as it isn't used in any transform (not in the config or budgeted?)
2026-09-14 15:34:27.209 I  PeachCommander[28614:16e87] [com.apple.CoreAnalytics:client] Dropping "com.apple.appkit.app_config" as it isn't used in any transform (not in the config or budgeted?)
2026-09-14 15:34:27.217 A  PeachCommander[28614:16e87] (CoreFoundation) Loading Preferences From User CFPrefsD
2026-09-14 15:34:27.223 I  PeachCommander[28614:16e87] [com.peachcommander:PCFoundation] VolumeManager initialized
2026-09-14 15:34:27.239 Df PeachCommander[28614:16e87] [com.apple.BoardServices:XPCErrors] [C:1] Alloc <private>
2026-09-14 15:34:27.239 Df PeachCommander[28614:16e87] [com.apple.xpc:connection] [0x866f45180] activating connection: mach=false listener=false peer=false name=(anonymous)
2026-09-14 15:34:27.240 I  PeachCommander[28614:16e87] [com.apple.AppKit:Window] context (0 -> c4a86ab3) for window 612
2026-09-14 15:34:27.241 Df PeachCommander[28614:16e8c] [com.apple.corespotlight:index] (<private>) deleteSearchableItemsWithDomainIdentifiers, protectionClass:(null), domainIdentifiers number:1
2026-09-14 15:34:27.241 A  PeachCommander[28614:16e8c] (CoreSpotlight) delete-domains
2026-09-14 15:34:27.241 Df PeachCommander[28614:16e8c] [com.apple.corespotlight:index] CSInlineDonation:<private>: Skipping donation (feature flag disabled)
2026-09-14 15:34:27.241 Df PeachCommander[28614:16e8c] (CoreSpotlight) sConnectionName: com.apple.spotlight.IndexAgent
2026-09-14 15:34:27.241 Df PeachCommander[28614:16e8c] (CoreSpotlight) Start service name com.apple.spotlight.IndexAgent
2026-09-14 15:34:27.241 Df PeachCommander[28614:16e8c] [com.apple.xpc:connection] [0x866f45400] activating connection: mach=true listener=false peer=false name=com.apple.spotlight.IndexAgent
2026-09-14 15:34:27.242 I  PeachCommander[28614:16e87] [com.peachcommander:PCFoundation] MainWindowController initialized (config: <private>)
2026-09-14 15:34:27.242 I  PeachCommander[28614:16e87] [com.peachcommander:PCFoundation] SelectionState initialized
2026-09-14 15:34:27.242 I  PeachCommander[28614:16e87] [com.peachcommander:PCFoundation] DirectoryModel initialized
2026-09-14 15:34:27.242 I  PeachCommander[28614:16e87] [com.peachcommander:PCFoundation] VolumeManager initialized
2026-09-14 15:34:27.242 I  PeachCommander[28614:16e87] [com.peachcommander:PCFoundation] PanelController initialized for <private> panel
2026-09-14 15:34:27.243 I  PeachCommander[28614:16e87] [com.peachcommander:PCFoundation] SelectionState initialized
2026-09-14 15:34:27.243 I  PeachCommander[28614:16e87] [com.peachcommander:PCFoundation] DirectoryModel initialized
2026-09-14 15:34:27.243 I  PeachCommander[28614:16e87] [com.peachcommander:PCFoundation] VolumeManager initialized
2026-09-14 15:34:27.243 I  PeachCommander[28614:16e87] [com.peachcommander:PCFoundation] PanelController initialized for <private> panel
2026-09-14 15:34:27.245 A  PeachCommander[28614:16e92] (RunningBoardServices) didChangeInheritances
2026-09-14 15:34:27.246 I  PeachCommander[28614:16e87] [com.apple.AppKit:Animation] Running new animation: <private>
2026-09-14 15:34:27.246 I  PeachCommander[28614:16e87] [com.apple.AppKit:Animation] Running new animation: <private>
2026-09-14 15:34:27.246 I  PeachCommander[28614:16e87] [com.apple.AppKit:Animation] Running new animation: <private>
2026-09-14 15:34:27.246 I  PeachCommander[28614:16e87] [com.apple.AppKit:Animation] Running new animation: <private>
2026-09-14 15:34:27.246 I  PeachCommander[28614:16e87] [com.apple.AppKit:Animation] Running new animation: <private>
2026-09-14 15:34:27.247 I  PeachCommander[28614:16e87] [com.apple.AppKit:Animation] Running new animation: <private>
2026-09-14 15:34:27.247 I  PeachCommander[28614:16e87] [com.apple.AppKit:Animation] Running new animation: <private>
2026-09-14 15:34:27.247 I  PeachCommander[28614:16e87] [com.apple.AppKit:Animation] Running new animation: <private>
2026-09-14 15:34:27.247 I  PeachCommander[28614:16e87] [com.apple.AppKit:Animation] Running new animation: <private>
2026-09-14 15:34:27.247 I  PeachCommander[28614:16e87] [com.apple.AppKit:Animation] Running new animation: <private>
2026-09-14 15:34:27.253 I  PeachCommander[28614:16e87] [com.apple.CoreAnalytics:client] Dropping "com.apple.appkit.app_config" as it isn't used in any transform (not in the config or budgeted?)
2026-09-14 15:34:27.255 I  PeachCommander[28614:16e87] [com.apple.CoreAnalytics:client] Dropping "com.apple.appkit.app_config" as it isn't used in any transform (not in the config or budgeted?)
2026-09-14 15:34:27.259 I  PeachCommander[28614:16e87] [com.apple.launchservices:datasep] application record search init. Node: <FSNode 0x8676dab20> { isDir = ?, path = <private> } bundleID: (null) itemID: 0
2026-09-14 15:34:27.260 I  PeachCommander[28614:16e87] [com.apple.GenerativeModels:availability] Current availability state: unavailable, use cases: com.apple.Settings.AppleIntelligence,com.apple.Siri.NLRouter, language: en, api: <private>
2026-09-14 15:34:27.260 Df PeachCommander[28614:16e87] [com.apple.GenerativeModels:availability] isOkayToHaveAsset: False
2026-09-14 15:34:27.260 E  PeachCommander[28614:16e87] [com.apple.siri:Utility] AFIsDeviceGreymatterEligible Missing entitlements for os_eligibility lookup
2026-09-14 15:34:27.260 I  PeachCommander[28614:16e87] [com.apple.GenerativeModels:availability] Current availability state: unavailable, use cases: com.apple.Settings.AppleIntelligence, language: en, api: <private>
2026-09-14 15:34:27.260 Df PeachCommander[28614:16e87] [com.apple.GenerativeModels:availability] isOkayToHaveAsset: False
2026-09-14 15:34:27.260 Df PeachCommander[28614:16e87] [com.apple.siri:Utility] -[AFSystemAssistantExperienceStatusManager fetchGenerativeModelsAvailability] #SAEStatus #cacheUpdate Updating cache:
deviceSupportsSAE: 0 (0)
       saeEnabled: 0 (0)
     saeAvailable: 0 (0)
      swaiEnabled: 0 (0)
        viEnabled: 0 (0)
        siriAvailability:
        <private>
        ((null))
2026-09-14 15:34:27.260 Df PeachCommander[28614:16e87] [com.apple.xpc:connection] [0x866530140] activating connection: mach=true listener=false peer=false name=com.apple.iconservices
2026-09-14 15:34:27.261 Df PeachCommander[28614:16e87] [com.apple.xpc:connection] [0x866530280] activating connection: mach=true listener=false peer=false name=com.apple.iconservices.store
2026-09-14 15:34:27.265 I  PeachCommander[28614:16e87] [com.peachcommander:Theme] no user themes in /Users/admin/pc-cfg/themes
2026-09-14 15:34:27.265 Df PeachCommander[28614:16e87] [com.apple.AppKit:Appearance] Invalidate NSApp effectiveAppearance
2026-09-14 15:34:27.265 Df PeachCommander[28614:16e87] [com.apple.AppKit:Appearance] NSApp cache appearance:
-NSRequiresAquaSystemAppearance: 0
-appearance: (null)
-effectiveAppearance: <NSCompositeAppearance: 0x866c3c6e0
 (
    "<NSAquaAppearance: 0x866c3c780>",
    "<NSSystemAppearance: 0x866c3c500>"
)>
2026-09-14 15:34:27.265 A  PeachCommander[28614:16e92] (libsystem_info.dylib) Retrieve Group by ID
2026-09-14 15:34:27.266 I  PeachCommander[28614:16e87] [com.peachcommander:PCFoundation] Theme applied: id=system, appearance=system, dark=false, background=#FFFFFF
2026-09-14 15:34:27.288 I  PeachCommander[28614:16e87] [com.apple.iconservices:foundation] layer data size zero
2026-09-14 15:34:27.288 I  PeachCommander[28614:16e87] [com.apple.CoreAnalytics:client] Dropping "com.apple.appkit.app_config" as it isn't used in any transform (not in the config or budgeted?)
2026-09-14 15:34:27.293 I  PeachCommander[28614:16e87] [com.peachcommander:PCFoundation] Keymap loaded: scheme=<private>, 82 effective bindings
2026-09-14 15:34:27.294 I  PeachCommander[28614:16e87] [com.apple.AppKit:Animation] Running new animation: <private>
2026-09-14 15:34:27.294 I  PeachCommander[28614:16e87] [com.apple.AppKit:Animation] Running new animation: <private>
2026-09-14 15:34:27.294 I  PeachCommander[28614:16e87] [com.apple.AppKit:Animation] Running new animation: <private>
2026-09-14 15:34:27.294 I  PeachCommander[28614:16e87] [com.apple.AppKit:Animation] Running new animation: <private>
2026-09-14 15:34:27.294 I  PeachCommander[28614:16e87] [com.apple.AppKit:Animation] Running new animation: <private>
2026-09-14 15:34:27.294 I  PeachCommander[28614:16e87] [com.apple.AppKit:Animation] Running new animation: <private>
2026-09-14 15:34:27.294 I  PeachCommander[28614:16e87] [com.apple.AppKit:Animation] Running new animation: <private>
2026-09-14 15:34:27.294 I  PeachCommander[28614:16e87] [com.apple.AppKit:Animation] Running new animation: <private>
2026-09-14 15:34:27.294 I  PeachCommander[28614:16e87] [com.apple.AppKit:Animation] Running new animation: <private>
2026-09-14 15:34:27.294 I  PeachCommander[28614:16e87] [com.apple.AppKit:Animation] Running new animation: <private>
2026-09-14 15:34:27.296 I  PeachCommander[28614:16e87] [com.apple.CoreAnalytics:client] Dropping "<private>" as it isn't used in any transform (not in the config or budgeted?)
2026-09-14 15:34:27.297 I  PeachCommander[28614:16e87] [com.apple.CoreAnalytics:client] Dropping "<private>" as it isn't used in any transform (not in the config or budgeted?)
2026-09-14 15:34:27.297 I  PeachCommander[28614:16e87] [com.apple.CoreAnalytics:client] Dropping "<private>" as it isn't used in any transform (not in the config or budgeted?)
2026-09-14 15:34:27.297 I  PeachCommander[28614:16e87] [com.peachcommander:PCFoundation] MainWindowController window loaded
2026-09-14 15:34:27.297 I  PeachCommander[28614:16e87] [com.apple.launchservices:cas] information in shared memory for 0x0-0x17e17e with seed 535 was still valid, so using cached info { "ApplicationType"="Foreground", "BuildMachineOSBuild"="25E246", "BundleIdentifierLowerCase"="com.peachcommander.app", "CFBundleDevelopmentRegion"="en", "CFBundleDocumentTypes"=( { "CFBundleTypeName"="Peach Commander Plugin Package", "CFBundleTypeRole"="Viewer", "LSHandlerRank"="Owner", "LSItemContentTypes"=( "com.peachcommander.plugin-package") }), "CFBundleExecutable"="PeachCommander", "CFBundleExecutablePath"="/Users/admin/pc-test/PeachCommander.app/Contents/MacOS/PeachCommander", "CFBundleExecutablePathDeviceID"=16777229, "CFBundleExecutablePathINode"=487591, "CFBundleHelpBookFolder"="PeachCommander.help", "CFBundleHelpBookName"="Peach Commander Help", "CFBundleIconFile"="AppIcon", "CFBundleIconName"="AppIcon", "CFBundleIdentifier"="com.peachcommander.app", "CFBundleInfoDictionaryVersion"="6.0", "CFBundleName"="PeachCommander", "CFBundleNameLowerCase"="peachcommander", "CFBundleNumericVersion"=402685952, "CFBundlePackageType"="APPL", "CFBundleShortVersionString"="0.9.0", "CFBun<…>
2026-09-14 15:34:27.298 I  PeachCommander[28614:16e87] [com.apple.launchservices:cas] information in shared memory for 0x0-0x17e17e with seed 535 was still valid, so using cached info { "ApplicationType"="Foreground", "BuildMachineOSBuild"="25E246", "BundleIdentifierLowerCase"="com.peachcommander.app", "CFBundleDevelopmentRegion"="en", "CFBundleDocumentTypes"=( { "CFBundleTypeName"="Peach Commander Plugin Package", "CFBundleTypeRole"="Viewer", "LSHandlerRank"="Owner", "LSItemContentTypes"=( "com.peachcommander.plugin-package") }), "CFBundleExecutable"="PeachCommander", "CFBundleExecutablePath"="/Users/admin/pc-test/PeachCommander.app/Contents/MacOS/PeachCommander", "CFBundleExecutablePathDeviceID"=16777229, "CFBundleExecutablePathINode"=487591, "CFBundleHelpBookFolder"="PeachCommander.help", "CFBundleHelpBookName"="Peach Commander Help", "CFBundleIconFile"="AppIcon", "CFBundleIconName"="AppIcon", "CFBundleIdentifier"="com.peachcommander.app", "CFBundleInfoDictionaryVersion"="6.0", "CFBundleName"="PeachCommander", "CFBundleNameLowerCase"="peachcommander", "CFBundleNumericVersion"=402685952, "CFBundlePackageType"="APPL", "CFBundleShortVersionString"="0.9.0", "CFBun<…>
2026-09-14 15:34:27.305 I  PeachCommander[28614:16e87] [com.apple.AppKit:Window] order window front conditionally: 612 related: 0
2026-09-14 15:34:27.305 Df PeachCommander[28614:16e87] [com.apple.AppKit:AutomaticTermination] void _NSEnableAutomaticTerminationAndLog(NSString *) No windows open yet
2026-09-14 15:34:27.306 I  PeachCommander[28614:16e87] [com.apple.AppKit:Intelligence] starting collection observation
2026-09-14 15:34:27.306 Df PeachCommander[28614:16e8c] [com.apple.UIIntelligenceSupport:xpc] establishing connection to agent
2026-09-14 15:34:27.306 Df PeachCommander[28614:16e8c] [com.apple.xpc:session] [0x86676d180] Session created.
2026-09-14 15:34:27.306 Df PeachCommander[28614:16e8c] [com.apple.xpc:session] [0x86676d180] Session created from connection [0x866532300]
2026-09-14 15:34:27.306 Df PeachCommander[28614:16e8c] [com.apple.xpc:connection] [0x866532300] activating connection: mach=true listener=false peer=false name=com.apple.uiintelligencesupport.agent
2026-09-14 15:34:27.306 I  PeachCommander[28614:16e87] [com.apple.SkyLight:processes] 0[outside of RPC]: SLSSetFrontProcessWithInfo(0x0-0x2 window=0 options=0x1
2026-09-14 15:34:27.306 Df PeachCommander[28614:16e8c] [com.apple.xpc:session] [0x86676d180] Session activated
2026-09-14 15:34:27.307 Df PeachCommander[28614:16e8c] [com.apple.UIIntelligenceSupport:xpc] Connection established with agent PID: 1207
2026-09-14 15:34:27.307 I  PeachCommander[28614:16e87] [com.apple.launchservices:cas] information in shared memory for 0x0-0x17e17e with seed 535 was still valid, so using cached info { "ApplicationType"="Foreground", "BuildMachineOSBuild"="25E246", "BundleIdentifierLowerCase"="com.peachcommander.app", "CFBundleDevelopmentRegion"="en", "CFBundleDocumentTypes"=( { "CFBundleTypeName"="Peach Commander Plugin Package", "CFBundleTypeRole"="Viewer", "LSHandlerRank"="Owner", "LSItemContentTypes"=( "com.peachcommander.plugin-package") }), "CFBundleExecutable"="PeachCommander", "CFBundleExecutablePath"="/Users/admin/pc-test/PeachCommander.app/Contents/MacOS/PeachCommander", "CFBundleExecutablePathDeviceID"=16777229, "CFBundleExecutablePathINode"=487591, "CFBundleHelpBookFolder"="PeachCommander.help", "CFBundleHelpBookName"="Peach Commander Help", "CFBundleIconFile"="AppIcon", "CFBundleIconName"="AppIcon", "CFBundleIdentifier"="com.peachcommander.app", "CFBundleInfoDictionaryVersion"="6.0", "CFBundleName"="PeachCommander", "CFBundleNameLowerCase"="peachcommander", "CFBundleNumericVersion"=402685952, "CFBundlePackageType"="APPL", "CFBundleShortVersionString"="0.9.0", "CFBun<…>
2026-09-14 15:34:27.307 Df PeachCommander[28614:16e87] [com.apple.xpc:connection] [0x866532440] activating connection: mach=true listener=false peer=false name=com.apple.FileCoordination
2026-09-14 15:34:27.308 Df PeachCommander[28614:16e8c] [com.apple.foundation.filecoordination:presenter] Adding presenter 103BB0E6-CE8A-40B0-A649-696272C6915E for URL: <private>
2026-09-14 15:34:27.308 I  PeachCommander[28614:16e87] [com.apple.launchservices:cas] information in shared memory for 0x0-0x17e17e with seed 535 was still valid, so using cached info { "ApplicationType"="Foreground", "BuildMachineOSBuild"="25E246", "BundleIdentifierLowerCase"="com.peachcommander.app", "CFBundleDevelopmentRegion"="en", "CFBundleDocumentTypes"=( { "CFBundleTypeName"="Peach Commander Plugin Package", "CFBundleTypeRole"="Viewer", "LSHandlerRank"="Owner", "LSItemContentTypes"=( "com.peachcommander.plugin-package") }), "CFBundleExecutable"="PeachCommander", "CFBundleExecutablePath"="/Users/admin/pc-test/PeachCommander.app/Contents/MacOS/PeachCommander", "CFBundleExecutablePathDeviceID"=16777229, "CFBundleExecutablePathINode"=487591, "CFBundleHelpBookFolder"="PeachCommander.help", "CFBundleHelpBookName"="Peach Commander Help", "CFBundleIconFile"="AppIcon", "CFBundleIconName"="AppIcon", "CFBundleIdentifier"="com.peachcommander.app", "CFBundleInfoDictionaryVersion"="6.0", "CFBundleName"="PeachCommander", "CFBundleNameLowerCase"="peachcommander", "CFBundleNumericVersion"=402685952, "CFBundlePackageType"="APPL", "CFBundleShortVersionString"="0.9.0", "CFBun<…>
2026-09-14 15:34:27.310 I  PeachCommander[28614:16e87] [com.apple.AppKit:Window] order all windows front 1944048187000
2026-09-14 15:34:27.310 I  PeachCommander[28614:16e87] [com.apple.launchservices:cas] information in shared memory for 0x0-0x17e17e with seed 535 was still valid, so using cached info { "ApplicationType"="Foreground", "BuildMachineOSBuild"="25E246", "BundleIdentifierLowerCase"="com.peachcommander.app", "CFBundleDevelopmentRegion"="en", "CFBundleDocumentTypes"=( { "CFBundleTypeName"="Peach Commander Plugin Package", "CFBundleTypeRole"="Viewer", "LSHandlerRank"="Owner", "LSItemContentTypes"=( "com.peachcommander.plugin-package") }), "CFBundleExecutable"="PeachCommander", "CFBundleExecutablePath"="/Users/admin/pc-test/PeachCommander.app/Contents/MacOS/PeachCommander", "CFBundleExecutablePathDeviceID"=16777229, "CFBundleExecutablePathINode"=487591, "CFBundleHelpBookFolder"="PeachCommander.help", "CFBundleHelpBookName"="Peach Commander Help", "CFBundleIconFile"="AppIcon", "CFBundleIconName"="AppIcon", "CFBundleIdentifier"="com.peachcommander.app", "CFBundleInfoDictionaryVersion"="6.0", "CFBundleName"="PeachCommander", "CFBundleNameLowerCase"="peachcommander", "CFBundleNumericVersion"=402685952, "CFBundlePackageType"="APPL", "CFBundleShortVersionString"="0.9.0", "CFBun<…>
2026-09-14 15:34:27.310 I  PeachCommander[28614:16e87] [com.apple.showhide:pr-59900543] SHOWHIDE: CONFIRM, id=640, err=0
2026-09-14 15:34:27.310 I  PeachCommander[28614:16e87] [com.apple.AppKit:Window] context (0 -> 258f3ac3) for window 611
2026-09-14 15:34:27.310 I  PeachCommander[28614:16e87] [com.apple.AppKit:Window] context (0 -> 1317514a) for window 610
2026-09-14 15:34:27.310 I  PeachCommander[28614:16e87] [com.apple.AppKit:Window] context (0 -> 7f52fab8) for window 60f
2026-09-14 15:34:27.310 I  PeachCommander[28614:16e87] [com.apple.AppKit:Window] context (0 -> 80d1098c) for window 60e
2026-09-14 15:34:27.334 Df PeachCommander[28614:16e87] [com.apple.AppKit:AutomaticTermination] void _updateToReflectAutomaticTerminationState(void) Setting _kLSApplicationWouldBeTerminatedByTALKey=0
2026-09-14 15:34:27.334 I  PeachCommander[28614:16e87] [com.apple.runningboard:assertion] Acquiring assertion: <RBSAssertionDescriptor| "AppNap adapter assertion" ID:(null) target:28614>
2026-09-14 15:34:27.369 A  PeachCommander[28614:16e92] (RunningBoardServices) didChangeInheritances
2026-09-14 15:34:27.396 Df PeachCommander[28614:16e87] [com.apple.libsystem.libdispatch:] DEPRECATED USE in libdispatch client: dispatch source activated with no event handler set; set a breakpoint on _dispatch_bug_deprecated to debug
2026-09-14 15:34:27.483 I  PeachCommander[28614:16e87] [com.apple.coreanimation:Utilities] IOSurface Compression Enabled: NO
2026-09-14 15:34:27.484 Df PeachCommander[28614:16e8b] [com.apple.coreanimation:Metal] Precompiled pipelines disabled on unsupported hardware.
2026-09-14 15:34:27.495 I  PeachCommander[28614:16e87] [com.apple.CarbonCore:gestalt] SetGestaltValuesBulk SetGestaltValuesBulk( count=22 tuples=0x185b96650
2026-09-14 15:34:27.495 I  PeachCommander[28614:16e87] [com.apple.CarbonCore:gestalt] SetGestaltValue SetGestaltValue(alis 1C9) => 0
2026-09-14 15:34:27.495 I  PeachCommander[28614:16e87] [com.apple.CarbonCore:gestalt] SetGestaltValue SetGestaltValue(os   FE) => 0
2026-09-14 15:34:27.495 I  PeachCommander[28614:16e87] [com.apple.CarbonCore:gestalt] SetGestaltValue SetGestaltValue(addr 7) => 0
2026-09-14 15:34:27.495 I  PeachCommander[28614:16e87] [com.apple.CarbonCore:gestalt] SetGestaltValue SetGestaltValue(fs   3D332) => 0
2026-09-14 15:34:27.495 I  PeachCommander[28614:16e87] [com.apple.CarbonCore:gestalt] SetGestaltValue SetGestaltValue(fold 11) => 0
2026-09-14 15:34:27.495 I  PeachCommander[28614:16e87] [com.apple.CarbonCore:gestalt] SetGestaltValue SetGestaltValue(lram 7FFFF000) => 0
2026-09-14 15:34:27.495 I  PeachCommander[28614:16e87] [com.apple.CarbonCore:gestalt] SetGestaltValue SetGestaltValue(mmap 1) => 0
2026-09-14 15:34:27.495 I  PeachCommander[28614:16e87] [com.apple.CarbonCore:gestalt] SetGestaltValue SetGestaltValue(cfrg 1) => 0
2026-09-14 15:34:27.495 I  PeachCommander[28614:16e87] [com.apple.CarbonCore:gestalt] SetGestaltValue SetGestaltValue(thds 7) => 0
2026-09-14 15:34:27.495 I  PeachCommander[28614:16e87] [com.apple.CarbonCore:gestalt] SetGestaltValue SetGestaltValue(tmgr E) => 0
2026-09-14 15:34:27.495 I  PeachCommander[28614:16e87] [com.apple.CarbonCore:gestalt] SetGestaltValue SetGestaltValue(vers 7) => 0
2026-09-14 15:34:27.495 I  PeachCommander[28614:16e87] [com.apple.CarbonCore:gestalt] SetGestaltValue SetGestaltValue(cbon 160) => 0
2026-09-14 15:34:27.495 I  PeachCommander[28614:16e87] [com.apple.CarbonCore:gestalt] SetGestaltValue SetGestaltValue(cltn 1108000) => 0
2026-09-14 15:34:27.495 I  PeachCommander[28614:16e87] [com.apple.CarbonCore:gestalt] SetGestaltValue SetGestaltValue(cpnt 8) => 0
2026-09-14 15:34:27.495 I  PeachCommander[28614:16e87] [com.apple.CarbonCore:gestalt] SetGestaltValue SetGestaltValue(rsrc 3) => 0
2026-09-14 15:34:27.495 I  PeachCommander[28614:16e87] [com.apple.CarbonCore:gestalt] SetGestaltValue SetGestaltValue(rmbg 11F) => 0
2026-09-14 15:34:27.495 I  PeachCommander[28614:16e87] [com.apple.CarbonCore:gestalt] SetGestaltValue SetGestaltValue(vm   11) => 0
2026-09-14 15:34:27.495 I  PeachCommander[28614:16e87] [com.apple.CarbonCore:gestalt] SetGestaltValue SetGestaltValue(srad 4170706C) => 0
2026-09-14 15:34:27.495 I  PeachCommander[28614:16e87] [com.apple.CarbonCore:gestalt] SetGestaltValue SetGestaltValue(sysa 14) => 0
2026-09-14 15:34:27.495 I  PeachCommander[28614:16e87] [com.apple.CarbonCore:gestalt] SetGestaltValue SetGestaltValue(copl 9) => 0
2026-09-14 15:34:27.495 I  PeachCommander[28614:16e87] [com.apple.CarbonCore:gestalt] SetGestaltValue SetGestaltValue(xlat 0) => 0
2026-09-14 15:34:27.495 I  PeachCommander[28614:16e87] [com.apple.CarbonCore:gestalt] SetGestaltValue SetGestaltValue(stdf 0) => 0
2026-09-14 15:34:27.495 I  PeachCommander[28614:16e87] [com.apple.CarbonCore:gestalt] _NewGestalt _NewGestalt(ram  0x185b0f644) => 0
2026-09-14 15:34:27.495 I  PeachCommander[28614:16e87] [com.apple.CarbonCore:gestalt] _NewGestalt _NewGestalt(ramm 0x185b0f644) => 0
2026-09-14 15:34:27.495 I  PeachCommander[28614:16e87] [com.apple.CarbonCore:gestalt] _NewGestalt _NewGestalt(cput 0x185b0f734) => 0
2026-09-14 15:34:27.495 I  PeachCommander[28614:16e87] [com.apple.CarbonCore:gestalt] _NewGestalt _NewGestalt(cpuf 0x185b0f764) => 0
2026-09-14 15:34:27.495 I  PeachCommander[28614:16e87] [com.apple.CarbonCore:gestalt] _NewGestalt _NewGestalt(bclk 0x185b0f794) => 0
2026-09-14 15:34:27.495 I  PeachCommander[28614:16e87] [com.apple.CarbonCore:gestalt] _NewGestalt _NewGestalt(bclm 0x185b0f794) => 0
2026-09-14 15:34:27.495 I  PeachCommander[28614:16e87] [com.apple.CarbonCore:gestalt] _NewGestalt _NewGestalt(pclk 0x185b0f834) => 0
2026-09-14 15:34:27.495 I  PeachCommander[28614:16e87] [com.apple.CarbonCore:gestalt] _NewGestalt _NewGestalt(mclk 0x185b0f834) => 0
2026-09-14 15:34:27.495 I  PeachCommander[28614:16e87] [com.apple.CarbonCore:gestalt] _NewGestalt _NewGestalt(a/ux 0x185b0f94c) => 0
2026-09-14 15:34:27.495 I  PeachCommander[28614:16e87] [com.apple.CarbonCore:gestalt] _NewGestalt _NewGestalt(pgsz 0x185b0f954) => 0
2026-09-14 15:34:27.495 I  PeachCommander[28614:16e87] [com.apple.CarbonCore:gestalt] _NewGestalt _NewGestalt(csiz 0x185b0f994) => 0
2026-09-14 15:34:27.495 I  PeachCommander[28614:16e87] [com.apple.CarbonCore:gestalt] _NewGestalt _NewGestalt(sysv 0x185abadfc) => 0
2026-09-14 15:34:27.495 I  PeachCommander[28614:16e87] [com.apple.CarbonCore:gestalt] _NewGestalt _NewGestalt(sys1 0x185abadfc) => 0
2026-09-14 15:34:27.495 I  PeachCommander[28614:16e87] [com.apple.CarbonCore:gestalt] _NewGestalt _NewGestalt(sys2 0x185abadfc) => 0
2026-09-14 15:34:27.495 I  PeachCommander[28614:16e87] [com.apple.CarbonCore:gestalt] _NewGestalt _NewGestalt(sys3 0x185abadfc) => 0
2026-09-14 15:34:27.495 I  PeachCommander[28614:16e87] [com.apple.CarbonCore:gestalt] _NewGestalt _NewGestalt(cdfl 0x185b0f9d4) => 0
2026-09-14 15:34:27.495 I  PeachCommander[28614:16e87] [com.apple.CarbonCore:gestalt] _NewGestalt _NewGestalt(cdrm 0x185b0fc30) => 0
2026-09-14 15:34:27.495 I  PeachCommander[28614:16e87] [com.apple.CarbonCore:gestalt] _NewGestalt _NewGestalt(cpus 0x185b0fc78) => 0
2026-09-14 15:34:27.495 I  PeachCommander[28614:16e87] [com.apple.CarbonCore:gestalt] SetGestaltValue SetGestaltValue(swex 1) => 0
2026-09-14 15:34:27.495 Df PeachCommander[28614:16e87] [com.apple.xpc:connection] [0x866533980] activating connection: mach=false listener=false peer=false name=com.apple.hiservices-xpcservice
2026-09-14 15:34:27.496 I  PeachCommander[28614:16e87] [com.apple.CFPasteboard:entry] CopyData('ApplePerContextInputPasteboard' (<CFUUID 0x86600a140> 0070C974-4115-4EF6-9D77-561D63DB3CE3) gen: -1 item: 1264739405 flavor: 'ApplePerContextInputFlavor')
2026-09-14 15:34:27.496 I  PeachCommander[28614:16e87] [com.apple.CFPasteboard:cache] Rebuilding cache for 'ApplePerContextInputPasteboard' (<CFUUID 0x86600a140> 0070C974-4115-4EF6-9D77-561D63DB3CE3)
2026-09-14 15:34:27.496 I  PeachCommander[28614:16e87] [com.apple.CFPasteboard:general] Will request data from daemon
2026-09-14 15:34:27.496 I  PeachCommander[28614:16e87] [com.apple.CFPasteboard:exit] (not-in-cache) - result: 0 generation: 1 data (182 bytes) flags: 0
2026-09-14 15:34:27.496 I  PeachCommander[28614:16e87] [com.apple.CFPasteboard:entry] CopyData('DefaultAsciiKeyboardLayoutPasteboard' (<CFUUID 0x866dd0140> 5FC3CAD9-B1E1-4BBC-88AA-2D0E9594E7A5) gen: -1 item: 1264739405 flavor: 'DefaultAsciiKeyboardLayoutFlavor')
2026-09-14 15:34:27.496 I  PeachCommander[28614:16e87] [com.apple.CFPasteboard:exit] (not-in-cache) - result: -8 generation: 0 null data flags: 0
2026-09-14 15:34:27.498 I  PeachCommander[28614:16e87] [com.apple.AppKit:Window] context (0 -> 4a6470c3) for window 613
2026-09-14 15:34:27.498 Df PeachCommander[28614:16e87] [com.apple.inputmethodkitClient:Client] +[IMKClient subclass]: chose IMKClient_Modern
2026-09-14 15:34:27.498 Df PeachCommander[28614:16e87] [com.apple.BoardServices:XPCErrors] [C:2] Alloc com.apple.backboard.hid-services.xpc
2026-09-14 15:34:27.498 Df PeachCommander[28614:16e87] [com.apple.xpc:connection] [0x866533ac0] activating connection: mach=false listener=false peer=false name=(anonymous)
2026-09-14 15:34:27.499 E  PeachCommander[28614:16e98] [com.apple.BaseBoard:Common] Unable to obtain a task name port right for pid 163: (os/kern) failure (0x5)
2026-09-14 15:34:27.499 Df PeachCommander[28614:16e8b] [com.apple.xpc:connection] [0x866532940] activating connection: mach=false listener=false peer=false name=com.apple.TextInputUI.xpc.CursorUIViewService
2026-09-14 15:34:27.499 Df PeachCommander[28614:16e98] [com.apple.xpc:connection] [0x866532940] invalidated after the last release of the connection object
2026-09-14 15:34:27.499 I  PeachCommander[28614:16e87] [com.apple.CFPasteboard:entry] CopyData('DefaultAsciiKeyboardLayoutPasteboard' (<CFUUID 0x866dd0140> 5FC3CAD9-B1E1-4BBC-88AA-2D0E9594E7A5) gen: -1 item: 1264739405 flavor: 'DefaultAsciiKeyboardLayoutFlavor')
2026-09-14 15:34:27.499 I  PeachCommander[28614:16e87] [com.apple.CFPasteboard:exit] (not-in-cache) - result: -8 generation: 0 null data flags: 0
2026-09-14 15:34:27.499 Df PeachCommander[28614:16e87] [com.apple.xpc:connection] [0x8665326c0] activating connection: mach=false listener=false peer=false name=(anonymous)
2026-09-14 15:34:27.499 Df PeachCommander[28614:16e87] [com.apple.xpc:connection] [0x866532940] activating connection: mach=false listener=false peer=false name=com.apple.ViewBridgeAuxiliary
2026-09-14 15:34:27.500 Df PeachCommander[28614:16e87] [com.apple.xpc:connection] [0x866532580] activating connection: mach=false listener=false peer=false name=(anonymous)
2026-09-14 15:34:27.500 Df PeachCommander[28614:16e87] [com.apple.xpc:connection] [0x866532940] invalidated after the last release of the connection object
2026-09-14 15:34:27.514 Df PeachCommander[28614:16e87] [com.apple.TextInputUI:CursorUI] -[TUINSCursorUIController activate:]_block_invoke: Create CursorUIViewService: TUINSRemoteViewController
2026-09-14 15:34:27.515 I  PeachCommander[28614:16e87] [com.apple.AppKit:Window] window <TUINSWindow: 0x867d14a00> windowNumber=613 finishing close
2026-09-14 15:34:27.515 I  PeachCommander[28614:16e87] [com.apple.AppKit:Window] order window: 613 op: 0 relative: 0 related: 0
2026-09-14 15:34:27.517 A  PeachCommander[28614:16e8b] (CoreFoundation) Loading Preferences From System CFPrefsD
2026-09-14 15:34:27.560 I  PeachCommander[28614:16e87] [com.apple.iconservices:foundation] layer data size zero
2026-09-14 15:34:27.561 A  PeachCommander[28614:16e87] (CoreFoundation) Loading Preferences From User CFPrefsD
2026-09-14 15:34:27.561 I  PeachCommander[28614:16e87] [com.apple.CoreAnalytics:client] Dropping "com.apple.ImageIO.readerSelection" as it isn't used in any transform (not in the config or budgeted?)
2026-09-14 15:34:27.600 I  PeachCommander[28614:16e87] [com.apple.CoreAnalytics:client] Dropping "com.apple.appkit.app_config" as it isn't used in any transform (not in the config or budgeted?)
2026-09-14 15:34:27.600 I  PeachCommander[28614:16e87] [com.apple.SafariPlatformSupport:SafariPlatformSupport] -[SFSafariPlatformSupport credentialSelected:] with nil credential
2026-09-14 15:34:27.600 I  PeachCommander[28614:16e87] [com.apple.SafariPlatformSupport:SafariPlatformSupport] -[SFSafariPlatformSupport oneTimeCodeSelected:] with nil code
2026-09-14 15:34:27.743 I  PeachCommander[28614:16e99] [com.apple.AppKit:WindowTab] Indexing 1 items
2026-09-14 15:34:27.743 A  PeachCommander[28614:16e99] (CoreSpotlight) end-index-batch
2026-09-14 15:34:27.743 Df PeachCommander[28614:16e99] [com.apple.corespotlight:index] *warn* MailCS ======%%% _setMailMessageAttributes skip:1
2026-09-14 15:34:27.743 A  PeachCommander[28614:16e99] (CoreSpotlight) index-items
2026-09-14 15:34:27.743 Df PeachCommander[28614:16e99] [com.apple.corespotlight:index] CSInlineDonation:<private>: Skipping donation (feature flag disabled)
2026-09-14 15:34:27.743 Df PeachCommander[28614:16e99] [com.apple.corespotlight:index] CSInlineDonation:<private>: Skipping donation (feature flag disabled)
2026-09-14 15:34:27.859 I  PeachCommander[28614:16e87] [com.apple.HIToolbox:MBDisplays] <private>
2026-09-14 15:34:27.859 I  PeachCommander[28614:16e87] [com.apple.HIToolbox:MBDisplays] <private>
2026-09-14 15:34:27.913 Df PeachCommander[28614:16e92] [com.apple.xpc:connection] [0x8665321c0] activating connection: mach=false listener=false peer=false name=com.apple.SafariPlatformSupport.Helper
2026-09-14 15:34:27.973 Df PeachCommander[28614:16e90] [com.apple.xpc:connection] [0x8665321c0] invalidated after the last release of the connection object
2026-09-14 15:34:27.978 I  PeachCommander[28614:16e87] [com.apple.launchservices:cas] Removing cached information for app [ 0x0-0x17e17e]  "PeachCommander", as its seed is different from that in shared memory ( 535 vs 537)
2026-09-14 15:34:27.978 Df PeachCommander[28614:16e87] [com.apple.xpc:connection] [0x866532940] activating connection: mach=false listener=false peer=false name=(anonymous)
2026-09-14 15:34:27.978 Df PeachCommander[28614:16e87] [com.apple.xpc:connection] [0x8665321c0] activating connection: mach=false listener=false peer=false name=(anonymous)
2026-09-14 15:34:28.022 Df PeachCommander[28614:16e87] [com.apple.BoardServices:XPCErrors] [C:3] Alloc com.apple.backboard.hid-services.xpc
2026-09-14 15:34:28.022 Df PeachCommander[28614:16e87] [com.apple.xpc:connection] [0x866531cc0] activating connection: mach=false listener=false peer=false name=(anonymous)
2026-09-14 15:34:28.023 Df PeachCommander[28614:16e8b] [com.apple.BackBoard:EventDelivery] BKSHIDEventDeliveryManager - connection activation
2026-09-14 15:34:28.037 I  PeachCommander[28614:16e87] [com.peachcommander:PCFoundation] Session restored
2026-09-14 15:34:28.037 Df PeachCommander[28614:16e87] (Foundation) <private>
2026-09-14 15:34:28.037 I  PeachCommander[28614:16e87] [com.peachcommander:PCFoundation] [automation] running /Users/admin/auto.txt
2026-09-14 15:34:28.037 Df PeachCommander[28614:16e87] (Foundation) <private>
2026-09-14 15:34:28.037 I  PeachCommander[28614:16e87] [com.peachcommander:PCFoundation] [automation] > active left
2026-09-14 15:34:28.037 Df PeachCommander[28614:16e87] (Foundation) <private>
2026-09-14 15:34:28.037 I  PeachCommander[28614:16e87] [com.peachcommander:PCFoundation] [automation] > left /Users/admin/pc-demo
2026-09-14 15:34:28.053 I  PeachCommander[28614:16e87] [com.apple.SafariPlatformSupport:SafariPlatformSupport] -[SPSafariPlatformSupport completionListPreferredContentSizeDidUpdate] with size {0, 0}, in window that is visible
2026-09-14 15:34:28.099 Df PeachCommander[28614:16e87] (Foundation) <private>
2026-09-14 15:34:28.099 I  PeachCommander[28614:16e87] [com.peachcommander:PCFoundation] [automation] > wait 1200
2026-09-14 15:34:28.116 I  PeachCommander[28614:16e87] [com.apple.iconservices:foundation] layer data size zero
2026-09-14 15:34:28.148 I  PeachCommander[28614:16e87] [com.apple.launchservices:datasep] application record search init. Node: <FSNode 0x868390000> { isDir = y, path = <private> } bundleID: (null) itemID: 0
2026-09-14 15:34:28.148 I  PeachCommander[28614:16e87] [com.apple.launchservices:datasep] application record search init. Node: <FSNode 0x868390000> { isDir = y, path = <private> } bundleID: (null) itemID: 0
2026-09-14 15:34:28.148 I  PeachCommander[28614:16e87] [com.apple.SafariPlatformSupport:SafariPlatformSupport] -[SFSafariPlatformSupport credentialSelected:] with nil credential
2026-09-14 15:34:28.148 I  PeachCommander[28614:16e87] [com.apple.SafariPlatformSupport:SafariPlatformSupport] -[SFSafariPlatformSupport oneTimeCodeSelected:] with nil code
2026-09-14 15:34:28.148 I  PeachCommander[28614:16e87] [com.apple.iconservices:foundation] layer data size zero
2026-09-14 15:34:28.149 I  PeachCommander[28614:16e87] [com.apple.iconservices:foundation] layer data size zero
2026-09-14 15:34:28.149 I  PeachCommander[28614:16e87] [com.apple.iconservices:foundation] layer data size zero
2026-09-14 15:34:28.206 I  PeachCommander[28614:16e99] [com.apple.AppKit:WindowTab] Indexing 1 items
2026-09-14 15:34:28.206 A  PeachCommander[28614:16e99] (CoreSpotlight) end-index-batch
2026-09-14 15:34:28.206 A  PeachCommander[28614:16e99] (CoreSpotlight) index-items
2026-09-14 15:34:28.206 Df PeachCommander[28614:16e99] [com.apple.corespotlight:index] CSInlineDonation:<private>: Skipping donation (feature flag disabled)
2026-09-14 15:34:28.206 Df PeachCommander[28614:16e99] [com.apple.corespotlight:index] CSInlineDonation:<private>: Skipping donation (feature flag disabled)
2026-09-14 15:34:28.679 I  PeachCommander[28614:16e8b] [com.apple.AppKit:WindowTab] Indexing 1 items
2026-09-14 15:34:28.679 A  PeachCommander[28614:16e8b] (CoreSpotlight) end-index-batch
2026-09-14 15:34:28.679 A  PeachCommander[28614:16e8b] (CoreSpotlight) index-items
2026-09-14 15:34:28.679 Df PeachCommander[28614:16e8b] [com.apple.corespotlight:index] CSInlineDonation:<private>: Skipping donation (feature flag disabled)
2026-09-14 15:34:28.680 Df PeachCommander[28614:16e8b] [com.apple.corespotlight:index] CSInlineDonation:<private>: Skipping donation (feature flag disabled)
2026-09-14 15:34:29.383 Df PeachCommander[28614:16e87] (Foundation) <private>
2026-09-14 15:34:29.384 I  PeachCommander[28614:16e87] [com.peachcommander:PCFoundation] [automation] > keyloopmodal /Users/admin/keyloop-overwrite.txt
2026-09-14 15:34:29.384 Df PeachCommander[28614:16e87] (Foundation) <private>
2026-09-14 15:34:29.384 I  PeachCommander[28614:16e87] [com.peachcommander:PCFoundation] [automation] > overwritedlg
2026-09-14 15:34:29.386 I  PeachCommander[28614:16e87] [com.apple.CoreAnalytics:client] Dropping "com.apple.ImageIO.readerSelection" as it isn't used in any transform (not in the config or budgeted?)
2026-09-14 15:34:29.389 Df PeachCommander[28614:16e87] (Foundation) <private>
2026-09-14 15:34:29.389 I  PeachCommander[28614:16e87] [com.peachcommander:PCFoundation] [automation] > wait 2500
2026-09-14 15:34:29.394 I  PeachCommander[28614:16e87] [com.apple.launchservices:datasep] application record search init. Node: <FSNode 0x86851d0c0> { isDir = ?, path = <private> } bundleID: (null) itemID: 0
2026-09-14 15:34:29.415 I  PeachCommander[28614:16e87] [com.apple.CoreAnalytics:client] Dropping "com.apple.ImageIO.readerSelection" as it isn't used in any transform (not in the config or budgeted?)
2026-09-14 15:34:29.419 I  PeachCommander[28614:16e87] [com.apple.DesignLibrary:defaults] liveTuning=false
2026-09-14 15:34:29.457 I  PeachCommander[28614:16e87] [com.apple.AppKit:Window] (app) begin modal window ffffffff
2026-09-14 15:34:29.457 I  PeachCommander[28614:16e87] [com.apple.SkyLight:processes] 0[outside of RPC]: SLSSetFrontProcessWithInfo(0x0-0x2 window=0 options=0x1
2026-09-14 15:34:29.458 I  PeachCommander[28614:16e87] [com.apple.AppKit:Window] context (0 -> 48df207b) for window 616
2026-09-14 15:34:29.459 I  PeachCommander[28614:16e87] [com.apple.CFPasteboard:entry] CopyData('DefaultAsciiKeyboardLayoutPasteboard' (<CFUUID 0x866dd0140> 5FC3CAD9-B1E1-4BBC-88AA-2D0E9594E7A5) gen: -1 item: 1264739405 flavor: 'DefaultAsciiKeyboardLayoutFlavor')
2026-09-14 15:34:29.459 I  PeachCommander[28614:16e87] [com.apple.CFPasteboard:exit] (not-in-cache) - result: -8 generation: 0 null data flags: 0
2026-09-14 15:34:29.463 I  PeachCommander[28614:16e87] [com.apple.AppKit:Window] order window front conditionally: 616 related: 0
2026-09-14 15:34:29.508 I  PeachCommander[28614:16e87] [com.apple.iconservices:foundation] layer data size zero
2026-09-14 15:34:29.668 I  PeachCommander[28614:16e99] [com.apple.AppKit:WindowTab] Indexing 2 items
2026-09-14 15:34:29.668 A  PeachCommander[28614:16e99] (CoreSpotlight) end-index-batch
2026-09-14 15:34:29.668 A  PeachCommander[28614:16e99] (CoreSpotlight) index-items
2026-09-14 15:34:29.668 Df PeachCommander[28614:16e99] [com.apple.corespotlight:index] CSInlineDonation:<private>: Skipping donation (feature flag disabled)
2026-09-14 15:34:29.669 Df PeachCommander[28614:16e99] [com.apple.corespotlight:index] CSInlineDonation:<private>: Skipping donation (feature flag disabled)
2026-09-14 15:34:30.616 Df PeachCommander[28614:16e87] (Foundation) <private>
