Timestamp               Ty Process[PID:TID]
2026-09-14 14:41:43.082 A  PeachCommander[26676:154ec] (libsystem_info.dylib) Retrieve User by ID
2026-09-14 14:41:43.083 Df PeachCommander[26676:154ec] [com.apple.xpc:connection] [0x1043225f0] activating connection: mach=true listener=false peer=false name=com.apple.cfprefsd.daemon
2026-09-14 14:41:43.083 Df PeachCommander[26676:154f3] [com.apple.xpc:connection] [0x104322d20] activating connection: mach=true listener=false peer=false name=com.apple.cfprefsd.agent
2026-09-14 14:41:43.084 Df PeachCommander[26676:154ec] [com.apple.xpc:connection] [0x104328d40] activating connection: mach=true listener=false peer=false name=com.apple.coreservices.launchservicesd
2026-09-14 14:41:43.084 I  PeachCommander[26676:154ec] [com.apple.launchservices:cas] Registering for notification <private> on default queue, to re-boostrap client connection.
2026-09-14 14:41:43.084 Df PeachCommander[26676:154ec] [com.apple.xpc:connection] [0xbcd070000] activating connection: mach=true listener=false peer=false name=com.apple.pasteboard.1
2026-09-14 14:41:43.084 Df PeachCommander[26676:154ec] [com.apple.xpc:connection] [0xbcd070140] activating connection: mach=true listener=false peer=false name=com.apple.distributed_notifications@Uv3
2026-09-14 14:41:43.086 Df PeachCommander[26676:154ec] [com.apple.AppKit:AutomaticTermination] void _NSDisableAutomaticTerminationAndLog(NSString *) No windows open yet
2026-09-14 14:41:43.086 A  PeachCommander[26676:154ec] (TCC) TCCAccessRequest() IPC
2026-09-14 14:41:43.086 Df PeachCommander[26676:154ec] [com.apple.xpc:connection] [0xbcd070280] activating connection: mach=true listener=false peer=false name=com.apple.tccd.system
2026-09-14 14:41:43.086 I  PeachCommander[26676:154ec] [com.apple.TCC:access] SEND: 0/7 synchronous to com.apple.tccd.system: request: msgID=26676.1, function=TCCAccessRequest, service=kTCCServiceListenEvent,
2026-09-14 14:41:43.087 I  PeachCommander[26676:154ec] [com.apple.TCC:access] RECV: synchronous reply <dictionary: 0xbccc58000> { count = 5, transaction: 0, voucher = 0x0, contents =
	"prompt_type" => <uint64: 0x835d0d2c1aeb370f>: 1
	"auth_value" => <uint64: 0x835d0d2c1aeb370f>: 1
	"preflight_unknown" => <bool: 0x1eec3d190>: true
	"auth_version" => <uint64: 0x835d0d2c1aeb370f>: 1
	"auth_reason" => <uint64: 0x835d0d2c1aeb372f>: 5
}
2026-09-14 14:41:43.087 Df PeachCommander[26676:154ec] [com.apple.xpc:connection] [0xbcd070280] invalidated after the last release of the connection object
2026-09-14 14:41:43.087 Df PeachCommander[26676:154ec] [com.apple.SkyLight:default] server port 0x0000300f, session port 0x0000300f
2026-09-14 14:41:43.089 Df PeachCommander[26676:154ec] [com.apple.SkyLight:default] New connection 0x1ba6b main
2026-09-14 14:41:43.089 I  PeachCommander[26676:154f4] [com.apple.SkyLight:processes] 0[outside of RPC]: First connection id 113259 mapped to ctx = 0x1043315c0
2026-09-14 14:41:43.090 I  PeachCommander[26676:154ec] [com.apple.hiservices:processmgr] Checking in with CAS, pid=26676
2026-09-14 14:41:43.090 I  PeachCommander[26676:154ec] [com.apple.launchservices:cas] LSApplicationCheckIn(), app being registered is:"/Users/admin/pc-test/PeachCommander.app/Contents/MacOS/PeachCommander"
2026-09-14 14:41:43.090 I  PeachCommander[26676:154ec] [com.apple.launchservices:cas]  { "ApplicationType"="Foreground", "BuildMachineOSBuild"="25E246", "CFBundleDevelopmentRegion"="en", "CFBundleDocumentTypes"=( { "CFBundleTypeName"="Peach Commander Plugin Package", "CFBundleTypeRole"="Viewer", "LSHandlerRank"="Owner", "LSItemContentTypes"=( "com.peachcommander.plugin-package") }), "CFBundleExecutable"="PeachCommander", "CFBundleExecutablePath"="/Users/admin/pc-test/PeachCommander.app/Contents/MacOS/PeachCommander", "CFBundleHelpBookFolder"="PeachCommander.help", "CFBundleHelpBookName"="Peach Commander Help", "CFBundleIconFile"="AppIcon", "CFBundleIconName"="AppIcon", "CFBundleIdentifier"="com.peachcommander.app", "CFBundleInfoDictionaryVersion"="6.0", "CFBundleName"="PeachCommander", "CFBundleNumericVersion"=402685952, "CFBundlePackageType"="APPL", "CFBundleShortVersionString"="0.9.0", "CFBundleSignature"="?????", "CFBundleSupportedPlatforms"=( "MacOSX"), "CFBundleVersion"="18", "DTCompiler"="com.apple.compilers.llvm.clang.1_0", "DTPlatformBuild"="25F70", "DTPlatformName"="macosx", "<…>
2026-09-14 14:41:43.090 Df PeachCommander[26676:154ec] [com.apple.processmanager:front-35286506] CHECKIN: pid=26676
2026-09-14 14:41:43.091 Df PeachCommander[26676:154ec] [com.apple.processmanager:front-35286506] CHECKEDIN: pid=26676 asn=0x0-0x165165 foreground=1
2026-09-14 14:41:43.091 I  PeachCommander[26676:154ec] [com.apple.launchservices:cas] Setting processControlState to default PROC_SETPC_SUSPEND because application does not have LSProcessControlValue key
2026-09-14 14:41:43.091 Df PeachCommander[26676:154ec] [com.apple.xpc:connection] [0xbcd070280] activating connection: mach=false listener=true peer=false name=(anonymous)
2026-09-14 14:41:43.091 Df PeachCommander[26676:154ec] [com.apple.xpc:connection] [0xbcd070280] Connection returned listener port: 0x5403
2026-09-14 14:41:43.091 Df PeachCommander[26676:154f3] [com.apple.xpc:connection] [0xbcccb8300] activating connection: mach=false listener=false peer=true name=com.apple.xpc.anonymous.0xbcd070280.peer[131].0xbcccb8300
2026-09-14 14:41:43.092 Df PeachCommander[26676:154ec] [com.apple.processmanager:front-35286506] FRONTLOGGING: version 1
2026-09-14 14:41:43.092 Df PeachCommander[26676:154ec] [com.apple.processmanager:front-35286506] Registered, pid=26676 ASN=0x0,0x165165
2026-09-14 14:41:43.092 Df PeachCommander[26676:154ec] [com.apple.xpc:connection] [0xbcd0703c0] activating connection: mach=true listener=false peer=false name=com.apple.analyticsd
2026-09-14 14:41:43.092 I  PeachCommander[26676:154ec] [com.apple.CoreAnalytics:client] Daemon status changed from 0 to 1
2026-09-14 14:41:43.092 I  PeachCommander[26676:154f3] [com.apple.CarbonCore:coreservicesdaemon] SCSession():SCSession( id=100, this=0x0x1043282f0 option=65538) created, forUID=501 mach_port_t=0x4303.
2026-09-14 14:41:43.092 I  PeachCommander[26676:154f3] [com.apple.CarbonCore:coreservicesdaemon] SCSession():SCSession( id=101, this=0x0x104328430 option=65538) created, forUID=501 mach_port_t=0x5003.
2026-09-14 14:41:43.092 I  PeachCommander[26676:154f3] [com.apple.CarbonCore:coreservicesdaemon] connectToCoreServicesD():Instantiating server (coreservicesd based) SCSession, port=0x4303 serverOptions=0x10002.
2026-09-14 14:41:43.092 I  PeachCommander[26676:154ec] [com.apple.hiservices:processmgr] _RegisterApplication( pid 26676 => 0x0,0x165165) type=foreground
2026-09-14 14:41:43.092 Df PeachCommander[26676:154ec] [com.apple.xpc:connection] [0xbcd070280] Connection returned listener port: 0x5403
2026-09-14 14:41:43.092 I  PeachCommander[26676:154ec] [com.apple.launchservices:cas] CFArrayRef _LSCopyLaunchModifiers(LSSessionID, LSASNRef _Nonnull), result for psn [ kLSCurrentApp ASN, 0x0,0x2]  is 1 items.
2026-09-14 14:41:43.092 Df PeachCommander[26676:154f3] [com.apple.xpc:connection] [0xbcd070500] activating connection: mach=true listener=false peer=false name=com.apple.lsd.mapdb
2026-09-14 14:41:43.092 Df PeachCommander[26676:154ec] [com.apple.processmanager:front-35286506] BringForward: pid=26676 asn=0x0-0x165165 bringForward=1 foreground=1 uiElement=0 launchedByLS=1 modifiersCount=1 allDisabled=1
2026-09-14 14:41:43.092 Df PeachCommander[26676:154ec] [com.apple.processmanager:front-35286506] BringFrontModifier: pid=26676 asn=0x0-0x165165 Modifier 0 hideAfter=0 hideOthers=0 dontMakeFrontmost=0 mouseDown=0/0 seed=0/0
2026-09-14 14:41:43.092 Df PeachCommander[26676:154ec] [com.apple.processmanager:front-35286506] BringForward: pid=26676 asn=0x0-0x165165
2026-09-14 14:41:43.092 Df PeachCommander[26676:154ec] [com.apple.processmanager:front-35286506] SetFrontProcess: asn=0x0-0x165165 options=0
2026-09-14 14:41:43.092 I  PeachCommander[26676:154ec] [com.apple.SkyLight:processes] 0[outside of RPC]: SLPSetFrontProcess(0x0-0x165165 window=0 options=0x0
2026-09-14 14:41:43.092 Df PeachCommander[26676:154f4] [com.apple.CoreAnalytics:client] Received configuration update from daemon (initial)
2026-09-14 14:41:43.094 Df PeachCommander[26676:154ec] [com.apple.AppKit:Appearance] Current system appearance, (HLTB: 1), (SLS: 0)
2026-09-14 14:41:43.095 Df PeachCommander[26676:154ec] (libMobileGestalt.dylib) No persisted cache on this platform.
2026-09-14 14:41:43.095 I  PeachCommander[26676:154f4] [com.apple.launchservices:cas] information in shared memory for 0x0-0x165165 with seed 533 was still valid, so using cached info { "ApplicationType"="Foreground", "BuildMachineOSBuild"="25E246", "BundleIdentifierLowerCase"="com.peachcommander.app", "CFBundleDevelopmentRegion"="en", "CFBundleDocumentTypes"=( { "CFBundleTypeName"="Peach Commander Plugin Package", "CFBundleTypeRole"="Viewer", "LSHandlerRank"="Owner", "LSItemContentTypes"=( "com.peachcommander.plugin-package") }), "CFBundleExecutable"="PeachCommander", "CFBundleExecutablePath"="/Users/admin/pc-test/PeachCommander.app/Contents/MacOS/PeachCommander", "CFBundleExecutablePathDeviceID"=16777227, "CFBundleExecutablePathINode"=488133, "CFBundleHelpBookFolder"="PeachCommander.help", "CFBundleHelpBookName"="Peach Commander Help", "CFBundleIconFile"="AppIcon", "CFBundleIconName"="AppIcon", "CFBundleIdentifier"="com.peachcommander.app", "CFBundleInfoDictionaryVersion"="6.0", "CFBundleName"="PeachCommander", "CFBundleNameLowerCase"="peachcommander", "CFBundleNumericVersion"=402685952, "CFBundlePackageType"="APPL", "CFBundleShortVersionString"="0.9.0", "CFBun<…>
2026-09-14 14:41:43.095 Df PeachCommander[26676:154ec] (libMobileGestalt.dylib) Could not get size of EAN data (IOConnectCallScalarMethod kAppleNVMeEANGetSize returned 0xE00002E2)
2026-09-14 14:41:43.095 Df PeachCommander[26676:154ec] (libMobileGestalt.dylib) Failed to copy 'aptk' from EAN
2026-09-14 14:41:43.095 Df PeachCommander[26676:154ec] (libMobileGestalt.dylib) Failed to copy APTicket properties. Falling back to default policy.
2026-09-14 14:41:43.095 Df PeachCommander[26676:154ec] (libMobileGestalt.dylib) Creating default MGSysConfigPolicy
2026-09-14 14:41:43.095 Df PeachCommander[26676:154ec] (libMobileGestalt.dylib) CFDictionaryRef copySyscfgDictionary(void) enumeration of <private> failed.
2026-09-14 14:41:43.095 Df PeachCommander[26676:154ec] (libMobileGestalt.dylib) Failed to find key <private>
2026-09-14 14:41:43.095 Df PeachCommander[26676:154ec] [com.apple.AppKit:Appearance] Current system appearance, (HLTB: 1), (SLS: 0)
2026-09-14 14:41:43.096 Df PeachCommander[26676:154ec] [com.apple.AppKit:Appearance] Post-registration system appearance: (HLTB: 1)
2026-09-14 14:41:43.096 I  PeachCommander[26676:154f3] [com.apple.launchservices:db] LaunchServices database schema version: 20971544
2026-09-14 14:41:43.097 I  PeachCommander[26676:154f3] [com.apple.launchservices:default] Unable to load Info.plist exceptions (eGPUOverrides)
2026-09-14 14:41:43.097 I  PeachCommander[26676:154f3] [com.apple.launchservices:default] Unable to load Info.plist exceptions (gameModeOverrides)
2026-09-14 14:41:43.097 I  PeachCommander[26676:154f3] [com.apple.launchservices:default] Unable to load Info.plist exceptions (identifiedGameOverrides)
2026-09-14 14:41:43.097 I  PeachCommander[26676:154f3] [com.apple.launchservices:default] Unable to load Info.plist exceptions (SystemHiddenPreferred)
2026-09-14 14:41:43.097 Df PeachCommander[26676:154ec] [com.apple.FrontBoard:Common] FBSWorkspace: endpoint monitoring is disabled.
2026-09-14 14:41:43.097 Df PeachCommander[26676:154ec] [com.apple.FrontBoard:Common] FBSWorkspace: default shell endpoint is disabled.
2026-09-14 14:41:43.097 Df PeachCommander[26676:154ec] [com.apple.runningboard:connection] Initializing connection
2026-09-14 14:41:43.098 Df PeachCommander[26676:154ec] [com.apple.runningboard:process] Removing all cached process handles
2026-09-14 14:41:43.098 Df PeachCommander[26676:154f8] [com.apple.runningboard:connection] Sending handshake request attempt #1 to server
2026-09-14 14:41:43.098 Df PeachCommander[26676:154f8] [com.apple.runningboard:connection] Creating connection to com.apple.runningboard
2026-09-14 14:41:43.098 Df PeachCommander[26676:154f8] [com.apple.xpc:connection] [0xbcd070640] activating connection: mach=true listener=false peer=false name=com.apple.runningboard
2026-09-14 14:41:43.098 Df PeachCommander[26676:154ec] [com.apple.xpc:connection] [0xbcd070280] Connection returned listener port: 0x5403
2026-09-14 14:41:43.098 A  PeachCommander[26676:154f4] (RunningBoardServices) didChangeInheritances
2026-09-14 14:41:43.098 I  PeachCommander[26676:154ec] [com.apple.launchservices:cas] information in shared memory for 0x0-0x165165 with seed 533 was still valid, so using cached info { "ApplicationType"="Foreground", "BuildMachineOSBuild"="25E246", "BundleIdentifierLowerCase"="com.peachcommander.app", "CFBundleDevelopmentRegion"="en", "CFBundleDocumentTypes"=( { "CFBundleTypeName"="Peach Commander Plugin Package", "CFBundleTypeRole"="Viewer", "LSHandlerRank"="Owner", "LSItemContentTypes"=( "com.peachcommander.plugin-package") }), "CFBundleExecutable"="PeachCommander", "CFBundleExecutablePath"="/Users/admin/pc-test/PeachCommander.app/Contents/MacOS/PeachCommander", "CFBundleExecutablePathDeviceID"=16777227, "CFBundleExecutablePathINode"=488133, "CFBundleHelpBookFolder"="PeachCommander.help", "CFBundleHelpBookName"="Peach Commander Help", "CFBundleIconFile"="AppIcon", "CFBundleIconName"="AppIcon", "CFBundleIdentifier"="com.peachcommander.app", "CFBundleInfoDictionaryVersion"="6.0", "CFBundleName"="PeachCommander", "CFBundleNameLowerCase"="peachcommander", "CFBundleNumericVersion"=402685952, "CFBundlePackageType"="APPL", "CFBundleShortVersionString"="0.9.0", "CFBun<…>
2026-09-14 14:41:43.098 Df PeachCommander[26676:154f8] [com.apple.runningboard:connection] Handshake succeeded
2026-09-14 14:41:43.098 Df PeachCommander[26676:154f8] [com.apple.runningboard:connection] Identity resolved as app<application.com.peachcommander.app.487096.488133(501)>
2026-09-14 14:41:43.099 Df PeachCommander[26676:154ec] [com.apple.xpc:connection] [0xbcd070280] Connection returned listener port: 0x5403
2026-09-14 14:41:43.100 A  PeachCommander[26676:154f3] (AppIntents) appintents:register process
2026-09-14 14:41:43.100 Df PeachCommander[26676:154f3] [com.apple.appintents:Connection] Created a new Process Instance Registry XPC connection (inactive)
2026-09-14 14:41:43.100 Df PeachCommander[26676:154f3] [com.apple.xpc:connection] [0xbcd070780] activating connection: mach=true listener=false peer=false name=com.apple.linkd.autoShortcut
2026-09-14 14:41:43.100 Df PeachCommander[26676:154f3] [com.apple.appintents:Connection] Activated connection to linkd (ApplicationService)
2026-09-14 14:41:43.100 Df PeachCommander[26676:154f3] [com.apple.xpc:connection] [0xbcd070a00] activating connection: mach=false listener=true peer=false name=(anonymous)
2026-09-14 14:41:43.100 I  PeachCommander[26676:154ec] [com.apple.launchservices:cas] information in shared memory for 0x0-0x165165 with seed 533 was still valid, so using cached info { "ApplicationType"="Foreground", "BuildMachineOSBuild"="25E246", "BundleIdentifierLowerCase"="com.peachcommander.app", "CFBundleDevelopmentRegion"="en", "CFBundleDocumentTypes"=( { "CFBundleTypeName"="Peach Commander Plugin Package", "CFBundleTypeRole"="Viewer", "LSHandlerRank"="Owner", "LSItemContentTypes"=( "com.peachcommander.plugin-package") }), "CFBundleExecutable"="PeachCommander", "CFBundleExecutablePath"="/Users/admin/pc-test/PeachCommander.app/Contents/MacOS/PeachCommander", "CFBundleExecutablePathDeviceID"=16777227, "CFBundleExecutablePathINode"=488133, "CFBundleHelpBookFolder"="PeachCommander.help", "CFBundleHelpBookName"="Peach Commander Help", "CFBundleIconFile"="AppIcon", "CFBundleIconName"="AppIcon", "CFBundleIdentifier"="com.peachcommander.app", "CFBundleInfoDictionaryVersion"="6.0", "CFBundleName"="PeachCommander", "CFBundleNameLowerCase"="peachcommander", "CFBundleNumericVersion"=402685952, "CFBundlePackageType"="APPL", "CFBundleShortVersionString"="0.9.0", "CFBun<…>
2026-09-14 14:41:43.100 I  PeachCommander[26676:154ec] [com.apple.hiservices:processmgr] TransformProcessType(0x0,0x2 => 1 wasFront=1 pickNew=0)
2026-09-14 14:41:43.100 I  PeachCommander[26676:154ec] [com.apple.CoreAnalytics:client] Dropping "com.apple.appkit.app_config" as it isn't used in any transform (not in the config or budgeted?)
2026-09-14 14:41:43.101 I  PeachCommander[26676:154f3] [com.apple.appintents:Execution] LNAppConnectionListener instantiated
2026-09-14 14:41:43.101 Df PeachCommander[26676:154f3] [com.apple.xpc:connection] [0xbcd070a00] Connection returned listener port: 0x6b03
2026-09-14 14:41:43.101 Df PeachCommander[26676:154f4] [com.apple.xpc:connection] [0xbcd070780] Re-initialization successful; calling out to event handler with XPC_ERROR_CONNECTION_INTERRUPTED
2026-09-14 14:41:43.101 Df PeachCommander[26676:154f4] [com.apple.appintents:Connection] Process Instance Registry XPC connection has been interrupted
2026-09-14 14:41:43.101 Df PeachCommander[26676:154ec] [com.apple.dt.xctest:Default] Registering for test daemon availability notify post.
2026-09-14 14:41:43.101 Df PeachCommander[26676:154ec] [com.apple.dt.xctest:Default] notify_get_state check indicated test daemon not ready.
2026-09-14 14:41:43.101 E  PeachCommander[26676:154f3] [com.apple.appintents:Connection] Unable to get synchronousRemoteObjectProxy, error: Error Domain=NSCocoaErrorDomain Code=4097 "connection to service named com.apple.linkd.autoShortcut" UserInfo={NSDebugDescription=connection to service named com.apple.linkd.autoShortcut}
2026-09-14 14:41:43.101 E  PeachCommander[26676:154f3] [com.apple.AppKit:Application] Error registering app with intents framework: Error Domain=NSCocoaErrorDomain Code=4097 UserInfo={NSDebugDescription=<private>}
2026-09-14 14:41:43.101 Df PeachCommander[26676:154f8] [com.apple.appintents:Connection] Created a new Process Instance Registry XPC connection (inactive)
2026-09-14 14:41:43.101 Df PeachCommander[26676:154ec] [com.apple.dt.xctest:Default] notify_get_state check indicated test daemon not ready.
2026-09-14 14:41:43.101 A  PeachCommander[26676:154f8] (AppIntents) appintents:register process
2026-09-14 14:41:43.101 Df PeachCommander[26676:154f8] [com.apple.appintents:Connection] Created a new Process Instance Registry XPC connection (inactive)
2026-09-14 14:41:43.101 Df PeachCommander[26676:154f8] [com.apple.xpc:connection] [0xbcd070c80] activating connection: mach=true listener=false peer=false name=com.apple.linkd.autoShortcut
2026-09-14 14:41:43.101 Df PeachCommander[26676:154ec] [com.apple.dt.xctest:Default] notify_get_state check indicated test daemon not ready.
2026-09-14 14:41:43.101 Df PeachCommander[26676:154f8] [com.apple.appintents:Connection] Activated connection to linkd (ApplicationService)
2026-09-14 14:41:43.101 Df PeachCommander[26676:154f8] [com.apple.xpc:connection] [0xbcd070a00] Connection returned listener port: 0x6b03
2026-09-14 14:41:43.101 Df PeachCommander[26676:154f3] [com.apple.xpc:connection] [0xbcd070c80] Re-initialization successful; calling out to event handler with XPC_ERROR_CONNECTION_INTERRUPTED
2026-09-14 14:41:43.101 Df PeachCommander[26676:154f3] [com.apple.appintents:Connection] Process Instance Registry XPC connection has been interrupted
2026-09-14 14:41:43.101 Df PeachCommander[26676:154f3] [com.apple.appintents:Connection] Created a new Process Instance Registry XPC connection (inactive)
2026-09-14 14:41:43.101 A  PeachCommander[26676:154f3] (AppIntents) appintents:register process
2026-09-14 14:41:43.101 E  PeachCommander[26676:154f8] [com.apple.appintents:Connection] Unable to get synchronousRemoteObjectProxy, error: Error Domain=NSCocoaErrorDomain Code=4097 "connection to service named com.apple.linkd.autoShortcut" UserInfo={NSDebugDescription=connection to service named com.apple.linkd.autoShortcut}
2026-09-14 14:41:43.101 E  PeachCommander[26676:154f8] [com.apple.appintents:Connection] Unable to re-register with Process Instance Registry, error: Error Domain=NSCocoaErrorDomain Code=4097 "connection to service named com.apple.linkd.autoShortcut" UserInfo={NSDebugDescription=connection to service named com.apple.linkd.autoShortcut}
2026-09-14 14:41:43.101 Df PeachCommander[26676:154f3] [com.apple.appintents:Connection] Created a new Process Instance Registry XPC connection (inactive)
2026-09-14 14:41:43.101 Df PeachCommander[26676:154f3] [com.apple.xpc:connection] [0xbcd0712c0] activating connection: mach=true listener=false peer=false name=com.apple.linkd.autoShortcut
2026-09-14 14:41:43.101 Df PeachCommander[26676:154f3] [com.apple.appintents:Connection] Activated connection to linkd (ApplicationService)
2026-09-14 14:41:43.101 Df PeachCommander[26676:154f3] [com.apple.xpc:connection] [0xbcd070a00] Connection returned listener port: 0x6b03
2026-09-14 14:41:43.102 Df PeachCommander[26676:154f8] [com.apple.xpc:connection] [0xbcd0712c0] Re-initialization successful; calling out to event handler with XPC_ERROR_CONNECTION_INTERRUPTED
2026-09-14 14:41:43.102 Df PeachCommander[26676:154f8] [com.apple.appintents:Connection] Process Instance Registry XPC connection has been interrupted
2026-09-14 14:41:43.102 E  PeachCommander[26676:154f3] [com.apple.appintents:Connection] Unable to get synchronousRemoteObjectProxy, error: Error Domain=NSCocoaErrorDomain Code=4097 "connection to service named com.apple.linkd.autoShortcut" UserInfo={NSDebugDescription=connection to service named com.apple.linkd.autoShortcut}
2026-09-14 14:41:43.102 E  PeachCommander[26676:154f3] [com.apple.appintents:Connection] Unable to re-register with Process Instance Registry, error: Error Domain=NSCocoaErrorDomain Code=4097 "connection to service named com.apple.linkd.autoShortcut" UserInfo={NSDebugDescription=connection to service named com.apple.linkd.autoShortcut}
2026-09-14 14:41:43.102 Df PeachCommander[26676:154f8] [com.apple.appintents:Connection] Created a new Process Instance Registry XPC connection (inactive)
2026-09-14 14:41:43.102 A  PeachCommander[26676:154f8] (AppIntents) appintents:register process
2026-09-14 14:41:43.102 Df PeachCommander[26676:154f8] [com.apple.appintents:Connection] Created a new Process Instance Registry XPC connection (inactive)
2026-09-14 14:41:43.102 Df PeachCommander[26676:154f8] [com.apple.xpc:connection] [0xbcd071540] activating connection: mach=true listener=false peer=false name=com.apple.linkd.autoShortcut
2026-09-14 14:41:43.102 Df PeachCommander[26676:154f8] [com.apple.appintents:Connection] Activated connection to linkd (ApplicationService)
2026-09-14 14:41:43.102 Df PeachCommander[26676:154f8] [com.apple.xpc:connection] [0xbcd070a00] Connection returned listener port: 0x6b03
2026-09-14 14:41:43.102 Df PeachCommander[26676:154f3] [com.apple.xpc:connection] [0xbcd071540] Re-initialization successful; calling out to event handler with XPC_ERROR_CONNECTION_INTERRUPTED
2026-09-14 14:41:43.102 Df PeachCommander[26676:154f3] [com.apple.appintents:Connection] Process Instance Registry XPC connection has been interrupted
2026-09-14 14:41:43.102 E  PeachCommander[26676:154f3] [com.apple.appintents:Connection] Will NOT re-try to establish the connection
2026-09-14 14:41:43.102 E  PeachCommander[26676:154f8] [com.apple.appintents:Connection] Unable to get synchronousRemoteObjectProxy, error: Error Domain=NSCocoaErrorDomain Code=4097 "connection to service named com.apple.linkd.autoShortcut" UserInfo={NSDebugDescription=connection to service named com.apple.linkd.autoShortcut}
2026-09-14 14:41:43.102 E  PeachCommander[26676:154f8] [com.apple.appintents:Connection] Unable to re-register with Process Instance Registry, error: Error Domain=NSCocoaErrorDomain Code=4097 "connection to service named com.apple.linkd.autoShortcut" UserInfo={NSDebugDescription=connection to service named com.apple.linkd.autoShortcut}
2026-09-14 14:41:43.104 A  PeachCommander[26676:154ec] (CoreFoundation) Loading Preferences From System CFPrefsD
2026-09-14 14:41:43.105 Df PeachCommander[26676:154ec] (libMobileGestalt.dylib) couldn't load support library
2026-09-14 14:41:43.105 Df PeachCommander[26676:154ec] (libMobileGestalt.dylib) called dummy function!
2026-09-14 14:41:43.105 I  PeachCommander[26676:154ec] [com.apple.GenerativeModels:availability] Current availability state: unavailable, use cases: com.apple.WritingTools, language: <any>, api: <private>
2026-09-14 14:41:43.105 Df PeachCommander[26676:154ec] [com.apple.GenerativeModels:availability] registering darwin observer for name: com.apple.gms.availability.notification
2026-09-14 14:41:43.105 Df PeachCommander[26676:154ec] [com.apple.GenerativeModels:availability] registering darwin observer for name: com.apple.os-eligibility-domain.change.greymatter
2026-09-14 14:41:43.105 Df PeachCommander[26676:154ec] [com.apple.GenerativeModels:availability] registering darwin observer for name: com.apple.language.changed
2026-09-14 14:41:43.105 Df PeachCommander[26676:154ec] [com.apple.WritingTools:Default] isAvailable value changed: isMDMAllowed = true, gmAvailable (current) = false
2026-09-14 14:41:43.107 I  PeachCommander[26676:154ec] [com.apple.CoreAnalytics:client] Dropping "com.apple.appkit.app_config" as it isn't used in any transform (not in the config or budgeted?)
2026-09-14 14:41:43.109 Df PeachCommander[26676:154ec] [com.apple.AppKit:Appearance] NSApp cache appearance:
-NSRequiresAquaSystemAppearance: 0
-appearance: (null)
-effectiveAppearance: <NSCompositeAppearance: 0xbccc60640
 (
    "<NSAquaAppearance: 0xbccc60500>",
    "<NSSystemAppearance: 0xbccc60780>"
)>
2026-09-14 14:41:43.111 A  PeachCommander[26676:154ec] (CoreFoundation) Loading Preferences From User CFPrefsD
2026-09-14 14:41:43.112 A  PeachCommander[26676:154ec] (CoreFoundation) Loading Preferences From User CFPrefsD
2026-09-14 14:41:43.115 A  PeachCommander[26676:154f3] (libsystem_info.dylib) Membership API: translate identifier
2026-09-14 14:41:43.116 I  PeachCommander[26676:154ec] [com.apple.CoreAnalytics:client] Dropping "com.apple.appkit.app_config" as it isn't used in any transform (not in the config or budgeted?)
2026-09-14 14:41:43.116 I  PeachCommander[26676:154ec] [com.apple.CoreAnalytics:client] Dropping "com.apple.appkit.app_config" as it isn't used in any transform (not in the config or budgeted?)
2026-09-14 14:41:43.118 Df PeachCommander[26676:154f8] [com.apple.xpc:connection] [0xbcd071a40] activating connection: mach=true listener=false peer=false name=com.apple.dock.fullscreen
2026-09-14 14:41:43.119 Df PeachCommander[26676:154ec] [com.apple.xpc:connection] [0xbcd071b80] activating connection: mach=true listener=false peer=false name=com.apple.fonts
2026-09-14 14:41:43.121 I  PeachCommander[26676:154ec] [com.apple.launchservices:cas] information in shared memory for 0x0-0x165165 with seed 533 was still valid, so using cached info { "ApplicationType"="Foreground", "BuildMachineOSBuild"="25E246", "BundleIdentifierLowerCase"="com.peachcommander.app", "CFBundleDevelopmentRegion"="en", "CFBundleDocumentTypes"=( { "CFBundleTypeName"="Peach Commander Plugin Package", "CFBundleTypeRole"="Viewer", "LSHandlerRank"="Owner", "LSItemContentTypes"=( "com.peachcommander.plugin-package") }), "CFBundleExecutable"="PeachCommander", "CFBundleExecutablePath"="/Users/admin/pc-test/PeachCommander.app/Contents/MacOS/PeachCommander", "CFBundleExecutablePathDeviceID"=16777227, "CFBundleExecutablePathINode"=488133, "CFBundleHelpBookFolder"="PeachCommander.help", "CFBundleHelpBookName"="Peach Commander Help", "CFBundleIconFile"="AppIcon", "CFBundleIconName"="AppIcon", "CFBundleIdentifier"="com.peachcommander.app", "CFBundleInfoDictionaryVersion"="6.0", "CFBundleName"="PeachCommander", "CFBundleNameLowerCase"="peachcommander", "CFBundleNumericVersion"=402685952, "CFBundlePackageType"="APPL", "CFBundleShortVersionString"="0.9.0", "CFBun<…>
2026-09-14 14:41:43.121 I  PeachCommander[26676:154ec] [com.apple.CoreAnalytics:client] Dropping "com.apple.appkit.app_config" as it isn't used in any transform (not in the config or budgeted?)
2026-09-14 14:41:43.121 Df PeachCommander[26676:154ec] [com.apple.AppKit:AutomaticTermination] -[NSApplication(NSAppssassination) _checkForAutomaticTerminationSupportPossiblyEnablingIt]_block_invoke Enabling automatic termination support.
2026-09-14 14:41:43.121 Df PeachCommander[26676:154ec] [com.apple.xpc:connection] [0xbcd070dc0] activating connection: mach=true listener=false peer=false name=com.apple.appkit.restoration_storage
2026-09-14 14:41:43.122 I  PeachCommander[26676:154ec] [com.apple.launchservices:cas] information in shared memory for 0x0-0x165165 with seed 533 was still valid, so using cached info { "ApplicationType"="Foreground", "BuildMachineOSBuild"="25E246", "BundleIdentifierLowerCase"="com.peachcommander.app", "CFBundleDevelopmentRegion"="en", "CFBundleDocumentTypes"=( { "CFBundleTypeName"="Peach Commander Plugin Package", "CFBundleTypeRole"="Viewer", "LSHandlerRank"="Owner", "LSItemContentTypes"=( "com.peachcommander.plugin-package") }), "CFBundleExecutable"="PeachCommander", "CFBundleExecutablePath"="/Users/admin/pc-test/PeachCommander.app/Contents/MacOS/PeachCommander", "CFBundleExecutablePathDeviceID"=16777227, "CFBundleExecutablePathINode"=488133, "CFBundleHelpBookFolder"="PeachCommander.help", "CFBundleHelpBookName"="Peach Commander Help", "CFBundleIconFile"="AppIcon", "CFBundleIconName"="AppIcon", "CFBundleIdentifier"="com.peachcommander.app", "CFBundleInfoDictionaryVersion"="6.0", "CFBundleName"="PeachCommander", "CFBundleNameLowerCase"="peachcommander", "CFBundleNumericVersion"=402685952, "CFBundlePackageType"="APPL", "CFBundleShortVersionString"="0.9.0", "CFBun<…>
2026-09-14 14:41:43.122 Df PeachCommander[26676:154ec] [com.apple.xpc:connection] [0xbcd070f00] activating connection: mach=true listener=false peer=false name=com.apple.coreservices.appleevents
2026-09-14 14:41:43.122 I  PeachCommander[26676:154ec] [com.apple.appleevents:main] _AEGetRegisteredMachPort() created default port (port:64003/0xfa03 rcv:1 send:1 limit:5) and registered it with server
2026-09-14 14:41:43.122 Df PeachCommander[26676:154ec] [com.apple.xpc:connection] [0xbcd070280] Connection returned listener port: 0x5403
2026-09-14 14:41:43.122 I  PeachCommander[26676:154ec] [com.apple.launchservices:cas] information in shared memory for 0x0-0x165165 with seed 533 was still valid, so using cached info { "ApplicationType"="Foreground", "BuildMachineOSBuild"="25E246", "BundleIdentifierLowerCase"="com.peachcommander.app", "CFBundleDevelopmentRegion"="en", "CFBundleDocumentTypes"=( { "CFBundleTypeName"="Peach Commander Plugin Package", "CFBundleTypeRole"="Viewer", "LSHandlerRank"="Owner", "LSItemContentTypes"=( "com.peachcommander.plugin-package") }), "CFBundleExecutable"="PeachCommander", "CFBundleExecutablePath"="/Users/admin/pc-test/PeachCommander.app/Contents/MacOS/PeachCommander", "CFBundleExecutablePathDeviceID"=16777227, "CFBundleExecutablePathINode"=488133, "CFBundleHelpBookFolder"="PeachCommander.help", "CFBundleHelpBookName"="Peach Commander Help", "CFBundleIconFile"="AppIcon", "CFBundleIconName"="AppIcon", "CFBundleIdentifier"="com.peachcommander.app", "CFBundleInfoDictionaryVersion"="6.0", "CFBundleName"="PeachCommander", "CFBundleNameLowerCase"="peachcommander", "CFBundleNumericVersion"=402685952, "CFBundlePackageType"="APPL", "CFBundleShortVersionString"="0.9.0", "CFBun<…>
2026-09-14 14:41:43.122 Df PeachCommander[26676:154ec] [com.apple.processmanager:front-35286506] SignalReady: pid=26676 asn=0x0-0x165165
2026-09-14 14:41:43.122 Df PeachCommander[26676:154ec] [com.apple.processmanager:front-35286506] SIGNAL: pid=26676 asn=0x0x-0x165165
2026-09-14 14:41:43.122 I  PeachCommander[26676:154ec] [com.apple.appleevents:main] aeGenerateFakeFirstOAPPEventIfNecessary()
2026-09-14 14:41:43.122 I  PeachCommander[26676:154ec] [com.apple.appleevents:main] aeGenerateFakeFirstOAPPEventIfNecessary(), needToCreateFakeOAPPEventIfFirstEvent == true
2026-09-14 14:41:43.122 I  PeachCommander[26676:154ec] [com.apple.launchservices:cas] Removing cached information for app [ 0x0-0x165165]  "PeachCommander", as its seed is different from that in shared memory ( 533 vs 535)
2026-09-14 14:41:43.123 I  PeachCommander[26676:154ec] [com.apple.CFPasteboard:entry] CopyData('DefaultAsciiKeyboardLayoutPasteboard' (<CFUUID 0xbccc3dfc0> 74E24DB8-DE8B-48D8-AA69-B6F1E32612B3) gen: -1 item: 1264739405 flavor: 'DefaultAsciiKeyboardLayoutFlavor')
2026-09-14 14:41:43.123 I  PeachCommander[26676:154ec] [com.apple.CFPasteboard:cache] Rebuilding cache for 'DefaultAsciiKeyboardLayoutPasteboard' (<CFUUID 0xbccc3dfc0> 74E24DB8-DE8B-48D8-AA69-B6F1E32612B3)
2026-09-14 14:41:43.123 I  PeachCommander[26676:154ec] [com.apple.CFPasteboard:exit] (not-in-cache) - result: -8 generation: 0 null data flags: 0
2026-09-14 14:41:43.123 A  PeachCommander[26676:154ec] (CoreFoundation) Loading Preferences From User CFPrefsD
2026-09-14 14:41:43.123 A  PeachCommander[26676:154ec] (CoreFoundation) Loading Preferences From System CFPrefsD
2026-09-14 14:41:43.124 I  PeachCommander[26676:154ec] [com.apple.CFPasteboard:entry] CopyData('AppleIntlFileCacheModificationDatePasteboard' (<CFUUID 0xbccc3dfe0> 3C944E26-AC09-4F72-A02E-02BC3AA327D2) gen: -1 item: 1 flavor: '-32766 1768845414')
2026-09-14 14:41:43.124 I  PeachCommander[26676:154ec] [com.apple.CFPasteboard:cache] Rebuilding cache for 'AppleIntlFileCacheModificationDatePasteboard' (<CFUUID 0xbccc3dfe0> 3C944E26-AC09-4F72-A02E-02BC3AA327D2)
2026-09-14 14:41:43.124 I  PeachCommander[26676:154ec] [com.apple.CFPasteboard:general] Will request data from daemon
2026-09-14 14:41:43.124 I  PeachCommander[26676:154ec] [com.apple.CFPasteboard:exit] (not-in-cache) - result: 0 generation: 4 data (310 bytes) flags: 0
2026-09-14 14:41:43.124 I  PeachCommander[26676:154ec] [com.apple.CFPasteboard:entry] CopyData('AppleIntlFileCacheModificationDatePasteboard' (<CFUUID 0xbccc3dfe0> 3C944E26-AC09-4F72-A02E-02BC3AA327D2) gen: -1 item: 1 flavor: '-32765 1802264953')
2026-09-14 14:41:43.124 I  PeachCommander[26676:154ec] [com.apple.CFPasteboard:general] Will request data from daemon
2026-09-14 14:41:43.124 I  PeachCommander[26676:154ec] [com.apple.CFPasteboard:exit] (not-in-cache) - result: 0 generation: 4 data (306 bytes) flags: 0
2026-09-14 14:41:43.124 I  PeachCommander[26676:154ec] [com.apple.CFPasteboard:entry] CopyData('AppleIntlFileCacheModificationDatePasteboard' (<CFUUID 0xbccc3dfe0> 3C944E26-AC09-4F72-A02E-02BC3AA327D2) gen: -1 item: 1 flavor: '-32764 1802264953')
2026-09-14 14:41:43.124 I  PeachCommander[26676:154ec] [com.apple.CFPasteboard:general] Will request data from daemon
2026-09-14 14:41:43.124 I  PeachCommander[26676:154ec] [com.apple.CFPasteboard:exit] (not-in-cache) - result: 0 generation: 4 data (281 bytes) flags: 0
2026-09-14 14:41:43.124 I  PeachCommander[26676:154ec] [com.apple.CFPasteboard:entry] CopyData('AppleIntlFileCacheModificationDatePasteboard' (<CFUUID 0xbccc3dfe0> 3C944E26-AC09-4F72-A02E-02BC3AA327D2) gen: -1 item: 1 flavor: '-32763 1802264953')
2026-09-14 14:41:43.124 I  PeachCommander[26676:154ec] [com.apple.CFPasteboard:general] Will request data from daemon
2026-09-14 14:41:43.124 I  PeachCommander[26676:154ec] [com.apple.CFPasteboard:exit] (not-in-cache) - result: 0 generation: 4 data (318 bytes) flags: 0
2026-09-14 14:41:43.124 I  PeachCommander[26676:154ec] [com.apple.CFPasteboard:entry] CopyData('AppleIntlFileCacheModificationDatePasteboard' (<CFUUID 0xbccc3dfe0> 3C944E26-AC09-4F72-A02E-02BC3AA327D2) gen: -1 item: 1 flavor: '-32765 1768845414')
2026-09-14 14:41:43.124 I  PeachCommander[26676:154ec] [com.apple.CFPasteboard:general] Will request data from daemon
2026-09-14 14:41:43.124 I  PeachCommander[26676:154ec] [com.apple.CFPasteboard:exit] (not-in-cache) - result: 0 generation: 4 data (303 bytes) flags: 0
2026-09-14 14:41:43.124 I  PeachCommander[26676:154ec] [com.apple.CFPasteboard:entry] CopyData('AppleIntlFileCacheModificationDatePasteboard' (<CFUUID 0xbccc3dfe0> 3C944E26-AC09-4F72-A02E-02BC3AA327D2) gen: -1 item: 1 flavor: '-32763 1768845414')
2026-09-14 14:41:43.124 I  PeachCommander[26676:154ec] [com.apple.CFPasteboard:general] Will request data from daemon
2026-09-14 14:41:43.124 I  PeachCommander[26676:154ec] [com.apple.CFPasteboard:exit] (not-in-cache) - result: 0 generation: 4 data (315 bytes) flags: 0
2026-09-14 14:41:43.125 I  PeachCommander[26676:154ec] [com.apple.launchservices:cas] information in shared memory for 0x0-0x165165 with seed 535 was still valid, so using cached info { "ApplicationType"="Foreground", "BuildMachineOSBuild"="25E246", "BundleIdentifierLowerCase"="com.peachcommander.app", "CFBundleDevelopmentRegion"="en", "CFBundleDocumentTypes"=( { "CFBundleTypeName"="Peach Commander Plugin Package", "CFBundleTypeRole"="Viewer", "LSHandlerRank"="Owner", "LSItemContentTypes"=( "com.peachcommander.plugin-package") }), "CFBundleExecutable"="PeachCommander", "CFBundleExecutablePath"="/Users/admin/pc-test/PeachCommander.app/Contents/MacOS/PeachCommander", "CFBundleExecutablePathDeviceID"=16777227, "CFBundleExecutablePathINode"=488133, "CFBundleHelpBookFolder"="PeachCommander.help", "CFBundleHelpBookName"="Peach Commander Help", "CFBundleIconFile"="AppIcon", "CFBundleIconName"="AppIcon", "CFBundleIdentifier"="com.peachcommander.app", "CFBundleInfoDictionaryVersion"="6.0", "CFBundleName"="PeachCommander", "CFBundleNameLowerCase"="peachcommander", "CFBundleNumericVersion"=402685952, "CFBundlePackageType"="APPL", "CFBundleShortVersionString"="0.9.0", "CFBun<…>
2026-09-14 14:41:43.125 Df PeachCommander[26676:154ec] [com.apple.xpc:connection] [0xbcd071e00] activating connection: mach=false listener=false peer=false name=com.apple.ViewBridgeAuxiliary
2026-09-14 14:41:43.130 Df PeachCommander[26676:154ec] [com.apple.xpc:connection] [0xbcd071cc0] activating connection: mach=false listener=false peer=false name=(anonymous)
2026-09-14 14:41:43.130 Df PeachCommander[26676:154ec] [com.apple.xpc:connection] [0xbcd071f40] activating connection: mach=false listener=true peer=false name=(anonymous)
2026-09-14 14:41:43.130 Df PeachCommander[26676:154ec] [com.apple.xpc:connection] [0xbcd071f40] Connection returned listener port: 0xb403
2026-09-14 14:41:43.130 Df PeachCommander[26676:154ec] [com.apple.xpc:connection] [0xbcd071e00] invalidated after the last release of the connection object
2026-09-14 14:41:43.131 I  PeachCommander[26676:154ec] [com.apple.showhide:pr-59900543] SHOWHIDE: SHOW id=596 0x0-0x165165, err=0 eventTime=1786791253000 windowID=0
2026-09-14 14:41:43.131 I  PeachCommander[26676:154ec] [com.apple.CarbonCore:coreservicesdaemon] findOrCreateCacheable():findOrCreateCacheable(), factoryName=3 cacheableName=<private> fCacheables.size()=0
2026-09-14 14:41:43.131 I  PeachCommander[26676:154ec] [com.apple.CarbonCore:coreservicesdaemon] findOrCreateCacheable():findOrCreateCacheable(), result = 0xbccedea80 (should be non-NULL)
2026-09-14 14:41:43.131 Df PeachCommander[26676:154ec] [com.apple.AppKit:AutomaticTermination] void _NSDisableAutomaticTerminationAndLog(NSString *) Restoring windows
2026-09-14 14:41:43.131 Df PeachCommander[26676:154ec] [com.apple.AppKit:StateRestoration] -[NSApplication _reopenWindowsAsNecessaryIncludingRestorableState:withFullFidelity:completionHandler:] shouldRestoreState=1 hasPersistentStateToRestore=0 shouldStillRestoreStateAfterPrompting=0
2026-09-14 14:41:43.131 Df PeachCommander[26676:154ec] [com.apple.xpc:connection] [0xbcd071e00] activating connection: mach=true listener=false peer=false name=com.apple.window_proxies
2026-09-14 14:41:43.131 Df PeachCommander[26676:154ec] [com.apple.xpc:connection] [0xbcd071e00] invalidated because the current process cancelled the connection by calling xpc_connection_cancel()
2026-09-14 14:41:43.131 I  PeachCommander[26676:154ec] [com.apple.SkyLight:processes] 0[outside of RPC]: SLSSetFrontProcessWithInfo(0x0-0x2 window=0 options=0x1
2026-09-14 14:41:43.131 I  PeachCommander[26676:154ec] [com.apple.CoreAnalytics:client] Dropping "com.apple.appkit.app_config" as it isn't used in any transform (not in the config or budgeted?)
2026-09-14 14:41:43.131 Df PeachCommander[26676:154ec] [com.apple.AppKit:AutomaticTermination] void _NSEnableAutomaticTerminationAndLog(NSString *) Restoring windows
2026-09-14 14:41:43.133 I  PeachCommander[26676:154ec] [com.apple.CoreAnalytics:client] Dropping "com.apple.appkit.app_config" as it isn't used in any transform (not in the config or budgeted?)
2026-09-14 14:41:43.134 I  PeachCommander[26676:154ec] [com.apple.CoreAnalytics:client] Dropping "com.apple.appkit.app_config" as it isn't used in any transform (not in the config or budgeted?)
2026-09-14 14:41:43.142 A  PeachCommander[26676:154ec] (CoreFoundation) Loading Preferences From User CFPrefsD
2026-09-14 14:41:43.147 I  PeachCommander[26676:154ec] [com.peachcommander:PCFoundation] VolumeManager initialized
2026-09-14 14:41:43.165 Df PeachCommander[26676:154ec] [com.apple.BoardServices:XPCErrors] [C:1] Alloc <private>
2026-09-14 14:41:43.165 Df PeachCommander[26676:154ec] [com.apple.xpc:connection] [0xbcd35d180] activating connection: mach=false listener=false peer=false name=(anonymous)
2026-09-14 14:41:43.167 I  PeachCommander[26676:154ec] [com.apple.AppKit:Window] context (0 -> f9da815f) for window 5a1
2026-09-14 14:41:43.167 Df PeachCommander[26676:154f3] [com.apple.corespotlight:index] (<private>) deleteSearchableItemsWithDomainIdentifiers, protectionClass:(null), domainIdentifiers number:1
2026-09-14 14:41:43.167 A  PeachCommander[26676:154f3] (CoreSpotlight) delete-domains
2026-09-14 14:41:43.167 Df PeachCommander[26676:154f8] [com.apple.corespotlight:index] CSInlineDonation:<private>: Skipping donation (feature flag disabled)
2026-09-14 14:41:43.167 Df PeachCommander[26676:154f8] (CoreSpotlight) sConnectionName: com.apple.spotlight.IndexAgent
2026-09-14 14:41:43.167 Df PeachCommander[26676:154f8] (CoreSpotlight) Start service name com.apple.spotlight.IndexAgent
2026-09-14 14:41:43.167 Df PeachCommander[26676:154f8] [com.apple.xpc:connection] [0xbcd35d400] activating connection: mach=true listener=false peer=false name=com.apple.spotlight.IndexAgent
2026-09-14 14:41:43.167 I  PeachCommander[26676:154ec] [com.peachcommander:PCFoundation] MainWindowController initialized (config: <private>)
2026-09-14 14:41:43.168 I  PeachCommander[26676:154ec] [com.peachcommander:PCFoundation] SelectionState initialized
2026-09-14 14:41:43.168 I  PeachCommander[26676:154ec] [com.peachcommander:PCFoundation] DirectoryModel initialized
2026-09-14 14:41:43.168 I  PeachCommander[26676:154ec] [com.peachcommander:PCFoundation] VolumeManager initialized
2026-09-14 14:41:43.168 I  PeachCommander[26676:154ec] [com.peachcommander:PCFoundation] PanelController initialized for <private> panel
2026-09-14 14:41:43.168 I  PeachCommander[26676:154ec] [com.peachcommander:PCFoundation] SelectionState initialized
2026-09-14 14:41:43.168 I  PeachCommander[26676:154ec] [com.peachcommander:PCFoundation] DirectoryModel initialized
2026-09-14 14:41:43.168 I  PeachCommander[26676:154ec] [com.peachcommander:PCFoundation] VolumeManager initialized
2026-09-14 14:41:43.168 I  PeachCommander[26676:154ec] [com.peachcommander:PCFoundation] PanelController initialized for <private> panel
2026-09-14 14:41:43.172 I  PeachCommander[26676:154ec] [com.apple.AppKit:Animation] Running new animation: <private>
2026-09-14 14:41:43.172 I  PeachCommander[26676:154ec] [com.apple.AppKit:Animation] Running new animation: <private>
2026-09-14 14:41:43.172 I  PeachCommander[26676:154ec] [com.apple.AppKit:Animation] Running new animation: <private>
2026-09-14 14:41:43.172 I  PeachCommander[26676:154ec] [com.apple.AppKit:Animation] Running new animation: <private>
2026-09-14 14:41:43.172 I  PeachCommander[26676:154ec] [com.apple.AppKit:Animation] Running new animation: <private>
2026-09-14 14:41:43.175 I  PeachCommander[26676:154ec] [com.apple.AppKit:Animation] Running new animation: <private>
2026-09-14 14:41:43.175 I  PeachCommander[26676:154ec] [com.apple.AppKit:Animation] Running new animation: <private>
2026-09-14 14:41:43.175 I  PeachCommander[26676:154ec] [com.apple.AppKit:Animation] Running new animation: <private>
2026-09-14 14:41:43.175 I  PeachCommander[26676:154ec] [com.apple.AppKit:Animation] Running new animation: <private>
2026-09-14 14:41:43.175 I  PeachCommander[26676:154ec] [com.apple.AppKit:Animation] Running new animation: <private>
2026-09-14 14:41:43.178 A  PeachCommander[26676:154f3] (RunningBoardServices) didChangeInheritances
2026-09-14 14:41:43.181 I  PeachCommander[26676:154ec] [com.apple.CoreAnalytics:client] Dropping "com.apple.appkit.app_config" as it isn't used in any transform (not in the config or budgeted?)
2026-09-14 14:41:43.182 I  PeachCommander[26676:154ec] [com.apple.CoreAnalytics:client] Dropping "com.apple.appkit.app_config" as it isn't used in any transform (not in the config or budgeted?)
2026-09-14 14:41:43.185 I  PeachCommander[26676:154ec] [com.apple.launchservices:datasep] application record search init. Node: <FSNode 0xbcd4eeba0> { isDir = ?, path = <private> } bundleID: (null) itemID: 0
2026-09-14 14:41:43.187 I  PeachCommander[26676:154ec] [com.apple.GenerativeModels:availability] Current availability state: unavailable, use cases: com.apple.Settings.AppleIntelligence,com.apple.Siri.NLRouter, language: en, api: <private>
2026-09-14 14:41:43.187 Df PeachCommander[26676:154ec] [com.apple.GenerativeModels:availability] isOkayToHaveAsset: False
2026-09-14 14:41:43.187 E  PeachCommander[26676:154ec] [com.apple.siri:Utility] AFIsDeviceGreymatterEligible Missing entitlements for os_eligibility lookup
2026-09-14 14:41:43.187 I  PeachCommander[26676:154ec] [com.apple.GenerativeModels:availability] Current availability state: unavailable, use cases: com.apple.Settings.AppleIntelligence, language: en, api: <private>
2026-09-14 14:41:43.187 Df PeachCommander[26676:154ec] [com.apple.GenerativeModels:availability] isOkayToHaveAsset: False
2026-09-14 14:41:43.187 Df PeachCommander[26676:154ec] [com.apple.siri:Utility] -[AFSystemAssistantExperienceStatusManager fetchGenerativeModelsAvailability] #SAEStatus #cacheUpdate Updating cache:
deviceSupportsSAE: 0 (0)
       saeEnabled: 0 (0)
     saeAvailable: 0 (0)
      swaiEnabled: 0 (0)
        viEnabled: 0 (0)
        siriAvailability:
        <private>
        ((null))
2026-09-14 14:41:43.187 Df PeachCommander[26676:154ec] [com.apple.xpc:connection] [0xbcd538140] activating connection: mach=true listener=false peer=false name=com.apple.iconservices
2026-09-14 14:41:43.187 Df PeachCommander[26676:154ec] [com.apple.xpc:connection] [0xbcd538280] activating connection: mach=true listener=false peer=false name=com.apple.iconservices.store
2026-09-14 14:41:43.193 I  PeachCommander[26676:154ec] [com.peachcommander:Theme] no user themes in /Users/admin/pc-cfg/themes
2026-09-14 14:41:43.193 Df PeachCommander[26676:154ec] [com.apple.AppKit:Appearance] Invalidate NSApp effectiveAppearance
2026-09-14 14:41:43.193 Df PeachCommander[26676:154ec] [com.apple.AppKit:Appearance] NSApp cache appearance:
-NSRequiresAquaSystemAppearance: 0
-appearance: (null)
-effectiveAppearance: <NSCompositeAppearance: 0xbccc60640
 (
    "<NSAquaAppearance: 0xbccc60500>",
    "<NSSystemAppearance: 0xbccc60780>"
)>
2026-09-14 14:41:43.193 A  PeachCommander[26676:154f4] (libsystem_info.dylib) Retrieve Group by ID
2026-09-14 14:41:43.194 I  PeachCommander[26676:154ec] [com.peachcommander:PCFoundation] Theme applied: id=system, appearance=system, dark=false, background=#FFFFFF
2026-09-14 14:41:43.216 I  PeachCommander[26676:154ec] [com.apple.iconservices:foundation] layer data size zero
2026-09-14 14:41:43.216 I  PeachCommander[26676:154ec] [com.apple.CoreAnalytics:client] Dropping "com.apple.appkit.app_config" as it isn't used in any transform (not in the config or budgeted?)
2026-09-14 14:41:43.220 I  PeachCommander[26676:154ec] [com.peachcommander:PCFoundation] Keymap loaded: scheme=<private>, 82 effective bindings
2026-09-14 14:41:43.220 I  PeachCommander[26676:154ec] [com.apple.AppKit:Animation] Running new animation: <private>
2026-09-14 14:41:43.221 I  PeachCommander[26676:154ec] [com.apple.AppKit:Animation] Running new animation: <private>
2026-09-14 14:41:43.221 I  PeachCommander[26676:154ec] [com.apple.AppKit:Animation] Running new animation: <private>
2026-09-14 14:41:43.221 I  PeachCommander[26676:154ec] [com.apple.AppKit:Animation] Running new animation: <private>
2026-09-14 14:41:43.221 I  PeachCommander[26676:154ec] [com.apple.AppKit:Animation] Running new animation: <private>
2026-09-14 14:41:43.221 I  PeachCommander[26676:154ec] [com.apple.AppKit:Animation] Running new animation: <private>
2026-09-14 14:41:43.221 I  PeachCommander[26676:154ec] [com.apple.AppKit:Animation] Running new animation: <private>
2026-09-14 14:41:43.221 I  PeachCommander[26676:154ec] [com.apple.AppKit:Animation] Running new animation: <private>
2026-09-14 14:41:43.221 I  PeachCommander[26676:154ec] [com.apple.AppKit:Animation] Running new animation: <private>
2026-09-14 14:41:43.221 I  PeachCommander[26676:154ec] [com.apple.AppKit:Animation] Running new animation: <private>
2026-09-14 14:41:43.225 I  PeachCommander[26676:154ec] [com.apple.CoreAnalytics:client] Dropping "<private>" as it isn't used in any transform (not in the config or budgeted?)
2026-09-14 14:41:43.225 I  PeachCommander[26676:154ec] [com.apple.CoreAnalytics:client] Dropping "<private>" as it isn't used in any transform (not in the config or budgeted?)
2026-09-14 14:41:43.225 I  PeachCommander[26676:154ec] [com.apple.CoreAnalytics:client] Dropping "<private>" as it isn't used in any transform (not in the config or budgeted?)
2026-09-14 14:41:43.226 I  PeachCommander[26676:154ec] [com.peachcommander:PCFoundation] MainWindowController window loaded
2026-09-14 14:41:43.226 I  PeachCommander[26676:154ec] [com.apple.launchservices:cas] information in shared memory for 0x0-0x165165 with seed 535 was still valid, so using cached info { "ApplicationType"="Foreground", "BuildMachineOSBuild"="25E246", "BundleIdentifierLowerCase"="com.peachcommander.app", "CFBundleDevelopmentRegion"="en", "CFBundleDocumentTypes"=( { "CFBundleTypeName"="Peach Commander Plugin Package", "CFBundleTypeRole"="Viewer", "LSHandlerRank"="Owner", "LSItemContentTypes"=( "com.peachcommander.plugin-package") }), "CFBundleExecutable"="PeachCommander", "CFBundleExecutablePath"="/Users/admin/pc-test/PeachCommander.app/Contents/MacOS/PeachCommander", "CFBundleExecutablePathDeviceID"=16777227, "CFBundleExecutablePathINode"=488133, "CFBundleHelpBookFolder"="PeachCommander.help", "CFBundleHelpBookName"="Peach Commander Help", "CFBundleIconFile"="AppIcon", "CFBundleIconName"="AppIcon", "CFBundleIdentifier"="com.peachcommander.app", "CFBundleInfoDictionaryVersion"="6.0", "CFBundleName"="PeachCommander", "CFBundleNameLowerCase"="peachcommander", "CFBundleNumericVersion"=402685952, "CFBundlePackageType"="APPL", "CFBundleShortVersionString"="0.9.0", "CFBun<…>
2026-09-14 14:41:43.226 I  PeachCommander[26676:154ec] [com.apple.launchservices:cas] information in shared memory for 0x0-0x165165 with seed 535 was still valid, so using cached info { "ApplicationType"="Foreground", "BuildMachineOSBuild"="25E246", "BundleIdentifierLowerCase"="com.peachcommander.app", "CFBundleDevelopmentRegion"="en", "CFBundleDocumentTypes"=( { "CFBundleTypeName"="Peach Commander Plugin Package", "CFBundleTypeRole"="Viewer", "LSHandlerRank"="Owner", "LSItemContentTypes"=( "com.peachcommander.plugin-package") }), "CFBundleExecutable"="PeachCommander", "CFBundleExecutablePath"="/Users/admin/pc-test/PeachCommander.app/Contents/MacOS/PeachCommander", "CFBundleExecutablePathDeviceID"=16777227, "CFBundleExecutablePathINode"=488133, "CFBundleHelpBookFolder"="PeachCommander.help", "CFBundleHelpBookName"="Peach Commander Help", "CFBundleIconFile"="AppIcon", "CFBundleIconName"="AppIcon", "CFBundleIdentifier"="com.peachcommander.app", "CFBundleInfoDictionaryVersion"="6.0", "CFBundleName"="PeachCommander", "CFBundleNameLowerCase"="peachcommander", "CFBundleNumericVersion"=402685952, "CFBundlePackageType"="APPL", "CFBundleShortVersionString"="0.9.0", "CFBun<…>
2026-09-14 14:41:43.234 I  PeachCommander[26676:154ec] [com.apple.AppKit:Window] order window front conditionally: 5a1 related: 0
2026-09-14 14:41:43.234 Df PeachCommander[26676:154ec] [com.apple.AppKit:AutomaticTermination] void _NSEnableAutomaticTerminationAndLog(NSString *) No windows open yet
2026-09-14 14:41:43.234 I  PeachCommander[26676:154ec] [com.apple.AppKit:Intelligence] starting collection observation
2026-09-14 14:41:43.234 Df PeachCommander[26676:154f3] [com.apple.UIIntelligenceSupport:xpc] establishing connection to agent
2026-09-14 14:41:43.234 Df PeachCommander[26676:154f3] [com.apple.xpc:session] [0xbcc1f5130] Session created.
2026-09-14 14:41:43.234 Df PeachCommander[26676:154f3] [com.apple.xpc:session] [0xbcc1f5130] Session created from connection [0xbcd53a300]
2026-09-14 14:41:43.234 Df PeachCommander[26676:154f3] [com.apple.xpc:connection] [0xbcd53a300] activating connection: mach=true listener=false peer=false name=com.apple.uiintelligencesupport.agent
2026-09-14 14:41:43.234 Df PeachCommander[26676:154f3] [com.apple.xpc:session] [0xbcc1f5130] Session activated
2026-09-14 14:41:43.234 I  PeachCommander[26676:154ec] [com.apple.SkyLight:processes] 0[outside of RPC]: SLSSetFrontProcessWithInfo(0x0-0x2 window=0 options=0x1
2026-09-14 14:41:43.235 Df PeachCommander[26676:154f8] [com.apple.UIIntelligenceSupport:xpc] Connection established with agent PID: 1205
2026-09-14 14:41:43.235 I  PeachCommander[26676:154ec] [com.apple.launchservices:cas] information in shared memory for 0x0-0x165165 with seed 535 was still valid, so using cached info { "ApplicationType"="Foreground", "BuildMachineOSBuild"="25E246", "BundleIdentifierLowerCase"="com.peachcommander.app", "CFBundleDevelopmentRegion"="en", "CFBundleDocumentTypes"=( { "CFBundleTypeName"="Peach Commander Plugin Package", "CFBundleTypeRole"="Viewer", "LSHandlerRank"="Owner", "LSItemContentTypes"=( "com.peachcommander.plugin-package") }), "CFBundleExecutable"="PeachCommander", "CFBundleExecutablePath"="/Users/admin/pc-test/PeachCommander.app/Contents/MacOS/PeachCommander", "CFBundleExecutablePathDeviceID"=16777227, "CFBundleExecutablePathINode"=488133, "CFBundleHelpBookFolder"="PeachCommander.help", "CFBundleHelpBookName"="Peach Commander Help", "CFBundleIconFile"="AppIcon", "CFBundleIconName"="AppIcon", "CFBundleIdentifier"="com.peachcommander.app", "CFBundleInfoDictionaryVersion"="6.0", "CFBundleName"="PeachCommander", "CFBundleNameLowerCase"="peachcommander", "CFBundleNumericVersion"=402685952, "CFBundlePackageType"="APPL", "CFBundleShortVersionString"="0.9.0", "CFBun<…>
2026-09-14 14:41:43.235 Df PeachCommander[26676:154ec] [com.apple.xpc:connection] [0xbcd53a440] activating connection: mach=true listener=false peer=false name=com.apple.FileCoordination
2026-09-14 14:41:43.235 Df PeachCommander[26676:154f8] [com.apple.foundation.filecoordination:presenter] Adding presenter 848E0A5A-23B7-4ABE-AF92-A9D005502ADA for URL: <private>
2026-09-14 14:41:43.235 I  PeachCommander[26676:154ec] [com.apple.launchservices:cas] information in shared memory for 0x0-0x165165 with seed 535 was still valid, so using cached info { "ApplicationType"="Foreground", "BuildMachineOSBuild"="25E246", "BundleIdentifierLowerCase"="com.peachcommander.app", "CFBundleDevelopmentRegion"="en", "CFBundleDocumentTypes"=( { "CFBundleTypeName"="Peach Commander Plugin Package", "CFBundleTypeRole"="Viewer", "LSHandlerRank"="Owner", "LSItemContentTypes"=( "com.peachcommander.plugin-package") }), "CFBundleExecutable"="PeachCommander", "CFBundleExecutablePath"="/Users/admin/pc-test/PeachCommander.app/Contents/MacOS/PeachCommander", "CFBundleExecutablePathDeviceID"=16777227, "CFBundleExecutablePathINode"=488133, "CFBundleHelpBookFolder"="PeachCommander.help", "CFBundleHelpBookName"="Peach Commander Help", "CFBundleIconFile"="AppIcon", "CFBundleIconName"="AppIcon", "CFBundleIdentifier"="com.peachcommander.app", "CFBundleInfoDictionaryVersion"="6.0", "CFBundleName"="PeachCommander", "CFBundleNameLowerCase"="peachcommander", "CFBundleNumericVersion"=402685952, "CFBundlePackageType"="APPL", "CFBundleShortVersionString"="0.9.0", "CFBun<…>
2026-09-14 14:41:43.239 I  PeachCommander[26676:154ec] [com.apple.AppKit:Window] order all windows front 1786791253000
2026-09-14 14:41:43.239 I  PeachCommander[26676:154ec] [com.apple.launchservices:cas] information in shared memory for 0x0-0x165165 with seed 535 was still valid, so using cached info { "ApplicationType"="Foreground", "BuildMachineOSBuild"="25E246", "BundleIdentifierLowerCase"="com.peachcommander.app", "CFBundleDevelopmentRegion"="en", "CFBundleDocumentTypes"=( { "CFBundleTypeName"="Peach Commander Plugin Package", "CFBundleTypeRole"="Viewer", "LSHandlerRank"="Owner", "LSItemContentTypes"=( "com.peachcommander.plugin-package") }), "CFBundleExecutable"="PeachCommander", "CFBundleExecutablePath"="/Users/admin/pc-test/PeachCommander.app/Contents/MacOS/PeachCommander", "CFBundleExecutablePathDeviceID"=16777227, "CFBundleExecutablePathINode"=488133, "CFBundleHelpBookFolder"="PeachCommander.help", "CFBundleHelpBookName"="Peach Commander Help", "CFBundleIconFile"="AppIcon", "CFBundleIconName"="AppIcon", "CFBundleIdentifier"="com.peachcommander.app", "CFBundleInfoDictionaryVersion"="6.0", "CFBundleName"="PeachCommander", "CFBundleNameLowerCase"="peachcommander", "CFBundleNumericVersion"=402685952, "CFBundlePackageType"="APPL", "CFBundleShortVersionString"="0.9.0", "CFBun<…>
2026-09-14 14:41:43.239 I  PeachCommander[26676:154ec] [com.apple.showhide:pr-59900543] SHOWHIDE: CONFIRM, id=596, err=0
2026-09-14 14:41:43.239 I  PeachCommander[26676:154ec] [com.apple.AppKit:Window] context (0 -> d72fb600) for window 5a0
2026-09-14 14:41:43.239 I  PeachCommander[26676:154ec] [com.apple.AppKit:Window] context (0 -> 35bf93e0) for window 59f
2026-09-14 14:41:43.239 I  PeachCommander[26676:154ec] [com.apple.AppKit:Window] context (0 -> c6709797) for window 59e
2026-09-14 14:41:43.239 I  PeachCommander[26676:154ec] [com.apple.AppKit:Window] context (0 -> 3d3bd922) for window 59d
2026-09-14 14:41:43.265 Df PeachCommander[26676:154ec] [com.apple.AppKit:AutomaticTermination] void _updateToReflectAutomaticTerminationState(void) Setting _kLSApplicationWouldBeTerminatedByTALKey=0
2026-09-14 14:41:43.265 I  PeachCommander[26676:154ec] [com.apple.runningboard:assertion] Acquiring assertion: <RBSAssertionDescriptor| "AppNap adapter assertion" ID:(null) target:26676>
2026-09-14 14:41:43.298 A  PeachCommander[26676:154f3] (RunningBoardServices) didChangeInheritances
2026-09-14 14:41:43.328 Df PeachCommander[26676:154ec] [com.apple.libsystem.libdispatch:] DEPRECATED USE in libdispatch client: dispatch source activated with no event handler set; set a breakpoint on _dispatch_bug_deprecated to debug
2026-09-14 14:41:43.407 I  PeachCommander[26676:154ec] [com.apple.CarbonCore:gestalt] SetGestaltValuesBulk SetGestaltValuesBulk( count=22 tuples=0x18552e650
2026-09-14 14:41:43.407 I  PeachCommander[26676:154ec] [com.apple.CarbonCore:gestalt] SetGestaltValue SetGestaltValue(alis 1C9) => 0
2026-09-14 14:41:43.407 I  PeachCommander[26676:154ec] [com.apple.CarbonCore:gestalt] SetGestaltValue SetGestaltValue(os   FE) => 0
2026-09-14 14:41:43.407 I  PeachCommander[26676:154ec] [com.apple.CarbonCore:gestalt] SetGestaltValue SetGestaltValue(addr 7) => 0
2026-09-14 14:41:43.407 I  PeachCommander[26676:154ec] [com.apple.CarbonCore:gestalt] SetGestaltValue SetGestaltValue(fs   3D332) => 0
2026-09-14 14:41:43.407 I  PeachCommander[26676:154ec] [com.apple.CarbonCore:gestalt] SetGestaltValue SetGestaltValue(fold 11) => 0
2026-09-14 14:41:43.407 I  PeachCommander[26676:154ec] [com.apple.CarbonCore:gestalt] SetGestaltValue SetGestaltValue(lram 7FFFF000) => 0
2026-09-14 14:41:43.407 I  PeachCommander[26676:154ec] [com.apple.CarbonCore:gestalt] SetGestaltValue SetGestaltValue(mmap 1) => 0
2026-09-14 14:41:43.407 I  PeachCommander[26676:154ec] [com.apple.CarbonCore:gestalt] SetGestaltValue SetGestaltValue(cfrg 1) => 0
2026-09-14 14:41:43.407 I  PeachCommander[26676:154ec] [com.apple.CarbonCore:gestalt] SetGestaltValue SetGestaltValue(thds 7) => 0
2026-09-14 14:41:43.407 I  PeachCommander[26676:154ec] [com.apple.CarbonCore:gestalt] SetGestaltValue SetGestaltValue(tmgr E) => 0
2026-09-14 14:41:43.407 I  PeachCommander[26676:154ec] [com.apple.CarbonCore:gestalt] SetGestaltValue SetGestaltValue(vers 7) => 0
2026-09-14 14:41:43.407 I  PeachCommander[26676:154ec] [com.apple.CarbonCore:gestalt] SetGestaltValue SetGestaltValue(cbon 160) => 0
2026-09-14 14:41:43.407 I  PeachCommander[26676:154ec] [com.apple.CarbonCore:gestalt] SetGestaltValue SetGestaltValue(cltn 1108000) => 0
2026-09-14 14:41:43.407 I  PeachCommander[26676:154ec] [com.apple.CarbonCore:gestalt] SetGestaltValue SetGestaltValue(cpnt 8) => 0
2026-09-14 14:41:43.407 I  PeachCommander[26676:154ec] [com.apple.CarbonCore:gestalt] SetGestaltValue SetGestaltValue(rsrc 3) => 0
2026-09-14 14:41:43.407 I  PeachCommander[26676:154ec] [com.apple.CarbonCore:gestalt] SetGestaltValue SetGestaltValue(rmbg 11F) => 0
2026-09-14 14:41:43.407 I  PeachCommander[26676:154ec] [com.apple.CarbonCore:gestalt] SetGestaltValue SetGestaltValue(vm   11) => 0
2026-09-14 14:41:43.407 I  PeachCommander[26676:154ec] [com.apple.CarbonCore:gestalt] SetGestaltValue SetGestaltValue(srad 4170706C) => 0
2026-09-14 14:41:43.407 I  PeachCommander[26676:154ec] [com.apple.CarbonCore:gestalt] SetGestaltValue SetGestaltValue(sysa 14) => 0
2026-09-14 14:41:43.407 I  PeachCommander[26676:154ec] [com.apple.CarbonCore:gestalt] SetGestaltValue SetGestaltValue(copl 9) => 0
2026-09-14 14:41:43.407 I  PeachCommander[26676:154ec] [com.apple.CarbonCore:gestalt] SetGestaltValue SetGestaltValue(xlat 0) => 0
2026-09-14 14:41:43.407 I  PeachCommander[26676:154ec] [com.apple.CarbonCore:gestalt] SetGestaltValue SetGestaltValue(stdf 0) => 0
2026-09-14 14:41:43.407 I  PeachCommander[26676:154ec] [com.apple.CarbonCore:gestalt] _NewGestalt _NewGestalt(ram  0x1854a7644) => 0
2026-09-14 14:41:43.407 I  PeachCommander[26676:154ec] [com.apple.CarbonCore:gestalt] _NewGestalt _NewGestalt(ramm 0x1854a7644) => 0
2026-09-14 14:41:43.407 I  PeachCommander[26676:154ec] [com.apple.CarbonCore:gestalt] _NewGestalt _NewGestalt(cput 0x1854a7734) => 0
2026-09-14 14:41:43.407 I  PeachCommander[26676:154ec] [com.apple.CarbonCore:gestalt] _NewGestalt _NewGestalt(cpuf 0x1854a7764) => 0
2026-09-14 14:41:43.407 I  PeachCommander[26676:154ec] [com.apple.CarbonCore:gestalt] _NewGestalt _NewGestalt(bclk 0x1854a7794) => 0
2026-09-14 14:41:43.407 I  PeachCommander[26676:154ec] [com.apple.CarbonCore:gestalt] _NewGestalt _NewGestalt(bclm 0x1854a7794) => 0
2026-09-14 14:41:43.407 I  PeachCommander[26676:154ec] [com.apple.CarbonCore:gestalt] _NewGestalt _NewGestalt(pclk 0x1854a7834) => 0
2026-09-14 14:41:43.407 I  PeachCommander[26676:154ec] [com.apple.CarbonCore:gestalt] _NewGestalt _NewGestalt(mclk 0x1854a7834) => 0
2026-09-14 14:41:43.407 I  PeachCommander[26676:154ec] [com.apple.CarbonCore:gestalt] _NewGestalt _NewGestalt(a/ux 0x1854a794c) => 0
2026-09-14 14:41:43.407 I  PeachCommander[26676:154ec] [com.apple.CarbonCore:gestalt] _NewGestalt _NewGestalt(pgsz 0x1854a7954) => 0
2026-09-14 14:41:43.407 I  PeachCommander[26676:154ec] [com.apple.CarbonCore:gestalt] _NewGestalt _NewGestalt(csiz 0x1854a7994) => 0
2026-09-14 14:41:43.407 I  PeachCommander[26676:154ec] [com.apple.CarbonCore:gestalt] _NewGestalt _NewGestalt(sysv 0x185452dfc) => 0
2026-09-14 14:41:43.407 I  PeachCommander[26676:154ec] [com.apple.CarbonCore:gestalt] _NewGestalt _NewGestalt(sys1 0x185452dfc) => 0
2026-09-14 14:41:43.407 I  PeachCommander[26676:154ec] [com.apple.CarbonCore:gestalt] _NewGestalt _NewGestalt(sys2 0x185452dfc) => 0
2026-09-14 14:41:43.407 I  PeachCommander[26676:154ec] [com.apple.CarbonCore:gestalt] _NewGestalt _NewGestalt(sys3 0x185452dfc) => 0
2026-09-14 14:41:43.407 I  PeachCommander[26676:154ec] [com.apple.CarbonCore:gestalt] _NewGestalt _NewGestalt(cdfl 0x1854a79d4) => 0
2026-09-14 14:41:43.407 I  PeachCommander[26676:154ec] [com.apple.CarbonCore:gestalt] _NewGestalt _NewGestalt(cdrm 0x1854a7c30) => 0
2026-09-14 14:41:43.407 I  PeachCommander[26676:154ec] [com.apple.CarbonCore:gestalt] _NewGestalt _NewGestalt(cpus 0x1854a7c78) => 0
2026-09-14 14:41:43.407 I  PeachCommander[26676:154ec] [com.apple.CarbonCore:gestalt] SetGestaltValue SetGestaltValue(swex 1) => 0
2026-09-14 14:41:43.408 Df PeachCommander[26676:154ec] [com.apple.xpc:connection] [0xbcd53bac0] activating connection: mach=false listener=false peer=false name=com.apple.hiservices-xpcservice
2026-09-14 14:41:43.408 I  PeachCommander[26676:154ec] [com.apple.CFPasteboard:entry] CopyData('ApplePerContextInputPasteboard' (<CFUUID 0xbcb898780> 1FFAE85E-647E-4C82-8C0F-CB2EEE313F76) gen: -1 item: 1264739405 flavor: 'ApplePerContextInputFlavor')
2026-09-14 14:41:43.408 I  PeachCommander[26676:154ec] [com.apple.CFPasteboard:cache] Rebuilding cache for 'ApplePerContextInputPasteboard' (<CFUUID 0xbcb898780> 1FFAE85E-647E-4C82-8C0F-CB2EEE313F76)
2026-09-14 14:41:43.408 I  PeachCommander[26676:154ec] [com.apple.CFPasteboard:general] Will request data from daemon
2026-09-14 14:41:43.409 I  PeachCommander[26676:154ec] [com.apple.CFPasteboard:exit] (not-in-cache) - result: 0 generation: 1 data (182 bytes) flags: 0
2026-09-14 14:41:43.409 I  PeachCommander[26676:154ec] [com.apple.CFPasteboard:entry] CopyData('DefaultAsciiKeyboardLayoutPasteboard' (<CFUUID 0xbccc3dfc0> 74E24DB8-DE8B-48D8-AA69-B6F1E32612B3) gen: -1 item: 1264739405 flavor: 'DefaultAsciiKeyboardLayoutFlavor')
2026-09-14 14:41:43.409 I  PeachCommander[26676:154ec] [com.apple.CFPasteboard:exit] (not-in-cache) - result: -8 generation: 0 null data flags: 0
2026-09-14 14:41:43.410 I  PeachCommander[26676:154ec] [com.apple.AppKit:Window] context (0 -> 3448824a) for window 5a2
2026-09-14 14:41:43.411 Df PeachCommander[26676:154ec] [com.apple.inputmethodkitClient:Client] +[IMKClient subclass]: chose IMKClient_Modern
2026-09-14 14:41:43.411 Df PeachCommander[26676:154ec] [com.apple.BoardServices:XPCErrors] [C:2] Alloc com.apple.backboard.hid-services.xpc
2026-09-14 14:41:43.411 Df PeachCommander[26676:154ec] [com.apple.xpc:connection] [0xbcd53bc00] activating connection: mach=false listener=false peer=false name=(anonymous)
2026-09-14 14:41:43.411 E  PeachCommander[26676:154f3] [com.apple.BaseBoard:Common] Unable to obtain a task name port right for pid 165: (os/kern) failure (0x5)
2026-09-14 14:41:43.411 Df PeachCommander[26676:154f3] [com.apple.xpc:connection] [0xbcd53bd40] activating connection: mach=false listener=false peer=false name=com.apple.TextInputUI.xpc.CursorUIViewService
2026-09-14 14:41:43.411 Df PeachCommander[26676:154fb] [com.apple.xpc:connection] [0xbcd53bd40] invalidated after the last release of the connection object
2026-09-14 14:41:43.412 I  PeachCommander[26676:154ec] [com.apple.CFPasteboard:entry] CopyData('DefaultAsciiKeyboardLayoutPasteboard' (<CFUUID 0xbccc3dfc0> 74E24DB8-DE8B-48D8-AA69-B6F1E32612B3) gen: -1 item: 1264739405 flavor: 'DefaultAsciiKeyboardLayoutFlavor')
2026-09-14 14:41:43.412 I  PeachCommander[26676:154ec] [com.apple.CFPasteboard:exit] (not-in-cache) - result: -8 generation: 0 null data flags: 0
2026-09-14 14:41:43.412 Df PeachCommander[26676:154ec] [com.apple.xpc:connection] [0xbcd53b840] activating connection: mach=false listener=false peer=false name=(anonymous)
2026-09-14 14:41:43.412 Df PeachCommander[26676:154ec] [com.apple.xpc:connection] [0xbcd53bd40] activating connection: mach=false listener=false peer=false name=com.apple.ViewBridgeAuxiliary
2026-09-14 14:41:43.412 Df PeachCommander[26676:154ec] [com.apple.xpc:connection] [0xbcd53a940] activating connection: mach=false listener=false peer=false name=(anonymous)
2026-09-14 14:41:43.412 Df PeachCommander[26676:154ec] [com.apple.xpc:connection] [0xbcd53bd40] invalidated after the last release of the connection object
2026-09-14 14:41:43.439 I  PeachCommander[26676:154ec] [com.apple.coreanimation:Utilities] IOSurface Compression Enabled: NO
2026-09-14 14:41:43.440 Df PeachCommander[26676:154f3] [com.apple.coreanimation:Metal] Precompiled pipelines disabled on unsupported hardware.
2026-09-14 14:41:43.445 Df PeachCommander[26676:154ec] [com.apple.TextInputUI:CursorUI] -[TUINSCursorUIController activate:]_block_invoke: Create CursorUIViewService: TUINSRemoteViewController
2026-09-14 14:41:43.445 I  PeachCommander[26676:154ec] [com.apple.AppKit:Window] window <TUINSWindow: 0xbcc3ec280> windowNumber=5a2 finishing close
2026-09-14 14:41:43.445 I  PeachCommander[26676:154ec] [com.apple.AppKit:Window] order window: 5a2 op: 0 relative: 0 related: 0
2026-09-14 14:41:43.449 A  PeachCommander[26676:154fb] (CoreFoundation) Loading Preferences From System CFPrefsD
2026-09-14 14:41:43.490 I  PeachCommander[26676:154ec] [com.apple.iconservices:foundation] layer data size zero
2026-09-14 14:41:43.491 A  PeachCommander[26676:154ec] (CoreFoundation) Loading Preferences From User CFPrefsD
2026-09-14 14:41:43.491 I  PeachCommander[26676:154ec] [com.apple.CoreAnalytics:client] Dropping "com.apple.ImageIO.readerSelection" as it isn't used in any transform (not in the config or budgeted?)
2026-09-14 14:41:43.560 I  PeachCommander[26676:154ec] [com.apple.CoreAnalytics:client] Dropping "com.apple.appkit.app_config" as it isn't used in any transform (not in the config or budgeted?)
2026-09-14 14:41:43.560 I  PeachCommander[26676:154ec] [com.apple.SafariPlatformSupport:SafariPlatformSupport] -[SFSafariPlatformSupport credentialSelected:] with nil credential
2026-09-14 14:41:43.560 I  PeachCommander[26676:154ec] [com.apple.SafariPlatformSupport:SafariPlatformSupport] -[SFSafariPlatformSupport oneTimeCodeSelected:] with nil code
2026-09-14 14:41:43.670 I  PeachCommander[26676:15501] [com.apple.AppKit:WindowTab] Indexing 1 items
2026-09-14 14:41:43.670 A  PeachCommander[26676:15501] (CoreSpotlight) end-index-batch
2026-09-14 14:41:43.670 Df PeachCommander[26676:15501] [com.apple.corespotlight:index] *warn* MailCS ======%%% _setMailMessageAttributes skip:1
2026-09-14 14:41:43.671 A  PeachCommander[26676:15501] (CoreSpotlight) index-items
2026-09-14 14:41:43.671 Df PeachCommander[26676:15501] [com.apple.corespotlight:index] CSInlineDonation:<private>: Skipping donation (feature flag disabled)
2026-09-14 14:41:43.671 Df PeachCommander[26676:15501] [com.apple.corespotlight:index] CSInlineDonation:<private>: Skipping donation (feature flag disabled)
2026-09-14 14:41:43.789 I  PeachCommander[26676:154ec] [com.apple.HIToolbox:MBDisplays] <private>
2026-09-14 14:41:43.789 I  PeachCommander[26676:154ec] [com.apple.HIToolbox:MBDisplays] <private>
2026-09-14 14:41:43.790 Df PeachCommander[26676:154f8] [com.apple.xpc:connection] [0xbcd53a1c0] activating connection: mach=false listener=false peer=false name=com.apple.SafariPlatformSupport.Helper
2026-09-14 14:41:43.831 Df PeachCommander[26676:154ec] [com.apple.BoardServices:XPCErrors] [C:3] Alloc com.apple.backboard.hid-services.xpc
2026-09-14 14:41:43.831 Df PeachCommander[26676:154ec] [com.apple.xpc:connection] [0xbcd539cc0] activating connection: mach=false listener=false peer=false name=(anonymous)
2026-09-14 14:41:43.832 Df PeachCommander[26676:154f4] [com.apple.BackBoard:EventDelivery] BKSHIDEventDeliveryManager - connection activation
2026-09-14 14:41:43.847 I  PeachCommander[26676:154ec] [com.apple.launchservices:cas] Removing cached information for app [ 0x0-0x165165]  "PeachCommander", as its seed is different from that in shared memory ( 535 vs 537)
2026-09-14 14:41:43.847 I  PeachCommander[26676:154ec] [com.peachcommander:PCFoundation] Session restored
2026-09-14 14:41:43.848 Df PeachCommander[26676:154ec] (Foundation) <private>
2026-09-14 14:41:43.848 I  PeachCommander[26676:154ec] [com.peachcommander:PCFoundation] [automation] running /Users/admin/auto.txt
2026-09-14 14:41:43.848 Df PeachCommander[26676:154ec] (Foundation) <private>
2026-09-14 14:41:43.848 I  PeachCommander[26676:154ec] [com.peachcommander:PCFoundation] [automation] > active left
2026-09-14 14:41:43.848 Df PeachCommander[26676:154ec] (Foundation) <private>
2026-09-14 14:41:43.848 I  PeachCommander[26676:154ec] [com.peachcommander:PCFoundation] [automation] > left /Users/admin/pc-demo
2026-09-14 14:41:43.849 Df PeachCommander[26676:154fb] [com.apple.xpc:connection] [0xbcd53a1c0] invalidated after the last release of the connection object
2026-09-14 14:41:43.849 Df PeachCommander[26676:154ec] [com.apple.xpc:connection] [0xbcd539f40] activating connection: mach=false listener=false peer=false name=(anonymous)
2026-09-14 14:41:43.849 Df PeachCommander[26676:154ec] [com.apple.xpc:connection] [0xbcd53a1c0] activating connection: mach=false listener=false peer=false name=(anonymous)
2026-09-14 14:41:43.911 Df PeachCommander[26676:154ec] (Foundation) <private>
2026-09-14 14:41:43.911 I  PeachCommander[26676:154ec] [com.peachcommander:PCFoundation] [automation] > wait 1200
2026-09-14 14:41:43.930 I  PeachCommander[26676:154ec] [com.apple.iconservices:foundation] layer data size zero
2026-09-14 14:41:43.964 I  PeachCommander[26676:154ec] [com.apple.launchservices:datasep] application record search init. Node: <FSNode 0xbcd4ecf80> { isDir = y, path = <private> } bundleID: (null) itemID: 0
2026-09-14 14:41:43.964 I  PeachCommander[26676:154ec] [com.apple.launchservices:datasep] application record search init. Node: <FSNode 0xbcd4ecf80> { isDir = y, path = <private> } bundleID: (null) itemID: 0
2026-09-14 14:41:43.964 I  PeachCommander[26676:154ec] [com.apple.SafariPlatformSupport:SafariPlatformSupport] -[SFSafariPlatformSupport credentialSelected:] with nil credential
2026-09-14 14:41:43.964 I  PeachCommander[26676:154ec] [com.apple.SafariPlatformSupport:SafariPlatformSupport] -[SFSafariPlatformSupport oneTimeCodeSelected:] with nil code
2026-09-14 14:41:43.964 I  PeachCommander[26676:154ec] [com.apple.SafariPlatformSupport:SafariPlatformSupport] -[SPSafariPlatformSupport completionListPreferredContentSizeDidUpdate] with size {0, 0}, in window that is visible
2026-09-14 14:41:43.964 I  PeachCommander[26676:154ec] [com.apple.iconservices:foundation] layer data size zero
2026-09-14 14:41:43.965 I  PeachCommander[26676:154ec] [com.apple.iconservices:foundation] layer data size zero
2026-09-14 14:41:43.965 I  PeachCommander[26676:154ec] [com.apple.iconservices:foundation] layer data size zero
2026-09-14 14:41:44.454 I  PeachCommander[26676:154f8] [com.apple.AppKit:WindowTab] Indexing 1 items
2026-09-14 14:41:44.454 A  PeachCommander[26676:154f8] (CoreSpotlight) end-index-batch
2026-09-14 14:41:44.454 A  PeachCommander[26676:154f8] (CoreSpotlight) index-items
2026-09-14 14:41:44.454 Df PeachCommander[26676:154f8] [com.apple.corespotlight:index] CSInlineDonation:<private>: Skipping donation (feature flag disabled)
2026-09-14 14:41:44.455 Df PeachCommander[26676:154f8] [com.apple.corespotlight:index] CSInlineDonation:<private>: Skipping donation (feature flag disabled)
2026-09-14 14:41:45.159 Df PeachCommander[26676:154ec] (Foundation) <private>
2026-09-14 14:41:45.159 I  PeachCommander[26676:154ec] [com.peachcommander:PCFoundation] [automation] > wait 60000
2026-09-14 14:41:54.034 Df PeachCommander[26676:154f4] [com.apple.launchservices:default] LSExceptions shared instance invalidated for timeout.
2026-09-14 14:42:48.384 Df PeachCommander[26676:154ec] (Foundation) <private>
2026-09-14 14:42:48.384 I  PeachCommander[26676:154ec] [com.peachcommander:PCFoundation] [automation] > panelsdump /Users/admin/netpanel-watch-done.txt
2026-09-14 14:42:48.387 Df PeachCommander[26676:154ec] (Foundation) <private>
2026-09-14 14:42:48.387 I  PeachCommander[26676:154ec] [com.peachcommander:PCFoundation] [automation] > wait 500
2026-09-14 14:42:48.918 Df PeachCommander[26676:154ec] (Foundation) <private>
2026-09-14 14:42:48.919 I  PeachCommander[26676:154ec] [com.peachcommander:PCFoundation] [automation] done
