Timestamp               Ty Process[PID:TID]
2026-09-14 14:39:50.682 A  PeachCommander[24917:13f3c] (libsystem_info.dylib) Retrieve User by ID
2026-09-14 14:39:50.682 Df PeachCommander[24917:13f3c] [com.apple.xpc:connection] [0x10673e5f0] activating connection: mach=true listener=false peer=false name=com.apple.cfprefsd.daemon
2026-09-14 14:39:50.682 Df PeachCommander[24917:13f44] [com.apple.xpc:connection] [0x10673ed20] activating connection: mach=true listener=false peer=false name=com.apple.cfprefsd.agent
2026-09-14 14:39:50.684 Df PeachCommander[24917:13f3c] [com.apple.xpc:connection] [0x106744d40] activating connection: mach=true listener=false peer=false name=com.apple.coreservices.launchservicesd
2026-09-14 14:39:50.684 I  PeachCommander[24917:13f3c] [com.apple.launchservices:cas] Registering for notification <private> on default queue, to re-boostrap client connection.
2026-09-14 14:39:50.684 Df PeachCommander[24917:13f3c] [com.apple.xpc:connection] [0xbc3070000] activating connection: mach=true listener=false peer=false name=com.apple.pasteboard.1
2026-09-14 14:39:50.684 Df PeachCommander[24917:13f3c] [com.apple.xpc:connection] [0xbc3070140] activating connection: mach=true listener=false peer=false name=com.apple.distributed_notifications@Uv3
2026-09-14 14:39:50.686 Df PeachCommander[24917:13f3c] [com.apple.AppKit:AutomaticTermination] void _NSDisableAutomaticTerminationAndLog(NSString *) No windows open yet
2026-09-14 14:39:50.686 A  PeachCommander[24917:13f3c] (TCC) TCCAccessRequest() IPC
2026-09-14 14:39:50.686 Df PeachCommander[24917:13f3c] [com.apple.xpc:connection] [0xbc3070280] activating connection: mach=true listener=false peer=false name=com.apple.tccd.system
2026-09-14 14:39:50.686 I  PeachCommander[24917:13f3c] [com.apple.TCC:access] SEND: 0/7 synchronous to com.apple.tccd.system: request: msgID=24917.1, function=TCCAccessRequest, service=kTCCServiceListenEvent,
2026-09-14 14:39:50.688 I  PeachCommander[24917:13f3c] [com.apple.TCC:access] RECV: synchronous reply <dictionary: 0xbc2c58000> { count = 5, transaction: 0, voucher = 0x0, contents =
	"prompt_type" => <uint64: 0xb4aebcb2f318954f>: 1
	"auth_value" => <uint64: 0xb4aebcb2f318954f>: 1
	"preflight_unknown" => <bool: 0x1eec3d190>: true
	"auth_version" => <uint64: 0xb4aebcb2f318954f>: 1
	"auth_reason" => <uint64: 0xb4aebcb2f318956f>: 5
}
2026-09-14 14:39:50.688 Df PeachCommander[24917:13f3c] [com.apple.xpc:connection] [0xbc3070280] invalidated after the last release of the connection object
2026-09-14 14:39:50.688 Df PeachCommander[24917:13f3c] [com.apple.SkyLight:default] server port 0x00003a0b, session port 0x00003a0b
2026-09-14 14:39:50.690 Df PeachCommander[24917:13f3c] [com.apple.SkyLight:default] New connection 0x4c6f3 main
2026-09-14 14:39:50.690 I  PeachCommander[24917:13f44] [com.apple.SkyLight:processes] 0[outside of RPC]: First connection id 313075 mapped to ctx = 0x10674d6f0
2026-09-14 14:39:50.691 I  PeachCommander[24917:13f3c] [com.apple.hiservices:processmgr] Checking in with CAS, pid=24917
2026-09-14 14:39:50.691 I  PeachCommander[24917:13f3c] [com.apple.launchservices:cas] LSApplicationCheckIn(), app being registered is:"/Users/admin/pc-test/PeachCommander.app/Contents/MacOS/PeachCommander"
2026-09-14 14:39:50.691 I  PeachCommander[24917:13f3c] [com.apple.launchservices:cas]  { "ApplicationType"="Foreground", "BuildMachineOSBuild"="25E246", "CFBundleDevelopmentRegion"="en", "CFBundleDocumentTypes"=( { "CFBundleTypeName"="Peach Commander Plugin Package", "CFBundleTypeRole"="Viewer", "LSHandlerRank"="Owner", "LSItemContentTypes"=( "com.peachcommander.plugin-package") }), "CFBundleExecutable"="PeachCommander", "CFBundleExecutablePath"="/Users/admin/pc-test/PeachCommander.app/Contents/MacOS/PeachCommander", "CFBundleHelpBookFolder"="PeachCommander.help", "CFBundleHelpBookName"="Peach Commander Help", "CFBundleIconFile"="AppIcon", "CFBundleIconName"="AppIcon", "CFBundleIdentifier"="com.peachcommander.app", "CFBundleInfoDictionaryVersion"="6.0", "CFBundleName"="PeachCommander", "CFBundleNumericVersion"=402685952, "CFBundlePackageType"="APPL", "CFBundleShortVersionString"="0.9.0", "CFBundleSignature"="?????", "CFBundleSupportedPlatforms"=( "MacOSX"), "CFBundleVersion"="18", "DTCompiler"="com.apple.compilers.llvm.clang.1_0", "DTPlatformBuild"="25F70", "DTPlatformName"="macosx", "<…>
2026-09-14 14:39:50.691 Df PeachCommander[24917:13f3c] [com.apple.processmanager:front-35286506] CHECKIN: pid=24917
2026-09-14 14:39:50.692 Df PeachCommander[24917:13f3c] [com.apple.processmanager:front-35286506] CHECKEDIN: pid=24917 asn=0x0-0x14a14a foreground=1
2026-09-14 14:39:50.692 I  PeachCommander[24917:13f3c] [com.apple.launchservices:cas] Setting processControlState to default PROC_SETPC_SUSPEND because application does not have LSProcessControlValue key
2026-09-14 14:39:50.693 Df PeachCommander[24917:13f3c] [com.apple.xpc:connection] [0xbc3070280] activating connection: mach=false listener=true peer=false name=(anonymous)
2026-09-14 14:39:50.693 Df PeachCommander[24917:13f3c] [com.apple.xpc:connection] [0xbc3070280] Connection returned listener port: 0x5403
2026-09-14 14:39:50.693 Df PeachCommander[24917:13f45] [com.apple.xpc:connection] [0xbc2cbc300] activating connection: mach=false listener=false peer=true name=com.apple.xpc.anonymous.0xbc3070280.peer[131].0xbc2cbc300
2026-09-14 14:39:50.693 Df PeachCommander[24917:13f3c] [com.apple.processmanager:front-35286506] FRONTLOGGING: version 1
2026-09-14 14:39:50.693 Df PeachCommander[24917:13f3c] [com.apple.processmanager:front-35286506] Registered, pid=24917 ASN=0x0,0x14a14a
2026-09-14 14:39:50.693 Df PeachCommander[24917:13f3c] [com.apple.xpc:connection] [0xbc30703c0] activating connection: mach=true listener=false peer=false name=com.apple.analyticsd
2026-09-14 14:39:50.693 I  PeachCommander[24917:13f3c] [com.apple.CoreAnalytics:client] Daemon status changed from 0 to 1
2026-09-14 14:39:50.693 I  PeachCommander[24917:13f44] [com.apple.CarbonCore:coreservicesdaemon] SCSession():SCSession( id=100, this=0x0x1067441a0 option=65538) created, forUID=501 mach_port_t=0x5003.
2026-09-14 14:39:50.693 I  PeachCommander[24917:13f44] [com.apple.CarbonCore:coreservicesdaemon] SCSession():SCSession( id=101, this=0x0x1067442e0 option=65538) created, forUID=501 mach_port_t=0x5103.
2026-09-14 14:39:50.693 I  PeachCommander[24917:13f44] [com.apple.CarbonCore:coreservicesdaemon] connectToCoreServicesD():Instantiating server (coreservicesd based) SCSession, port=0x5003 serverOptions=0x10002.
2026-09-14 14:39:50.694 I  PeachCommander[24917:13f3c] [com.apple.hiservices:processmgr] _RegisterApplication( pid 24917 => 0x0,0x14a14a) type=foreground
2026-09-14 14:39:50.694 Df PeachCommander[24917:13f3c] [com.apple.xpc:connection] [0xbc3070280] Connection returned listener port: 0x5403
2026-09-14 14:39:50.694 Df PeachCommander[24917:13f44] [com.apple.xpc:connection] [0xbc3070500] activating connection: mach=true listener=false peer=false name=com.apple.lsd.mapdb
2026-09-14 14:39:50.694 Df PeachCommander[24917:13f45] [com.apple.CoreAnalytics:client] Received configuration update from daemon (initial)
2026-09-14 14:39:50.694 I  PeachCommander[24917:13f3c] [com.apple.launchservices:cas] CFArrayRef _LSCopyLaunchModifiers(LSSessionID, LSASNRef _Nonnull), result for psn [ kLSCurrentApp ASN, 0x0,0x2]  is 1 items.
2026-09-14 14:39:50.694 Df PeachCommander[24917:13f3c] [com.apple.processmanager:front-35286506] BringForward: pid=24917 asn=0x0-0x14a14a bringForward=1 foreground=1 uiElement=0 launchedByLS=1 modifiersCount=1 allDisabled=1
2026-09-14 14:39:50.694 Df PeachCommander[24917:13f3c] [com.apple.processmanager:front-35286506] BringFrontModifier: pid=24917 asn=0x0-0x14a14a Modifier 0 hideAfter=0 hideOthers=0 dontMakeFrontmost=0 mouseDown=0/0 seed=0/0
2026-09-14 14:39:50.694 Df PeachCommander[24917:13f3c] [com.apple.processmanager:front-35286506] BringForward: pid=24917 asn=0x0-0x14a14a
2026-09-14 14:39:50.694 Df PeachCommander[24917:13f3c] [com.apple.processmanager:front-35286506] SetFrontProcess: asn=0x0-0x14a14a options=0
2026-09-14 14:39:50.694 I  PeachCommander[24917:13f3c] [com.apple.SkyLight:processes] 0[outside of RPC]: SLPSetFrontProcess(0x0-0x14a14a window=0 options=0x0
2026-09-14 14:39:50.694 I  PeachCommander[24917:13f44] [com.apple.launchservices:db] LaunchServices database schema version: 20971544
2026-09-14 14:39:50.696 Df PeachCommander[24917:13f3c] [com.apple.AppKit:Appearance] Current system appearance, (HLTB: 1), (SLS: 0)
2026-09-14 14:39:50.697 Df PeachCommander[24917:13f3c] (libMobileGestalt.dylib) No persisted cache on this platform.
2026-09-14 14:39:50.697 Df PeachCommander[24917:13f3c] (libMobileGestalt.dylib) Could not get size of EAN data (IOConnectCallScalarMethod kAppleNVMeEANGetSize returned 0xE00002E2)
2026-09-14 14:39:50.697 Df PeachCommander[24917:13f3c] (libMobileGestalt.dylib) Failed to copy 'aptk' from EAN
2026-09-14 14:39:50.697 Df PeachCommander[24917:13f3c] (libMobileGestalt.dylib) Failed to copy APTicket properties. Falling back to default policy.
2026-09-14 14:39:50.697 Df PeachCommander[24917:13f3c] (libMobileGestalt.dylib) Creating default MGSysConfigPolicy
2026-09-14 14:39:50.697 I  PeachCommander[24917:13f45] [com.apple.launchservices:cas] information in shared memory for 0x0-0x14a14a with seed 533 was still valid, so using cached info { "ApplicationType"="Foreground", "BuildMachineOSBuild"="25E246", "BundleIdentifierLowerCase"="com.peachcommander.app", "CFBundleDevelopmentRegion"="en", "CFBundleDocumentTypes"=( { "CFBundleTypeName"="Peach Commander Plugin Package", "CFBundleTypeRole"="Viewer", "LSHandlerRank"="Owner", "LSItemContentTypes"=( "com.peachcommander.plugin-package") }), "CFBundleExecutable"="PeachCommander", "CFBundleExecutablePath"="/Users/admin/pc-test/PeachCommander.app/Contents/MacOS/PeachCommander", "CFBundleExecutablePathDeviceID"=16777227, "CFBundleExecutablePathINode"=488133, "CFBundleHelpBookFolder"="PeachCommander.help", "CFBundleHelpBookName"="Peach Commander Help", "CFBundleIconFile"="AppIcon", "CFBundleIconName"="AppIcon", "CFBundleIdentifier"="com.peachcommander.app", "CFBundleInfoDictionaryVersion"="6.0", "CFBundleName"="PeachCommander", "CFBundleNameLowerCase"="peachcommander", "CFBundleNumericVersion"=402685952, "CFBundlePackageType"="APPL", "CFBundleShortVersionString"="0.9.0", "CFBun<…>
2026-09-14 14:39:50.697 Df PeachCommander[24917:13f3c] (libMobileGestalt.dylib) CFDictionaryRef copySyscfgDictionary(void) enumeration of <private> failed.
2026-09-14 14:39:50.697 Df PeachCommander[24917:13f3c] (libMobileGestalt.dylib) Failed to find key <private>
2026-09-14 14:39:50.698 Df PeachCommander[24917:13f3c] [com.apple.AppKit:Appearance] Current system appearance, (HLTB: 1), (SLS: 0)
2026-09-14 14:39:50.698 Df PeachCommander[24917:13f3c] [com.apple.AppKit:Appearance] Post-registration system appearance: (HLTB: 1)
2026-09-14 14:39:50.699 I  PeachCommander[24917:13f44] [com.apple.launchservices:default] Unable to load Info.plist exceptions (eGPUOverrides)
2026-09-14 14:39:50.699 I  PeachCommander[24917:13f44] [com.apple.launchservices:default] Unable to load Info.plist exceptions (gameModeOverrides)
2026-09-14 14:39:50.699 I  PeachCommander[24917:13f44] [com.apple.launchservices:default] Unable to load Info.plist exceptions (identifiedGameOverrides)
2026-09-14 14:39:50.699 I  PeachCommander[24917:13f44] [com.apple.launchservices:default] Unable to load Info.plist exceptions (SystemHiddenPreferred)
2026-09-14 14:39:50.700 Df PeachCommander[24917:13f3c] [com.apple.FrontBoard:Common] FBSWorkspace: endpoint monitoring is disabled.
2026-09-14 14:39:50.700 Df PeachCommander[24917:13f3c] [com.apple.FrontBoard:Common] FBSWorkspace: default shell endpoint is disabled.
2026-09-14 14:39:50.700 Df PeachCommander[24917:13f3c] [com.apple.runningboard:connection] Initializing connection
2026-09-14 14:39:50.700 Df PeachCommander[24917:13f3c] [com.apple.runningboard:process] Removing all cached process handles
2026-09-14 14:39:50.700 Df PeachCommander[24917:13f49] [com.apple.runningboard:connection] Sending handshake request attempt #1 to server
2026-09-14 14:39:50.700 Df PeachCommander[24917:13f49] [com.apple.runningboard:connection] Creating connection to com.apple.runningboard
2026-09-14 14:39:50.700 Df PeachCommander[24917:13f49] [com.apple.xpc:connection] [0xbc3070640] activating connection: mach=true listener=false peer=false name=com.apple.runningboard
2026-09-14 14:39:50.700 A  PeachCommander[24917:13f45] (RunningBoardServices) didChangeInheritances
2026-09-14 14:39:50.700 Df PeachCommander[24917:13f3c] [com.apple.xpc:connection] [0xbc3070280] Connection returned listener port: 0x5403
2026-09-14 14:39:50.701 I  PeachCommander[24917:13f3c] [com.apple.launchservices:cas] information in shared memory for 0x0-0x14a14a with seed 533 was still valid, so using cached info { "ApplicationType"="Foreground", "BuildMachineOSBuild"="25E246", "BundleIdentifierLowerCase"="com.peachcommander.app", "CFBundleDevelopmentRegion"="en", "CFBundleDocumentTypes"=( { "CFBundleTypeName"="Peach Commander Plugin Package", "CFBundleTypeRole"="Viewer", "LSHandlerRank"="Owner", "LSItemContentTypes"=( "com.peachcommander.plugin-package") }), "CFBundleExecutable"="PeachCommander", "CFBundleExecutablePath"="/Users/admin/pc-test/PeachCommander.app/Contents/MacOS/PeachCommander", "CFBundleExecutablePathDeviceID"=16777227, "CFBundleExecutablePathINode"=488133, "CFBundleHelpBookFolder"="PeachCommander.help", "CFBundleHelpBookName"="Peach Commander Help", "CFBundleIconFile"="AppIcon", "CFBundleIconName"="AppIcon", "CFBundleIdentifier"="com.peachcommander.app", "CFBundleInfoDictionaryVersion"="6.0", "CFBundleName"="PeachCommander", "CFBundleNameLowerCase"="peachcommander", "CFBundleNumericVersion"=402685952, "CFBundlePackageType"="APPL", "CFBundleShortVersionString"="0.9.0", "CFBun<…>
2026-09-14 14:39:50.701 Df PeachCommander[24917:13f49] [com.apple.runningboard:connection] Handshake succeeded
2026-09-14 14:39:50.701 Df PeachCommander[24917:13f49] [com.apple.runningboard:connection] Identity resolved as app<application.com.peachcommander.app.487096.488133(501)>
2026-09-14 14:39:50.703 Df PeachCommander[24917:13f3c] [com.apple.xpc:connection] [0xbc3070280] Connection returned listener port: 0x5403
2026-09-14 14:39:50.704 A  PeachCommander[24917:13f44] (AppIntents) appintents:register process
2026-09-14 14:39:50.704 Df PeachCommander[24917:13f44] [com.apple.appintents:Connection] Created a new Process Instance Registry XPC connection (inactive)
2026-09-14 14:39:50.704 Df PeachCommander[24917:13f44] [com.apple.xpc:connection] [0xbc3070780] activating connection: mach=true listener=false peer=false name=com.apple.linkd.autoShortcut
2026-09-14 14:39:50.704 Df PeachCommander[24917:13f44] [com.apple.appintents:Connection] Activated connection to linkd (ApplicationService)
2026-09-14 14:39:50.704 Df PeachCommander[24917:13f44] [com.apple.xpc:connection] [0xbc3070a00] activating connection: mach=false listener=true peer=false name=(anonymous)
2026-09-14 14:39:50.704 I  PeachCommander[24917:13f3c] [com.apple.launchservices:cas] information in shared memory for 0x0-0x14a14a with seed 533 was still valid, so using cached info { "ApplicationType"="Foreground", "BuildMachineOSBuild"="25E246", "BundleIdentifierLowerCase"="com.peachcommander.app", "CFBundleDevelopmentRegion"="en", "CFBundleDocumentTypes"=( { "CFBundleTypeName"="Peach Commander Plugin Package", "CFBundleTypeRole"="Viewer", "LSHandlerRank"="Owner", "LSItemContentTypes"=( "com.peachcommander.plugin-package") }), "CFBundleExecutable"="PeachCommander", "CFBundleExecutablePath"="/Users/admin/pc-test/PeachCommander.app/Contents/MacOS/PeachCommander", "CFBundleExecutablePathDeviceID"=16777227, "CFBundleExecutablePathINode"=488133, "CFBundleHelpBookFolder"="PeachCommander.help", "CFBundleHelpBookName"="Peach Commander Help", "CFBundleIconFile"="AppIcon", "CFBundleIconName"="AppIcon", "CFBundleIdentifier"="com.peachcommander.app", "CFBundleInfoDictionaryVersion"="6.0", "CFBundleName"="PeachCommander", "CFBundleNameLowerCase"="peachcommander", "CFBundleNumericVersion"=402685952, "CFBundlePackageType"="APPL", "CFBundleShortVersionString"="0.9.0", "CFBun<…>
2026-09-14 14:39:50.704 I  PeachCommander[24917:13f3c] [com.apple.hiservices:processmgr] TransformProcessType(0x0,0x2 => 1 wasFront=1 pickNew=0)
2026-09-14 14:39:50.704 I  PeachCommander[24917:13f3c] [com.apple.CoreAnalytics:client] Dropping "com.apple.appkit.app_config" as it isn't used in any transform (not in the config or budgeted?)
2026-09-14 14:39:50.705 I  PeachCommander[24917:13f44] [com.apple.appintents:Execution] LNAppConnectionListener instantiated
2026-09-14 14:39:50.705 Df PeachCommander[24917:13f44] [com.apple.xpc:connection] [0xbc3070a00] Connection returned listener port: 0x7003
2026-09-14 14:39:50.705 Df PeachCommander[24917:13f3c] [com.apple.dt.xctest:Default] Registering for test daemon availability notify post.
2026-09-14 14:39:50.705 Df PeachCommander[24917:13f3c] [com.apple.dt.xctest:Default] notify_get_state check indicated test daemon not ready.
2026-09-14 14:39:50.705 Df PeachCommander[24917:13f3c] [com.apple.dt.xctest:Default] notify_get_state check indicated test daemon not ready.
2026-09-14 14:39:50.705 Df PeachCommander[24917:13f3c] [com.apple.dt.xctest:Default] notify_get_state check indicated test daemon not ready.
2026-09-14 14:39:50.705 Df PeachCommander[24917:13f45] [com.apple.xpc:connection] [0xbc3070780] Re-initialization successful; calling out to event handler with XPC_ERROR_CONNECTION_INTERRUPTED
2026-09-14 14:39:50.705 Df PeachCommander[24917:13f45] [com.apple.appintents:Connection] Process Instance Registry XPC connection has been interrupted
2026-09-14 14:39:50.706 E  PeachCommander[24917:13f44] [com.apple.appintents:Connection] Unable to get synchronousRemoteObjectProxy, error: Error Domain=NSCocoaErrorDomain Code=4097 "connection to service named com.apple.linkd.autoShortcut" UserInfo={NSDebugDescription=connection to service named com.apple.linkd.autoShortcut}
2026-09-14 14:39:50.706 E  PeachCommander[24917:13f44] [com.apple.AppKit:Application] Error registering app with intents framework: Error Domain=NSCocoaErrorDomain Code=4097 UserInfo={NSDebugDescription=<private>}
2026-09-14 14:39:50.706 Df PeachCommander[24917:13f45] [com.apple.appintents:Connection] Created a new Process Instance Registry XPC connection (inactive)
2026-09-14 14:39:50.706 A  PeachCommander[24917:13f45] (AppIntents) appintents:register process
2026-09-14 14:39:50.706 Df PeachCommander[24917:13f45] [com.apple.appintents:Connection] Created a new Process Instance Registry XPC connection (inactive)
2026-09-14 14:39:50.706 Df PeachCommander[24917:13f45] [com.apple.xpc:connection] [0xbc3071040] activating connection: mach=true listener=false peer=false name=com.apple.linkd.autoShortcut
2026-09-14 14:39:50.706 Df PeachCommander[24917:13f45] [com.apple.appintents:Connection] Activated connection to linkd (ApplicationService)
2026-09-14 14:39:50.706 Df PeachCommander[24917:13f45] [com.apple.xpc:connection] [0xbc3070a00] Connection returned listener port: 0x7003
2026-09-14 14:39:50.706 Df PeachCommander[24917:13f44] [com.apple.xpc:connection] [0xbc3071040] Re-initialization successful; calling out to event handler with XPC_ERROR_CONNECTION_INTERRUPTED
2026-09-14 14:39:50.706 Df PeachCommander[24917:13f44] [com.apple.appintents:Connection] Process Instance Registry XPC connection has been interrupted
2026-09-14 14:39:50.706 Df PeachCommander[24917:13f44] [com.apple.appintents:Connection] Created a new Process Instance Registry XPC connection (inactive)
2026-09-14 14:39:50.706 A  PeachCommander[24917:13f44] (AppIntents) appintents:register process
2026-09-14 14:39:50.706 Df PeachCommander[24917:13f44] [com.apple.appintents:Connection] Created a new Process Instance Registry XPC connection (inactive)
2026-09-14 14:39:50.706 Df PeachCommander[24917:13f44] [com.apple.xpc:connection] [0xbc30712c0] activating connection: mach=true listener=false peer=false name=com.apple.linkd.autoShortcut
2026-09-14 14:39:50.707 E  PeachCommander[24917:13f45] [com.apple.appintents:Connection] Unable to get synchronousRemoteObjectProxy, error: Error Domain=NSCocoaErrorDomain Code=4097 "connection to service named com.apple.linkd.autoShortcut" UserInfo={NSDebugDescription=connection to service named com.apple.linkd.autoShortcut}
2026-09-14 14:39:50.707 E  PeachCommander[24917:13f45] [com.apple.appintents:Connection] Unable to re-register with Process Instance Registry, error: Error Domain=NSCocoaErrorDomain Code=4097 "connection to service named com.apple.linkd.autoShortcut" UserInfo={NSDebugDescription=connection to service named com.apple.linkd.autoShortcut}
2026-09-14 14:39:50.707 Df PeachCommander[24917:13f44] [com.apple.appintents:Connection] Activated connection to linkd (ApplicationService)
2026-09-14 14:39:50.707 Df PeachCommander[24917:13f44] [com.apple.xpc:connection] [0xbc3070a00] Connection returned listener port: 0x7003
2026-09-14 14:39:50.707 Df PeachCommander[24917:13f45] [com.apple.xpc:connection] [0xbc30712c0] Re-initialization successful; calling out to event handler with XPC_ERROR_CONNECTION_INTERRUPTED
2026-09-14 14:39:50.707 Df PeachCommander[24917:13f45] [com.apple.appintents:Connection] Process Instance Registry XPC connection has been interrupted
2026-09-14 14:39:50.707 E  PeachCommander[24917:13f44] [com.apple.appintents:Connection] Unable to get synchronousRemoteObjectProxy, error: Error Domain=NSCocoaErrorDomain Code=4097 "connection to service named com.apple.linkd.autoShortcut" UserInfo={NSDebugDescription=connection to service named com.apple.linkd.autoShortcut}
2026-09-14 14:39:50.707 E  PeachCommander[24917:13f44] [com.apple.appintents:Connection] Unable to re-register with Process Instance Registry, error: Error Domain=NSCocoaErrorDomain Code=4097 "connection to service named com.apple.linkd.autoShortcut" UserInfo={NSDebugDescription=connection to service named com.apple.linkd.autoShortcut}
2026-09-14 14:39:50.709 Df PeachCommander[24917:13f45] [com.apple.appintents:Connection] Created a new Process Instance Registry XPC connection (inactive)
2026-09-14 14:39:50.709 A  PeachCommander[24917:13f45] (AppIntents) appintents:register process
2026-09-14 14:39:50.709 A  PeachCommander[24917:13f3c] (CoreFoundation) Loading Preferences From System CFPrefsD
2026-09-14 14:39:50.709 Df PeachCommander[24917:13f45] [com.apple.appintents:Connection] Created a new Process Instance Registry XPC connection (inactive)
2026-09-14 14:39:50.709 Df PeachCommander[24917:13f45] [com.apple.xpc:connection] [0xbc3071540] activating connection: mach=true listener=false peer=false name=com.apple.linkd.autoShortcut
2026-09-14 14:39:50.709 Df PeachCommander[24917:13f45] [com.apple.appintents:Connection] Activated connection to linkd (ApplicationService)
2026-09-14 14:39:50.709 Df PeachCommander[24917:13f45] [com.apple.xpc:connection] [0xbc3070a00] Connection returned listener port: 0x7003
2026-09-14 14:39:50.709 Df PeachCommander[24917:13f44] [com.apple.xpc:connection] [0xbc3071540] Re-initialization successful; calling out to event handler with XPC_ERROR_CONNECTION_INTERRUPTED
2026-09-14 14:39:50.709 Df PeachCommander[24917:13f44] [com.apple.appintents:Connection] Process Instance Registry XPC connection has been interrupted
2026-09-14 14:39:50.709 E  PeachCommander[24917:13f44] [com.apple.appintents:Connection] Will NOT re-try to establish the connection
2026-09-14 14:39:50.709 Df PeachCommander[24917:13f3c] (libMobileGestalt.dylib) couldn't load support library
2026-09-14 14:39:50.709 Df PeachCommander[24917:13f3c] (libMobileGestalt.dylib) called dummy function!
2026-09-14 14:39:50.709 E  PeachCommander[24917:13f45] [com.apple.appintents:Connection] Unable to get synchronousRemoteObjectProxy, error: Error Domain=NSCocoaErrorDomain Code=4097 "connection to service named com.apple.linkd.autoShortcut" UserInfo={NSDebugDescription=connection to service named com.apple.linkd.autoShortcut}
2026-09-14 14:39:50.709 E  PeachCommander[24917:13f45] [com.apple.appintents:Connection] Unable to re-register with Process Instance Registry, error: Error Domain=NSCocoaErrorDomain Code=4097 "connection to service named com.apple.linkd.autoShortcut" UserInfo={NSDebugDescription=connection to service named com.apple.linkd.autoShortcut}
2026-09-14 14:39:50.709 I  PeachCommander[24917:13f3c] [com.apple.GenerativeModels:availability] Current availability state: unavailable, use cases: com.apple.WritingTools, language: <any>, api: <private>
2026-09-14 14:39:50.709 Df PeachCommander[24917:13f3c] [com.apple.GenerativeModels:availability] registering darwin observer for name: com.apple.gms.availability.notification
2026-09-14 14:39:50.709 Df PeachCommander[24917:13f3c] [com.apple.GenerativeModels:availability] registering darwin observer for name: com.apple.os-eligibility-domain.change.greymatter
2026-09-14 14:39:50.709 Df PeachCommander[24917:13f3c] [com.apple.GenerativeModels:availability] registering darwin observer for name: com.apple.language.changed
2026-09-14 14:39:50.709 Df PeachCommander[24917:13f3c] [com.apple.WritingTools:Default] isAvailable value changed: isMDMAllowed = true, gmAvailable (current) = false
2026-09-14 14:39:50.712 I  PeachCommander[24917:13f3c] [com.apple.CoreAnalytics:client] Dropping "com.apple.appkit.app_config" as it isn't used in any transform (not in the config or budgeted?)
2026-09-14 14:39:50.714 Df PeachCommander[24917:13f3c] [com.apple.AppKit:Appearance] NSApp cache appearance:
-NSRequiresAquaSystemAppearance: 0
-appearance: (null)
-effectiveAppearance: <NSCompositeAppearance: 0xbc2c60500
 (
    "<NSAquaAppearance: 0xbc2c60820>",
    "<NSSystemAppearance: 0xbc2c60780>"
)>
2026-09-14 14:39:50.716 A  PeachCommander[24917:13f3c] (CoreFoundation) Loading Preferences From User CFPrefsD
2026-09-14 14:39:50.716 A  PeachCommander[24917:13f3c] (CoreFoundation) Loading Preferences From User CFPrefsD
2026-09-14 14:39:50.719 A  PeachCommander[24917:13f45] (libsystem_info.dylib) Membership API: translate identifier
2026-09-14 14:39:50.722 I  PeachCommander[24917:13f3c] [com.apple.CoreAnalytics:client] Dropping "com.apple.appkit.app_config" as it isn't used in any transform (not in the config or budgeted?)
2026-09-14 14:39:50.722 I  PeachCommander[24917:13f3c] [com.apple.CoreAnalytics:client] Dropping "com.apple.appkit.app_config" as it isn't used in any transform (not in the config or budgeted?)
2026-09-14 14:39:50.723 Df PeachCommander[24917:13f44] [com.apple.xpc:connection] [0xbc3071a40] activating connection: mach=true listener=false peer=false name=com.apple.dock.fullscreen
2026-09-14 14:39:50.724 Df PeachCommander[24917:13f3c] [com.apple.xpc:connection] [0xbc3071b80] activating connection: mach=true listener=false peer=false name=com.apple.fonts
2026-09-14 14:39:50.727 I  PeachCommander[24917:13f3c] [com.apple.launchservices:cas] information in shared memory for 0x0-0x14a14a with seed 533 was still valid, so using cached info { "ApplicationType"="Foreground", "BuildMachineOSBuild"="25E246", "BundleIdentifierLowerCase"="com.peachcommander.app", "CFBundleDevelopmentRegion"="en", "CFBundleDocumentTypes"=( { "CFBundleTypeName"="Peach Commander Plugin Package", "CFBundleTypeRole"="Viewer", "LSHandlerRank"="Owner", "LSItemContentTypes"=( "com.peachcommander.plugin-package") }), "CFBundleExecutable"="PeachCommander", "CFBundleExecutablePath"="/Users/admin/pc-test/PeachCommander.app/Contents/MacOS/PeachCommander", "CFBundleExecutablePathDeviceID"=16777227, "CFBundleExecutablePathINode"=488133, "CFBundleHelpBookFolder"="PeachCommander.help", "CFBundleHelpBookName"="Peach Commander Help", "CFBundleIconFile"="AppIcon", "CFBundleIconName"="AppIcon", "CFBundleIdentifier"="com.peachcommander.app", "CFBundleInfoDictionaryVersion"="6.0", "CFBundleName"="PeachCommander", "CFBundleNameLowerCase"="peachcommander", "CFBundleNumericVersion"=402685952, "CFBundlePackageType"="APPL", "CFBundleShortVersionString"="0.9.0", "CFBun<…>
2026-09-14 14:39:50.727 I  PeachCommander[24917:13f3c] [com.apple.CoreAnalytics:client] Dropping "com.apple.appkit.app_config" as it isn't used in any transform (not in the config or budgeted?)
2026-09-14 14:39:50.727 Df PeachCommander[24917:13f3c] [com.apple.AppKit:AutomaticTermination] -[NSApplication(NSAppssassination) _checkForAutomaticTerminationSupportPossiblyEnablingIt]_block_invoke Enabling automatic termination support.
2026-09-14 14:39:50.727 Df PeachCommander[24917:13f3c] [com.apple.xpc:connection] [0xbc3070b40] activating connection: mach=true listener=false peer=false name=com.apple.appkit.restoration_storage
2026-09-14 14:39:50.727 I  PeachCommander[24917:13f3c] [com.apple.launchservices:cas] information in shared memory for 0x0-0x14a14a with seed 533 was still valid, so using cached info { "ApplicationType"="Foreground", "BuildMachineOSBuild"="25E246", "BundleIdentifierLowerCase"="com.peachcommander.app", "CFBundleDevelopmentRegion"="en", "CFBundleDocumentTypes"=( { "CFBundleTypeName"="Peach Commander Plugin Package", "CFBundleTypeRole"="Viewer", "LSHandlerRank"="Owner", "LSItemContentTypes"=( "com.peachcommander.plugin-package") }), "CFBundleExecutable"="PeachCommander", "CFBundleExecutablePath"="/Users/admin/pc-test/PeachCommander.app/Contents/MacOS/PeachCommander", "CFBundleExecutablePathDeviceID"=16777227, "CFBundleExecutablePathINode"=488133, "CFBundleHelpBookFolder"="PeachCommander.help", "CFBundleHelpBookName"="Peach Commander Help", "CFBundleIconFile"="AppIcon", "CFBundleIconName"="AppIcon", "CFBundleIdentifier"="com.peachcommander.app", "CFBundleInfoDictionaryVersion"="6.0", "CFBundleName"="PeachCommander", "CFBundleNameLowerCase"="peachcommander", "CFBundleNumericVersion"=402685952, "CFBundlePackageType"="APPL", "CFBundleShortVersionString"="0.9.0", "CFBun<…>
2026-09-14 14:39:50.728 Df PeachCommander[24917:13f3c] [com.apple.xpc:connection] [0xbc3070c80] activating connection: mach=true listener=false peer=false name=com.apple.coreservices.appleevents
2026-09-14 14:39:50.728 I  PeachCommander[24917:13f3c] [com.apple.appleevents:main] _AEGetRegisteredMachPort() created default port (port:64259/0xfb03 rcv:1 send:1 limit:5) and registered it with server
2026-09-14 14:39:50.728 Df PeachCommander[24917:13f3c] [com.apple.xpc:connection] [0xbc3070280] Connection returned listener port: 0x5403
2026-09-14 14:39:50.728 I  PeachCommander[24917:13f3c] [com.apple.launchservices:cas] information in shared memory for 0x0-0x14a14a with seed 533 was still valid, so using cached info { "ApplicationType"="Foreground", "BuildMachineOSBuild"="25E246", "BundleIdentifierLowerCase"="com.peachcommander.app", "CFBundleDevelopmentRegion"="en", "CFBundleDocumentTypes"=( { "CFBundleTypeName"="Peach Commander Plugin Package", "CFBundleTypeRole"="Viewer", "LSHandlerRank"="Owner", "LSItemContentTypes"=( "com.peachcommander.plugin-package") }), "CFBundleExecutable"="PeachCommander", "CFBundleExecutablePath"="/Users/admin/pc-test/PeachCommander.app/Contents/MacOS/PeachCommander", "CFBundleExecutablePathDeviceID"=16777227, "CFBundleExecutablePathINode"=488133, "CFBundleHelpBookFolder"="PeachCommander.help", "CFBundleHelpBookName"="Peach Commander Help", "CFBundleIconFile"="AppIcon", "CFBundleIconName"="AppIcon", "CFBundleIdentifier"="com.peachcommander.app", "CFBundleInfoDictionaryVersion"="6.0", "CFBundleName"="PeachCommander", "CFBundleNameLowerCase"="peachcommander", "CFBundleNumericVersion"=402685952, "CFBundlePackageType"="APPL", "CFBundleShortVersionString"="0.9.0", "CFBun<…>
2026-09-14 14:39:50.728 Df PeachCommander[24917:13f3c] [com.apple.processmanager:front-35286506] SignalReady: pid=24917 asn=0x0-0x14a14a
2026-09-14 14:39:50.728 Df PeachCommander[24917:13f3c] [com.apple.processmanager:front-35286506] SIGNAL: pid=24917 asn=0x0x-0x14a14a
2026-09-14 14:39:50.728 I  PeachCommander[24917:13f3c] [com.apple.appleevents:main] aeGenerateFakeFirstOAPPEventIfNecessary()
2026-09-14 14:39:50.728 I  PeachCommander[24917:13f3c] [com.apple.appleevents:main] aeGenerateFakeFirstOAPPEventIfNecessary(), needToCreateFakeOAPPEventIfFirstEvent == true
2026-09-14 14:39:50.728 I  PeachCommander[24917:13f3c] [com.apple.launchservices:cas] Removing cached information for app [ 0x0-0x14a14a]  "PeachCommander", as its seed is different from that in shared memory ( 533 vs 535)
2026-09-14 14:39:50.729 I  PeachCommander[24917:13f3c] [com.apple.CFPasteboard:entry] CopyData('DefaultAsciiKeyboardLayoutPasteboard' (<CFUUID 0xbc2c3dfc0> 7F2F5629-A61E-4B74-954E-D76780302989) gen: -1 item: 1264739405 flavor: 'DefaultAsciiKeyboardLayoutFlavor')
2026-09-14 14:39:50.729 I  PeachCommander[24917:13f3c] [com.apple.CFPasteboard:cache] Rebuilding cache for 'DefaultAsciiKeyboardLayoutPasteboard' (<CFUUID 0xbc2c3dfc0> 7F2F5629-A61E-4B74-954E-D76780302989)
2026-09-14 14:39:50.729 I  PeachCommander[24917:13f3c] [com.apple.CFPasteboard:exit] (not-in-cache) - result: -8 generation: 0 null data flags: 0
2026-09-14 14:39:50.729 A  PeachCommander[24917:13f3c] (CoreFoundation) Loading Preferences From User CFPrefsD
2026-09-14 14:39:50.729 A  PeachCommander[24917:13f3c] (CoreFoundation) Loading Preferences From System CFPrefsD
2026-09-14 14:39:50.730 I  PeachCommander[24917:13f3c] [com.apple.CFPasteboard:entry] CopyData('AppleIntlFileCacheModificationDatePasteboard' (<CFUUID 0xbc2c3dfe0> 1DF1B917-A437-4B83-B409-A2F7AAE8B249) gen: -1 item: 1 flavor: '-32766 1768845414')
2026-09-14 14:39:50.730 I  PeachCommander[24917:13f3c] [com.apple.CFPasteboard:cache] Rebuilding cache for 'AppleIntlFileCacheModificationDatePasteboard' (<CFUUID 0xbc2c3dfe0> 1DF1B917-A437-4B83-B409-A2F7AAE8B249)
2026-09-14 14:39:50.730 I  PeachCommander[24917:13f3c] [com.apple.CFPasteboard:general] Will request data from daemon
2026-09-14 14:39:50.730 I  PeachCommander[24917:13f3c] [com.apple.CFPasteboard:exit] (not-in-cache) - result: 0 generation: 4 data (310 bytes) flags: 0
2026-09-14 14:39:50.730 I  PeachCommander[24917:13f3c] [com.apple.CFPasteboard:entry] CopyData('AppleIntlFileCacheModificationDatePasteboard' (<CFUUID 0xbc2c3dfe0> 1DF1B917-A437-4B83-B409-A2F7AAE8B249) gen: -1 item: 1 flavor: '-32765 1802264953')
2026-09-14 14:39:50.730 I  PeachCommander[24917:13f3c] [com.apple.CFPasteboard:general] Will request data from daemon
2026-09-14 14:39:50.730 I  PeachCommander[24917:13f3c] [com.apple.CFPasteboard:exit] (not-in-cache) - result: 0 generation: 4 data (306 bytes) flags: 0
2026-09-14 14:39:50.730 I  PeachCommander[24917:13f3c] [com.apple.CFPasteboard:entry] CopyData('AppleIntlFileCacheModificationDatePasteboard' (<CFUUID 0xbc2c3dfe0> 1DF1B917-A437-4B83-B409-A2F7AAE8B249) gen: -1 item: 1 flavor: '-32764 1802264953')
2026-09-14 14:39:50.730 I  PeachCommander[24917:13f3c] [com.apple.CFPasteboard:general] Will request data from daemon
2026-09-14 14:39:50.730 I  PeachCommander[24917:13f3c] [com.apple.CFPasteboard:exit] (not-in-cache) - result: 0 generation: 4 data (281 bytes) flags: 0
2026-09-14 14:39:50.730 I  PeachCommander[24917:13f3c] [com.apple.CFPasteboard:entry] CopyData('AppleIntlFileCacheModificationDatePasteboard' (<CFUUID 0xbc2c3dfe0> 1DF1B917-A437-4B83-B409-A2F7AAE8B249) gen: -1 item: 1 flavor: '-32763 1802264953')
2026-09-14 14:39:50.730 I  PeachCommander[24917:13f3c] [com.apple.CFPasteboard:general] Will request data from daemon
2026-09-14 14:39:50.730 I  PeachCommander[24917:13f3c] [com.apple.CFPasteboard:exit] (not-in-cache) - result: 0 generation: 4 data (318 bytes) flags: 0
2026-09-14 14:39:50.730 I  PeachCommander[24917:13f3c] [com.apple.CFPasteboard:entry] CopyData('AppleIntlFileCacheModificationDatePasteboard' (<CFUUID 0xbc2c3dfe0> 1DF1B917-A437-4B83-B409-A2F7AAE8B249) gen: -1 item: 1 flavor: '-32765 1768845414')
2026-09-14 14:39:50.730 I  PeachCommander[24917:13f3c] [com.apple.CFPasteboard:general] Will request data from daemon
2026-09-14 14:39:50.730 I  PeachCommander[24917:13f3c] [com.apple.CFPasteboard:exit] (not-in-cache) - result: 0 generation: 4 data (303 bytes) flags: 0
2026-09-14 14:39:50.730 I  PeachCommander[24917:13f3c] [com.apple.CFPasteboard:entry] CopyData('AppleIntlFileCacheModificationDatePasteboard' (<CFUUID 0xbc2c3dfe0> 1DF1B917-A437-4B83-B409-A2F7AAE8B249) gen: -1 item: 1 flavor: '-32763 1768845414')
2026-09-14 14:39:50.730 I  PeachCommander[24917:13f3c] [com.apple.CFPasteboard:general] Will request data from daemon
2026-09-14 14:39:50.730 I  PeachCommander[24917:13f3c] [com.apple.CFPasteboard:exit] (not-in-cache) - result: 0 generation: 4 data (315 bytes) flags: 0
2026-09-14 14:39:50.731 I  PeachCommander[24917:13f3c] [com.apple.launchservices:cas] information in shared memory for 0x0-0x14a14a with seed 535 was still valid, so using cached info { "ApplicationType"="Foreground", "BuildMachineOSBuild"="25E246", "BundleIdentifierLowerCase"="com.peachcommander.app", "CFBundleDevelopmentRegion"="en", "CFBundleDocumentTypes"=( { "CFBundleTypeName"="Peach Commander Plugin Package", "CFBundleTypeRole"="Viewer", "LSHandlerRank"="Owner", "LSItemContentTypes"=( "com.peachcommander.plugin-package") }), "CFBundleExecutable"="PeachCommander", "CFBundleExecutablePath"="/Users/admin/pc-test/PeachCommander.app/Contents/MacOS/PeachCommander", "CFBundleExecutablePathDeviceID"=16777227, "CFBundleExecutablePathINode"=488133, "CFBundleHelpBookFolder"="PeachCommander.help", "CFBundleHelpBookName"="Peach Commander Help", "CFBundleIconFile"="AppIcon", "CFBundleIconName"="AppIcon", "CFBundleIdentifier"="com.peachcommander.app", "CFBundleInfoDictionaryVersion"="6.0", "CFBundleName"="PeachCommander", "CFBundleNameLowerCase"="peachcommander", "CFBundleNumericVersion"=402685952, "CFBundlePackageType"="APPL", "CFBundleShortVersionString"="0.9.0", "CFBun<…>
2026-09-14 14:39:50.731 Df PeachCommander[24917:13f3c] [com.apple.xpc:connection] [0xbc3071e00] activating connection: mach=false listener=false peer=false name=com.apple.ViewBridgeAuxiliary
2026-09-14 14:39:50.736 Df PeachCommander[24917:13f3c] [com.apple.xpc:connection] [0xbc3071cc0] activating connection: mach=false listener=false peer=false name=(anonymous)
2026-09-14 14:39:50.736 Df PeachCommander[24917:13f3c] [com.apple.xpc:connection] [0xbc3071f40] activating connection: mach=false listener=true peer=false name=(anonymous)
2026-09-14 14:39:50.736 Df PeachCommander[24917:13f3c] [com.apple.xpc:connection] [0xbc3071f40] Connection returned listener port: 0xf103
2026-09-14 14:39:50.736 Df PeachCommander[24917:13f3c] [com.apple.xpc:connection] [0xbc3071e00] invalidated after the last release of the connection object
2026-09-14 14:39:50.737 I  PeachCommander[24917:13f3c] [com.apple.showhide:pr-59900543] SHOWHIDE: SHOW id=552 0x0-0x14A14A, err=0 eventTime=1674393419833 windowID=0
2026-09-14 14:39:50.737 I  PeachCommander[24917:13f3c] [com.apple.CarbonCore:coreservicesdaemon] findOrCreateCacheable():findOrCreateCacheable(), factoryName=3 cacheableName=<private> fCacheables.size()=0
2026-09-14 14:39:50.738 I  PeachCommander[24917:13f3c] [com.apple.CarbonCore:coreservicesdaemon] findOrCreateCacheable():findOrCreateCacheable(), result = 0xbc2edea80 (should be non-NULL)
2026-09-14 14:39:50.738 Df PeachCommander[24917:13f3c] [com.apple.AppKit:AutomaticTermination] void _NSDisableAutomaticTerminationAndLog(NSString *) Restoring windows
2026-09-14 14:39:50.738 Df PeachCommander[24917:13f3c] [com.apple.AppKit:StateRestoration] -[NSApplication _reopenWindowsAsNecessaryIncludingRestorableState:withFullFidelity:completionHandler:] shouldRestoreState=1 hasPersistentStateToRestore=0 shouldStillRestoreStateAfterPrompting=0
2026-09-14 14:39:50.738 Df PeachCommander[24917:13f3c] [com.apple.xpc:connection] [0xbc3071e00] activating connection: mach=true listener=false peer=false name=com.apple.window_proxies
2026-09-14 14:39:50.738 Df PeachCommander[24917:13f3c] [com.apple.xpc:connection] [0xbc3071e00] invalidated because the current process cancelled the connection by calling xpc_connection_cancel()
2026-09-14 14:39:50.738 I  PeachCommander[24917:13f3c] [com.apple.SkyLight:processes] 0[outside of RPC]: SLSSetFrontProcessWithInfo(0x0-0x2 window=0 options=0x1
2026-09-14 14:39:50.738 I  PeachCommander[24917:13f3c] [com.apple.CoreAnalytics:client] Dropping "com.apple.appkit.app_config" as it isn't used in any transform (not in the config or budgeted?)
2026-09-14 14:39:50.738 Df PeachCommander[24917:13f3c] [com.apple.AppKit:AutomaticTermination] void _NSEnableAutomaticTerminationAndLog(NSString *) Restoring windows
2026-09-14 14:39:50.741 I  PeachCommander[24917:13f3c] [com.apple.CoreAnalytics:client] Dropping "com.apple.appkit.app_config" as it isn't used in any transform (not in the config or budgeted?)
2026-09-14 14:39:50.741 I  PeachCommander[24917:13f3c] [com.apple.CoreAnalytics:client] Dropping "com.apple.appkit.app_config" as it isn't used in any transform (not in the config or budgeted?)
2026-09-14 14:39:50.751 A  PeachCommander[24917:13f3c] (CoreFoundation) Loading Preferences From User CFPrefsD
2026-09-14 14:39:50.757 I  PeachCommander[24917:13f3c] [com.peachcommander:PCFoundation] VolumeManager initialized
2026-09-14 14:39:50.773 A  PeachCommander[24917:13f45] (RunningBoardServices) didChangeInheritances
2026-09-14 14:39:50.773 Df PeachCommander[24917:13f3c] [com.apple.BoardServices:XPCErrors] [C:1] Alloc <private>
2026-09-14 14:39:50.773 Df PeachCommander[24917:13f3c] [com.apple.xpc:connection] [0xbc335d180] activating connection: mach=false listener=false peer=false name=(anonymous)
2026-09-14 14:39:50.775 I  PeachCommander[24917:13f3c] [com.apple.AppKit:Window] context (0 -> ad08f3b5) for window 537
2026-09-14 14:39:50.776 Df PeachCommander[24917:13f44] [com.apple.corespotlight:index] (<private>) deleteSearchableItemsWithDomainIdentifiers, protectionClass:(null), domainIdentifiers number:1
2026-09-14 14:39:50.776 A  PeachCommander[24917:13f44] (CoreSpotlight) delete-domains
2026-09-14 14:39:50.776 Df PeachCommander[24917:13f45] [com.apple.corespotlight:index] CSInlineDonation:<private>: Skipping donation (feature flag disabled)
2026-09-14 14:39:50.776 Df PeachCommander[24917:13f45] (CoreSpotlight) sConnectionName: com.apple.spotlight.IndexAgent
2026-09-14 14:39:50.776 Df PeachCommander[24917:13f45] (CoreSpotlight) Start service name com.apple.spotlight.IndexAgent
2026-09-14 14:39:50.776 I  PeachCommander[24917:13f3c] [com.peachcommander:PCFoundation] MainWindowController initialized (config: <private>)
2026-09-14 14:39:50.776 Df PeachCommander[24917:13f45] [com.apple.xpc:connection] [0xbc335d400] activating connection: mach=true listener=false peer=false name=com.apple.spotlight.IndexAgent
2026-09-14 14:39:50.776 I  PeachCommander[24917:13f3c] [com.peachcommander:PCFoundation] SelectionState initialized
2026-09-14 14:39:50.776 I  PeachCommander[24917:13f3c] [com.peachcommander:PCFoundation] DirectoryModel initialized
2026-09-14 14:39:50.776 I  PeachCommander[24917:13f3c] [com.peachcommander:PCFoundation] VolumeManager initialized
2026-09-14 14:39:50.776 I  PeachCommander[24917:13f3c] [com.peachcommander:PCFoundation] PanelController initialized for <private> panel
2026-09-14 14:39:50.777 I  PeachCommander[24917:13f3c] [com.peachcommander:PCFoundation] SelectionState initialized
2026-09-14 14:39:50.777 I  PeachCommander[24917:13f3c] [com.peachcommander:PCFoundation] DirectoryModel initialized
2026-09-14 14:39:50.777 I  PeachCommander[24917:13f3c] [com.peachcommander:PCFoundation] VolumeManager initialized
2026-09-14 14:39:50.777 I  PeachCommander[24917:13f3c] [com.peachcommander:PCFoundation] PanelController initialized for <private> panel
2026-09-14 14:39:50.780 I  PeachCommander[24917:13f3c] [com.apple.AppKit:Animation] Running new animation: <private>
2026-09-14 14:39:50.780 I  PeachCommander[24917:13f3c] [com.apple.AppKit:Animation] Running new animation: <private>
2026-09-14 14:39:50.780 I  PeachCommander[24917:13f3c] [com.apple.AppKit:Animation] Running new animation: <private>
2026-09-14 14:39:50.780 I  PeachCommander[24917:13f3c] [com.apple.AppKit:Animation] Running new animation: <private>
2026-09-14 14:39:50.780 I  PeachCommander[24917:13f3c] [com.apple.AppKit:Animation] Running new animation: <private>
2026-09-14 14:39:50.781 I  PeachCommander[24917:13f3c] [com.apple.AppKit:Animation] Running new animation: <private>
2026-09-14 14:39:50.781 I  PeachCommander[24917:13f3c] [com.apple.AppKit:Animation] Running new animation: <private>
2026-09-14 14:39:50.781 I  PeachCommander[24917:13f3c] [com.apple.AppKit:Animation] Running new animation: <private>
2026-09-14 14:39:50.781 I  PeachCommander[24917:13f3c] [com.apple.AppKit:Animation] Running new animation: <private>
2026-09-14 14:39:50.781 I  PeachCommander[24917:13f3c] [com.apple.AppKit:Animation] Running new animation: <private>
2026-09-14 14:39:50.787 I  PeachCommander[24917:13f3c] [com.apple.CoreAnalytics:client] Dropping "com.apple.appkit.app_config" as it isn't used in any transform (not in the config or budgeted?)
2026-09-14 14:39:50.789 I  PeachCommander[24917:13f3c] [com.apple.CoreAnalytics:client] Dropping "com.apple.appkit.app_config" as it isn't used in any transform (not in the config or budgeted?)
2026-09-14 14:39:50.793 I  PeachCommander[24917:13f3c] [com.apple.launchservices:datasep] application record search init. Node: <FSNode 0xbc34dab20> { isDir = ?, path = <private> } bundleID: (null) itemID: 0
2026-09-14 14:39:50.794 I  PeachCommander[24917:13f3c] [com.apple.GenerativeModels:availability] Current availability state: unavailable, use cases: com.apple.Settings.AppleIntelligence,com.apple.Siri.NLRouter, language: en, api: <private>
2026-09-14 14:39:50.794 Df PeachCommander[24917:13f3c] [com.apple.GenerativeModels:availability] isOkayToHaveAsset: False
2026-09-14 14:39:50.794 E  PeachCommander[24917:13f3c] [com.apple.siri:Utility] AFIsDeviceGreymatterEligible Missing entitlements for os_eligibility lookup
2026-09-14 14:39:50.794 I  PeachCommander[24917:13f3c] [com.apple.GenerativeModels:availability] Current availability state: unavailable, use cases: com.apple.Settings.AppleIntelligence, language: en, api: <private>
2026-09-14 14:39:50.794 Df PeachCommander[24917:13f3c] [com.apple.GenerativeModels:availability] isOkayToHaveAsset: False
2026-09-14 14:39:50.794 Df PeachCommander[24917:13f3c] [com.apple.siri:Utility] -[AFSystemAssistantExperienceStatusManager fetchGenerativeModelsAvailability] #SAEStatus #cacheUpdate Updating cache:
deviceSupportsSAE: 0 (0)
       saeEnabled: 0 (0)
     saeAvailable: 0 (0)
      swaiEnabled: 0 (0)
        viEnabled: 0 (0)
        siriAvailability:
        <private>
        ((null))
2026-09-14 14:39:50.794 Df PeachCommander[24917:13f3c] [com.apple.xpc:connection] [0xbc352c140] activating connection: mach=true listener=false peer=false name=com.apple.iconservices
2026-09-14 14:39:50.794 Df PeachCommander[24917:13f3c] [com.apple.xpc:connection] [0xbc352c280] activating connection: mach=true listener=false peer=false name=com.apple.iconservices.store
2026-09-14 14:39:50.798 I  PeachCommander[24917:13f3c] [com.peachcommander:Theme] no user themes in /Users/admin/pc-cfg/themes
2026-09-14 14:39:50.799 Df PeachCommander[24917:13f3c] [com.apple.AppKit:Appearance] Invalidate NSApp effectiveAppearance
2026-09-14 14:39:50.799 Df PeachCommander[24917:13f3c] [com.apple.AppKit:Appearance] NSApp cache appearance:
-NSRequiresAquaSystemAppearance: 0
-appearance: (null)
-effectiveAppearance: <NSCompositeAppearance: 0xbc2c60500
 (
    "<NSAquaAppearance: 0xbc2c60820>",
    "<NSSystemAppearance: 0xbc2c60780>"
)>
2026-09-14 14:39:50.799 A  PeachCommander[24917:13f45] (libsystem_info.dylib) Retrieve Group by ID
2026-09-14 14:39:50.799 I  PeachCommander[24917:13f3c] [com.peachcommander:PCFoundation] Theme applied: id=system, appearance=system, dark=false, background=#FFFFFF
2026-09-14 14:39:50.823 I  PeachCommander[24917:13f3c] [com.apple.iconservices:foundation] layer data size zero
2026-09-14 14:39:50.823 I  PeachCommander[24917:13f3c] [com.apple.CoreAnalytics:client] Dropping "com.apple.appkit.app_config" as it isn't used in any transform (not in the config or budgeted?)
2026-09-14 14:39:50.827 I  PeachCommander[24917:13f3c] [com.peachcommander:PCFoundation] Keymap loaded: scheme=<private>, 82 effective bindings
2026-09-14 14:39:50.828 I  PeachCommander[24917:13f3c] [com.apple.AppKit:Animation] Running new animation: <private>
2026-09-14 14:39:50.828 I  PeachCommander[24917:13f3c] [com.apple.AppKit:Animation] Running new animation: <private>
2026-09-14 14:39:50.828 I  PeachCommander[24917:13f3c] [com.apple.AppKit:Animation] Running new animation: <private>
2026-09-14 14:39:50.828 I  PeachCommander[24917:13f3c] [com.apple.AppKit:Animation] Running new animation: <private>
2026-09-14 14:39:50.828 I  PeachCommander[24917:13f3c] [com.apple.AppKit:Animation] Running new animation: <private>
2026-09-14 14:39:50.828 I  PeachCommander[24917:13f3c] [com.apple.AppKit:Animation] Running new animation: <private>
2026-09-14 14:39:50.828 I  PeachCommander[24917:13f3c] [com.apple.AppKit:Animation] Running new animation: <private>
2026-09-14 14:39:50.828 I  PeachCommander[24917:13f3c] [com.apple.AppKit:Animation] Running new animation: <private>
2026-09-14 14:39:50.828 I  PeachCommander[24917:13f3c] [com.apple.AppKit:Animation] Running new animation: <private>
2026-09-14 14:39:50.828 I  PeachCommander[24917:13f3c] [com.apple.AppKit:Animation] Running new animation: <private>
2026-09-14 14:39:50.831 I  PeachCommander[24917:13f3c] [com.apple.CoreAnalytics:client] Dropping "<private>" as it isn't used in any transform (not in the config or budgeted?)
2026-09-14 14:39:50.831 I  PeachCommander[24917:13f3c] [com.apple.CoreAnalytics:client] Dropping "<private>" as it isn't used in any transform (not in the config or budgeted?)
2026-09-14 14:39:50.831 I  PeachCommander[24917:13f3c] [com.apple.CoreAnalytics:client] Dropping "<private>" as it isn't used in any transform (not in the config or budgeted?)
2026-09-14 14:39:50.831 I  PeachCommander[24917:13f3c] [com.peachcommander:PCFoundation] MainWindowController window loaded
2026-09-14 14:39:50.832 I  PeachCommander[24917:13f3c] [com.apple.launchservices:cas] information in shared memory for 0x0-0x14a14a with seed 535 was still valid, so using cached info { "ApplicationType"="Foreground", "BuildMachineOSBuild"="25E246", "BundleIdentifierLowerCase"="com.peachcommander.app", "CFBundleDevelopmentRegion"="en", "CFBundleDocumentTypes"=( { "CFBundleTypeName"="Peach Commander Plugin Package", "CFBundleTypeRole"="Viewer", "LSHandlerRank"="Owner", "LSItemContentTypes"=( "com.peachcommander.plugin-package") }), "CFBundleExecutable"="PeachCommander", "CFBundleExecutablePath"="/Users/admin/pc-test/PeachCommander.app/Contents/MacOS/PeachCommander", "CFBundleExecutablePathDeviceID"=16777227, "CFBundleExecutablePathINode"=488133, "CFBundleHelpBookFolder"="PeachCommander.help", "CFBundleHelpBookName"="Peach Commander Help", "CFBundleIconFile"="AppIcon", "CFBundleIconName"="AppIcon", "CFBundleIdentifier"="com.peachcommander.app", "CFBundleInfoDictionaryVersion"="6.0", "CFBundleName"="PeachCommander", "CFBundleNameLowerCase"="peachcommander", "CFBundleNumericVersion"=402685952, "CFBundlePackageType"="APPL", "CFBundleShortVersionString"="0.9.0", "CFBun<…>
2026-09-14 14:39:50.832 I  PeachCommander[24917:13f3c] [com.apple.launchservices:cas] information in shared memory for 0x0-0x14a14a with seed 535 was still valid, so using cached info { "ApplicationType"="Foreground", "BuildMachineOSBuild"="25E246", "BundleIdentifierLowerCase"="com.peachcommander.app", "CFBundleDevelopmentRegion"="en", "CFBundleDocumentTypes"=( { "CFBundleTypeName"="Peach Commander Plugin Package", "CFBundleTypeRole"="Viewer", "LSHandlerRank"="Owner", "LSItemContentTypes"=( "com.peachcommander.plugin-package") }), "CFBundleExecutable"="PeachCommander", "CFBundleExecutablePath"="/Users/admin/pc-test/PeachCommander.app/Contents/MacOS/PeachCommander", "CFBundleExecutablePathDeviceID"=16777227, "CFBundleExecutablePathINode"=488133, "CFBundleHelpBookFolder"="PeachCommander.help", "CFBundleHelpBookName"="Peach Commander Help", "CFBundleIconFile"="AppIcon", "CFBundleIconName"="AppIcon", "CFBundleIdentifier"="com.peachcommander.app", "CFBundleInfoDictionaryVersion"="6.0", "CFBundleName"="PeachCommander", "CFBundleNameLowerCase"="peachcommander", "CFBundleNumericVersion"=402685952, "CFBundlePackageType"="APPL", "CFBundleShortVersionString"="0.9.0", "CFBun<…>
2026-09-14 14:39:50.841 I  PeachCommander[24917:13f3c] [com.apple.AppKit:Window] order window front conditionally: 537 related: 0
2026-09-14 14:39:50.841 Df PeachCommander[24917:13f3c] [com.apple.AppKit:AutomaticTermination] void _NSEnableAutomaticTerminationAndLog(NSString *) No windows open yet
2026-09-14 14:39:50.841 I  PeachCommander[24917:13f3c] [com.apple.AppKit:Intelligence] starting collection observation
2026-09-14 14:39:50.841 Df PeachCommander[24917:13f45] [com.apple.UIIntelligenceSupport:xpc] establishing connection to agent
2026-09-14 14:39:50.841 Df PeachCommander[24917:13f45] [com.apple.xpc:session] [0xbc21fd130] Session created.
2026-09-14 14:39:50.841 Df PeachCommander[24917:13f45] [com.apple.xpc:session] [0xbc21fd130] Session created from connection [0xbc352e300]
2026-09-14 14:39:50.841 Df PeachCommander[24917:13f45] [com.apple.xpc:connection] [0xbc352e300] activating connection: mach=true listener=false peer=false name=com.apple.uiintelligencesupport.agent
2026-09-14 14:39:50.841 Df PeachCommander[24917:13f45] [com.apple.xpc:session] [0xbc21fd130] Session activated
2026-09-14 14:39:50.841 I  PeachCommander[24917:13f3c] [com.apple.SkyLight:processes] 0[outside of RPC]: SLSSetFrontProcessWithInfo(0x0-0x2 window=0 options=0x1
2026-09-14 14:39:50.842 Df PeachCommander[24917:13f4a] [com.apple.UIIntelligenceSupport:xpc] Connection established with agent PID: 1205
2026-09-14 14:39:50.842 I  PeachCommander[24917:13f3c] [com.apple.launchservices:cas] information in shared memory for 0x0-0x14a14a with seed 535 was still valid, so using cached info { "ApplicationType"="Foreground", "BuildMachineOSBuild"="25E246", "BundleIdentifierLowerCase"="com.peachcommander.app", "CFBundleDevelopmentRegion"="en", "CFBundleDocumentTypes"=( { "CFBundleTypeName"="Peach Commander Plugin Package", "CFBundleTypeRole"="Viewer", "LSHandlerRank"="Owner", "LSItemContentTypes"=( "com.peachcommander.plugin-package") }), "CFBundleExecutable"="PeachCommander", "CFBundleExecutablePath"="/Users/admin/pc-test/PeachCommander.app/Contents/MacOS/PeachCommander", "CFBundleExecutablePathDeviceID"=16777227, "CFBundleExecutablePathINode"=488133, "CFBundleHelpBookFolder"="PeachCommander.help", "CFBundleHelpBookName"="Peach Commander Help", "CFBundleIconFile"="AppIcon", "CFBundleIconName"="AppIcon", "CFBundleIdentifier"="com.peachcommander.app", "CFBundleInfoDictionaryVersion"="6.0", "CFBundleName"="PeachCommander", "CFBundleNameLowerCase"="peachcommander", "CFBundleNumericVersion"=402685952, "CFBundlePackageType"="APPL", "CFBundleShortVersionString"="0.9.0", "CFBun<…>
2026-09-14 14:39:50.842 Df PeachCommander[24917:13f3c] [com.apple.xpc:connection] [0xbc352e440] activating connection: mach=true listener=false peer=false name=com.apple.FileCoordination
2026-09-14 14:39:50.842 Df PeachCommander[24917:13f4a] [com.apple.foundation.filecoordination:presenter] Adding presenter 98E6D7E3-16D5-41F6-B0F2-83D62F1B69AE for URL: <private>
2026-09-14 14:39:50.842 I  PeachCommander[24917:13f3c] [com.apple.launchservices:cas] information in shared memory for 0x0-0x14a14a with seed 535 was still valid, so using cached info { "ApplicationType"="Foreground", "BuildMachineOSBuild"="25E246", "BundleIdentifierLowerCase"="com.peachcommander.app", "CFBundleDevelopmentRegion"="en", "CFBundleDocumentTypes"=( { "CFBundleTypeName"="Peach Commander Plugin Package", "CFBundleTypeRole"="Viewer", "LSHandlerRank"="Owner", "LSItemContentTypes"=( "com.peachcommander.plugin-package") }), "CFBundleExecutable"="PeachCommander", "CFBundleExecutablePath"="/Users/admin/pc-test/PeachCommander.app/Contents/MacOS/PeachCommander", "CFBundleExecutablePathDeviceID"=16777227, "CFBundleExecutablePathINode"=488133, "CFBundleHelpBookFolder"="PeachCommander.help", "CFBundleHelpBookName"="Peach Commander Help", "CFBundleIconFile"="AppIcon", "CFBundleIconName"="AppIcon", "CFBundleIdentifier"="com.peachcommander.app", "CFBundleInfoDictionaryVersion"="6.0", "CFBundleName"="PeachCommander", "CFBundleNameLowerCase"="peachcommander", "CFBundleNumericVersion"=402685952, "CFBundlePackageType"="APPL", "CFBundleShortVersionString"="0.9.0", "CFBun<…>
2026-09-14 14:39:50.845 I  PeachCommander[24917:13f3c] [com.apple.AppKit:Window] order all windows front 1674393419833
2026-09-14 14:39:50.845 I  PeachCommander[24917:13f3c] [com.apple.launchservices:cas] information in shared memory for 0x0-0x14a14a with seed 535 was still valid, so using cached info { "ApplicationType"="Foreground", "BuildMachineOSBuild"="25E246", "BundleIdentifierLowerCase"="com.peachcommander.app", "CFBundleDevelopmentRegion"="en", "CFBundleDocumentTypes"=( { "CFBundleTypeName"="Peach Commander Plugin Package", "CFBundleTypeRole"="Viewer", "LSHandlerRank"="Owner", "LSItemContentTypes"=( "com.peachcommander.plugin-package") }), "CFBundleExecutable"="PeachCommander", "CFBundleExecutablePath"="/Users/admin/pc-test/PeachCommander.app/Contents/MacOS/PeachCommander", "CFBundleExecutablePathDeviceID"=16777227, "CFBundleExecutablePathINode"=488133, "CFBundleHelpBookFolder"="PeachCommander.help", "CFBundleHelpBookName"="Peach Commander Help", "CFBundleIconFile"="AppIcon", "CFBundleIconName"="AppIcon", "CFBundleIdentifier"="com.peachcommander.app", "CFBundleInfoDictionaryVersion"="6.0", "CFBundleName"="PeachCommander", "CFBundleNameLowerCase"="peachcommander", "CFBundleNumericVersion"=402685952, "CFBundlePackageType"="APPL", "CFBundleShortVersionString"="0.9.0", "CFBun<…>
2026-09-14 14:39:50.845 I  PeachCommander[24917:13f3c] [com.apple.showhide:pr-59900543] SHOWHIDE: CONFIRM, id=552, err=0
2026-09-14 14:39:50.845 I  PeachCommander[24917:13f3c] [com.apple.AppKit:Window] context (0 -> 93c89cc0) for window 536
2026-09-14 14:39:50.845 I  PeachCommander[24917:13f3c] [com.apple.AppKit:Window] context (0 -> 1e3da842) for window 535
2026-09-14 14:39:50.845 I  PeachCommander[24917:13f3c] [com.apple.AppKit:Window] context (0 -> e10e3f29) for window 534
2026-09-14 14:39:50.845 I  PeachCommander[24917:13f3c] [com.apple.AppKit:Window] context (0 -> a2a5ed01) for window 533
2026-09-14 14:39:50.869 Df PeachCommander[24917:13f3c] [com.apple.AppKit:AutomaticTermination] void _updateToReflectAutomaticTerminationState(void) Setting _kLSApplicationWouldBeTerminatedByTALKey=0
2026-09-14 14:39:50.869 I  PeachCommander[24917:13f3c] [com.apple.runningboard:assertion] Acquiring assertion: <RBSAssertionDescriptor| "AppNap adapter assertion" ID:(null) target:24917>
2026-09-14 14:39:50.903 A  PeachCommander[24917:13f45] (RunningBoardServices) didChangeInheritances
2026-09-14 14:39:50.930 Df PeachCommander[24917:13f3c] [com.apple.libsystem.libdispatch:] DEPRECATED USE in libdispatch client: dispatch source activated with no event handler set; set a breakpoint on _dispatch_bug_deprecated to debug
2026-09-14 14:39:51.018 I  PeachCommander[24917:13f3c] [com.apple.coreanimation:Utilities] IOSurface Compression Enabled: NO
2026-09-14 14:39:51.019 Df PeachCommander[24917:13f44] [com.apple.coreanimation:Metal] Precompiled pipelines disabled on unsupported hardware.
2026-09-14 14:39:51.031 I  PeachCommander[24917:13f3c] [com.apple.CarbonCore:gestalt] SetGestaltValuesBulk SetGestaltValuesBulk( count=22 tuples=0x18552e650
2026-09-14 14:39:51.031 I  PeachCommander[24917:13f3c] [com.apple.CarbonCore:gestalt] SetGestaltValue SetGestaltValue(alis 1C9) => 0
2026-09-14 14:39:51.031 I  PeachCommander[24917:13f3c] [com.apple.CarbonCore:gestalt] SetGestaltValue SetGestaltValue(os   FE) => 0
2026-09-14 14:39:51.031 I  PeachCommander[24917:13f3c] [com.apple.CarbonCore:gestalt] SetGestaltValue SetGestaltValue(addr 7) => 0
2026-09-14 14:39:51.031 I  PeachCommander[24917:13f3c] [com.apple.CarbonCore:gestalt] SetGestaltValue SetGestaltValue(fs   3D332) => 0
2026-09-14 14:39:51.031 I  PeachCommander[24917:13f3c] [com.apple.CarbonCore:gestalt] SetGestaltValue SetGestaltValue(fold 11) => 0
2026-09-14 14:39:51.031 I  PeachCommander[24917:13f3c] [com.apple.CarbonCore:gestalt] SetGestaltValue SetGestaltValue(lram 7FFFF000) => 0
2026-09-14 14:39:51.031 I  PeachCommander[24917:13f3c] [com.apple.CarbonCore:gestalt] SetGestaltValue SetGestaltValue(mmap 1) => 0
2026-09-14 14:39:51.031 I  PeachCommander[24917:13f3c] [com.apple.CarbonCore:gestalt] SetGestaltValue SetGestaltValue(cfrg 1) => 0
2026-09-14 14:39:51.031 I  PeachCommander[24917:13f3c] [com.apple.CarbonCore:gestalt] SetGestaltValue SetGestaltValue(thds 7) => 0
2026-09-14 14:39:51.031 I  PeachCommander[24917:13f3c] [com.apple.CarbonCore:gestalt] SetGestaltValue SetGestaltValue(tmgr E) => 0
2026-09-14 14:39:51.031 I  PeachCommander[24917:13f3c] [com.apple.CarbonCore:gestalt] SetGestaltValue SetGestaltValue(vers 7) => 0
2026-09-14 14:39:51.031 I  PeachCommander[24917:13f3c] [com.apple.CarbonCore:gestalt] SetGestaltValue SetGestaltValue(cbon 160) => 0
2026-09-14 14:39:51.031 I  PeachCommander[24917:13f3c] [com.apple.CarbonCore:gestalt] SetGestaltValue SetGestaltValue(cltn 1108000) => 0
2026-09-14 14:39:51.031 I  PeachCommander[24917:13f3c] [com.apple.CarbonCore:gestalt] SetGestaltValue SetGestaltValue(cpnt 8) => 0
2026-09-14 14:39:51.031 I  PeachCommander[24917:13f3c] [com.apple.CarbonCore:gestalt] SetGestaltValue SetGestaltValue(rsrc 3) => 0
2026-09-14 14:39:51.031 I  PeachCommander[24917:13f3c] [com.apple.CarbonCore:gestalt] SetGestaltValue SetGestaltValue(rmbg 11F) => 0
2026-09-14 14:39:51.031 I  PeachCommander[24917:13f3c] [com.apple.CarbonCore:gestalt] SetGestaltValue SetGestaltValue(vm   11) => 0
2026-09-14 14:39:51.031 I  PeachCommander[24917:13f3c] [com.apple.CarbonCore:gestalt] SetGestaltValue SetGestaltValue(srad 4170706C) => 0
2026-09-14 14:39:51.031 I  PeachCommander[24917:13f3c] [com.apple.CarbonCore:gestalt] SetGestaltValue SetGestaltValue(sysa 14) => 0
2026-09-14 14:39:51.031 I  PeachCommander[24917:13f3c] [com.apple.CarbonCore:gestalt] SetGestaltValue SetGestaltValue(copl 9) => 0
2026-09-14 14:39:51.031 I  PeachCommander[24917:13f3c] [com.apple.CarbonCore:gestalt] SetGestaltValue SetGestaltValue(xlat 0) => 0
2026-09-14 14:39:51.031 I  PeachCommander[24917:13f3c] [com.apple.CarbonCore:gestalt] SetGestaltValue SetGestaltValue(stdf 0) => 0
2026-09-14 14:39:51.031 I  PeachCommander[24917:13f3c] [com.apple.CarbonCore:gestalt] _NewGestalt _NewGestalt(ram  0x1854a7644) => 0
2026-09-14 14:39:51.031 I  PeachCommander[24917:13f3c] [com.apple.CarbonCore:gestalt] _NewGestalt _NewGestalt(ramm 0x1854a7644) => 0
2026-09-14 14:39:51.031 I  PeachCommander[24917:13f3c] [com.apple.CarbonCore:gestalt] _NewGestalt _NewGestalt(cput 0x1854a7734) => 0
2026-09-14 14:39:51.031 I  PeachCommander[24917:13f3c] [com.apple.CarbonCore:gestalt] _NewGestalt _NewGestalt(cpuf 0x1854a7764) => 0
2026-09-14 14:39:51.031 I  PeachCommander[24917:13f3c] [com.apple.CarbonCore:gestalt] _NewGestalt _NewGestalt(bclk 0x1854a7794) => 0
2026-09-14 14:39:51.031 I  PeachCommander[24917:13f3c] [com.apple.CarbonCore:gestalt] _NewGestalt _NewGestalt(bclm 0x1854a7794) => 0
2026-09-14 14:39:51.031 I  PeachCommander[24917:13f3c] [com.apple.CarbonCore:gestalt] _NewGestalt _NewGestalt(pclk 0x1854a7834) => 0
2026-09-14 14:39:51.031 I  PeachCommander[24917:13f3c] [com.apple.CarbonCore:gestalt] _NewGestalt _NewGestalt(mclk 0x1854a7834) => 0
2026-09-14 14:39:51.031 I  PeachCommander[24917:13f3c] [com.apple.CarbonCore:gestalt] _NewGestalt _NewGestalt(a/ux 0x1854a794c) => 0
2026-09-14 14:39:51.031 I  PeachCommander[24917:13f3c] [com.apple.CarbonCore:gestalt] _NewGestalt _NewGestalt(pgsz 0x1854a7954) => 0
2026-09-14 14:39:51.031 I  PeachCommander[24917:13f3c] [com.apple.CarbonCore:gestalt] _NewGestalt _NewGestalt(csiz 0x1854a7994) => 0
2026-09-14 14:39:51.031 I  PeachCommander[24917:13f3c] [com.apple.CarbonCore:gestalt] _NewGestalt _NewGestalt(sysv 0x185452dfc) => 0
2026-09-14 14:39:51.031 I  PeachCommander[24917:13f3c] [com.apple.CarbonCore:gestalt] _NewGestalt _NewGestalt(sys1 0x185452dfc) => 0
2026-09-14 14:39:51.031 I  PeachCommander[24917:13f3c] [com.apple.CarbonCore:gestalt] _NewGestalt _NewGestalt(sys2 0x185452dfc) => 0
2026-09-14 14:39:51.031 I  PeachCommander[24917:13f3c] [com.apple.CarbonCore:gestalt] _NewGestalt _NewGestalt(sys3 0x185452dfc) => 0
2026-09-14 14:39:51.031 I  PeachCommander[24917:13f3c] [com.apple.CarbonCore:gestalt] _NewGestalt _NewGestalt(cdfl 0x1854a79d4) => 0
2026-09-14 14:39:51.031 I  PeachCommander[24917:13f3c] [com.apple.CarbonCore:gestalt] _NewGestalt _NewGestalt(cdrm 0x1854a7c30) => 0
2026-09-14 14:39:51.031 I  PeachCommander[24917:13f3c] [com.apple.CarbonCore:gestalt] _NewGestalt _NewGestalt(cpus 0x1854a7c78) => 0
2026-09-14 14:39:51.031 I  PeachCommander[24917:13f3c] [com.apple.CarbonCore:gestalt] SetGestaltValue SetGestaltValue(swex 1) => 0
2026-09-14 14:39:51.031 Df PeachCommander[24917:13f3c] [com.apple.xpc:connection] [0xbc352f980] activating connection: mach=false listener=false peer=false name=com.apple.hiservices-xpcservice
2026-09-14 14:39:51.032 I  PeachCommander[24917:13f3c] [com.apple.CFPasteboard:entry] CopyData('ApplePerContextInputPasteboard' (<CFUUID 0xbc18843c0> 06E5EB41-DD7D-43BE-9F3A-EA22C1D46A0A) gen: -1 item: 1264739405 flavor: 'ApplePerContextInputFlavor')
2026-09-14 14:39:51.032 I  PeachCommander[24917:13f3c] [com.apple.CFPasteboard:cache] Rebuilding cache for 'ApplePerContextInputPasteboard' (<CFUUID 0xbc18843c0> 06E5EB41-DD7D-43BE-9F3A-EA22C1D46A0A)
2026-09-14 14:39:51.032 I  PeachCommander[24917:13f3c] [com.apple.CFPasteboard:general] Will request data from daemon
2026-09-14 14:39:51.032 I  PeachCommander[24917:13f3c] [com.apple.CFPasteboard:exit] (not-in-cache) - result: 0 generation: 1 data (182 bytes) flags: 0
2026-09-14 14:39:51.032 I  PeachCommander[24917:13f3c] [com.apple.CFPasteboard:entry] CopyData('DefaultAsciiKeyboardLayoutPasteboard' (<CFUUID 0xbc2c3dfc0> 7F2F5629-A61E-4B74-954E-D76780302989) gen: -1 item: 1264739405 flavor: 'DefaultAsciiKeyboardLayoutFlavor')
2026-09-14 14:39:51.032 I  PeachCommander[24917:13f3c] [com.apple.CFPasteboard:exit] (not-in-cache) - result: -8 generation: 0 null data flags: 0
2026-09-14 14:39:51.034 I  PeachCommander[24917:13f3c] [com.apple.AppKit:Window] context (0 -> ed206ae2) for window 538
2026-09-14 14:39:51.034 Df PeachCommander[24917:13f3c] [com.apple.inputmethodkitClient:Client] +[IMKClient subclass]: chose IMKClient_Modern
2026-09-14 14:39:51.035 Df PeachCommander[24917:13f3c] [com.apple.BoardServices:XPCErrors] [C:2] Alloc com.apple.backboard.hid-services.xpc
2026-09-14 14:39:51.035 Df PeachCommander[24917:13f3c] [com.apple.xpc:connection] [0xbc352fac0] activating connection: mach=false listener=false peer=false name=(anonymous)
2026-09-14 14:39:51.035 E  PeachCommander[24917:13fd7] [com.apple.BaseBoard:Common] Unable to obtain a task name port right for pid 165: (os/kern) failure (0x5)
2026-09-14 14:39:51.035 Df PeachCommander[24917:13fd7] [com.apple.xpc:connection] [0xbc352e940] activating connection: mach=false listener=false peer=false name=com.apple.TextInputUI.xpc.CursorUIViewService
2026-09-14 14:39:51.035 Df PeachCommander[24917:13f51] [com.apple.xpc:connection] [0xbc352e940] invalidated after the last release of the connection object
2026-09-14 14:39:51.035 I  PeachCommander[24917:13f3c] [com.apple.CFPasteboard:entry] CopyData('DefaultAsciiKeyboardLayoutPasteboard' (<CFUUID 0xbc2c3dfc0> 7F2F5629-A61E-4B74-954E-D76780302989) gen: -1 item: 1264739405 flavor: 'DefaultAsciiKeyboardLayoutFlavor')
2026-09-14 14:39:51.035 I  PeachCommander[24917:13f3c] [com.apple.CFPasteboard:exit] (not-in-cache) - result: -8 generation: 0 null data flags: 0
2026-09-14 14:39:51.036 Df PeachCommander[24917:13f3c] [com.apple.xpc:connection] [0xbc352e6c0] activating connection: mach=false listener=false peer=false name=(anonymous)
2026-09-14 14:39:51.036 Df PeachCommander[24917:13f3c] [com.apple.xpc:connection] [0xbc352e940] activating connection: mach=false listener=false peer=false name=com.apple.ViewBridgeAuxiliary
2026-09-14 14:39:51.036 Df PeachCommander[24917:13f3c] [com.apple.xpc:connection] [0xbc352e580] activating connection: mach=false listener=false peer=false name=(anonymous)
2026-09-14 14:39:51.036 Df PeachCommander[24917:13f3c] [com.apple.xpc:connection] [0xbc352e940] invalidated after the last release of the connection object
2026-09-14 14:39:51.052 Df PeachCommander[24917:13f3c] [com.apple.TextInputUI:CursorUI] -[TUINSCursorUIController activate:]_block_invoke: Create CursorUIViewService: TUINSRemoteViewController
2026-09-14 14:39:51.052 I  PeachCommander[24917:13f3c] [com.apple.AppKit:Window] window <TUINSWindow: 0xbc18d0a00> windowNumber=538 finishing close
2026-09-14 14:39:51.052 I  PeachCommander[24917:13f3c] [com.apple.AppKit:Window] order window: 538 op: 0 relative: 0 related: 0
2026-09-14 14:39:51.057 A  PeachCommander[24917:13f44] (CoreFoundation) Loading Preferences From System CFPrefsD
2026-09-14 14:39:51.138 Df PeachCommander[24917:13f3c] [com.apple.BoardServices:XPCErrors] [C:3] Alloc com.apple.backboard.hid-services.xpc
2026-09-14 14:39:51.138 Df PeachCommander[24917:13f3c] [com.apple.xpc:connection] [0xbc352e080] activating connection: mach=false listener=false peer=false name=(anonymous)
2026-09-14 14:39:51.138 Df PeachCommander[24917:13fd7] [com.apple.BackBoard:EventDelivery] BKSHIDEventDeliveryManager - connection activation
2026-09-14 14:39:51.151 I  PeachCommander[24917:13f3c] [com.apple.iconservices:foundation] layer data size zero
2026-09-14 14:39:51.152 A  PeachCommander[24917:13f3c] (CoreFoundation) Loading Preferences From User CFPrefsD
2026-09-14 14:39:51.152 I  PeachCommander[24917:13f3c] [com.apple.CoreAnalytics:client] Dropping "com.apple.ImageIO.readerSelection" as it isn't used in any transform (not in the config or budgeted?)
2026-09-14 14:39:51.169 I  PeachCommander[24917:13f3c] [com.peachcommander:PCFoundation] Session restored
2026-09-14 14:39:51.169 Df PeachCommander[24917:13f3c] (Foundation) <private>
2026-09-14 14:39:51.169 I  PeachCommander[24917:13f3c] [com.peachcommander:PCFoundation] [automation] running /Users/admin/auto.txt
2026-09-14 14:39:51.169 Df PeachCommander[24917:13f3c] (Foundation) <private>
2026-09-14 14:39:51.169 I  PeachCommander[24917:13f3c] [com.peachcommander:PCFoundation] [automation] > active left
2026-09-14 14:39:51.169 Df PeachCommander[24917:13f3c] (Foundation) <private>
2026-09-14 14:39:51.170 I  PeachCommander[24917:13f3c] [com.peachcommander:PCFoundation] [automation] > left /Users/admin/pc-demo
2026-09-14 14:39:51.240 I  PeachCommander[24917:13f3c] [com.apple.CoreAnalytics:client] Dropping "com.apple.appkit.app_config" as it isn't used in any transform (not in the config or budgeted?)
2026-09-14 14:39:51.241 I  PeachCommander[24917:13f3c] [com.apple.launchservices:datasep] application record search init. Node: <FSNode 0xbc3fc1280> { isDir = y, path = <private> } bundleID: (null) itemID: 0
2026-09-14 14:39:51.241 I  PeachCommander[24917:13f3c] [com.apple.launchservices:datasep] application record search init. Node: <FSNode 0xbc3fc1280> { isDir = y, path = <private> } bundleID: (null) itemID: 0
2026-09-14 14:39:51.241 I  PeachCommander[24917:13f3c] [com.apple.SafariPlatformSupport:SafariPlatformSupport] -[SFSafariPlatformSupport credentialSelected:] with nil credential
2026-09-14 14:39:51.241 I  PeachCommander[24917:13f3c] [com.apple.SafariPlatformSupport:SafariPlatformSupport] -[SFSafariPlatformSupport oneTimeCodeSelected:] with nil code
2026-09-14 14:39:51.278 I  PeachCommander[24917:13fd8] [com.apple.AppKit:WindowTab] Indexing 1 items
2026-09-14 14:39:51.278 A  PeachCommander[24917:13fd8] (CoreSpotlight) end-index-batch
2026-09-14 14:39:51.278 Df PeachCommander[24917:13fd8] [com.apple.corespotlight:index] *warn* MailCS ======%%% _setMailMessageAttributes skip:1
2026-09-14 14:39:51.278 A  PeachCommander[24917:13fd8] (CoreSpotlight) index-items
2026-09-14 14:39:51.279 Df PeachCommander[24917:13fd8] [com.apple.corespotlight:index] CSInlineDonation:<private>: Skipping donation (feature flag disabled)
2026-09-14 14:39:51.279 Df PeachCommander[24917:13fd8] [com.apple.corespotlight:index] CSInlineDonation:<private>: Skipping donation (feature flag disabled)
2026-09-14 14:39:51.386 I  PeachCommander[24917:13f3c] [com.apple.HIToolbox:MBDisplays] <private>
2026-09-14 14:39:51.386 I  PeachCommander[24917:13f3c] [com.apple.HIToolbox:MBDisplays] <private>
2026-09-14 14:39:51.576 Df PeachCommander[24917:13f51] [com.apple.xpc:connection] [0xbc352e1c0] activating connection: mach=false listener=false peer=false name=com.apple.SafariPlatformSupport.Helper
2026-09-14 14:39:51.586 Df PeachCommander[24917:13f3c] (Foundation) <private>
2026-09-14 14:39:51.586 I  PeachCommander[24917:13f3c] [com.peachcommander:PCFoundation] [automation] > wait 1200
2026-09-14 14:39:51.606 I  PeachCommander[24917:13f3c] [com.apple.iconservices:foundation] layer data size zero
2026-09-14 14:39:51.640 Df PeachCommander[24917:13f45] [com.apple.xpc:connection] [0xbc352e1c0] invalidated after the last release of the connection object
2026-09-14 14:39:51.661 I  PeachCommander[24917:13f3c] [com.apple.launchservices:cas] Removing cached information for app [ 0x0-0x14a14a]  "PeachCommander", as its seed is different from that in shared memory ( 535 vs 537)
2026-09-14 14:39:51.662 Df PeachCommander[24917:13f3c] [com.apple.xpc:connection] [0xbc352dcc0] activating connection: mach=false listener=false peer=false name=(anonymous)
2026-09-14 14:39:51.662 Df PeachCommander[24917:13f3c] [com.apple.xpc:connection] [0xbc352e1c0] activating connection: mach=false listener=false peer=false name=(anonymous)
2026-09-14 14:39:51.662 I  PeachCommander[24917:13f3c] [com.apple.iconservices:foundation] layer data size zero
2026-09-14 14:39:51.663 I  PeachCommander[24917:13f3c] [com.apple.iconservices:foundation] layer data size zero
2026-09-14 14:39:51.663 I  PeachCommander[24917:13f3c] [com.apple.iconservices:foundation] layer data size zero
2026-09-14 14:39:51.663 I  PeachCommander[24917:13f3c] [com.apple.iconservices:foundation] layer data size zero
2026-09-14 14:39:51.959 I  PeachCommander[24917:13f3c] [com.apple.SafariPlatformSupport:SafariPlatformSupport] -[SPSafariPlatformSupport completionListPreferredContentSizeDidUpdate] with size {0, 0}, in window that is visible
2026-09-14 14:39:52.022 I  PeachCommander[24917:13fd8] [com.apple.AppKit:WindowTab] Indexing 1 items
2026-09-14 14:39:52.022 A  PeachCommander[24917:13fd8] (CoreSpotlight) end-index-batch
2026-09-14 14:39:52.022 A  PeachCommander[24917:13fd8] (CoreSpotlight) index-items
2026-09-14 14:39:52.022 Df PeachCommander[24917:13fd8] [com.apple.corespotlight:index] CSInlineDonation:<private>: Skipping donation (feature flag disabled)
2026-09-14 14:39:52.023 Df PeachCommander[24917:13fd8] [com.apple.corespotlight:index] CSInlineDonation:<private>: Skipping donation (feature flag disabled)
2026-09-14 14:39:52.867 Df PeachCommander[24917:13f3c] (Foundation) <private>
2026-09-14 14:39:52.867 I  PeachCommander[24917:13f3c] [com.peachcommander:PCFoundation] [automation] > focus hosts.txt
2026-09-14 14:39:52.888 I  PeachCommander[24917:13f3c] [com.apple.AppKit:Animation] Running new animation: <private>
2026-09-14 14:39:52.888 I  PeachCommander[24917:13f3c] [com.apple.AppKit:Animation] Running new animation: <private>
2026-09-14 14:39:52.888 I  PeachCommander[24917:13f3c] [com.apple.AppKit:Animation] Running new animation: <private>
2026-09-14 14:39:52.888 I  PeachCommander[24917:13f3c] [com.apple.AppKit:Animation] Running new animation: <private>
2026-09-14 14:39:52.918 Df PeachCommander[24917:13f3c] (Foundation) <private>
2026-09-14 14:39:52.918 I  PeachCommander[24917:13f3c] [com.peachcommander:PCFoundation] [automation] > wait 400
2026-09-14 14:39:52.958 I  PeachCommander[24917:13f3c] [com.apple.iconservices:foundation] layer data size zero
2026-09-14 14:39:53.154 I  PeachCommander[24917:13f3c] [com.apple.quicklook:Preview Loading] start loading item <private>
2026-09-14 14:39:53.154 I  PeachCommander[24917:13f3c] [com.apple.quicklook:Preview Loading] created <private> (customView: (null))
2026-09-14 14:39:53.154 I  PeachCommander[24917:13f3c] [com.apple.quicklook:Preview Loading] start loading <private> with forced displayBundleID (null)
2026-09-14 14:39:53.154 Df PeachCommander[24917:13fd8] [com.apple.foundation.filecoordination:claims] Read options: 200000 -- URL: <private> -- purposeID: 22F38F31-F10B-4078-88A4-1239C7E6F17F -- claimID: 3967D087-1019-4005-8AF4-62E656EA5A21
2026-09-14 14:39:53.155 Df PeachCommander[24917:13fd8] [com.apple.foundation.filecoordination:claims] Claim 3967D087-1019-4005-8AF4-62E656EA5A21 granted in client
2026-09-14 14:39:53.155 Df PeachCommander[24917:13fd8] [com.apple.foundation.filecoordination:claims] Claim 3967D087-1019-4005-8AF4-62E656EA5A21 invoked in client
2026-09-14 14:39:53.155 I  PeachCommander[24917:13fd8] [com.apple.quicklook:Preview Loading] got displayBundleID com.apple.qldisplay.Text for <private>
2026-09-14 14:39:53.159 I  PeachCommander[24917:13f3c] [com.apple.quicklook:Preview Loading] document <private> got display bundle <private>
2026-09-14 14:39:53.159 I  PeachCommander[24917:13fd8] [com.apple.quicklook:General] presentedItemURL: <private>
2026-09-14 14:39:53.159 I  PeachCommander[24917:13fd8] [com.apple.quicklook:General] presentedItemOperationQueue: <private>
2026-09-14 14:39:53.159 Df PeachCommander[24917:13fd8] [com.apple.foundation.filecoordination:presenter] Adding presenter 9982B09E-710B-4DBC-B7C5-8C1A15E42EDA for URL: <private>
2026-09-14 14:39:53.159 Df PeachCommander[24917:14034] [com.apple.foundation.filecoordination:claims] Read options: 0 -- URL: <private> -- purposeID: 5E8CEBA3-B604-4D3B-A63E-C63662D75C9E -- claimID: 202C00FF-8ACC-4D46-8CFA-E3578085A001
2026-09-14 14:39:53.160 Df PeachCommander[24917:13fd8] [com.apple.foundation.filecoordination:claims] Claim 202C00FF-8ACC-4D46-8CFA-E3578085A001 granted in client
2026-09-14 14:39:53.160 Df PeachCommander[24917:13fd8] [com.apple.foundation.filecoordination:claims] Claim 202C00FF-8ACC-4D46-8CFA-E3578085A001 invoked in client
2026-09-14 14:39:53.161 I  PeachCommander[24917:14034] [com.apple.quicklook:default] Getting <private> for 'Text Loading Options' from UTI '<private>' #UTI
2026-09-14 14:39:53.161 I  PeachCommander[24917:13f3c] [com.apple.inputAnalytics.client:IATextInputActions] initWithAnalyticsMetadataObserver service
2026-09-14 14:39:53.161 I  PeachCommander[24917:13f3c] [com.apple.quicklook:General] DID LOAD <private>
2026-09-14 14:39:53.163 I  PeachCommander[24917:13f3c] [com.apple.quicklook:Preview Loading] document <private> did load
2026-09-14 14:39:53.163 I  PeachCommander[24917:13f3c] [com.apple.quicklook:Preview Loading] setting displayable from (null) to <private>
2026-09-14 14:39:53.346 Df PeachCommander[24917:13f3c] (Foundation) <private>
2026-09-14 14:39:53.346 I  PeachCommander[24917:13f3c] [com.peachcommander:PCFoundation] [automation] > comment hosts.txt|a comment from the host side
2026-09-14 14:39:53.450 Df PeachCommander[24917:13f3c] (Foundation) <private>
2026-09-14 14:39:53.450 I  PeachCommander[24917:13f3c] [com.peachcommander:PCFoundation] [automation] > wait 800
2026-09-14 14:39:54.261 Df PeachCommander[24917:13f3c] (Foundation) <private>
2026-09-14 14:39:54.261 I  PeachCommander[24917:13f3c] [com.peachcommander:PCFoundation] [automation] > previewpanel on
2026-09-14 14:39:54.261 Df PeachCommander[24917:13f3c] (Foundation) <private>
2026-09-14 14:39:54.261 I  PeachCommander[24917:13f3c] [com.peachcommander:PCFoundation] [automation] > wait 2000
2026-09-14 14:39:56.312 Df PeachCommander[24917:13f3c] (Foundation) <private>
2026-09-14 14:39:56.312 I  PeachCommander[24917:13f3c] [com.peachcommander:PCFoundation] [automation] > previewtab Notes
2026-09-14 14:39:56.313 Df PeachCommander[24917:13f3c] [com.apple.xpc:connection] [0xbc352f5c0] activating connection: mach=false listener=false peer=false name=com.apple.speech.SpeechSynthesisServerXPC
2026-09-14 14:39:56.319 Df PeachCommander[24917:13f3c] [com.apple.TextInputUI:CursorUI] -[TUINSCursorUIController scheduleUpdateCursorLocation]
2026-09-14 14:39:56.322 Df PeachCommander[24917:13f3c] [com.apple.TextInputUI:CursorUI] -[TUINSCursorUIController scheduleUpdateCursorLocation]
2026-09-14 14:39:56.322 Df PeachCommander[24917:13f3c] [com.apple.TextInputUI:CursorUI] -[TUINSCursorUIController scheduleUpdateCursorLocation]
2026-09-14 14:39:56.353 Df PeachCommander[24917:13f3c] (Foundation) <private>
2026-09-14 14:39:56.354 Df PeachCommander[24917:13f3c] (Foundation) <private>
2026-09-14 14:39:56.354 I  PeachCommander[24917:13f3c] [com.peachcommander:PCFoundation] [automation] > wait 800
2026-09-14 14:39:56.358 Df PeachCommander[24917:13f3c] [com.apple.TextInputUI:CursorUI] -[TUINSCursorUIController scheduleUpdateCursorLocation]
2026-09-14 14:39:57.188 Df PeachCommander[24917:13f3c] (Foundation) <private>
2026-09-14 14:39:57.188 I  PeachCommander[24917:13f3c] [com.peachcommander:PCFoundation] [automation] > focus hosts.txt
2026-09-14 14:39:57.194 Df PeachCommander[24917:13f3c] (Foundation) <private>
2026-09-14 14:39:57.194 I  PeachCommander[24917:13f3c] [com.peachcommander:PCFoundation] [automation] > wait 1200
2026-09-14 14:39:57.255 Df PeachCommander[24917:13f3c] [com.apple.TextInputUI:CursorUI] -[TUINSCursorUIController scheduleUpdateCursorLocation]
2026-09-14 14:39:58.471 Df PeachCommander[24917:13f3c] (Foundation) <private>
2026-09-14 14:39:58.471 I  PeachCommander[24917:13f3c] [com.peachcommander:PCFoundation] [automation] > sidebardump /Users/admin/sidebar.txt
2026-09-14 14:39:58.473 Df PeachCommander[24917:13f3c] (Foundation) <private>
2026-09-14 14:39:58.474 Df PeachCommander[24917:13f3c] (Foundation) <private>
2026-09-14 14:39:58.474 I  PeachCommander[24917:13f3c] [com.peachcommander:PCFoundation] [automation] > wait 500
2026-09-14 14:39:58.592 Df PeachCommander[24917:13f3c] [com.apple.TextInputUI:CursorUI] -[TUINSCursorUIController scheduleUpdateCursorLocation]
2026-09-14 14:39:59.008 Df PeachCommander[24917:13f3c] (Foundation) <private>
2026-09-14 14:39:59.008 I  PeachCommander[24917:13f3c] [com.peachcommander:PCFoundation] [automation] > sidebarsetfield edited in the plugin
2026-09-14 14:39:59.009 Df PeachCommander[24917:13f3c] (Foundation) <private>
2026-09-14 14:39:59.009 Df PeachCommander[24917:13f3c] (Foundation) <private>
2026-09-14 14:39:59.009 I  PeachCommander[24917:13f3c] [com.peachcommander:PCFoundation] [automation] > wait 1200
2026-09-14 14:39:59.225 Df PeachCommander[24917:13f3c] [com.apple.TextInputUI:CursorUI] -[TUINSCursorUIController scheduleUpdateCursorLocation]
2026-09-14 14:39:59.237 Df PeachCommander[24917:13f3c] [com.apple.TextInputUI:CursorUI] -[TUINSCursorUIController scheduleUpdateCursorLocation]
2026-09-14 14:40:00.213 Df PeachCommander[24917:13f3c] (Foundation) <private>
2026-09-14 14:40:00.213 I  PeachCommander[24917:13f3c] [com.peachcommander:PCFoundation] [automation] > commentread hosts.txt|/Users/admin/sidebar-back.txt
2026-09-14 14:40:00.649 Df PeachCommander[24917:13f3c] (Foundation) <private>
2026-09-14 14:40:00.649 I  PeachCommander[24917:13f3c] [com.peachcommander:PCFoundation] [automation] > wait 400
2026-09-14 14:40:00.915 Df PeachCommander[24917:13f44] [com.apple.launchservices:default] LSExceptions shared instance invalidated for timeout.
2026-09-14 14:40:01.076 Df PeachCommander[24917:13f3c] [com.apple.TextInputUI:CursorUI] -[TUINSCursorUIController scheduleUpdateCursorLocation]
2026-09-14 14:40:01.076 Df PeachCommander[24917:13f3c] (Foundation) <private>
2026-09-14 14:40:01.076 I  PeachCommander[24917:13f3c] [com.peachcommander:PCFoundation] [automation] done
