Timestamp               Ty Process[PID:TID]
2026-09-14 13:58:32.837 A  PeachCommander[26326:151b3] (libsystem_info.dylib) Retrieve User by ID
2026-09-14 13:58:32.837 Df PeachCommander[26326:151b3] [com.apple.xpc:connection] [0x104b2f5c0] activating connection: mach=true listener=false peer=false name=com.apple.cfprefsd.daemon
2026-09-14 13:58:32.837 Df PeachCommander[26326:151b7] [com.apple.xpc:connection] [0x104b2fd00] activating connection: mach=true listener=false peer=false name=com.apple.cfprefsd.agent
2026-09-14 13:58:32.839 Df PeachCommander[26326:151b3] [com.apple.xpc:connection] [0x104b35ce0] activating connection: mach=true listener=false peer=false name=com.apple.coreservices.launchservicesd
2026-09-14 13:58:32.839 I  PeachCommander[26326:151b3] [com.apple.launchservices:cas] Registering for notification <private> on default queue, to re-boostrap client connection.
2026-09-14 13:58:32.839 Df PeachCommander[26326:151b3] [com.apple.xpc:connection] [0x898ca0000] activating connection: mach=true listener=false peer=false name=com.apple.pasteboard.1
2026-09-14 13:58:32.839 Df PeachCommander[26326:151b3] [com.apple.xpc:connection] [0x898ca0140] activating connection: mach=true listener=false peer=false name=com.apple.distributed_notifications@Uv3
2026-09-14 13:58:32.840 Df PeachCommander[26326:151b3] [com.apple.AppKit:AutomaticTermination] void _NSDisableAutomaticTerminationAndLog(NSString *) No windows open yet
2026-09-14 13:58:32.840 A  PeachCommander[26326:151b3] (TCC) TCCAccessRequest() IPC
2026-09-14 13:58:32.840 Df PeachCommander[26326:151b3] [com.apple.xpc:connection] [0x898ca0280] activating connection: mach=true listener=false peer=false name=com.apple.tccd.system
2026-09-14 13:58:32.841 I  PeachCommander[26326:151b3] [com.apple.TCC:access] SEND: 0/7 synchronous to com.apple.tccd.system: request: msgID=26326.1, function=TCCAccessRequest, service=kTCCServiceListenEvent,
2026-09-14 13:58:32.842 I  PeachCommander[26326:151b3] [com.apple.TCC:access] RECV: synchronous reply <dictionary: 0x898c88000> { count = 5, transaction: 0, voucher = 0x0, contents =
	"prompt_type" => <uint64: 0x94f608cbe3e3ea8f>: 1
	"auth_value" => <uint64: 0x94f608cbe3e3ea8f>: 1
	"preflight_unknown" => <bool: 0x1ee1ad190>: true
	"auth_version" => <uint64: 0x94f608cbe3e3ea8f>: 1
	"auth_reason" => <uint64: 0x94f608cbe3e3eaaf>: 5
}
2026-09-14 13:58:32.842 Df PeachCommander[26326:151b3] [com.apple.xpc:connection] [0x898ca0280] invalidated after the last release of the connection object
2026-09-14 13:58:32.842 Df PeachCommander[26326:151b3] [com.apple.SkyLight:default] server port 0x00003313, session port 0x00003313
2026-09-14 13:58:32.844 Df PeachCommander[26326:151b3] [com.apple.SkyLight:default] New connection 0x48f6b main
2026-09-14 13:58:32.844 I  PeachCommander[26326:151b8] [com.apple.SkyLight:processes] 0[outside of RPC]: First connection id 298859 mapped to ctx = 0x898c44380
2026-09-14 13:58:32.844 I  PeachCommander[26326:151b3] [com.apple.hiservices:processmgr] Checking in with CAS, pid=26326
2026-09-14 13:58:32.844 I  PeachCommander[26326:151b3] [com.apple.launchservices:cas] LSApplicationCheckIn(), app being registered is:"/Users/admin/pc-test/PeachCommander.app/Contents/MacOS/PeachCommander"
2026-09-14 13:58:32.845 I  PeachCommander[26326:151b3] [com.apple.launchservices:cas]  { "ApplicationType"="Foreground", "BuildMachineOSBuild"="25E246", "CFBundleDevelopmentRegion"="en", "CFBundleDocumentTypes"=( { "CFBundleTypeName"="Peach Commander Plugin Package", "CFBundleTypeRole"="Viewer", "LSHandlerRank"="Owner", "LSItemContentTypes"=( "com.peachcommander.plugin-package") }), "CFBundleExecutable"="PeachCommander", "CFBundleExecutablePath"="/Users/admin/pc-test/PeachCommander.app/Contents/MacOS/PeachCommander", "CFBundleHelpBookFolder"="PeachCommander.help", "CFBundleHelpBookName"="Peach Commander Help", "CFBundleIconFile"="AppIcon", "CFBundleIconName"="AppIcon", "CFBundleIdentifier"="com.peachcommander.app", "CFBundleInfoDictionaryVersion"="6.0", "CFBundleName"="PeachCommander", "CFBundleNumericVersion"=402685952, "CFBundlePackageType"="APPL", "CFBundleShortVersionString"="0.9.0", "CFBundleSignature"="?????", "CFBundleSupportedPlatforms"=( "MacOSX"), "CFBundleVersion"="18", "DTCompiler"="com.apple.compilers.llvm.clang.1_0", "DTPlatformBuild"="25F70", "DTPlatformName"="macosx", "<…>
2026-09-14 13:58:32.845 Df PeachCommander[26326:151b3] [com.apple.processmanager:front-35286506] CHECKIN: pid=26326
2026-09-14 13:58:32.846 Df PeachCommander[26326:151b3] [com.apple.processmanager:front-35286506] CHECKEDIN: pid=26326 asn=0x0-0x161161 foreground=1
2026-09-14 13:58:32.846 I  PeachCommander[26326:151b3] [com.apple.launchservices:cas] Setting processControlState to default PROC_SETPC_SUSPEND because application does not have LSProcessControlValue key
2026-09-14 13:58:32.846 Df PeachCommander[26326:151b3] [com.apple.xpc:connection] [0x898ca0280] activating connection: mach=false listener=true peer=false name=(anonymous)
2026-09-14 13:58:32.846 Df PeachCommander[26326:151b3] [com.apple.xpc:connection] [0x898ca0280] Connection returned listener port: 0x4103
2026-09-14 13:58:32.846 Df PeachCommander[26326:151b7] [com.apple.xpc:connection] [0x899060300] activating connection: mach=false listener=false peer=true name=com.apple.xpc.anonymous.0x898ca0280.peer[131].0x899060300
2026-09-14 13:58:32.847 Df PeachCommander[26326:151b3] [com.apple.processmanager:front-35286506] FRONTLOGGING: version 1
2026-09-14 13:58:32.847 Df PeachCommander[26326:151b3] [com.apple.processmanager:front-35286506] Registered, pid=26326 ASN=0x0,0x161161
2026-09-14 13:58:32.847 Df PeachCommander[26326:151b3] [com.apple.xpc:connection] [0x898ca03c0] activating connection: mach=true listener=false peer=false name=com.apple.analyticsd
2026-09-14 13:58:32.847 I  PeachCommander[26326:151b3] [com.apple.CoreAnalytics:client] Daemon status changed from 0 to 1
2026-09-14 13:58:32.847 I  PeachCommander[26326:151b7] [com.apple.CarbonCore:coreservicesdaemon] SCSession():SCSession( id=100, this=0x0x104b40980 option=65538) created, forUID=501 mach_port_t=0x4503.
2026-09-14 13:58:32.847 I  PeachCommander[26326:151b7] [com.apple.CarbonCore:coreservicesdaemon] SCSession():SCSession( id=101, this=0x0x104b40ac0 option=65538) created, forUID=501 mach_port_t=0x4403.
2026-09-14 13:58:32.847 I  PeachCommander[26326:151b7] [com.apple.CarbonCore:coreservicesdaemon] connectToCoreServicesD():Instantiating server (coreservicesd based) SCSession, port=0x4503 serverOptions=0x10002.
2026-09-14 13:58:32.847 I  PeachCommander[26326:151b3] [com.apple.hiservices:processmgr] _RegisterApplication( pid 26326 => 0x0,0x161161) type=foreground
2026-09-14 13:58:32.847 Df PeachCommander[26326:151b3] [com.apple.xpc:connection] [0x898ca0280] Connection returned listener port: 0x4103
2026-09-14 13:58:32.847 I  PeachCommander[26326:151b3] [com.apple.launchservices:cas] CFArrayRef _LSCopyLaunchModifiers(LSSessionID, LSASNRef _Nonnull), result for psn [ kLSCurrentApp ASN, 0x0,0x2]  is 1 items.
2026-09-14 13:58:32.847 Df PeachCommander[26326:151b3] [com.apple.processmanager:front-35286506] BringForward: pid=26326 asn=0x0-0x161161 bringForward=1 foreground=1 uiElement=0 launchedByLS=1 modifiersCount=1 allDisabled=1
2026-09-14 13:58:32.847 Df PeachCommander[26326:151b3] [com.apple.processmanager:front-35286506] BringFrontModifier: pid=26326 asn=0x0-0x161161 Modifier 0 hideAfter=0 hideOthers=0 dontMakeFrontmost=0 mouseDown=0/0 seed=0/0
2026-09-14 13:58:32.847 Df PeachCommander[26326:151b3] [com.apple.processmanager:front-35286506] BringForward: pid=26326 asn=0x0-0x161161
2026-09-14 13:58:32.847 Df PeachCommander[26326:151b3] [com.apple.processmanager:front-35286506] SetFrontProcess: asn=0x0-0x161161 options=0
2026-09-14 13:58:32.847 I  PeachCommander[26326:151b3] [com.apple.SkyLight:processes] 0[outside of RPC]: SLPSetFrontProcess(0x0-0x161161 window=0 options=0x0
2026-09-14 13:58:32.847 Df PeachCommander[26326:151b7] [com.apple.xpc:connection] [0x898ca0500] activating connection: mach=true listener=false peer=false name=com.apple.lsd.mapdb
2026-09-14 13:58:32.848 Df PeachCommander[26326:151bc] [com.apple.CoreAnalytics:client] Received configuration update from daemon (initial)
2026-09-14 13:58:32.849 Df PeachCommander[26326:151b3] [com.apple.AppKit:Appearance] Current system appearance, (HLTB: 1), (SLS: 0)
2026-09-14 13:58:32.850 Df PeachCommander[26326:151b3] (libMobileGestalt.dylib) No persisted cache on this platform.
2026-09-14 13:58:32.850 I  PeachCommander[26326:151bc] [com.apple.launchservices:cas] information in shared memory for 0x0-0x161161 with seed 533 was still valid, so using cached info { "ApplicationType"="Foreground", "BuildMachineOSBuild"="25E246", "BundleIdentifierLowerCase"="com.peachcommander.app", "CFBundleDevelopmentRegion"="en", "CFBundleDocumentTypes"=( { "CFBundleTypeName"="Peach Commander Plugin Package", "CFBundleTypeRole"="Viewer", "LSHandlerRank"="Owner", "LSItemContentTypes"=( "com.peachcommander.plugin-package") }), "CFBundleExecutable"="PeachCommander", "CFBundleExecutablePath"="/Users/admin/pc-test/PeachCommander.app/Contents/MacOS/PeachCommander", "CFBundleExecutablePathDeviceID"=16777227, "CFBundleExecutablePathINode"=488284, "CFBundleHelpBookFolder"="PeachCommander.help", "CFBundleHelpBookName"="Peach Commander Help", "CFBundleIconFile"="AppIcon", "CFBundleIconName"="AppIcon", "CFBundleIdentifier"="com.peachcommander.app", "CFBundleInfoDictionaryVersion"="6.0", "CFBundleName"="PeachCommander", "CFBundleNameLowerCase"="peachcommander", "CFBundleNumericVersion"=402685952, "CFBundlePackageType"="APPL", "CFBundleShortVersionString"="0.9.0", "CFBun<…>
2026-09-14 13:58:32.850 Df PeachCommander[26326:151b3] (libMobileGestalt.dylib) Could not get size of EAN data (IOConnectCallScalarMethod kAppleNVMeEANGetSize returned 0xE00002E2)
2026-09-14 13:58:32.850 Df PeachCommander[26326:151b3] (libMobileGestalt.dylib) Failed to copy 'aptk' from EAN
2026-09-14 13:58:32.850 Df PeachCommander[26326:151b3] (libMobileGestalt.dylib) Failed to copy APTicket properties. Falling back to default policy.
2026-09-14 13:58:32.850 Df PeachCommander[26326:151b3] (libMobileGestalt.dylib) Creating default MGSysConfigPolicy
2026-09-14 13:58:32.850 Df PeachCommander[26326:151b3] (libMobileGestalt.dylib) CFDictionaryRef copySyscfgDictionary(void) enumeration of <private> failed.
2026-09-14 13:58:32.850 Df PeachCommander[26326:151b3] (libMobileGestalt.dylib) Failed to find key <private>
2026-09-14 13:58:32.850 I  PeachCommander[26326:151b7] [com.apple.launchservices:db] LaunchServices database schema version: 20971544
2026-09-14 13:58:32.851 Df PeachCommander[26326:151b3] [com.apple.AppKit:Appearance] Current system appearance, (HLTB: 1), (SLS: 0)
2026-09-14 13:58:32.851 Df PeachCommander[26326:151b3] [com.apple.AppKit:Appearance] Post-registration system appearance: (HLTB: 1)
2026-09-14 13:58:32.852 I  PeachCommander[26326:151b7] [com.apple.launchservices:default] Unable to load Info.plist exceptions (eGPUOverrides)
2026-09-14 13:58:32.852 I  PeachCommander[26326:151b7] [com.apple.launchservices:default] Unable to load Info.plist exceptions (gameModeOverrides)
2026-09-14 13:58:32.852 I  PeachCommander[26326:151b7] [com.apple.launchservices:default] Unable to load Info.plist exceptions (identifiedGameOverrides)
2026-09-14 13:58:32.852 I  PeachCommander[26326:151b7] [com.apple.launchservices:default] Unable to load Info.plist exceptions (SystemHiddenPreferred)
2026-09-14 13:58:32.852 Df PeachCommander[26326:151b3] [com.apple.FrontBoard:Common] FBSWorkspace: endpoint monitoring is disabled.
2026-09-14 13:58:32.852 Df PeachCommander[26326:151b3] [com.apple.FrontBoard:Common] FBSWorkspace: default shell endpoint is disabled.
2026-09-14 13:58:32.852 Df PeachCommander[26326:151b3] [com.apple.runningboard:connection] Initializing connection
2026-09-14 13:58:32.852 Df PeachCommander[26326:151b3] [com.apple.runningboard:process] Removing all cached process handles
2026-09-14 13:58:32.852 Df PeachCommander[26326:151bc] [com.apple.runningboard:connection] Sending handshake request attempt #1 to server
2026-09-14 13:58:32.852 Df PeachCommander[26326:151bc] [com.apple.runningboard:connection] Creating connection to com.apple.runningboard
2026-09-14 13:58:32.852 Df PeachCommander[26326:151bc] [com.apple.xpc:connection] [0x898ca0640] activating connection: mach=true listener=false peer=false name=com.apple.runningboard
2026-09-14 13:58:32.853 A  PeachCommander[26326:151b7] (RunningBoardServices) didChangeInheritances
2026-09-14 13:58:32.853 Df PeachCommander[26326:151b3] [com.apple.xpc:connection] [0x898ca0280] Connection returned listener port: 0x4103
2026-09-14 13:58:32.853 Df PeachCommander[26326:151bc] [com.apple.runningboard:connection] Handshake succeeded
2026-09-14 13:58:32.853 Df PeachCommander[26326:151bc] [com.apple.runningboard:connection] Identity resolved as app<application.com.peachcommander.app.487016.488284(501)>
2026-09-14 13:58:32.853 I  PeachCommander[26326:151b3] [com.apple.launchservices:cas] information in shared memory for 0x0-0x161161 with seed 533 was still valid, so using cached info { "ApplicationType"="Foreground", "BuildMachineOSBuild"="25E246", "BundleIdentifierLowerCase"="com.peachcommander.app", "CFBundleDevelopmentRegion"="en", "CFBundleDocumentTypes"=( { "CFBundleTypeName"="Peach Commander Plugin Package", "CFBundleTypeRole"="Viewer", "LSHandlerRank"="Owner", "LSItemContentTypes"=( "com.peachcommander.plugin-package") }), "CFBundleExecutable"="PeachCommander", "CFBundleExecutablePath"="/Users/admin/pc-test/PeachCommander.app/Contents/MacOS/PeachCommander", "CFBundleExecutablePathDeviceID"=16777227, "CFBundleExecutablePathINode"=488284, "CFBundleHelpBookFolder"="PeachCommander.help", "CFBundleHelpBookName"="Peach Commander Help", "CFBundleIconFile"="AppIcon", "CFBundleIconName"="AppIcon", "CFBundleIdentifier"="com.peachcommander.app", "CFBundleInfoDictionaryVersion"="6.0", "CFBundleName"="PeachCommander", "CFBundleNameLowerCase"="peachcommander", "CFBundleNumericVersion"=402685952, "CFBundlePackageType"="APPL", "CFBundleShortVersionString"="0.9.0", "CFBun<…>
2026-09-14 13:58:32.855 Df PeachCommander[26326:151b3] [com.apple.xpc:connection] [0x898ca0280] Connection returned listener port: 0x4103
2026-09-14 13:58:32.855 A  PeachCommander[26326:151bc] (AppIntents) appintents:register process
2026-09-14 13:58:32.856 Df PeachCommander[26326:151bc] [com.apple.appintents:Connection] Created a new Process Instance Registry XPC connection (inactive)
2026-09-14 13:58:32.856 Df PeachCommander[26326:151bc] [com.apple.xpc:connection] [0x898ca0780] activating connection: mach=true listener=false peer=false name=com.apple.linkd.autoShortcut
2026-09-14 13:58:32.856 Df PeachCommander[26326:151bc] [com.apple.appintents:Connection] Activated connection to linkd (ApplicationService)
2026-09-14 13:58:32.856 Df PeachCommander[26326:151bc] [com.apple.xpc:connection] [0x898ca0a00] activating connection: mach=false listener=true peer=false name=(anonymous)
2026-09-14 13:58:32.856 I  PeachCommander[26326:151b3] [com.apple.launchservices:cas] information in shared memory for 0x0-0x161161 with seed 533 was still valid, so using cached info { "ApplicationType"="Foreground", "BuildMachineOSBuild"="25E246", "BundleIdentifierLowerCase"="com.peachcommander.app", "CFBundleDevelopmentRegion"="en", "CFBundleDocumentTypes"=( { "CFBundleTypeName"="Peach Commander Plugin Package", "CFBundleTypeRole"="Viewer", "LSHandlerRank"="Owner", "LSItemContentTypes"=( "com.peachcommander.plugin-package") }), "CFBundleExecutable"="PeachCommander", "CFBundleExecutablePath"="/Users/admin/pc-test/PeachCommander.app/Contents/MacOS/PeachCommander", "CFBundleExecutablePathDeviceID"=16777227, "CFBundleExecutablePathINode"=488284, "CFBundleHelpBookFolder"="PeachCommander.help", "CFBundleHelpBookName"="Peach Commander Help", "CFBundleIconFile"="AppIcon", "CFBundleIconName"="AppIcon", "CFBundleIdentifier"="com.peachcommander.app", "CFBundleInfoDictionaryVersion"="6.0", "CFBundleName"="PeachCommander", "CFBundleNameLowerCase"="peachcommander", "CFBundleNumericVersion"=402685952, "CFBundlePackageType"="APPL", "CFBundleShortVersionString"="0.9.0", "CFBun<…>
2026-09-14 13:58:32.856 I  PeachCommander[26326:151b3] [com.apple.hiservices:processmgr] TransformProcessType(0x0,0x2 => 1 wasFront=1 pickNew=0)
2026-09-14 13:58:32.856 I  PeachCommander[26326:151b3] [com.apple.CoreAnalytics:client] Dropping "com.apple.appkit.app_config" as it isn't used in any transform (not in the config or budgeted?)
2026-09-14 13:58:32.856 I  PeachCommander[26326:151bc] [com.apple.appintents:Execution] LNAppConnectionListener instantiated
2026-09-14 13:58:32.856 Df PeachCommander[26326:151bc] [com.apple.xpc:connection] [0x898ca0a00] Connection returned listener port: 0x6503
2026-09-14 13:58:32.856 Df PeachCommander[26326:151b3] [com.apple.dt.xctest:Default] Registering for test daemon availability notify post.
2026-09-14 13:58:32.856 Df PeachCommander[26326:151b8] [com.apple.xpc:connection] [0x898ca0780] Re-initialization successful; calling out to event handler with XPC_ERROR_CONNECTION_INTERRUPTED
2026-09-14 13:58:32.856 Df PeachCommander[26326:151b8] [com.apple.appintents:Connection] Process Instance Registry XPC connection has been interrupted
2026-09-14 13:58:32.856 E  PeachCommander[26326:151bc] [com.apple.appintents:Connection] Unable to get synchronousRemoteObjectProxy, error: Error Domain=NSCocoaErrorDomain Code=4097 "connection to service named com.apple.linkd.autoShortcut" UserInfo={NSDebugDescription=connection to service named com.apple.linkd.autoShortcut}
2026-09-14 13:58:32.856 Df PeachCommander[26326:151b3] [com.apple.dt.xctest:Default] notify_get_state check indicated test daemon not ready.
2026-09-14 13:58:32.856 E  PeachCommander[26326:151bc] [com.apple.AppKit:Application] Error registering app with intents framework: Error Domain=NSCocoaErrorDomain Code=4097 UserInfo={NSDebugDescription=<private>}
2026-09-14 13:58:32.856 Df PeachCommander[26326:151b7] [com.apple.appintents:Connection] Created a new Process Instance Registry XPC connection (inactive)
2026-09-14 13:58:32.856 A  PeachCommander[26326:151b7] (AppIntents) appintents:register process
2026-09-14 13:58:32.856 Df PeachCommander[26326:151b3] [com.apple.dt.xctest:Default] notify_get_state check indicated test daemon not ready.
2026-09-14 13:58:32.856 Df PeachCommander[26326:151b7] [com.apple.appintents:Connection] Created a new Process Instance Registry XPC connection (inactive)
2026-09-14 13:58:32.856 Df PeachCommander[26326:151b7] [com.apple.xpc:connection] [0x898ca0c80] activating connection: mach=true listener=false peer=false name=com.apple.linkd.autoShortcut
2026-09-14 13:58:32.857 Df PeachCommander[26326:151b7] [com.apple.appintents:Connection] Activated connection to linkd (ApplicationService)
2026-09-14 13:58:32.857 Df PeachCommander[26326:151b7] [com.apple.xpc:connection] [0x898ca0a00] Connection returned listener port: 0x6503
2026-09-14 13:58:32.857 Df PeachCommander[26326:151b3] [com.apple.dt.xctest:Default] notify_get_state check indicated test daemon not ready.
2026-09-14 13:58:32.857 Df PeachCommander[26326:151bc] [com.apple.xpc:connection] [0x898ca0c80] Re-initialization successful; calling out to event handler with XPC_ERROR_CONNECTION_INTERRUPTED
2026-09-14 13:58:32.857 Df PeachCommander[26326:151bc] [com.apple.appintents:Connection] Process Instance Registry XPC connection has been interrupted
2026-09-14 13:58:32.857 E  PeachCommander[26326:151b7] [com.apple.appintents:Connection] Unable to get synchronousRemoteObjectProxy, error: Error Domain=NSCocoaErrorDomain Code=4097 "connection to service named com.apple.linkd.autoShortcut" UserInfo={NSDebugDescription=connection to service named com.apple.linkd.autoShortcut}
2026-09-14 13:58:32.857 E  PeachCommander[26326:151b7] [com.apple.appintents:Connection] Unable to re-register with Process Instance Registry, error: Error Domain=NSCocoaErrorDomain Code=4097 "connection to service named com.apple.linkd.autoShortcut" UserInfo={NSDebugDescription=connection to service named com.apple.linkd.autoShortcut}
2026-09-14 13:58:32.857 Df PeachCommander[26326:151bc] [com.apple.appintents:Connection] Created a new Process Instance Registry XPC connection (inactive)
2026-09-14 13:58:32.857 A  PeachCommander[26326:151bc] (AppIntents) appintents:register process
2026-09-14 13:58:32.857 Df PeachCommander[26326:151bc] [com.apple.appintents:Connection] Created a new Process Instance Registry XPC connection (inactive)
2026-09-14 13:58:32.857 Df PeachCommander[26326:151bc] [com.apple.xpc:connection] [0x898ca12c0] activating connection: mach=true listener=false peer=false name=com.apple.linkd.autoShortcut
2026-09-14 13:58:32.857 Df PeachCommander[26326:151bc] [com.apple.appintents:Connection] Activated connection to linkd (ApplicationService)
2026-09-14 13:58:32.857 Df PeachCommander[26326:151bc] [com.apple.xpc:connection] [0x898ca0a00] Connection returned listener port: 0x6503
2026-09-14 13:58:32.857 Df PeachCommander[26326:151b7] [com.apple.xpc:connection] [0x898ca12c0] Re-initialization successful; calling out to event handler with XPC_ERROR_CONNECTION_INTERRUPTED
2026-09-14 13:58:32.857 Df PeachCommander[26326:151b7] [com.apple.appintents:Connection] Process Instance Registry XPC connection has been interrupted
2026-09-14 13:58:32.857 Df PeachCommander[26326:151b7] [com.apple.appintents:Connection] Created a new Process Instance Registry XPC connection (inactive)
2026-09-14 13:58:32.857 A  PeachCommander[26326:151b7] (AppIntents) appintents:register process
2026-09-14 13:58:32.857 Df PeachCommander[26326:151b7] [com.apple.appintents:Connection] Created a new Process Instance Registry XPC connection (inactive)
2026-09-14 13:58:32.857 Df PeachCommander[26326:151b7] [com.apple.xpc:connection] [0x898ca1540] activating connection: mach=true listener=false peer=false name=com.apple.linkd.autoShortcut
2026-09-14 13:58:32.857 E  PeachCommander[26326:151bc] [com.apple.appintents:Connection] Unable to get synchronousRemoteObjectProxy, error: Error Domain=NSCocoaErrorDomain Code=4097 "connection to service named com.apple.linkd.autoShortcut" UserInfo={NSDebugDescription=connection to service named com.apple.linkd.autoShortcut}
2026-09-14 13:58:32.857 E  PeachCommander[26326:151bc] [com.apple.appintents:Connection] Unable to re-register with Process Instance Registry, error: Error Domain=NSCocoaErrorDomain Code=4097 "connection to service named com.apple.linkd.autoShortcut" UserInfo={NSDebugDescription=connection to service named com.apple.linkd.autoShortcut}
2026-09-14 13:58:32.857 Df PeachCommander[26326:151b7] [com.apple.appintents:Connection] Activated connection to linkd (ApplicationService)
2026-09-14 13:58:32.857 Df PeachCommander[26326:151b7] [com.apple.xpc:connection] [0x898ca0a00] Connection returned listener port: 0x6503
2026-09-14 13:58:32.858 Df PeachCommander[26326:151b8] [com.apple.xpc:connection] [0x898ca1540] Re-initialization successful; calling out to event handler with XPC_ERROR_CONNECTION_INTERRUPTED
2026-09-14 13:58:32.858 Df PeachCommander[26326:151b8] [com.apple.appintents:Connection] Process Instance Registry XPC connection has been interrupted
2026-09-14 13:58:32.858 E  PeachCommander[26326:151b8] [com.apple.appintents:Connection] Will NOT re-try to establish the connection
2026-09-14 13:58:32.858 E  PeachCommander[26326:151b7] [com.apple.appintents:Connection] Unable to get synchronousRemoteObjectProxy, error: Error Domain=NSCocoaErrorDomain Code=4097 "connection to service named com.apple.linkd.autoShortcut" UserInfo={NSDebugDescription=connection to service named com.apple.linkd.autoShortcut}
2026-09-14 13:58:32.858 E  PeachCommander[26326:151b7] [com.apple.appintents:Connection] Unable to re-register with Process Instance Registry, error: Error Domain=NSCocoaErrorDomain Code=4097 "connection to service named com.apple.linkd.autoShortcut" UserInfo={NSDebugDescription=connection to service named com.apple.linkd.autoShortcut}
2026-09-14 13:58:32.860 A  PeachCommander[26326:151b3] (CoreFoundation) Loading Preferences From System CFPrefsD
2026-09-14 13:58:32.860 Df PeachCommander[26326:151b3] (libMobileGestalt.dylib) couldn't load support library
2026-09-14 13:58:32.860 Df PeachCommander[26326:151b3] (libMobileGestalt.dylib) called dummy function!
2026-09-14 13:58:32.860 I  PeachCommander[26326:151b3] [com.apple.GenerativeModels:availability] Current availability state: unavailable, use cases: com.apple.WritingTools, language: <any>, api: <private>
2026-09-14 13:58:32.860 Df PeachCommander[26326:151b3] [com.apple.GenerativeModels:availability] registering darwin observer for name: com.apple.gms.availability.notification
2026-09-14 13:58:32.860 Df PeachCommander[26326:151b3] [com.apple.GenerativeModels:availability] registering darwin observer for name: com.apple.os-eligibility-domain.change.greymatter
2026-09-14 13:58:32.860 Df PeachCommander[26326:151b3] [com.apple.GenerativeModels:availability] registering darwin observer for name: com.apple.language.changed
2026-09-14 13:58:32.860 Df PeachCommander[26326:151b3] [com.apple.WritingTools:Default] isAvailable value changed: isMDMAllowed = true, gmAvailable (current) = false
2026-09-14 13:58:32.863 I  PeachCommander[26326:151b3] [com.apple.CoreAnalytics:client] Dropping "com.apple.appkit.app_config" as it isn't used in any transform (not in the config or budgeted?)
2026-09-14 13:58:32.866 Df PeachCommander[26326:151b3] [com.apple.AppKit:Appearance] NSApp cache appearance:
-NSRequiresAquaSystemAppearance: 0
-appearance: (null)
-effectiveAppearance: <NSCompositeAppearance: 0x898c8c460
 (
    "<NSAquaAppearance: 0x898c8c6e0>",
    "<NSSystemAppearance: 0x898c8c780>"
)>
2026-09-14 13:58:32.868 A  PeachCommander[26326:151b3] (CoreFoundation) Loading Preferences From User CFPrefsD
2026-09-14 13:58:32.868 A  PeachCommander[26326:151b3] (CoreFoundation) Loading Preferences From User CFPrefsD
2026-09-14 13:58:32.871 A  PeachCommander[26326:151b7] (libsystem_info.dylib) Membership API: translate identifier
2026-09-14 13:58:32.873 I  PeachCommander[26326:151b3] [com.apple.CoreAnalytics:client] Dropping "com.apple.appkit.app_config" as it isn't used in any transform (not in the config or budgeted?)
2026-09-14 13:58:32.873 I  PeachCommander[26326:151b3] [com.apple.CoreAnalytics:client] Dropping "com.apple.appkit.app_config" as it isn't used in any transform (not in the config or budgeted?)
2026-09-14 13:58:32.874 Df PeachCommander[26326:151b8] [com.apple.xpc:connection] [0x898ca1a40] activating connection: mach=true listener=false peer=false name=com.apple.dock.fullscreen
2026-09-14 13:58:32.875 Df PeachCommander[26326:151b3] [com.apple.xpc:connection] [0x898ca1b80] activating connection: mach=true listener=false peer=false name=com.apple.fonts
2026-09-14 13:58:32.877 I  PeachCommander[26326:151b3] [com.apple.launchservices:cas] information in shared memory for 0x0-0x161161 with seed 533 was still valid, so using cached info { "ApplicationType"="Foreground", "BuildMachineOSBuild"="25E246", "BundleIdentifierLowerCase"="com.peachcommander.app", "CFBundleDevelopmentRegion"="en", "CFBundleDocumentTypes"=( { "CFBundleTypeName"="Peach Commander Plugin Package", "CFBundleTypeRole"="Viewer", "LSHandlerRank"="Owner", "LSItemContentTypes"=( "com.peachcommander.plugin-package") }), "CFBundleExecutable"="PeachCommander", "CFBundleExecutablePath"="/Users/admin/pc-test/PeachCommander.app/Contents/MacOS/PeachCommander", "CFBundleExecutablePathDeviceID"=16777227, "CFBundleExecutablePathINode"=488284, "CFBundleHelpBookFolder"="PeachCommander.help", "CFBundleHelpBookName"="Peach Commander Help", "CFBundleIconFile"="AppIcon", "CFBundleIconName"="AppIcon", "CFBundleIdentifier"="com.peachcommander.app", "CFBundleInfoDictionaryVersion"="6.0", "CFBundleName"="PeachCommander", "CFBundleNameLowerCase"="peachcommander", "CFBundleNumericVersion"=402685952, "CFBundlePackageType"="APPL", "CFBundleShortVersionString"="0.9.0", "CFBun<…>
2026-09-14 13:58:32.878 I  PeachCommander[26326:151b3] [com.apple.CoreAnalytics:client] Dropping "com.apple.appkit.app_config" as it isn't used in any transform (not in the config or budgeted?)
2026-09-14 13:58:32.878 Df PeachCommander[26326:151b3] [com.apple.AppKit:AutomaticTermination] -[NSApplication(NSAppssassination) _checkForAutomaticTerminationSupportPossiblyEnablingIt]_block_invoke Enabling automatic termination support.
2026-09-14 13:58:32.878 Df PeachCommander[26326:151b3] [com.apple.xpc:connection] [0x898ca0dc0] activating connection: mach=true listener=false peer=false name=com.apple.appkit.restoration_storage
2026-09-14 13:58:32.878 I  PeachCommander[26326:151b3] [com.apple.launchservices:cas] information in shared memory for 0x0-0x161161 with seed 533 was still valid, so using cached info { "ApplicationType"="Foreground", "BuildMachineOSBuild"="25E246", "BundleIdentifierLowerCase"="com.peachcommander.app", "CFBundleDevelopmentRegion"="en", "CFBundleDocumentTypes"=( { "CFBundleTypeName"="Peach Commander Plugin Package", "CFBundleTypeRole"="Viewer", "LSHandlerRank"="Owner", "LSItemContentTypes"=( "com.peachcommander.plugin-package") }), "CFBundleExecutable"="PeachCommander", "CFBundleExecutablePath"="/Users/admin/pc-test/PeachCommander.app/Contents/MacOS/PeachCommander", "CFBundleExecutablePathDeviceID"=16777227, "CFBundleExecutablePathINode"=488284, "CFBundleHelpBookFolder"="PeachCommander.help", "CFBundleHelpBookName"="Peach Commander Help", "CFBundleIconFile"="AppIcon", "CFBundleIconName"="AppIcon", "CFBundleIdentifier"="com.peachcommander.app", "CFBundleInfoDictionaryVersion"="6.0", "CFBundleName"="PeachCommander", "CFBundleNameLowerCase"="peachcommander", "CFBundleNumericVersion"=402685952, "CFBundlePackageType"="APPL", "CFBundleShortVersionString"="0.9.0", "CFBun<…>
2026-09-14 13:58:32.878 Df PeachCommander[26326:151b3] [com.apple.xpc:connection] [0x898ca0f00] activating connection: mach=true listener=false peer=false name=com.apple.coreservices.appleevents
2026-09-14 13:58:32.878 I  PeachCommander[26326:151b3] [com.apple.appleevents:main] _AEGetRegisteredMachPort() created default port (port:64515/0xfc03 rcv:1 send:1 limit:5) and registered it with server
2026-09-14 13:58:32.878 Df PeachCommander[26326:151b3] [com.apple.xpc:connection] [0x898ca0280] Connection returned listener port: 0x4103
2026-09-14 13:58:32.879 I  PeachCommander[26326:151b3] [com.apple.launchservices:cas] information in shared memory for 0x0-0x161161 with seed 533 was still valid, so using cached info { "ApplicationType"="Foreground", "BuildMachineOSBuild"="25E246", "BundleIdentifierLowerCase"="com.peachcommander.app", "CFBundleDevelopmentRegion"="en", "CFBundleDocumentTypes"=( { "CFBundleTypeName"="Peach Commander Plugin Package", "CFBundleTypeRole"="Viewer", "LSHandlerRank"="Owner", "LSItemContentTypes"=( "com.peachcommander.plugin-package") }), "CFBundleExecutable"="PeachCommander", "CFBundleExecutablePath"="/Users/admin/pc-test/PeachCommander.app/Contents/MacOS/PeachCommander", "CFBundleExecutablePathDeviceID"=16777227, "CFBundleExecutablePathINode"=488284, "CFBundleHelpBookFolder"="PeachCommander.help", "CFBundleHelpBookName"="Peach Commander Help", "CFBundleIconFile"="AppIcon", "CFBundleIconName"="AppIcon", "CFBundleIdentifier"="com.peachcommander.app", "CFBundleInfoDictionaryVersion"="6.0", "CFBundleName"="PeachCommander", "CFBundleNameLowerCase"="peachcommander", "CFBundleNumericVersion"=402685952, "CFBundlePackageType"="APPL", "CFBundleShortVersionString"="0.9.0", "CFBun<…>
2026-09-14 13:58:32.879 Df PeachCommander[26326:151b3] [com.apple.processmanager:front-35286506] SignalReady: pid=26326 asn=0x0-0x161161
2026-09-14 13:58:32.879 Df PeachCommander[26326:151b3] [com.apple.processmanager:front-35286506] SIGNAL: pid=26326 asn=0x0x-0x161161
2026-09-14 13:58:32.879 I  PeachCommander[26326:151b3] [com.apple.appleevents:main] aeGenerateFakeFirstOAPPEventIfNecessary()
2026-09-14 13:58:32.879 I  PeachCommander[26326:151b3] [com.apple.appleevents:main] aeGenerateFakeFirstOAPPEventIfNecessary(), needToCreateFakeOAPPEventIfFirstEvent == true
2026-09-14 13:58:32.879 I  PeachCommander[26326:151b3] [com.apple.launchservices:cas] Removing cached information for app [ 0x0-0x161161]  "PeachCommander", as its seed is different from that in shared memory ( 533 vs 535)
2026-09-14 13:58:32.880 I  PeachCommander[26326:151b3] [com.apple.CFPasteboard:entry] CopyData('DefaultAsciiKeyboardLayoutPasteboard' (<CFUUID 0x898d60380> 1616A02D-19E9-4DA9-9691-67D4E41B0661) gen: -1 item: 1264739405 flavor: 'DefaultAsciiKeyboardLayoutFlavor')
2026-09-14 13:58:32.880 I  PeachCommander[26326:151b3] [com.apple.CFPasteboard:cache] Rebuilding cache for 'DefaultAsciiKeyboardLayoutPasteboard' (<CFUUID 0x898d60380> 1616A02D-19E9-4DA9-9691-67D4E41B0661)
2026-09-14 13:58:32.880 I  PeachCommander[26326:151b3] [com.apple.CFPasteboard:exit] (not-in-cache) - result: -8 generation: 0 null data flags: 0
2026-09-14 13:58:32.880 A  PeachCommander[26326:151b3] (CoreFoundation) Loading Preferences From User CFPrefsD
2026-09-14 13:58:32.880 A  PeachCommander[26326:151b3] (CoreFoundation) Loading Preferences From System CFPrefsD
2026-09-14 13:58:32.881 I  PeachCommander[26326:151b3] [com.apple.CFPasteboard:entry] CopyData('AppleIntlFileCacheModificationDatePasteboard' (<CFUUID 0x898d60c60> 0FB20723-E5CA-4832-AFBA-4B36CDD5C1BD) gen: -1 item: 1 flavor: '-32766 1768845414')
2026-09-14 13:58:32.881 I  PeachCommander[26326:151b3] [com.apple.CFPasteboard:cache] Rebuilding cache for 'AppleIntlFileCacheModificationDatePasteboard' (<CFUUID 0x898d60c60> 0FB20723-E5CA-4832-AFBA-4B36CDD5C1BD)
2026-09-14 13:58:32.881 I  PeachCommander[26326:151b3] [com.apple.CFPasteboard:general] Will request data from daemon
2026-09-14 13:58:32.881 I  PeachCommander[26326:151b3] [com.apple.CFPasteboard:exit] (not-in-cache) - result: 0 generation: 7 data (310 bytes) flags: 0
2026-09-14 13:58:32.881 I  PeachCommander[26326:151b3] [com.apple.CFPasteboard:entry] CopyData('AppleIntlFileCacheModificationDatePasteboard' (<CFUUID 0x898d60c60> 0FB20723-E5CA-4832-AFBA-4B36CDD5C1BD) gen: -1 item: 1 flavor: '-32765 1802264953')
2026-09-14 13:58:32.881 I  PeachCommander[26326:151b3] [com.apple.CFPasteboard:general] Will request data from daemon
2026-09-14 13:58:32.881 I  PeachCommander[26326:151b3] [com.apple.CFPasteboard:exit] (not-in-cache) - result: 0 generation: 7 data (306 bytes) flags: 0
2026-09-14 13:58:32.881 I  PeachCommander[26326:151b3] [com.apple.CFPasteboard:entry] CopyData('AppleIntlFileCacheModificationDatePasteboard' (<CFUUID 0x898d60c60> 0FB20723-E5CA-4832-AFBA-4B36CDD5C1BD) gen: -1 item: 1 flavor: '-32764 1802264953')
2026-09-14 13:58:32.881 I  PeachCommander[26326:151b3] [com.apple.CFPasteboard:general] Will request data from daemon
2026-09-14 13:58:32.881 I  PeachCommander[26326:151b3] [com.apple.CFPasteboard:exit] (not-in-cache) - result: 0 generation: 7 data (281 bytes) flags: 0
2026-09-14 13:58:32.881 I  PeachCommander[26326:151b3] [com.apple.CFPasteboard:entry] CopyData('AppleIntlFileCacheModificationDatePasteboard' (<CFUUID 0x898d60c60> 0FB20723-E5CA-4832-AFBA-4B36CDD5C1BD) gen: -1 item: 1 flavor: '-32763 1802264953')
2026-09-14 13:58:32.881 I  PeachCommander[26326:151b3] [com.apple.CFPasteboard:general] Will request data from daemon
2026-09-14 13:58:32.881 I  PeachCommander[26326:151b3] [com.apple.CFPasteboard:exit] (not-in-cache) - result: 0 generation: 7 data (318 bytes) flags: 0
2026-09-14 13:58:32.882 I  PeachCommander[26326:151b3] [com.apple.CFPasteboard:entry] CopyData('AppleIntlFileCacheModificationDatePasteboard' (<CFUUID 0x898d60c60> 0FB20723-E5CA-4832-AFBA-4B36CDD5C1BD) gen: -1 item: 1 flavor: '-32765 1768845414')
2026-09-14 13:58:32.882 I  PeachCommander[26326:151b3] [com.apple.CFPasteboard:general] Will request data from daemon
2026-09-14 13:58:32.882 I  PeachCommander[26326:151b3] [com.apple.CFPasteboard:exit] (not-in-cache) - result: 0 generation: 7 data (303 bytes) flags: 0
2026-09-14 13:58:32.882 I  PeachCommander[26326:151b3] [com.apple.CFPasteboard:entry] CopyData('AppleIntlFileCacheModificationDatePasteboard' (<CFUUID 0x898d60c60> 0FB20723-E5CA-4832-AFBA-4B36CDD5C1BD) gen: -1 item: 1 flavor: '-32763 1768845414')
2026-09-14 13:58:32.882 I  PeachCommander[26326:151b3] [com.apple.CFPasteboard:general] Will request data from daemon
2026-09-14 13:58:32.882 I  PeachCommander[26326:151b3] [com.apple.CFPasteboard:exit] (not-in-cache) - result: 0 generation: 7 data (315 bytes) flags: 0
2026-09-14 13:58:32.883 I  PeachCommander[26326:151b3] [com.apple.launchservices:cas] information in shared memory for 0x0-0x161161 with seed 535 was still valid, so using cached info { "ApplicationType"="Foreground", "BuildMachineOSBuild"="25E246", "BundleIdentifierLowerCase"="com.peachcommander.app", "CFBundleDevelopmentRegion"="en", "CFBundleDocumentTypes"=( { "CFBundleTypeName"="Peach Commander Plugin Package", "CFBundleTypeRole"="Viewer", "LSHandlerRank"="Owner", "LSItemContentTypes"=( "com.peachcommander.plugin-package") }), "CFBundleExecutable"="PeachCommander", "CFBundleExecutablePath"="/Users/admin/pc-test/PeachCommander.app/Contents/MacOS/PeachCommander", "CFBundleExecutablePathDeviceID"=16777227, "CFBundleExecutablePathINode"=488284, "CFBundleHelpBookFolder"="PeachCommander.help", "CFBundleHelpBookName"="Peach Commander Help", "CFBundleIconFile"="AppIcon", "CFBundleIconName"="AppIcon", "CFBundleIdentifier"="com.peachcommander.app", "CFBundleInfoDictionaryVersion"="6.0", "CFBundleName"="PeachCommander", "CFBundleNameLowerCase"="peachcommander", "CFBundleNumericVersion"=402685952, "CFBundlePackageType"="APPL", "CFBundleShortVersionString"="0.9.0", "CFBun<…>
2026-09-14 13:58:32.883 Df PeachCommander[26326:151b3] [com.apple.xpc:connection] [0x898ca1e00] activating connection: mach=false listener=false peer=false name=com.apple.ViewBridgeAuxiliary
2026-09-14 13:58:32.887 Df PeachCommander[26326:151b3] [com.apple.xpc:connection] [0x898ca1cc0] activating connection: mach=false listener=false peer=false name=(anonymous)
2026-09-14 13:58:32.887 Df PeachCommander[26326:151b3] [com.apple.xpc:connection] [0x898ca1f40] activating connection: mach=false listener=true peer=false name=(anonymous)
2026-09-14 13:58:32.887 Df PeachCommander[26326:151b3] [com.apple.xpc:connection] [0x898ca1f40] Connection returned listener port: 0xf603
2026-09-14 13:58:32.888 Df PeachCommander[26326:151b3] [com.apple.xpc:connection] [0x898ca1e00] invalidated after the last release of the connection object
2026-09-14 13:58:32.888 I  PeachCommander[26326:151b3] [com.apple.showhide:pr-59900543] SHOWHIDE: SHOW id=588 0x0-0x161161, err=0 eventTime=1766553181166 windowID=0
2026-09-14 13:58:32.888 I  PeachCommander[26326:151b3] [com.apple.CarbonCore:coreservicesdaemon] findOrCreateCacheable():findOrCreateCacheable(), factoryName=3 cacheableName=<private> fCacheables.size()=0
2026-09-14 13:58:32.888 I  PeachCommander[26326:151b3] [com.apple.CarbonCore:coreservicesdaemon] findOrCreateCacheable():findOrCreateCacheable(), result = 0x899148d40 (should be non-NULL)
2026-09-14 13:58:32.888 Df PeachCommander[26326:151b3] [com.apple.AppKit:AutomaticTermination] void _NSDisableAutomaticTerminationAndLog(NSString *) Restoring windows
2026-09-14 13:58:32.888 Df PeachCommander[26326:151b3] [com.apple.AppKit:StateRestoration] -[NSApplication _reopenWindowsAsNecessaryIncludingRestorableState:withFullFidelity:completionHandler:] shouldRestoreState=1 hasPersistentStateToRestore=0 shouldStillRestoreStateAfterPrompting=0
2026-09-14 13:58:32.888 Df PeachCommander[26326:151b3] [com.apple.xpc:connection] [0x898ca1e00] activating connection: mach=true listener=false peer=false name=com.apple.window_proxies
2026-09-14 13:58:32.888 Df PeachCommander[26326:151b3] [com.apple.xpc:connection] [0x898ca1e00] invalidated because the current process cancelled the connection by calling xpc_connection_cancel()
2026-09-14 13:58:32.888 I  PeachCommander[26326:151b3] [com.apple.SkyLight:processes] 0[outside of RPC]: SLSSetFrontProcessWithInfo(0x0-0x2 window=0 options=0x1
2026-09-14 13:58:32.889 I  PeachCommander[26326:151b3] [com.apple.CoreAnalytics:client] Dropping "com.apple.appkit.app_config" as it isn't used in any transform (not in the config or budgeted?)
2026-09-14 13:58:32.889 Df PeachCommander[26326:151b3] [com.apple.AppKit:AutomaticTermination] void _NSEnableAutomaticTerminationAndLog(NSString *) Restoring windows
2026-09-14 13:58:32.891 I  PeachCommander[26326:151b3] [com.apple.CoreAnalytics:client] Dropping "com.apple.appkit.app_config" as it isn't used in any transform (not in the config or budgeted?)
2026-09-14 13:58:32.891 I  PeachCommander[26326:151b3] [com.apple.CoreAnalytics:client] Dropping "com.apple.appkit.app_config" as it isn't used in any transform (not in the config or budgeted?)
2026-09-14 13:58:32.900 A  PeachCommander[26326:151b3] (CoreFoundation) Loading Preferences From User CFPrefsD
2026-09-14 13:58:32.905 I  PeachCommander[26326:151b3] [com.peachcommander:PCFoundation] VolumeManager initialized
2026-09-14 13:58:32.921 Df PeachCommander[26326:151b3] [com.apple.BoardServices:XPCErrors] [C:1] Alloc <private>
2026-09-14 13:58:32.921 Df PeachCommander[26326:151b3] [com.apple.xpc:connection] [0x898ff1180] activating connection: mach=false listener=false peer=false name=(anonymous)
2026-09-14 13:58:32.922 I  PeachCommander[26326:151b3] [com.apple.AppKit:Window] context (0 -> 58c46b47) for window 591
2026-09-14 13:58:32.923 Df PeachCommander[26326:151bc] [com.apple.corespotlight:index] (<private>) deleteSearchableItemsWithDomainIdentifiers, protectionClass:(null), domainIdentifiers number:1
2026-09-14 13:58:32.923 A  PeachCommander[26326:151bc] (CoreSpotlight) delete-domains
2026-09-14 13:58:32.923 Df PeachCommander[26326:151bc] [com.apple.corespotlight:index] CSInlineDonation:<private>: Skipping donation (feature flag disabled)
2026-09-14 13:58:32.923 Df PeachCommander[26326:151bc] (CoreSpotlight) sConnectionName: com.apple.spotlight.IndexAgent
2026-09-14 13:58:32.923 Df PeachCommander[26326:151bc] (CoreSpotlight) Start service name com.apple.spotlight.IndexAgent
2026-09-14 13:58:32.923 Df PeachCommander[26326:151bc] [com.apple.xpc:connection] [0x898ff1400] activating connection: mach=true listener=false peer=false name=com.apple.spotlight.IndexAgent
2026-09-14 13:58:32.923 I  PeachCommander[26326:151b3] [com.peachcommander:PCFoundation] MainWindowController initialized (config: <private>)
2026-09-14 13:58:32.923 I  PeachCommander[26326:151b3] [com.peachcommander:PCFoundation] SelectionState initialized
2026-09-14 13:58:32.923 I  PeachCommander[26326:151b3] [com.peachcommander:PCFoundation] DirectoryModel initialized
2026-09-14 13:58:32.923 I  PeachCommander[26326:151b3] [com.peachcommander:PCFoundation] VolumeManager initialized
2026-09-14 13:58:32.923 I  PeachCommander[26326:151b3] [com.peachcommander:PCFoundation] PanelController initialized for <private> panel
2026-09-14 13:58:32.924 I  PeachCommander[26326:151b3] [com.peachcommander:PCFoundation] SelectionState initialized
2026-09-14 13:58:32.924 I  PeachCommander[26326:151b3] [com.peachcommander:PCFoundation] DirectoryModel initialized
2026-09-14 13:58:32.924 I  PeachCommander[26326:151b3] [com.peachcommander:PCFoundation] VolumeManager initialized
2026-09-14 13:58:32.924 I  PeachCommander[26326:151b3] [com.peachcommander:PCFoundation] PanelController initialized for <private> panel
2026-09-14 13:58:32.927 I  PeachCommander[26326:151b3] [com.apple.AppKit:Animation] Running new animation: <private>
2026-09-14 13:58:32.927 I  PeachCommander[26326:151b3] [com.apple.AppKit:Animation] Running new animation: <private>
2026-09-14 13:58:32.927 I  PeachCommander[26326:151b3] [com.apple.AppKit:Animation] Running new animation: <private>
2026-09-14 13:58:32.927 I  PeachCommander[26326:151b3] [com.apple.AppKit:Animation] Running new animation: <private>
2026-09-14 13:58:32.927 I  PeachCommander[26326:151b3] [com.apple.AppKit:Animation] Running new animation: <private>
2026-09-14 13:58:32.929 I  PeachCommander[26326:151b3] [com.apple.AppKit:Animation] Running new animation: <private>
2026-09-14 13:58:32.929 I  PeachCommander[26326:151b3] [com.apple.AppKit:Animation] Running new animation: <private>
2026-09-14 13:58:32.929 I  PeachCommander[26326:151b3] [com.apple.AppKit:Animation] Running new animation: <private>
2026-09-14 13:58:32.929 I  PeachCommander[26326:151b3] [com.apple.AppKit:Animation] Running new animation: <private>
2026-09-14 13:58:32.929 I  PeachCommander[26326:151b3] [com.apple.AppKit:Animation] Running new animation: <private>
2026-09-14 13:58:32.930 A  PeachCommander[26326:151bc] (RunningBoardServices) didChangeInheritances
2026-09-14 13:58:32.935 I  PeachCommander[26326:151b3] [com.apple.CoreAnalytics:client] Dropping "com.apple.appkit.app_config" as it isn't used in any transform (not in the config or budgeted?)
2026-09-14 13:58:32.937 I  PeachCommander[26326:151b3] [com.apple.CoreAnalytics:client] Dropping "com.apple.appkit.app_config" as it isn't used in any transform (not in the config or budgeted?)
2026-09-14 13:58:32.940 I  PeachCommander[26326:151b3] [com.apple.launchservices:datasep] application record search init. Node: <FSNode 0x89995ab60> { isDir = ?, path = <private> } bundleID: (null) itemID: 0
2026-09-14 13:58:32.941 I  PeachCommander[26326:151b3] [com.apple.GenerativeModels:availability] Current availability state: unavailable, use cases: com.apple.Settings.AppleIntelligence,com.apple.Siri.NLRouter, language: en, api: <private>
2026-09-14 13:58:32.941 Df PeachCommander[26326:151b3] [com.apple.GenerativeModels:availability] isOkayToHaveAsset: False
2026-09-14 13:58:32.941 E  PeachCommander[26326:151b3] [com.apple.siri:Utility] AFIsDeviceGreymatterEligible Missing entitlements for os_eligibility lookup
2026-09-14 13:58:32.941 I  PeachCommander[26326:151b3] [com.apple.GenerativeModels:availability] Current availability state: unavailable, use cases: com.apple.Settings.AppleIntelligence, language: en, api: <private>
2026-09-14 13:58:32.941 Df PeachCommander[26326:151b3] [com.apple.GenerativeModels:availability] isOkayToHaveAsset: False
2026-09-14 13:58:32.941 Df PeachCommander[26326:151b3] [com.apple.siri:Utility] -[AFSystemAssistantExperienceStatusManager fetchGenerativeModelsAvailability] #SAEStatus #cacheUpdate Updating cache:
deviceSupportsSAE: 0 (0)
       saeEnabled: 0 (0)
     saeAvailable: 0 (0)
      swaiEnabled: 0 (0)
        viEnabled: 0 (0)
        siriAvailability:
        <private>
        ((null))
2026-09-14 13:58:32.941 Df PeachCommander[26326:151b3] [com.apple.xpc:connection] [0x898ac0140] activating connection: mach=true listener=false peer=false name=com.apple.iconservices
2026-09-14 13:58:32.942 Df PeachCommander[26326:151b3] [com.apple.xpc:connection] [0x898ac0280] activating connection: mach=true listener=false peer=false name=com.apple.iconservices.store
2026-09-14 13:58:32.946 I  PeachCommander[26326:151b3] [com.peachcommander:Theme] no user themes in /Users/admin/pc-cfg/themes
2026-09-14 13:58:32.946 Df PeachCommander[26326:151b3] [com.apple.AppKit:Appearance] Invalidate NSApp effectiveAppearance
2026-09-14 13:58:32.946 A  PeachCommander[26326:151b8] (libsystem_info.dylib) Retrieve Group by ID
2026-09-14 13:58:32.947 Df PeachCommander[26326:151b3] [com.apple.AppKit:Appearance] NSApp cache appearance:
-NSRequiresAquaSystemAppearance: 0
-appearance: (null)
-effectiveAppearance: <NSCompositeAppearance: 0x898c8c460
 (
    "<NSAquaAppearance: 0x898c8c6e0>",
    "<NSSystemAppearance: 0x898c8c780>"
)>
2026-09-14 13:58:32.948 I  PeachCommander[26326:151b3] [com.peachcommander:PCFoundation] Theme applied: id=system, appearance=system, dark=false, background=#FFFFFF
2026-09-14 13:58:32.972 I  PeachCommander[26326:151b3] [com.apple.iconservices:foundation] layer data size zero
2026-09-14 13:58:32.972 I  PeachCommander[26326:151b3] [com.apple.CoreAnalytics:client] Dropping "com.apple.appkit.app_config" as it isn't used in any transform (not in the config or budgeted?)
2026-09-14 13:58:32.975 I  PeachCommander[26326:151b3] [com.peachcommander:PCFoundation] Keymap loaded: scheme=<private>, 82 effective bindings
2026-09-14 13:58:32.976 I  PeachCommander[26326:151b3] [com.apple.AppKit:Animation] Running new animation: <private>
2026-09-14 13:58:32.976 I  PeachCommander[26326:151b3] [com.apple.AppKit:Animation] Running new animation: <private>
2026-09-14 13:58:32.976 I  PeachCommander[26326:151b3] [com.apple.AppKit:Animation] Running new animation: <private>
2026-09-14 13:58:32.976 I  PeachCommander[26326:151b3] [com.apple.AppKit:Animation] Running new animation: <private>
2026-09-14 13:58:32.976 I  PeachCommander[26326:151b3] [com.apple.AppKit:Animation] Running new animation: <private>
2026-09-14 13:58:32.976 I  PeachCommander[26326:151b3] [com.apple.AppKit:Animation] Running new animation: <private>
2026-09-14 13:58:32.976 I  PeachCommander[26326:151b3] [com.apple.AppKit:Animation] Running new animation: <private>
2026-09-14 13:58:32.976 I  PeachCommander[26326:151b3] [com.apple.AppKit:Animation] Running new animation: <private>
2026-09-14 13:58:32.976 I  PeachCommander[26326:151b3] [com.apple.AppKit:Animation] Running new animation: <private>
2026-09-14 13:58:32.976 I  PeachCommander[26326:151b3] [com.apple.AppKit:Animation] Running new animation: <private>
2026-09-14 13:58:32.979 I  PeachCommander[26326:151b3] [com.apple.CoreAnalytics:client] Dropping "<private>" as it isn't used in any transform (not in the config or budgeted?)
2026-09-14 13:58:32.979 I  PeachCommander[26326:151b3] [com.apple.CoreAnalytics:client] Dropping "<private>" as it isn't used in any transform (not in the config or budgeted?)
2026-09-14 13:58:32.980 I  PeachCommander[26326:151b3] [com.apple.CoreAnalytics:client] Dropping "<private>" as it isn't used in any transform (not in the config or budgeted?)
2026-09-14 13:58:32.980 I  PeachCommander[26326:151b3] [com.peachcommander:PCFoundation] MainWindowController window loaded
2026-09-14 13:58:32.980 I  PeachCommander[26326:151b3] [com.apple.launchservices:cas] information in shared memory for 0x0-0x161161 with seed 535 was still valid, so using cached info { "ApplicationType"="Foreground", "BuildMachineOSBuild"="25E246", "BundleIdentifierLowerCase"="com.peachcommander.app", "CFBundleDevelopmentRegion"="en", "CFBundleDocumentTypes"=( { "CFBundleTypeName"="Peach Commander Plugin Package", "CFBundleTypeRole"="Viewer", "LSHandlerRank"="Owner", "LSItemContentTypes"=( "com.peachcommander.plugin-package") }), "CFBundleExecutable"="PeachCommander", "CFBundleExecutablePath"="/Users/admin/pc-test/PeachCommander.app/Contents/MacOS/PeachCommander", "CFBundleExecutablePathDeviceID"=16777227, "CFBundleExecutablePathINode"=488284, "CFBundleHelpBookFolder"="PeachCommander.help", "CFBundleHelpBookName"="Peach Commander Help", "CFBundleIconFile"="AppIcon", "CFBundleIconName"="AppIcon", "CFBundleIdentifier"="com.peachcommander.app", "CFBundleInfoDictionaryVersion"="6.0", "CFBundleName"="PeachCommander", "CFBundleNameLowerCase"="peachcommander", "CFBundleNumericVersion"=402685952, "CFBundlePackageType"="APPL", "CFBundleShortVersionString"="0.9.0", "CFBun<…>
2026-09-14 13:58:32.981 I  PeachCommander[26326:151b3] [com.apple.launchservices:cas] information in shared memory for 0x0-0x161161 with seed 535 was still valid, so using cached info { "ApplicationType"="Foreground", "BuildMachineOSBuild"="25E246", "BundleIdentifierLowerCase"="com.peachcommander.app", "CFBundleDevelopmentRegion"="en", "CFBundleDocumentTypes"=( { "CFBundleTypeName"="Peach Commander Plugin Package", "CFBundleTypeRole"="Viewer", "LSHandlerRank"="Owner", "LSItemContentTypes"=( "com.peachcommander.plugin-package") }), "CFBundleExecutable"="PeachCommander", "CFBundleExecutablePath"="/Users/admin/pc-test/PeachCommander.app/Contents/MacOS/PeachCommander", "CFBundleExecutablePathDeviceID"=16777227, "CFBundleExecutablePathINode"=488284, "CFBundleHelpBookFolder"="PeachCommander.help", "CFBundleHelpBookName"="Peach Commander Help", "CFBundleIconFile"="AppIcon", "CFBundleIconName"="AppIcon", "CFBundleIdentifier"="com.peachcommander.app", "CFBundleInfoDictionaryVersion"="6.0", "CFBundleName"="PeachCommander", "CFBundleNameLowerCase"="peachcommander", "CFBundleNumericVersion"=402685952, "CFBundlePackageType"="APPL", "CFBundleShortVersionString"="0.9.0", "CFBun<…>
2026-09-14 13:58:32.990 I  PeachCommander[26326:151b3] [com.apple.AppKit:Window] order window front conditionally: 591 related: 0
2026-09-14 13:58:32.990 Df PeachCommander[26326:151b3] [com.apple.AppKit:AutomaticTermination] void _NSEnableAutomaticTerminationAndLog(NSString *) No windows open yet
2026-09-14 13:58:32.990 I  PeachCommander[26326:151b3] [com.apple.AppKit:Intelligence] starting collection observation
2026-09-14 13:58:32.990 Df PeachCommander[26326:151b7] [com.apple.UIIntelligenceSupport:xpc] establishing connection to agent
2026-09-14 13:58:32.990 Df PeachCommander[26326:151b7] [com.apple.xpc:session] [0x898479130] Session created.
2026-09-14 13:58:32.990 Df PeachCommander[26326:151b7] [com.apple.xpc:session] [0x898479130] Session created from connection [0x898ac2300]
2026-09-14 13:58:32.990 Df PeachCommander[26326:151b7] [com.apple.xpc:connection] [0x898ac2300] activating connection: mach=true listener=false peer=false name=com.apple.uiintelligencesupport.agent
2026-09-14 13:58:32.990 Df PeachCommander[26326:151b7] [com.apple.xpc:session] [0x898479130] Session activated
2026-09-14 13:58:32.990 I  PeachCommander[26326:151b3] [com.apple.SkyLight:processes] 0[outside of RPC]: SLSSetFrontProcessWithInfo(0x0-0x2 window=0 options=0x1
2026-09-14 13:58:32.991 Df PeachCommander[26326:151b8] [com.apple.UIIntelligenceSupport:xpc] Connection established with agent PID: 1213
2026-09-14 13:58:32.991 I  PeachCommander[26326:151b3] [com.apple.launchservices:cas] information in shared memory for 0x0-0x161161 with seed 535 was still valid, so using cached info { "ApplicationType"="Foreground", "BuildMachineOSBuild"="25E246", "BundleIdentifierLowerCase"="com.peachcommander.app", "CFBundleDevelopmentRegion"="en", "CFBundleDocumentTypes"=( { "CFBundleTypeName"="Peach Commander Plugin Package", "CFBundleTypeRole"="Viewer", "LSHandlerRank"="Owner", "LSItemContentTypes"=( "com.peachcommander.plugin-package") }), "CFBundleExecutable"="PeachCommander", "CFBundleExecutablePath"="/Users/admin/pc-test/PeachCommander.app/Contents/MacOS/PeachCommander", "CFBundleExecutablePathDeviceID"=16777227, "CFBundleExecutablePathINode"=488284, "CFBundleHelpBookFolder"="PeachCommander.help", "CFBundleHelpBookName"="Peach Commander Help", "CFBundleIconFile"="AppIcon", "CFBundleIconName"="AppIcon", "CFBundleIdentifier"="com.peachcommander.app", "CFBundleInfoDictionaryVersion"="6.0", "CFBundleName"="PeachCommander", "CFBundleNameLowerCase"="peachcommander", "CFBundleNumericVersion"=402685952, "CFBundlePackageType"="APPL", "CFBundleShortVersionString"="0.9.0", "CFBun<…>
2026-09-14 13:58:32.991 Df PeachCommander[26326:151b3] [com.apple.xpc:connection] [0x898ac2440] activating connection: mach=true listener=false peer=false name=com.apple.FileCoordination
2026-09-14 13:58:32.991 Df PeachCommander[26326:151b8] [com.apple.foundation.filecoordination:presenter] Adding presenter 4C82BAE3-7D78-4381-A6CD-5AA83ECA34F5 for URL: <private>
2026-09-14 13:58:32.991 I  PeachCommander[26326:151b3] [com.apple.launchservices:cas] information in shared memory for 0x0-0x161161 with seed 535 was still valid, so using cached info { "ApplicationType"="Foreground", "BuildMachineOSBuild"="25E246", "BundleIdentifierLowerCase"="com.peachcommander.app", "CFBundleDevelopmentRegion"="en", "CFBundleDocumentTypes"=( { "CFBundleTypeName"="Peach Commander Plugin Package", "CFBundleTypeRole"="Viewer", "LSHandlerRank"="Owner", "LSItemContentTypes"=( "com.peachcommander.plugin-package") }), "CFBundleExecutable"="PeachCommander", "CFBundleExecutablePath"="/Users/admin/pc-test/PeachCommander.app/Contents/MacOS/PeachCommander", "CFBundleExecutablePathDeviceID"=16777227, "CFBundleExecutablePathINode"=488284, "CFBundleHelpBookFolder"="PeachCommander.help", "CFBundleHelpBookName"="Peach Commander Help", "CFBundleIconFile"="AppIcon", "CFBundleIconName"="AppIcon", "CFBundleIdentifier"="com.peachcommander.app", "CFBundleInfoDictionaryVersion"="6.0", "CFBundleName"="PeachCommander", "CFBundleNameLowerCase"="peachcommander", "CFBundleNumericVersion"=402685952, "CFBundlePackageType"="APPL", "CFBundleShortVersionString"="0.9.0", "CFBun<…>
2026-09-14 13:58:32.994 I  PeachCommander[26326:151b3] [com.apple.AppKit:Window] order all windows front 1766553181166
2026-09-14 13:58:32.994 I  PeachCommander[26326:151b3] [com.apple.launchservices:cas] information in shared memory for 0x0-0x161161 with seed 535 was still valid, so using cached info { "ApplicationType"="Foreground", "BuildMachineOSBuild"="25E246", "BundleIdentifierLowerCase"="com.peachcommander.app", "CFBundleDevelopmentRegion"="en", "CFBundleDocumentTypes"=( { "CFBundleTypeName"="Peach Commander Plugin Package", "CFBundleTypeRole"="Viewer", "LSHandlerRank"="Owner", "LSItemContentTypes"=( "com.peachcommander.plugin-package") }), "CFBundleExecutable"="PeachCommander", "CFBundleExecutablePath"="/Users/admin/pc-test/PeachCommander.app/Contents/MacOS/PeachCommander", "CFBundleExecutablePathDeviceID"=16777227, "CFBundleExecutablePathINode"=488284, "CFBundleHelpBookFolder"="PeachCommander.help", "CFBundleHelpBookName"="Peach Commander Help", "CFBundleIconFile"="AppIcon", "CFBundleIconName"="AppIcon", "CFBundleIdentifier"="com.peachcommander.app", "CFBundleInfoDictionaryVersion"="6.0", "CFBundleName"="PeachCommander", "CFBundleNameLowerCase"="peachcommander", "CFBundleNumericVersion"=402685952, "CFBundlePackageType"="APPL", "CFBundleShortVersionString"="0.9.0", "CFBun<…>
2026-09-14 13:58:32.994 I  PeachCommander[26326:151b3] [com.apple.showhide:pr-59900543] SHOWHIDE: CONFIRM, id=588, err=0
2026-09-14 13:58:32.994 I  PeachCommander[26326:151b3] [com.apple.AppKit:Window] context (0 -> a8e94b31) for window 590
2026-09-14 13:58:32.994 I  PeachCommander[26326:151b3] [com.apple.AppKit:Window] context (0 -> 8a6f4d7c) for window 58f
2026-09-14 13:58:32.994 I  PeachCommander[26326:151b3] [com.apple.AppKit:Window] context (0 -> d198dd08) for window 58e
2026-09-14 13:58:32.994 I  PeachCommander[26326:151b3] [com.apple.AppKit:Window] context (0 -> f262c59b) for window 58d
2026-09-14 13:58:33.019 Df PeachCommander[26326:151b3] [com.apple.AppKit:AutomaticTermination] void _updateToReflectAutomaticTerminationState(void) Setting _kLSApplicationWouldBeTerminatedByTALKey=0
2026-09-14 13:58:33.020 I  PeachCommander[26326:151b3] [com.apple.runningboard:assertion] Acquiring assertion: <RBSAssertionDescriptor| "AppNap adapter assertion" ID:(null) target:26326>
2026-09-14 13:58:33.054 A  PeachCommander[26326:151b7] (RunningBoardServices) didChangeInheritances
2026-09-14 13:58:33.075 Df PeachCommander[26326:151b3] [com.apple.libsystem.libdispatch:] DEPRECATED USE in libdispatch client: dispatch source activated with no event handler set; set a breakpoint on _dispatch_bug_deprecated to debug
2026-09-14 13:58:33.166 I  PeachCommander[26326:151b3] [com.apple.coreanimation:Utilities] IOSurface Compression Enabled: NO
2026-09-14 13:58:33.167 Df PeachCommander[26326:151b7] [com.apple.coreanimation:Metal] Precompiled pipelines disabled on unsupported hardware.
2026-09-14 13:58:33.179 I  PeachCommander[26326:151b3] [com.apple.CarbonCore:gestalt] SetGestaltValuesBulk SetGestaltValuesBulk( count=22 tuples=0x184a9e650
2026-09-14 13:58:33.179 I  PeachCommander[26326:151b3] [com.apple.CarbonCore:gestalt] SetGestaltValue SetGestaltValue(alis 1C9) => 0
2026-09-14 13:58:33.179 I  PeachCommander[26326:151b3] [com.apple.CarbonCore:gestalt] SetGestaltValue SetGestaltValue(os   FE) => 0
2026-09-14 13:58:33.179 I  PeachCommander[26326:151b3] [com.apple.CarbonCore:gestalt] SetGestaltValue SetGestaltValue(addr 7) => 0
2026-09-14 13:58:33.179 I  PeachCommander[26326:151b3] [com.apple.CarbonCore:gestalt] SetGestaltValue SetGestaltValue(fs   3D332) => 0
2026-09-14 13:58:33.179 I  PeachCommander[26326:151b3] [com.apple.CarbonCore:gestalt] SetGestaltValue SetGestaltValue(fold 11) => 0
2026-09-14 13:58:33.179 I  PeachCommander[26326:151b3] [com.apple.CarbonCore:gestalt] SetGestaltValue SetGestaltValue(lram 7FFFF000) => 0
2026-09-14 13:58:33.179 I  PeachCommander[26326:151b3] [com.apple.CarbonCore:gestalt] SetGestaltValue SetGestaltValue(mmap 1) => 0
2026-09-14 13:58:33.179 I  PeachCommander[26326:151b3] [com.apple.CarbonCore:gestalt] SetGestaltValue SetGestaltValue(cfrg 1) => 0
2026-09-14 13:58:33.179 I  PeachCommander[26326:151b3] [com.apple.CarbonCore:gestalt] SetGestaltValue SetGestaltValue(thds 7) => 0
2026-09-14 13:58:33.179 I  PeachCommander[26326:151b3] [com.apple.CarbonCore:gestalt] SetGestaltValue SetGestaltValue(tmgr E) => 0
2026-09-14 13:58:33.179 I  PeachCommander[26326:151b3] [com.apple.CarbonCore:gestalt] SetGestaltValue SetGestaltValue(vers 7) => 0
2026-09-14 13:58:33.179 I  PeachCommander[26326:151b3] [com.apple.CarbonCore:gestalt] SetGestaltValue SetGestaltValue(cbon 160) => 0
2026-09-14 13:58:33.179 I  PeachCommander[26326:151b3] [com.apple.CarbonCore:gestalt] SetGestaltValue SetGestaltValue(cltn 1108000) => 0
2026-09-14 13:58:33.179 I  PeachCommander[26326:151b3] [com.apple.CarbonCore:gestalt] SetGestaltValue SetGestaltValue(cpnt 8) => 0
2026-09-14 13:58:33.179 I  PeachCommander[26326:151b3] [com.apple.CarbonCore:gestalt] SetGestaltValue SetGestaltValue(rsrc 3) => 0
2026-09-14 13:58:33.179 I  PeachCommander[26326:151b3] [com.apple.CarbonCore:gestalt] SetGestaltValue SetGestaltValue(rmbg 11F) => 0
2026-09-14 13:58:33.179 I  PeachCommander[26326:151b3] [com.apple.CarbonCore:gestalt] SetGestaltValue SetGestaltValue(vm   11) => 0
2026-09-14 13:58:33.179 I  PeachCommander[26326:151b3] [com.apple.CarbonCore:gestalt] SetGestaltValue SetGestaltValue(srad 4170706C) => 0
2026-09-14 13:58:33.179 I  PeachCommander[26326:151b3] [com.apple.CarbonCore:gestalt] SetGestaltValue SetGestaltValue(sysa 14) => 0
2026-09-14 13:58:33.179 I  PeachCommander[26326:151b3] [com.apple.CarbonCore:gestalt] SetGestaltValue SetGestaltValue(copl 9) => 0
2026-09-14 13:58:33.179 I  PeachCommander[26326:151b3] [com.apple.CarbonCore:gestalt] SetGestaltValue SetGestaltValue(xlat 0) => 0
2026-09-14 13:58:33.179 I  PeachCommander[26326:151b3] [com.apple.CarbonCore:gestalt] SetGestaltValue SetGestaltValue(stdf 0) => 0
2026-09-14 13:58:33.179 I  PeachCommander[26326:151b3] [com.apple.CarbonCore:gestalt] _NewGestalt _NewGestalt(ram  0x184a17644) => 0
2026-09-14 13:58:33.179 I  PeachCommander[26326:151b3] [com.apple.CarbonCore:gestalt] _NewGestalt _NewGestalt(ramm 0x184a17644) => 0
2026-09-14 13:58:33.179 I  PeachCommander[26326:151b3] [com.apple.CarbonCore:gestalt] _NewGestalt _NewGestalt(cput 0x184a17734) => 0
2026-09-14 13:58:33.179 I  PeachCommander[26326:151b3] [com.apple.CarbonCore:gestalt] _NewGestalt _NewGestalt(cpuf 0x184a17764) => 0
2026-09-14 13:58:33.179 I  PeachCommander[26326:151b3] [com.apple.CarbonCore:gestalt] _NewGestalt _NewGestalt(bclk 0x184a17794) => 0
2026-09-14 13:58:33.179 I  PeachCommander[26326:151b3] [com.apple.CarbonCore:gestalt] _NewGestalt _NewGestalt(bclm 0x184a17794) => 0
2026-09-14 13:58:33.179 I  PeachCommander[26326:151b3] [com.apple.CarbonCore:gestalt] _NewGestalt _NewGestalt(pclk 0x184a17834) => 0
2026-09-14 13:58:33.179 I  PeachCommander[26326:151b3] [com.apple.CarbonCore:gestalt] _NewGestalt _NewGestalt(mclk 0x184a17834) => 0
2026-09-14 13:58:33.179 I  PeachCommander[26326:151b3] [com.apple.CarbonCore:gestalt] _NewGestalt _NewGestalt(a/ux 0x184a1794c) => 0
2026-09-14 13:58:33.179 I  PeachCommander[26326:151b3] [com.apple.CarbonCore:gestalt] _NewGestalt _NewGestalt(pgsz 0x184a17954) => 0
2026-09-14 13:58:33.179 I  PeachCommander[26326:151b3] [com.apple.CarbonCore:gestalt] _NewGestalt _NewGestalt(csiz 0x184a17994) => 0
2026-09-14 13:58:33.179 I  PeachCommander[26326:151b3] [com.apple.CarbonCore:gestalt] _NewGestalt _NewGestalt(sysv 0x1849c2dfc) => 0
2026-09-14 13:58:33.179 I  PeachCommander[26326:151b3] [com.apple.CarbonCore:gestalt] _NewGestalt _NewGestalt(sys1 0x1849c2dfc) => 0
2026-09-14 13:58:33.179 I  PeachCommander[26326:151b3] [com.apple.CarbonCore:gestalt] _NewGestalt _NewGestalt(sys2 0x1849c2dfc) => 0
2026-09-14 13:58:33.179 I  PeachCommander[26326:151b3] [com.apple.CarbonCore:gestalt] _NewGestalt _NewGestalt(sys3 0x1849c2dfc) => 0
2026-09-14 13:58:33.179 I  PeachCommander[26326:151b3] [com.apple.CarbonCore:gestalt] _NewGestalt _NewGestalt(cdfl 0x184a179d4) => 0
2026-09-14 13:58:33.179 I  PeachCommander[26326:151b3] [com.apple.CarbonCore:gestalt] _NewGestalt _NewGestalt(cdrm 0x184a17c30) => 0
2026-09-14 13:58:33.179 I  PeachCommander[26326:151b3] [com.apple.CarbonCore:gestalt] _NewGestalt _NewGestalt(cpus 0x184a17c78) => 0
2026-09-14 13:58:33.179 I  PeachCommander[26326:151b3] [com.apple.CarbonCore:gestalt] SetGestaltValue SetGestaltValue(swex 1) => 0
2026-09-14 13:58:33.179 Df PeachCommander[26326:151b3] [com.apple.xpc:connection] [0x898ac3980] activating connection: mach=false listener=false peer=false name=com.apple.hiservices-xpcservice
2026-09-14 13:58:33.180 I  PeachCommander[26326:151b3] [com.apple.CFPasteboard:entry] CopyData('ApplePerContextInputPasteboard' (<CFUUID 0x898a1ba00> 18D1AE92-F604-4174-9148-61E13C8EA8BF) gen: -1 item: 1264739405 flavor: 'ApplePerContextInputFlavor')
2026-09-14 13:58:33.180 I  PeachCommander[26326:151b3] [com.apple.CFPasteboard:cache] Rebuilding cache for 'ApplePerContextInputPasteboard' (<CFUUID 0x898a1ba00> 18D1AE92-F604-4174-9148-61E13C8EA8BF)
2026-09-14 13:58:33.180 I  PeachCommander[26326:151b3] [com.apple.CFPasteboard:general] Will request data from daemon
2026-09-14 13:58:33.180 I  PeachCommander[26326:151b3] [com.apple.CFPasteboard:exit] (not-in-cache) - result: 0 generation: 1 data (182 bytes) flags: 0
2026-09-14 13:58:33.180 I  PeachCommander[26326:151b3] [com.apple.CFPasteboard:entry] CopyData('DefaultAsciiKeyboardLayoutPasteboard' (<CFUUID 0x898d60380> 1616A02D-19E9-4DA9-9691-67D4E41B0661) gen: -1 item: 1264739405 flavor: 'DefaultAsciiKeyboardLayoutFlavor')
2026-09-14 13:58:33.180 I  PeachCommander[26326:151b3] [com.apple.CFPasteboard:exit] (not-in-cache) - result: -8 generation: 0 null data flags: 0
2026-09-14 13:58:33.183 I  PeachCommander[26326:151b3] [com.apple.AppKit:Window] context (0 -> 30bededa) for window 592
2026-09-14 13:58:33.183 Df PeachCommander[26326:151b3] [com.apple.inputmethodkitClient:Client] +[IMKClient subclass]: chose IMKClient_Modern
2026-09-14 13:58:33.183 Df PeachCommander[26326:151b3] [com.apple.BoardServices:XPCErrors] [C:2] Alloc com.apple.backboard.hid-services.xpc
2026-09-14 13:58:33.183 Df PeachCommander[26326:151b3] [com.apple.xpc:connection] [0x898ac3ac0] activating connection: mach=false listener=false peer=false name=(anonymous)
2026-09-14 13:58:33.184 E  PeachCommander[26326:151c2] [com.apple.BaseBoard:Common] Unable to obtain a task name port right for pid 168: (os/kern) failure (0x5)
2026-09-14 13:58:33.184 Df PeachCommander[26326:151c2] [com.apple.xpc:connection] [0x898ac2940] activating connection: mach=false listener=false peer=false name=com.apple.TextInputUI.xpc.CursorUIViewService
2026-09-14 13:58:33.184 Df PeachCommander[26326:151c2] [com.apple.xpc:connection] [0x898ac2940] invalidated after the last release of the connection object
2026-09-14 13:58:33.184 I  PeachCommander[26326:151b3] [com.apple.CFPasteboard:entry] CopyData('DefaultAsciiKeyboardLayoutPasteboard' (<CFUUID 0x898d60380> 1616A02D-19E9-4DA9-9691-67D4E41B0661) gen: -1 item: 1264739405 flavor: 'DefaultAsciiKeyboardLayoutFlavor')
2026-09-14 13:58:33.184 I  PeachCommander[26326:151b3] [com.apple.CFPasteboard:exit] (not-in-cache) - result: -8 generation: 0 null data flags: 0
2026-09-14 13:58:33.184 Df PeachCommander[26326:151b3] [com.apple.xpc:connection] [0x898ac26c0] activating connection: mach=false listener=false peer=false name=(anonymous)
2026-09-14 13:58:33.184 Df PeachCommander[26326:151b3] [com.apple.xpc:connection] [0x898ac2940] activating connection: mach=false listener=false peer=false name=com.apple.ViewBridgeAuxiliary
2026-09-14 13:58:33.185 Df PeachCommander[26326:151b3] [com.apple.xpc:connection] [0x898ac2580] activating connection: mach=false listener=false peer=false name=(anonymous)
2026-09-14 13:58:33.185 Df PeachCommander[26326:151b3] [com.apple.xpc:connection] [0x898ac2940] invalidated after the last release of the connection object
2026-09-14 13:58:33.200 Df PeachCommander[26326:151b3] [com.apple.TextInputUI:CursorUI] -[TUINSCursorUIController activate:]_block_invoke: Create CursorUIViewService: TUINSRemoteViewController
2026-09-14 13:58:33.200 I  PeachCommander[26326:151b3] [com.apple.AppKit:Window] window <TUINSWindow: 0x8987b8280> windowNumber=592 finishing close
2026-09-14 13:58:33.200 I  PeachCommander[26326:151b3] [com.apple.AppKit:Window] order window: 592 op: 0 relative: 0 related: 0
2026-09-14 13:58:33.202 A  PeachCommander[26326:151b7] (CoreFoundation) Loading Preferences From System CFPrefsD
2026-09-14 13:58:33.287 I  PeachCommander[26326:151b3] [com.apple.iconservices:foundation] layer data size zero
2026-09-14 13:58:33.287 A  PeachCommander[26326:151b3] (CoreFoundation) Loading Preferences From User CFPrefsD
2026-09-14 13:58:33.288 I  PeachCommander[26326:151b3] [com.apple.CoreAnalytics:client] Dropping "com.apple.ImageIO.readerSelection" as it isn't used in any transform (not in the config or budgeted?)
2026-09-14 13:58:33.304 I  PeachCommander[26326:151b3] [com.apple.CoreAnalytics:client] Dropping "com.apple.appkit.app_config" as it isn't used in any transform (not in the config or budgeted?)
2026-09-14 13:58:33.304 I  PeachCommander[26326:151b3] [com.apple.SafariPlatformSupport:SafariPlatformSupport] -[SFSafariPlatformSupport credentialSelected:] with nil credential
2026-09-14 13:58:33.304 I  PeachCommander[26326:151b3] [com.apple.SafariPlatformSupport:SafariPlatformSupport] -[SFSafariPlatformSupport oneTimeCodeSelected:] with nil code
2026-09-14 13:58:33.304 Df PeachCommander[26326:151b7] [com.apple.xpc:connection] [0x898ac2940] activating connection: mach=false listener=false peer=false name=com.apple.SafariPlatformSupport.Helper
2026-09-14 13:58:33.310 Df PeachCommander[26326:151b3] [com.apple.BoardServices:XPCErrors] [C:3] Alloc com.apple.backboard.hid-services.xpc
2026-09-14 13:58:33.310 Df PeachCommander[26326:151b3] [com.apple.xpc:connection] [0x898ac1cc0] activating connection: mach=false listener=false peer=false name=(anonymous)
2026-09-14 13:58:33.311 Df PeachCommander[26326:151c4] [com.apple.BackBoard:EventDelivery] BKSHIDEventDeliveryManager - connection activation
2026-09-14 13:58:33.311 I  PeachCommander[26326:151b3] [com.peachcommander:PCFoundation] Session restored
2026-09-14 13:58:33.311 Df PeachCommander[26326:151b3] (Foundation) <private>
2026-09-14 13:58:33.311 I  PeachCommander[26326:151b3] [com.peachcommander:PCFoundation] [automation] running /Users/admin/auto.txt
2026-09-14 13:58:33.311 Df PeachCommander[26326:151b3] (Foundation) <private>
2026-09-14 13:58:33.311 I  PeachCommander[26326:151b3] [com.peachcommander:PCFoundation] [automation] > active left
2026-09-14 13:58:33.311 Df PeachCommander[26326:151b3] (Foundation) <private>
2026-09-14 13:58:33.311 I  PeachCommander[26326:151b3] [com.peachcommander:PCFoundation] [automation] > left /Users/admin/pc-demo
2026-09-14 13:58:33.359 Df PeachCommander[26326:151b3] [com.apple.xpc:connection] [0x898ac1b80] activating connection: mach=false listener=false peer=false name=(anonymous)
2026-09-14 13:58:33.359 Df PeachCommander[26326:151b3] [com.apple.xpc:connection] [0x898ac30c0] activating connection: mach=false listener=false peer=false name=(anonymous)
2026-09-14 13:58:33.414 I  PeachCommander[26326:151b3] [com.apple.launchservices:datasep] application record search init. Node: <FSNode 0x899f80e20> { isDir = y, path = <private> } bundleID: (null) itemID: 0
2026-09-14 13:58:33.414 I  PeachCommander[26326:151b3] [com.apple.launchservices:datasep] application record search init. Node: <FSNode 0x899f80e20> { isDir = y, path = <private> } bundleID: (null) itemID: 0
2026-09-14 13:58:33.414 I  PeachCommander[26326:151b3] [com.apple.SafariPlatformSupport:SafariPlatformSupport] -[SFSafariPlatformSupport credentialSelected:] with nil credential
2026-09-14 13:58:33.414 I  PeachCommander[26326:151b3] [com.apple.SafariPlatformSupport:SafariPlatformSupport] -[SFSafariPlatformSupport oneTimeCodeSelected:] with nil code
2026-09-14 13:58:33.426 I  PeachCommander[26326:151c4] [com.apple.AppKit:WindowTab] Indexing 1 items
2026-09-14 13:58:33.426 A  PeachCommander[26326:151c4] (CoreSpotlight) end-index-batch
2026-09-14 13:58:33.426 Df PeachCommander[26326:151c4] [com.apple.corespotlight:index] *warn* MailCS ======%%% _setMailMessageAttributes skip:1
2026-09-14 13:58:33.426 A  PeachCommander[26326:151c4] (CoreSpotlight) index-items
2026-09-14 13:58:33.426 Df PeachCommander[26326:151c4] [com.apple.corespotlight:index] CSInlineDonation:<private>: Skipping donation (feature flag disabled)
2026-09-14 13:58:33.426 Df PeachCommander[26326:151c4] [com.apple.corespotlight:index] CSInlineDonation:<private>: Skipping donation (feature flag disabled)
2026-09-14 13:58:33.541 I  PeachCommander[26326:151b3] [com.apple.HIToolbox:MBDisplays] <private>
2026-09-14 13:58:33.541 I  PeachCommander[26326:151b3] [com.apple.HIToolbox:MBDisplays] <private>
2026-09-14 13:58:33.658 Df PeachCommander[26326:151bc] [com.apple.xpc:connection] [0x898ac2940] invalidated after the last release of the connection object
2026-09-14 13:58:33.658 I  PeachCommander[26326:151b3] [com.apple.launchservices:cas] Removing cached information for app [ 0x0-0x161161]  "PeachCommander", as its seed is different from that in shared memory ( 535 vs 537)
2026-09-14 13:58:33.723 Df PeachCommander[26326:151b3] (Foundation) <private>
2026-09-14 13:58:33.723 I  PeachCommander[26326:151b3] [com.peachcommander:PCFoundation] [automation] > wait 1500
2026-09-14 13:58:33.741 I  PeachCommander[26326:151b3] [com.apple.iconservices:foundation] layer data size zero
2026-09-14 13:58:33.774 I  PeachCommander[26326:151b3] [com.apple.iconservices:foundation] layer data size zero
2026-09-14 13:58:33.774 I  PeachCommander[26326:151b3] [com.apple.iconservices:foundation] layer data size zero
2026-09-14 13:58:33.774 I  PeachCommander[26326:151b3] [com.apple.iconservices:foundation] layer data size zero
2026-09-14 13:58:33.774 I  PeachCommander[26326:151b3] [com.apple.iconservices:foundation] layer data size zero
2026-09-14 13:58:33.774 I  PeachCommander[26326:151b3] [com.apple.SafariPlatformSupport:SafariPlatformSupport] -[SPSafariPlatformSupport completionListPreferredContentSizeDidUpdate] with size {0, 0}, in window that is visible
2026-09-14 13:58:34.261 I  PeachCommander[26326:151bc] [com.apple.AppKit:WindowTab] Indexing 1 items
2026-09-14 13:58:34.261 A  PeachCommander[26326:151bc] (CoreSpotlight) end-index-batch
2026-09-14 13:58:34.261 A  PeachCommander[26326:151bc] (CoreSpotlight) index-items
2026-09-14 13:58:34.261 Df PeachCommander[26326:151bc] [com.apple.corespotlight:index] CSInlineDonation:<private>: Skipping donation (feature flag disabled)
2026-09-14 13:58:34.261 Df PeachCommander[26326:151bc] [com.apple.corespotlight:index] CSInlineDonation:<private>: Skipping donation (feature flag disabled)
2026-09-14 13:58:35.226 Df PeachCommander[26326:151b3] (Foundation) <private>
2026-09-14 13:58:35.226 I  PeachCommander[26326:151b3] [com.peachcommander:PCFoundation] [automation] > dump /Users/admin/watch-before.txt
2026-09-14 13:58:35.229 Df PeachCommander[26326:151b3] (Foundation) <private>
2026-09-14 13:58:35.229 Df PeachCommander[26326:151b3] (Foundation) <private>
2026-09-14 13:58:35.229 I  PeachCommander[26326:151b3] [com.peachcommander:PCFoundation] [automation] > mkfile /Users/admin/pc-demo/auto-appeared.txt
2026-09-14 13:58:35.234 Df PeachCommander[26326:151b3] (Foundation) <private>
2026-09-14 13:58:35.234 I  PeachCommander[26326:151b3] [com.peachcommander:PCFoundation] [automation] > wait 2500
2026-09-14 13:58:37.901 Df PeachCommander[26326:151b3] (Foundation) <private>
2026-09-14 13:58:37.901 I  PeachCommander[26326:151b3] [com.peachcommander:PCFoundation] [automation] > dump /Users/admin/watch-after.txt
2026-09-14 13:58:37.902 Df PeachCommander[26326:151b3] (Foundation) <private>
2026-09-14 13:58:37.903 Df PeachCommander[26326:151b3] (Foundation) <private>
2026-09-14 13:58:37.903 I  PeachCommander[26326:151b3] [com.peachcommander:PCFoundation] [automation] done
