Timestamp               Ty Process[PID:TID]
2026-09-16 15:58:27.601 A  PeachCommander[28718:16a2f] (libsystem_info.dylib) Retrieve User by ID
2026-09-16 15:58:27.601 Df PeachCommander[28718:16a2f] [com.apple.xpc:connection] [0x10233e4d0] activating connection: mach=true listener=false peer=false name=com.apple.cfprefsd.daemon
2026-09-16 15:58:27.601 Df PeachCommander[28718:16a36] [com.apple.xpc:connection] [0x10233f5d0] activating connection: mach=true listener=false peer=false name=com.apple.cfprefsd.agent
2026-09-16 15:58:27.603 Df PeachCommander[28718:16a2f] [com.apple.xpc:connection] [0x102343c30] activating connection: mach=true listener=false peer=false name=com.apple.coreservices.launchservicesd
2026-09-16 15:58:27.603 I  PeachCommander[28718:16a2f] [com.apple.launchservices:cas] Registering for notification <private> on default queue, to re-boostrap client connection.
2026-09-16 15:58:27.603 Df PeachCommander[28718:16a2f] [com.apple.xpc:connection] [0x8aac80000] activating connection: mach=true listener=false peer=false name=com.apple.pasteboard.1
2026-09-16 15:58:27.603 Df PeachCommander[28718:16a2f] [com.apple.xpc:connection] [0x8aac80140] activating connection: mach=true listener=false peer=false name=com.apple.distributed_notifications@Uv3
2026-09-16 15:58:27.605 Df PeachCommander[28718:16a2f] [com.apple.AppKit:AutomaticTermination] void _NSDisableAutomaticTerminationAndLog(NSString *) No windows open yet
2026-09-16 15:58:27.605 A  PeachCommander[28718:16a2f] (TCC) TCCAccessRequest() IPC
2026-09-16 15:58:27.605 Df PeachCommander[28718:16a2f] [com.apple.xpc:connection] [0x8aac80280] activating connection: mach=true listener=false peer=false name=com.apple.tccd.system
2026-09-16 15:58:27.605 I  PeachCommander[28718:16a2f] [com.apple.TCC:access] SEND: 0/7 synchronous to com.apple.tccd.system: request: msgID=28718.1, function=TCCAccessRequest, service=kTCCServiceListenEvent,
2026-09-16 15:58:27.607 I  PeachCommander[28718:16a2f] [com.apple.TCC:access] RECV: synchronous reply <dictionary: 0x8aac50000> { count = 5, transaction: 0, voucher = 0x0, contents =
	"prompt_type" => <uint64: 0x950c95de84996d7f>: 1
	"auth_value" => <uint64: 0x950c95de84996d7f>: 1
	"preflight_unknown" => <bool: 0x1f3191190>: true
	"auth_version" => <uint64: 0x950c95de84996d7f>: 1
	"auth_reason" => <uint64: 0x950c95de84996d5f>: 5
}
2026-09-16 15:58:27.607 Df PeachCommander[28718:16a2f] [com.apple.xpc:connection] [0x8aac80280] invalidated after the last release of the connection object
2026-09-16 15:58:27.607 Df PeachCommander[28718:16a2f] [com.apple.SkyLight:default] server port 0x00003307, session port 0x00003307
2026-09-16 15:58:27.610 Df PeachCommander[28718:16a2f] [com.apple.SkyLight:default] New connection 0x4afc3 main
2026-09-16 15:58:27.610 I  PeachCommander[28718:16a36] [com.apple.SkyLight:processes] 0[outside of RPC]: First connection id 307139 mapped to ctx = 0x8aac30f80
2026-09-16 15:58:27.610 I  PeachCommander[28718:16a2f] [com.apple.hiservices:processmgr] Checking in with CAS, pid=28718
2026-09-16 15:58:27.610 I  PeachCommander[28718:16a2f] [com.apple.launchservices:cas] LSApplicationCheckIn(), app being registered is:"/Users/admin/pc-test/PeachCommander.app/Contents/MacOS/PeachCommander"
2026-09-16 15:58:27.611 I  PeachCommander[28718:16a2f] [com.apple.launchservices:cas]  { "ApplicationType"="Foreground", "BuildMachineOSBuild"="25E246", "CFBundleDevelopmentRegion"="en", "CFBundleDocumentTypes"=( { "CFBundleTypeName"="Peach Commander Plugin Package", "CFBundleTypeRole"="Viewer", "LSHandlerRank"="Owner", "LSItemContentTypes"=( "com.peachcommander.plugin-package") }, { "CFBundleTypeName"="Peach Commander Workspace", "CFBundleTypeRole"="Viewer", "LSHandlerRank"="Owner", "LSItemContentTypes"=( "com.peachcommander.workspace") }), "CFBundleExecutable"="PeachCommander", "CFBundleExecutablePath"="/Users/admin/pc-test/PeachCommander.app/Contents/MacOS/PeachCommander", "CFBundleHelpBookFolder"="PeachCommander.help", "CFBundleHelpBookName"="Peach Commander Help", "CFBundleIconFile"="AppIcon", "CFBundleIconName"="AppIcon", "CFBundleIdentifier"="com.peachcommander.app", "CFBundleInfoDictionaryVersion"="6.0", "CFBundleName"="PeachCommander", "CFBundleNumericVersion"=419463168, "CFBundlePackageType"="APPL", "CFBundleShortVersionString"="0.9.1", "CFBundleSignature"="?????", "CFBundleS<…>
2026-09-16 15:58:27.611 Df PeachCommander[28718:16a2f] [com.apple.processmanager:front-35286506] CHECKIN: pid=28718
2026-09-16 15:58:27.612 Df PeachCommander[28718:16a2f] [com.apple.processmanager:front-35286506] CHECKEDIN: pid=28718 asn=0x0-0x13b13b foreground=1
2026-09-16 15:58:27.612 I  PeachCommander[28718:16a2f] [com.apple.launchservices:cas] Setting processControlState to default PROC_SETPC_SUSPEND because application does not have LSProcessControlValue key
2026-09-16 15:58:27.612 Df PeachCommander[28718:16a2f] [com.apple.xpc:connection] [0x8aac80280] activating connection: mach=false listener=true peer=false name=(anonymous)
2026-09-16 15:58:27.612 Df PeachCommander[28718:16a2f] [com.apple.xpc:connection] [0x8aac80280] Connection returned listener port: 0x4203
2026-09-16 15:58:27.613 Df PeachCommander[28718:16a37] [com.apple.xpc:connection] [0x8ab088300] activating connection: mach=false listener=false peer=true name=com.apple.xpc.anonymous.0x8aac80280.peer[131].0x8ab088300
2026-09-16 15:58:27.613 Df PeachCommander[28718:16a2f] [com.apple.processmanager:front-35286506] FRONTLOGGING: version 1
2026-09-16 15:58:27.613 Df PeachCommander[28718:16a2f] [com.apple.processmanager:front-35286506] Registered, pid=28718 ASN=0x0,0x13b13b
2026-09-16 15:58:27.613 Df PeachCommander[28718:16a2f] [com.apple.xpc:connection] [0x8aac803c0] activating connection: mach=true listener=false peer=false name=com.apple.analyticsd
2026-09-16 15:58:27.613 I  PeachCommander[28718:16a2f] [com.apple.CoreAnalytics:client] Daemon status changed from 0 to 1
2026-09-16 15:58:27.613 I  PeachCommander[28718:16a36] [com.apple.CarbonCore:coreservicesdaemon] SCSession():SCSession( id=100, this=0x0x10234b770 option=65538) created, forUID=501 mach_port_t=0x5003.
2026-09-16 15:58:27.613 I  PeachCommander[28718:16a36] [com.apple.CarbonCore:coreservicesdaemon] SCSession():SCSession( id=101, this=0x0x10234b8b0 option=65538) created, forUID=501 mach_port_t=0x5103.
2026-09-16 15:58:27.613 I  PeachCommander[28718:16a36] [com.apple.CarbonCore:coreservicesdaemon] connectToCoreServicesD():Instantiating server (coreservicesd based) SCSession, port=0x5003 serverOptions=0x10002.
2026-09-16 15:58:27.614 I  PeachCommander[28718:16a2f] [com.apple.hiservices:processmgr] _RegisterApplication( pid 28718 => 0x0,0x13b13b) type=foreground
2026-09-16 15:58:27.614 Df PeachCommander[28718:16a2f] [com.apple.xpc:connection] [0x8aac80280] Connection returned listener port: 0x4203
2026-09-16 15:58:27.614 Df PeachCommander[28718:16a36] [com.apple.xpc:connection] [0x8aac80500] activating connection: mach=true listener=false peer=false name=com.apple.lsd.mapdb
2026-09-16 15:58:27.614 I  PeachCommander[28718:16a2f] [com.apple.launchservices:cas] CFArrayRef _LSCopyLaunchModifiers(LSSessionID, LSASNRef _Nonnull), result for psn [ kLSCurrentApp ASN, 0x0,0x2]  is 1 items.
2026-09-16 15:58:27.614 Df PeachCommander[28718:16a2f] [com.apple.processmanager:front-35286506] BringForward: pid=28718 asn=0x0-0x13b13b bringForward=1 foreground=1 uiElement=0 launchedByLS=1 modifiersCount=1 allDisabled=1
2026-09-16 15:58:27.614 Df PeachCommander[28718:16a2f] [com.apple.processmanager:front-35286506] BringFrontModifier: pid=28718 asn=0x0-0x13b13b Modifier 0 hideAfter=0 hideOthers=0 dontMakeFrontmost=0 mouseDown=0/0 seed=0/0
2026-09-16 15:58:27.614 Df PeachCommander[28718:16a2f] [com.apple.processmanager:front-35286506] BringForward: pid=28718 asn=0x0-0x13b13b
2026-09-16 15:58:27.614 Df PeachCommander[28718:16a2f] [com.apple.processmanager:front-35286506] SetFrontProcess: asn=0x0-0x13b13b options=0
2026-09-16 15:58:27.614 I  PeachCommander[28718:16a2f] [com.apple.SkyLight:processes] 0[outside of RPC]: SLPSetFrontProcess(0x0-0x13b13b window=0 options=0x0
2026-09-16 15:58:27.615 I  PeachCommander[28718:16a36] [com.apple.launchservices:db] LaunchServices database schema version: 20971544
2026-09-16 15:58:27.616 Df PeachCommander[28718:16a2f] [com.apple.AppKit:Appearance] Current system appearance, (HLTB: 1), (SLS: 0)
2026-09-16 15:58:27.616 I  PeachCommander[28718:16a37] [com.apple.launchservices:cas] information in shared memory for 0x0-0x13b13b with seed 533 was still valid, so using cached info { "ApplicationType"="Foreground", "BuildMachineOSBuild"="25E246", "BundleIdentifierLowerCase"="com.peachcommander.app", "CFBundleDevelopmentRegion"="en", "CFBundleDocumentTypes"=( { "CFBundleTypeName"="Peach Commander Plugin Package", "CFBundleTypeRole"="Viewer", "LSHandlerRank"="Owner", "LSItemContentTypes"=( "com.peachcommander.plugin-package") }, { "CFBundleTypeName"="Peach Commander Workspace", "CFBundleTypeRole"="Viewer", "LSHandlerRank"="Owner", "LSItemContentTypes"=( "com.peachcommander.workspace") }), "CFBundleExecutable"="PeachCommander", "CFBundleExecutablePath"="/Users/admin/pc-test/PeachCommander.app/Contents/MacOS/PeachCommander", "CFBundleExecutablePathDeviceID"=16777225, "CFBundleExecutablePathINode"=488203, "CFBundleHelpBookFolder"="PeachCommander.help", "CFBundleHelpBookName"="Peach Commander Help", "CFBundleIconFile"="AppIcon", "CFBundleIconName"="AppIcon", "CFBundleIdentifier"="com.peachcommander.app", "CFBundleInfoDictionaryVersion"="6.0", "CFBundleName"="PeachCo<…>
2026-09-16 15:58:27.617 Df PeachCommander[28718:16a2f] (libMobileGestalt.dylib) No persisted cache on this platform.
2026-09-16 15:58:27.617 Df PeachCommander[28718:16a2f] (libMobileGestalt.dylib) Could not get size of EAN data (IOConnectCallScalarMethod kAppleNVMeEANGetSize returned 0xE00002E2)
2026-09-16 15:58:27.617 Df PeachCommander[28718:16a2f] (libMobileGestalt.dylib) Failed to copy 'aptk' from EAN
2026-09-16 15:58:27.617 Df PeachCommander[28718:16a2f] (libMobileGestalt.dylib) Failed to copy APTicket properties. Falling back to default policy.
2026-09-16 15:58:27.617 Df PeachCommander[28718:16a2f] (libMobileGestalt.dylib) Creating default MGSysConfigPolicy
2026-09-16 15:58:27.617 Df PeachCommander[28718:16a2f] (libMobileGestalt.dylib) CFDictionaryRef copySyscfgDictionary(void) enumeration of <private> failed.
2026-09-16 15:58:27.617 Df PeachCommander[28718:16a2f] (libMobileGestalt.dylib) Failed to find key <private>
2026-09-16 15:58:27.618 Df PeachCommander[28718:16a2f] [com.apple.AppKit:Appearance] Current system appearance, (HLTB: 1), (SLS: 0)
2026-09-16 15:58:27.619 Df PeachCommander[28718:16a2f] [com.apple.AppKit:Appearance] Post-registration system appearance: (HLTB: 1)
2026-09-16 15:58:27.619 I  PeachCommander[28718:16a36] [com.apple.launchservices:default] Unable to load Info.plist exceptions (eGPUOverrides)
2026-09-16 15:58:27.619 I  PeachCommander[28718:16a36] [com.apple.launchservices:default] Unable to load Info.plist exceptions (gameModeOverrides)
2026-09-16 15:58:27.619 I  PeachCommander[28718:16a36] [com.apple.launchservices:default] Unable to load Info.plist exceptions (identifiedGameOverrides)
2026-09-16 15:58:27.619 I  PeachCommander[28718:16a36] [com.apple.launchservices:default] Unable to load Info.plist exceptions (SystemHiddenPreferred)
2026-09-16 15:58:27.620 Df PeachCommander[28718:16a36] [com.apple.CoreAnalytics:client] Received configuration update from daemon (initial)
2026-09-16 15:58:27.621 Df PeachCommander[28718:16a2f] [com.apple.FrontBoard:Common] FBSWorkspace: endpoint monitoring is disabled.
2026-09-16 15:58:27.621 Df PeachCommander[28718:16a2f] [com.apple.FrontBoard:Common] FBSWorkspace: default shell endpoint is disabled.
2026-09-16 15:58:27.621 Df PeachCommander[28718:16a2f] [com.apple.runningboard:connection] Initializing connection
2026-09-16 15:58:27.621 Df PeachCommander[28718:16a2f] [com.apple.runningboard:process] Removing all cached process handles
2026-09-16 15:58:27.621 Df PeachCommander[28718:16a36] [com.apple.runningboard:connection] Sending handshake request attempt #1 to server
2026-09-16 15:58:27.621 Df PeachCommander[28718:16a36] [com.apple.runningboard:connection] Creating connection to com.apple.runningboard
2026-09-16 15:58:27.621 Df PeachCommander[28718:16a36] [com.apple.xpc:connection] [0x8aac80640] activating connection: mach=true listener=false peer=false name=com.apple.runningboard
2026-09-16 15:58:27.621 Df PeachCommander[28718:16a2f] [com.apple.xpc:connection] [0x8aac80280] Connection returned listener port: 0x4203
2026-09-16 15:58:27.621 A  PeachCommander[28718:16a37] (RunningBoardServices) didChangeInheritances
2026-09-16 15:58:27.622 I  PeachCommander[28718:16a2f] [com.apple.launchservices:cas] information in shared memory for 0x0-0x13b13b with seed 533 was still valid, so using cached info { "ApplicationType"="Foreground", "BuildMachineOSBuild"="25E246", "BundleIdentifierLowerCase"="com.peachcommander.app", "CFBundleDevelopmentRegion"="en", "CFBundleDocumentTypes"=( { "CFBundleTypeName"="Peach Commander Plugin Package", "CFBundleTypeRole"="Viewer", "LSHandlerRank"="Owner", "LSItemContentTypes"=( "com.peachcommander.plugin-package") }, { "CFBundleTypeName"="Peach Commander Workspace", "CFBundleTypeRole"="Viewer", "LSHandlerRank"="Owner", "LSItemContentTypes"=( "com.peachcommander.workspace") }), "CFBundleExecutable"="PeachCommander", "CFBundleExecutablePath"="/Users/admin/pc-test/PeachCommander.app/Contents/MacOS/PeachCommander", "CFBundleExecutablePathDeviceID"=16777225, "CFBundleExecutablePathINode"=488203, "CFBundleHelpBookFolder"="PeachCommander.help", "CFBundleHelpBookName"="Peach Commander Help", "CFBundleIconFile"="AppIcon", "CFBundleIconName"="AppIcon", "CFBundleIdentifier"="com.peachcommander.app", "CFBundleInfoDictionaryVersion"="6.0", "CFBundleName"="PeachCo<…>
2026-09-16 15:58:27.622 Df PeachCommander[28718:16a36] [com.apple.runningboard:connection] Handshake succeeded
2026-09-16 15:58:27.622 Df PeachCommander[28718:16a36] [com.apple.runningboard:connection] Identity resolved as app<application.com.peachcommander.app.487009.488203(501)>
2026-09-16 15:58:27.623 Df PeachCommander[28718:16a2f] [com.apple.xpc:connection] [0x8aac80280] Connection returned listener port: 0x4203
2026-09-16 15:58:27.624 A  PeachCommander[28718:16a3b] (AppIntents) appintents:register process
2026-09-16 15:58:27.625 Df PeachCommander[28718:16a3b] [com.apple.appintents:Connection] Created a new Process Instance Registry XPC connection (inactive)
2026-09-16 15:58:27.625 Df PeachCommander[28718:16a3b] [com.apple.xpc:connection] [0x8aac80780] activating connection: mach=true listener=false peer=false name=com.apple.linkd.autoShortcut
2026-09-16 15:58:27.625 I  PeachCommander[28718:16a2f] [com.apple.launchservices:cas] information in shared memory for 0x0-0x13b13b with seed 533 was still valid, so using cached info { "ApplicationType"="Foreground", "BuildMachineOSBuild"="25E246", "BundleIdentifierLowerCase"="com.peachcommander.app", "CFBundleDevelopmentRegion"="en", "CFBundleDocumentTypes"=( { "CFBundleTypeName"="Peach Commander Plugin Package", "CFBundleTypeRole"="Viewer", "LSHandlerRank"="Owner", "LSItemContentTypes"=( "com.peachcommander.plugin-package") }, { "CFBundleTypeName"="Peach Commander Workspace", "CFBundleTypeRole"="Viewer", "LSHandlerRank"="Owner", "LSItemContentTypes"=( "com.peachcommander.workspace") }), "CFBundleExecutable"="PeachCommander", "CFBundleExecutablePath"="/Users/admin/pc-test/PeachCommander.app/Contents/MacOS/PeachCommander", "CFBundleExecutablePathDeviceID"=16777225, "CFBundleExecutablePathINode"=488203, "CFBundleHelpBookFolder"="PeachCommander.help", "CFBundleHelpBookName"="Peach Commander Help", "CFBundleIconFile"="AppIcon", "CFBundleIconName"="AppIcon", "CFBundleIdentifier"="com.peachcommander.app", "CFBundleInfoDictionaryVersion"="6.0", "CFBundleName"="PeachCo<…>
2026-09-16 15:58:27.625 I  PeachCommander[28718:16a2f] [com.apple.hiservices:processmgr] TransformProcessType(0x0,0x2 => 1 wasFront=1 pickNew=0)
2026-09-16 15:58:27.625 Df PeachCommander[28718:16a3b] [com.apple.appintents:Connection] Activated connection to linkd (ApplicationService)
2026-09-16 15:58:27.625 Df PeachCommander[28718:16a3b] [com.apple.xpc:connection] [0x8aac80a00] activating connection: mach=false listener=true peer=false name=(anonymous)
2026-09-16 15:58:27.625 I  PeachCommander[28718:16a2f] [com.apple.CoreAnalytics:client] Dropping "com.apple.appkit.app_config" as it isn't used in any transform (not in the config or budgeted?)
2026-09-16 15:58:27.625 I  PeachCommander[28718:16a3b] [com.apple.appintents:Execution] LNAppConnectionListener instantiated
2026-09-16 15:58:27.625 Df PeachCommander[28718:16a3b] [com.apple.xpc:connection] [0x8aac80a00] Connection returned listener port: 0x6903
2026-09-16 15:58:27.626 Df PeachCommander[28718:16a37] [com.apple.xpc:connection] [0x8aac80780] Re-initialization successful; calling out to event handler with XPC_ERROR_CONNECTION_INTERRUPTED
2026-09-16 15:58:27.626 Df PeachCommander[28718:16a2f] [com.apple.dt.xctest:Default] Registering for test daemon availability notify post.
2026-09-16 15:58:27.626 Df PeachCommander[28718:16a37] [com.apple.appintents:Connection] Process Instance Registry XPC connection has been interrupted
2026-09-16 15:58:27.626 E  PeachCommander[28718:16a3b] [com.apple.appintents:Connection] Unable to get synchronousRemoteObjectProxy, error: Error Domain=NSCocoaErrorDomain Code=4097 "connection to service named com.apple.linkd.autoShortcut" UserInfo={NSDebugDescription=connection to service named com.apple.linkd.autoShortcut}
2026-09-16 15:58:27.626 Df PeachCommander[28718:16a2f] [com.apple.dt.xctest:Default] notify_get_state check indicated test daemon not ready.
2026-09-16 15:58:27.626 E  PeachCommander[28718:16a3b] [com.apple.AppKit:Application] Error registering app with intents framework: Error Domain=NSCocoaErrorDomain Code=4097 UserInfo={NSDebugDescription=<private>}
2026-09-16 15:58:27.626 Df PeachCommander[28718:16a37] [com.apple.appintents:Connection] Created a new Process Instance Registry XPC connection (inactive)
2026-09-16 15:58:27.626 A  PeachCommander[28718:16a37] (AppIntents) appintents:register process
2026-09-16 15:58:27.626 Df PeachCommander[28718:16a2f] [com.apple.dt.xctest:Default] notify_get_state check indicated test daemon not ready.
2026-09-16 15:58:27.626 Df PeachCommander[28718:16a37] [com.apple.appintents:Connection] Created a new Process Instance Registry XPC connection (inactive)
2026-09-16 15:58:27.626 Df PeachCommander[28718:16a37] [com.apple.xpc:connection] [0x8aac80c80] activating connection: mach=true listener=false peer=false name=com.apple.linkd.autoShortcut
2026-09-16 15:58:27.626 Df PeachCommander[28718:16a2f] [com.apple.dt.xctest:Default] notify_get_state check indicated test daemon not ready.
2026-09-16 15:58:27.626 Df PeachCommander[28718:16a37] [com.apple.appintents:Connection] Activated connection to linkd (ApplicationService)
2026-09-16 15:58:27.626 Df PeachCommander[28718:16a37] [com.apple.xpc:connection] [0x8aac80a00] Connection returned listener port: 0x6903
2026-09-16 15:58:27.626 Df PeachCommander[28718:16a3b] [com.apple.xpc:connection] [0x8aac80c80] Re-initialization successful; calling out to event handler with XPC_ERROR_CONNECTION_INTERRUPTED
2026-09-16 15:58:27.626 Df PeachCommander[28718:16a3b] [com.apple.appintents:Connection] Process Instance Registry XPC connection has been interrupted
2026-09-16 15:58:27.626 E  PeachCommander[28718:16a37] [com.apple.appintents:Connection] Unable to get synchronousRemoteObjectProxy, error: Error Domain=NSCocoaErrorDomain Code=4097 "connection to service named com.apple.linkd.autoShortcut" UserInfo={NSDebugDescription=connection to service named com.apple.linkd.autoShortcut}
2026-09-16 15:58:27.626 E  PeachCommander[28718:16a37] [com.apple.appintents:Connection] Unable to re-register with Process Instance Registry, error: Error Domain=NSCocoaErrorDomain Code=4097 "connection to service named com.apple.linkd.autoShortcut" UserInfo={NSDebugDescription=connection to service named com.apple.linkd.autoShortcut}
2026-09-16 15:58:27.626 Df PeachCommander[28718:16a36] [com.apple.appintents:Connection] Created a new Process Instance Registry XPC connection (inactive)
2026-09-16 15:58:27.626 A  PeachCommander[28718:16a36] (AppIntents) appintents:register process
2026-09-16 15:58:27.626 Df PeachCommander[28718:16a36] [com.apple.appintents:Connection] Created a new Process Instance Registry XPC connection (inactive)
2026-09-16 15:58:27.626 Df PeachCommander[28718:16a36] [com.apple.xpc:connection] [0x8aac812c0] activating connection: mach=true listener=false peer=false name=com.apple.linkd.autoShortcut
2026-09-16 15:58:27.626 Df PeachCommander[28718:16a36] [com.apple.appintents:Connection] Activated connection to linkd (ApplicationService)
2026-09-16 15:58:27.626 Df PeachCommander[28718:16a36] [com.apple.xpc:connection] [0x8aac80a00] Connection returned listener port: 0x6903
2026-09-16 15:58:27.627 Df PeachCommander[28718:16a37] [com.apple.xpc:connection] [0x8aac812c0] Re-initialization successful; calling out to event handler with XPC_ERROR_CONNECTION_INTERRUPTED
2026-09-16 15:58:27.627 Df PeachCommander[28718:16a37] [com.apple.appintents:Connection] Process Instance Registry XPC connection has been interrupted
2026-09-16 15:58:27.627 E  PeachCommander[28718:16a36] [com.apple.appintents:Connection] Unable to get synchronousRemoteObjectProxy, error: Error Domain=NSCocoaErrorDomain Code=4097 "connection to service named com.apple.linkd.autoShortcut" UserInfo={NSDebugDescription=connection to service named com.apple.linkd.autoShortcut}
2026-09-16 15:58:27.627 E  PeachCommander[28718:16a36] [com.apple.appintents:Connection] Unable to re-register with Process Instance Registry, error: Error Domain=NSCocoaErrorDomain Code=4097 "connection to service named com.apple.linkd.autoShortcut" UserInfo={NSDebugDescription=connection to service named com.apple.linkd.autoShortcut}
2026-09-16 15:58:27.627 Df PeachCommander[28718:16a37] [com.apple.appintents:Connection] Created a new Process Instance Registry XPC connection (inactive)
2026-09-16 15:58:27.627 A  PeachCommander[28718:16a37] (AppIntents) appintents:register process
2026-09-16 15:58:27.627 Df PeachCommander[28718:16a37] [com.apple.appintents:Connection] Created a new Process Instance Registry XPC connection (inactive)
2026-09-16 15:58:27.627 Df PeachCommander[28718:16a37] [com.apple.xpc:connection] [0x8aac81540] activating connection: mach=true listener=false peer=false name=com.apple.linkd.autoShortcut
2026-09-16 15:58:27.627 Df PeachCommander[28718:16a37] [com.apple.appintents:Connection] Activated connection to linkd (ApplicationService)
2026-09-16 15:58:27.627 Df PeachCommander[28718:16a37] [com.apple.xpc:connection] [0x8aac80a00] Connection returned listener port: 0x6903
2026-09-16 15:58:27.627 Df PeachCommander[28718:16a36] [com.apple.xpc:connection] [0x8aac81540] Re-initialization successful; calling out to event handler with XPC_ERROR_CONNECTION_INTERRUPTED
2026-09-16 15:58:27.627 Df PeachCommander[28718:16a36] [com.apple.appintents:Connection] Process Instance Registry XPC connection has been interrupted
2026-09-16 15:58:27.627 E  PeachCommander[28718:16a36] [com.apple.appintents:Connection] Will NOT re-try to establish the connection
2026-09-16 15:58:27.627 E  PeachCommander[28718:16a37] [com.apple.appintents:Connection] Unable to get synchronousRemoteObjectProxy, error: Error Domain=NSCocoaErrorDomain Code=4097 "connection to service named com.apple.linkd.autoShortcut" UserInfo={NSDebugDescription=connection to service named com.apple.linkd.autoShortcut}
2026-09-16 15:58:27.627 E  PeachCommander[28718:16a37] [com.apple.appintents:Connection] Unable to re-register with Process Instance Registry, error: Error Domain=NSCocoaErrorDomain Code=4097 "connection to service named com.apple.linkd.autoShortcut" UserInfo={NSDebugDescription=connection to service named com.apple.linkd.autoShortcut}
2026-09-16 15:58:27.631 A  PeachCommander[28718:16a2f] (CoreFoundation) Loading Preferences From System CFPrefsD
2026-09-16 15:58:27.631 Df PeachCommander[28718:16a2f] (libMobileGestalt.dylib) couldn't load support library
2026-09-16 15:58:27.631 Df PeachCommander[28718:16a2f] (libMobileGestalt.dylib) called dummy function!
2026-09-16 15:58:27.632 I  PeachCommander[28718:16a2f] [com.apple.GenerativeModels:availability] Current availability state: unavailable, use cases: com.apple.WritingTools, language: <any>, api: <private>
2026-09-16 15:58:27.632 Df PeachCommander[28718:16a2f] [com.apple.GenerativeModels:availability] registering darwin observer for name: com.apple.gms.availability.notification
2026-09-16 15:58:27.632 Df PeachCommander[28718:16a2f] [com.apple.GenerativeModels:availability] registering darwin observer for name: com.apple.os-eligibility-domain.change.greymatter
2026-09-16 15:58:27.632 Df PeachCommander[28718:16a2f] [com.apple.GenerativeModels:availability] registering darwin observer for name: com.apple.language.changed
2026-09-16 15:58:27.632 Df PeachCommander[28718:16a2f] [com.apple.WritingTools:Default] isAvailable value changed: isMDMAllowed = true, gmAvailable (current) = false
2026-09-16 15:58:27.635 I  PeachCommander[28718:16a2f] [com.apple.CoreAnalytics:client] Dropping "com.apple.appkit.app_config" as it isn't used in any transform (not in the config or budgeted?)
2026-09-16 15:58:27.639 Df PeachCommander[28718:16a2f] [com.apple.AppKit:Appearance] NSApp cache appearance:
-NSRequiresAquaSystemAppearance: 0
-appearance: (null)
-effectiveAppearance: <NSCompositeAppearance: 0x8ab070460
 (
    "<NSAquaAppearance: 0x8ab070780>",
    "<NSSystemAppearance: 0x8ab070500>"
)>
2026-09-16 15:58:27.642 A  PeachCommander[28718:16a2f] (CoreFoundation) Loading Preferences From User CFPrefsD
2026-09-16 15:58:27.642 A  PeachCommander[28718:16a2f] (CoreFoundation) Loading Preferences From User CFPrefsD
2026-09-16 15:58:27.646 A  PeachCommander[28718:16a36] (libsystem_info.dylib) Membership API: translate identifier
2026-09-16 15:58:27.649 I  PeachCommander[28718:16a2f] [com.apple.CoreAnalytics:client] Dropping "com.apple.appkit.app_config" as it isn't used in any transform (not in the config or budgeted?)
2026-09-16 15:58:27.649 I  PeachCommander[28718:16a2f] [com.apple.CoreAnalytics:client] Dropping "com.apple.appkit.app_config" as it isn't used in any transform (not in the config or budgeted?)
2026-09-16 15:58:27.652 Df PeachCommander[28718:16a37] [com.apple.xpc:connection] [0x8aac81a40] activating connection: mach=true listener=false peer=false name=com.apple.dock.fullscreen
2026-09-16 15:58:27.654 Df PeachCommander[28718:16a2f] [com.apple.xpc:connection] [0x8aac81b80] activating connection: mach=true listener=false peer=false name=com.apple.fonts
2026-09-16 15:58:27.657 I  PeachCommander[28718:16a2f] [com.apple.launchservices:cas] information in shared memory for 0x0-0x13b13b with seed 533 was still valid, so using cached info { "ApplicationType"="Foreground", "BuildMachineOSBuild"="25E246", "BundleIdentifierLowerCase"="com.peachcommander.app", "CFBundleDevelopmentRegion"="en", "CFBundleDocumentTypes"=( { "CFBundleTypeName"="Peach Commander Plugin Package", "CFBundleTypeRole"="Viewer", "LSHandlerRank"="Owner", "LSItemContentTypes"=( "com.peachcommander.plugin-package") }, { "CFBundleTypeName"="Peach Commander Workspace", "CFBundleTypeRole"="Viewer", "LSHandlerRank"="Owner", "LSItemContentTypes"=( "com.peachcommander.workspace") }), "CFBundleExecutable"="PeachCommander", "CFBundleExecutablePath"="/Users/admin/pc-test/PeachCommander.app/Contents/MacOS/PeachCommander", "CFBundleExecutablePathDeviceID"=16777225, "CFBundleExecutablePathINode"=488203, "CFBundleHelpBookFolder"="PeachCommander.help", "CFBundleHelpBookName"="Peach Commander Help", "CFBundleIconFile"="AppIcon", "CFBundleIconName"="AppIcon", "CFBundleIdentifier"="com.peachcommander.app", "CFBundleInfoDictionaryVersion"="6.0", "CFBundleName"="PeachCo<…>
2026-09-16 15:58:27.657 I  PeachCommander[28718:16a2f] [com.apple.CoreAnalytics:client] Dropping "com.apple.appkit.app_config" as it isn't used in any transform (not in the config or budgeted?)
2026-09-16 15:58:27.657 Df PeachCommander[28718:16a2f] [com.apple.AppKit:AutomaticTermination] -[NSApplication(NSAppssassination) _checkForAutomaticTerminationSupportPossiblyEnablingIt]_block_invoke Enabling automatic termination support.
2026-09-16 15:58:27.658 Df PeachCommander[28718:16a2f] [com.apple.xpc:connection] [0x8aac80dc0] activating connection: mach=true listener=false peer=false name=com.apple.appkit.restoration_storage
2026-09-16 15:58:27.658 I  PeachCommander[28718:16a2f] [com.apple.launchservices:cas] information in shared memory for 0x0-0x13b13b with seed 533 was still valid, so using cached info { "ApplicationType"="Foreground", "BuildMachineOSBuild"="25E246", "BundleIdentifierLowerCase"="com.peachcommander.app", "CFBundleDevelopmentRegion"="en", "CFBundleDocumentTypes"=( { "CFBundleTypeName"="Peach Commander Plugin Package", "CFBundleTypeRole"="Viewer", "LSHandlerRank"="Owner", "LSItemContentTypes"=( "com.peachcommander.plugin-package") }, { "CFBundleTypeName"="Peach Commander Workspace", "CFBundleTypeRole"="Viewer", "LSHandlerRank"="Owner", "LSItemContentTypes"=( "com.peachcommander.workspace") }), "CFBundleExecutable"="PeachCommander", "CFBundleExecutablePath"="/Users/admin/pc-test/PeachCommander.app/Contents/MacOS/PeachCommander", "CFBundleExecutablePathDeviceID"=16777225, "CFBundleExecutablePathINode"=488203, "CFBundleHelpBookFolder"="PeachCommander.help", "CFBundleHelpBookName"="Peach Commander Help", "CFBundleIconFile"="AppIcon", "CFBundleIconName"="AppIcon", "CFBundleIdentifier"="com.peachcommander.app", "CFBundleInfoDictionaryVersion"="6.0", "CFBundleName"="PeachCo<…>
2026-09-16 15:58:27.658 Df PeachCommander[28718:16a2f] [com.apple.xpc:connection] [0x8aac80f00] activating connection: mach=true listener=false peer=false name=com.apple.coreservices.appleevents
2026-09-16 15:58:27.658 I  PeachCommander[28718:16a2f] [com.apple.appleevents:main] _AEGetRegisteredMachPort() created default port (port:64259/0xfb03 rcv:1 send:1 limit:5) and registered it with server
2026-09-16 15:58:27.658 Df PeachCommander[28718:16a2f] [com.apple.xpc:connection] [0x8aac80280] Connection returned listener port: 0x4203
2026-09-16 15:58:27.659 I  PeachCommander[28718:16a2f] [com.apple.launchservices:cas] information in shared memory for 0x0-0x13b13b with seed 533 was still valid, so using cached info { "ApplicationType"="Foreground", "BuildMachineOSBuild"="25E246", "BundleIdentifierLowerCase"="com.peachcommander.app", "CFBundleDevelopmentRegion"="en", "CFBundleDocumentTypes"=( { "CFBundleTypeName"="Peach Commander Plugin Package", "CFBundleTypeRole"="Viewer", "LSHandlerRank"="Owner", "LSItemContentTypes"=( "com.peachcommander.plugin-package") }, { "CFBundleTypeName"="Peach Commander Workspace", "CFBundleTypeRole"="Viewer", "LSHandlerRank"="Owner", "LSItemContentTypes"=( "com.peachcommander.workspace") }), "CFBundleExecutable"="PeachCommander", "CFBundleExecutablePath"="/Users/admin/pc-test/PeachCommander.app/Contents/MacOS/PeachCommander", "CFBundleExecutablePathDeviceID"=16777225, "CFBundleExecutablePathINode"=488203, "CFBundleHelpBookFolder"="PeachCommander.help", "CFBundleHelpBookName"="Peach Commander Help", "CFBundleIconFile"="AppIcon", "CFBundleIconName"="AppIcon", "CFBundleIdentifier"="com.peachcommander.app", "CFBundleInfoDictionaryVersion"="6.0", "CFBundleName"="PeachCo<…>
2026-09-16 15:58:27.659 Df PeachCommander[28718:16a2f] [com.apple.processmanager:front-35286506] SignalReady: pid=28718 asn=0x0-0x13b13b
2026-09-16 15:58:27.659 Df PeachCommander[28718:16a2f] [com.apple.processmanager:front-35286506] SIGNAL: pid=28718 asn=0x0x-0x13b13b
2026-09-16 15:58:27.659 I  PeachCommander[28718:16a2f] [com.apple.appleevents:main] aeGenerateFakeFirstOAPPEventIfNecessary()
2026-09-16 15:58:27.659 I  PeachCommander[28718:16a2f] [com.apple.appleevents:main] aeGenerateFakeFirstOAPPEventIfNecessary(), needToCreateFakeOAPPEventIfFirstEvent == true
2026-09-16 15:58:27.659 I  PeachCommander[28718:16a2f] [com.apple.launchservices:cas] Removing cached information for app [ 0x0-0x13b13b]  "PeachCommander", as its seed is different from that in shared memory ( 533 vs 535)
2026-09-16 15:58:27.660 I  PeachCommander[28718:16a2f] [com.apple.CFPasteboard:entry] CopyData('DefaultAsciiKeyboardLayoutPasteboard' (<CFUUID 0x8aaf3e820> FDC78988-66FD-48CC-947C-7F5DA969DC69) gen: -1 item: 1264739405 flavor: 'DefaultAsciiKeyboardLayoutFlavor')
2026-09-16 15:58:27.660 I  PeachCommander[28718:16a2f] [com.apple.CFPasteboard:cache] Rebuilding cache for 'DefaultAsciiKeyboardLayoutPasteboard' (<CFUUID 0x8aaf3e820> FDC78988-66FD-48CC-947C-7F5DA969DC69)
2026-09-16 15:58:27.660 I  PeachCommander[28718:16a2f] [com.apple.CFPasteboard:exit] (not-in-cache) - result: -8 generation: 0 null data flags: 0
2026-09-16 15:58:27.660 A  PeachCommander[28718:16a2f] (CoreFoundation) Loading Preferences From User CFPrefsD
2026-09-16 15:58:27.660 A  PeachCommander[28718:16a2f] (CoreFoundation) Loading Preferences From System CFPrefsD
2026-09-16 15:58:27.660 I  PeachCommander[28718:16a2f] [com.apple.CFPasteboard:entry] CopyData('AppleIntlFileCacheModificationDatePasteboard' (<CFUUID 0x8aaf3e720> CDD3B21E-5814-4F6E-8A9A-09484BBE1E37) gen: -1 item: 1 flavor: '-32766 1768845414')
2026-09-16 15:58:27.660 I  PeachCommander[28718:16a2f] [com.apple.CFPasteboard:cache] Rebuilding cache for 'AppleIntlFileCacheModificationDatePasteboard' (<CFUUID 0x8aaf3e720> CDD3B21E-5814-4F6E-8A9A-09484BBE1E37)
2026-09-16 15:58:27.661 I  PeachCommander[28718:16a2f] [com.apple.CFPasteboard:general] Will request data from daemon
2026-09-16 15:58:27.661 I  PeachCommander[28718:16a2f] [com.apple.CFPasteboard:exit] (not-in-cache) - result: 0 generation: 1 data (310 bytes) flags: 0
2026-09-16 15:58:27.661 I  PeachCommander[28718:16a2f] [com.apple.CFPasteboard:entry] CopyData('AppleIntlFileCacheModificationDatePasteboard' (<CFUUID 0x8aaf3e720> CDD3B21E-5814-4F6E-8A9A-09484BBE1E37) gen: -1 item: 1 flavor: '-32765 1802264953')
2026-09-16 15:58:27.661 I  PeachCommander[28718:16a2f] [com.apple.CFPasteboard:general] Will request data from daemon
2026-09-16 15:58:27.661 I  PeachCommander[28718:16a2f] [com.apple.CFPasteboard:exit] (not-in-cache) - result: 0 generation: 1 data (306 bytes) flags: 0
2026-09-16 15:58:27.661 I  PeachCommander[28718:16a2f] [com.apple.CFPasteboard:entry] CopyData('AppleIntlFileCacheModificationDatePasteboard' (<CFUUID 0x8aaf3e720> CDD3B21E-5814-4F6E-8A9A-09484BBE1E37) gen: -1 item: 1 flavor: '-32764 1802264953')
2026-09-16 15:58:27.661 I  PeachCommander[28718:16a2f] [com.apple.CFPasteboard:general] Will request data from daemon
2026-09-16 15:58:27.661 I  PeachCommander[28718:16a2f] [com.apple.CFPasteboard:exit] (not-in-cache) - result: 0 generation: 1 data (281 bytes) flags: 0
2026-09-16 15:58:27.661 I  PeachCommander[28718:16a2f] [com.apple.CFPasteboard:entry] CopyData('AppleIntlFileCacheModificationDatePasteboard' (<CFUUID 0x8aaf3e720> CDD3B21E-5814-4F6E-8A9A-09484BBE1E37) gen: -1 item: 1 flavor: '-32763 1802264953')
2026-09-16 15:58:27.661 I  PeachCommander[28718:16a2f] [com.apple.CFPasteboard:general] Will request data from daemon
2026-09-16 15:58:27.661 I  PeachCommander[28718:16a2f] [com.apple.CFPasteboard:exit] (not-in-cache) - result: 0 generation: 1 data (318 bytes) flags: 0
2026-09-16 15:58:27.661 I  PeachCommander[28718:16a2f] [com.apple.CFPasteboard:entry] CopyData('AppleIntlFileCacheModificationDatePasteboard' (<CFUUID 0x8aaf3e720> CDD3B21E-5814-4F6E-8A9A-09484BBE1E37) gen: -1 item: 1 flavor: '-32765 1768845414')
2026-09-16 15:58:27.661 I  PeachCommander[28718:16a2f] [com.apple.CFPasteboard:general] Will request data from daemon
2026-09-16 15:58:27.661 I  PeachCommander[28718:16a2f] [com.apple.CFPasteboard:exit] (not-in-cache) - result: 0 generation: 1 data (303 bytes) flags: 0
2026-09-16 15:58:27.661 I  PeachCommander[28718:16a2f] [com.apple.CFPasteboard:entry] CopyData('AppleIntlFileCacheModificationDatePasteboard' (<CFUUID 0x8aaf3e720> CDD3B21E-5814-4F6E-8A9A-09484BBE1E37) gen: -1 item: 1 flavor: '-32763 1768845414')
2026-09-16 15:58:27.661 I  PeachCommander[28718:16a2f] [com.apple.CFPasteboard:general] Will request data from daemon
2026-09-16 15:58:27.661 I  PeachCommander[28718:16a2f] [com.apple.CFPasteboard:exit] (not-in-cache) - result: 0 generation: 1 data (315 bytes) flags: 0
2026-09-16 15:58:27.663 I  PeachCommander[28718:16a2f] [com.apple.launchservices:cas] information in shared memory for 0x0-0x13b13b with seed 535 was still valid, so using cached info { "ApplicationType"="Foreground", "BuildMachineOSBuild"="25E246", "BundleIdentifierLowerCase"="com.peachcommander.app", "CFBundleDevelopmentRegion"="en", "CFBundleDocumentTypes"=( { "CFBundleTypeName"="Peach Commander Plugin Package", "CFBundleTypeRole"="Viewer", "LSHandlerRank"="Owner", "LSItemContentTypes"=( "com.peachcommander.plugin-package") }, { "CFBundleTypeName"="Peach Commander Workspace", "CFBundleTypeRole"="Viewer", "LSHandlerRank"="Owner", "LSItemContentTypes"=( "com.peachcommander.workspace") }), "CFBundleExecutable"="PeachCommander", "CFBundleExecutablePath"="/Users/admin/pc-test/PeachCommander.app/Contents/MacOS/PeachCommander", "CFBundleExecutablePathDeviceID"=16777225, "CFBundleExecutablePathINode"=488203, "CFBundleHelpBookFolder"="PeachCommander.help", "CFBundleHelpBookName"="Peach Commander Help", "CFBundleIconFile"="AppIcon", "CFBundleIconName"="AppIcon", "CFBundleIdentifier"="com.peachcommander.app", "CFBundleInfoDictionaryVersion"="6.0", "CFBundleName"="PeachCo<…>
2026-09-16 15:58:27.663 Df PeachCommander[28718:16a2f] [com.apple.xpc:connection] [0x8aac81e00] activating connection: mach=false listener=false peer=false name=com.apple.ViewBridgeAuxiliary
2026-09-16 15:58:27.669 Df PeachCommander[28718:16a2f] [com.apple.xpc:connection] [0x8aac81cc0] activating connection: mach=false listener=false peer=false name=(anonymous)
2026-09-16 15:58:27.669 Df PeachCommander[28718:16a2f] [com.apple.xpc:connection] [0x8aac81f40] activating connection: mach=false listener=true peer=false name=(anonymous)
2026-09-16 15:58:27.669 Df PeachCommander[28718:16a2f] [com.apple.xpc:connection] [0x8aac81f40] Connection returned listener port: 0xf303
2026-09-16 15:58:27.670 Df PeachCommander[28718:16a2f] [com.apple.xpc:connection] [0x8aac81e00] invalidated after the last release of the connection object
2026-09-16 15:58:27.670 I  PeachCommander[28718:16a2f] [com.apple.showhide:pr-59900543] SHOWHIDE: SHOW id=628 0x0-0x13B13B, err=0 eventTime=2038966205208 windowID=0
2026-09-16 15:58:27.670 I  PeachCommander[28718:16a2f] [com.apple.CarbonCore:coreservicesdaemon] findOrCreateCacheable():findOrCreateCacheable(), factoryName=3 cacheableName=<private> fCacheables.size()=0
2026-09-16 15:58:27.670 I  PeachCommander[28718:16a2f] [com.apple.CarbonCore:coreservicesdaemon] findOrCreateCacheable():findOrCreateCacheable(), result = 0x8aac4bf80 (should be non-NULL)
2026-09-16 15:58:27.670 Df PeachCommander[28718:16a2f] [com.apple.AppKit:AutomaticTermination] void _NSDisableAutomaticTerminationAndLog(NSString *) Restoring windows
2026-09-16 15:58:27.670 Df PeachCommander[28718:16a2f] [com.apple.AppKit:StateRestoration] -[NSApplication _reopenWindowsAsNecessaryIncludingRestorableState:withFullFidelity:completionHandler:] shouldRestoreState=1 hasPersistentStateToRestore=0 shouldStillRestoreStateAfterPrompting=0
2026-09-16 15:58:27.670 Df PeachCommander[28718:16a2f] [com.apple.xpc:connection] [0x8aac81e00] activating connection: mach=true listener=false peer=false name=com.apple.window_proxies
2026-09-16 15:58:27.670 Df PeachCommander[28718:16a2f] [com.apple.xpc:connection] [0x8aac81e00] invalidated because the current process cancelled the connection by calling xpc_connection_cancel()
2026-09-16 15:58:27.671 I  PeachCommander[28718:16a2f] [com.apple.SkyLight:processes] 0[outside of RPC]: SLSSetFrontProcessWithInfo(0x0-0x2 window=0 options=0x1
2026-09-16 15:58:27.671 I  PeachCommander[28718:16a2f] [com.apple.CoreAnalytics:client] Dropping "com.apple.appkit.app_config" as it isn't used in any transform (not in the config or budgeted?)
2026-09-16 15:58:27.671 Df PeachCommander[28718:16a2f] [com.apple.AppKit:AutomaticTermination] void _NSEnableAutomaticTerminationAndLog(NSString *) Restoring windows
2026-09-16 15:58:27.674 I  PeachCommander[28718:16a2f] [com.apple.CoreAnalytics:client] Dropping "com.apple.appkit.app_config" as it isn't used in any transform (not in the config or budgeted?)
2026-09-16 15:58:27.675 I  PeachCommander[28718:16a2f] [com.apple.CoreAnalytics:client] Dropping "com.apple.appkit.app_config" as it isn't used in any transform (not in the config or budgeted?)
2026-09-16 15:58:27.689 A  PeachCommander[28718:16a2f] (CoreFoundation) Loading Preferences From User CFPrefsD
2026-09-16 15:58:27.692 A  PeachCommander[28718:16a36] (RunningBoardServices) didChangeInheritances
2026-09-16 15:58:27.696 I  PeachCommander[28718:16a2f] [com.peachcommander:PCFoundation] VolumeManager initialized
2026-09-16 15:58:27.724 Df PeachCommander[28718:16a2f] [com.apple.BoardServices:XPCErrors] [C:1] Alloc <private>
2026-09-16 15:58:27.724 Df PeachCommander[28718:16a2f] [com.apple.xpc:connection] [0x8aa429540] activating connection: mach=false listener=false peer=false name=(anonymous)
2026-09-16 15:58:27.727 I  PeachCommander[28718:16a2f] [com.apple.AppKit:Window] context (0 -> 3ba8aadc) for window 53d
2026-09-16 15:58:27.727 Df PeachCommander[28718:16a36] [com.apple.corespotlight:index] (<private>) deleteSearchableItemsWithDomainIdentifiers, protectionClass:(null), domainIdentifiers number:1
2026-09-16 15:58:27.728 A  PeachCommander[28718:16a36] (CoreSpotlight) delete-domains
2026-09-16 15:58:27.728 Df PeachCommander[28718:16a36] [com.apple.corespotlight:index] CSInlineDonation:<private>: Skipping donation (feature flag disabled)
2026-09-16 15:58:27.728 Df PeachCommander[28718:16a36] (CoreSpotlight) sConnectionName: com.apple.spotlight.IndexAgent
2026-09-16 15:58:27.728 Df PeachCommander[28718:16a36] (CoreSpotlight) Start service name com.apple.spotlight.IndexAgent
2026-09-16 15:58:27.728 Df PeachCommander[28718:16a36] [com.apple.xpc:connection] [0x8aa4297c0] activating connection: mach=true listener=false peer=false name=com.apple.spotlight.IndexAgent
2026-09-16 15:58:27.728 I  PeachCommander[28718:16a2f] [com.peachcommander:PCFoundation] MainWindowController initialized (config: <private>)
2026-09-16 15:58:27.728 I  PeachCommander[28718:16a2f] [com.peachcommander:PCFoundation] SelectionState initialized
2026-09-16 15:58:27.728 I  PeachCommander[28718:16a2f] [com.peachcommander:PCFoundation] DirectoryModel initialized
2026-09-16 15:58:27.728 I  PeachCommander[28718:16a2f] [com.peachcommander:PCFoundation] VolumeManager initialized
2026-09-16 15:58:27.728 I  PeachCommander[28718:16a2f] [com.peachcommander:PCFoundation] PanelController initialized for <private> panel
2026-09-16 15:58:27.729 I  PeachCommander[28718:16a2f] [com.peachcommander:PCFoundation] SelectionState initialized
2026-09-16 15:58:27.729 I  PeachCommander[28718:16a2f] [com.peachcommander:PCFoundation] DirectoryModel initialized
2026-09-16 15:58:27.729 I  PeachCommander[28718:16a2f] [com.peachcommander:PCFoundation] VolumeManager initialized
2026-09-16 15:58:27.729 I  PeachCommander[28718:16a2f] [com.peachcommander:PCFoundation] PanelController initialized for <private> panel
2026-09-16 15:58:27.734 I  PeachCommander[28718:16a2f] [com.apple.AppKit:Animation] Running new animation: <private>
2026-09-16 15:58:27.734 I  PeachCommander[28718:16a2f] [com.apple.AppKit:Animation] Running new animation: <private>
2026-09-16 15:58:27.734 I  PeachCommander[28718:16a2f] [com.apple.AppKit:Animation] Running new animation: <private>
2026-09-16 15:58:27.734 I  PeachCommander[28718:16a2f] [com.apple.AppKit:Animation] Running new animation: <private>
2026-09-16 15:58:27.734 I  PeachCommander[28718:16a2f] [com.apple.AppKit:Animation] Running new animation: <private>
2026-09-16 15:58:27.738 I  PeachCommander[28718:16a2f] [com.apple.AppKit:Animation] Running new animation: <private>
2026-09-16 15:58:27.738 I  PeachCommander[28718:16a2f] [com.apple.AppKit:Animation] Running new animation: <private>
2026-09-16 15:58:27.738 I  PeachCommander[28718:16a2f] [com.apple.AppKit:Animation] Running new animation: <private>
2026-09-16 15:58:27.738 I  PeachCommander[28718:16a2f] [com.apple.AppKit:Animation] Running new animation: <private>
2026-09-16 15:58:27.738 I  PeachCommander[28718:16a2f] [com.apple.AppKit:Animation] Running new animation: <private>
2026-09-16 15:58:27.746 I  PeachCommander[28718:16a2f] [com.apple.CoreAnalytics:client] Dropping "com.apple.appkit.app_config" as it isn't used in any transform (not in the config or budgeted?)
2026-09-16 15:58:27.749 I  PeachCommander[28718:16a2f] [com.apple.CoreAnalytics:client] Dropping "com.apple.appkit.app_config" as it isn't used in any transform (not in the config or budgeted?)
2026-09-16 15:58:27.756 I  PeachCommander[28718:16a2f] [com.apple.launchservices:datasep] application record search init. Node: <FSNode 0x8ab54f980> { isDir = ?, path = <private> } bundleID: (null) itemID: 0
2026-09-16 15:58:27.758 I  PeachCommander[28718:16a2f] [com.apple.GenerativeModels:availability] Current availability state: unavailable, use cases: com.apple.Settings.AppleIntelligence,com.apple.Siri.NLRouter, language: en, api: <private>
2026-09-16 15:58:27.758 Df PeachCommander[28718:16a2f] [com.apple.GenerativeModels:availability] isOkayToHaveAsset: False
2026-09-16 15:58:27.758 E  PeachCommander[28718:16a2f] [com.apple.siri:Utility] AFIsDeviceGreymatterEligible Missing entitlements for os_eligibility lookup
2026-09-16 15:58:27.758 I  PeachCommander[28718:16a2f] [com.apple.GenerativeModels:availability] Current availability state: unavailable, use cases: com.apple.Settings.AppleIntelligence, language: en, api: <private>
2026-09-16 15:58:27.758 Df PeachCommander[28718:16a2f] [com.apple.GenerativeModels:availability] isOkayToHaveAsset: False
2026-09-16 15:58:27.758 Df PeachCommander[28718:16a2f] [com.apple.siri:Utility] -[AFSystemAssistantExperienceStatusManager fetchGenerativeModelsAvailability] #SAEStatus #cacheUpdate Updating cache:
deviceSupportsSAE: 0 (0)
       saeEnabled: 0 (0)
     saeAvailable: 0 (0)
      swaiEnabled: 0 (0)
        viEnabled: 0 (0)
        siriAvailability:
        <private>
        ((null))
2026-09-16 15:58:27.758 Df PeachCommander[28718:16a2f] [com.apple.xpc:connection] [0x8aa618500] activating connection: mach=true listener=false peer=false name=com.apple.iconservices
2026-09-16 15:58:27.759 Df PeachCommander[28718:16a2f] [com.apple.xpc:connection] [0x8aa618640] activating connection: mach=true listener=false peer=false name=com.apple.iconservices.store
2026-09-16 15:58:27.765 I  PeachCommander[28718:16a2f] [com.peachcommander:Theme] no user themes in /Users/admin/pc-cfg/themes
2026-09-16 15:58:27.765 Df PeachCommander[28718:16a2f] [com.apple.AppKit:Appearance] Invalidate NSApp effectiveAppearance
2026-09-16 15:58:27.765 Df PeachCommander[28718:16a2f] [com.apple.AppKit:Appearance] NSApp cache appearance:
-NSRequiresAquaSystemAppearance: 0
-appearance: (null)
-effectiveAppearance: <NSCompositeAppearance: 0x8ab070460
 (
    "<NSAquaAppearance: 0x8ab070780>",
    "<NSSystemAppearance: 0x8ab070500>"
)>
2026-09-16 15:58:27.766 A  PeachCommander[28718:16a36] (libsystem_info.dylib) Retrieve Group by ID
2026-09-16 15:58:27.766 I  PeachCommander[28718:16a2f] [com.peachcommander:PCFoundation] Theme applied: id=system, appearance=system, dark=false, background=#FFFFFF
2026-09-16 15:58:27.805 I  PeachCommander[28718:16a2f] [com.apple.iconservices:foundation] layer data size zero
2026-09-16 15:58:27.805 I  PeachCommander[28718:16a2f] [com.apple.CoreAnalytics:client] Dropping "com.apple.appkit.app_config" as it isn't used in any transform (not in the config or budgeted?)
2026-09-16 15:58:27.810 I  PeachCommander[28718:16a2f] [com.apple.AppKit:Animation] Running new animation: <private>
2026-09-16 15:58:27.810 I  PeachCommander[28718:16a2f] [com.apple.AppKit:Animation] Running new animation: <private>
2026-09-16 15:58:27.810 I  PeachCommander[28718:16a2f] [com.apple.AppKit:Animation] Running new animation: <private>
2026-09-16 15:58:27.810 I  PeachCommander[28718:16a2f] [com.apple.AppKit:Animation] Running new animation: <private>
2026-09-16 15:58:27.810 I  PeachCommander[28718:16a2f] [com.apple.AppKit:Animation] Running new animation: <private>
2026-09-16 15:58:27.810 I  PeachCommander[28718:16a2f] [com.apple.AppKit:Animation] Running new animation: <private>
2026-09-16 15:58:27.810 I  PeachCommander[28718:16a2f] [com.apple.AppKit:Animation] Running new animation: <private>
2026-09-16 15:58:27.810 I  PeachCommander[28718:16a2f] [com.apple.AppKit:Animation] Running new animation: <private>
2026-09-16 15:58:27.810 I  PeachCommander[28718:16a2f] [com.apple.AppKit:Animation] Running new animation: <private>
2026-09-16 15:58:27.810 I  PeachCommander[28718:16a2f] [com.apple.AppKit:Animation] Running new animation: <private>
2026-09-16 15:58:27.813 I  PeachCommander[28718:16a2f] [com.peachcommander:PCFoundation] Keymap loaded: scheme=<private>, 82 effective bindings
2026-09-16 15:58:27.819 I  PeachCommander[28718:16a2f] [com.apple.CoreAnalytics:client] Dropping "<private>" as it isn't used in any transform (not in the config or budgeted?)
2026-09-16 15:58:27.820 I  PeachCommander[28718:16a2f] [com.apple.CoreAnalytics:client] Dropping "<private>" as it isn't used in any transform (not in the config or budgeted?)
2026-09-16 15:58:27.821 I  PeachCommander[28718:16a2f] [com.apple.CoreAnalytics:client] Dropping "<private>" as it isn't used in any transform (not in the config or budgeted?)
2026-09-16 15:58:27.822 I  PeachCommander[28718:16a2f] [com.peachcommander:PCFoundation] MainWindowController window loaded
2026-09-16 15:58:27.822 I  PeachCommander[28718:16a2f] [com.apple.launchservices:cas] information in shared memory for 0x0-0x13b13b with seed 535 was still valid, so using cached info { "ApplicationType"="Foreground", "BuildMachineOSBuild"="25E246", "BundleIdentifierLowerCase"="com.peachcommander.app", "CFBundleDevelopmentRegion"="en", "CFBundleDocumentTypes"=( { "CFBundleTypeName"="Peach Commander Plugin Package", "CFBundleTypeRole"="Viewer", "LSHandlerRank"="Owner", "LSItemContentTypes"=( "com.peachcommander.plugin-package") }, { "CFBundleTypeName"="Peach Commander Workspace", "CFBundleTypeRole"="Viewer", "LSHandlerRank"="Owner", "LSItemContentTypes"=( "com.peachcommander.workspace") }), "CFBundleExecutable"="PeachCommander", "CFBundleExecutablePath"="/Users/admin/pc-test/PeachCommander.app/Contents/MacOS/PeachCommander", "CFBundleExecutablePathDeviceID"=16777225, "CFBundleExecutablePathINode"=488203, "CFBundleHelpBookFolder"="PeachCommander.help", "CFBundleHelpBookName"="Peach Commander Help", "CFBundleIconFile"="AppIcon", "CFBundleIconName"="AppIcon", "CFBundleIdentifier"="com.peachcommander.app", "CFBundleInfoDictionaryVersion"="6.0", "CFBundleName"="PeachCo<…>
2026-09-16 15:58:27.822 I  PeachCommander[28718:16a2f] [com.apple.launchservices:cas] information in shared memory for 0x0-0x13b13b with seed 535 was still valid, so using cached info { "ApplicationType"="Foreground", "BuildMachineOSBuild"="25E246", "BundleIdentifierLowerCase"="com.peachcommander.app", "CFBundleDevelopmentRegion"="en", "CFBundleDocumentTypes"=( { "CFBundleTypeName"="Peach Commander Plugin Package", "CFBundleTypeRole"="Viewer", "LSHandlerRank"="Owner", "LSItemContentTypes"=( "com.peachcommander.plugin-package") }, { "CFBundleTypeName"="Peach Commander Workspace", "CFBundleTypeRole"="Viewer", "LSHandlerRank"="Owner", "LSItemContentTypes"=( "com.peachcommander.workspace") }), "CFBundleExecutable"="PeachCommander", "CFBundleExecutablePath"="/Users/admin/pc-test/PeachCommander.app/Contents/MacOS/PeachCommander", "CFBundleExecutablePathDeviceID"=16777225, "CFBundleExecutablePathINode"=488203, "CFBundleHelpBookFolder"="PeachCommander.help", "CFBundleHelpBookName"="Peach Commander Help", "CFBundleIconFile"="AppIcon", "CFBundleIconName"="AppIcon", "CFBundleIdentifier"="com.peachcommander.app", "CFBundleInfoDictionaryVersion"="6.0", "CFBundleName"="PeachCo<…>
2026-09-16 15:58:27.834 I  PeachCommander[28718:16a2f] [com.apple.AppKit:Window] order window front conditionally: 53d related: 0
2026-09-16 15:58:27.834 Df PeachCommander[28718:16a2f] [com.apple.AppKit:AutomaticTermination] void _NSEnableAutomaticTerminationAndLog(NSString *) No windows open yet
2026-09-16 15:58:27.835 I  PeachCommander[28718:16a2f] [com.apple.AppKit:Intelligence] starting collection observation
2026-09-16 15:58:27.835 Df PeachCommander[28718:16a36] [com.apple.UIIntelligenceSupport:xpc] establishing connection to agent
2026-09-16 15:58:27.836 Df PeachCommander[28718:16a36] [com.apple.xpc:session] [0x8aa1bb250] Session created.
2026-09-16 15:58:27.836 Df PeachCommander[28718:16a36] [com.apple.xpc:session] [0x8aa1bb250] Session created from connection [0x8aa61aa80]
2026-09-16 15:58:27.836 Df PeachCommander[28718:16a36] [com.apple.xpc:connection] [0x8aa61aa80] activating connection: mach=true listener=false peer=false name=com.apple.uiintelligencesupport.agent
2026-09-16 15:58:27.836 I  PeachCommander[28718:16a2f] [com.apple.SkyLight:processes] 0[outside of RPC]: SLSSetFrontProcessWithInfo(0x0-0x2 window=0 options=0x1
2026-09-16 15:58:27.836 Df PeachCommander[28718:16a36] [com.apple.xpc:session] [0x8aa1bb250] Session activated
2026-09-16 15:58:27.837 I  PeachCommander[28718:16a2f] [com.apple.launchservices:cas] information in shared memory for 0x0-0x13b13b with seed 535 was still valid, so using cached info { "ApplicationType"="Foreground", "BuildMachineOSBuild"="25E246", "BundleIdentifierLowerCase"="com.peachcommander.app", "CFBundleDevelopmentRegion"="en", "CFBundleDocumentTypes"=( { "CFBundleTypeName"="Peach Commander Plugin Package", "CFBundleTypeRole"="Viewer", "LSHandlerRank"="Owner", "LSItemContentTypes"=( "com.peachcommander.plugin-package") }, { "CFBundleTypeName"="Peach Commander Workspace", "CFBundleTypeRole"="Viewer", "LSHandlerRank"="Owner", "LSItemContentTypes"=( "com.peachcommander.workspace") }), "CFBundleExecutable"="PeachCommander", "CFBundleExecutablePath"="/Users/admin/pc-test/PeachCommander.app/Contents/MacOS/PeachCommander", "CFBundleExecutablePathDeviceID"=16777225, "CFBundleExecutablePathINode"=488203, "CFBundleHelpBookFolder"="PeachCommander.help", "CFBundleHelpBookName"="Peach Commander Help", "CFBundleIconFile"="AppIcon", "CFBundleIconName"="AppIcon", "CFBundleIdentifier"="com.peachcommander.app", "CFBundleInfoDictionaryVersion"="6.0", "CFBundleName"="PeachCo<…>
2026-09-16 15:58:27.837 Df PeachCommander[28718:16a36] [com.apple.UIIntelligenceSupport:xpc] Connection established with agent PID: 1211
2026-09-16 15:58:27.838 Df PeachCommander[28718:16a2f] [com.apple.xpc:connection] [0x8aa61abc0] activating connection: mach=true listener=false peer=false name=com.apple.FileCoordination
2026-09-16 15:58:27.838 Df PeachCommander[28718:16a3b] [com.apple.foundation.filecoordination:presenter] Adding presenter 03A9F42C-0B94-4CB6-BE78-7DBCF877C24D for URL: <private>
2026-09-16 15:58:27.838 I  PeachCommander[28718:16a2f] [com.apple.launchservices:cas] information in shared memory for 0x0-0x13b13b with seed 535 was still valid, so using cached info { "ApplicationType"="Foreground", "BuildMachineOSBuild"="25E246", "BundleIdentifierLowerCase"="com.peachcommander.app", "CFBundleDevelopmentRegion"="en", "CFBundleDocumentTypes"=( { "CFBundleTypeName"="Peach Commander Plugin Package", "CFBundleTypeRole"="Viewer", "LSHandlerRank"="Owner", "LSItemContentTypes"=( "com.peachcommander.plugin-package") }, { "CFBundleTypeName"="Peach Commander Workspace", "CFBundleTypeRole"="Viewer", "LSHandlerRank"="Owner", "LSItemContentTypes"=( "com.peachcommander.workspace") }), "CFBundleExecutable"="PeachCommander", "CFBundleExecutablePath"="/Users/admin/pc-test/PeachCommander.app/Contents/MacOS/PeachCommander", "CFBundleExecutablePathDeviceID"=16777225, "CFBundleExecutablePathINode"=488203, "CFBundleHelpBookFolder"="PeachCommander.help", "CFBundleHelpBookName"="Peach Commander Help", "CFBundleIconFile"="AppIcon", "CFBundleIconName"="AppIcon", "CFBundleIdentifier"="com.peachcommander.app", "CFBundleInfoDictionaryVersion"="6.0", "CFBundleName"="PeachCo<…>
2026-09-16 15:58:27.842 I  PeachCommander[28718:16a2f] [com.apple.AppKit:Window] order all windows front 2038966205208
2026-09-16 15:58:27.843 I  PeachCommander[28718:16a2f] [com.apple.launchservices:cas] information in shared memory for 0x0-0x13b13b with seed 535 was still valid, so using cached info { "ApplicationType"="Foreground", "BuildMachineOSBuild"="25E246", "BundleIdentifierLowerCase"="com.peachcommander.app", "CFBundleDevelopmentRegion"="en", "CFBundleDocumentTypes"=( { "CFBundleTypeName"="Peach Commander Plugin Package", "CFBundleTypeRole"="Viewer", "LSHandlerRank"="Owner", "LSItemContentTypes"=( "com.peachcommander.plugin-package") }, { "CFBundleTypeName"="Peach Commander Workspace", "CFBundleTypeRole"="Viewer", "LSHandlerRank"="Owner", "LSItemContentTypes"=( "com.peachcommander.workspace") }), "CFBundleExecutable"="PeachCommander", "CFBundleExecutablePath"="/Users/admin/pc-test/PeachCommander.app/Contents/MacOS/PeachCommander", "CFBundleExecutablePathDeviceID"=16777225, "CFBundleExecutablePathINode"=488203, "CFBundleHelpBookFolder"="PeachCommander.help", "CFBundleHelpBookName"="Peach Commander Help", "CFBundleIconFile"="AppIcon", "CFBundleIconName"="AppIcon", "CFBundleIdentifier"="com.peachcommander.app", "CFBundleInfoDictionaryVersion"="6.0", "CFBundleName"="PeachCo<…>
2026-09-16 15:58:27.843 I  PeachCommander[28718:16a2f] [com.apple.showhide:pr-59900543] SHOWHIDE: CONFIRM, id=628, err=0
2026-09-16 15:58:27.843 I  PeachCommander[28718:16a2f] [com.apple.AppKit:Window] context (0 -> 65453340) for window 53c
2026-09-16 15:58:27.843 I  PeachCommander[28718:16a2f] [com.apple.AppKit:Window] context (0 -> 798078f5) for window 53b
2026-09-16 15:58:27.843 I  PeachCommander[28718:16a2f] [com.apple.AppKit:Window] context (0 -> 622af44e) for window 53a
2026-09-16 15:58:27.843 I  PeachCommander[28718:16a2f] [com.apple.AppKit:Window] context (0 -> 7e28dcc3) for window 539
2026-09-16 15:58:27.876 Df PeachCommander[28718:16a2f] [com.apple.AppKit:AutomaticTermination] void _updateToReflectAutomaticTerminationState(void) Setting _kLSApplicationWouldBeTerminatedByTALKey=0
2026-09-16 15:58:27.877 I  PeachCommander[28718:16a2f] [com.apple.runningboard:assertion] Acquiring assertion: <RBSAssertionDescriptor| "AppNap adapter assertion" ID:(null) target:28718>
2026-09-16 15:58:27.910 A  PeachCommander[28718:16a37] (RunningBoardServices) didChangeInheritances
2026-09-16 15:58:27.960 Df PeachCommander[28718:16a2f] [com.apple.libsystem.libdispatch:] DEPRECATED USE in libdispatch client: dispatch source activated with no event handler set; set a breakpoint on _dispatch_bug_deprecated to debug
2026-09-16 15:58:28.099 I  PeachCommander[28718:16a2f] [com.apple.CarbonCore:gestalt] SetGestaltValuesBulk SetGestaltValuesBulk( count=22 tuples=0x189a82650
2026-09-16 15:58:28.099 I  PeachCommander[28718:16a2f] [com.apple.CarbonCore:gestalt] SetGestaltValue SetGestaltValue(alis 1C9) => 0
2026-09-16 15:58:28.099 I  PeachCommander[28718:16a2f] [com.apple.CarbonCore:gestalt] SetGestaltValue SetGestaltValue(os   FE) => 0
2026-09-16 15:58:28.099 I  PeachCommander[28718:16a2f] [com.apple.CarbonCore:gestalt] SetGestaltValue SetGestaltValue(addr 7) => 0
2026-09-16 15:58:28.099 I  PeachCommander[28718:16a2f] [com.apple.CarbonCore:gestalt] SetGestaltValue SetGestaltValue(fs   3D332) => 0
2026-09-16 15:58:28.099 I  PeachCommander[28718:16a2f] [com.apple.CarbonCore:gestalt] SetGestaltValue SetGestaltValue(fold 11) => 0
2026-09-16 15:58:28.099 I  PeachCommander[28718:16a2f] [com.apple.CarbonCore:gestalt] SetGestaltValue SetGestaltValue(lram 7FFFF000) => 0
2026-09-16 15:58:28.099 I  PeachCommander[28718:16a2f] [com.apple.CarbonCore:gestalt] SetGestaltValue SetGestaltValue(mmap 1) => 0
2026-09-16 15:58:28.099 I  PeachCommander[28718:16a2f] [com.apple.CarbonCore:gestalt] SetGestaltValue SetGestaltValue(cfrg 1) => 0
2026-09-16 15:58:28.099 I  PeachCommander[28718:16a2f] [com.apple.CarbonCore:gestalt] SetGestaltValue SetGestaltValue(thds 7) => 0
2026-09-16 15:58:28.099 I  PeachCommander[28718:16a2f] [com.apple.CarbonCore:gestalt] SetGestaltValue SetGestaltValue(tmgr E) => 0
2026-09-16 15:58:28.099 I  PeachCommander[28718:16a2f] [com.apple.CarbonCore:gestalt] SetGestaltValue SetGestaltValue(vers 7) => 0
2026-09-16 15:58:28.099 I  PeachCommander[28718:16a2f] [com.apple.CarbonCore:gestalt] SetGestaltValue SetGestaltValue(cbon 160) => 0
2026-09-16 15:58:28.099 I  PeachCommander[28718:16a2f] [com.apple.CarbonCore:gestalt] SetGestaltValue SetGestaltValue(cltn 1108000) => 0
2026-09-16 15:58:28.099 I  PeachCommander[28718:16a2f] [com.apple.CarbonCore:gestalt] SetGestaltValue SetGestaltValue(cpnt 8) => 0
2026-09-16 15:58:28.099 I  PeachCommander[28718:16a2f] [com.apple.CarbonCore:gestalt] SetGestaltValue SetGestaltValue(rsrc 3) => 0
2026-09-16 15:58:28.099 I  PeachCommander[28718:16a2f] [com.apple.CarbonCore:gestalt] SetGestaltValue SetGestaltValue(rmbg 11F) => 0
2026-09-16 15:58:28.099 I  PeachCommander[28718:16a2f] [com.apple.CarbonCore:gestalt] SetGestaltValue SetGestaltValue(vm   11) => 0
2026-09-16 15:58:28.099 I  PeachCommander[28718:16a2f] [com.apple.CarbonCore:gestalt] SetGestaltValue SetGestaltValue(srad 4170706C) => 0
2026-09-16 15:58:28.099 I  PeachCommander[28718:16a2f] [com.apple.CarbonCore:gestalt] SetGestaltValue SetGestaltValue(sysa 14) => 0
2026-09-16 15:58:28.099 I  PeachCommander[28718:16a2f] [com.apple.CarbonCore:gestalt] SetGestaltValue SetGestaltValue(copl 9) => 0
2026-09-16 15:58:28.099 I  PeachCommander[28718:16a2f] [com.apple.CarbonCore:gestalt] SetGestaltValue SetGestaltValue(xlat 0) => 0
2026-09-16 15:58:28.099 I  PeachCommander[28718:16a2f] [com.apple.CarbonCore:gestalt] SetGestaltValue SetGestaltValue(stdf 0) => 0
2026-09-16 15:58:28.099 I  PeachCommander[28718:16a2f] [com.apple.CarbonCore:gestalt] _NewGestalt _NewGestalt(ram  0x1899fb644) => 0
2026-09-16 15:58:28.099 I  PeachCommander[28718:16a2f] [com.apple.CarbonCore:gestalt] _NewGestalt _NewGestalt(ramm 0x1899fb644) => 0
2026-09-16 15:58:28.099 I  PeachCommander[28718:16a2f] [com.apple.CarbonCore:gestalt] _NewGestalt _NewGestalt(cput 0x1899fb734) => 0
2026-09-16 15:58:28.099 I  PeachCommander[28718:16a2f] [com.apple.CarbonCore:gestalt] _NewGestalt _NewGestalt(cpuf 0x1899fb764) => 0
2026-09-16 15:58:28.099 I  PeachCommander[28718:16a2f] [com.apple.CarbonCore:gestalt] _NewGestalt _NewGestalt(bclk 0x1899fb794) => 0
2026-09-16 15:58:28.099 I  PeachCommander[28718:16a2f] [com.apple.CarbonCore:gestalt] _NewGestalt _NewGestalt(bclm 0x1899fb794) => 0
2026-09-16 15:58:28.099 I  PeachCommander[28718:16a2f] [com.apple.CarbonCore:gestalt] _NewGestalt _NewGestalt(pclk 0x1899fb834) => 0
2026-09-16 15:58:28.099 I  PeachCommander[28718:16a2f] [com.apple.CarbonCore:gestalt] _NewGestalt _NewGestalt(mclk 0x1899fb834) => 0
2026-09-16 15:58:28.099 I  PeachCommander[28718:16a2f] [com.apple.CarbonCore:gestalt] _NewGestalt _NewGestalt(a/ux 0x1899fb94c) => 0
2026-09-16 15:58:28.099 I  PeachCommander[28718:16a2f] [com.apple.CarbonCore:gestalt] _NewGestalt _NewGestalt(pgsz 0x1899fb954) => 0
2026-09-16 15:58:28.099 I  PeachCommander[28718:16a2f] [com.apple.CarbonCore:gestalt] _NewGestalt _NewGestalt(csiz 0x1899fb994) => 0
2026-09-16 15:58:28.099 I  PeachCommander[28718:16a2f] [com.apple.CarbonCore:gestalt] _NewGestalt _NewGestalt(sysv 0x1899a6dfc) => 0
2026-09-16 15:58:28.099 I  PeachCommander[28718:16a2f] [com.apple.CarbonCore:gestalt] _NewGestalt _NewGestalt(sys1 0x1899a6dfc) => 0
2026-09-16 15:58:28.099 I  PeachCommander[28718:16a2f] [com.apple.CarbonCore:gestalt] _NewGestalt _NewGestalt(sys2 0x1899a6dfc) => 0
2026-09-16 15:58:28.099 I  PeachCommander[28718:16a2f] [com.apple.CarbonCore:gestalt] _NewGestalt _NewGestalt(sys3 0x1899a6dfc) => 0
2026-09-16 15:58:28.099 I  PeachCommander[28718:16a2f] [com.apple.CarbonCore:gestalt] _NewGestalt _NewGestalt(cdfl 0x1899fb9d4) => 0
2026-09-16 15:58:28.099 I  PeachCommander[28718:16a2f] [com.apple.CarbonCore:gestalt] _NewGestalt _NewGestalt(cdrm 0x1899fbc30) => 0
2026-09-16 15:58:28.099 I  PeachCommander[28718:16a2f] [com.apple.CarbonCore:gestalt] _NewGestalt _NewGestalt(cpus 0x1899fbc78) => 0
2026-09-16 15:58:28.099 I  PeachCommander[28718:16a2f] [com.apple.CarbonCore:gestalt] SetGestaltValue SetGestaltValue(swex 1) => 0
2026-09-16 15:58:28.099 Df PeachCommander[28718:16a2f] [com.apple.xpc:connection] [0x8aa61a800] activating connection: mach=false listener=false peer=false name=com.apple.hiservices-xpcservice
2026-09-16 15:58:28.101 I  PeachCommander[28718:16a2f] [com.apple.CFPasteboard:entry] CopyData('ApplePerContextInputPasteboard' (<CFUUID 0x8a982b5e0> DBCC41F9-47AE-4120-A977-6D03CFC6AE71) gen: -1 item: 1264739405 flavor: 'ApplePerContextInputFlavor')
2026-09-16 15:58:28.101 I  PeachCommander[28718:16a2f] [com.apple.CFPasteboard:cache] Rebuilding cache for 'ApplePerContextInputPasteboard' (<CFUUID 0x8a982b5e0> DBCC41F9-47AE-4120-A977-6D03CFC6AE71)
2026-09-16 15:58:28.101 I  PeachCommander[28718:16a2f] [com.apple.CFPasteboard:general] Will request data from daemon
2026-09-16 15:58:28.101 I  PeachCommander[28718:16a2f] [com.apple.CFPasteboard:exit] (not-in-cache) - result: 0 generation: 1 data (182 bytes) flags: 0
2026-09-16 15:58:28.101 I  PeachCommander[28718:16a2f] [com.apple.CFPasteboard:entry] CopyData('DefaultAsciiKeyboardLayoutPasteboard' (<CFUUID 0x8aaf3e820> FDC78988-66FD-48CC-947C-7F5DA969DC69) gen: -1 item: 1264739405 flavor: 'DefaultAsciiKeyboardLayoutFlavor')
2026-09-16 15:58:28.101 I  PeachCommander[28718:16a2f] [com.apple.CFPasteboard:exit] (not-in-cache) - result: -8 generation: 0 null data flags: 0
2026-09-16 15:58:28.110 A  PeachCommander[28718:16a3b] (CoreFoundation) Loading Preferences From System CFPrefsD
2026-09-16 15:58:28.198 I  PeachCommander[28718:16a2f] [com.apple.iconservices:foundation] layer data size zero
2026-09-16 15:58:28.200 A  PeachCommander[28718:16a2f] (CoreFoundation) Loading Preferences From User CFPrefsD
2026-09-16 15:58:28.200 I  PeachCommander[28718:16a2f] [com.apple.CoreAnalytics:client] Dropping "com.apple.ImageIO.readerSelection" as it isn't used in any transform (not in the config or budgeted?)
2026-09-16 15:58:28.214 I  PeachCommander[28718:16a2f] [com.apple.coreanimation:Utilities] IOSurface Compression Enabled: NO
2026-09-16 15:58:28.216 Df PeachCommander[28718:16a45] [com.apple.coreanimation:Metal] Precompiled pipelines disabled on unsupported hardware.
2026-09-16 15:58:28.229 I  PeachCommander[28718:16a46] [com.apple.AppKit:WindowTab] Indexing 1 items
2026-09-16 15:58:28.229 A  PeachCommander[28718:16a46] (CoreSpotlight) end-index-batch
2026-09-16 15:58:28.229 Df PeachCommander[28718:16a46] [com.apple.corespotlight:index] *warn* MailCS ======%%% _setMailMessageAttributes skip:1
2026-09-16 15:58:28.229 A  PeachCommander[28718:16a46] (CoreSpotlight) index-items
2026-09-16 15:58:28.229 Df PeachCommander[28718:16a46] [com.apple.corespotlight:index] CSInlineDonation:<private>: Skipping donation (feature flag disabled)
2026-09-16 15:58:28.229 Df PeachCommander[28718:16a46] [com.apple.corespotlight:index] CSInlineDonation:<private>: Skipping donation (feature flag disabled)
2026-09-16 15:58:28.300 I  PeachCommander[28718:16a2f] [com.apple.HIToolbox:MBDisplays] <private>
2026-09-16 15:58:28.300 I  PeachCommander[28718:16a2f] [com.apple.HIToolbox:MBDisplays] <private>
2026-09-16 15:58:28.712 I  PeachCommander[28718:16a2f] [com.peachcommander:PCFoundation] Session restored
2026-09-16 15:58:28.713 Df PeachCommander[28718:16a2f] (Foundation) <private>
2026-09-16 15:58:28.713 I  PeachCommander[28718:16a2f] [com.peachcommander:PCFoundation] [automation] running /Users/admin/auto.txt
2026-09-16 15:58:28.713 Df PeachCommander[28718:16a2f] (Foundation) <private>
2026-09-16 15:58:28.713 I  PeachCommander[28718:16a2f] [com.peachcommander:PCFoundation] [automation] > active left
2026-09-16 15:58:28.713 Df PeachCommander[28718:16a2f] (Foundation) <private>
2026-09-16 15:58:28.713 I  PeachCommander[28718:16a2f] [com.peachcommander:PCFoundation] [automation] > left /Users/admin/pc-demo
2026-09-16 15:58:28.762 Df PeachCommander[28718:16a2f] (Foundation) <private>
2026-09-16 15:58:28.762 I  PeachCommander[28718:16a2f] [com.peachcommander:PCFoundation] [automation] > wait 1500
2026-09-16 15:58:28.797 I  PeachCommander[28718:16a2f] [com.apple.iconservices:foundation] layer data size zero
2026-09-16 15:58:28.974 I  PeachCommander[28718:16a37] [com.apple.AppKit:WindowTab] Indexing 1 items
2026-09-16 15:58:28.974 A  PeachCommander[28718:16a37] (CoreSpotlight) end-index-batch
2026-09-16 15:58:28.974 A  PeachCommander[28718:16a37] (CoreSpotlight) index-items
2026-09-16 15:58:28.974 I  PeachCommander[28718:16a2f] [com.apple.iconservices:foundation] layer data size zero
2026-09-16 15:58:28.975 I  PeachCommander[28718:16a2f] [com.apple.iconservices:foundation] layer data size zero
2026-09-16 15:58:28.975 I  PeachCommander[28718:16a2f] [com.apple.iconservices:foundation] layer data size zero
2026-09-16 15:58:28.975 I  PeachCommander[28718:16a2f] [com.apple.iconservices:foundation] layer data size zero
2026-09-16 15:58:28.975 I  PeachCommander[28718:16a2f] [com.apple.iconservices:foundation] layer data size zero
2026-09-16 15:58:28.975 I  PeachCommander[28718:16a2f] [com.apple.iconservices:foundation] layer data size zero
2026-09-16 15:58:28.976 I  PeachCommander[28718:16a2f] [com.apple.iconservices:foundation] layer data size zero
2026-09-16 15:58:28.976 I  PeachCommander[28718:16a2f] [com.apple.iconservices:foundation] layer data size zero
2026-09-16 15:58:28.976 Df PeachCommander[28718:16ad2] [com.apple.corespotlight:index] CSInlineDonation:<private>: Skipping donation (feature flag disabled)
2026-09-16 15:58:28.977 Df PeachCommander[28718:16ad3] [com.apple.corespotlight:index] CSInlineDonation:<private>: Skipping donation (feature flag disabled)
2026-09-16 15:58:29.269 I  PeachCommander[28718:16ad2] [com.apple.AppKit:WindowTab] Indexing 1 items
2026-09-16 15:58:29.269 A  PeachCommander[28718:16ad2] (CoreSpotlight) end-index-batch
2026-09-16 15:58:29.269 A  PeachCommander[28718:16ad2] (CoreSpotlight) index-items
2026-09-16 15:58:29.270 Df PeachCommander[28718:16ad2] [com.apple.corespotlight:index] CSInlineDonation:<private>: Skipping donation (feature flag disabled)
2026-09-16 15:58:29.270 Df PeachCommander[28718:16ad2] [com.apple.corespotlight:index] CSInlineDonation:<private>: Skipping donation (feature flag disabled)
2026-09-16 15:58:30.280 Df PeachCommander[28718:16a2f] (Foundation) <private>
2026-09-16 15:58:30.280 I  PeachCommander[28718:16a2f] [com.peachcommander:PCFoundation] [automation] > refreshblock on
2026-09-16 15:58:30.280 Df PeachCommander[28718:16a2f] (Foundation) <private>
2026-09-16 15:58:30.280 Df PeachCommander[28718:16a2f] (Foundation) <private>
2026-09-16 15:58:30.280 I  PeachCommander[28718:16a2f] [com.peachcommander:PCFoundation] [automation] > mkfile /Users/admin/pc-demo/deferred-appeared.txt
2026-09-16 15:58:30.282 Df PeachCommander[28718:16a2f] (Foundation) <private>
2026-09-16 15:58:30.282 I  PeachCommander[28718:16a2f] [com.peachcommander:PCFoundation] [automation] > wait 2500
2026-09-16 15:58:32.907 Df PeachCommander[28718:16a2f] (Foundation) <private>
2026-09-16 15:58:32.907 I  PeachCommander[28718:16a2f] [com.peachcommander:PCFoundation] [automation] > dump /Users/admin/defer-blocked.txt
2026-09-16 15:58:32.909 Df PeachCommander[28718:16a2f] (Foundation) <private>
2026-09-16 15:58:32.909 Df PeachCommander[28718:16a2f] (Foundation) <private>
2026-09-16 15:58:32.909 I  PeachCommander[28718:16a2f] [com.peachcommander:PCFoundation] [automation] > refreshblock off
2026-09-16 15:58:32.909 Df PeachCommander[28718:16a2f] (Foundation) <private>
2026-09-16 15:58:32.909 Df PeachCommander[28718:16a2f] (Foundation) <private>
2026-09-16 15:58:32.909 I  PeachCommander[28718:16a2f] [com.peachcommander:PCFoundation] [automation] > wait 2500
2026-09-16 15:58:35.469 Df PeachCommander[28718:16a2f] (Foundation) <private>
2026-09-16 15:58:35.469 I  PeachCommander[28718:16a2f] [com.peachcommander:PCFoundation] [automation] > dump /Users/admin/defer-caught-up.txt
2026-09-16 15:58:35.471 Df PeachCommander[28718:16a2f] (Foundation) <private>
2026-09-16 15:58:35.471 Df PeachCommander[28718:16a2f] (Foundation) <private>
2026-09-16 15:58:35.471 I  PeachCommander[28718:16a2f] [com.peachcommander:PCFoundation] [automation] done
