Timestamp               Ty Process[PID:TID]
2026-09-09 19:39:58.854 A  PeachCommander[25291:1457d] (libsystem_info.dylib) Retrieve User by ID
2026-09-09 19:39:58.854 Df PeachCommander[25291:1457d] [com.apple.xpc:connection] [0x1042c5b50] activating connection: mach=true listener=false peer=false name=com.apple.cfprefsd.daemon
2026-09-09 19:39:58.854 Df PeachCommander[25291:14582] [com.apple.xpc:connection] [0x1042c6c00] activating connection: mach=true listener=false peer=false name=com.apple.cfprefsd.agent
2026-09-09 19:39:58.855 Df PeachCommander[25291:1457d] [com.apple.xpc:connection] [0x1042c7e70] activating connection: mach=true listener=false peer=false name=com.apple.coreservices.launchservicesd
2026-09-09 19:39:58.856 I  PeachCommander[25291:1457d] [com.apple.launchservices:cas] Registering for notification <private> on default queue, to re-boostrap client connection.
2026-09-09 19:39:58.856 Df PeachCommander[25291:1457d] [com.apple.xpc:connection] [0xa58cc0000] activating connection: mach=true listener=false peer=false name=com.apple.pasteboard.1
2026-09-09 19:39:58.856 Df PeachCommander[25291:1457d] [com.apple.xpc:connection] [0xa58cc0140] activating connection: mach=true listener=false peer=false name=com.apple.distributed_notifications@Uv3
2026-09-09 19:39:58.857 Df PeachCommander[25291:1457d] [com.apple.AppKit:AutomaticTermination] void _NSDisableAutomaticTerminationAndLog(NSString *) No windows open yet
2026-09-09 19:39:58.857 A  PeachCommander[25291:1457d] (TCC) TCCAccessRequest() IPC
2026-09-09 19:39:58.857 Df PeachCommander[25291:1457d] [com.apple.xpc:connection] [0xa58cc0280] activating connection: mach=true listener=false peer=false name=com.apple.tccd.system
2026-09-09 19:39:58.857 I  PeachCommander[25291:1457d] [com.apple.TCC:access] SEND: 0/7 synchronous to com.apple.tccd.system: request: msgID=25291.1, function=TCCAccessRequest, service=kTCCServiceListenEvent,
2026-09-09 19:39:58.858 I  PeachCommander[25291:1457d] [com.apple.TCC:access] RECV: synchronous reply <dictionary: 0xa58c84000> { count = 5, transaction: 0, voucher = 0x0, contents =
	"prompt_type" => <uint64: 0x9d3bb6fe2e75de2f>: 1
	"auth_value" => <uint64: 0x9d3bb6fe2e75de2f>: 1
	"preflight_unknown" => <bool: 0x1f1059190>: true
	"auth_version" => <uint64: 0x9d3bb6fe2e75de2f>: 1
	"auth_reason" => <uint64: 0x9d3bb6fe2e75de0f>: 5
}
2026-09-09 19:39:58.858 Df PeachCommander[25291:1457d] [com.apple.xpc:connection] [0xa58cc0280] invalidated after the last release of the connection object
2026-09-09 19:39:58.859 Df PeachCommander[25291:1457d] [com.apple.SkyLight:default] server port 0x00003907, session port 0x00003907
2026-09-09 19:39:58.860 Df PeachCommander[25291:1457d] [com.apple.SkyLight:default] New connection 0x46d6f main
2026-09-09 19:39:58.860 I  PeachCommander[25291:14583] [com.apple.SkyLight:processes] 0[outside of RPC]: First connection id 290159 mapped to ctx = 0xa59020680
2026-09-09 19:39:58.861 I  PeachCommander[25291:1457d] [com.apple.hiservices:processmgr] Checking in with CAS, pid=25291
2026-09-09 19:39:58.861 I  PeachCommander[25291:1457d] [com.apple.launchservices:cas] LSApplicationCheckIn(), app being registered is:"/Users/admin/pc-test/PeachCommander.app/Contents/MacOS/PeachCommander"
2026-09-09 19:39:58.861 I  PeachCommander[25291:1457d] [com.apple.launchservices:cas]  { "ApplicationType"="Foreground", "BuildMachineOSBuild"="25E246", "CFBundleDevelopmentRegion"="en", "CFBundleDocumentTypes"=( { "CFBundleTypeName"="Peach Commander Plugin Package", "CFBundleTypeRole"="Viewer", "LSHandlerRank"="Owner", "LSItemContentTypes"=( "com.peachcommander.plugin-package") }), "CFBundleExecutable"="PeachCommander", "CFBundleExecutablePath"="/Users/admin/pc-test/PeachCommander.app/Contents/MacOS/PeachCommander", "CFBundleHelpBookFolder"="PeachCommander.help", "CFBundleHelpBookName"="Peach Commander Help", "CFBundleIconFile"="AppIcon", "CFBundleIconName"="AppIcon", "CFBundleIdentifier"="com.peachcommander.app", "CFBundleInfoDictionaryVersion"="6.0", "CFBundleName"="PeachCommander", "CFBundleNumericVersion"=402685952, "CFBundlePackageType"="APPL", "CFBundleShortVersionString"="0.9.0", "CFBundleSignature"="?????", "CFBundleSupportedPlatforms"=( "MacOSX"), "CFBundleVersion"="18", "DTCompiler"="com.apple.compilers.llvm.clang.1_0", "DTPlatformBuild"="25F70", "DTPlatformName"="macosx", "<…>
2026-09-09 19:39:58.861 Df PeachCommander[25291:1457d] [com.apple.processmanager:front-35286506] CHECKIN: pid=25291
2026-09-09 19:39:58.862 Df PeachCommander[25291:1457d] [com.apple.processmanager:front-35286506] CHECKEDIN: pid=25291 asn=0x0-0x153153 foreground=1
2026-09-09 19:39:58.862 I  PeachCommander[25291:1457d] [com.apple.launchservices:cas] Setting processControlState to default PROC_SETPC_SUSPEND because application does not have LSProcessControlValue key
2026-09-09 19:39:58.863 Df PeachCommander[25291:1457d] [com.apple.xpc:connection] [0xa58cc0280] activating connection: mach=false listener=true peer=false name=(anonymous)
2026-09-09 19:39:58.863 Df PeachCommander[25291:1457d] [com.apple.xpc:connection] [0xa58cc0280] Connection returned listener port: 0x5403
2026-09-09 19:39:58.863 Df PeachCommander[25291:14582] [com.apple.xpc:connection] [0xa5908c300] activating connection: mach=false listener=false peer=true name=com.apple.xpc.anonymous.0xa58cc0280.peer[131].0xa5908c300
2026-09-09 19:39:58.863 Df PeachCommander[25291:1457d] [com.apple.processmanager:front-35286506] FRONTLOGGING: version 1
2026-09-09 19:39:58.863 Df PeachCommander[25291:1457d] [com.apple.processmanager:front-35286506] Registered, pid=25291 ASN=0x0,0x153153
2026-09-09 19:39:58.863 Df PeachCommander[25291:1457d] [com.apple.xpc:connection] [0xa58cc03c0] activating connection: mach=true listener=false peer=false name=com.apple.analyticsd
2026-09-09 19:39:58.863 I  PeachCommander[25291:1457d] [com.apple.CoreAnalytics:client] Daemon status changed from 0 to 1
2026-09-09 19:39:58.863 I  PeachCommander[25291:14582] [com.apple.CarbonCore:coreservicesdaemon] SCSession():SCSession( id=100, this=0x0x1042c9800 option=65538) created, forUID=501 mach_port_t=0x4e03.
2026-09-09 19:39:58.863 I  PeachCommander[25291:14582] [com.apple.CarbonCore:coreservicesdaemon] SCSession():SCSession( id=101, this=0x0x1042c9940 option=65538) created, forUID=501 mach_port_t=0x4f03.
2026-09-09 19:39:58.863 I  PeachCommander[25291:14582] [com.apple.CarbonCore:coreservicesdaemon] connectToCoreServicesD():Instantiating server (coreservicesd based) SCSession, port=0x4e03 serverOptions=0x10002.
2026-09-09 19:39:58.864 I  PeachCommander[25291:1457d] [com.apple.hiservices:processmgr] _RegisterApplication( pid 25291 => 0x0,0x153153) type=foreground
2026-09-09 19:39:58.864 Df PeachCommander[25291:1457d] [com.apple.xpc:connection] [0xa58cc0280] Connection returned listener port: 0x5403
2026-09-09 19:39:58.864 I  PeachCommander[25291:1457d] [com.apple.launchservices:cas] CFArrayRef _LSCopyLaunchModifiers(LSSessionID, LSASNRef _Nonnull), result for psn [ kLSCurrentApp ASN, 0x0,0x2]  is 1 items.
2026-09-09 19:39:58.864 Df PeachCommander[25291:14582] [com.apple.xpc:connection] [0xa58cc0500] activating connection: mach=true listener=false peer=false name=com.apple.lsd.mapdb
2026-09-09 19:39:58.864 Df PeachCommander[25291:1457d] [com.apple.processmanager:front-35286506] BringForward: pid=25291 asn=0x0-0x153153 bringForward=1 foreground=1 uiElement=0 launchedByLS=1 modifiersCount=1 allDisabled=1
2026-09-09 19:39:58.864 Df PeachCommander[25291:1457d] [com.apple.processmanager:front-35286506] BringFrontModifier: pid=25291 asn=0x0-0x153153 Modifier 0 hideAfter=0 hideOthers=0 dontMakeFrontmost=0 mouseDown=0/0 seed=0/0
2026-09-09 19:39:58.864 Df PeachCommander[25291:1457d] [com.apple.processmanager:front-35286506] BringForward: pid=25291 asn=0x0-0x153153
2026-09-09 19:39:58.864 Df PeachCommander[25291:1457d] [com.apple.processmanager:front-35286506] SetFrontProcess: asn=0x0-0x153153 options=0
2026-09-09 19:39:58.864 I  PeachCommander[25291:1457d] [com.apple.SkyLight:processes] 0[outside of RPC]: SLPSetFrontProcess(0x0-0x153153 window=0 options=0x0
2026-09-09 19:39:58.864 Df PeachCommander[25291:14583] [com.apple.CoreAnalytics:client] Received configuration update from daemon (initial)
2026-09-09 19:39:58.865 I  PeachCommander[25291:14582] [com.apple.launchservices:db] LaunchServices database schema version: 20971544
2026-09-09 19:39:58.865 Df PeachCommander[25291:1457d] [com.apple.AppKit:Appearance] Current system appearance, (HLTB: 1), (SLS: 0)
2026-09-09 19:39:58.866 Df PeachCommander[25291:1457d] (libMobileGestalt.dylib) No persisted cache on this platform.
2026-09-09 19:39:58.866 Df PeachCommander[25291:1457d] (libMobileGestalt.dylib) Could not get size of EAN data (IOConnectCallScalarMethod kAppleNVMeEANGetSize returned 0xE00002E2)
2026-09-09 19:39:58.866 Df PeachCommander[25291:1457d] (libMobileGestalt.dylib) Failed to copy 'aptk' from EAN
2026-09-09 19:39:58.866 Df PeachCommander[25291:1457d] (libMobileGestalt.dylib) Failed to copy APTicket properties. Falling back to default policy.
2026-09-09 19:39:58.866 Df PeachCommander[25291:1457d] (libMobileGestalt.dylib) Creating default MGSysConfigPolicy
2026-09-09 19:39:58.866 I  PeachCommander[25291:14587] [com.apple.launchservices:cas] information in shared memory for 0x0-0x153153 with seed 533 was still valid, so using cached info { "ApplicationType"="Foreground", "BuildMachineOSBuild"="25E246", "BundleIdentifierLowerCase"="com.peachcommander.app", "CFBundleDevelopmentRegion"="en", "CFBundleDocumentTypes"=( { "CFBundleTypeName"="Peach Commander Plugin Package", "CFBundleTypeRole"="Viewer", "LSHandlerRank"="Owner", "LSItemContentTypes"=( "com.peachcommander.plugin-package") }), "CFBundleExecutable"="PeachCommander", "CFBundleExecutablePath"="/Users/admin/pc-test/PeachCommander.app/Contents/MacOS/PeachCommander", "CFBundleExecutablePathDeviceID"=16777229, "CFBundleExecutablePathINode"=487885, "CFBundleHelpBookFolder"="PeachCommander.help", "CFBundleHelpBookName"="Peach Commander Help", "CFBundleIconFile"="AppIcon", "CFBundleIconName"="AppIcon", "CFBundleIdentifier"="com.peachcommander.app", "CFBundleInfoDictionaryVersion"="6.0", "CFBundleName"="PeachCommander", "CFBundleNameLowerCase"="peachcommander", "CFBundleNumericVersion"=402685952, "CFBundlePackageType"="APPL", "CFBundleShortVersionString"="0.9.0", "CFBun<…>
2026-09-09 19:39:58.866 Df PeachCommander[25291:1457d] (libMobileGestalt.dylib) CFDictionaryRef copySyscfgDictionary(void) enumeration of <private> failed.
2026-09-09 19:39:58.866 Df PeachCommander[25291:1457d] (libMobileGestalt.dylib) Failed to find key <private>
2026-09-09 19:39:58.867 Df PeachCommander[25291:1457d] [com.apple.AppKit:Appearance] Current system appearance, (HLTB: 1), (SLS: 0)
2026-09-09 19:39:58.867 Df PeachCommander[25291:1457d] [com.apple.AppKit:Appearance] Post-registration system appearance: (HLTB: 1)
2026-09-09 19:39:58.868 I  PeachCommander[25291:14582] [com.apple.launchservices:default] Unable to load Info.plist exceptions (eGPUOverrides)
2026-09-09 19:39:58.868 I  PeachCommander[25291:14582] [com.apple.launchservices:default] Unable to load Info.plist exceptions (gameModeOverrides)
2026-09-09 19:39:58.868 I  PeachCommander[25291:14582] [com.apple.launchservices:default] Unable to load Info.plist exceptions (identifiedGameOverrides)
2026-09-09 19:39:58.868 I  PeachCommander[25291:14582] [com.apple.launchservices:default] Unable to load Info.plist exceptions (SystemHiddenPreferred)
2026-09-09 19:39:58.869 Df PeachCommander[25291:1457d] [com.apple.FrontBoard:Common] FBSWorkspace: endpoint monitoring is disabled.
2026-09-09 19:39:58.869 Df PeachCommander[25291:1457d] [com.apple.FrontBoard:Common] FBSWorkspace: default shell endpoint is disabled.
2026-09-09 19:39:58.869 Df PeachCommander[25291:1457d] [com.apple.runningboard:connection] Initializing connection
2026-09-09 19:39:58.869 Df PeachCommander[25291:1457d] [com.apple.runningboard:process] Removing all cached process handles
2026-09-09 19:39:58.869 Df PeachCommander[25291:14583] [com.apple.runningboard:connection] Sending handshake request attempt #1 to server
2026-09-09 19:39:58.869 Df PeachCommander[25291:14583] [com.apple.runningboard:connection] Creating connection to com.apple.runningboard
2026-09-09 19:39:58.869 Df PeachCommander[25291:14583] [com.apple.xpc:connection] [0xa58cc0640] activating connection: mach=true listener=false peer=false name=com.apple.runningboard
2026-09-09 19:39:58.869 A  PeachCommander[25291:14587] (RunningBoardServices) didChangeInheritances
2026-09-09 19:39:58.869 Df PeachCommander[25291:1457d] [com.apple.xpc:connection] [0xa58cc0280] Connection returned listener port: 0x5403
2026-09-09 19:39:58.869 Df PeachCommander[25291:14583] [com.apple.runningboard:connection] Handshake succeeded
2026-09-09 19:39:58.869 Df PeachCommander[25291:14583] [com.apple.runningboard:connection] Identity resolved as app<application.com.peachcommander.app.486897.487885(501)>
2026-09-09 19:39:58.869 I  PeachCommander[25291:1457d] [com.apple.launchservices:cas] information in shared memory for 0x0-0x153153 with seed 533 was still valid, so using cached info { "ApplicationType"="Foreground", "BuildMachineOSBuild"="25E246", "BundleIdentifierLowerCase"="com.peachcommander.app", "CFBundleDevelopmentRegion"="en", "CFBundleDocumentTypes"=( { "CFBundleTypeName"="Peach Commander Plugin Package", "CFBundleTypeRole"="Viewer", "LSHandlerRank"="Owner", "LSItemContentTypes"=( "com.peachcommander.plugin-package") }), "CFBundleExecutable"="PeachCommander", "CFBundleExecutablePath"="/Users/admin/pc-test/PeachCommander.app/Contents/MacOS/PeachCommander", "CFBundleExecutablePathDeviceID"=16777229, "CFBundleExecutablePathINode"=487885, "CFBundleHelpBookFolder"="PeachCommander.help", "CFBundleHelpBookName"="Peach Commander Help", "CFBundleIconFile"="AppIcon", "CFBundleIconName"="AppIcon", "CFBundleIdentifier"="com.peachcommander.app", "CFBundleInfoDictionaryVersion"="6.0", "CFBundleName"="PeachCommander", "CFBundleNameLowerCase"="peachcommander", "CFBundleNumericVersion"=402685952, "CFBundlePackageType"="APPL", "CFBundleShortVersionString"="0.9.0", "CFBun<…>
2026-09-09 19:39:58.871 Df PeachCommander[25291:1457d] [com.apple.xpc:connection] [0xa58cc0280] Connection returned listener port: 0x5403
2026-09-09 19:39:58.872 A  PeachCommander[25291:14582] (AppIntents) appintents:register process
2026-09-09 19:39:58.872 I  PeachCommander[25291:1457d] [com.apple.launchservices:cas] information in shared memory for 0x0-0x153153 with seed 533 was still valid, so using cached info { "ApplicationType"="Foreground", "BuildMachineOSBuild"="25E246", "BundleIdentifierLowerCase"="com.peachcommander.app", "CFBundleDevelopmentRegion"="en", "CFBundleDocumentTypes"=( { "CFBundleTypeName"="Peach Commander Plugin Package", "CFBundleTypeRole"="Viewer", "LSHandlerRank"="Owner", "LSItemContentTypes"=( "com.peachcommander.plugin-package") }), "CFBundleExecutable"="PeachCommander", "CFBundleExecutablePath"="/Users/admin/pc-test/PeachCommander.app/Contents/MacOS/PeachCommander", "CFBundleExecutablePathDeviceID"=16777229, "CFBundleExecutablePathINode"=487885, "CFBundleHelpBookFolder"="PeachCommander.help", "CFBundleHelpBookName"="Peach Commander Help", "CFBundleIconFile"="AppIcon", "CFBundleIconName"="AppIcon", "CFBundleIdentifier"="com.peachcommander.app", "CFBundleInfoDictionaryVersion"="6.0", "CFBundleName"="PeachCommander", "CFBundleNameLowerCase"="peachcommander", "CFBundleNumericVersion"=402685952, "CFBundlePackageType"="APPL", "CFBundleShortVersionString"="0.9.0", "CFBun<…>
2026-09-09 19:39:58.872 I  PeachCommander[25291:1457d] [com.apple.hiservices:processmgr] TransformProcessType(0x0,0x2 => 1 wasFront=1 pickNew=0)
2026-09-09 19:39:58.872 Df PeachCommander[25291:14582] [com.apple.appintents:Connection] Created a new Process Instance Registry XPC connection (inactive)
2026-09-09 19:39:58.872 Df PeachCommander[25291:14582] [com.apple.xpc:connection] [0xa58cc08c0] activating connection: mach=true listener=false peer=false name=com.apple.linkd.autoShortcut
2026-09-09 19:39:58.872 Df PeachCommander[25291:14582] [com.apple.appintents:Connection] Activated connection to linkd (ApplicationService)
2026-09-09 19:39:58.872 I  PeachCommander[25291:1457d] [com.apple.CoreAnalytics:client] Dropping "com.apple.appkit.app_config" as it isn't used in any transform (not in the config or budgeted?)
2026-09-09 19:39:58.872 Df PeachCommander[25291:14582] [com.apple.xpc:connection] [0xa58cc0a00] activating connection: mach=false listener=true peer=false name=(anonymous)
2026-09-09 19:39:58.872 I  PeachCommander[25291:14582] [com.apple.appintents:Execution] LNAppConnectionListener instantiated
2026-09-09 19:39:58.872 Df PeachCommander[25291:14582] [com.apple.xpc:connection] [0xa58cc0a00] Connection returned listener port: 0x6c03
2026-09-09 19:39:58.873 Df PeachCommander[25291:1457d] [com.apple.dt.xctest:Default] Registering for test daemon availability notify post.
2026-09-09 19:39:58.873 Df PeachCommander[25291:1457d] [com.apple.dt.xctest:Default] notify_get_state check indicated test daemon not ready.
2026-09-09 19:39:58.873 Df PeachCommander[25291:14587] [com.apple.xpc:connection] [0xa58cc08c0] Re-initialization successful; calling out to event handler with XPC_ERROR_CONNECTION_INTERRUPTED
2026-09-09 19:39:58.873 Df PeachCommander[25291:14587] [com.apple.appintents:Connection] Process Instance Registry XPC connection has been interrupted
2026-09-09 19:39:58.873 Df PeachCommander[25291:1457d] [com.apple.dt.xctest:Default] notify_get_state check indicated test daemon not ready.
2026-09-09 19:39:58.873 E  PeachCommander[25291:14582] [com.apple.appintents:Connection] Unable to get synchronousRemoteObjectProxy, error: Error Domain=NSCocoaErrorDomain Code=4097 "connection to service named com.apple.linkd.autoShortcut" UserInfo={NSDebugDescription=connection to service named com.apple.linkd.autoShortcut}
2026-09-09 19:39:58.873 E  PeachCommander[25291:14582] [com.apple.AppKit:Application] Error registering app with intents framework: Error Domain=NSCocoaErrorDomain Code=4097 UserInfo={NSDebugDescription=<private>}
2026-09-09 19:39:58.873 Df PeachCommander[25291:1457d] [com.apple.dt.xctest:Default] notify_get_state check indicated test daemon not ready.
2026-09-09 19:39:58.873 Df PeachCommander[25291:14583] [com.apple.appintents:Connection] Created a new Process Instance Registry XPC connection (inactive)
2026-09-09 19:39:58.873 A  PeachCommander[25291:14583] (AppIntents) appintents:register process
2026-09-09 19:39:58.873 Df PeachCommander[25291:14583] [com.apple.appintents:Connection] Created a new Process Instance Registry XPC connection (inactive)
2026-09-09 19:39:58.873 Df PeachCommander[25291:14583] [com.apple.xpc:connection] [0xa58cc0c80] activating connection: mach=true listener=false peer=false name=com.apple.linkd.autoShortcut
2026-09-09 19:39:58.873 Df PeachCommander[25291:14583] [com.apple.appintents:Connection] Activated connection to linkd (ApplicationService)
2026-09-09 19:39:58.873 Df PeachCommander[25291:14583] [com.apple.xpc:connection] [0xa58cc0a00] Connection returned listener port: 0x6c03
2026-09-09 19:39:58.873 Df PeachCommander[25291:14582] [com.apple.xpc:connection] [0xa58cc0c80] Re-initialization successful; calling out to event handler with XPC_ERROR_CONNECTION_INTERRUPTED
2026-09-09 19:39:58.873 Df PeachCommander[25291:14582] [com.apple.appintents:Connection] Process Instance Registry XPC connection has been interrupted
2026-09-09 19:39:58.873 E  PeachCommander[25291:14583] [com.apple.appintents:Connection] Unable to get synchronousRemoteObjectProxy, error: Error Domain=NSCocoaErrorDomain Code=4097 "connection to service named com.apple.linkd.autoShortcut" UserInfo={NSDebugDescription=connection to service named com.apple.linkd.autoShortcut}
2026-09-09 19:39:58.873 E  PeachCommander[25291:14583] [com.apple.appintents:Connection] Unable to re-register with Process Instance Registry, error: Error Domain=NSCocoaErrorDomain Code=4097 "connection to service named com.apple.linkd.autoShortcut" UserInfo={NSDebugDescription=connection to service named com.apple.linkd.autoShortcut}
2026-09-09 19:39:58.873 Df PeachCommander[25291:14582] [com.apple.appintents:Connection] Created a new Process Instance Registry XPC connection (inactive)
2026-09-09 19:39:58.873 A  PeachCommander[25291:14582] (AppIntents) appintents:register process
2026-09-09 19:39:58.873 Df PeachCommander[25291:14582] [com.apple.appintents:Connection] Created a new Process Instance Registry XPC connection (inactive)
2026-09-09 19:39:58.873 Df PeachCommander[25291:14582] [com.apple.xpc:connection] [0xa58cc12c0] activating connection: mach=true listener=false peer=false name=com.apple.linkd.autoShortcut
2026-09-09 19:39:58.873 Df PeachCommander[25291:14582] [com.apple.appintents:Connection] Activated connection to linkd (ApplicationService)
2026-09-09 19:39:58.873 Df PeachCommander[25291:14582] [com.apple.xpc:connection] [0xa58cc0a00] Connection returned listener port: 0x6c03
2026-09-09 19:39:58.874 Df PeachCommander[25291:14583] [com.apple.xpc:connection] [0xa58cc12c0] Re-initialization successful; calling out to event handler with XPC_ERROR_CONNECTION_INTERRUPTED
2026-09-09 19:39:58.874 Df PeachCommander[25291:14583] [com.apple.appintents:Connection] Process Instance Registry XPC connection has been interrupted
2026-09-09 19:39:58.874 E  PeachCommander[25291:14582] [com.apple.appintents:Connection] Unable to get synchronousRemoteObjectProxy, error: Error Domain=NSCocoaErrorDomain Code=4097 "connection to service named com.apple.linkd.autoShortcut" UserInfo={NSDebugDescription=connection to service named com.apple.linkd.autoShortcut}
2026-09-09 19:39:58.874 E  PeachCommander[25291:14582] [com.apple.appintents:Connection] Unable to re-register with Process Instance Registry, error: Error Domain=NSCocoaErrorDomain Code=4097 "connection to service named com.apple.linkd.autoShortcut" UserInfo={NSDebugDescription=connection to service named com.apple.linkd.autoShortcut}
2026-09-09 19:39:58.874 Df PeachCommander[25291:14583] [com.apple.appintents:Connection] Created a new Process Instance Registry XPC connection (inactive)
2026-09-09 19:39:58.874 A  PeachCommander[25291:14583] (AppIntents) appintents:register process
2026-09-09 19:39:58.874 Df PeachCommander[25291:14583] [com.apple.appintents:Connection] Created a new Process Instance Registry XPC connection (inactive)
2026-09-09 19:39:58.874 Df PeachCommander[25291:14583] [com.apple.xpc:connection] [0xa58cc1540] activating connection: mach=true listener=false peer=false name=com.apple.linkd.autoShortcut
2026-09-09 19:39:58.874 Df PeachCommander[25291:14583] [com.apple.appintents:Connection] Activated connection to linkd (ApplicationService)
2026-09-09 19:39:58.874 Df PeachCommander[25291:14583] [com.apple.xpc:connection] [0xa58cc0a00] Connection returned listener port: 0x6c03
2026-09-09 19:39:58.874 Df PeachCommander[25291:14582] [com.apple.xpc:connection] [0xa58cc1540] Re-initialization successful; calling out to event handler with XPC_ERROR_CONNECTION_INTERRUPTED
2026-09-09 19:39:58.874 Df PeachCommander[25291:14582] [com.apple.appintents:Connection] Process Instance Registry XPC connection has been interrupted
2026-09-09 19:39:58.874 E  PeachCommander[25291:14582] [com.apple.appintents:Connection] Will NOT re-try to establish the connection
2026-09-09 19:39:58.874 E  PeachCommander[25291:14583] [com.apple.appintents:Connection] Unable to get synchronousRemoteObjectProxy, error: Error Domain=NSCocoaErrorDomain Code=4097 "connection to service named com.apple.linkd.autoShortcut" UserInfo={NSDebugDescription=connection to service named com.apple.linkd.autoShortcut}
2026-09-09 19:39:58.874 E  PeachCommander[25291:14583] [com.apple.appintents:Connection] Unable to re-register with Process Instance Registry, error: Error Domain=NSCocoaErrorDomain Code=4097 "connection to service named com.apple.linkd.autoShortcut" UserInfo={NSDebugDescription=connection to service named com.apple.linkd.autoShortcut}
2026-09-09 19:39:58.876 A  PeachCommander[25291:1457d] (CoreFoundation) Loading Preferences From System CFPrefsD
2026-09-09 19:39:58.877 Df PeachCommander[25291:1457d] (libMobileGestalt.dylib) couldn't load support library
2026-09-09 19:39:58.877 Df PeachCommander[25291:1457d] (libMobileGestalt.dylib) called dummy function!
2026-09-09 19:39:58.877 I  PeachCommander[25291:1457d] [com.apple.GenerativeModels:availability] Current availability state: unavailable, use cases: com.apple.WritingTools, language: <any>, api: <private>
2026-09-09 19:39:58.877 Df PeachCommander[25291:1457d] [com.apple.GenerativeModels:availability] registering darwin observer for name: com.apple.gms.availability.notification
2026-09-09 19:39:58.877 Df PeachCommander[25291:1457d] [com.apple.GenerativeModels:availability] registering darwin observer for name: com.apple.os-eligibility-domain.change.greymatter
2026-09-09 19:39:58.877 Df PeachCommander[25291:1457d] [com.apple.GenerativeModels:availability] registering darwin observer for name: com.apple.language.changed
2026-09-09 19:39:58.877 Df PeachCommander[25291:1457d] [com.apple.WritingTools:Default] isAvailable value changed: isMDMAllowed = true, gmAvailable (current) = false
2026-09-09 19:39:58.879 I  PeachCommander[25291:1457d] [com.apple.CoreAnalytics:client] Dropping "com.apple.appkit.app_config" as it isn't used in any transform (not in the config or budgeted?)
2026-09-09 19:39:58.882 Df PeachCommander[25291:1457d] [com.apple.AppKit:Appearance] NSApp cache appearance:
-NSRequiresAquaSystemAppearance: 0
-appearance: (null)
-effectiveAppearance: <NSCompositeAppearance: 0xa59034780
 (
    "<NSAquaAppearance: 0xa590345a0>",
    "<NSSystemAppearance: 0xa590346e0>"
)>
2026-09-09 19:39:58.884 A  PeachCommander[25291:1457d] (CoreFoundation) Loading Preferences From User CFPrefsD
2026-09-09 19:39:58.884 A  PeachCommander[25291:1457d] (CoreFoundation) Loading Preferences From User CFPrefsD
2026-09-09 19:39:58.887 A  PeachCommander[25291:14582] (libsystem_info.dylib) Membership API: translate identifier
2026-09-09 19:39:58.889 I  PeachCommander[25291:1457d] [com.apple.CoreAnalytics:client] Dropping "com.apple.appkit.app_config" as it isn't used in any transform (not in the config or budgeted?)
2026-09-09 19:39:58.889 I  PeachCommander[25291:1457d] [com.apple.CoreAnalytics:client] Dropping "com.apple.appkit.app_config" as it isn't used in any transform (not in the config or budgeted?)
2026-09-09 19:39:58.890 Df PeachCommander[25291:14582] [com.apple.xpc:connection] [0xa58cc1a40] activating connection: mach=true listener=false peer=false name=com.apple.dock.fullscreen
2026-09-09 19:39:58.891 Df PeachCommander[25291:1457d] [com.apple.xpc:connection] [0xa58cc1b80] activating connection: mach=true listener=false peer=false name=com.apple.fonts
2026-09-09 19:39:58.893 I  PeachCommander[25291:1457d] [com.apple.launchservices:cas] information in shared memory for 0x0-0x153153 with seed 533 was still valid, so using cached info { "ApplicationType"="Foreground", "BuildMachineOSBuild"="25E246", "BundleIdentifierLowerCase"="com.peachcommander.app", "CFBundleDevelopmentRegion"="en", "CFBundleDocumentTypes"=( { "CFBundleTypeName"="Peach Commander Plugin Package", "CFBundleTypeRole"="Viewer", "LSHandlerRank"="Owner", "LSItemContentTypes"=( "com.peachcommander.plugin-package") }), "CFBundleExecutable"="PeachCommander", "CFBundleExecutablePath"="/Users/admin/pc-test/PeachCommander.app/Contents/MacOS/PeachCommander", "CFBundleExecutablePathDeviceID"=16777229, "CFBundleExecutablePathINode"=487885, "CFBundleHelpBookFolder"="PeachCommander.help", "CFBundleHelpBookName"="Peach Commander Help", "CFBundleIconFile"="AppIcon", "CFBundleIconName"="AppIcon", "CFBundleIdentifier"="com.peachcommander.app", "CFBundleInfoDictionaryVersion"="6.0", "CFBundleName"="PeachCommander", "CFBundleNameLowerCase"="peachcommander", "CFBundleNumericVersion"=402685952, "CFBundlePackageType"="APPL", "CFBundleShortVersionString"="0.9.0", "CFBun<…>
2026-09-09 19:39:58.894 I  PeachCommander[25291:1457d] [com.apple.CoreAnalytics:client] Dropping "com.apple.appkit.app_config" as it isn't used in any transform (not in the config or budgeted?)
2026-09-09 19:39:58.894 Df PeachCommander[25291:1457d] [com.apple.AppKit:AutomaticTermination] -[NSApplication(NSAppssassination) _checkForAutomaticTerminationSupportPossiblyEnablingIt]_block_invoke Enabling automatic termination support.
2026-09-09 19:39:58.894 Df PeachCommander[25291:1457d] [com.apple.xpc:connection] [0xa58cc0f00] activating connection: mach=true listener=false peer=false name=com.apple.appkit.restoration_storage
2026-09-09 19:39:58.894 I  PeachCommander[25291:1457d] [com.apple.launchservices:cas] information in shared memory for 0x0-0x153153 with seed 533 was still valid, so using cached info { "ApplicationType"="Foreground", "BuildMachineOSBuild"="25E246", "BundleIdentifierLowerCase"="com.peachcommander.app", "CFBundleDevelopmentRegion"="en", "CFBundleDocumentTypes"=( { "CFBundleTypeName"="Peach Commander Plugin Package", "CFBundleTypeRole"="Viewer", "LSHandlerRank"="Owner", "LSItemContentTypes"=( "com.peachcommander.plugin-package") }), "CFBundleExecutable"="PeachCommander", "CFBundleExecutablePath"="/Users/admin/pc-test/PeachCommander.app/Contents/MacOS/PeachCommander", "CFBundleExecutablePathDeviceID"=16777229, "CFBundleExecutablePathINode"=487885, "CFBundleHelpBookFolder"="PeachCommander.help", "CFBundleHelpBookName"="Peach Commander Help", "CFBundleIconFile"="AppIcon", "CFBundleIconName"="AppIcon", "CFBundleIdentifier"="com.peachcommander.app", "CFBundleInfoDictionaryVersion"="6.0", "CFBundleName"="PeachCommander", "CFBundleNameLowerCase"="peachcommander", "CFBundleNumericVersion"=402685952, "CFBundlePackageType"="APPL", "CFBundleShortVersionString"="0.9.0", "CFBun<…>
2026-09-09 19:39:58.894 Df PeachCommander[25291:1457d] [com.apple.xpc:connection] [0xa58cc1040] activating connection: mach=true listener=false peer=false name=com.apple.coreservices.appleevents
2026-09-09 19:39:58.894 I  PeachCommander[25291:1457d] [com.apple.appleevents:main] _AEGetRegisteredMachPort() created default port (port:64003/0xfa03 rcv:1 send:1 limit:5) and registered it with server
2026-09-09 19:39:58.894 Df PeachCommander[25291:1457d] [com.apple.xpc:connection] [0xa58cc0280] Connection returned listener port: 0x5403
2026-09-09 19:39:58.894 I  PeachCommander[25291:1457d] [com.apple.launchservices:cas] information in shared memory for 0x0-0x153153 with seed 533 was still valid, so using cached info { "ApplicationType"="Foreground", "BuildMachineOSBuild"="25E246", "BundleIdentifierLowerCase"="com.peachcommander.app", "CFBundleDevelopmentRegion"="en", "CFBundleDocumentTypes"=( { "CFBundleTypeName"="Peach Commander Plugin Package", "CFBundleTypeRole"="Viewer", "LSHandlerRank"="Owner", "LSItemContentTypes"=( "com.peachcommander.plugin-package") }), "CFBundleExecutable"="PeachCommander", "CFBundleExecutablePath"="/Users/admin/pc-test/PeachCommander.app/Contents/MacOS/PeachCommander", "CFBundleExecutablePathDeviceID"=16777229, "CFBundleExecutablePathINode"=487885, "CFBundleHelpBookFolder"="PeachCommander.help", "CFBundleHelpBookName"="Peach Commander Help", "CFBundleIconFile"="AppIcon", "CFBundleIconName"="AppIcon", "CFBundleIdentifier"="com.peachcommander.app", "CFBundleInfoDictionaryVersion"="6.0", "CFBundleName"="PeachCommander", "CFBundleNameLowerCase"="peachcommander", "CFBundleNumericVersion"=402685952, "CFBundlePackageType"="APPL", "CFBundleShortVersionString"="0.9.0", "CFBun<…>
2026-09-09 19:39:58.894 Df PeachCommander[25291:1457d] [com.apple.processmanager:front-35286506] SignalReady: pid=25291 asn=0x0-0x153153
2026-09-09 19:39:58.895 Df PeachCommander[25291:1457d] [com.apple.processmanager:front-35286506] SIGNAL: pid=25291 asn=0x0x-0x153153
2026-09-09 19:39:58.895 I  PeachCommander[25291:1457d] [com.apple.appleevents:main] aeGenerateFakeFirstOAPPEventIfNecessary()
2026-09-09 19:39:58.895 I  PeachCommander[25291:1457d] [com.apple.appleevents:main] aeGenerateFakeFirstOAPPEventIfNecessary(), needToCreateFakeOAPPEventIfFirstEvent == true
2026-09-09 19:39:58.895 I  PeachCommander[25291:1457d] [com.apple.launchservices:cas] Removing cached information for app [ 0x0-0x153153]  "PeachCommander", as its seed is different from that in shared memory ( 533 vs 535)
2026-09-09 19:39:58.895 I  PeachCommander[25291:1457d] [com.apple.CFPasteboard:entry] CopyData('DefaultAsciiKeyboardLayoutPasteboard' (<CFUUID 0xa591d4720> 6DFD73E5-D105-448C-BB1B-2FD89C950B4F) gen: -1 item: 1264739405 flavor: 'DefaultAsciiKeyboardLayoutFlavor')
2026-09-09 19:39:58.895 I  PeachCommander[25291:1457d] [com.apple.CFPasteboard:cache] Rebuilding cache for 'DefaultAsciiKeyboardLayoutPasteboard' (<CFUUID 0xa591d4720> 6DFD73E5-D105-448C-BB1B-2FD89C950B4F)
2026-09-09 19:39:58.895 I  PeachCommander[25291:1457d] [com.apple.CFPasteboard:exit] (not-in-cache) - result: -8 generation: 0 null data flags: 0
2026-09-09 19:39:58.895 A  PeachCommander[25291:1457d] (CoreFoundation) Loading Preferences From User CFPrefsD
2026-09-09 19:39:58.896 A  PeachCommander[25291:1457d] (CoreFoundation) Loading Preferences From System CFPrefsD
2026-09-09 19:39:58.896 I  PeachCommander[25291:1457d] [com.apple.CFPasteboard:entry] CopyData('AppleIntlFileCacheModificationDatePasteboard' (<CFUUID 0xa591d6680> 9E2B5155-78F3-4921-A860-E68CBECEA118) gen: -1 item: 1 flavor: '-32766 1768845414')
2026-09-09 19:39:58.896 I  PeachCommander[25291:1457d] [com.apple.CFPasteboard:cache] Rebuilding cache for 'AppleIntlFileCacheModificationDatePasteboard' (<CFUUID 0xa591d6680> 9E2B5155-78F3-4921-A860-E68CBECEA118)
2026-09-09 19:39:58.896 I  PeachCommander[25291:1457d] [com.apple.CFPasteboard:general] Will request data from daemon
2026-09-09 19:39:58.896 I  PeachCommander[25291:1457d] [com.apple.CFPasteboard:exit] (not-in-cache) - result: 0 generation: 1 data (310 bytes) flags: 0
2026-09-09 19:39:58.896 I  PeachCommander[25291:1457d] [com.apple.CFPasteboard:entry] CopyData('AppleIntlFileCacheModificationDatePasteboard' (<CFUUID 0xa591d6680> 9E2B5155-78F3-4921-A860-E68CBECEA118) gen: -1 item: 1 flavor: '-32765 1802264953')
2026-09-09 19:39:58.896 I  PeachCommander[25291:1457d] [com.apple.CFPasteboard:general] Will request data from daemon
2026-09-09 19:39:58.896 I  PeachCommander[25291:1457d] [com.apple.CFPasteboard:exit] (not-in-cache) - result: 0 generation: 1 data (306 bytes) flags: 0
2026-09-09 19:39:58.896 I  PeachCommander[25291:1457d] [com.apple.CFPasteboard:entry] CopyData('AppleIntlFileCacheModificationDatePasteboard' (<CFUUID 0xa591d6680> 9E2B5155-78F3-4921-A860-E68CBECEA118) gen: -1 item: 1 flavor: '-32764 1802264953')
2026-09-09 19:39:58.896 I  PeachCommander[25291:1457d] [com.apple.CFPasteboard:general] Will request data from daemon
2026-09-09 19:39:58.897 I  PeachCommander[25291:1457d] [com.apple.CFPasteboard:exit] (not-in-cache) - result: 0 generation: 1 data (281 bytes) flags: 0
2026-09-09 19:39:58.897 I  PeachCommander[25291:1457d] [com.apple.CFPasteboard:entry] CopyData('AppleIntlFileCacheModificationDatePasteboard' (<CFUUID 0xa591d6680> 9E2B5155-78F3-4921-A860-E68CBECEA118) gen: -1 item: 1 flavor: '-32763 1802264953')
2026-09-09 19:39:58.897 I  PeachCommander[25291:1457d] [com.apple.CFPasteboard:general] Will request data from daemon
2026-09-09 19:39:58.897 I  PeachCommander[25291:1457d] [com.apple.CFPasteboard:exit] (not-in-cache) - result: 0 generation: 1 data (318 bytes) flags: 0
2026-09-09 19:39:58.897 I  PeachCommander[25291:1457d] [com.apple.CFPasteboard:entry] CopyData('AppleIntlFileCacheModificationDatePasteboard' (<CFUUID 0xa591d6680> 9E2B5155-78F3-4921-A860-E68CBECEA118) gen: -1 item: 1 flavor: '-32765 1768845414')
2026-09-09 19:39:58.897 I  PeachCommander[25291:1457d] [com.apple.CFPasteboard:general] Will request data from daemon
2026-09-09 19:39:58.897 I  PeachCommander[25291:1457d] [com.apple.CFPasteboard:exit] (not-in-cache) - result: 0 generation: 1 data (303 bytes) flags: 0
2026-09-09 19:39:58.897 I  PeachCommander[25291:1457d] [com.apple.CFPasteboard:entry] CopyData('AppleIntlFileCacheModificationDatePasteboard' (<CFUUID 0xa591d6680> 9E2B5155-78F3-4921-A860-E68CBECEA118) gen: -1 item: 1 flavor: '-32763 1768845414')
2026-09-09 19:39:58.897 I  PeachCommander[25291:1457d] [com.apple.CFPasteboard:general] Will request data from daemon
2026-09-09 19:39:58.897 I  PeachCommander[25291:1457d] [com.apple.CFPasteboard:exit] (not-in-cache) - result: 0 generation: 1 data (315 bytes) flags: 0
2026-09-09 19:39:58.898 I  PeachCommander[25291:1457d] [com.apple.launchservices:cas] information in shared memory for 0x0-0x153153 with seed 535 was still valid, so using cached info { "ApplicationType"="Foreground", "BuildMachineOSBuild"="25E246", "BundleIdentifierLowerCase"="com.peachcommander.app", "CFBundleDevelopmentRegion"="en", "CFBundleDocumentTypes"=( { "CFBundleTypeName"="Peach Commander Plugin Package", "CFBundleTypeRole"="Viewer", "LSHandlerRank"="Owner", "LSItemContentTypes"=( "com.peachcommander.plugin-package") }), "CFBundleExecutable"="PeachCommander", "CFBundleExecutablePath"="/Users/admin/pc-test/PeachCommander.app/Contents/MacOS/PeachCommander", "CFBundleExecutablePathDeviceID"=16777229, "CFBundleExecutablePathINode"=487885, "CFBundleHelpBookFolder"="PeachCommander.help", "CFBundleHelpBookName"="Peach Commander Help", "CFBundleIconFile"="AppIcon", "CFBundleIconName"="AppIcon", "CFBundleIdentifier"="com.peachcommander.app", "CFBundleInfoDictionaryVersion"="6.0", "CFBundleName"="PeachCommander", "CFBundleNameLowerCase"="peachcommander", "CFBundleNumericVersion"=402685952, "CFBundlePackageType"="APPL", "CFBundleShortVersionString"="0.9.0", "CFBun<…>
2026-09-09 19:39:58.898 Df PeachCommander[25291:1457d] [com.apple.xpc:connection] [0xa58cc1e00] activating connection: mach=false listener=false peer=false name=com.apple.ViewBridgeAuxiliary
2026-09-09 19:39:58.903 Df PeachCommander[25291:1457d] [com.apple.xpc:connection] [0xa58cc1cc0] activating connection: mach=false listener=false peer=false name=(anonymous)
2026-09-09 19:39:58.903 Df PeachCommander[25291:1457d] [com.apple.xpc:connection] [0xa58cc1f40] activating connection: mach=false listener=true peer=false name=(anonymous)
2026-09-09 19:39:58.903 Df PeachCommander[25291:1457d] [com.apple.xpc:connection] [0xa58cc1f40] Connection returned listener port: 0xb503
2026-09-09 19:39:58.903 Df PeachCommander[25291:1457d] [com.apple.xpc:connection] [0xa58cc1e00] invalidated after the last release of the connection object
2026-09-09 19:39:58.905 I  PeachCommander[25291:1457d] [com.apple.showhide:pr-59900543] SHOWHIDE: SHOW id=564 0x0-0x153153, err=0 eventTime=1702528879625 windowID=0
2026-09-09 19:39:58.905 I  PeachCommander[25291:1457d] [com.apple.CarbonCore:coreservicesdaemon] findOrCreateCacheable():findOrCreateCacheable(), factoryName=3 cacheableName=<private> fCacheables.size()=0
2026-09-09 19:39:58.905 I  PeachCommander[25291:1457d] [com.apple.CarbonCore:coreservicesdaemon] findOrCreateCacheable():findOrCreateCacheable(), result = 0xa58f121c0 (should be non-NULL)
2026-09-09 19:39:58.905 Df PeachCommander[25291:1457d] [com.apple.AppKit:AutomaticTermination] void _NSDisableAutomaticTerminationAndLog(NSString *) Restoring windows
2026-09-09 19:39:58.905 Df PeachCommander[25291:1457d] [com.apple.AppKit:StateRestoration] -[NSApplication _reopenWindowsAsNecessaryIncludingRestorableState:withFullFidelity:completionHandler:] shouldRestoreState=1 hasPersistentStateToRestore=0 shouldStillRestoreStateAfterPrompting=0
2026-09-09 19:39:58.905 Df PeachCommander[25291:1457d] [com.apple.xpc:connection] [0xa58cc1e00] activating connection: mach=true listener=false peer=false name=com.apple.window_proxies
2026-09-09 19:39:58.905 Df PeachCommander[25291:1457d] [com.apple.xpc:connection] [0xa58cc1e00] invalidated because the current process cancelled the connection by calling xpc_connection_cancel()
2026-09-09 19:39:58.905 I  PeachCommander[25291:1457d] [com.apple.SkyLight:processes] 0[outside of RPC]: SLSSetFrontProcessWithInfo(0x0-0x2 window=0 options=0x1
2026-09-09 19:39:58.906 I  PeachCommander[25291:1457d] [com.apple.CoreAnalytics:client] Dropping "com.apple.appkit.app_config" as it isn't used in any transform (not in the config or budgeted?)
2026-09-09 19:39:58.906 Df PeachCommander[25291:1457d] [com.apple.AppKit:AutomaticTermination] void _NSEnableAutomaticTerminationAndLog(NSString *) Restoring windows
2026-09-09 19:39:58.908 I  PeachCommander[25291:1457d] [com.apple.CoreAnalytics:client] Dropping "com.apple.appkit.app_config" as it isn't used in any transform (not in the config or budgeted?)
2026-09-09 19:39:58.908 I  PeachCommander[25291:1457d] [com.apple.CoreAnalytics:client] Dropping "com.apple.appkit.app_config" as it isn't used in any transform (not in the config or budgeted?)
2026-09-09 19:39:58.918 A  PeachCommander[25291:1457d] (CoreFoundation) Loading Preferences From User CFPrefsD
2026-09-09 19:39:58.925 I  PeachCommander[25291:1457d] [com.peachcommander:PCFoundation] VolumeManager initialized
2026-09-09 19:39:58.943 Df PeachCommander[25291:1457d] [com.apple.BoardServices:XPCErrors] [C:1] Alloc <private>
2026-09-09 19:39:58.943 Df PeachCommander[25291:1457d] [com.apple.xpc:connection] [0xa58fe9180] activating connection: mach=false listener=false peer=false name=(anonymous)
2026-09-09 19:39:58.945 I  PeachCommander[25291:1457d] [com.apple.AppKit:Window] context (0 -> 971c3b1) for window 554
2026-09-09 19:39:58.945 Df PeachCommander[25291:14582] [com.apple.corespotlight:index] (<private>) deleteSearchableItemsWithDomainIdentifiers, protectionClass:(null), domainIdentifiers number:1
2026-09-09 19:39:58.945 A  PeachCommander[25291:14582] (CoreSpotlight) delete-domains
2026-09-09 19:39:58.945 Df PeachCommander[25291:14582] [com.apple.corespotlight:index] CSInlineDonation:<private>: Skipping donation (feature flag disabled)
2026-09-09 19:39:58.945 Df PeachCommander[25291:14582] (CoreSpotlight) sConnectionName: com.apple.spotlight.IndexAgent
2026-09-09 19:39:58.945 Df PeachCommander[25291:14582] (CoreSpotlight) Start service name com.apple.spotlight.IndexAgent
2026-09-09 19:39:58.945 Df PeachCommander[25291:14582] [com.apple.xpc:connection] [0xa58fe9400] activating connection: mach=true listener=false peer=false name=com.apple.spotlight.IndexAgent
2026-09-09 19:39:58.945 I  PeachCommander[25291:1457d] [com.peachcommander:PCFoundation] MainWindowController initialized (config: <private>)
2026-09-09 19:39:58.946 I  PeachCommander[25291:1457d] [com.peachcommander:PCFoundation] SelectionState initialized
2026-09-09 19:39:58.946 I  PeachCommander[25291:1457d] [com.peachcommander:PCFoundation] DirectoryModel initialized
2026-09-09 19:39:58.946 I  PeachCommander[25291:1457d] [com.peachcommander:PCFoundation] VolumeManager initialized
2026-09-09 19:39:58.946 I  PeachCommander[25291:1457d] [com.peachcommander:PCFoundation] PanelController initialized for <private> panel
2026-09-09 19:39:58.946 I  PeachCommander[25291:1457d] [com.peachcommander:PCFoundation] SelectionState initialized
2026-09-09 19:39:58.946 I  PeachCommander[25291:1457d] [com.peachcommander:PCFoundation] DirectoryModel initialized
2026-09-09 19:39:58.946 I  PeachCommander[25291:1457d] [com.peachcommander:PCFoundation] VolumeManager initialized
2026-09-09 19:39:58.946 I  PeachCommander[25291:1457d] [com.peachcommander:PCFoundation] PanelController initialized for <private> panel
2026-09-09 19:39:58.949 I  PeachCommander[25291:1457d] [com.apple.AppKit:Animation] Running new animation: <private>
2026-09-09 19:39:58.949 I  PeachCommander[25291:1457d] [com.apple.AppKit:Animation] Running new animation: <private>
2026-09-09 19:39:58.950 I  PeachCommander[25291:1457d] [com.apple.AppKit:Animation] Running new animation: <private>
2026-09-09 19:39:58.950 I  PeachCommander[25291:1457d] [com.apple.AppKit:Animation] Running new animation: <private>
2026-09-09 19:39:58.950 I  PeachCommander[25291:1457d] [com.apple.AppKit:Animation] Running new animation: <private>
2026-09-09 19:39:58.951 I  PeachCommander[25291:1457d] [com.apple.AppKit:Animation] Running new animation: <private>
2026-09-09 19:39:58.951 I  PeachCommander[25291:1457d] [com.apple.AppKit:Animation] Running new animation: <private>
2026-09-09 19:39:58.951 I  PeachCommander[25291:1457d] [com.apple.AppKit:Animation] Running new animation: <private>
2026-09-09 19:39:58.951 I  PeachCommander[25291:1457d] [com.apple.AppKit:Animation] Running new animation: <private>
2026-09-09 19:39:58.951 I  PeachCommander[25291:1457d] [com.apple.AppKit:Animation] Running new animation: <private>
2026-09-09 19:39:58.953 A  PeachCommander[25291:14582] (RunningBoardServices) didChangeInheritances
2026-09-09 19:39:58.958 I  PeachCommander[25291:1457d] [com.apple.CoreAnalytics:client] Dropping "com.apple.appkit.app_config" as it isn't used in any transform (not in the config or budgeted?)
2026-09-09 19:39:58.960 I  PeachCommander[25291:1457d] [com.apple.CoreAnalytics:client] Dropping "com.apple.appkit.app_config" as it isn't used in any transform (not in the config or budgeted?)
2026-09-09 19:39:58.963 I  PeachCommander[25291:1457d] [com.apple.launchservices:datasep] application record search init. Node: <FSNode 0xa5966eba0> { isDir = ?, path = <private> } bundleID: (null) itemID: 0
2026-09-09 19:39:58.964 I  PeachCommander[25291:1457d] [com.apple.GenerativeModels:availability] Current availability state: unavailable, use cases: com.apple.Settings.AppleIntelligence,com.apple.Siri.NLRouter, language: en, api: <private>
2026-09-09 19:39:58.964 Df PeachCommander[25291:1457d] [com.apple.GenerativeModels:availability] isOkayToHaveAsset: False
2026-09-09 19:39:58.964 E  PeachCommander[25291:1457d] [com.apple.siri:Utility] AFIsDeviceGreymatterEligible Missing entitlements for os_eligibility lookup
2026-09-09 19:39:58.964 I  PeachCommander[25291:1457d] [com.apple.GenerativeModels:availability] Current availability state: unavailable, use cases: com.apple.Settings.AppleIntelligence, language: en, api: <private>
2026-09-09 19:39:58.964 Df PeachCommander[25291:1457d] [com.apple.GenerativeModels:availability] isOkayToHaveAsset: False
2026-09-09 19:39:58.964 Df PeachCommander[25291:1457d] [com.apple.siri:Utility] -[AFSystemAssistantExperienceStatusManager fetchGenerativeModelsAvailability] #SAEStatus #cacheUpdate Updating cache:
deviceSupportsSAE: 0 (0)
       saeEnabled: 0 (0)
     saeAvailable: 0 (0)
      swaiEnabled: 0 (0)
        viEnabled: 0 (0)
        siriAvailability:
        <private>
        ((null))
2026-09-09 19:39:58.965 Df PeachCommander[25291:1457d] [com.apple.xpc:connection] [0xa58614140] activating connection: mach=true listener=false peer=false name=com.apple.iconservices
2026-09-09 19:39:58.965 Df PeachCommander[25291:1457d] [com.apple.xpc:connection] [0xa58614280] activating connection: mach=true listener=false peer=false name=com.apple.iconservices.store
2026-09-09 19:39:58.969 I  PeachCommander[25291:1457d] [com.peachcommander:Theme] no user themes in /Users/admin/pc-cfg/themes
2026-09-09 19:39:58.969 Df PeachCommander[25291:1457d] [com.apple.AppKit:Appearance] Invalidate NSApp effectiveAppearance
2026-09-09 19:39:58.970 Df PeachCommander[25291:1457d] [com.apple.AppKit:Appearance] NSApp cache appearance:
-NSRequiresAquaSystemAppearance: 0
-appearance: (null)
-effectiveAppearance: <NSCompositeAppearance: 0xa59034780
 (
    "<NSAquaAppearance: 0xa590345a0>",
    "<NSSystemAppearance: 0xa590346e0>"
)>
2026-09-09 19:39:58.970 A  PeachCommander[25291:14583] (libsystem_info.dylib) Retrieve Group by ID
2026-09-09 19:39:58.970 I  PeachCommander[25291:1457d] [com.peachcommander:PCFoundation] Theme applied: id=system, appearance=system, dark=false, background=#FFFFFF
2026-09-09 19:39:58.996 I  PeachCommander[25291:1457d] [com.apple.iconservices:foundation] layer data size zero
2026-09-09 19:39:58.996 I  PeachCommander[25291:1457d] [com.apple.CoreAnalytics:client] Dropping "com.apple.appkit.app_config" as it isn't used in any transform (not in the config or budgeted?)
2026-09-09 19:39:59.000 I  PeachCommander[25291:1457d] [com.peachcommander:PCFoundation] Keymap loaded: scheme=<private>, 82 effective bindings
2026-09-09 19:39:59.001 I  PeachCommander[25291:1457d] [com.apple.AppKit:Animation] Running new animation: <private>
2026-09-09 19:39:59.001 I  PeachCommander[25291:1457d] [com.apple.AppKit:Animation] Running new animation: <private>
2026-09-09 19:39:59.001 I  PeachCommander[25291:1457d] [com.apple.AppKit:Animation] Running new animation: <private>
2026-09-09 19:39:59.001 I  PeachCommander[25291:1457d] [com.apple.AppKit:Animation] Running new animation: <private>
2026-09-09 19:39:59.001 I  PeachCommander[25291:1457d] [com.apple.AppKit:Animation] Running new animation: <private>
2026-09-09 19:39:59.001 I  PeachCommander[25291:1457d] [com.apple.AppKit:Animation] Running new animation: <private>
2026-09-09 19:39:59.001 I  PeachCommander[25291:1457d] [com.apple.AppKit:Animation] Running new animation: <private>
2026-09-09 19:39:59.001 I  PeachCommander[25291:1457d] [com.apple.AppKit:Animation] Running new animation: <private>
2026-09-09 19:39:59.001 I  PeachCommander[25291:1457d] [com.apple.AppKit:Animation] Running new animation: <private>
2026-09-09 19:39:59.001 I  PeachCommander[25291:1457d] [com.apple.AppKit:Animation] Running new animation: <private>
2026-09-09 19:39:59.004 I  PeachCommander[25291:1457d] [com.apple.CoreAnalytics:client] Dropping "<private>" as it isn't used in any transform (not in the config or budgeted?)
2026-09-09 19:39:59.004 I  PeachCommander[25291:1457d] [com.apple.CoreAnalytics:client] Dropping "<private>" as it isn't used in any transform (not in the config or budgeted?)
2026-09-09 19:39:59.005 I  PeachCommander[25291:1457d] [com.apple.CoreAnalytics:client] Dropping "<private>" as it isn't used in any transform (not in the config or budgeted?)
2026-09-09 19:39:59.005 I  PeachCommander[25291:1457d] [com.peachcommander:PCFoundation] MainWindowController window loaded
2026-09-09 19:39:59.005 I  PeachCommander[25291:1457d] [com.apple.launchservices:cas] information in shared memory for 0x0-0x153153 with seed 535 was still valid, so using cached info { "ApplicationType"="Foreground", "BuildMachineOSBuild"="25E246", "BundleIdentifierLowerCase"="com.peachcommander.app", "CFBundleDevelopmentRegion"="en", "CFBundleDocumentTypes"=( { "CFBundleTypeName"="Peach Commander Plugin Package", "CFBundleTypeRole"="Viewer", "LSHandlerRank"="Owner", "LSItemContentTypes"=( "com.peachcommander.plugin-package") }), "CFBundleExecutable"="PeachCommander", "CFBundleExecutablePath"="/Users/admin/pc-test/PeachCommander.app/Contents/MacOS/PeachCommander", "CFBundleExecutablePathDeviceID"=16777229, "CFBundleExecutablePathINode"=487885, "CFBundleHelpBookFolder"="PeachCommander.help", "CFBundleHelpBookName"="Peach Commander Help", "CFBundleIconFile"="AppIcon", "CFBundleIconName"="AppIcon", "CFBundleIdentifier"="com.peachcommander.app", "CFBundleInfoDictionaryVersion"="6.0", "CFBundleName"="PeachCommander", "CFBundleNameLowerCase"="peachcommander", "CFBundleNumericVersion"=402685952, "CFBundlePackageType"="APPL", "CFBundleShortVersionString"="0.9.0", "CFBun<…>
2026-09-09 19:39:59.006 I  PeachCommander[25291:1457d] [com.apple.launchservices:cas] information in shared memory for 0x0-0x153153 with seed 535 was still valid, so using cached info { "ApplicationType"="Foreground", "BuildMachineOSBuild"="25E246", "BundleIdentifierLowerCase"="com.peachcommander.app", "CFBundleDevelopmentRegion"="en", "CFBundleDocumentTypes"=( { "CFBundleTypeName"="Peach Commander Plugin Package", "CFBundleTypeRole"="Viewer", "LSHandlerRank"="Owner", "LSItemContentTypes"=( "com.peachcommander.plugin-package") }), "CFBundleExecutable"="PeachCommander", "CFBundleExecutablePath"="/Users/admin/pc-test/PeachCommander.app/Contents/MacOS/PeachCommander", "CFBundleExecutablePathDeviceID"=16777229, "CFBundleExecutablePathINode"=487885, "CFBundleHelpBookFolder"="PeachCommander.help", "CFBundleHelpBookName"="Peach Commander Help", "CFBundleIconFile"="AppIcon", "CFBundleIconName"="AppIcon", "CFBundleIdentifier"="com.peachcommander.app", "CFBundleInfoDictionaryVersion"="6.0", "CFBundleName"="PeachCommander", "CFBundleNameLowerCase"="peachcommander", "CFBundleNumericVersion"=402685952, "CFBundlePackageType"="APPL", "CFBundleShortVersionString"="0.9.0", "CFBun<…>
2026-09-09 19:39:59.014 I  PeachCommander[25291:1457d] [com.apple.AppKit:Window] order window front conditionally: 554 related: 0
2026-09-09 19:39:59.014 Df PeachCommander[25291:1457d] [com.apple.AppKit:AutomaticTermination] void _NSEnableAutomaticTerminationAndLog(NSString *) No windows open yet
2026-09-09 19:39:59.015 I  PeachCommander[25291:1457d] [com.apple.AppKit:Intelligence] starting collection observation
2026-09-09 19:39:59.015 Df PeachCommander[25291:1458d] [com.apple.UIIntelligenceSupport:xpc] establishing connection to agent
2026-09-09 19:39:59.015 Df PeachCommander[25291:1458d] [com.apple.xpc:session] [0xa5809d130] Session created.
2026-09-09 19:39:59.015 Df PeachCommander[25291:1458d] [com.apple.xpc:session] [0xa5809d130] Session created from connection [0xa58616300]
2026-09-09 19:39:59.015 Df PeachCommander[25291:1458d] [com.apple.xpc:connection] [0xa58616300] activating connection: mach=true listener=false peer=false name=com.apple.uiintelligencesupport.agent
2026-09-09 19:39:59.015 Df PeachCommander[25291:1458d] [com.apple.xpc:session] [0xa5809d130] Session activated
2026-09-09 19:39:59.015 I  PeachCommander[25291:1457d] [com.apple.SkyLight:processes] 0[outside of RPC]: SLSSetFrontProcessWithInfo(0x0-0x2 window=0 options=0x1
2026-09-09 19:39:59.015 Df PeachCommander[25291:14582] [com.apple.UIIntelligenceSupport:xpc] Connection established with agent PID: 1128
2026-09-09 19:39:59.016 I  PeachCommander[25291:1457d] [com.apple.launchservices:cas] information in shared memory for 0x0-0x153153 with seed 535 was still valid, so using cached info { "ApplicationType"="Foreground", "BuildMachineOSBuild"="25E246", "BundleIdentifierLowerCase"="com.peachcommander.app", "CFBundleDevelopmentRegion"="en", "CFBundleDocumentTypes"=( { "CFBundleTypeName"="Peach Commander Plugin Package", "CFBundleTypeRole"="Viewer", "LSHandlerRank"="Owner", "LSItemContentTypes"=( "com.peachcommander.plugin-package") }), "CFBundleExecutable"="PeachCommander", "CFBundleExecutablePath"="/Users/admin/pc-test/PeachCommander.app/Contents/MacOS/PeachCommander", "CFBundleExecutablePathDeviceID"=16777229, "CFBundleExecutablePathINode"=487885, "CFBundleHelpBookFolder"="PeachCommander.help", "CFBundleHelpBookName"="Peach Commander Help", "CFBundleIconFile"="AppIcon", "CFBundleIconName"="AppIcon", "CFBundleIdentifier"="com.peachcommander.app", "CFBundleInfoDictionaryVersion"="6.0", "CFBundleName"="PeachCommander", "CFBundleNameLowerCase"="peachcommander", "CFBundleNumericVersion"=402685952, "CFBundlePackageType"="APPL", "CFBundleShortVersionString"="0.9.0", "CFBun<…>
2026-09-09 19:39:59.016 Df PeachCommander[25291:1457d] [com.apple.xpc:connection] [0xa58616440] activating connection: mach=true listener=false peer=false name=com.apple.FileCoordination
2026-09-09 19:39:59.016 Df PeachCommander[25291:14582] [com.apple.foundation.filecoordination:presenter] Adding presenter E1E169BD-AC3C-49B0-8785-7E1DDAD8EE6D for URL: <private>
2026-09-09 19:39:59.016 I  PeachCommander[25291:1457d] [com.apple.launchservices:cas] information in shared memory for 0x0-0x153153 with seed 535 was still valid, so using cached info { "ApplicationType"="Foreground", "BuildMachineOSBuild"="25E246", "BundleIdentifierLowerCase"="com.peachcommander.app", "CFBundleDevelopmentRegion"="en", "CFBundleDocumentTypes"=( { "CFBundleTypeName"="Peach Commander Plugin Package", "CFBundleTypeRole"="Viewer", "LSHandlerRank"="Owner", "LSItemContentTypes"=( "com.peachcommander.plugin-package") }), "CFBundleExecutable"="PeachCommander", "CFBundleExecutablePath"="/Users/admin/pc-test/PeachCommander.app/Contents/MacOS/PeachCommander", "CFBundleExecutablePathDeviceID"=16777229, "CFBundleExecutablePathINode"=487885, "CFBundleHelpBookFolder"="PeachCommander.help", "CFBundleHelpBookName"="Peach Commander Help", "CFBundleIconFile"="AppIcon", "CFBundleIconName"="AppIcon", "CFBundleIdentifier"="com.peachcommander.app", "CFBundleInfoDictionaryVersion"="6.0", "CFBundleName"="PeachCommander", "CFBundleNameLowerCase"="peachcommander", "CFBundleNumericVersion"=402685952, "CFBundlePackageType"="APPL", "CFBundleShortVersionString"="0.9.0", "CFBun<…>
2026-09-09 19:39:59.019 I  PeachCommander[25291:1457d] [com.apple.AppKit:Window] order all windows front 1702528879625
2026-09-09 19:39:59.019 I  PeachCommander[25291:1457d] [com.apple.launchservices:cas] information in shared memory for 0x0-0x153153 with seed 535 was still valid, so using cached info { "ApplicationType"="Foreground", "BuildMachineOSBuild"="25E246", "BundleIdentifierLowerCase"="com.peachcommander.app", "CFBundleDevelopmentRegion"="en", "CFBundleDocumentTypes"=( { "CFBundleTypeName"="Peach Commander Plugin Package", "CFBundleTypeRole"="Viewer", "LSHandlerRank"="Owner", "LSItemContentTypes"=( "com.peachcommander.plugin-package") }), "CFBundleExecutable"="PeachCommander", "CFBundleExecutablePath"="/Users/admin/pc-test/PeachCommander.app/Contents/MacOS/PeachCommander", "CFBundleExecutablePathDeviceID"=16777229, "CFBundleExecutablePathINode"=487885, "CFBundleHelpBookFolder"="PeachCommander.help", "CFBundleHelpBookName"="Peach Commander Help", "CFBundleIconFile"="AppIcon", "CFBundleIconName"="AppIcon", "CFBundleIdentifier"="com.peachcommander.app", "CFBundleInfoDictionaryVersion"="6.0", "CFBundleName"="PeachCommander", "CFBundleNameLowerCase"="peachcommander", "CFBundleNumericVersion"=402685952, "CFBundlePackageType"="APPL", "CFBundleShortVersionString"="0.9.0", "CFBun<…>
2026-09-09 19:39:59.019 I  PeachCommander[25291:1457d] [com.apple.showhide:pr-59900543] SHOWHIDE: CONFIRM, id=564, err=0
2026-09-09 19:39:59.019 I  PeachCommander[25291:1457d] [com.apple.AppKit:Window] context (0 -> fccc9715) for window 553
2026-09-09 19:39:59.019 I  PeachCommander[25291:1457d] [com.apple.AppKit:Window] context (0 -> bb0b978c) for window 552
2026-09-09 19:39:59.019 I  PeachCommander[25291:1457d] [com.apple.AppKit:Window] context (0 -> 342a8a28) for window 551
2026-09-09 19:39:59.019 I  PeachCommander[25291:1457d] [com.apple.AppKit:Window] context (0 -> d2dbf43d) for window 550
2026-09-09 19:39:59.047 Df PeachCommander[25291:1457d] [com.apple.AppKit:AutomaticTermination] void _updateToReflectAutomaticTerminationState(void) Setting _kLSApplicationWouldBeTerminatedByTALKey=0
2026-09-09 19:39:59.048 I  PeachCommander[25291:1457d] [com.apple.runningboard:assertion] Acquiring assertion: <RBSAssertionDescriptor| "AppNap adapter assertion" ID:(null) target:25291>
2026-09-09 19:39:59.082 A  PeachCommander[25291:14587] (RunningBoardServices) didChangeInheritances
2026-09-09 19:39:59.126 Df PeachCommander[25291:1457d] [com.apple.libsystem.libdispatch:] DEPRECATED USE in libdispatch client: dispatch source activated with no event handler set; set a breakpoint on _dispatch_bug_deprecated to debug
2026-09-09 19:39:59.229 I  PeachCommander[25291:1457d] [com.apple.coreanimation:Utilities] IOSurface Compression Enabled: NO
2026-09-09 19:39:59.230 Df PeachCommander[25291:14587] [com.apple.coreanimation:Metal] Precompiled pipelines disabled on unsupported hardware.
2026-09-09 19:39:59.242 I  PeachCommander[25291:1457d] [com.apple.CarbonCore:gestalt] SetGestaltValuesBulk SetGestaltValuesBulk( count=22 tuples=0x18794a650
2026-09-09 19:39:59.242 I  PeachCommander[25291:1457d] [com.apple.CarbonCore:gestalt] SetGestaltValue SetGestaltValue(alis 1C9) => 0
2026-09-09 19:39:59.242 I  PeachCommander[25291:1457d] [com.apple.CarbonCore:gestalt] SetGestaltValue SetGestaltValue(os   FE) => 0
2026-09-09 19:39:59.242 I  PeachCommander[25291:1457d] [com.apple.CarbonCore:gestalt] SetGestaltValue SetGestaltValue(addr 7) => 0
2026-09-09 19:39:59.242 I  PeachCommander[25291:1457d] [com.apple.CarbonCore:gestalt] SetGestaltValue SetGestaltValue(fs   3D332) => 0
2026-09-09 19:39:59.242 I  PeachCommander[25291:1457d] [com.apple.CarbonCore:gestalt] SetGestaltValue SetGestaltValue(fold 11) => 0
2026-09-09 19:39:59.242 I  PeachCommander[25291:1457d] [com.apple.CarbonCore:gestalt] SetGestaltValue SetGestaltValue(lram 7FFFF000) => 0
2026-09-09 19:39:59.242 I  PeachCommander[25291:1457d] [com.apple.CarbonCore:gestalt] SetGestaltValue SetGestaltValue(mmap 1) => 0
2026-09-09 19:39:59.242 I  PeachCommander[25291:1457d] [com.apple.CarbonCore:gestalt] SetGestaltValue SetGestaltValue(cfrg 1) => 0
2026-09-09 19:39:59.242 I  PeachCommander[25291:1457d] [com.apple.CarbonCore:gestalt] SetGestaltValue SetGestaltValue(thds 7) => 0
2026-09-09 19:39:59.242 I  PeachCommander[25291:1457d] [com.apple.CarbonCore:gestalt] SetGestaltValue SetGestaltValue(tmgr E) => 0
2026-09-09 19:39:59.242 I  PeachCommander[25291:1457d] [com.apple.CarbonCore:gestalt] SetGestaltValue SetGestaltValue(vers 7) => 0
2026-09-09 19:39:59.242 I  PeachCommander[25291:1457d] [com.apple.CarbonCore:gestalt] SetGestaltValue SetGestaltValue(cbon 160) => 0
2026-09-09 19:39:59.242 I  PeachCommander[25291:1457d] [com.apple.CarbonCore:gestalt] SetGestaltValue SetGestaltValue(cltn 1108000) => 0
2026-09-09 19:39:59.242 I  PeachCommander[25291:1457d] [com.apple.CarbonCore:gestalt] SetGestaltValue SetGestaltValue(cpnt 8) => 0
2026-09-09 19:39:59.242 I  PeachCommander[25291:1457d] [com.apple.CarbonCore:gestalt] SetGestaltValue SetGestaltValue(rsrc 3) => 0
2026-09-09 19:39:59.242 I  PeachCommander[25291:1457d] [com.apple.CarbonCore:gestalt] SetGestaltValue SetGestaltValue(rmbg 11F) => 0
2026-09-09 19:39:59.242 I  PeachCommander[25291:1457d] [com.apple.CarbonCore:gestalt] SetGestaltValue SetGestaltValue(vm   11) => 0
2026-09-09 19:39:59.242 I  PeachCommander[25291:1457d] [com.apple.CarbonCore:gestalt] SetGestaltValue SetGestaltValue(srad 4170706C) => 0
2026-09-09 19:39:59.242 I  PeachCommander[25291:1457d] [com.apple.CarbonCore:gestalt] SetGestaltValue SetGestaltValue(sysa 14) => 0
2026-09-09 19:39:59.242 I  PeachCommander[25291:1457d] [com.apple.CarbonCore:gestalt] SetGestaltValue SetGestaltValue(copl 9) => 0
2026-09-09 19:39:59.242 I  PeachCommander[25291:1457d] [com.apple.CarbonCore:gestalt] SetGestaltValue SetGestaltValue(xlat 0) => 0
2026-09-09 19:39:59.242 I  PeachCommander[25291:1457d] [com.apple.CarbonCore:gestalt] SetGestaltValue SetGestaltValue(stdf 0) => 0
2026-09-09 19:39:59.242 I  PeachCommander[25291:1457d] [com.apple.CarbonCore:gestalt] _NewGestalt _NewGestalt(ram  0x1878c3644) => 0
2026-09-09 19:39:59.242 I  PeachCommander[25291:1457d] [com.apple.CarbonCore:gestalt] _NewGestalt _NewGestalt(ramm 0x1878c3644) => 0
2026-09-09 19:39:59.242 I  PeachCommander[25291:1457d] [com.apple.CarbonCore:gestalt] _NewGestalt _NewGestalt(cput 0x1878c3734) => 0
2026-09-09 19:39:59.242 I  PeachCommander[25291:1457d] [com.apple.CarbonCore:gestalt] _NewGestalt _NewGestalt(cpuf 0x1878c3764) => 0
2026-09-09 19:39:59.242 I  PeachCommander[25291:1457d] [com.apple.CarbonCore:gestalt] _NewGestalt _NewGestalt(bclk 0x1878c3794) => 0
2026-09-09 19:39:59.242 I  PeachCommander[25291:1457d] [com.apple.CarbonCore:gestalt] _NewGestalt _NewGestalt(bclm 0x1878c3794) => 0
2026-09-09 19:39:59.242 I  PeachCommander[25291:1457d] [com.apple.CarbonCore:gestalt] _NewGestalt _NewGestalt(pclk 0x1878c3834) => 0
2026-09-09 19:39:59.242 I  PeachCommander[25291:1457d] [com.apple.CarbonCore:gestalt] _NewGestalt _NewGestalt(mclk 0x1878c3834) => 0
2026-09-09 19:39:59.242 I  PeachCommander[25291:1457d] [com.apple.CarbonCore:gestalt] _NewGestalt _NewGestalt(a/ux 0x1878c394c) => 0
2026-09-09 19:39:59.242 I  PeachCommander[25291:1457d] [com.apple.CarbonCore:gestalt] _NewGestalt _NewGestalt(pgsz 0x1878c3954) => 0
2026-09-09 19:39:59.242 I  PeachCommander[25291:1457d] [com.apple.CarbonCore:gestalt] _NewGestalt _NewGestalt(csiz 0x1878c3994) => 0
2026-09-09 19:39:59.242 I  PeachCommander[25291:1457d] [com.apple.CarbonCore:gestalt] _NewGestalt _NewGestalt(sysv 0x18786edfc) => 0
2026-09-09 19:39:59.242 I  PeachCommander[25291:1457d] [com.apple.CarbonCore:gestalt] _NewGestalt _NewGestalt(sys1 0x18786edfc) => 0
2026-09-09 19:39:59.242 I  PeachCommander[25291:1457d] [com.apple.CarbonCore:gestalt] _NewGestalt _NewGestalt(sys2 0x18786edfc) => 0
2026-09-09 19:39:59.242 I  PeachCommander[25291:1457d] [com.apple.CarbonCore:gestalt] _NewGestalt _NewGestalt(sys3 0x18786edfc) => 0
2026-09-09 19:39:59.242 I  PeachCommander[25291:1457d] [com.apple.CarbonCore:gestalt] _NewGestalt _NewGestalt(cdfl 0x1878c39d4) => 0
2026-09-09 19:39:59.242 I  PeachCommander[25291:1457d] [com.apple.CarbonCore:gestalt] _NewGestalt _NewGestalt(cdrm 0x1878c3c30) => 0
2026-09-09 19:39:59.242 I  PeachCommander[25291:1457d] [com.apple.CarbonCore:gestalt] _NewGestalt _NewGestalt(cpus 0x1878c3c78) => 0
2026-09-09 19:39:59.242 I  PeachCommander[25291:1457d] [com.apple.CarbonCore:gestalt] SetGestaltValue SetGestaltValue(swex 1) => 0
2026-09-09 19:39:59.242 Df PeachCommander[25291:1457d] [com.apple.xpc:connection] [0xa58617c00] activating connection: mach=false listener=false peer=false name=com.apple.hiservices-xpcservice
2026-09-09 19:39:59.243 I  PeachCommander[25291:1457d] [com.apple.CFPasteboard:entry] CopyData('ApplePerContextInputPasteboard' (<CFUUID 0xa59c60620> 2ECF60B2-10CD-456C-99E0-E8AA2A4966DA) gen: -1 item: 1264739405 flavor: 'ApplePerContextInputFlavor')
2026-09-09 19:39:59.243 I  PeachCommander[25291:1457d] [com.apple.CFPasteboard:cache] Rebuilding cache for 'ApplePerContextInputPasteboard' (<CFUUID 0xa59c60620> 2ECF60B2-10CD-456C-99E0-E8AA2A4966DA)
2026-09-09 19:39:59.243 I  PeachCommander[25291:1457d] [com.apple.CFPasteboard:general] Will request data from daemon
2026-09-09 19:39:59.243 I  PeachCommander[25291:1457d] [com.apple.CFPasteboard:exit] (not-in-cache) - result: 0 generation: 1 data (182 bytes) flags: 0
2026-09-09 19:39:59.243 I  PeachCommander[25291:1457d] [com.apple.CFPasteboard:entry] CopyData('DefaultAsciiKeyboardLayoutPasteboard' (<CFUUID 0xa591d4720> 6DFD73E5-D105-448C-BB1B-2FD89C950B4F) gen: -1 item: 1264739405 flavor: 'DefaultAsciiKeyboardLayoutFlavor')
2026-09-09 19:39:59.243 I  PeachCommander[25291:1457d] [com.apple.CFPasteboard:exit] (not-in-cache) - result: -8 generation: 0 null data flags: 0
2026-09-09 19:39:59.245 I  PeachCommander[25291:1457d] [com.apple.AppKit:Window] context (0 -> aa77a6b8) for window 555
2026-09-09 19:39:59.245 Df PeachCommander[25291:1457d] [com.apple.inputmethodkitClient:Client] +[IMKClient subclass]: chose IMKClient_Modern
2026-09-09 19:39:59.245 Df PeachCommander[25291:1457d] [com.apple.BoardServices:XPCErrors] [C:2] Alloc com.apple.backboard.hid-services.xpc
2026-09-09 19:39:59.245 Df PeachCommander[25291:1457d] [com.apple.xpc:connection] [0xa58617d40] activating connection: mach=false listener=false peer=false name=(anonymous)
2026-09-09 19:39:59.246 E  PeachCommander[25291:14587] [com.apple.BaseBoard:Common] Unable to obtain a task name port right for pid 167: (os/kern) failure (0x5)
2026-09-09 19:39:59.246 Df PeachCommander[25291:14587] [com.apple.xpc:connection] [0xa58616a80] activating connection: mach=false listener=false peer=false name=com.apple.TextInputUI.xpc.CursorUIViewService
2026-09-09 19:39:59.246 Df PeachCommander[25291:1458f] [com.apple.xpc:connection] [0xa58616a80] invalidated after the last release of the connection object
2026-09-09 19:39:59.246 I  PeachCommander[25291:1457d] [com.apple.CFPasteboard:entry] CopyData('DefaultAsciiKeyboardLayoutPasteboard' (<CFUUID 0xa591d4720> 6DFD73E5-D105-448C-BB1B-2FD89C950B4F) gen: -1 item: 1264739405 flavor: 'DefaultAsciiKeyboardLayoutFlavor')
2026-09-09 19:39:59.246 I  PeachCommander[25291:1457d] [com.apple.CFPasteboard:exit] (not-in-cache) - result: -8 generation: 0 null data flags: 0
2026-09-09 19:39:59.247 Df PeachCommander[25291:1457d] [com.apple.xpc:connection] [0xa58616940] activating connection: mach=false listener=false peer=false name=(anonymous)
2026-09-09 19:39:59.247 Df PeachCommander[25291:1457d] [com.apple.xpc:connection] [0xa58616a80] activating connection: mach=false listener=false peer=false name=com.apple.ViewBridgeAuxiliary
2026-09-09 19:39:59.247 Df PeachCommander[25291:1457d] [com.apple.xpc:connection] [0xa58616bc0] activating connection: mach=false listener=false peer=false name=(anonymous)
2026-09-09 19:39:59.247 Df PeachCommander[25291:1457d] [com.apple.xpc:connection] [0xa58616a80] invalidated after the last release of the connection object
2026-09-09 19:39:59.264 Df PeachCommander[25291:1457d] [com.apple.TextInputUI:CursorUI] -[TUINSCursorUIController activate:]_block_invoke: Create CursorUIViewService: TUINSRemoteViewController
2026-09-09 19:39:59.265 I  PeachCommander[25291:1457d] [com.apple.AppKit:Window] window <TUINSWindow: 0xa57874280> windowNumber=555 finishing close
2026-09-09 19:39:59.265 I  PeachCommander[25291:1457d] [com.apple.AppKit:Window] order window: 555 op: 0 relative: 0 related: 0
2026-09-09 19:39:59.265 A  PeachCommander[25291:14583] (CoreFoundation) Loading Preferences From System CFPrefsD
2026-09-09 19:39:59.314 I  PeachCommander[25291:1457d] [com.apple.iconservices:foundation] layer data size zero
2026-09-09 19:39:59.315 A  PeachCommander[25291:1457d] (CoreFoundation) Loading Preferences From User CFPrefsD
2026-09-09 19:39:59.315 I  PeachCommander[25291:1457d] [com.apple.CoreAnalytics:client] Dropping "com.apple.ImageIO.readerSelection" as it isn't used in any transform (not in the config or budgeted?)
2026-09-09 19:39:59.348 I  PeachCommander[25291:1457d] [com.apple.CoreAnalytics:client] Dropping "com.apple.appkit.app_config" as it isn't used in any transform (not in the config or budgeted?)
2026-09-09 19:39:59.348 I  PeachCommander[25291:1457d] [com.apple.SafariPlatformSupport:SafariPlatformSupport] -[SFSafariPlatformSupport credentialSelected:] with nil credential
2026-09-09 19:39:59.348 I  PeachCommander[25291:1457d] [com.apple.SafariPlatformSupport:SafariPlatformSupport] -[SFSafariPlatformSupport oneTimeCodeSelected:] with nil code
2026-09-09 19:39:59.448 I  PeachCommander[25291:1461e] [com.apple.AppKit:WindowTab] Indexing 1 items
2026-09-09 19:39:59.448 A  PeachCommander[25291:1461e] (CoreSpotlight) end-index-batch
2026-09-09 19:39:59.448 Df PeachCommander[25291:1461e] [com.apple.corespotlight:index] *warn* MailCS ======%%% _setMailMessageAttributes skip:1
2026-09-09 19:39:59.448 A  PeachCommander[25291:1461e] (CoreSpotlight) index-items
2026-09-09 19:39:59.448 Df PeachCommander[25291:1461e] [com.apple.corespotlight:index] CSInlineDonation:<private>: Skipping donation (feature flag disabled)
2026-09-09 19:39:59.449 Df PeachCommander[25291:1461e] [com.apple.corespotlight:index] CSInlineDonation:<private>: Skipping donation (feature flag disabled)
2026-09-09 19:39:59.555 I  PeachCommander[25291:1457d] [com.apple.HIToolbox:MBDisplays] <private>
2026-09-09 19:39:59.555 I  PeachCommander[25291:1457d] [com.apple.HIToolbox:MBDisplays] <private>
2026-09-09 19:39:59.616 Df PeachCommander[25291:14587] [com.apple.xpc:connection] [0xa586161c0] activating connection: mach=false listener=false peer=false name=com.apple.SafariPlatformSupport.Helper
2026-09-09 19:39:59.675 Df PeachCommander[25291:14587] [com.apple.xpc:connection] [0xa586161c0] invalidated after the last release of the connection object
2026-09-09 19:39:59.680 I  PeachCommander[25291:1457d] [com.apple.launchservices:cas] Removing cached information for app [ 0x0-0x153153]  "PeachCommander", as its seed is different from that in shared memory ( 535 vs 537)
2026-09-09 19:39:59.680 Df PeachCommander[25291:1457d] [com.apple.xpc:connection] [0xa58616a80] activating connection: mach=false listener=false peer=false name=(anonymous)
2026-09-09 19:39:59.681 Df PeachCommander[25291:1457d] [com.apple.xpc:connection] [0xa586161c0] activating connection: mach=false listener=false peer=false name=(anonymous)
2026-09-09 19:39:59.751 Df PeachCommander[25291:1457d] [com.apple.BoardServices:XPCErrors] [C:3] Alloc com.apple.backboard.hid-services.xpc
2026-09-09 19:39:59.751 Df PeachCommander[25291:1457d] [com.apple.xpc:connection] [0xa58616080] activating connection: mach=false listener=false peer=false name=(anonymous)
2026-09-09 19:39:59.751 Df PeachCommander[25291:14587] [com.apple.BackBoard:EventDelivery] BKSHIDEventDeliveryManager - connection activation
2026-09-09 19:39:59.752 I  PeachCommander[25291:1457d] [com.peachcommander:PCFoundation] Session restored
2026-09-09 19:39:59.752 Df PeachCommander[25291:1457d] (Foundation) <private>
2026-09-09 19:39:59.752 I  PeachCommander[25291:1457d] [com.peachcommander:PCFoundation] [automation] running /Users/admin/auto.txt
2026-09-09 19:39:59.752 Df PeachCommander[25291:1457d] (Foundation) <private>
2026-09-09 19:39:59.752 I  PeachCommander[25291:1457d] [com.peachcommander:PCFoundation] [automation] > active left
2026-09-09 19:39:59.752 Df PeachCommander[25291:1457d] (Foundation) <private>
2026-09-09 19:39:59.752 I  PeachCommander[25291:1457d] [com.peachcommander:PCFoundation] [automation] > left /Users/admin/pc-demo
2026-09-09 19:39:59.821 I  PeachCommander[25291:1457d] [com.apple.SafariPlatformSupport:SafariPlatformSupport] -[SPSafariPlatformSupport completionListPreferredContentSizeDidUpdate] with size {0, 0}, in window that is visible
2026-09-09 19:39:59.827 Df PeachCommander[25291:1457d] (Foundation) <private>
2026-09-09 19:39:59.827 I  PeachCommander[25291:1457d] [com.peachcommander:PCFoundation] [automation] > wait 1500
2026-09-09 19:39:59.847 I  PeachCommander[25291:1457d] [com.apple.iconservices:foundation] layer data size zero
2026-09-09 19:39:59.884 I  PeachCommander[25291:1457d] [com.apple.launchservices:datasep] application record search init. Node: <FSNode 0xa5a12c160> { isDir = y, path = <private> } bundleID: (null) itemID: 0
2026-09-09 19:39:59.884 I  PeachCommander[25291:1457d] [com.apple.launchservices:datasep] application record search init. Node: <FSNode 0xa5a12c160> { isDir = y, path = <private> } bundleID: (null) itemID: 0
2026-09-09 19:39:59.884 I  PeachCommander[25291:1457d] [com.apple.SafariPlatformSupport:SafariPlatformSupport] -[SFSafariPlatformSupport credentialSelected:] with nil credential
2026-09-09 19:39:59.884 I  PeachCommander[25291:1457d] [com.apple.SafariPlatformSupport:SafariPlatformSupport] -[SFSafariPlatformSupport oneTimeCodeSelected:] with nil code
2026-09-09 19:39:59.884 I  PeachCommander[25291:1457d] [com.apple.iconservices:foundation] layer data size zero
2026-09-09 19:39:59.885 I  PeachCommander[25291:1457d] [com.apple.iconservices:foundation] layer data size zero
2026-09-09 19:39:59.885 I  PeachCommander[25291:1457d] [com.apple.iconservices:foundation] layer data size zero
2026-09-09 19:39:59.885 I  PeachCommander[25291:1457d] [com.apple.iconservices:foundation] layer data size zero
2026-09-09 19:40:00.107 I  PeachCommander[25291:14583] [com.apple.AppKit:WindowTab] Indexing 1 items
2026-09-09 19:40:00.107 A  PeachCommander[25291:14583] (CoreSpotlight) end-index-batch
2026-09-09 19:40:00.107 A  PeachCommander[25291:14583] (CoreSpotlight) index-items
2026-09-09 19:40:00.107 Df PeachCommander[25291:14583] [com.apple.corespotlight:index] CSInlineDonation:<private>: Skipping donation (feature flag disabled)
2026-09-09 19:40:00.107 Df PeachCommander[25291:14583] [com.apple.corespotlight:index] CSInlineDonation:<private>: Skipping donation (feature flag disabled)
2026-09-09 19:40:01.377 Df PeachCommander[25291:1457d] (Foundation) <private>
2026-09-09 19:40:01.377 I  PeachCommander[25291:1457d] [com.peachcommander:PCFoundation] [automation] > ctxdump table.csv|/Users/admin/ctxmenu.txt
2026-09-09 19:40:01.393 I  PeachCommander[25291:1457d] [com.apple.AppKit:Animation] Running new animation: <private>
2026-09-09 19:40:01.393 I  PeachCommander[25291:1457d] [com.apple.AppKit:Animation] Running new animation: <private>
2026-09-09 19:40:01.393 I  PeachCommander[25291:1457d] [com.apple.AppKit:Animation] Running new animation: <private>
2026-09-09 19:40:01.393 I  PeachCommander[25291:1457d] [com.apple.AppKit:Animation] Running new animation: <private>
2026-09-09 19:40:01.427 I  PeachCommander[25291:1457d] [com.apple.launchservices:datasep] application record search init. Node: <FSNode 0xa5a474680> { isDir = ?, path = <private> } bundleID: (null) itemID: 0
2026-09-09 19:40:01.427 I  PeachCommander[25291:1457d] [com.apple.launchservices:datasep] application record search init. Node: <FSNode 0xa5a474b60> { isDir = ?, path = <private> } bundleID: (null) itemID: 0
2026-09-09 19:40:01.429 Df PeachCommander[25291:1457d] (Foundation) <private>
2026-09-09 19:40:01.429 I  PeachCommander[25291:1457d] [com.peachcommander:PCFoundation] [automation] > wait 800
2026-09-09 19:40:01.466 I  PeachCommander[25291:1457d] [com.apple.iconservices:foundation] layer data size zero
2026-09-09 19:40:01.470 I  PeachCommander[25291:1457d] [com.apple.AppKit:Image] ISImage reported a placeholder, image rep is providing a placeholder image for <private>
2026-09-09 19:40:01.470 I  PeachCommander[25291:1457d] [com.apple.AppKit:Image] ISImage reported a placeholder, image rep is providing a placeholder image for <private>
2026-09-09 19:40:01.471 I  PeachCommander[25291:1457d] [com.apple.AppKit:Image] ISImage reported a placeholder, image rep is providing a placeholder image for <private>
2026-09-09 19:40:01.471 I  PeachCommander[25291:1457d] [com.apple.AppKit:Image] ISImage reported a placeholder, image rep is providing a placeholder image for <private>
2026-09-09 19:40:01.472 I  PeachCommander[25291:1457d] [com.apple.AppKit:Image] ISImage reported a placeholder, image rep is providing a placeholder image for <private>
2026-09-09 19:40:01.472 I  PeachCommander[25291:1457d] [com.apple.AppKit:Image] ISImage reported a placeholder, image rep is providing a placeholder image for <private>
2026-09-09 19:40:01.472 I  PeachCommander[25291:1457d] [com.apple.AppKit:Image] ISImage reported a placeholder, image rep is providing a placeholder image for <private>
2026-09-09 19:40:01.472 I  PeachCommander[25291:1457d] [com.apple.AppKit:Image] ISImage reported a placeholder, image rep is providing a placeholder image for <private>
2026-09-09 19:40:01.472 I  PeachCommander[25291:1457d] [com.apple.AppKit:Image] ISImage reported a placeholder, image rep is providing a placeholder image for <private>
2026-09-09 19:40:01.472 I  PeachCommander[25291:1457d] [com.apple.AppKit:Image] ISImage reported a placeholder, image rep is providing a placeholder image for <private>
2026-09-09 19:40:01.472 I  PeachCommander[25291:1457d] [com.apple.AppKit:Image] ISImage reported a placeholder, image rep is providing a placeholder image for <private>
2026-09-09 19:40:01.472 I  PeachCommander[25291:1457d] [com.apple.AppKit:Image] ISImage reported a placeholder, image rep is providing a placeholder image for <private>
2026-09-09 19:40:01.503 I  PeachCommander[25291:14590] [com.apple.iconservices:foundation] layer data size zero
2026-09-09 19:40:01.529 I  PeachCommander[25291:14587] [com.apple.iconservices:foundation] layer data size zero
2026-09-09 19:40:01.561 I  PeachCommander[25291:14583] [com.apple.iconservices:foundation] layer data size zero
2026-09-09 19:40:01.594 I  PeachCommander[25291:14582] [com.apple.iconservices:foundation] layer data size zero
2026-09-09 19:40:01.626 I  PeachCommander[25291:1461e] [com.apple.iconservices:foundation] layer data size zero
2026-09-09 19:40:01.649 I  PeachCommander[25291:1458d] [com.apple.iconservices:foundation] layer data size zero
2026-09-09 19:40:01.682 I  PeachCommander[25291:1457d] [com.apple.AppKit:Animation] Running new animation: <private>
2026-09-09 19:40:01.682 I  PeachCommander[25291:1457d] [com.apple.AppKit:Animation] Running new animation: <private>
2026-09-09 19:40:01.682 I  PeachCommander[25291:1457d] [com.apple.AppKit:Animation] Running new animation: <private>
2026-09-09 19:40:01.682 I  PeachCommander[25291:1457d] [com.apple.AppKit:Animation] Running new animation: <private>
2026-09-09 19:40:01.682 I  PeachCommander[25291:1457d] [com.apple.AppKit:Animation] Running new animation: <private>
2026-09-09 19:40:02.236 Df PeachCommander[25291:1457d] (Foundation) <private>
2026-09-09 19:40:02.236 I  PeachCommander[25291:1457d] [com.peachcommander:PCFoundation] [automation] done
