Timestamp               Ty Process[PID:TID]
2026-09-14 18:08:13.817 A  PeachCommander[17497:e406] (libsystem_info.dylib) Retrieve User by ID
2026-09-14 18:08:13.818 Df PeachCommander[17497:e406] [com.apple.xpc:connection] [0x104316620] activating connection: mach=true listener=false peer=false name=com.apple.cfprefsd.daemon
2026-09-14 18:08:13.818 Df PeachCommander[17497:e40d] [com.apple.xpc:connection] [0x104316d20] activating connection: mach=true listener=false peer=false name=com.apple.cfprefsd.agent
2026-09-14 18:08:13.819 Df PeachCommander[17497:e406] [com.apple.xpc:connection] [0x10431d360] activating connection: mach=true listener=false peer=false name=com.apple.coreservices.launchservicesd
2026-09-14 18:08:13.819 I  PeachCommander[17497:e406] [com.apple.launchservices:cas] Registering for notification <private> on default queue, to re-boostrap client connection.
2026-09-14 18:08:13.820 Df PeachCommander[17497:e406] [com.apple.xpc:connection] [0xacec48000] activating connection: mach=true listener=false peer=false name=com.apple.pasteboard.1
2026-09-14 18:08:13.820 Df PeachCommander[17497:e406] [com.apple.xpc:connection] [0xacec48140] activating connection: mach=true listener=false peer=false name=com.apple.distributed_notifications@Uv3
2026-09-14 18:08:13.821 Df PeachCommander[17497:e406] [com.apple.AppKit:AutomaticTermination] void _NSDisableAutomaticTerminationAndLog(NSString *) No windows open yet
2026-09-14 18:08:13.821 A  PeachCommander[17497:e406] (TCC) TCCAccessRequest() IPC
2026-09-14 18:08:13.821 Df PeachCommander[17497:e406] [com.apple.xpc:connection] [0xacec48280] activating connection: mach=true listener=false peer=false name=com.apple.tccd.system
2026-09-14 18:08:13.821 I  PeachCommander[17497:e406] [com.apple.TCC:access] SEND: 0/7 synchronous to com.apple.tccd.system: request: msgID=17497.1, function=TCCAccessRequest, service=kTCCServiceListenEvent,
2026-09-14 18:08:13.823 I  PeachCommander[17497:e406] [com.apple.TCC:access] RECV: synchronous reply <dictionary: 0xacf078000> { count = 5, transaction: 0, voucher = 0x0, contents =
	"prompt_type" => <uint64: 0xac955b4b128eb6c7>: 1
	"auth_value" => <uint64: 0xac955b4b128eb6c7>: 1
	"preflight_unknown" => <bool: 0x1f4c0d190>: true
	"auth_version" => <uint64: 0xac955b4b128eb6c7>: 1
	"auth_reason" => <uint64: 0xac955b4b128eb6e7>: 5
}
2026-09-14 18:08:13.823 Df PeachCommander[17497:e406] [com.apple.xpc:connection] [0xacec48280] invalidated after the last release of the connection object
2026-09-14 18:08:13.823 Df PeachCommander[17497:e406] [com.apple.SkyLight:default] server port 0x0000380f, session port 0x0000380f
2026-09-14 18:08:13.826 Df PeachCommander[17497:e406] [com.apple.SkyLight:default] New connection 0x52233 main
2026-09-14 18:08:13.826 I  PeachCommander[17497:e40e] [com.apple.SkyLight:processes] 0[outside of RPC]: First connection id 336435 mapped to ctx = 0xacf07c800
2026-09-14 18:08:13.827 I  PeachCommander[17497:e406] [com.apple.hiservices:processmgr] Checking in with CAS, pid=17497
2026-09-14 18:08:13.827 I  PeachCommander[17497:e406] [com.apple.launchservices:cas] LSApplicationCheckIn(), app being registered is:"/Users/admin/pc-test/PeachCommander.app/Contents/MacOS/PeachCommander"
2026-09-14 18:08:13.827 I  PeachCommander[17497:e406] [com.apple.launchservices:cas]  { "ApplicationType"="Foreground", "BuildMachineOSBuild"="25E246", "CFBundleDevelopmentRegion"="en", "CFBundleDocumentTypes"=( { "CFBundleTypeName"="Peach Commander Plugin Package", "CFBundleTypeRole"="Viewer", "LSHandlerRank"="Owner", "LSItemContentTypes"=( "com.peachcommander.plugin-package") }), "CFBundleExecutable"="PeachCommander", "CFBundleExecutablePath"="/Users/admin/pc-test/PeachCommander.app/Contents/MacOS/PeachCommander", "CFBundleHelpBookFolder"="PeachCommander.help", "CFBundleHelpBookName"="Peach Commander Help", "CFBundleIconFile"="AppIcon", "CFBundleIconName"="AppIcon", "CFBundleIdentifier"="com.peachcommander.app", "CFBundleInfoDictionaryVersion"="6.0", "CFBundleName"="PeachCommander", "CFBundleNumericVersion"=402685952, "CFBundlePackageType"="APPL", "CFBundleShortVersionString"="0.9.0", "CFBundleSignature"="?????", "CFBundleSupportedPlatforms"=( "MacOSX"), "CFBundleVersion"="18", "DTCompiler"="com.apple.compilers.llvm.clang.1_0", "DTPlatformBuild"="25F70", "DTPlatformName"="macosx", "<…>
2026-09-14 18:08:13.827 Df PeachCommander[17497:e406] [com.apple.processmanager:front-35286506] CHECKIN: pid=17497
2026-09-14 18:08:13.829 Df PeachCommander[17497:e406] [com.apple.processmanager:front-35286506] CHECKEDIN: pid=17497 asn=0x0-0xd80d8 foreground=1
2026-09-14 18:08:13.829 I  PeachCommander[17497:e406] [com.apple.launchservices:cas] Setting processControlState to default PROC_SETPC_SUSPEND because application does not have LSProcessControlValue key
2026-09-14 18:08:13.829 Df PeachCommander[17497:e406] [com.apple.xpc:connection] [0xacec48280] activating connection: mach=false listener=true peer=false name=(anonymous)
2026-09-14 18:08:13.829 Df PeachCommander[17497:e406] [com.apple.xpc:connection] [0xacec48280] Connection returned listener port: 0x4103
2026-09-14 18:08:13.829 Df PeachCommander[17497:e40d] [com.apple.xpc:connection] [0xacf124300] activating connection: mach=false listener=false peer=true name=com.apple.xpc.anonymous.0xacec48280.peer[131].0xacf124300
2026-09-14 18:08:13.830 Df PeachCommander[17497:e406] [com.apple.processmanager:front-35286506] FRONTLOGGING: version 1
2026-09-14 18:08:13.830 Df PeachCommander[17497:e406] [com.apple.processmanager:front-35286506] Registered, pid=17497 ASN=0x0,0xd80d8
2026-09-14 18:08:13.830 Df PeachCommander[17497:e406] [com.apple.xpc:connection] [0xacec483c0] activating connection: mach=true listener=false peer=false name=com.apple.analyticsd
2026-09-14 18:08:13.830 I  PeachCommander[17497:e406] [com.apple.CoreAnalytics:client] Daemon status changed from 0 to 1
2026-09-14 18:08:13.830 I  PeachCommander[17497:e40d] [com.apple.CarbonCore:coreservicesdaemon] SCSession():SCSession( id=100, this=0x0x104323660 option=65538) created, forUID=501 mach_port_t=0x4503.
2026-09-14 18:08:13.830 I  PeachCommander[17497:e40d] [com.apple.CarbonCore:coreservicesdaemon] SCSession():SCSession( id=101, this=0x0x104324020 option=65538) created, forUID=501 mach_port_t=0x4403.
2026-09-14 18:08:13.830 I  PeachCommander[17497:e40d] [com.apple.CarbonCore:coreservicesdaemon] connectToCoreServicesD():Instantiating server (coreservicesd based) SCSession, port=0x4503 serverOptions=0x10002.
2026-09-14 18:08:13.830 I  PeachCommander[17497:e406] [com.apple.hiservices:processmgr] _RegisterApplication( pid 17497 => 0x0,0xd80d8) type=foreground
2026-09-14 18:08:13.830 Df PeachCommander[17497:e406] [com.apple.xpc:connection] [0xacec48280] Connection returned listener port: 0x4103
2026-09-14 18:08:13.831 Df PeachCommander[17497:e40d] [com.apple.xpc:connection] [0xacec48500] activating connection: mach=true listener=false peer=false name=com.apple.lsd.mapdb
2026-09-14 18:08:13.831 I  PeachCommander[17497:e406] [com.apple.launchservices:cas] CFArrayRef _LSCopyLaunchModifiers(LSSessionID, LSASNRef _Nonnull), result for psn [ kLSCurrentApp ASN, 0x0,0x2]  is 1 items.
2026-09-14 18:08:13.831 Df PeachCommander[17497:e406] [com.apple.processmanager:front-35286506] BringForward: pid=17497 asn=0x0-0xd80d8 bringForward=1 foreground=1 uiElement=0 launchedByLS=1 modifiersCount=1 allDisabled=1
2026-09-14 18:08:13.831 Df PeachCommander[17497:e406] [com.apple.processmanager:front-35286506] BringFrontModifier: pid=17497 asn=0x0-0xd80d8 Modifier 0 hideAfter=0 hideOthers=0 dontMakeFrontmost=0 mouseDown=0/0 seed=0/0
2026-09-14 18:08:13.831 Df PeachCommander[17497:e406] [com.apple.processmanager:front-35286506] BringForward: pid=17497 asn=0x0-0xd80d8
2026-09-14 18:08:13.831 Df PeachCommander[17497:e406] [com.apple.processmanager:front-35286506] SetFrontProcess: asn=0x0-0xd80d8 options=0
2026-09-14 18:08:13.831 I  PeachCommander[17497:e406] [com.apple.SkyLight:processes] 0[outside of RPC]: SLPSetFrontProcess(0x0-0xd80d8 window=0 options=0x0
2026-09-14 18:08:13.833 Df PeachCommander[17497:e406] [com.apple.AppKit:Appearance] Current system appearance, (HLTB: 1), (SLS: 0)
2026-09-14 18:08:13.834 I  PeachCommander[17497:e40e] [com.apple.launchservices:cas] information in shared memory for 0x0-0xd80d8 with seed 533 was still valid, so using cached info { "ApplicationType"="Foreground", "BuildMachineOSBuild"="25E246", "BundleIdentifierLowerCase"="com.peachcommander.app", "CFBundleDevelopmentRegion"="en", "CFBundleDocumentTypes"=( { "CFBundleTypeName"="Peach Commander Plugin Package", "CFBundleTypeRole"="Viewer", "LSHandlerRank"="Owner", "LSItemContentTypes"=( "com.peachcommander.plugin-package") }), "CFBundleExecutable"="PeachCommander", "CFBundleExecutablePath"="/Users/admin/pc-test/PeachCommander.app/Contents/MacOS/PeachCommander", "CFBundleExecutablePathDeviceID"=16777229, "CFBundleExecutablePathINode"=487524, "CFBundleHelpBookFolder"="PeachCommander.help", "CFBundleHelpBookName"="Peach Commander Help", "CFBundleIconFile"="AppIcon", "CFBundleIconName"="AppIcon", "CFBundleIdentifier"="com.peachcommander.app", "CFBundleInfoDictionaryVersion"="6.0", "CFBundleName"="PeachCommander", "CFBundleNameLowerCase"="peachcommander", "CFBundleNumericVersion"=402685952, "CFBundlePackageType"="APPL", "CFBundleShortVersionString"="0.9.0", "CFBun<…>
2026-09-14 18:08:13.834 Df PeachCommander[17497:e406] (libMobileGestalt.dylib) No persisted cache on this platform.
2026-09-14 18:08:13.834 Df PeachCommander[17497:e406] (libMobileGestalt.dylib) Could not get size of EAN data (IOConnectCallScalarMethod kAppleNVMeEANGetSize returned 0xE00002E2)
2026-09-14 18:08:13.834 Df PeachCommander[17497:e406] (libMobileGestalt.dylib) Failed to copy 'aptk' from EAN
2026-09-14 18:08:13.834 Df PeachCommander[17497:e406] (libMobileGestalt.dylib) Failed to copy APTicket properties. Falling back to default policy.
2026-09-14 18:08:13.834 Df PeachCommander[17497:e406] (libMobileGestalt.dylib) Creating default MGSysConfigPolicy
2026-09-14 18:08:13.835 Df PeachCommander[17497:e406] (libMobileGestalt.dylib) CFDictionaryRef copySyscfgDictionary(void) enumeration of <private> failed.
2026-09-14 18:08:13.835 Df PeachCommander[17497:e406] (libMobileGestalt.dylib) Failed to find key <private>
2026-09-14 18:08:13.835 I  PeachCommander[17497:e40d] [com.apple.launchservices:db] LaunchServices database schema version: 20971544
2026-09-14 18:08:13.835 Df PeachCommander[17497:e406] [com.apple.AppKit:Appearance] Current system appearance, (HLTB: 1), (SLS: 0)
2026-09-14 18:08:13.836 Df PeachCommander[17497:e406] [com.apple.AppKit:Appearance] Post-registration system appearance: (HLTB: 1)
2026-09-14 18:08:13.837 I  PeachCommander[17497:e40d] [com.apple.launchservices:default] Unable to load Info.plist exceptions (eGPUOverrides)
2026-09-14 18:08:13.837 I  PeachCommander[17497:e40d] [com.apple.launchservices:default] Unable to load Info.plist exceptions (gameModeOverrides)
2026-09-14 18:08:13.837 I  PeachCommander[17497:e40d] [com.apple.launchservices:default] Unable to load Info.plist exceptions (identifiedGameOverrides)
2026-09-14 18:08:13.837 I  PeachCommander[17497:e40d] [com.apple.launchservices:default] Unable to load Info.plist exceptions (SystemHiddenPreferred)
2026-09-14 18:08:13.837 Df PeachCommander[17497:e412] [com.apple.CoreAnalytics:client] Received configuration update from daemon (initial)
2026-09-14 18:08:13.838 Df PeachCommander[17497:e406] [com.apple.FrontBoard:Common] FBSWorkspace: endpoint monitoring is disabled.
2026-09-14 18:08:13.838 Df PeachCommander[17497:e406] [com.apple.FrontBoard:Common] FBSWorkspace: default shell endpoint is disabled.
2026-09-14 18:08:13.838 Df PeachCommander[17497:e406] [com.apple.runningboard:connection] Initializing connection
2026-09-14 18:08:13.838 Df PeachCommander[17497:e406] [com.apple.runningboard:process] Removing all cached process handles
2026-09-14 18:08:13.838 Df PeachCommander[17497:e40e] [com.apple.runningboard:connection] Sending handshake request attempt #1 to server
2026-09-14 18:08:13.838 Df PeachCommander[17497:e40e] [com.apple.runningboard:connection] Creating connection to com.apple.runningboard
2026-09-14 18:08:13.838 Df PeachCommander[17497:e40e] [com.apple.xpc:connection] [0xacec48640] activating connection: mach=true listener=false peer=false name=com.apple.runningboard
2026-09-14 18:08:13.839 Df PeachCommander[17497:e406] [com.apple.xpc:connection] [0xacec48280] Connection returned listener port: 0x4103
2026-09-14 18:08:13.839 A  PeachCommander[17497:e413] (RunningBoardServices) didChangeInheritances
2026-09-14 18:08:13.839 I  PeachCommander[17497:e406] [com.apple.launchservices:cas] information in shared memory for 0x0-0xd80d8 with seed 533 was still valid, so using cached info { "ApplicationType"="Foreground", "BuildMachineOSBuild"="25E246", "BundleIdentifierLowerCase"="com.peachcommander.app", "CFBundleDevelopmentRegion"="en", "CFBundleDocumentTypes"=( { "CFBundleTypeName"="Peach Commander Plugin Package", "CFBundleTypeRole"="Viewer", "LSHandlerRank"="Owner", "LSItemContentTypes"=( "com.peachcommander.plugin-package") }), "CFBundleExecutable"="PeachCommander", "CFBundleExecutablePath"="/Users/admin/pc-test/PeachCommander.app/Contents/MacOS/PeachCommander", "CFBundleExecutablePathDeviceID"=16777229, "CFBundleExecutablePathINode"=487524, "CFBundleHelpBookFolder"="PeachCommander.help", "CFBundleHelpBookName"="Peach Commander Help", "CFBundleIconFile"="AppIcon", "CFBundleIconName"="AppIcon", "CFBundleIdentifier"="com.peachcommander.app", "CFBundleInfoDictionaryVersion"="6.0", "CFBundleName"="PeachCommander", "CFBundleNameLowerCase"="peachcommander", "CFBundleNumericVersion"=402685952, "CFBundlePackageType"="APPL", "CFBundleShortVersionString"="0.9.0", "CFBun<…>
2026-09-14 18:08:13.839 Df PeachCommander[17497:e40e] [com.apple.runningboard:connection] Handshake succeeded
2026-09-14 18:08:13.839 Df PeachCommander[17497:e40e] [com.apple.runningboard:connection] Identity resolved as app<application.com.peachcommander.app.486777.487524(501)>
2026-09-14 18:08:13.843 Df PeachCommander[17497:e406] [com.apple.xpc:connection] [0xacec48280] Connection returned listener port: 0x4103
2026-09-14 18:08:13.844 A  PeachCommander[17497:e412] (AppIntents) appintents:register process
2026-09-14 18:08:13.844 Df PeachCommander[17497:e412] [com.apple.appintents:Connection] Created a new Process Instance Registry XPC connection (inactive)
2026-09-14 18:08:13.844 Df PeachCommander[17497:e412] [com.apple.xpc:connection] [0xacec48780] activating connection: mach=true listener=false peer=false name=com.apple.linkd.autoShortcut
2026-09-14 18:08:13.844 Df PeachCommander[17497:e412] [com.apple.appintents:Connection] Activated connection to linkd (ApplicationService)
2026-09-14 18:08:13.844 Df PeachCommander[17497:e412] [com.apple.xpc:connection] [0xacec48a00] activating connection: mach=false listener=true peer=false name=(anonymous)
2026-09-14 18:08:13.844 I  PeachCommander[17497:e406] [com.apple.launchservices:cas] information in shared memory for 0x0-0xd80d8 with seed 533 was still valid, so using cached info { "ApplicationType"="Foreground", "BuildMachineOSBuild"="25E246", "BundleIdentifierLowerCase"="com.peachcommander.app", "CFBundleDevelopmentRegion"="en", "CFBundleDocumentTypes"=( { "CFBundleTypeName"="Peach Commander Plugin Package", "CFBundleTypeRole"="Viewer", "LSHandlerRank"="Owner", "LSItemContentTypes"=( "com.peachcommander.plugin-package") }), "CFBundleExecutable"="PeachCommander", "CFBundleExecutablePath"="/Users/admin/pc-test/PeachCommander.app/Contents/MacOS/PeachCommander", "CFBundleExecutablePathDeviceID"=16777229, "CFBundleExecutablePathINode"=487524, "CFBundleHelpBookFolder"="PeachCommander.help", "CFBundleHelpBookName"="Peach Commander Help", "CFBundleIconFile"="AppIcon", "CFBundleIconName"="AppIcon", "CFBundleIdentifier"="com.peachcommander.app", "CFBundleInfoDictionaryVersion"="6.0", "CFBundleName"="PeachCommander", "CFBundleNameLowerCase"="peachcommander", "CFBundleNumericVersion"=402685952, "CFBundlePackageType"="APPL", "CFBundleShortVersionString"="0.9.0", "CFBun<…>
2026-09-14 18:08:13.844 I  PeachCommander[17497:e406] [com.apple.hiservices:processmgr] TransformProcessType(0x0,0x2 => 1 wasFront=1 pickNew=0)
2026-09-14 18:08:13.845 I  PeachCommander[17497:e406] [com.apple.CoreAnalytics:client] Dropping "com.apple.appkit.app_config" as it isn't used in any transform (not in the config or budgeted?)
2026-09-14 18:08:13.845 I  PeachCommander[17497:e412] [com.apple.appintents:Execution] LNAppConnectionListener instantiated
2026-09-14 18:08:13.845 Df PeachCommander[17497:e412] [com.apple.xpc:connection] [0xacec48a00] Connection returned listener port: 0x6503
2026-09-14 18:08:13.845 Df PeachCommander[17497:e406] [com.apple.dt.xctest:Default] Registering for test daemon availability notify post.
2026-09-14 18:08:13.845 Df PeachCommander[17497:e40e] [com.apple.xpc:connection] [0xacec48780] Re-initialization successful; calling out to event handler with XPC_ERROR_CONNECTION_INTERRUPTED
2026-09-14 18:08:13.845 Df PeachCommander[17497:e406] [com.apple.dt.xctest:Default] notify_get_state check indicated test daemon not ready.
2026-09-14 18:08:13.845 Df PeachCommander[17497:e40e] [com.apple.appintents:Connection] Process Instance Registry XPC connection has been interrupted
2026-09-14 18:08:13.845 Df PeachCommander[17497:e406] [com.apple.dt.xctest:Default] notify_get_state check indicated test daemon not ready.
2026-09-14 18:08:13.845 E  PeachCommander[17497:e412] [com.apple.appintents:Connection] Unable to get synchronousRemoteObjectProxy, error: Error Domain=NSCocoaErrorDomain Code=4097 "connection to service named com.apple.linkd.autoShortcut" UserInfo={NSDebugDescription=connection to service named com.apple.linkd.autoShortcut}
2026-09-14 18:08:13.845 E  PeachCommander[17497:e412] [com.apple.AppKit:Application] Error registering app with intents framework: Error Domain=NSCocoaErrorDomain Code=4097 UserInfo={NSDebugDescription=<private>}
2026-09-14 18:08:13.846 Df PeachCommander[17497:e40e] [com.apple.appintents:Connection] Created a new Process Instance Registry XPC connection (inactive)
2026-09-14 18:08:13.846 A  PeachCommander[17497:e40e] (AppIntents) appintents:register process
2026-09-14 18:08:13.846 Df PeachCommander[17497:e406] [com.apple.dt.xctest:Default] notify_get_state check indicated test daemon not ready.
2026-09-14 18:08:13.846 Df PeachCommander[17497:e40e] [com.apple.appintents:Connection] Created a new Process Instance Registry XPC connection (inactive)
2026-09-14 18:08:13.846 Df PeachCommander[17497:e40e] [com.apple.xpc:connection] [0xacec48c80] activating connection: mach=true listener=false peer=false name=com.apple.linkd.autoShortcut
2026-09-14 18:08:13.846 Df PeachCommander[17497:e40e] [com.apple.appintents:Connection] Activated connection to linkd (ApplicationService)
2026-09-14 18:08:13.846 Df PeachCommander[17497:e40e] [com.apple.xpc:connection] [0xacec48a00] Connection returned listener port: 0x6503
2026-09-14 18:08:13.846 Df PeachCommander[17497:e412] [com.apple.xpc:connection] [0xacec48c80] Re-initialization successful; calling out to event handler with XPC_ERROR_CONNECTION_INTERRUPTED
2026-09-14 18:08:13.846 Df PeachCommander[17497:e412] [com.apple.appintents:Connection] Process Instance Registry XPC connection has been interrupted
2026-09-14 18:08:13.846 Df PeachCommander[17497:e412] [com.apple.appintents:Connection] Created a new Process Instance Registry XPC connection (inactive)
2026-09-14 18:08:13.846 A  PeachCommander[17497:e412] (AppIntents) appintents:register process
2026-09-14 18:08:13.846 Df PeachCommander[17497:e412] [com.apple.appintents:Connection] Created a new Process Instance Registry XPC connection (inactive)
2026-09-14 18:08:13.846 Df PeachCommander[17497:e412] [com.apple.xpc:connection] [0xacec492c0] activating connection: mach=true listener=false peer=false name=com.apple.linkd.autoShortcut
2026-09-14 18:08:13.846 E  PeachCommander[17497:e40e] [com.apple.appintents:Connection] Unable to get synchronousRemoteObjectProxy, error: Error Domain=NSCocoaErrorDomain Code=4097 "connection to service named com.apple.linkd.autoShortcut" UserInfo={NSDebugDescription=connection to service named com.apple.linkd.autoShortcut}
2026-09-14 18:08:13.846 E  PeachCommander[17497:e40e] [com.apple.appintents:Connection] Unable to re-register with Process Instance Registry, error: Error Domain=NSCocoaErrorDomain Code=4097 "connection to service named com.apple.linkd.autoShortcut" UserInfo={NSDebugDescription=connection to service named com.apple.linkd.autoShortcut}
2026-09-14 18:08:13.847 Df PeachCommander[17497:e412] [com.apple.appintents:Connection] Activated connection to linkd (ApplicationService)
2026-09-14 18:08:13.847 Df PeachCommander[17497:e412] [com.apple.xpc:connection] [0xacec48a00] Connection returned listener port: 0x6503
2026-09-14 18:08:13.847 Df PeachCommander[17497:e40e] [com.apple.xpc:connection] [0xacec492c0] Re-initialization successful; calling out to event handler with XPC_ERROR_CONNECTION_INTERRUPTED
2026-09-14 18:08:13.847 Df PeachCommander[17497:e40e] [com.apple.appintents:Connection] Process Instance Registry XPC connection has been interrupted
2026-09-14 18:08:13.847 E  PeachCommander[17497:e412] [com.apple.appintents:Connection] Unable to get synchronousRemoteObjectProxy, error: Error Domain=NSCocoaErrorDomain Code=4097 "connection to service named com.apple.linkd.autoShortcut" UserInfo={NSDebugDescription=connection to service named com.apple.linkd.autoShortcut}
2026-09-14 18:08:13.847 E  PeachCommander[17497:e412] [com.apple.appintents:Connection] Unable to re-register with Process Instance Registry, error: Error Domain=NSCocoaErrorDomain Code=4097 "connection to service named com.apple.linkd.autoShortcut" UserInfo={NSDebugDescription=connection to service named com.apple.linkd.autoShortcut}
2026-09-14 18:08:13.847 Df PeachCommander[17497:e413] [com.apple.appintents:Connection] Created a new Process Instance Registry XPC connection (inactive)
2026-09-14 18:08:13.847 A  PeachCommander[17497:e413] (AppIntents) appintents:register process
2026-09-14 18:08:13.847 Df PeachCommander[17497:e413] [com.apple.appintents:Connection] Created a new Process Instance Registry XPC connection (inactive)
2026-09-14 18:08:13.847 Df PeachCommander[17497:e413] [com.apple.xpc:connection] [0xacec49540] activating connection: mach=true listener=false peer=false name=com.apple.linkd.autoShortcut
2026-09-14 18:08:13.847 Df PeachCommander[17497:e413] [com.apple.appintents:Connection] Activated connection to linkd (ApplicationService)
2026-09-14 18:08:13.847 Df PeachCommander[17497:e413] [com.apple.xpc:connection] [0xacec48a00] Connection returned listener port: 0x6503
2026-09-14 18:08:13.847 Df PeachCommander[17497:e40e] [com.apple.xpc:connection] [0xacec49540] Re-initialization successful; calling out to event handler with XPC_ERROR_CONNECTION_INTERRUPTED
2026-09-14 18:08:13.847 Df PeachCommander[17497:e40e] [com.apple.appintents:Connection] Process Instance Registry XPC connection has been interrupted
2026-09-14 18:08:13.847 E  PeachCommander[17497:e40e] [com.apple.appintents:Connection] Will NOT re-try to establish the connection
2026-09-14 18:08:13.847 E  PeachCommander[17497:e413] [com.apple.appintents:Connection] Unable to get synchronousRemoteObjectProxy, error: Error Domain=NSCocoaErrorDomain Code=4097 "connection to service named com.apple.linkd.autoShortcut" UserInfo={NSDebugDescription=connection to service named com.apple.linkd.autoShortcut}
2026-09-14 18:08:13.847 E  PeachCommander[17497:e413] [com.apple.appintents:Connection] Unable to re-register with Process Instance Registry, error: Error Domain=NSCocoaErrorDomain Code=4097 "connection to service named com.apple.linkd.autoShortcut" UserInfo={NSDebugDescription=connection to service named com.apple.linkd.autoShortcut}
2026-09-14 18:08:13.851 A  PeachCommander[17497:e406] (CoreFoundation) Loading Preferences From System CFPrefsD
2026-09-14 18:08:13.851 Df PeachCommander[17497:e406] (libMobileGestalt.dylib) couldn't load support library
2026-09-14 18:08:13.851 Df PeachCommander[17497:e406] (libMobileGestalt.dylib) called dummy function!
2026-09-14 18:08:13.851 I  PeachCommander[17497:e406] [com.apple.GenerativeModels:availability] Current availability state: unavailable, use cases: com.apple.WritingTools, language: <any>, api: <private>
2026-09-14 18:08:13.851 Df PeachCommander[17497:e406] [com.apple.GenerativeModels:availability] registering darwin observer for name: com.apple.gms.availability.notification
2026-09-14 18:08:13.851 Df PeachCommander[17497:e406] [com.apple.GenerativeModels:availability] registering darwin observer for name: com.apple.os-eligibility-domain.change.greymatter
2026-09-14 18:08:13.851 Df PeachCommander[17497:e406] [com.apple.GenerativeModels:availability] registering darwin observer for name: com.apple.language.changed
2026-09-14 18:08:13.851 Df PeachCommander[17497:e406] [com.apple.WritingTools:Default] isAvailable value changed: isMDMAllowed = true, gmAvailable (current) = false
2026-09-14 18:08:13.855 I  PeachCommander[17497:e406] [com.apple.CoreAnalytics:client] Dropping "com.apple.appkit.app_config" as it isn't used in any transform (not in the config or budgeted?)
2026-09-14 18:08:13.859 Df PeachCommander[17497:e406] [com.apple.AppKit:Appearance] NSApp cache appearance:
-NSRequiresAquaSystemAppearance: 0
-appearance: (null)
-effectiveAppearance: <NSCompositeAppearance: 0xacf080820
 (
    "<NSAquaAppearance: 0xacf080460>",
    "<NSSystemAppearance: 0xacf0806e0>"
)>
2026-09-14 18:08:13.863 A  PeachCommander[17497:e406] (CoreFoundation) Loading Preferences From User CFPrefsD
2026-09-14 18:08:13.864 A  PeachCommander[17497:e406] (CoreFoundation) Loading Preferences From User CFPrefsD
2026-09-14 18:08:13.868 A  PeachCommander[17497:e413] (libsystem_info.dylib) Membership API: translate identifier
2026-09-14 18:08:13.872 I  PeachCommander[17497:e406] [com.apple.CoreAnalytics:client] Dropping "com.apple.appkit.app_config" as it isn't used in any transform (not in the config or budgeted?)
2026-09-14 18:08:13.872 I  PeachCommander[17497:e406] [com.apple.CoreAnalytics:client] Dropping "com.apple.appkit.app_config" as it isn't used in any transform (not in the config or budgeted?)
2026-09-14 18:08:13.875 Df PeachCommander[17497:e413] [com.apple.xpc:connection] [0xacec49a40] activating connection: mach=true listener=false peer=false name=com.apple.dock.fullscreen
2026-09-14 18:08:13.878 Df PeachCommander[17497:e406] [com.apple.xpc:connection] [0xacec49b80] activating connection: mach=true listener=false peer=false name=com.apple.fonts
2026-09-14 18:08:13.881 I  PeachCommander[17497:e406] [com.apple.launchservices:cas] information in shared memory for 0x0-0xd80d8 with seed 533 was still valid, so using cached info { "ApplicationType"="Foreground", "BuildMachineOSBuild"="25E246", "BundleIdentifierLowerCase"="com.peachcommander.app", "CFBundleDevelopmentRegion"="en", "CFBundleDocumentTypes"=( { "CFBundleTypeName"="Peach Commander Plugin Package", "CFBundleTypeRole"="Viewer", "LSHandlerRank"="Owner", "LSItemContentTypes"=( "com.peachcommander.plugin-package") }), "CFBundleExecutable"="PeachCommander", "CFBundleExecutablePath"="/Users/admin/pc-test/PeachCommander.app/Contents/MacOS/PeachCommander", "CFBundleExecutablePathDeviceID"=16777229, "CFBundleExecutablePathINode"=487524, "CFBundleHelpBookFolder"="PeachCommander.help", "CFBundleHelpBookName"="Peach Commander Help", "CFBundleIconFile"="AppIcon", "CFBundleIconName"="AppIcon", "CFBundleIdentifier"="com.peachcommander.app", "CFBundleInfoDictionaryVersion"="6.0", "CFBundleName"="PeachCommander", "CFBundleNameLowerCase"="peachcommander", "CFBundleNumericVersion"=402685952, "CFBundlePackageType"="APPL", "CFBundleShortVersionString"="0.9.0", "CFBun<…>
2026-09-14 18:08:13.882 I  PeachCommander[17497:e406] [com.apple.CoreAnalytics:client] Dropping "com.apple.appkit.app_config" as it isn't used in any transform (not in the config or budgeted?)
2026-09-14 18:08:13.882 Df PeachCommander[17497:e406] [com.apple.AppKit:AutomaticTermination] -[NSApplication(NSAppssassination) _checkForAutomaticTerminationSupportPossiblyEnablingIt]_block_invoke Enabling automatic termination support.
2026-09-14 18:08:13.882 Df PeachCommander[17497:e406] [com.apple.xpc:connection] [0xacec48dc0] activating connection: mach=true listener=false peer=false name=com.apple.appkit.restoration_storage
2026-09-14 18:08:13.883 I  PeachCommander[17497:e406] [com.apple.launchservices:cas] information in shared memory for 0x0-0xd80d8 with seed 533 was still valid, so using cached info { "ApplicationType"="Foreground", "BuildMachineOSBuild"="25E246", "BundleIdentifierLowerCase"="com.peachcommander.app", "CFBundleDevelopmentRegion"="en", "CFBundleDocumentTypes"=( { "CFBundleTypeName"="Peach Commander Plugin Package", "CFBundleTypeRole"="Viewer", "LSHandlerRank"="Owner", "LSItemContentTypes"=( "com.peachcommander.plugin-package") }), "CFBundleExecutable"="PeachCommander", "CFBundleExecutablePath"="/Users/admin/pc-test/PeachCommander.app/Contents/MacOS/PeachCommander", "CFBundleExecutablePathDeviceID"=16777229, "CFBundleExecutablePathINode"=487524, "CFBundleHelpBookFolder"="PeachCommander.help", "CFBundleHelpBookName"="Peach Commander Help", "CFBundleIconFile"="AppIcon", "CFBundleIconName"="AppIcon", "CFBundleIdentifier"="com.peachcommander.app", "CFBundleInfoDictionaryVersion"="6.0", "CFBundleName"="PeachCommander", "CFBundleNameLowerCase"="peachcommander", "CFBundleNumericVersion"=402685952, "CFBundlePackageType"="APPL", "CFBundleShortVersionString"="0.9.0", "CFBun<…>
2026-09-14 18:08:13.883 Df PeachCommander[17497:e406] [com.apple.xpc:connection] [0xacec48f00] activating connection: mach=true listener=false peer=false name=com.apple.coreservices.appleevents
2026-09-14 18:08:13.883 I  PeachCommander[17497:e406] [com.apple.appleevents:main] _AEGetRegisteredMachPort() created default port (port:44291/0xad03 rcv:1 send:1 limit:5) and registered it with server
2026-09-14 18:08:13.883 Df PeachCommander[17497:e406] [com.apple.xpc:connection] [0xacec48280] Connection returned listener port: 0x4103
2026-09-14 18:08:13.883 I  PeachCommander[17497:e406] [com.apple.launchservices:cas] information in shared memory for 0x0-0xd80d8 with seed 533 was still valid, so using cached info { "ApplicationType"="Foreground", "BuildMachineOSBuild"="25E246", "BundleIdentifierLowerCase"="com.peachcommander.app", "CFBundleDevelopmentRegion"="en", "CFBundleDocumentTypes"=( { "CFBundleTypeName"="Peach Commander Plugin Package", "CFBundleTypeRole"="Viewer", "LSHandlerRank"="Owner", "LSItemContentTypes"=( "com.peachcommander.plugin-package") }), "CFBundleExecutable"="PeachCommander", "CFBundleExecutablePath"="/Users/admin/pc-test/PeachCommander.app/Contents/MacOS/PeachCommander", "CFBundleExecutablePathDeviceID"=16777229, "CFBundleExecutablePathINode"=487524, "CFBundleHelpBookFolder"="PeachCommander.help", "CFBundleHelpBookName"="Peach Commander Help", "CFBundleIconFile"="AppIcon", "CFBundleIconName"="AppIcon", "CFBundleIdentifier"="com.peachcommander.app", "CFBundleInfoDictionaryVersion"="6.0", "CFBundleName"="PeachCommander", "CFBundleNameLowerCase"="peachcommander", "CFBundleNumericVersion"=402685952, "CFBundlePackageType"="APPL", "CFBundleShortVersionString"="0.9.0", "CFBun<…>
2026-09-14 18:08:13.883 Df PeachCommander[17497:e406] [com.apple.processmanager:front-35286506] SignalReady: pid=17497 asn=0x0-0xd80d8
2026-09-14 18:08:13.883 Df PeachCommander[17497:e406] [com.apple.processmanager:front-35286506] SIGNAL: pid=17497 asn=0x0x-0xd80d8
2026-09-14 18:08:13.883 I  PeachCommander[17497:e406] [com.apple.appleevents:main] aeGenerateFakeFirstOAPPEventIfNecessary()
2026-09-14 18:08:13.883 I  PeachCommander[17497:e406] [com.apple.appleevents:main] aeGenerateFakeFirstOAPPEventIfNecessary(), needToCreateFakeOAPPEventIfFirstEvent == true
2026-09-14 18:08:13.883 I  PeachCommander[17497:e406] [com.apple.launchservices:cas] Removing cached information for app [ 0x0-0xd80d8]  "PeachCommander", as its seed is different from that in shared memory ( 533 vs 535)
2026-09-14 18:08:13.885 I  PeachCommander[17497:e406] [com.apple.CFPasteboard:entry] CopyData('DefaultAsciiKeyboardLayoutPasteboard' (<CFUUID 0xacec7ba20> 425EE11C-1EC4-4F28-958D-693A5084A114) gen: -1 item: 1264739405 flavor: 'DefaultAsciiKeyboardLayoutFlavor')
2026-09-14 18:08:13.885 I  PeachCommander[17497:e406] [com.apple.CFPasteboard:cache] Rebuilding cache for 'DefaultAsciiKeyboardLayoutPasteboard' (<CFUUID 0xacec7ba20> 425EE11C-1EC4-4F28-958D-693A5084A114)
2026-09-14 18:08:13.885 I  PeachCommander[17497:e406] [com.apple.CFPasteboard:exit] (not-in-cache) - result: -8 generation: 0 null data flags: 0
2026-09-14 18:08:13.885 A  PeachCommander[17497:e406] (CoreFoundation) Loading Preferences From User CFPrefsD
2026-09-14 18:08:13.885 A  PeachCommander[17497:e406] (CoreFoundation) Loading Preferences From System CFPrefsD
2026-09-14 18:08:13.885 I  PeachCommander[17497:e406] [com.apple.CFPasteboard:entry] CopyData('AppleIntlFileCacheModificationDatePasteboard' (<CFUUID 0xacec7ba60> 4A15B1F0-A143-4C72-A828-16349A174724) gen: -1 item: 1 flavor: '-32766 1768845414')
2026-09-14 18:08:13.885 I  PeachCommander[17497:e406] [com.apple.CFPasteboard:cache] Rebuilding cache for 'AppleIntlFileCacheModificationDatePasteboard' (<CFUUID 0xacec7ba60> 4A15B1F0-A143-4C72-A828-16349A174724)
2026-09-14 18:08:13.886 I  PeachCommander[17497:e406] [com.apple.CFPasteboard:general] Will request data from daemon
2026-09-14 18:08:13.886 I  PeachCommander[17497:e406] [com.apple.CFPasteboard:exit] (not-in-cache) - result: 0 generation: 2 data (310 bytes) flags: 0
2026-09-14 18:08:13.886 I  PeachCommander[17497:e406] [com.apple.CFPasteboard:entry] CopyData('AppleIntlFileCacheModificationDatePasteboard' (<CFUUID 0xacec7ba60> 4A15B1F0-A143-4C72-A828-16349A174724) gen: -1 item: 1 flavor: '-32765 1802264953')
2026-09-14 18:08:13.886 I  PeachCommander[17497:e406] [com.apple.CFPasteboard:general] Will request data from daemon
2026-09-14 18:08:13.886 I  PeachCommander[17497:e406] [com.apple.CFPasteboard:exit] (not-in-cache) - result: 0 generation: 2 data (306 bytes) flags: 0
2026-09-14 18:08:13.886 I  PeachCommander[17497:e406] [com.apple.CFPasteboard:entry] CopyData('AppleIntlFileCacheModificationDatePasteboard' (<CFUUID 0xacec7ba60> 4A15B1F0-A143-4C72-A828-16349A174724) gen: -1 item: 1 flavor: '-32764 1802264953')
2026-09-14 18:08:13.886 I  PeachCommander[17497:e406] [com.apple.CFPasteboard:general] Will request data from daemon
2026-09-14 18:08:13.886 I  PeachCommander[17497:e406] [com.apple.CFPasteboard:exit] (not-in-cache) - result: 0 generation: 2 data (281 bytes) flags: 0
2026-09-14 18:08:13.886 I  PeachCommander[17497:e406] [com.apple.CFPasteboard:entry] CopyData('AppleIntlFileCacheModificationDatePasteboard' (<CFUUID 0xacec7ba60> 4A15B1F0-A143-4C72-A828-16349A174724) gen: -1 item: 1 flavor: '-32763 1802264953')
2026-09-14 18:08:13.886 I  PeachCommander[17497:e406] [com.apple.CFPasteboard:general] Will request data from daemon
2026-09-14 18:08:13.886 I  PeachCommander[17497:e406] [com.apple.CFPasteboard:exit] (not-in-cache) - result: 0 generation: 2 data (318 bytes) flags: 0
2026-09-14 18:08:13.886 I  PeachCommander[17497:e406] [com.apple.CFPasteboard:entry] CopyData('AppleIntlFileCacheModificationDatePasteboard' (<CFUUID 0xacec7ba60> 4A15B1F0-A143-4C72-A828-16349A174724) gen: -1 item: 1 flavor: '-32765 1768845414')
2026-09-14 18:08:13.886 I  PeachCommander[17497:e406] [com.apple.CFPasteboard:general] Will request data from daemon
2026-09-14 18:08:13.886 I  PeachCommander[17497:e406] [com.apple.CFPasteboard:exit] (not-in-cache) - result: 0 generation: 2 data (303 bytes) flags: 0
2026-09-14 18:08:13.886 I  PeachCommander[17497:e406] [com.apple.CFPasteboard:entry] CopyData('AppleIntlFileCacheModificationDatePasteboard' (<CFUUID 0xacec7ba60> 4A15B1F0-A143-4C72-A828-16349A174724) gen: -1 item: 1 flavor: '-32763 1768845414')
2026-09-14 18:08:13.886 I  PeachCommander[17497:e406] [com.apple.CFPasteboard:general] Will request data from daemon
2026-09-14 18:08:13.886 I  PeachCommander[17497:e406] [com.apple.CFPasteboard:exit] (not-in-cache) - result: 0 generation: 2 data (315 bytes) flags: 0
2026-09-14 18:08:13.888 I  PeachCommander[17497:e406] [com.apple.launchservices:cas] information in shared memory for 0x0-0xd80d8 with seed 535 was still valid, so using cached info { "ApplicationType"="Foreground", "BuildMachineOSBuild"="25E246", "BundleIdentifierLowerCase"="com.peachcommander.app", "CFBundleDevelopmentRegion"="en", "CFBundleDocumentTypes"=( { "CFBundleTypeName"="Peach Commander Plugin Package", "CFBundleTypeRole"="Viewer", "LSHandlerRank"="Owner", "LSItemContentTypes"=( "com.peachcommander.plugin-package") }), "CFBundleExecutable"="PeachCommander", "CFBundleExecutablePath"="/Users/admin/pc-test/PeachCommander.app/Contents/MacOS/PeachCommander", "CFBundleExecutablePathDeviceID"=16777229, "CFBundleExecutablePathINode"=487524, "CFBundleHelpBookFolder"="PeachCommander.help", "CFBundleHelpBookName"="Peach Commander Help", "CFBundleIconFile"="AppIcon", "CFBundleIconName"="AppIcon", "CFBundleIdentifier"="com.peachcommander.app", "CFBundleInfoDictionaryVersion"="6.0", "CFBundleName"="PeachCommander", "CFBundleNameLowerCase"="peachcommander", "CFBundleNumericVersion"=402685952, "CFBundlePackageType"="APPL", "CFBundleShortVersionString"="0.9.0", "CFBun<…>
2026-09-14 18:08:13.888 Df PeachCommander[17497:e406] [com.apple.xpc:connection] [0xacec49e00] activating connection: mach=false listener=false peer=false name=com.apple.ViewBridgeAuxiliary
2026-09-14 18:08:13.893 Df PeachCommander[17497:e406] [com.apple.xpc:connection] [0xacec49cc0] activating connection: mach=false listener=false peer=false name=(anonymous)
2026-09-14 18:08:13.893 Df PeachCommander[17497:e406] [com.apple.xpc:connection] [0xacec49f40] activating connection: mach=false listener=true peer=false name=(anonymous)
2026-09-14 18:08:13.893 Df PeachCommander[17497:e406] [com.apple.xpc:connection] [0xacec49f40] Connection returned listener port: 0xb603
2026-09-14 18:08:13.894 Df PeachCommander[17497:e406] [com.apple.xpc:connection] [0xacec49e00] invalidated after the last release of the connection object
2026-09-14 18:08:13.894 I  PeachCommander[17497:e406] [com.apple.showhide:pr-59900543] SHOWHIDE: SHOW id=372 0x0-0xD80D8, err=0 eventTime=1198993261166 windowID=0
2026-09-14 18:08:13.894 I  PeachCommander[17497:e406] [com.apple.CarbonCore:coreservicesdaemon] findOrCreateCacheable():findOrCreateCacheable(), factoryName=3 cacheableName=<private> fCacheables.size()=0
2026-09-14 18:08:13.894 I  PeachCommander[17497:e406] [com.apple.CarbonCore:coreservicesdaemon] findOrCreateCacheable():findOrCreateCacheable(), result = 0xacec3bb80 (should be non-NULL)
2026-09-14 18:08:13.894 Df PeachCommander[17497:e406] [com.apple.AppKit:AutomaticTermination] void _NSDisableAutomaticTerminationAndLog(NSString *) Restoring windows
2026-09-14 18:08:13.894 Df PeachCommander[17497:e406] [com.apple.AppKit:StateRestoration] -[NSApplication _reopenWindowsAsNecessaryIncludingRestorableState:withFullFidelity:completionHandler:] shouldRestoreState=1 hasPersistentStateToRestore=0 shouldStillRestoreStateAfterPrompting=0
2026-09-14 18:08:13.894 Df PeachCommander[17497:e406] [com.apple.xpc:connection] [0xacec49e00] activating connection: mach=true listener=false peer=false name=com.apple.window_proxies
2026-09-14 18:08:13.895 Df PeachCommander[17497:e406] [com.apple.xpc:connection] [0xacec49e00] invalidated because the current process cancelled the connection by calling xpc_connection_cancel()
2026-09-14 18:08:13.895 I  PeachCommander[17497:e406] [com.apple.SkyLight:processes] 0[outside of RPC]: SLSSetFrontProcessWithInfo(0x0-0x2 window=0 options=0x1
2026-09-14 18:08:13.895 I  PeachCommander[17497:e406] [com.apple.CoreAnalytics:client] Dropping "com.apple.appkit.app_config" as it isn't used in any transform (not in the config or budgeted?)
2026-09-14 18:08:13.895 Df PeachCommander[17497:e406] [com.apple.AppKit:AutomaticTermination] void _NSEnableAutomaticTerminationAndLog(NSString *) Restoring windows
2026-09-14 18:08:13.899 I  PeachCommander[17497:e406] [com.apple.CoreAnalytics:client] Dropping "com.apple.appkit.app_config" as it isn't used in any transform (not in the config or budgeted?)
2026-09-14 18:08:13.899 I  PeachCommander[17497:e406] [com.apple.CoreAnalytics:client] Dropping "com.apple.appkit.app_config" as it isn't used in any transform (not in the config or budgeted?)
2026-09-14 18:08:13.907 A  PeachCommander[17497:e413] (RunningBoardServices) didChangeInheritances
2026-09-14 18:08:13.915 A  PeachCommander[17497:e406] (CoreFoundation) Loading Preferences From User CFPrefsD
2026-09-14 18:08:13.921 I  PeachCommander[17497:e406] [com.peachcommander:PCFoundation] VolumeManager initialized
2026-09-14 18:08:13.947 Df PeachCommander[17497:e406] [com.apple.BoardServices:XPCErrors] [C:1] Alloc <private>
2026-09-14 18:08:13.947 Df PeachCommander[17497:e406] [com.apple.xpc:connection] [0xaceef9180] activating connection: mach=false listener=false peer=false name=(anonymous)
2026-09-14 18:08:13.950 I  PeachCommander[17497:e406] [com.apple.AppKit:Window] context (0 -> 74973756) for window 37d
2026-09-14 18:08:13.950 Df PeachCommander[17497:e412] [com.apple.corespotlight:index] (<private>) deleteSearchableItemsWithDomainIdentifiers, protectionClass:(null), domainIdentifiers number:1
2026-09-14 18:08:13.950 A  PeachCommander[17497:e412] (CoreSpotlight) delete-domains
2026-09-14 18:08:13.951 I  PeachCommander[17497:e406] [com.peachcommander:PCFoundation] MainWindowController initialized (config: <private>)
2026-09-14 18:08:13.951 Df PeachCommander[17497:e40e] [com.apple.corespotlight:index] CSInlineDonation:<private>: Skipping donation (feature flag disabled)
2026-09-14 18:08:13.951 Df PeachCommander[17497:e40e] (CoreSpotlight) sConnectionName: com.apple.spotlight.IndexAgent
2026-09-14 18:08:13.951 Df PeachCommander[17497:e40e] (CoreSpotlight) Start service name com.apple.spotlight.IndexAgent
2026-09-14 18:08:13.951 Df PeachCommander[17497:e40e] [com.apple.xpc:connection] [0xaceef9400] activating connection: mach=true listener=false peer=false name=com.apple.spotlight.IndexAgent
2026-09-14 18:08:13.951 I  PeachCommander[17497:e406] [com.peachcommander:PCFoundation] SelectionState initialized
2026-09-14 18:08:13.951 I  PeachCommander[17497:e406] [com.peachcommander:PCFoundation] DirectoryModel initialized
2026-09-14 18:08:13.951 I  PeachCommander[17497:e406] [com.peachcommander:PCFoundation] VolumeManager initialized
2026-09-14 18:08:13.951 I  PeachCommander[17497:e406] [com.peachcommander:PCFoundation] PanelController initialized for <private> panel
2026-09-14 18:08:13.952 I  PeachCommander[17497:e406] [com.peachcommander:PCFoundation] SelectionState initialized
2026-09-14 18:08:13.952 I  PeachCommander[17497:e406] [com.peachcommander:PCFoundation] DirectoryModel initialized
2026-09-14 18:08:13.952 I  PeachCommander[17497:e406] [com.peachcommander:PCFoundation] VolumeManager initialized
2026-09-14 18:08:13.952 I  PeachCommander[17497:e406] [com.peachcommander:PCFoundation] PanelController initialized for <private> panel
2026-09-14 18:08:13.956 I  PeachCommander[17497:e406] [com.apple.AppKit:Animation] Running new animation: <private>
2026-09-14 18:08:13.956 I  PeachCommander[17497:e406] [com.apple.AppKit:Animation] Running new animation: <private>
2026-09-14 18:08:13.957 I  PeachCommander[17497:e406] [com.apple.AppKit:Animation] Running new animation: <private>
2026-09-14 18:08:13.957 I  PeachCommander[17497:e406] [com.apple.AppKit:Animation] Running new animation: <private>
2026-09-14 18:08:13.957 I  PeachCommander[17497:e406] [com.apple.AppKit:Animation] Running new animation: <private>
2026-09-14 18:08:13.961 I  PeachCommander[17497:e406] [com.apple.AppKit:Animation] Running new animation: <private>
2026-09-14 18:08:13.961 I  PeachCommander[17497:e406] [com.apple.AppKit:Animation] Running new animation: <private>
2026-09-14 18:08:13.961 I  PeachCommander[17497:e406] [com.apple.AppKit:Animation] Running new animation: <private>
2026-09-14 18:08:13.961 I  PeachCommander[17497:e406] [com.apple.AppKit:Animation] Running new animation: <private>
2026-09-14 18:08:13.961 I  PeachCommander[17497:e406] [com.apple.AppKit:Animation] Running new animation: <private>
2026-09-14 18:08:13.969 I  PeachCommander[17497:e406] [com.apple.CoreAnalytics:client] Dropping "com.apple.appkit.app_config" as it isn't used in any transform (not in the config or budgeted?)
2026-09-14 18:08:13.972 I  PeachCommander[17497:e406] [com.apple.CoreAnalytics:client] Dropping "com.apple.appkit.app_config" as it isn't used in any transform (not in the config or budgeted?)
2026-09-14 18:08:13.978 I  PeachCommander[17497:e406] [com.apple.launchservices:datasep] application record search init. Node: <FSNode 0xace982b00> { isDir = ?, path = <private> } bundleID: (null) itemID: 0
2026-09-14 18:08:13.980 I  PeachCommander[17497:e406] [com.apple.GenerativeModels:availability] Current availability state: unavailable, use cases: com.apple.Settings.AppleIntelligence,com.apple.Siri.NLRouter, language: en, api: <private>
2026-09-14 18:08:13.980 Df PeachCommander[17497:e406] [com.apple.GenerativeModels:availability] isOkayToHaveAsset: False
2026-09-14 18:08:13.980 E  PeachCommander[17497:e406] [com.apple.siri:Utility] AFIsDeviceGreymatterEligible Missing entitlements for os_eligibility lookup
2026-09-14 18:08:13.980 I  PeachCommander[17497:e406] [com.apple.GenerativeModels:availability] Current availability state: unavailable, use cases: com.apple.Settings.AppleIntelligence, language: en, api: <private>
2026-09-14 18:08:13.980 Df PeachCommander[17497:e406] [com.apple.GenerativeModels:availability] isOkayToHaveAsset: False
2026-09-14 18:08:13.980 Df PeachCommander[17497:e406] [com.apple.siri:Utility] -[AFSystemAssistantExperienceStatusManager fetchGenerativeModelsAvailability] #SAEStatus #cacheUpdate Updating cache:
deviceSupportsSAE: 0 (0)
       saeEnabled: 0 (0)
     saeAvailable: 0 (0)
      swaiEnabled: 0 (0)
        viEnabled: 0 (0)
        siriAvailability:
        <private>
        ((null))
2026-09-14 18:08:13.980 Df PeachCommander[17497:e406] [com.apple.xpc:connection] [0xacea10140] activating connection: mach=true listener=false peer=false name=com.apple.iconservices
2026-09-14 18:08:13.980 Df PeachCommander[17497:e406] [com.apple.xpc:connection] [0xacea10280] activating connection: mach=true listener=false peer=false name=com.apple.iconservices.store
2026-09-14 18:08:13.987 I  PeachCommander[17497:e406] [com.peachcommander:Theme] no user themes in /Users/admin/pc-cfg/themes
2026-09-14 18:08:13.987 Df PeachCommander[17497:e406] [com.apple.AppKit:Appearance] Invalidate NSApp effectiveAppearance
2026-09-14 18:08:13.988 Df PeachCommander[17497:e406] [com.apple.AppKit:Appearance] NSApp cache appearance:
-NSRequiresAquaSystemAppearance: 0
-appearance: <NSCompositeAppearance: 0xacf0819a0
 (
    "<NSDarkAquaAppearance: 0xacf081a40>",
    "<NSSystemAppearance: 0xacf0806e0>"
)>
-effectiveAppearance: <NSCompositeAppearance: 0xacf0819a0
 (
    "<NSDarkAquaAppearance: 0xacf081a40>",
    "<NSSystemAppearance: 0xacf0806e0>"
)>
2026-09-14 18:08:13.990 I  PeachCommander[17497:e406] [com.peachcommander:PCFoundation] Theme applied: id=midnight, appearance=dark, dark=true, background=#101020
2026-09-14 18:08:14.029 I  PeachCommander[17497:e406] [com.apple.iconservices:foundation] layer data size zero
2026-09-14 18:08:14.029 I  PeachCommander[17497:e406] [com.apple.CoreAnalytics:client] Dropping "com.apple.appkit.app_config" as it isn't used in any transform (not in the config or budgeted?)
2026-09-14 18:08:14.034 I  PeachCommander[17497:e406] [com.peachcommander:PCFoundation] Keymap loaded: scheme=<private>, 82 effective bindings
2026-09-14 18:08:14.035 I  PeachCommander[17497:e406] [com.apple.AppKit:Animation] Running new animation: <private>
2026-09-14 18:08:14.035 I  PeachCommander[17497:e406] [com.apple.AppKit:Animation] Running new animation: <private>
2026-09-14 18:08:14.035 I  PeachCommander[17497:e406] [com.apple.AppKit:Animation] Running new animation: <private>
2026-09-14 18:08:14.035 I  PeachCommander[17497:e406] [com.apple.AppKit:Animation] Running new animation: <private>
2026-09-14 18:08:14.035 I  PeachCommander[17497:e406] [com.apple.AppKit:Animation] Running new animation: <private>
2026-09-14 18:08:14.035 I  PeachCommander[17497:e406] [com.apple.AppKit:Animation] Running new animation: <private>
2026-09-14 18:08:14.035 I  PeachCommander[17497:e406] [com.apple.AppKit:Animation] Running new animation: <private>
2026-09-14 18:08:14.035 I  PeachCommander[17497:e406] [com.apple.AppKit:Animation] Running new animation: <private>
2026-09-14 18:08:14.035 I  PeachCommander[17497:e406] [com.apple.AppKit:Animation] Running new animation: <private>
2026-09-14 18:08:14.035 I  PeachCommander[17497:e406] [com.apple.AppKit:Animation] Running new animation: <private>
2026-09-14 18:08:14.039 I  PeachCommander[17497:e406] [com.apple.CoreAnalytics:client] Dropping "<private>" as it isn't used in any transform (not in the config or budgeted?)
2026-09-14 18:08:14.039 I  PeachCommander[17497:e406] [com.apple.CoreAnalytics:client] Dropping "<private>" as it isn't used in any transform (not in the config or budgeted?)
2026-09-14 18:08:14.040 I  PeachCommander[17497:e406] [com.apple.CoreAnalytics:client] Dropping "<private>" as it isn't used in any transform (not in the config or budgeted?)
2026-09-14 18:08:14.040 I  PeachCommander[17497:e406] [com.peachcommander:PCFoundation] MainWindowController window loaded
2026-09-14 18:08:14.041 I  PeachCommander[17497:e406] [com.apple.launchservices:cas] information in shared memory for 0x0-0xd80d8 with seed 535 was still valid, so using cached info { "ApplicationType"="Foreground", "BuildMachineOSBuild"="25E246", "BundleIdentifierLowerCase"="com.peachcommander.app", "CFBundleDevelopmentRegion"="en", "CFBundleDocumentTypes"=( { "CFBundleTypeName"="Peach Commander Plugin Package", "CFBundleTypeRole"="Viewer", "LSHandlerRank"="Owner", "LSItemContentTypes"=( "com.peachcommander.plugin-package") }), "CFBundleExecutable"="PeachCommander", "CFBundleExecutablePath"="/Users/admin/pc-test/PeachCommander.app/Contents/MacOS/PeachCommander", "CFBundleExecutablePathDeviceID"=16777229, "CFBundleExecutablePathINode"=487524, "CFBundleHelpBookFolder"="PeachCommander.help", "CFBundleHelpBookName"="Peach Commander Help", "CFBundleIconFile"="AppIcon", "CFBundleIconName"="AppIcon", "CFBundleIdentifier"="com.peachcommander.app", "CFBundleInfoDictionaryVersion"="6.0", "CFBundleName"="PeachCommander", "CFBundleNameLowerCase"="peachcommander", "CFBundleNumericVersion"=402685952, "CFBundlePackageType"="APPL", "CFBundleShortVersionString"="0.9.0", "CFBun<…>
2026-09-14 18:08:14.041 I  PeachCommander[17497:e406] [com.apple.launchservices:cas] information in shared memory for 0x0-0xd80d8 with seed 535 was still valid, so using cached info { "ApplicationType"="Foreground", "BuildMachineOSBuild"="25E246", "BundleIdentifierLowerCase"="com.peachcommander.app", "CFBundleDevelopmentRegion"="en", "CFBundleDocumentTypes"=( { "CFBundleTypeName"="Peach Commander Plugin Package", "CFBundleTypeRole"="Viewer", "LSHandlerRank"="Owner", "LSItemContentTypes"=( "com.peachcommander.plugin-package") }), "CFBundleExecutable"="PeachCommander", "CFBundleExecutablePath"="/Users/admin/pc-test/PeachCommander.app/Contents/MacOS/PeachCommander", "CFBundleExecutablePathDeviceID"=16777229, "CFBundleExecutablePathINode"=487524, "CFBundleHelpBookFolder"="PeachCommander.help", "CFBundleHelpBookName"="Peach Commander Help", "CFBundleIconFile"="AppIcon", "CFBundleIconName"="AppIcon", "CFBundleIdentifier"="com.peachcommander.app", "CFBundleInfoDictionaryVersion"="6.0", "CFBundleName"="PeachCommander", "CFBundleNameLowerCase"="peachcommander", "CFBundleNumericVersion"=402685952, "CFBundlePackageType"="APPL", "CFBundleShortVersionString"="0.9.0", "CFBun<…>
2026-09-14 18:08:14.054 I  PeachCommander[17497:e406] [com.apple.AppKit:Window] order window front conditionally: 37d related: 0
2026-09-14 18:08:14.054 Df PeachCommander[17497:e406] [com.apple.AppKit:AutomaticTermination] void _NSEnableAutomaticTerminationAndLog(NSString *) No windows open yet
2026-09-14 18:08:14.055 I  PeachCommander[17497:e406] [com.apple.AppKit:Intelligence] starting collection observation
2026-09-14 18:08:14.055 Df PeachCommander[17497:e40e] [com.apple.UIIntelligenceSupport:xpc] establishing connection to agent
2026-09-14 18:08:14.055 Df PeachCommander[17497:e40e] [com.apple.xpc:session] [0xacfd15630] Session created.
2026-09-14 18:08:14.055 Df PeachCommander[17497:e40e] [com.apple.xpc:session] [0xacfd15630] Session created from connection [0xacea12440]
2026-09-14 18:08:14.055 Df PeachCommander[17497:e40e] [com.apple.xpc:connection] [0xacea12440] activating connection: mach=true listener=false peer=false name=com.apple.uiintelligencesupport.agent
2026-09-14 18:08:14.055 Df PeachCommander[17497:e40e] [com.apple.xpc:session] [0xacfd15630] Session activated
2026-09-14 18:08:14.055 I  PeachCommander[17497:e406] [com.apple.SkyLight:processes] 0[outside of RPC]: SLSSetFrontProcessWithInfo(0x0-0x2 window=0 options=0x1
2026-09-14 18:08:14.056 Df PeachCommander[17497:e413] [com.apple.UIIntelligenceSupport:xpc] Connection established with agent PID: 1211
2026-09-14 18:08:14.056 I  PeachCommander[17497:e406] [com.apple.launchservices:cas] information in shared memory for 0x0-0xd80d8 with seed 535 was still valid, so using cached info { "ApplicationType"="Foreground", "BuildMachineOSBuild"="25E246", "BundleIdentifierLowerCase"="com.peachcommander.app", "CFBundleDevelopmentRegion"="en", "CFBundleDocumentTypes"=( { "CFBundleTypeName"="Peach Commander Plugin Package", "CFBundleTypeRole"="Viewer", "LSHandlerRank"="Owner", "LSItemContentTypes"=( "com.peachcommander.plugin-package") }), "CFBundleExecutable"="PeachCommander", "CFBundleExecutablePath"="/Users/admin/pc-test/PeachCommander.app/Contents/MacOS/PeachCommander", "CFBundleExecutablePathDeviceID"=16777229, "CFBundleExecutablePathINode"=487524, "CFBundleHelpBookFolder"="PeachCommander.help", "CFBundleHelpBookName"="Peach Commander Help", "CFBundleIconFile"="AppIcon", "CFBundleIconName"="AppIcon", "CFBundleIdentifier"="com.peachcommander.app", "CFBundleInfoDictionaryVersion"="6.0", "CFBundleName"="PeachCommander", "CFBundleNameLowerCase"="peachcommander", "CFBundleNumericVersion"=402685952, "CFBundlePackageType"="APPL", "CFBundleShortVersionString"="0.9.0", "CFBun<…>
2026-09-14 18:08:14.057 Df PeachCommander[17497:e406] [com.apple.xpc:connection] [0xacea12580] activating connection: mach=true listener=false peer=false name=com.apple.FileCoordination
2026-09-14 18:08:14.057 Df PeachCommander[17497:e40e] [com.apple.foundation.filecoordination:presenter] Adding presenter 3C849463-88B5-4DEC-A4EC-18DFD15C2985 for URL: <private>
2026-09-14 18:08:14.057 I  PeachCommander[17497:e406] [com.apple.launchservices:cas] information in shared memory for 0x0-0xd80d8 with seed 535 was still valid, so using cached info { "ApplicationType"="Foreground", "BuildMachineOSBuild"="25E246", "BundleIdentifierLowerCase"="com.peachcommander.app", "CFBundleDevelopmentRegion"="en", "CFBundleDocumentTypes"=( { "CFBundleTypeName"="Peach Commander Plugin Package", "CFBundleTypeRole"="Viewer", "LSHandlerRank"="Owner", "LSItemContentTypes"=( "com.peachcommander.plugin-package") }), "CFBundleExecutable"="PeachCommander", "CFBundleExecutablePath"="/Users/admin/pc-test/PeachCommander.app/Contents/MacOS/PeachCommander", "CFBundleExecutablePathDeviceID"=16777229, "CFBundleExecutablePathINode"=487524, "CFBundleHelpBookFolder"="PeachCommander.help", "CFBundleHelpBookName"="Peach Commander Help", "CFBundleIconFile"="AppIcon", "CFBundleIconName"="AppIcon", "CFBundleIdentifier"="com.peachcommander.app", "CFBundleInfoDictionaryVersion"="6.0", "CFBundleName"="PeachCommander", "CFBundleNameLowerCase"="peachcommander", "CFBundleNumericVersion"=402685952, "CFBundlePackageType"="APPL", "CFBundleShortVersionString"="0.9.0", "CFBun<…>
2026-09-14 18:08:14.062 I  PeachCommander[17497:e406] [com.apple.AppKit:Window] order all windows front 1198993261166
2026-09-14 18:08:14.062 I  PeachCommander[17497:e406] [com.apple.launchservices:cas] information in shared memory for 0x0-0xd80d8 with seed 535 was still valid, so using cached info { "ApplicationType"="Foreground", "BuildMachineOSBuild"="25E246", "BundleIdentifierLowerCase"="com.peachcommander.app", "CFBundleDevelopmentRegion"="en", "CFBundleDocumentTypes"=( { "CFBundleTypeName"="Peach Commander Plugin Package", "CFBundleTypeRole"="Viewer", "LSHandlerRank"="Owner", "LSItemContentTypes"=( "com.peachcommander.plugin-package") }), "CFBundleExecutable"="PeachCommander", "CFBundleExecutablePath"="/Users/admin/pc-test/PeachCommander.app/Contents/MacOS/PeachCommander", "CFBundleExecutablePathDeviceID"=16777229, "CFBundleExecutablePathINode"=487524, "CFBundleHelpBookFolder"="PeachCommander.help", "CFBundleHelpBookName"="Peach Commander Help", "CFBundleIconFile"="AppIcon", "CFBundleIconName"="AppIcon", "CFBundleIdentifier"="com.peachcommander.app", "CFBundleInfoDictionaryVersion"="6.0", "CFBundleName"="PeachCommander", "CFBundleNameLowerCase"="peachcommander", "CFBundleNumericVersion"=402685952, "CFBundlePackageType"="APPL", "CFBundleShortVersionString"="0.9.0", "CFBun<…>
2026-09-14 18:08:14.062 I  PeachCommander[17497:e406] [com.apple.showhide:pr-59900543] SHOWHIDE: CONFIRM, id=372, err=0
2026-09-14 18:08:14.062 I  PeachCommander[17497:e406] [com.apple.AppKit:Window] context (0 -> 2e5b9a2f) for window 37c
2026-09-14 18:08:14.062 I  PeachCommander[17497:e406] [com.apple.AppKit:Window] context (0 -> ac6d3699) for window 37b
2026-09-14 18:08:14.062 I  PeachCommander[17497:e406] [com.apple.AppKit:Window] context (0 -> 1b2b00f9) for window 37a
2026-09-14 18:08:14.062 I  PeachCommander[17497:e406] [com.apple.AppKit:Window] context (0 -> 477d6c5a) for window 379
2026-09-14 18:08:14.085 I  PeachCommander[17497:e406] [com.apple.iconservices:foundation] layer data size zero
2026-09-14 18:08:14.096 Df PeachCommander[17497:e406] [com.apple.AppKit:AutomaticTermination] void _updateToReflectAutomaticTerminationState(void) Setting _kLSApplicationWouldBeTerminatedByTALKey=0
2026-09-14 18:08:14.097 I  PeachCommander[17497:e406] [com.apple.runningboard:assertion] Acquiring assertion: <RBSAssertionDescriptor| "AppNap adapter assertion" ID:(null) target:17497>
2026-09-14 18:08:14.131 A  PeachCommander[17497:e412] (RunningBoardServices) didChangeInheritances
2026-09-14 18:08:14.181 Df PeachCommander[17497:e406] [com.apple.libsystem.libdispatch:] DEPRECATED USE in libdispatch client: dispatch source activated with no event handler set; set a breakpoint on _dispatch_bug_deprecated to debug
2026-09-14 18:08:14.315 I  PeachCommander[17497:e406] [com.apple.coreanimation:Utilities] IOSurface Compression Enabled: NO
2026-09-14 18:08:14.317 Df PeachCommander[17497:e40d] [com.apple.coreanimation:Metal] Precompiled pipelines disabled on unsupported hardware.
2026-09-14 18:08:14.323 I  PeachCommander[17497:e406] [com.apple.CarbonCore:gestalt] SetGestaltValuesBulk SetGestaltValuesBulk( count=22 tuples=0x18b4fe650
2026-09-14 18:08:14.323 I  PeachCommander[17497:e406] [com.apple.CarbonCore:gestalt] SetGestaltValue SetGestaltValue(alis 1C9) => 0
2026-09-14 18:08:14.323 I  PeachCommander[17497:e406] [com.apple.CarbonCore:gestalt] SetGestaltValue SetGestaltValue(os   FE) => 0
2026-09-14 18:08:14.323 I  PeachCommander[17497:e406] [com.apple.CarbonCore:gestalt] SetGestaltValue SetGestaltValue(addr 7) => 0
2026-09-14 18:08:14.323 I  PeachCommander[17497:e406] [com.apple.CarbonCore:gestalt] SetGestaltValue SetGestaltValue(fs   3D332) => 0
2026-09-14 18:08:14.323 I  PeachCommander[17497:e406] [com.apple.CarbonCore:gestalt] SetGestaltValue SetGestaltValue(fold 11) => 0
2026-09-14 18:08:14.323 I  PeachCommander[17497:e406] [com.apple.CarbonCore:gestalt] SetGestaltValue SetGestaltValue(lram 7FFFF000) => 0
2026-09-14 18:08:14.323 I  PeachCommander[17497:e406] [com.apple.CarbonCore:gestalt] SetGestaltValue SetGestaltValue(mmap 1) => 0
2026-09-14 18:08:14.323 I  PeachCommander[17497:e406] [com.apple.CarbonCore:gestalt] SetGestaltValue SetGestaltValue(cfrg 1) => 0
2026-09-14 18:08:14.323 I  PeachCommander[17497:e406] [com.apple.CarbonCore:gestalt] SetGestaltValue SetGestaltValue(thds 7) => 0
2026-09-14 18:08:14.323 I  PeachCommander[17497:e406] [com.apple.CarbonCore:gestalt] SetGestaltValue SetGestaltValue(tmgr E) => 0
2026-09-14 18:08:14.323 I  PeachCommander[17497:e406] [com.apple.CarbonCore:gestalt] SetGestaltValue SetGestaltValue(vers 7) => 0
2026-09-14 18:08:14.323 I  PeachCommander[17497:e406] [com.apple.CarbonCore:gestalt] SetGestaltValue SetGestaltValue(cbon 160) => 0
2026-09-14 18:08:14.323 I  PeachCommander[17497:e406] [com.apple.CarbonCore:gestalt] SetGestaltValue SetGestaltValue(cltn 1108000) => 0
2026-09-14 18:08:14.323 I  PeachCommander[17497:e406] [com.apple.CarbonCore:gestalt] SetGestaltValue SetGestaltValue(cpnt 8) => 0
2026-09-14 18:08:14.323 I  PeachCommander[17497:e406] [com.apple.CarbonCore:gestalt] SetGestaltValue SetGestaltValue(rsrc 3) => 0
2026-09-14 18:08:14.323 I  PeachCommander[17497:e406] [com.apple.CarbonCore:gestalt] SetGestaltValue SetGestaltValue(rmbg 11F) => 0
2026-09-14 18:08:14.323 I  PeachCommander[17497:e406] [com.apple.CarbonCore:gestalt] SetGestaltValue SetGestaltValue(vm   11) => 0
2026-09-14 18:08:14.323 I  PeachCommander[17497:e406] [com.apple.CarbonCore:gestalt] SetGestaltValue SetGestaltValue(srad 4170706C) => 0
2026-09-14 18:08:14.323 I  PeachCommander[17497:e406] [com.apple.CarbonCore:gestalt] SetGestaltValue SetGestaltValue(sysa 14) => 0
2026-09-14 18:08:14.323 I  PeachCommander[17497:e406] [com.apple.CarbonCore:gestalt] SetGestaltValue SetGestaltValue(copl 9) => 0
2026-09-14 18:08:14.323 I  PeachCommander[17497:e406] [com.apple.CarbonCore:gestalt] SetGestaltValue SetGestaltValue(xlat 0) => 0
2026-09-14 18:08:14.323 I  PeachCommander[17497:e406] [com.apple.CarbonCore:gestalt] SetGestaltValue SetGestaltValue(stdf 0) => 0
2026-09-14 18:08:14.323 I  PeachCommander[17497:e406] [com.apple.CarbonCore:gestalt] _NewGestalt _NewGestalt(ram  0x18b477644) => 0
2026-09-14 18:08:14.323 I  PeachCommander[17497:e406] [com.apple.CarbonCore:gestalt] _NewGestalt _NewGestalt(ramm 0x18b477644) => 0
2026-09-14 18:08:14.323 I  PeachCommander[17497:e406] [com.apple.CarbonCore:gestalt] _NewGestalt _NewGestalt(cput 0x18b477734) => 0
2026-09-14 18:08:14.323 I  PeachCommander[17497:e406] [com.apple.CarbonCore:gestalt] _NewGestalt _NewGestalt(cpuf 0x18b477764) => 0
2026-09-14 18:08:14.323 I  PeachCommander[17497:e406] [com.apple.CarbonCore:gestalt] _NewGestalt _NewGestalt(bclk 0x18b477794) => 0
2026-09-14 18:08:14.323 I  PeachCommander[17497:e406] [com.apple.CarbonCore:gestalt] _NewGestalt _NewGestalt(bclm 0x18b477794) => 0
2026-09-14 18:08:14.323 I  PeachCommander[17497:e406] [com.apple.CarbonCore:gestalt] _NewGestalt _NewGestalt(pclk 0x18b477834) => 0
2026-09-14 18:08:14.323 I  PeachCommander[17497:e406] [com.apple.CarbonCore:gestalt] _NewGestalt _NewGestalt(mclk 0x18b477834) => 0
2026-09-14 18:08:14.323 I  PeachCommander[17497:e406] [com.apple.CarbonCore:gestalt] _NewGestalt _NewGestalt(a/ux 0x18b47794c) => 0
2026-09-14 18:08:14.323 I  PeachCommander[17497:e406] [com.apple.CarbonCore:gestalt] _NewGestalt _NewGestalt(pgsz 0x18b477954) => 0
2026-09-14 18:08:14.323 I  PeachCommander[17497:e406] [com.apple.CarbonCore:gestalt] _NewGestalt _NewGestalt(csiz 0x18b477994) => 0
2026-09-14 18:08:14.323 I  PeachCommander[17497:e406] [com.apple.CarbonCore:gestalt] _NewGestalt _NewGestalt(sysv 0x18b422dfc) => 0
2026-09-14 18:08:14.323 I  PeachCommander[17497:e406] [com.apple.CarbonCore:gestalt] _NewGestalt _NewGestalt(sys1 0x18b422dfc) => 0
2026-09-14 18:08:14.323 I  PeachCommander[17497:e406] [com.apple.CarbonCore:gestalt] _NewGestalt _NewGestalt(sys2 0x18b422dfc) => 0
2026-09-14 18:08:14.323 I  PeachCommander[17497:e406] [com.apple.CarbonCore:gestalt] _NewGestalt _NewGestalt(sys3 0x18b422dfc) => 0
2026-09-14 18:08:14.323 I  PeachCommander[17497:e406] [com.apple.CarbonCore:gestalt] _NewGestalt _NewGestalt(cdfl 0x18b4779d4) => 0
2026-09-14 18:08:14.323 I  PeachCommander[17497:e406] [com.apple.CarbonCore:gestalt] _NewGestalt _NewGestalt(cdrm 0x18b477c30) => 0
2026-09-14 18:08:14.323 I  PeachCommander[17497:e406] [com.apple.CarbonCore:gestalt] _NewGestalt _NewGestalt(cpus 0x18b477c78) => 0
2026-09-14 18:08:14.323 I  PeachCommander[17497:e406] [com.apple.CarbonCore:gestalt] SetGestaltValue SetGestaltValue(swex 1) => 0
2026-09-14 18:08:14.323 Df PeachCommander[17497:e406] [com.apple.xpc:connection] [0xacec4bc00] activating connection: mach=false listener=false peer=false name=com.apple.hiservices-xpcservice
2026-09-14 18:08:14.324 I  PeachCommander[17497:e406] [com.apple.CFPasteboard:entry] CopyData('ApplePerContextInputPasteboard' (<CFUUID 0xace7bb580> 76B9FC92-303C-48AA-BC9F-D710842C3E1D) gen: -1 item: 1264739405 flavor: 'ApplePerContextInputFlavor')
2026-09-14 18:08:14.324 I  PeachCommander[17497:e406] [com.apple.CFPasteboard:cache] Rebuilding cache for 'ApplePerContextInputPasteboard' (<CFUUID 0xace7bb580> 76B9FC92-303C-48AA-BC9F-D710842C3E1D)
2026-09-14 18:08:14.324 I  PeachCommander[17497:e406] [com.apple.CFPasteboard:general] Will request data from daemon
2026-09-14 18:08:14.324 I  PeachCommander[17497:e406] [com.apple.CFPasteboard:exit] (not-in-cache) - result: 0 generation: 1 data (182 bytes) flags: 0
2026-09-14 18:08:14.324 I  PeachCommander[17497:e406] [com.apple.CFPasteboard:entry] CopyData('DefaultAsciiKeyboardLayoutPasteboard' (<CFUUID 0xacec7ba20> 425EE11C-1EC4-4F28-958D-693A5084A114) gen: -1 item: 1264739405 flavor: 'DefaultAsciiKeyboardLayoutFlavor')
2026-09-14 18:08:14.324 I  PeachCommander[17497:e406] [com.apple.CFPasteboard:exit] (not-in-cache) - result: -8 generation: 0 null data flags: 0
2026-09-14 18:08:14.342 I  PeachCommander[17497:e406] [com.apple.AppKit:Window] context (0 -> 145ea4f8) for window 37e
2026-09-14 18:08:14.343 Df PeachCommander[17497:e406] [com.apple.inputmethodkitClient:Client] +[IMKClient subclass]: chose IMKClient_Modern
2026-09-14 18:08:14.343 Df PeachCommander[17497:e406] [com.apple.BoardServices:XPCErrors] [C:2] Alloc com.apple.backboard.hid-services.xpc
2026-09-14 18:08:14.343 Df PeachCommander[17497:e406] [com.apple.xpc:connection] [0xacea13ac0] activating connection: mach=false listener=false peer=false name=(anonymous)
2026-09-14 18:08:14.344 E  PeachCommander[17497:e412] [com.apple.BaseBoard:Common] Unable to obtain a task name port right for pid 165: (os/kern) failure (0x5)
2026-09-14 18:08:14.344 Df PeachCommander[17497:e412] [com.apple.xpc:connection] [0xacea13c00] activating connection: mach=false listener=false peer=false name=com.apple.TextInputUI.xpc.CursorUIViewService
2026-09-14 18:08:14.344 Df PeachCommander[17497:e412] [com.apple.xpc:connection] [0xacea13c00] invalidated after the last release of the connection object
2026-09-14 18:08:14.344 I  PeachCommander[17497:e406] [com.apple.CFPasteboard:entry] CopyData('DefaultAsciiKeyboardLayoutPasteboard' (<CFUUID 0xacec7ba20> 425EE11C-1EC4-4F28-958D-693A5084A114) gen: -1 item: 1264739405 flavor: 'DefaultAsciiKeyboardLayoutFlavor')
2026-09-14 18:08:14.344 I  PeachCommander[17497:e406] [com.apple.CFPasteboard:exit] (not-in-cache) - result: -8 generation: 0 null data flags: 0
2026-09-14 18:08:14.345 Df PeachCommander[17497:e406] [com.apple.xpc:connection] [0xacea12800] activating connection: mach=false listener=false peer=false name=(anonymous)
2026-09-14 18:08:14.345 Df PeachCommander[17497:e406] [com.apple.xpc:connection] [0xacea13c00] activating connection: mach=false listener=false peer=false name=com.apple.ViewBridgeAuxiliary
2026-09-14 18:08:14.345 Df PeachCommander[17497:e406] [com.apple.xpc:connection] [0xacea126c0] activating connection: mach=false listener=false peer=false name=(anonymous)
2026-09-14 18:08:14.345 Df PeachCommander[17497:e406] [com.apple.xpc:connection] [0xacea13c00] invalidated after the last release of the connection object
2026-09-14 18:08:14.367 Df PeachCommander[17497:e406] [com.apple.TextInputUI:CursorUI] -[TUINSCursorUIController activate:]_block_invoke: Create CursorUIViewService: TUINSRemoteViewController
2026-09-14 18:08:14.368 I  PeachCommander[17497:e406] [com.apple.AppKit:Window] window <TUINSWindow: 0xacfcc2080> windowNumber=37e finishing close
2026-09-14 18:08:14.368 I  PeachCommander[17497:e406] [com.apple.AppKit:Window] order window: 37e op: 0 relative: 0 related: 0
2026-09-14 18:08:14.370 A  PeachCommander[17497:e41b] (CoreFoundation) Loading Preferences From System CFPrefsD
2026-09-14 18:08:14.437 I  PeachCommander[17497:e406] [com.apple.iconservices:foundation] layer data size zero
2026-09-14 18:08:14.439 A  PeachCommander[17497:e406] (CoreFoundation) Loading Preferences From User CFPrefsD
2026-09-14 18:08:14.439 I  PeachCommander[17497:e406] [com.apple.CoreAnalytics:client] Dropping "com.apple.ImageIO.readerSelection" as it isn't used in any transform (not in the config or budgeted?)
2026-09-14 18:08:14.455 I  PeachCommander[17497:e406] [com.apple.CoreAnalytics:client] Dropping "com.apple.appkit.app_config" as it isn't used in any transform (not in the config or budgeted?)
2026-09-14 18:08:14.455 I  PeachCommander[17497:e406] [com.apple.SafariPlatformSupport:SafariPlatformSupport] -[SFSafariPlatformSupport credentialSelected:] with nil credential
2026-09-14 18:08:14.455 I  PeachCommander[17497:e406] [com.apple.SafariPlatformSupport:SafariPlatformSupport] -[SFSafariPlatformSupport oneTimeCodeSelected:] with nil code
2026-09-14 18:08:14.455 Df PeachCommander[17497:e40d] [com.apple.xpc:connection] [0xacea13c00] activating connection: mach=false listener=false peer=false name=com.apple.SafariPlatformSupport.Helper
2026-09-14 18:08:14.455 I  PeachCommander[17497:e41b] [com.apple.AppKit:WindowTab] Indexing 1 items
2026-09-14 18:08:14.455 A  PeachCommander[17497:e41b] (CoreSpotlight) end-index-batch
2026-09-14 18:08:14.455 Df PeachCommander[17497:e41b] [com.apple.corespotlight:index] *warn* MailCS ======%%% _setMailMessageAttributes skip:1
2026-09-14 18:08:14.455 A  PeachCommander[17497:e41b] (CoreSpotlight) index-items
2026-09-14 18:08:14.455 A  PeachCommander[17497:e413] (libsystem_info.dylib) Retrieve Group by ID
2026-09-14 18:08:14.456 Df PeachCommander[17497:e41a] [com.apple.corespotlight:index] CSInlineDonation:<private>: Skipping donation (feature flag disabled)
2026-09-14 18:08:14.457 Df PeachCommander[17497:e41a] [com.apple.corespotlight:index] CSInlineDonation:<private>: Skipping donation (feature flag disabled)
2026-09-14 18:08:14.512 I  PeachCommander[17497:e406] [com.apple.HIToolbox:MBDisplays] <private>
2026-09-14 18:08:14.512 I  PeachCommander[17497:e406] [com.apple.HIToolbox:MBDisplays] <private>
2026-09-14 18:08:14.539 Df PeachCommander[17497:e406] [com.apple.xpc:connection] [0xacea12940] activating connection: mach=false listener=false peer=false name=(anonymous)
2026-09-14 18:08:14.539 Df PeachCommander[17497:e406] [com.apple.xpc:connection] [0xacea11e00] activating connection: mach=false listener=false peer=false name=(anonymous)
2026-09-14 18:08:14.644 Df PeachCommander[17497:e413] [com.apple.xpc:connection] [0xacea13c00] invalidated after the last release of the connection object
2026-09-14 18:08:14.644 I  PeachCommander[17497:e406] [com.apple.launchservices:cas] Removing cached information for app [ 0x0-0xd80d8]  "PeachCommander", as its seed is different from that in shared memory ( 535 vs 537)
2026-09-14 18:08:14.789 Df PeachCommander[17497:e406] [com.apple.BoardServices:XPCErrors] [C:3] Alloc com.apple.backboard.hid-services.xpc
2026-09-14 18:08:14.789 Df PeachCommander[17497:e406] [com.apple.xpc:connection] [0xacea12300] activating connection: mach=false listener=false peer=false name=(anonymous)
2026-09-14 18:08:14.789 Df PeachCommander[17497:e40d] [com.apple.BackBoard:EventDelivery] BKSHIDEventDeliveryManager - connection activation
2026-09-14 18:08:14.789 I  PeachCommander[17497:e406] [com.apple.SafariPlatformSupport:SafariPlatformSupport] -[SPSafariPlatformSupport completionListPreferredContentSizeDidUpdate] with size {0, 0}, in window that is visible
2026-09-14 18:08:14.790 I  PeachCommander[17497:e406] [com.peachcommander:PCFoundation] Session restored
2026-09-14 18:08:14.790 Df PeachCommander[17497:e406] (Foundation) <private>
2026-09-14 18:08:14.790 I  PeachCommander[17497:e406] [com.peachcommander:PCFoundation] [automation] running /Users/admin/auto.txt
2026-09-14 18:08:14.790 Df PeachCommander[17497:e406] (Foundation) <private>
2026-09-14 18:08:14.790 I  PeachCommander[17497:e406] [com.peachcommander:PCFoundation] [automation] > active left
2026-09-14 18:08:14.790 Df PeachCommander[17497:e406] (Foundation) <private>
2026-09-14 18:08:14.790 I  PeachCommander[17497:e406] [com.peachcommander:PCFoundation] [automation] > left /Users/admin/pc-demo
2026-09-14 18:08:14.891 Df PeachCommander[17497:e406] (Foundation) <private>
2026-09-14 18:08:14.891 I  PeachCommander[17497:e406] [com.peachcommander:PCFoundation] [automation] > wait 1200
2026-09-14 18:08:14.916 I  PeachCommander[17497:e406] [com.apple.AppKit:Image] ISImage reported a placeholder, image rep is providing a placeholder image for <private>
2026-09-14 18:08:14.916 I  PeachCommander[17497:e406] [com.apple.AppKit:Image] ISImage reported a placeholder, image rep is providing a placeholder image for <private>
2026-09-14 18:08:14.916 I  PeachCommander[17497:e41b] [com.apple.iconservices:foundation] layer data size zero
2026-09-14 18:08:14.918 I  PeachCommander[17497:e406] [com.apple.AppKit:Image] ISImage reported a placeholder, image rep is providing a placeholder image for <private>
2026-09-14 18:08:14.918 I  PeachCommander[17497:e406] [com.apple.AppKit:Image] ISImage reported a placeholder, image rep is providing a placeholder image for <private>
2026-09-14 18:08:14.919 I  PeachCommander[17497:e406] [com.apple.AppKit:Image] ISImage reported a placeholder, image rep is providing a placeholder image for <private>
2026-09-14 18:08:14.919 I  PeachCommander[17497:e406] [com.apple.AppKit:Image] ISImage reported a placeholder, image rep is providing a placeholder image for <private>
2026-09-14 18:08:14.921 I  PeachCommander[17497:e406] [com.apple.AppKit:Image] ISImage reported a placeholder, image rep is providing a placeholder image for <private>
2026-09-14 18:08:14.921 I  PeachCommander[17497:e406] [com.apple.AppKit:Image] ISImage reported a placeholder, image rep is providing a placeholder image for <private>
2026-09-14 18:08:14.922 I  PeachCommander[17497:e406] [com.apple.AppKit:Image] ISImage reported a placeholder, image rep is providing a placeholder image for <private>
2026-09-14 18:08:14.922 I  PeachCommander[17497:e406] [com.apple.AppKit:Image] ISImage reported a placeholder, image rep is providing a placeholder image for <private>
2026-09-14 18:08:14.923 I  PeachCommander[17497:e406] [com.apple.AppKit:Image] ISImage reported a placeholder, image rep is providing a placeholder image for <private>
2026-09-14 18:08:14.924 I  PeachCommander[17497:e406] [com.apple.AppKit:Image] ISImage reported a placeholder, image rep is providing a placeholder image for <private>
2026-09-14 18:08:14.929 I  PeachCommander[17497:e412] [com.apple.iconservices:foundation] layer data size zero
2026-09-14 18:08:14.965 I  PeachCommander[17497:e406] [com.apple.launchservices:datasep] application record search init. Node: <FSNode 0xace22c460> { isDir = y, path = <private> } bundleID: (null) itemID: 0
2026-09-14 18:08:14.965 I  PeachCommander[17497:e406] [com.apple.launchservices:datasep] application record search init. Node: <FSNode 0xace22c460> { isDir = y, path = <private> } bundleID: (null) itemID: 0
2026-09-14 18:08:14.965 I  PeachCommander[17497:e406] [com.apple.SafariPlatformSupport:SafariPlatformSupport] -[SFSafariPlatformSupport credentialSelected:] with nil credential
2026-09-14 18:08:14.965 I  PeachCommander[17497:e406] [com.apple.SafariPlatformSupport:SafariPlatformSupport] -[SFSafariPlatformSupport oneTimeCodeSelected:] with nil code
2026-09-14 18:08:14.967 I  PeachCommander[17497:e406] [com.apple.iconservices:foundation] layer data size zero
2026-09-14 18:08:14.968 I  PeachCommander[17497:e406] [com.apple.AppKit:Image] ISImage reported a placeholder, image rep is providing a placeholder image for <private>
2026-09-14 18:08:14.968 I  PeachCommander[17497:e406] [com.apple.iconservices:foundation] layer data size zero
2026-09-14 18:08:14.968 I  PeachCommander[17497:e406] [com.apple.AppKit:Image] ISImage reported a placeholder, image rep is providing a placeholder image for <private>
2026-09-14 18:08:14.968 I  PeachCommander[17497:e406] [com.apple.iconservices:foundation] layer data size zero
2026-09-14 18:08:14.968 I  PeachCommander[17497:e406] [com.apple.AppKit:Image] ISImage reported a placeholder, image rep is providing a placeholder image for <private>
2026-09-14 18:08:14.968 I  PeachCommander[17497:e406] [com.apple.AppKit:Image] ISImage reported a placeholder, image rep is providing a placeholder image for <private>
2026-09-14 18:08:14.968 I  PeachCommander[17497:e406] [com.apple.AppKit:Image] ISImage reported a placeholder, image rep is providing a placeholder image for <private>
2026-09-14 18:08:14.968 I  PeachCommander[17497:e406] [com.apple.iconservices:foundation] layer data size zero
2026-09-14 18:08:14.968 I  PeachCommander[17497:e406] [com.apple.AppKit:Image] ISImage reported a placeholder, image rep is providing a placeholder image for <private>
2026-09-14 18:08:14.975 I  PeachCommander[17497:e406] [com.apple.iconservices:foundation] layer data size zero
2026-09-14 18:08:14.975 I  PeachCommander[17497:e406] [com.apple.iconservices:foundation] layer data size zero
2026-09-14 18:08:14.975 I  PeachCommander[17497:e406] [com.apple.iconservices:foundation] layer data size zero
2026-09-14 18:08:14.975 I  PeachCommander[17497:e406] [com.apple.iconservices:foundation] layer data size zero
2026-09-14 18:08:15.095 I  PeachCommander[17497:e4a4] [com.apple.AppKit:WindowTab] Indexing 1 items
2026-09-14 18:08:15.095 A  PeachCommander[17497:e4a4] (CoreSpotlight) end-index-batch
2026-09-14 18:08:15.095 A  PeachCommander[17497:e4a4] (CoreSpotlight) index-items
2026-09-14 18:08:15.095 Df PeachCommander[17497:e4a4] [com.apple.corespotlight:index] CSInlineDonation:<private>: Skipping donation (feature flag disabled)
2026-09-14 18:08:15.096 Df PeachCommander[17497:e4a4] [com.apple.corespotlight:index] CSInlineDonation:<private>: Skipping donation (feature flag disabled)
2026-09-14 18:08:15.461 I  PeachCommander[17497:e40d] [com.apple.AppKit:WindowTab] Indexing 1 items
2026-09-14 18:08:15.461 A  PeachCommander[17497:e40d] (CoreSpotlight) end-index-batch
2026-09-14 18:08:15.462 A  PeachCommander[17497:e40d] (CoreSpotlight) index-items
2026-09-14 18:08:15.462 Df PeachCommander[17497:e40d] [com.apple.corespotlight:index] CSInlineDonation:<private>: Skipping donation (feature flag disabled)
2026-09-14 18:08:15.462 Df PeachCommander[17497:e40d] [com.apple.corespotlight:index] CSInlineDonation:<private>: Skipping donation (feature flag disabled)
2026-09-14 18:08:16.170 Df PeachCommander[17497:e406] (Foundation) <private>
2026-09-14 18:08:16.170 I  PeachCommander[17497:e406] [com.peachcommander:PCFoundation] [automation] > previewpanel on
2026-09-14 18:08:16.170 Df PeachCommander[17497:e406] (Foundation) <private>
2026-09-14 18:08:16.170 I  PeachCommander[17497:e406] [com.peachcommander:PCFoundation] [automation] > wait 1000
2026-09-14 18:08:17.176 Df PeachCommander[17497:e406] (Foundation) <private>
2026-09-14 18:08:17.176 I  PeachCommander[17497:e406] [com.peachcommander:PCFoundation] [automation] > previewtab Notes
2026-09-14 18:08:17.178 I  PeachCommander[17497:e406] [com.apple.inputAnalytics.client:IATextInputActions] initWithAnalyticsMetadataObserver service
2026-09-14 18:08:17.178 Df PeachCommander[17497:e406] [com.apple.TextInputUI:CursorUI] -[TUINSCursorUIController scheduleUpdateCursorLocation]
2026-09-14 18:08:17.179 Df PeachCommander[17497:e406] [com.apple.TextInputUI:CursorUI] -[TUINSCursorUIController scheduleUpdateCursorLocation]
2026-09-14 18:08:17.193 Df PeachCommander[17497:e406] (Foundation) <private>
2026-09-14 18:08:17.193 Df PeachCommander[17497:e406] (Foundation) <private>
2026-09-14 18:08:17.193 I  PeachCommander[17497:e406] [com.peachcommander:PCFoundation] [automation] > wait 1500
2026-09-14 18:08:17.201 Df PeachCommander[17497:e406] [com.apple.TextInputUI:CursorUI] -[TUINSCursorUIController scheduleUpdateCursorLocation]
2026-09-14 18:08:18.743 Df PeachCommander[17497:e406] (Foundation) <private>
2026-09-14 18:08:18.743 I  PeachCommander[17497:e406] [com.peachcommander:PCFoundation] [automation] > theme midnight
2026-09-14 18:08:18.762 I  PeachCommander[17497:e406] [com.peachcommander:PCFoundation] Theme applied: id=midnight, appearance=dark, dark=true, background=#101020
2026-09-14 18:08:18.762 Df PeachCommander[17497:e406] (Foundation) <private>
2026-09-14 18:08:18.762 I  PeachCommander[17497:e406] [com.peachcommander:PCFoundation] [automation] > wait 1500
2026-09-14 18:08:20.367 Df PeachCommander[17497:e406] (Foundation) <private>
2026-09-14 18:08:20.367 I  PeachCommander[17497:e406] [com.peachcommander:PCFoundation] [automation] > theme norton
2026-09-14 18:08:20.383 I  PeachCommander[17497:e406] [com.peachcommander:PCFoundation] Theme applied: id=norton, appearance=dark, dark=true, background=#0000AA
2026-09-14 18:08:20.383 Df PeachCommander[17497:e406] (Foundation) <private>
2026-09-14 18:08:20.383 I  PeachCommander[17497:e406] [com.peachcommander:PCFoundation] [automation] > wait 1500
2026-09-14 18:08:21.915 Df PeachCommander[17497:e406] (Foundation) <private>
2026-09-14 18:08:21.915 I  PeachCommander[17497:e406] [com.peachcommander:PCFoundation] [automation] > panelsdump /Users/admin/still-alive.txt
2026-09-14 18:08:21.917 Df PeachCommander[17497:e406] (Foundation) <private>
2026-09-14 18:08:21.917 I  PeachCommander[17497:e406] [com.peachcommander:PCFoundation] [automation] > wait 600
2026-09-14 18:08:22.041 Df PeachCommander[17497:e406] [com.apple.TextInputUI:CursorUI] -[TUINSCursorUIController scheduleUpdateCursorLocation]
2026-09-14 18:08:22.532 Df PeachCommander[17497:e406] (Foundation) <private>
2026-09-14 18:08:22.532 I  PeachCommander[17497:e406] [com.peachcommander:PCFoundation] [automation] done
2026-09-14 18:08:24.369 Df PeachCommander[17497:e41a] [com.apple.launchservices:default] LSExceptions shared instance invalidated for timeout.
