Timestamp               Ty Process[PID:TID]
2026-09-14 18:11:31.025 A  PeachCommander[20224:1074e] (libsystem_info.dylib) Retrieve User by ID
2026-09-14 18:11:31.026 Df PeachCommander[20224:1074e] [com.apple.xpc:connection] [0x101f1a620] activating connection: mach=true listener=false peer=false name=com.apple.cfprefsd.daemon
2026-09-14 18:11:31.026 Df PeachCommander[20224:10751] [com.apple.xpc:connection] [0x101f1ad20] activating connection: mach=true listener=false peer=false name=com.apple.cfprefsd.agent
2026-09-14 18:11:31.028 Df PeachCommander[20224:1074e] [com.apple.xpc:connection] [0x101f21360] activating connection: mach=true listener=false peer=false name=com.apple.coreservices.launchservicesd
2026-09-14 18:11:31.028 I  PeachCommander[20224:1074e] [com.apple.launchservices:cas] Registering for notification <private> on default queue, to re-boostrap client connection.
2026-09-14 18:11:31.028 Df PeachCommander[20224:1074e] [com.apple.xpc:connection] [0x8a0c48000] activating connection: mach=true listener=false peer=false name=com.apple.pasteboard.1
2026-09-14 18:11:31.029 Df PeachCommander[20224:1074e] [com.apple.xpc:connection] [0x8a0c48140] activating connection: mach=true listener=false peer=false name=com.apple.distributed_notifications@Uv3
2026-09-14 18:11:31.030 Df PeachCommander[20224:1074e] [com.apple.AppKit:AutomaticTermination] void _NSDisableAutomaticTerminationAndLog(NSString *) No windows open yet
2026-09-14 18:11:31.030 A  PeachCommander[20224:1074e] (TCC) TCCAccessRequest() IPC
2026-09-14 18:11:31.031 Df PeachCommander[20224:1074e] [com.apple.xpc:connection] [0x8a0c48280] activating connection: mach=true listener=false peer=false name=com.apple.tccd.system
2026-09-14 18:11:31.031 I  PeachCommander[20224:1074e] [com.apple.TCC:access] SEND: 0/7 synchronous to com.apple.tccd.system: request: msgID=20224.1, function=TCCAccessRequest, service=kTCCServiceListenEvent,
2026-09-14 18:11:31.032 I  PeachCommander[20224:1074e] [com.apple.TCC:access] RECV: synchronous reply <dictionary: 0x8a1078000> { count = 5, transaction: 0, voucher = 0x0, contents =
	"prompt_type" => <uint64: 0xa76dff635751d27f>: 1
	"auth_value" => <uint64: 0xa76dff635751d27f>: 1
	"preflight_unknown" => <bool: 0x1f4c0d190>: true
	"auth_version" => <uint64: 0xa76dff635751d27f>: 1
	"auth_reason" => <uint64: 0xa76dff635751d25f>: 5
}
2026-09-14 18:11:31.032 Df PeachCommander[20224:1074e] [com.apple.xpc:connection] [0x8a0c48280] invalidated after the last release of the connection object
2026-09-14 18:11:31.033 Df PeachCommander[20224:1074e] [com.apple.SkyLight:default] server port 0x00003707, session port 0x00003707
2026-09-14 18:11:31.036 I  PeachCommander[20224:10751] [com.apple.SkyLight:processes] 0[outside of RPC]: First connection id 38123 mapped to ctx = 0x8a107c800
2026-09-14 18:11:31.036 Df PeachCommander[20224:1074e] [com.apple.SkyLight:default] New connection 0x94eb main
2026-09-14 18:11:31.036 I  PeachCommander[20224:1074e] [com.apple.hiservices:processmgr] Checking in with CAS, pid=20224
2026-09-14 18:11:31.036 I  PeachCommander[20224:1074e] [com.apple.launchservices:cas] LSApplicationCheckIn(), app being registered is:"/Users/admin/pc-test/PeachCommander.app/Contents/MacOS/PeachCommander"
2026-09-14 18:11:31.037 I  PeachCommander[20224:1074e] [com.apple.launchservices:cas]  { "ApplicationType"="Foreground", "BuildMachineOSBuild"="25E246", "CFBundleDevelopmentRegion"="en", "CFBundleDocumentTypes"=( { "CFBundleTypeName"="Peach Commander Plugin Package", "CFBundleTypeRole"="Viewer", "LSHandlerRank"="Owner", "LSItemContentTypes"=( "com.peachcommander.plugin-package") }), "CFBundleExecutable"="PeachCommander", "CFBundleExecutablePath"="/Users/admin/pc-test/PeachCommander.app/Contents/MacOS/PeachCommander", "CFBundleHelpBookFolder"="PeachCommander.help", "CFBundleHelpBookName"="Peach Commander Help", "CFBundleIconFile"="AppIcon", "CFBundleIconName"="AppIcon", "CFBundleIdentifier"="com.peachcommander.app", "CFBundleInfoDictionaryVersion"="6.0", "CFBundleName"="PeachCommander", "CFBundleNumericVersion"=402685952, "CFBundlePackageType"="APPL", "CFBundleShortVersionString"="0.9.0", "CFBundleSignature"="?????", "CFBundleSupportedPlatforms"=( "MacOSX"), "CFBundleVersion"="18", "DTCompiler"="com.apple.compilers.llvm.clang.1_0", "DTPlatformBuild"="25F70", "DTPlatformName"="macosx", "<…>
2026-09-14 18:11:31.037 Df PeachCommander[20224:1074e] [com.apple.processmanager:front-35286506] CHECKIN: pid=20224
2026-09-14 18:11:31.039 Df PeachCommander[20224:1074e] [com.apple.processmanager:front-35286506] CHECKEDIN: pid=20224 asn=0x0-0x100100 foreground=1
2026-09-14 18:11:31.039 I  PeachCommander[20224:1074e] [com.apple.launchservices:cas] Setting processControlState to default PROC_SETPC_SUSPEND because application does not have LSProcessControlValue key
2026-09-14 18:11:31.039 Df PeachCommander[20224:1074e] [com.apple.xpc:connection] [0x8a0c48280] activating connection: mach=false listener=true peer=false name=(anonymous)
2026-09-14 18:11:31.039 Df PeachCommander[20224:1074e] [com.apple.xpc:connection] [0x8a0c48280] Connection returned listener port: 0x5403
2026-09-14 18:11:31.039 Df PeachCommander[20224:10752] [com.apple.xpc:connection] [0x8a1124300] activating connection: mach=false listener=false peer=true name=com.apple.xpc.anonymous.0x8a0c48280.peer[131].0x8a1124300
2026-09-14 18:11:31.040 Df PeachCommander[20224:1074e] [com.apple.processmanager:front-35286506] FRONTLOGGING: version 1
2026-09-14 18:11:31.040 Df PeachCommander[20224:1074e] [com.apple.processmanager:front-35286506] Registered, pid=20224 ASN=0x0,0x100100
2026-09-14 18:11:31.040 Df PeachCommander[20224:1074e] [com.apple.xpc:connection] [0x8a0c483c0] activating connection: mach=true listener=false peer=false name=com.apple.analyticsd
2026-09-14 18:11:31.040 I  PeachCommander[20224:1074e] [com.apple.CoreAnalytics:client] Daemon status changed from 0 to 1
2026-09-14 18:11:31.040 I  PeachCommander[20224:10752] [com.apple.CarbonCore:coreservicesdaemon] SCSession():SCSession( id=100, this=0x0x101f27b60 option=65538) created, forUID=501 mach_port_t=0x4f03.
2026-09-14 18:11:31.040 I  PeachCommander[20224:10752] [com.apple.CarbonCore:coreservicesdaemon] SCSession():SCSession( id=101, this=0x0x101f28520 option=65538) created, forUID=501 mach_port_t=0x5003.
2026-09-14 18:11:31.040 I  PeachCommander[20224:10752] [com.apple.CarbonCore:coreservicesdaemon] connectToCoreServicesD():Instantiating server (coreservicesd based) SCSession, port=0x4f03 serverOptions=0x10002.
2026-09-14 18:11:31.041 I  PeachCommander[20224:1074e] [com.apple.hiservices:processmgr] _RegisterApplication( pid 20224 => 0x0,0x100100) type=foreground
2026-09-14 18:11:31.041 Df PeachCommander[20224:1074e] [com.apple.xpc:connection] [0x8a0c48280] Connection returned listener port: 0x5403
2026-09-14 18:11:31.041 I  PeachCommander[20224:1074e] [com.apple.launchservices:cas] CFArrayRef _LSCopyLaunchModifiers(LSSessionID, LSASNRef _Nonnull), result for psn [ kLSCurrentApp ASN, 0x0,0x2]  is 1 items.
2026-09-14 18:11:31.041 Df PeachCommander[20224:1074e] [com.apple.processmanager:front-35286506] BringForward: pid=20224 asn=0x0-0x100100 bringForward=1 foreground=1 uiElement=0 launchedByLS=1 modifiersCount=1 allDisabled=1
2026-09-14 18:11:31.041 Df PeachCommander[20224:1074e] [com.apple.processmanager:front-35286506] BringFrontModifier: pid=20224 asn=0x0-0x100100 Modifier 0 hideAfter=0 hideOthers=0 dontMakeFrontmost=0 mouseDown=0/0 seed=0/0
2026-09-14 18:11:31.041 Df PeachCommander[20224:1074e] [com.apple.processmanager:front-35286506] BringForward: pid=20224 asn=0x0-0x100100
2026-09-14 18:11:31.041 Df PeachCommander[20224:1074e] [com.apple.processmanager:front-35286506] SetFrontProcess: asn=0x0-0x100100 options=0
2026-09-14 18:11:31.041 I  PeachCommander[20224:1074e] [com.apple.SkyLight:processes] 0[outside of RPC]: SLPSetFrontProcess(0x0-0x100100 window=0 options=0x0
2026-09-14 18:11:31.041 Df PeachCommander[20224:10752] [com.apple.xpc:connection] [0x8a0c48500] activating connection: mach=true listener=false peer=false name=com.apple.lsd.mapdb
2026-09-14 18:11:31.041 Df PeachCommander[20224:10757] [com.apple.CoreAnalytics:client] Received configuration update from daemon (initial)
2026-09-14 18:11:31.043 Df PeachCommander[20224:1074e] [com.apple.AppKit:Appearance] Current system appearance, (HLTB: 1), (SLS: 0)
2026-09-14 18:11:31.045 Df PeachCommander[20224:1074e] (libMobileGestalt.dylib) No persisted cache on this platform.
2026-09-14 18:11:31.045 I  PeachCommander[20224:10757] [com.apple.launchservices:cas] information in shared memory for 0x0-0x100100 with seed 533 was still valid, so using cached info { "ApplicationType"="Foreground", "BuildMachineOSBuild"="25E246", "BundleIdentifierLowerCase"="com.peachcommander.app", "CFBundleDevelopmentRegion"="en", "CFBundleDocumentTypes"=( { "CFBundleTypeName"="Peach Commander Plugin Package", "CFBundleTypeRole"="Viewer", "LSHandlerRank"="Owner", "LSItemContentTypes"=( "com.peachcommander.plugin-package") }), "CFBundleExecutable"="PeachCommander", "CFBundleExecutablePath"="/Users/admin/pc-test/PeachCommander.app/Contents/MacOS/PeachCommander", "CFBundleExecutablePathDeviceID"=16777229, "CFBundleExecutablePathINode"=487524, "CFBundleHelpBookFolder"="PeachCommander.help", "CFBundleHelpBookName"="Peach Commander Help", "CFBundleIconFile"="AppIcon", "CFBundleIconName"="AppIcon", "CFBundleIdentifier"="com.peachcommander.app", "CFBundleInfoDictionaryVersion"="6.0", "CFBundleName"="PeachCommander", "CFBundleNameLowerCase"="peachcommander", "CFBundleNumericVersion"=402685952, "CFBundlePackageType"="APPL", "CFBundleShortVersionString"="0.9.0", "CFBun<…>
2026-09-14 18:11:31.045 Df PeachCommander[20224:1074e] (libMobileGestalt.dylib) Could not get size of EAN data (IOConnectCallScalarMethod kAppleNVMeEANGetSize returned 0xE00002E2)
2026-09-14 18:11:31.045 I  PeachCommander[20224:10752] [com.apple.launchservices:db] LaunchServices database schema version: 20971544
2026-09-14 18:11:31.045 Df PeachCommander[20224:1074e] (libMobileGestalt.dylib) Failed to copy 'aptk' from EAN
2026-09-14 18:11:31.045 Df PeachCommander[20224:1074e] (libMobileGestalt.dylib) Failed to copy APTicket properties. Falling back to default policy.
2026-09-14 18:11:31.045 Df PeachCommander[20224:1074e] (libMobileGestalt.dylib) Creating default MGSysConfigPolicy
2026-09-14 18:11:31.045 Df PeachCommander[20224:1074e] (libMobileGestalt.dylib) CFDictionaryRef copySyscfgDictionary(void) enumeration of <private> failed.
2026-09-14 18:11:31.045 Df PeachCommander[20224:1074e] (libMobileGestalt.dylib) Failed to find key <private>
2026-09-14 18:11:31.047 Df PeachCommander[20224:1074e] [com.apple.AppKit:Appearance] Current system appearance, (HLTB: 1), (SLS: 0)
2026-09-14 18:11:31.047 I  PeachCommander[20224:10752] [com.apple.launchservices:default] Unable to load Info.plist exceptions (eGPUOverrides)
2026-09-14 18:11:31.047 I  PeachCommander[20224:10752] [com.apple.launchservices:default] Unable to load Info.plist exceptions (gameModeOverrides)
2026-09-14 18:11:31.047 I  PeachCommander[20224:10752] [com.apple.launchservices:default] Unable to load Info.plist exceptions (identifiedGameOverrides)
2026-09-14 18:11:31.047 I  PeachCommander[20224:10752] [com.apple.launchservices:default] Unable to load Info.plist exceptions (SystemHiddenPreferred)
2026-09-14 18:11:31.047 Df PeachCommander[20224:1074e] [com.apple.AppKit:Appearance] Post-registration system appearance: (HLTB: 1)
2026-09-14 18:11:31.049 Df PeachCommander[20224:1074e] [com.apple.FrontBoard:Common] FBSWorkspace: endpoint monitoring is disabled.
2026-09-14 18:11:31.049 Df PeachCommander[20224:1074e] [com.apple.FrontBoard:Common] FBSWorkspace: default shell endpoint is disabled.
2026-09-14 18:11:31.049 Df PeachCommander[20224:1074e] [com.apple.runningboard:connection] Initializing connection
2026-09-14 18:11:31.049 Df PeachCommander[20224:1074e] [com.apple.runningboard:process] Removing all cached process handles
2026-09-14 18:11:31.049 Df PeachCommander[20224:10752] [com.apple.runningboard:connection] Sending handshake request attempt #1 to server
2026-09-14 18:11:31.049 Df PeachCommander[20224:10752] [com.apple.runningboard:connection] Creating connection to com.apple.runningboard
2026-09-14 18:11:31.049 Df PeachCommander[20224:10752] [com.apple.xpc:connection] [0x8a0c48640] activating connection: mach=true listener=false peer=false name=com.apple.runningboard
2026-09-14 18:11:31.049 Df PeachCommander[20224:1074e] [com.apple.xpc:connection] [0x8a0c48280] Connection returned listener port: 0x5403
2026-09-14 18:11:31.049 A  PeachCommander[20224:10756] (RunningBoardServices) didChangeInheritances
2026-09-14 18:11:31.049 I  PeachCommander[20224:1074e] [com.apple.launchservices:cas] information in shared memory for 0x0-0x100100 with seed 533 was still valid, so using cached info { "ApplicationType"="Foreground", "BuildMachineOSBuild"="25E246", "BundleIdentifierLowerCase"="com.peachcommander.app", "CFBundleDevelopmentRegion"="en", "CFBundleDocumentTypes"=( { "CFBundleTypeName"="Peach Commander Plugin Package", "CFBundleTypeRole"="Viewer", "LSHandlerRank"="Owner", "LSItemContentTypes"=( "com.peachcommander.plugin-package") }), "CFBundleExecutable"="PeachCommander", "CFBundleExecutablePath"="/Users/admin/pc-test/PeachCommander.app/Contents/MacOS/PeachCommander", "CFBundleExecutablePathDeviceID"=16777229, "CFBundleExecutablePathINode"=487524, "CFBundleHelpBookFolder"="PeachCommander.help", "CFBundleHelpBookName"="Peach Commander Help", "CFBundleIconFile"="AppIcon", "CFBundleIconName"="AppIcon", "CFBundleIdentifier"="com.peachcommander.app", "CFBundleInfoDictionaryVersion"="6.0", "CFBundleName"="PeachCommander", "CFBundleNameLowerCase"="peachcommander", "CFBundleNumericVersion"=402685952, "CFBundlePackageType"="APPL", "CFBundleShortVersionString"="0.9.0", "CFBun<…>
2026-09-14 18:11:31.050 Df PeachCommander[20224:10752] [com.apple.runningboard:connection] Handshake succeeded
2026-09-14 18:11:31.050 Df PeachCommander[20224:10752] [com.apple.runningboard:connection] Identity resolved as app<application.com.peachcommander.app.486777.487524(501)>
2026-09-14 18:11:31.051 Df PeachCommander[20224:1074e] [com.apple.xpc:connection] [0x8a0c48280] Connection returned listener port: 0x5403
2026-09-14 18:11:31.052 A  PeachCommander[20224:10757] (AppIntents) appintents:register process
2026-09-14 18:11:31.052 Df PeachCommander[20224:10757] [com.apple.appintents:Connection] Created a new Process Instance Registry XPC connection (inactive)
2026-09-14 18:11:31.052 Df PeachCommander[20224:10757] [com.apple.xpc:connection] [0x8a0c48780] activating connection: mach=true listener=false peer=false name=com.apple.linkd.autoShortcut
2026-09-14 18:11:31.052 Df PeachCommander[20224:10757] [com.apple.appintents:Connection] Activated connection to linkd (ApplicationService)
2026-09-14 18:11:31.052 Df PeachCommander[20224:10757] [com.apple.xpc:connection] [0x8a0c48a00] activating connection: mach=false listener=true peer=false name=(anonymous)
2026-09-14 18:11:31.053 I  PeachCommander[20224:1074e] [com.apple.launchservices:cas] information in shared memory for 0x0-0x100100 with seed 533 was still valid, so using cached info { "ApplicationType"="Foreground", "BuildMachineOSBuild"="25E246", "BundleIdentifierLowerCase"="com.peachcommander.app", "CFBundleDevelopmentRegion"="en", "CFBundleDocumentTypes"=( { "CFBundleTypeName"="Peach Commander Plugin Package", "CFBundleTypeRole"="Viewer", "LSHandlerRank"="Owner", "LSItemContentTypes"=( "com.peachcommander.plugin-package") }), "CFBundleExecutable"="PeachCommander", "CFBundleExecutablePath"="/Users/admin/pc-test/PeachCommander.app/Contents/MacOS/PeachCommander", "CFBundleExecutablePathDeviceID"=16777229, "CFBundleExecutablePathINode"=487524, "CFBundleHelpBookFolder"="PeachCommander.help", "CFBundleHelpBookName"="Peach Commander Help", "CFBundleIconFile"="AppIcon", "CFBundleIconName"="AppIcon", "CFBundleIdentifier"="com.peachcommander.app", "CFBundleInfoDictionaryVersion"="6.0", "CFBundleName"="PeachCommander", "CFBundleNameLowerCase"="peachcommander", "CFBundleNumericVersion"=402685952, "CFBundlePackageType"="APPL", "CFBundleShortVersionString"="0.9.0", "CFBun<…>
2026-09-14 18:11:31.053 I  PeachCommander[20224:1074e] [com.apple.hiservices:processmgr] TransformProcessType(0x0,0x2 => 1 wasFront=1 pickNew=0)
2026-09-14 18:11:31.053 I  PeachCommander[20224:1074e] [com.apple.CoreAnalytics:client] Dropping "com.apple.appkit.app_config" as it isn't used in any transform (not in the config or budgeted?)
2026-09-14 18:11:31.053 I  PeachCommander[20224:10757] [com.apple.appintents:Execution] LNAppConnectionListener instantiated
2026-09-14 18:11:31.053 Df PeachCommander[20224:10757] [com.apple.xpc:connection] [0x8a0c48a00] Connection returned listener port: 0x6a03
2026-09-14 18:11:31.054 Df PeachCommander[20224:10751] [com.apple.xpc:connection] [0x8a0c48780] Re-initialization successful; calling out to event handler with XPC_ERROR_CONNECTION_INTERRUPTED
2026-09-14 18:11:31.054 Df PeachCommander[20224:10751] [com.apple.appintents:Connection] Process Instance Registry XPC connection has been interrupted
2026-09-14 18:11:31.054 Df PeachCommander[20224:1074e] [com.apple.dt.xctest:Default] Registering for test daemon availability notify post.
2026-09-14 18:11:31.054 Df PeachCommander[20224:10751] [com.apple.appintents:Connection] Created a new Process Instance Registry XPC connection (inactive)
2026-09-14 18:11:31.054 A  PeachCommander[20224:10751] (AppIntents) appintents:register process
2026-09-14 18:11:31.054 E  PeachCommander[20224:10757] [com.apple.appintents:Connection] Unable to get synchronousRemoteObjectProxy, error: Error Domain=NSCocoaErrorDomain Code=4097 "connection to service named com.apple.linkd.autoShortcut" UserInfo={NSDebugDescription=connection to service named com.apple.linkd.autoShortcut}
2026-09-14 18:11:31.054 E  PeachCommander[20224:10757] [com.apple.AppKit:Application] Error registering app with intents framework: Error Domain=NSCocoaErrorDomain Code=4097 UserInfo={NSDebugDescription=<private>}
2026-09-14 18:11:31.054 Df PeachCommander[20224:1074e] [com.apple.dt.xctest:Default] notify_get_state check indicated test daemon not ready.
2026-09-14 18:11:31.054 Df PeachCommander[20224:10751] [com.apple.appintents:Connection] Created a new Process Instance Registry XPC connection (inactive)
2026-09-14 18:11:31.054 Df PeachCommander[20224:10751] [com.apple.xpc:connection] [0x8a0c48b40] activating connection: mach=true listener=false peer=false name=com.apple.linkd.autoShortcut
2026-09-14 18:11:31.054 Df PeachCommander[20224:1074e] [com.apple.dt.xctest:Default] notify_get_state check indicated test daemon not ready.
2026-09-14 18:11:31.054 Df PeachCommander[20224:10751] [com.apple.appintents:Connection] Activated connection to linkd (ApplicationService)
2026-09-14 18:11:31.054 Df PeachCommander[20224:10751] [com.apple.xpc:connection] [0x8a0c48a00] Connection returned listener port: 0x6a03
2026-09-14 18:11:31.054 Df PeachCommander[20224:1074e] [com.apple.dt.xctest:Default] notify_get_state check indicated test daemon not ready.
2026-09-14 18:11:31.055 Df PeachCommander[20224:10757] [com.apple.xpc:connection] [0x8a0c48b40] Re-initialization successful; calling out to event handler with XPC_ERROR_CONNECTION_INTERRUPTED
2026-09-14 18:11:31.055 Df PeachCommander[20224:10757] [com.apple.appintents:Connection] Process Instance Registry XPC connection has been interrupted
2026-09-14 18:11:31.055 E  PeachCommander[20224:10751] [com.apple.appintents:Connection] Unable to get synchronousRemoteObjectProxy, error: Error Domain=NSCocoaErrorDomain Code=4097 "connection to service named com.apple.linkd.autoShortcut" UserInfo={NSDebugDescription=connection to service named com.apple.linkd.autoShortcut}
2026-09-14 18:11:31.055 Df PeachCommander[20224:10756] [com.apple.appintents:Connection] Created a new Process Instance Registry XPC connection (inactive)
2026-09-14 18:11:31.055 A  PeachCommander[20224:10756] (AppIntents) appintents:register process
2026-09-14 18:11:31.055 E  PeachCommander[20224:10751] [com.apple.appintents:Connection] Unable to re-register with Process Instance Registry, error: Error Domain=NSCocoaErrorDomain Code=4097 "connection to service named com.apple.linkd.autoShortcut" UserInfo={NSDebugDescription=connection to service named com.apple.linkd.autoShortcut}
2026-09-14 18:11:31.055 Df PeachCommander[20224:10756] [com.apple.appintents:Connection] Created a new Process Instance Registry XPC connection (inactive)
2026-09-14 18:11:31.055 Df PeachCommander[20224:10756] [com.apple.xpc:connection] [0x8a0c492c0] activating connection: mach=true listener=false peer=false name=com.apple.linkd.autoShortcut
2026-09-14 18:11:31.055 Df PeachCommander[20224:10756] [com.apple.appintents:Connection] Activated connection to linkd (ApplicationService)
2026-09-14 18:11:31.055 Df PeachCommander[20224:10756] [com.apple.xpc:connection] [0x8a0c48a00] Connection returned listener port: 0x6a03
2026-09-14 18:11:31.055 Df PeachCommander[20224:10751] [com.apple.xpc:connection] [0x8a0c492c0] Re-initialization successful; calling out to event handler with XPC_ERROR_CONNECTION_INTERRUPTED
2026-09-14 18:11:31.055 Df PeachCommander[20224:10751] [com.apple.appintents:Connection] Process Instance Registry XPC connection has been interrupted
2026-09-14 18:11:31.055 E  PeachCommander[20224:10756] [com.apple.appintents:Connection] Unable to get synchronousRemoteObjectProxy, error: Error Domain=NSCocoaErrorDomain Code=4097 "connection to service named com.apple.linkd.autoShortcut" UserInfo={NSDebugDescription=connection to service named com.apple.linkd.autoShortcut}
2026-09-14 18:11:31.055 E  PeachCommander[20224:10756] [com.apple.appintents:Connection] Unable to re-register with Process Instance Registry, error: Error Domain=NSCocoaErrorDomain Code=4097 "connection to service named com.apple.linkd.autoShortcut" UserInfo={NSDebugDescription=connection to service named com.apple.linkd.autoShortcut}
2026-09-14 18:11:31.055 Df PeachCommander[20224:10751] [com.apple.appintents:Connection] Created a new Process Instance Registry XPC connection (inactive)
2026-09-14 18:11:31.055 A  PeachCommander[20224:10751] (AppIntents) appintents:register process
2026-09-14 18:11:31.055 Df PeachCommander[20224:10751] [com.apple.appintents:Connection] Created a new Process Instance Registry XPC connection (inactive)
2026-09-14 18:11:31.055 Df PeachCommander[20224:10751] [com.apple.xpc:connection] [0x8a0c49540] activating connection: mach=true listener=false peer=false name=com.apple.linkd.autoShortcut
2026-09-14 18:11:31.055 Df PeachCommander[20224:10751] [com.apple.appintents:Connection] Activated connection to linkd (ApplicationService)
2026-09-14 18:11:31.055 Df PeachCommander[20224:10751] [com.apple.xpc:connection] [0x8a0c48a00] Connection returned listener port: 0x6a03
2026-09-14 18:11:31.055 Df PeachCommander[20224:10756] [com.apple.xpc:connection] [0x8a0c49540] Re-initialization successful; calling out to event handler with XPC_ERROR_CONNECTION_INTERRUPTED
2026-09-14 18:11:31.055 Df PeachCommander[20224:10756] [com.apple.appintents:Connection] Process Instance Registry XPC connection has been interrupted
2026-09-14 18:11:31.055 E  PeachCommander[20224:10756] [com.apple.appintents:Connection] Will NOT re-try to establish the connection
2026-09-14 18:11:31.055 E  PeachCommander[20224:10751] [com.apple.appintents:Connection] Unable to get synchronousRemoteObjectProxy, error: Error Domain=NSCocoaErrorDomain Code=4097 "connection to service named com.apple.linkd.autoShortcut" UserInfo={NSDebugDescription=connection to service named com.apple.linkd.autoShortcut}
2026-09-14 18:11:31.055 E  PeachCommander[20224:10751] [com.apple.appintents:Connection] Unable to re-register with Process Instance Registry, error: Error Domain=NSCocoaErrorDomain Code=4097 "connection to service named com.apple.linkd.autoShortcut" UserInfo={NSDebugDescription=connection to service named com.apple.linkd.autoShortcut}
2026-09-14 18:11:31.060 A  PeachCommander[20224:1074e] (CoreFoundation) Loading Preferences From System CFPrefsD
2026-09-14 18:11:31.060 Df PeachCommander[20224:1074e] (libMobileGestalt.dylib) couldn't load support library
2026-09-14 18:11:31.060 Df PeachCommander[20224:1074e] (libMobileGestalt.dylib) called dummy function!
2026-09-14 18:11:31.061 I  PeachCommander[20224:1074e] [com.apple.GenerativeModels:availability] Current availability state: unavailable, use cases: com.apple.WritingTools, language: <any>, api: <private>
2026-09-14 18:11:31.061 Df PeachCommander[20224:1074e] [com.apple.GenerativeModels:availability] registering darwin observer for name: com.apple.gms.availability.notification
2026-09-14 18:11:31.061 Df PeachCommander[20224:1074e] [com.apple.GenerativeModels:availability] registering darwin observer for name: com.apple.os-eligibility-domain.change.greymatter
2026-09-14 18:11:31.061 Df PeachCommander[20224:1074e] [com.apple.GenerativeModels:availability] registering darwin observer for name: com.apple.language.changed
2026-09-14 18:11:31.061 Df PeachCommander[20224:1074e] [com.apple.WritingTools:Default] isAvailable value changed: isMDMAllowed = true, gmAvailable (current) = false
2026-09-14 18:11:31.065 I  PeachCommander[20224:1074e] [com.apple.CoreAnalytics:client] Dropping "com.apple.appkit.app_config" as it isn't used in any transform (not in the config or budgeted?)
2026-09-14 18:11:31.069 Df PeachCommander[20224:1074e] [com.apple.AppKit:Appearance] NSApp cache appearance:
-NSRequiresAquaSystemAppearance: 0
-appearance: (null)
-effectiveAppearance: <NSCompositeAppearance: 0x8a1080460
 (
    "<NSAquaAppearance: 0x8a10806e0>",
    "<NSSystemAppearance: 0x8a1080780>"
)>
2026-09-14 18:11:31.072 A  PeachCommander[20224:1074e] (CoreFoundation) Loading Preferences From User CFPrefsD
2026-09-14 18:11:31.073 A  PeachCommander[20224:1074e] (CoreFoundation) Loading Preferences From User CFPrefsD
2026-09-14 18:11:31.079 A  PeachCommander[20224:10751] (libsystem_info.dylib) Membership API: translate identifier
2026-09-14 18:11:31.082 I  PeachCommander[20224:1074e] [com.apple.CoreAnalytics:client] Dropping "com.apple.appkit.app_config" as it isn't used in any transform (not in the config or budgeted?)
2026-09-14 18:11:31.082 I  PeachCommander[20224:1074e] [com.apple.CoreAnalytics:client] Dropping "com.apple.appkit.app_config" as it isn't used in any transform (not in the config or budgeted?)
2026-09-14 18:11:31.084 Df PeachCommander[20224:10756] [com.apple.xpc:connection] [0x8a0c49a40] activating connection: mach=true listener=false peer=false name=com.apple.dock.fullscreen
2026-09-14 18:11:31.087 Df PeachCommander[20224:1074e] [com.apple.xpc:connection] [0x8a0c49b80] activating connection: mach=true listener=false peer=false name=com.apple.fonts
2026-09-14 18:11:31.092 I  PeachCommander[20224:1074e] [com.apple.launchservices:cas] information in shared memory for 0x0-0x100100 with seed 533 was still valid, so using cached info { "ApplicationType"="Foreground", "BuildMachineOSBuild"="25E246", "BundleIdentifierLowerCase"="com.peachcommander.app", "CFBundleDevelopmentRegion"="en", "CFBundleDocumentTypes"=( { "CFBundleTypeName"="Peach Commander Plugin Package", "CFBundleTypeRole"="Viewer", "LSHandlerRank"="Owner", "LSItemContentTypes"=( "com.peachcommander.plugin-package") }), "CFBundleExecutable"="PeachCommander", "CFBundleExecutablePath"="/Users/admin/pc-test/PeachCommander.app/Contents/MacOS/PeachCommander", "CFBundleExecutablePathDeviceID"=16777229, "CFBundleExecutablePathINode"=487524, "CFBundleHelpBookFolder"="PeachCommander.help", "CFBundleHelpBookName"="Peach Commander Help", "CFBundleIconFile"="AppIcon", "CFBundleIconName"="AppIcon", "CFBundleIdentifier"="com.peachcommander.app", "CFBundleInfoDictionaryVersion"="6.0", "CFBundleName"="PeachCommander", "CFBundleNameLowerCase"="peachcommander", "CFBundleNumericVersion"=402685952, "CFBundlePackageType"="APPL", "CFBundleShortVersionString"="0.9.0", "CFBun<…>
2026-09-14 18:11:31.093 I  PeachCommander[20224:1074e] [com.apple.CoreAnalytics:client] Dropping "com.apple.appkit.app_config" as it isn't used in any transform (not in the config or budgeted?)
2026-09-14 18:11:31.093 Df PeachCommander[20224:1074e] [com.apple.AppKit:AutomaticTermination] -[NSApplication(NSAppssassination) _checkForAutomaticTerminationSupportPossiblyEnablingIt]_block_invoke Enabling automatic termination support.
2026-09-14 18:11:31.093 Df PeachCommander[20224:1074e] [com.apple.xpc:connection] [0x8a0c48dc0] activating connection: mach=true listener=false peer=false name=com.apple.appkit.restoration_storage
2026-09-14 18:11:31.093 I  PeachCommander[20224:1074e] [com.apple.launchservices:cas] information in shared memory for 0x0-0x100100 with seed 533 was still valid, so using cached info { "ApplicationType"="Foreground", "BuildMachineOSBuild"="25E246", "BundleIdentifierLowerCase"="com.peachcommander.app", "CFBundleDevelopmentRegion"="en", "CFBundleDocumentTypes"=( { "CFBundleTypeName"="Peach Commander Plugin Package", "CFBundleTypeRole"="Viewer", "LSHandlerRank"="Owner", "LSItemContentTypes"=( "com.peachcommander.plugin-package") }), "CFBundleExecutable"="PeachCommander", "CFBundleExecutablePath"="/Users/admin/pc-test/PeachCommander.app/Contents/MacOS/PeachCommander", "CFBundleExecutablePathDeviceID"=16777229, "CFBundleExecutablePathINode"=487524, "CFBundleHelpBookFolder"="PeachCommander.help", "CFBundleHelpBookName"="Peach Commander Help", "CFBundleIconFile"="AppIcon", "CFBundleIconName"="AppIcon", "CFBundleIdentifier"="com.peachcommander.app", "CFBundleInfoDictionaryVersion"="6.0", "CFBundleName"="PeachCommander", "CFBundleNameLowerCase"="peachcommander", "CFBundleNumericVersion"=402685952, "CFBundlePackageType"="APPL", "CFBundleShortVersionString"="0.9.0", "CFBun<…>
2026-09-14 18:11:31.093 Df PeachCommander[20224:1074e] [com.apple.xpc:connection] [0x8a0c48f00] activating connection: mach=true listener=false peer=false name=com.apple.coreservices.appleevents
2026-09-14 18:11:31.094 I  PeachCommander[20224:1074e] [com.apple.appleevents:main] _AEGetRegisteredMachPort() created default port (port:44803/0xaf03 rcv:1 send:1 limit:5) and registered it with server
2026-09-14 18:11:31.094 Df PeachCommander[20224:1074e] [com.apple.xpc:connection] [0x8a0c48280] Connection returned listener port: 0x5403
2026-09-14 18:11:31.094 I  PeachCommander[20224:1074e] [com.apple.launchservices:cas] information in shared memory for 0x0-0x100100 with seed 533 was still valid, so using cached info { "ApplicationType"="Foreground", "BuildMachineOSBuild"="25E246", "BundleIdentifierLowerCase"="com.peachcommander.app", "CFBundleDevelopmentRegion"="en", "CFBundleDocumentTypes"=( { "CFBundleTypeName"="Peach Commander Plugin Package", "CFBundleTypeRole"="Viewer", "LSHandlerRank"="Owner", "LSItemContentTypes"=( "com.peachcommander.plugin-package") }), "CFBundleExecutable"="PeachCommander", "CFBundleExecutablePath"="/Users/admin/pc-test/PeachCommander.app/Contents/MacOS/PeachCommander", "CFBundleExecutablePathDeviceID"=16777229, "CFBundleExecutablePathINode"=487524, "CFBundleHelpBookFolder"="PeachCommander.help", "CFBundleHelpBookName"="Peach Commander Help", "CFBundleIconFile"="AppIcon", "CFBundleIconName"="AppIcon", "CFBundleIdentifier"="com.peachcommander.app", "CFBundleInfoDictionaryVersion"="6.0", "CFBundleName"="PeachCommander", "CFBundleNameLowerCase"="peachcommander", "CFBundleNumericVersion"=402685952, "CFBundlePackageType"="APPL", "CFBundleShortVersionString"="0.9.0", "CFBun<…>
2026-09-14 18:11:31.094 Df PeachCommander[20224:1074e] [com.apple.processmanager:front-35286506] SignalReady: pid=20224 asn=0x0-0x100100
2026-09-14 18:11:31.094 Df PeachCommander[20224:1074e] [com.apple.processmanager:front-35286506] SIGNAL: pid=20224 asn=0x0x-0x100100
2026-09-14 18:11:31.094 I  PeachCommander[20224:1074e] [com.apple.appleevents:main] aeGenerateFakeFirstOAPPEventIfNecessary()
2026-09-14 18:11:31.094 I  PeachCommander[20224:1074e] [com.apple.appleevents:main] aeGenerateFakeFirstOAPPEventIfNecessary(), needToCreateFakeOAPPEventIfFirstEvent == true
2026-09-14 18:11:31.094 I  PeachCommander[20224:1074e] [com.apple.launchservices:cas] Removing cached information for app [ 0x0-0x100100]  "PeachCommander", as its seed is different from that in shared memory ( 533 vs 535)
2026-09-14 18:11:31.095 I  PeachCommander[20224:1074e] [com.apple.CFPasteboard:entry] CopyData('DefaultAsciiKeyboardLayoutPasteboard' (<CFUUID 0x8a0c7ba20> 2B74671A-5705-4FBA-A75A-9B2C934A9238) gen: -1 item: 1264739405 flavor: 'DefaultAsciiKeyboardLayoutFlavor')
2026-09-14 18:11:31.095 I  PeachCommander[20224:1074e] [com.apple.CFPasteboard:cache] Rebuilding cache for 'DefaultAsciiKeyboardLayoutPasteboard' (<CFUUID 0x8a0c7ba20> 2B74671A-5705-4FBA-A75A-9B2C934A9238)
2026-09-14 18:11:31.095 I  PeachCommander[20224:1074e] [com.apple.CFPasteboard:exit] (not-in-cache) - result: -8 generation: 0 null data flags: 0
2026-09-14 18:11:31.095 A  PeachCommander[20224:1074e] (CoreFoundation) Loading Preferences From User CFPrefsD
2026-09-14 18:11:31.095 A  PeachCommander[20224:1074e] (CoreFoundation) Loading Preferences From System CFPrefsD
2026-09-14 18:11:31.096 I  PeachCommander[20224:1074e] [com.apple.CFPasteboard:entry] CopyData('AppleIntlFileCacheModificationDatePasteboard' (<CFUUID 0x8a0c7ba60> A8498F10-454C-4566-854B-1DD92D824DFE) gen: -1 item: 1 flavor: '-32766 1768845414')
2026-09-14 18:11:31.096 I  PeachCommander[20224:1074e] [com.apple.CFPasteboard:cache] Rebuilding cache for 'AppleIntlFileCacheModificationDatePasteboard' (<CFUUID 0x8a0c7ba60> A8498F10-454C-4566-854B-1DD92D824DFE)
2026-09-14 18:11:31.096 I  PeachCommander[20224:1074e] [com.apple.CFPasteboard:general] Will request data from daemon
2026-09-14 18:11:31.096 I  PeachCommander[20224:1074e] [com.apple.CFPasteboard:exit] (not-in-cache) - result: 0 generation: 2 data (310 bytes) flags: 0
2026-09-14 18:11:31.096 I  PeachCommander[20224:1074e] [com.apple.CFPasteboard:entry] CopyData('AppleIntlFileCacheModificationDatePasteboard' (<CFUUID 0x8a0c7ba60> A8498F10-454C-4566-854B-1DD92D824DFE) gen: -1 item: 1 flavor: '-32765 1802264953')
2026-09-14 18:11:31.096 I  PeachCommander[20224:1074e] [com.apple.CFPasteboard:general] Will request data from daemon
2026-09-14 18:11:31.096 I  PeachCommander[20224:1074e] [com.apple.CFPasteboard:exit] (not-in-cache) - result: 0 generation: 2 data (306 bytes) flags: 0
2026-09-14 18:11:31.096 I  PeachCommander[20224:1074e] [com.apple.CFPasteboard:entry] CopyData('AppleIntlFileCacheModificationDatePasteboard' (<CFUUID 0x8a0c7ba60> A8498F10-454C-4566-854B-1DD92D824DFE) gen: -1 item: 1 flavor: '-32764 1802264953')
2026-09-14 18:11:31.096 I  PeachCommander[20224:1074e] [com.apple.CFPasteboard:general] Will request data from daemon
2026-09-14 18:11:31.096 I  PeachCommander[20224:1074e] [com.apple.CFPasteboard:exit] (not-in-cache) - result: 0 generation: 2 data (281 bytes) flags: 0
2026-09-14 18:11:31.096 I  PeachCommander[20224:1074e] [com.apple.CFPasteboard:entry] CopyData('AppleIntlFileCacheModificationDatePasteboard' (<CFUUID 0x8a0c7ba60> A8498F10-454C-4566-854B-1DD92D824DFE) gen: -1 item: 1 flavor: '-32763 1802264953')
2026-09-14 18:11:31.096 I  PeachCommander[20224:1074e] [com.apple.CFPasteboard:general] Will request data from daemon
2026-09-14 18:11:31.096 I  PeachCommander[20224:1074e] [com.apple.CFPasteboard:exit] (not-in-cache) - result: 0 generation: 2 data (318 bytes) flags: 0
2026-09-14 18:11:31.096 I  PeachCommander[20224:1074e] [com.apple.CFPasteboard:entry] CopyData('AppleIntlFileCacheModificationDatePasteboard' (<CFUUID 0x8a0c7ba60> A8498F10-454C-4566-854B-1DD92D824DFE) gen: -1 item: 1 flavor: '-32765 1768845414')
2026-09-14 18:11:31.096 I  PeachCommander[20224:1074e] [com.apple.CFPasteboard:general] Will request data from daemon
2026-09-14 18:11:31.096 I  PeachCommander[20224:1074e] [com.apple.CFPasteboard:exit] (not-in-cache) - result: 0 generation: 2 data (303 bytes) flags: 0
2026-09-14 18:11:31.097 I  PeachCommander[20224:1074e] [com.apple.CFPasteboard:entry] CopyData('AppleIntlFileCacheModificationDatePasteboard' (<CFUUID 0x8a0c7ba60> A8498F10-454C-4566-854B-1DD92D824DFE) gen: -1 item: 1 flavor: '-32763 1768845414')
2026-09-14 18:11:31.097 I  PeachCommander[20224:1074e] [com.apple.CFPasteboard:general] Will request data from daemon
2026-09-14 18:11:31.097 I  PeachCommander[20224:1074e] [com.apple.CFPasteboard:exit] (not-in-cache) - result: 0 generation: 2 data (315 bytes) flags: 0
2026-09-14 18:11:31.098 I  PeachCommander[20224:1074e] [com.apple.launchservices:cas] information in shared memory for 0x0-0x100100 with seed 535 was still valid, so using cached info { "ApplicationType"="Foreground", "BuildMachineOSBuild"="25E246", "BundleIdentifierLowerCase"="com.peachcommander.app", "CFBundleDevelopmentRegion"="en", "CFBundleDocumentTypes"=( { "CFBundleTypeName"="Peach Commander Plugin Package", "CFBundleTypeRole"="Viewer", "LSHandlerRank"="Owner", "LSItemContentTypes"=( "com.peachcommander.plugin-package") }), "CFBundleExecutable"="PeachCommander", "CFBundleExecutablePath"="/Users/admin/pc-test/PeachCommander.app/Contents/MacOS/PeachCommander", "CFBundleExecutablePathDeviceID"=16777229, "CFBundleExecutablePathINode"=487524, "CFBundleHelpBookFolder"="PeachCommander.help", "CFBundleHelpBookName"="Peach Commander Help", "CFBundleIconFile"="AppIcon", "CFBundleIconName"="AppIcon", "CFBundleIdentifier"="com.peachcommander.app", "CFBundleInfoDictionaryVersion"="6.0", "CFBundleName"="PeachCommander", "CFBundleNameLowerCase"="peachcommander", "CFBundleNumericVersion"=402685952, "CFBundlePackageType"="APPL", "CFBundleShortVersionString"="0.9.0", "CFBun<…>
2026-09-14 18:11:31.098 Df PeachCommander[20224:1074e] [com.apple.xpc:connection] [0x8a0c49e00] activating connection: mach=false listener=false peer=false name=com.apple.ViewBridgeAuxiliary
2026-09-14 18:11:31.105 Df PeachCommander[20224:1074e] [com.apple.xpc:connection] [0x8a0c49cc0] activating connection: mach=false listener=false peer=false name=(anonymous)
2026-09-14 18:11:31.105 Df PeachCommander[20224:1074e] [com.apple.xpc:connection] [0x8a0c49f40] activating connection: mach=false listener=true peer=false name=(anonymous)
2026-09-14 18:11:31.105 Df PeachCommander[20224:1074e] [com.apple.xpc:connection] [0x8a0c49f40] Connection returned listener port: 0xb403
2026-09-14 18:11:31.105 Df PeachCommander[20224:1074e] [com.apple.xpc:connection] [0x8a0c49e00] invalidated after the last release of the connection object
2026-09-14 18:11:31.106 I  PeachCommander[20224:1074e] [com.apple.runningboard:assertion] Acquiring assertion: <RBSAssertionDescriptor| "AppNap adapter assertion" ID:(null) target:20224>
2026-09-14 18:11:31.108 I  PeachCommander[20224:1074e] [com.apple.showhide:pr-59900543] SHOWHIDE: SHOW id=440 0x0-0x100100, err=0 eventTime=1396203757250 windowID=0
2026-09-14 18:11:31.108 I  PeachCommander[20224:1074e] [com.apple.CarbonCore:coreservicesdaemon] findOrCreateCacheable():findOrCreateCacheable(), factoryName=3 cacheableName=<private> fCacheables.size()=0
2026-09-14 18:11:31.108 I  PeachCommander[20224:1074e] [com.apple.CarbonCore:coreservicesdaemon] findOrCreateCacheable():findOrCreateCacheable(), result = 0x8a0c38e80 (should be non-NULL)
2026-09-14 18:11:31.108 Df PeachCommander[20224:1074e] [com.apple.AppKit:AutomaticTermination] void _NSDisableAutomaticTerminationAndLog(NSString *) Restoring windows
2026-09-14 18:11:31.108 Df PeachCommander[20224:1074e] [com.apple.AppKit:StateRestoration] -[NSApplication _reopenWindowsAsNecessaryIncludingRestorableState:withFullFidelity:completionHandler:] shouldRestoreState=1 hasPersistentStateToRestore=0 shouldStillRestoreStateAfterPrompting=0
2026-09-14 18:11:31.108 Df PeachCommander[20224:1074e] [com.apple.xpc:connection] [0x8a0c49e00] activating connection: mach=true listener=false peer=false name=com.apple.window_proxies
2026-09-14 18:11:31.108 Df PeachCommander[20224:1074e] [com.apple.xpc:connection] [0x8a0c49e00] invalidated because the current process cancelled the connection by calling xpc_connection_cancel()
2026-09-14 18:11:31.109 I  PeachCommander[20224:1074e] [com.apple.SkyLight:processes] 0[outside of RPC]: SLSSetFrontProcessWithInfo(0x0-0x2 window=0 options=0x1
2026-09-14 18:11:31.109 I  PeachCommander[20224:1074e] [com.apple.CoreAnalytics:client] Dropping "com.apple.appkit.app_config" as it isn't used in any transform (not in the config or budgeted?)
2026-09-14 18:11:31.109 Df PeachCommander[20224:1074e] [com.apple.AppKit:AutomaticTermination] void _NSEnableAutomaticTerminationAndLog(NSString *) Restoring windows
2026-09-14 18:11:31.113 I  PeachCommander[20224:1074e] [com.apple.CoreAnalytics:client] Dropping "com.apple.appkit.app_config" as it isn't used in any transform (not in the config or budgeted?)
2026-09-14 18:11:31.113 I  PeachCommander[20224:1074e] [com.apple.CoreAnalytics:client] Dropping "com.apple.appkit.app_config" as it isn't used in any transform (not in the config or budgeted?)
2026-09-14 18:11:31.118 A  PeachCommander[20224:10751] (RunningBoardServices) didChangeInheritances
2026-09-14 18:11:31.130 A  PeachCommander[20224:1074e] (CoreFoundation) Loading Preferences From User CFPrefsD
2026-09-14 18:11:31.137 I  PeachCommander[20224:1074e] [com.peachcommander:PCFoundation] VolumeManager initialized
2026-09-14 18:11:31.164 Df PeachCommander[20224:1074e] [com.apple.BoardServices:XPCErrors] [C:1] Alloc <private>
2026-09-14 18:11:31.164 Df PeachCommander[20224:1074e] [com.apple.xpc:connection] [0x8a0efd180] activating connection: mach=false listener=false peer=false name=(anonymous)
2026-09-14 18:11:31.167 I  PeachCommander[20224:1074e] [com.apple.AppKit:Window] context (0 -> 1d96a3af) for window 41f
2026-09-14 18:11:31.168 Df PeachCommander[20224:10757] [com.apple.corespotlight:index] (<private>) deleteSearchableItemsWithDomainIdentifiers, protectionClass:(null), domainIdentifiers number:1
2026-09-14 18:11:31.168 A  PeachCommander[20224:10757] (CoreSpotlight) delete-domains
2026-09-14 18:11:31.168 Df PeachCommander[20224:10757] [com.apple.corespotlight:index] CSInlineDonation:<private>: Skipping donation (feature flag disabled)
2026-09-14 18:11:31.168 Df PeachCommander[20224:10757] (CoreSpotlight) sConnectionName: com.apple.spotlight.IndexAgent
2026-09-14 18:11:31.168 Df PeachCommander[20224:10757] (CoreSpotlight) Start service name com.apple.spotlight.IndexAgent
2026-09-14 18:11:31.168 Df PeachCommander[20224:10757] [com.apple.xpc:connection] [0x8a0efd400] activating connection: mach=true listener=false peer=false name=com.apple.spotlight.IndexAgent
2026-09-14 18:11:31.168 I  PeachCommander[20224:1074e] [com.peachcommander:PCFoundation] MainWindowController initialized (config: <private>)
2026-09-14 18:11:31.169 I  PeachCommander[20224:1074e] [com.peachcommander:PCFoundation] SelectionState initialized
2026-09-14 18:11:31.169 I  PeachCommander[20224:1074e] [com.peachcommander:PCFoundation] DirectoryModel initialized
2026-09-14 18:11:31.169 I  PeachCommander[20224:1074e] [com.peachcommander:PCFoundation] VolumeManager initialized
2026-09-14 18:11:31.169 I  PeachCommander[20224:1074e] [com.peachcommander:PCFoundation] PanelController initialized for <private> panel
2026-09-14 18:11:31.169 I  PeachCommander[20224:1074e] [com.peachcommander:PCFoundation] SelectionState initialized
2026-09-14 18:11:31.169 I  PeachCommander[20224:1074e] [com.peachcommander:PCFoundation] DirectoryModel initialized
2026-09-14 18:11:31.169 I  PeachCommander[20224:1074e] [com.peachcommander:PCFoundation] VolumeManager initialized
2026-09-14 18:11:31.169 I  PeachCommander[20224:1074e] [com.peachcommander:PCFoundation] PanelController initialized for <private> panel
2026-09-14 18:11:31.175 I  PeachCommander[20224:1074e] [com.apple.AppKit:Animation] Running new animation: <private>
2026-09-14 18:11:31.175 I  PeachCommander[20224:1074e] [com.apple.AppKit:Animation] Running new animation: <private>
2026-09-14 18:11:31.175 I  PeachCommander[20224:1074e] [com.apple.AppKit:Animation] Running new animation: <private>
2026-09-14 18:11:31.175 I  PeachCommander[20224:1074e] [com.apple.AppKit:Animation] Running new animation: <private>
2026-09-14 18:11:31.175 I  PeachCommander[20224:1074e] [com.apple.AppKit:Animation] Running new animation: <private>
2026-09-14 18:11:31.179 I  PeachCommander[20224:1074e] [com.apple.AppKit:Animation] Running new animation: <private>
2026-09-14 18:11:31.179 I  PeachCommander[20224:1074e] [com.apple.AppKit:Animation] Running new animation: <private>
2026-09-14 18:11:31.179 I  PeachCommander[20224:1074e] [com.apple.AppKit:Animation] Running new animation: <private>
2026-09-14 18:11:31.179 I  PeachCommander[20224:1074e] [com.apple.AppKit:Animation] Running new animation: <private>
2026-09-14 18:11:31.179 I  PeachCommander[20224:1074e] [com.apple.AppKit:Animation] Running new animation: <private>
2026-09-14 18:11:31.188 I  PeachCommander[20224:1074e] [com.apple.CoreAnalytics:client] Dropping "com.apple.appkit.app_config" as it isn't used in any transform (not in the config or budgeted?)
2026-09-14 18:11:31.194 I  PeachCommander[20224:1074e] [com.apple.CoreAnalytics:client] Dropping "com.apple.appkit.app_config" as it isn't used in any transform (not in the config or budgeted?)
2026-09-14 18:11:31.199 I  PeachCommander[20224:1074e] [com.apple.launchservices:datasep] application record search init. Node: <FSNode 0x8a098ec80> { isDir = ?, path = <private> } bundleID: (null) itemID: 0
2026-09-14 18:11:31.201 I  PeachCommander[20224:1074e] [com.apple.GenerativeModels:availability] Current availability state: unavailable, use cases: com.apple.Settings.AppleIntelligence,com.apple.Siri.NLRouter, language: en, api: <private>
2026-09-14 18:11:31.201 Df PeachCommander[20224:1074e] [com.apple.GenerativeModels:availability] isOkayToHaveAsset: False
2026-09-14 18:11:31.201 E  PeachCommander[20224:1074e] [com.apple.siri:Utility] AFIsDeviceGreymatterEligible Missing entitlements for os_eligibility lookup
2026-09-14 18:11:31.201 I  PeachCommander[20224:1074e] [com.apple.GenerativeModels:availability] Current availability state: unavailable, use cases: com.apple.Settings.AppleIntelligence, language: en, api: <private>
2026-09-14 18:11:31.201 Df PeachCommander[20224:1074e] [com.apple.GenerativeModels:availability] isOkayToHaveAsset: False
2026-09-14 18:11:31.201 Df PeachCommander[20224:1074e] [com.apple.siri:Utility] -[AFSystemAssistantExperienceStatusManager fetchGenerativeModelsAvailability] #SAEStatus #cacheUpdate Updating cache:
deviceSupportsSAE: 0 (0)
       saeEnabled: 0 (0)
     saeAvailable: 0 (0)
      swaiEnabled: 0 (0)
        viEnabled: 0 (0)
        siriAvailability:
        <private>
        ((null))
2026-09-14 18:11:31.201 Df PeachCommander[20224:1074e] [com.apple.xpc:connection] [0x8a0a1c140] activating connection: mach=true listener=false peer=false name=com.apple.iconservices
2026-09-14 18:11:31.202 Df PeachCommander[20224:1074e] [com.apple.xpc:connection] [0x8a0a1c280] activating connection: mach=true listener=false peer=false name=com.apple.iconservices.store
2026-09-14 18:11:31.211 I  PeachCommander[20224:1074e] [com.peachcommander:Theme] no user themes in /Users/admin/pc-cfg/themes
2026-09-14 18:11:31.211 Df PeachCommander[20224:1074e] [com.apple.AppKit:Appearance] Invalidate NSApp effectiveAppearance
2026-09-14 18:11:31.211 Df PeachCommander[20224:1074e] [com.apple.AppKit:Appearance] NSApp cache appearance:
-NSRequiresAquaSystemAppearance: 0
-appearance: <NSCompositeAppearance: 0x8a10819a0
 (
    "<NSDarkAquaAppearance: 0x8a1081a40>",
    "<NSSystemAppearance: 0x8a1080780>"
)>
-effectiveAppearance: <NSCompositeAppearance: 0x8a10819a0
 (
    "<NSDarkAquaAppearance: 0x8a1081a40>",
    "<NSSystemAppearance: 0x8a1080780>"
)>
2026-09-14 18:11:31.214 I  PeachCommander[20224:1074e] [com.peachcommander:PCFoundation] Theme applied: id=norton, appearance=dark, dark=true, background=#0000AA
2026-09-14 18:11:31.254 I  PeachCommander[20224:1074e] [com.apple.iconservices:foundation] layer data size zero
2026-09-14 18:11:31.254 I  PeachCommander[20224:1074e] [com.apple.CoreAnalytics:client] Dropping "com.apple.appkit.app_config" as it isn't used in any transform (not in the config or budgeted?)
2026-09-14 18:11:31.259 I  PeachCommander[20224:1074e] [com.peachcommander:PCFoundation] Keymap loaded: scheme=<private>, 82 effective bindings
2026-09-14 18:11:31.262 I  PeachCommander[20224:1074e] [com.apple.AppKit:Animation] Running new animation: <private>
2026-09-14 18:11:31.262 I  PeachCommander[20224:1074e] [com.apple.AppKit:Animation] Running new animation: <private>
2026-09-14 18:11:31.262 I  PeachCommander[20224:1074e] [com.apple.AppKit:Animation] Running new animation: <private>
2026-09-14 18:11:31.262 I  PeachCommander[20224:1074e] [com.apple.AppKit:Animation] Running new animation: <private>
2026-09-14 18:11:31.262 I  PeachCommander[20224:1074e] [com.apple.AppKit:Animation] Running new animation: <private>
2026-09-14 18:11:31.262 I  PeachCommander[20224:1074e] [com.apple.AppKit:Animation] Running new animation: <private>
2026-09-14 18:11:31.262 I  PeachCommander[20224:1074e] [com.apple.AppKit:Animation] Running new animation: <private>
2026-09-14 18:11:31.262 I  PeachCommander[20224:1074e] [com.apple.AppKit:Animation] Running new animation: <private>
2026-09-14 18:11:31.262 I  PeachCommander[20224:1074e] [com.apple.AppKit:Animation] Running new animation: <private>
2026-09-14 18:11:31.262 I  PeachCommander[20224:1074e] [com.apple.AppKit:Animation] Running new animation: <private>
2026-09-14 18:11:31.267 I  PeachCommander[20224:1074e] [com.apple.CoreAnalytics:client] Dropping "<private>" as it isn't used in any transform (not in the config or budgeted?)
2026-09-14 18:11:31.268 I  PeachCommander[20224:1074e] [com.apple.CoreAnalytics:client] Dropping "<private>" as it isn't used in any transform (not in the config or budgeted?)
2026-09-14 18:11:31.268 I  PeachCommander[20224:1074e] [com.apple.CoreAnalytics:client] Dropping "<private>" as it isn't used in any transform (not in the config or budgeted?)
2026-09-14 18:11:31.269 I  PeachCommander[20224:1074e] [com.peachcommander:PCFoundation] MainWindowController window loaded
2026-09-14 18:11:31.269 I  PeachCommander[20224:1074e] [com.apple.launchservices:cas] information in shared memory for 0x0-0x100100 with seed 535 was still valid, so using cached info { "ApplicationType"="Foreground", "BuildMachineOSBuild"="25E246", "BundleIdentifierLowerCase"="com.peachcommander.app", "CFBundleDevelopmentRegion"="en", "CFBundleDocumentTypes"=( { "CFBundleTypeName"="Peach Commander Plugin Package", "CFBundleTypeRole"="Viewer", "LSHandlerRank"="Owner", "LSItemContentTypes"=( "com.peachcommander.plugin-package") }), "CFBundleExecutable"="PeachCommander", "CFBundleExecutablePath"="/Users/admin/pc-test/PeachCommander.app/Contents/MacOS/PeachCommander", "CFBundleExecutablePathDeviceID"=16777229, "CFBundleExecutablePathINode"=487524, "CFBundleHelpBookFolder"="PeachCommander.help", "CFBundleHelpBookName"="Peach Commander Help", "CFBundleIconFile"="AppIcon", "CFBundleIconName"="AppIcon", "CFBundleIdentifier"="com.peachcommander.app", "CFBundleInfoDictionaryVersion"="6.0", "CFBundleName"="PeachCommander", "CFBundleNameLowerCase"="peachcommander", "CFBundleNumericVersion"=402685952, "CFBundlePackageType"="APPL", "CFBundleShortVersionString"="0.9.0", "CFBun<…>
2026-09-14 18:11:31.269 I  PeachCommander[20224:1074e] [com.apple.launchservices:cas] information in shared memory for 0x0-0x100100 with seed 535 was still valid, so using cached info { "ApplicationType"="Foreground", "BuildMachineOSBuild"="25E246", "BundleIdentifierLowerCase"="com.peachcommander.app", "CFBundleDevelopmentRegion"="en", "CFBundleDocumentTypes"=( { "CFBundleTypeName"="Peach Commander Plugin Package", "CFBundleTypeRole"="Viewer", "LSHandlerRank"="Owner", "LSItemContentTypes"=( "com.peachcommander.plugin-package") }), "CFBundleExecutable"="PeachCommander", "CFBundleExecutablePath"="/Users/admin/pc-test/PeachCommander.app/Contents/MacOS/PeachCommander", "CFBundleExecutablePathDeviceID"=16777229, "CFBundleExecutablePathINode"=487524, "CFBundleHelpBookFolder"="PeachCommander.help", "CFBundleHelpBookName"="Peach Commander Help", "CFBundleIconFile"="AppIcon", "CFBundleIconName"="AppIcon", "CFBundleIdentifier"="com.peachcommander.app", "CFBundleInfoDictionaryVersion"="6.0", "CFBundleName"="PeachCommander", "CFBundleNameLowerCase"="peachcommander", "CFBundleNumericVersion"=402685952, "CFBundlePackageType"="APPL", "CFBundleShortVersionString"="0.9.0", "CFBun<…>
2026-09-14 18:11:31.284 I  PeachCommander[20224:1074e] [com.apple.AppKit:Window] order window front conditionally: 41f related: 0
2026-09-14 18:11:31.284 Df PeachCommander[20224:1074e] [com.apple.AppKit:AutomaticTermination] void _NSEnableAutomaticTerminationAndLog(NSString *) No windows open yet
2026-09-14 18:11:31.284 I  PeachCommander[20224:1074e] [com.apple.AppKit:Intelligence] starting collection observation
2026-09-14 18:11:31.284 Df PeachCommander[20224:10751] [com.apple.UIIntelligenceSupport:xpc] establishing connection to agent
2026-09-14 18:11:31.284 Df PeachCommander[20224:10751] [com.apple.xpc:session] [0x8a1d09630] Session created.
2026-09-14 18:11:31.284 Df PeachCommander[20224:10751] [com.apple.xpc:session] [0x8a1d09630] Session created from connection [0x8a0a1e440]
2026-09-14 18:11:31.284 Df PeachCommander[20224:10751] [com.apple.xpc:connection] [0x8a0a1e440] activating connection: mach=true listener=false peer=false name=com.apple.uiintelligencesupport.agent
2026-09-14 18:11:31.284 Df PeachCommander[20224:10751] [com.apple.xpc:session] [0x8a1d09630] Session activated
2026-09-14 18:11:31.284 I  PeachCommander[20224:1074e] [com.apple.SkyLight:processes] 0[outside of RPC]: SLSSetFrontProcessWithInfo(0x0-0x2 window=0 options=0x1
2026-09-14 18:11:31.285 Df PeachCommander[20224:10757] [com.apple.UIIntelligenceSupport:xpc] Connection established with agent PID: 1211
2026-09-14 18:11:31.285 I  PeachCommander[20224:1074e] [com.apple.launchservices:cas] information in shared memory for 0x0-0x100100 with seed 535 was still valid, so using cached info { "ApplicationType"="Foreground", "BuildMachineOSBuild"="25E246", "BundleIdentifierLowerCase"="com.peachcommander.app", "CFBundleDevelopmentRegion"="en", "CFBundleDocumentTypes"=( { "CFBundleTypeName"="Peach Commander Plugin Package", "CFBundleTypeRole"="Viewer", "LSHandlerRank"="Owner", "LSItemContentTypes"=( "com.peachcommander.plugin-package") }), "CFBundleExecutable"="PeachCommander", "CFBundleExecutablePath"="/Users/admin/pc-test/PeachCommander.app/Contents/MacOS/PeachCommander", "CFBundleExecutablePathDeviceID"=16777229, "CFBundleExecutablePathINode"=487524, "CFBundleHelpBookFolder"="PeachCommander.help", "CFBundleHelpBookName"="Peach Commander Help", "CFBundleIconFile"="AppIcon", "CFBundleIconName"="AppIcon", "CFBundleIdentifier"="com.peachcommander.app", "CFBundleInfoDictionaryVersion"="6.0", "CFBundleName"="PeachCommander", "CFBundleNameLowerCase"="peachcommander", "CFBundleNumericVersion"=402685952, "CFBundlePackageType"="APPL", "CFBundleShortVersionString"="0.9.0", "CFBun<…>
2026-09-14 18:11:31.286 Df PeachCommander[20224:1074e] [com.apple.xpc:connection] [0x8a0a1e580] activating connection: mach=true listener=false peer=false name=com.apple.FileCoordination
2026-09-14 18:11:31.286 Df PeachCommander[20224:10757] [com.apple.foundation.filecoordination:presenter] Adding presenter 9768E9E4-15EA-457A-BB60-7C4F5B4B2098 for URL: <private>
2026-09-14 18:11:31.286 I  PeachCommander[20224:1074e] [com.apple.launchservices:cas] information in shared memory for 0x0-0x100100 with seed 535 was still valid, so using cached info { "ApplicationType"="Foreground", "BuildMachineOSBuild"="25E246", "BundleIdentifierLowerCase"="com.peachcommander.app", "CFBundleDevelopmentRegion"="en", "CFBundleDocumentTypes"=( { "CFBundleTypeName"="Peach Commander Plugin Package", "CFBundleTypeRole"="Viewer", "LSHandlerRank"="Owner", "LSItemContentTypes"=( "com.peachcommander.plugin-package") }), "CFBundleExecutable"="PeachCommander", "CFBundleExecutablePath"="/Users/admin/pc-test/PeachCommander.app/Contents/MacOS/PeachCommander", "CFBundleExecutablePathDeviceID"=16777229, "CFBundleExecutablePathINode"=487524, "CFBundleHelpBookFolder"="PeachCommander.help", "CFBundleHelpBookName"="Peach Commander Help", "CFBundleIconFile"="AppIcon", "CFBundleIconName"="AppIcon", "CFBundleIdentifier"="com.peachcommander.app", "CFBundleInfoDictionaryVersion"="6.0", "CFBundleName"="PeachCommander", "CFBundleNameLowerCase"="peachcommander", "CFBundleNumericVersion"=402685952, "CFBundlePackageType"="APPL", "CFBundleShortVersionString"="0.9.0", "CFBun<…>
2026-09-14 18:11:31.291 I  PeachCommander[20224:1074e] [com.apple.AppKit:Window] order all windows front 1396203757250
2026-09-14 18:11:31.291 I  PeachCommander[20224:1074e] [com.apple.launchservices:cas] information in shared memory for 0x0-0x100100 with seed 535 was still valid, so using cached info { "ApplicationType"="Foreground", "BuildMachineOSBuild"="25E246", "BundleIdentifierLowerCase"="com.peachcommander.app", "CFBundleDevelopmentRegion"="en", "CFBundleDocumentTypes"=( { "CFBundleTypeName"="Peach Commander Plugin Package", "CFBundleTypeRole"="Viewer", "LSHandlerRank"="Owner", "LSItemContentTypes"=( "com.peachcommander.plugin-package") }), "CFBundleExecutable"="PeachCommander", "CFBundleExecutablePath"="/Users/admin/pc-test/PeachCommander.app/Contents/MacOS/PeachCommander", "CFBundleExecutablePathDeviceID"=16777229, "CFBundleExecutablePathINode"=487524, "CFBundleHelpBookFolder"="PeachCommander.help", "CFBundleHelpBookName"="Peach Commander Help", "CFBundleIconFile"="AppIcon", "CFBundleIconName"="AppIcon", "CFBundleIdentifier"="com.peachcommander.app", "CFBundleInfoDictionaryVersion"="6.0", "CFBundleName"="PeachCommander", "CFBundleNameLowerCase"="peachcommander", "CFBundleNumericVersion"=402685952, "CFBundlePackageType"="APPL", "CFBundleShortVersionString"="0.9.0", "CFBun<…>
2026-09-14 18:11:31.291 I  PeachCommander[20224:1074e] [com.apple.showhide:pr-59900543] SHOWHIDE: CONFIRM, id=440, err=0
2026-09-14 18:11:31.291 I  PeachCommander[20224:1074e] [com.apple.AppKit:Window] context (0 -> 9b8016b8) for window 41e
2026-09-14 18:11:31.291 I  PeachCommander[20224:1074e] [com.apple.AppKit:Window] context (0 -> 8ec5c181) for window 41d
2026-09-14 18:11:31.291 I  PeachCommander[20224:1074e] [com.apple.AppKit:Window] context (0 -> 9a9f452b) for window 41c
2026-09-14 18:11:31.291 I  PeachCommander[20224:1074e] [com.apple.AppKit:Window] context (0 -> 7be00011) for window 41b
2026-09-14 18:11:31.315 I  PeachCommander[20224:1074e] [com.apple.iconservices:foundation] layer data size zero
2026-09-14 18:11:31.326 Df PeachCommander[20224:1074e] [com.apple.AppKit:AutomaticTermination] void _updateToReflectAutomaticTerminationState(void) Setting _kLSApplicationWouldBeTerminatedByTALKey=0
2026-09-14 18:11:31.361 A  PeachCommander[20224:10751] (RunningBoardServices) didChangeInheritances
2026-09-14 18:11:31.415 Df PeachCommander[20224:1074e] [com.apple.libsystem.libdispatch:] DEPRECATED USE in libdispatch client: dispatch source activated with no event handler set; set a breakpoint on _dispatch_bug_deprecated to debug
2026-09-14 18:11:31.559 I  PeachCommander[20224:1074e] [com.apple.coreanimation:Utilities] IOSurface Compression Enabled: NO
2026-09-14 18:11:31.561 Df PeachCommander[20224:10752] [com.apple.coreanimation:Metal] Precompiled pipelines disabled on unsupported hardware.
2026-09-14 18:11:31.567 I  PeachCommander[20224:1074e] [com.apple.CarbonCore:gestalt] SetGestaltValuesBulk SetGestaltValuesBulk( count=22 tuples=0x18b4fe650
2026-09-14 18:11:31.567 I  PeachCommander[20224:1074e] [com.apple.CarbonCore:gestalt] SetGestaltValue SetGestaltValue(alis 1C9) => 0
2026-09-14 18:11:31.567 I  PeachCommander[20224:1074e] [com.apple.CarbonCore:gestalt] SetGestaltValue SetGestaltValue(os   FE) => 0
2026-09-14 18:11:31.567 I  PeachCommander[20224:1074e] [com.apple.CarbonCore:gestalt] SetGestaltValue SetGestaltValue(addr 7) => 0
2026-09-14 18:11:31.567 I  PeachCommander[20224:1074e] [com.apple.CarbonCore:gestalt] SetGestaltValue SetGestaltValue(fs   3D332) => 0
2026-09-14 18:11:31.567 I  PeachCommander[20224:1074e] [com.apple.CarbonCore:gestalt] SetGestaltValue SetGestaltValue(fold 11) => 0
2026-09-14 18:11:31.567 I  PeachCommander[20224:1074e] [com.apple.CarbonCore:gestalt] SetGestaltValue SetGestaltValue(lram 7FFFF000) => 0
2026-09-14 18:11:31.567 I  PeachCommander[20224:1074e] [com.apple.CarbonCore:gestalt] SetGestaltValue SetGestaltValue(mmap 1) => 0
2026-09-14 18:11:31.567 I  PeachCommander[20224:1074e] [com.apple.CarbonCore:gestalt] SetGestaltValue SetGestaltValue(cfrg 1) => 0
2026-09-14 18:11:31.567 I  PeachCommander[20224:1074e] [com.apple.CarbonCore:gestalt] SetGestaltValue SetGestaltValue(thds 7) => 0
2026-09-14 18:11:31.567 I  PeachCommander[20224:1074e] [com.apple.CarbonCore:gestalt] SetGestaltValue SetGestaltValue(tmgr E) => 0
2026-09-14 18:11:31.567 I  PeachCommander[20224:1074e] [com.apple.CarbonCore:gestalt] SetGestaltValue SetGestaltValue(vers 7) => 0
2026-09-14 18:11:31.567 I  PeachCommander[20224:1074e] [com.apple.CarbonCore:gestalt] SetGestaltValue SetGestaltValue(cbon 160) => 0
2026-09-14 18:11:31.567 I  PeachCommander[20224:1074e] [com.apple.CarbonCore:gestalt] SetGestaltValue SetGestaltValue(cltn 1108000) => 0
2026-09-14 18:11:31.567 I  PeachCommander[20224:1074e] [com.apple.CarbonCore:gestalt] SetGestaltValue SetGestaltValue(cpnt 8) => 0
2026-09-14 18:11:31.567 I  PeachCommander[20224:1074e] [com.apple.CarbonCore:gestalt] SetGestaltValue SetGestaltValue(rsrc 3) => 0
2026-09-14 18:11:31.567 I  PeachCommander[20224:1074e] [com.apple.CarbonCore:gestalt] SetGestaltValue SetGestaltValue(rmbg 11F) => 0
2026-09-14 18:11:31.567 I  PeachCommander[20224:1074e] [com.apple.CarbonCore:gestalt] SetGestaltValue SetGestaltValue(vm   11) => 0
2026-09-14 18:11:31.567 I  PeachCommander[20224:1074e] [com.apple.CarbonCore:gestalt] SetGestaltValue SetGestaltValue(srad 4170706C) => 0
2026-09-14 18:11:31.567 I  PeachCommander[20224:1074e] [com.apple.CarbonCore:gestalt] SetGestaltValue SetGestaltValue(sysa 14) => 0
2026-09-14 18:11:31.567 I  PeachCommander[20224:1074e] [com.apple.CarbonCore:gestalt] SetGestaltValue SetGestaltValue(copl 9) => 0
2026-09-14 18:11:31.567 I  PeachCommander[20224:1074e] [com.apple.CarbonCore:gestalt] SetGestaltValue SetGestaltValue(xlat 0) => 0
2026-09-14 18:11:31.567 I  PeachCommander[20224:1074e] [com.apple.CarbonCore:gestalt] SetGestaltValue SetGestaltValue(stdf 0) => 0
2026-09-14 18:11:31.567 I  PeachCommander[20224:1074e] [com.apple.CarbonCore:gestalt] _NewGestalt _NewGestalt(ram  0x18b477644) => 0
2026-09-14 18:11:31.567 I  PeachCommander[20224:1074e] [com.apple.CarbonCore:gestalt] _NewGestalt _NewGestalt(ramm 0x18b477644) => 0
2026-09-14 18:11:31.567 I  PeachCommander[20224:1074e] [com.apple.CarbonCore:gestalt] _NewGestalt _NewGestalt(cput 0x18b477734) => 0
2026-09-14 18:11:31.567 I  PeachCommander[20224:1074e] [com.apple.CarbonCore:gestalt] _NewGestalt _NewGestalt(cpuf 0x18b477764) => 0
2026-09-14 18:11:31.567 I  PeachCommander[20224:1074e] [com.apple.CarbonCore:gestalt] _NewGestalt _NewGestalt(bclk 0x18b477794) => 0
2026-09-14 18:11:31.567 I  PeachCommander[20224:1074e] [com.apple.CarbonCore:gestalt] _NewGestalt _NewGestalt(bclm 0x18b477794) => 0
2026-09-14 18:11:31.567 I  PeachCommander[20224:1074e] [com.apple.CarbonCore:gestalt] _NewGestalt _NewGestalt(pclk 0x18b477834) => 0
2026-09-14 18:11:31.567 I  PeachCommander[20224:1074e] [com.apple.CarbonCore:gestalt] _NewGestalt _NewGestalt(mclk 0x18b477834) => 0
2026-09-14 18:11:31.567 I  PeachCommander[20224:1074e] [com.apple.CarbonCore:gestalt] _NewGestalt _NewGestalt(a/ux 0x18b47794c) => 0
2026-09-14 18:11:31.567 I  PeachCommander[20224:1074e] [com.apple.CarbonCore:gestalt] _NewGestalt _NewGestalt(pgsz 0x18b477954) => 0
2026-09-14 18:11:31.567 I  PeachCommander[20224:1074e] [com.apple.CarbonCore:gestalt] _NewGestalt _NewGestalt(csiz 0x18b477994) => 0
2026-09-14 18:11:31.567 I  PeachCommander[20224:1074e] [com.apple.CarbonCore:gestalt] _NewGestalt _NewGestalt(sysv 0x18b422dfc) => 0
2026-09-14 18:11:31.567 I  PeachCommander[20224:1074e] [com.apple.CarbonCore:gestalt] _NewGestalt _NewGestalt(sys1 0x18b422dfc) => 0
2026-09-14 18:11:31.567 I  PeachCommander[20224:1074e] [com.apple.CarbonCore:gestalt] _NewGestalt _NewGestalt(sys2 0x18b422dfc) => 0
2026-09-14 18:11:31.567 I  PeachCommander[20224:1074e] [com.apple.CarbonCore:gestalt] _NewGestalt _NewGestalt(sys3 0x18b422dfc) => 0
2026-09-14 18:11:31.567 I  PeachCommander[20224:1074e] [com.apple.CarbonCore:gestalt] _NewGestalt _NewGestalt(cdfl 0x18b4779d4) => 0
2026-09-14 18:11:31.567 I  PeachCommander[20224:1074e] [com.apple.CarbonCore:gestalt] _NewGestalt _NewGestalt(cdrm 0x18b477c30) => 0
2026-09-14 18:11:31.567 I  PeachCommander[20224:1074e] [com.apple.CarbonCore:gestalt] _NewGestalt _NewGestalt(cpus 0x18b477c78) => 0
2026-09-14 18:11:31.567 I  PeachCommander[20224:1074e] [com.apple.CarbonCore:gestalt] SetGestaltValue SetGestaltValue(swex 1) => 0
2026-09-14 18:11:31.567 Df PeachCommander[20224:1074e] [com.apple.xpc:connection] [0x8a0efc640] activating connection: mach=false listener=false peer=false name=com.apple.hiservices-xpcservice
2026-09-14 18:11:31.568 I  PeachCommander[20224:1074e] [com.apple.CFPasteboard:entry] CopyData('ApplePerContextInputPasteboard' (<CFUUID 0x8a0425ca0> F6973E5E-DA3B-44BF-97C5-A52FE81C7ABA) gen: -1 item: 1264739405 flavor: 'ApplePerContextInputFlavor')
2026-09-14 18:11:31.568 I  PeachCommander[20224:1074e] [com.apple.CFPasteboard:cache] Rebuilding cache for 'ApplePerContextInputPasteboard' (<CFUUID 0x8a0425ca0> F6973E5E-DA3B-44BF-97C5-A52FE81C7ABA)
2026-09-14 18:11:31.568 I  PeachCommander[20224:1074e] [com.apple.CFPasteboard:general] Will request data from daemon
2026-09-14 18:11:31.568 I  PeachCommander[20224:1074e] [com.apple.CFPasteboard:exit] (not-in-cache) - result: 0 generation: 1 data (182 bytes) flags: 0
2026-09-14 18:11:31.568 I  PeachCommander[20224:1074e] [com.apple.CFPasteboard:entry] CopyData('DefaultAsciiKeyboardLayoutPasteboard' (<CFUUID 0x8a0c7ba20> 2B74671A-5705-4FBA-A75A-9B2C934A9238) gen: -1 item: 1264739405 flavor: 'DefaultAsciiKeyboardLayoutFlavor')
2026-09-14 18:11:31.568 I  PeachCommander[20224:1074e] [com.apple.CFPasteboard:exit] (not-in-cache) - result: -8 generation: 0 null data flags: 0
2026-09-14 18:11:31.587 I  PeachCommander[20224:1074e] [com.apple.AppKit:Window] context (0 -> 8925a1eb) for window 420
2026-09-14 18:11:31.587 Df PeachCommander[20224:1074e] [com.apple.inputmethodkitClient:Client] +[IMKClient subclass]: chose IMKClient_Modern
2026-09-14 18:11:31.588 Df PeachCommander[20224:1074e] [com.apple.BoardServices:XPCErrors] [C:2] Alloc com.apple.backboard.hid-services.xpc
2026-09-14 18:11:31.588 Df PeachCommander[20224:1074e] [com.apple.xpc:connection] [0x8a0a1fac0] activating connection: mach=false listener=false peer=false name=(anonymous)
2026-09-14 18:11:31.588 E  PeachCommander[20224:10759] [com.apple.BaseBoard:Common] Unable to obtain a task name port right for pid 165: (os/kern) failure (0x5)
2026-09-14 18:11:31.588 Df PeachCommander[20224:10752] [com.apple.xpc:connection] [0x8a0a1fc00] activating connection: mach=false listener=false peer=false name=com.apple.TextInputUI.xpc.CursorUIViewService
2026-09-14 18:11:31.589 Df PeachCommander[20224:10752] [com.apple.xpc:connection] [0x8a0a1fc00] invalidated after the last release of the connection object
2026-09-14 18:11:31.589 I  PeachCommander[20224:1074e] [com.apple.CFPasteboard:entry] CopyData('DefaultAsciiKeyboardLayoutPasteboard' (<CFUUID 0x8a0c7ba20> 2B74671A-5705-4FBA-A75A-9B2C934A9238) gen: -1 item: 1264739405 flavor: 'DefaultAsciiKeyboardLayoutFlavor')
2026-09-14 18:11:31.589 I  PeachCommander[20224:1074e] [com.apple.CFPasteboard:exit] (not-in-cache) - result: -8 generation: 0 null data flags: 0
2026-09-14 18:11:31.590 Df PeachCommander[20224:1074e] [com.apple.xpc:connection] [0x8a0a1e800] activating connection: mach=false listener=false peer=false name=(anonymous)
2026-09-14 18:11:31.590 Df PeachCommander[20224:1074e] [com.apple.xpc:connection] [0x8a0a1fc00] activating connection: mach=false listener=false peer=false name=com.apple.ViewBridgeAuxiliary
2026-09-14 18:11:31.590 Df PeachCommander[20224:1074e] [com.apple.xpc:connection] [0x8a0a1e6c0] activating connection: mach=false listener=false peer=false name=(anonymous)
2026-09-14 18:11:31.590 Df PeachCommander[20224:1074e] [com.apple.xpc:connection] [0x8a0a1fc00] invalidated after the last release of the connection object
2026-09-14 18:11:31.614 Df PeachCommander[20224:1074e] [com.apple.TextInputUI:CursorUI] -[TUINSCursorUIController activate:]_block_invoke: Create CursorUIViewService: TUINSRemoteViewController
2026-09-14 18:11:31.615 I  PeachCommander[20224:1074e] [com.apple.AppKit:Window] window <TUINSWindow: 0x8a1cae080> windowNumber=420 finishing close
2026-09-14 18:11:31.615 I  PeachCommander[20224:1074e] [com.apple.AppKit:Window] order window: 420 op: 0 relative: 0 related: 0
2026-09-14 18:11:31.617 A  PeachCommander[20224:10759] (CoreFoundation) Loading Preferences From System CFPrefsD
2026-09-14 18:11:31.687 I  PeachCommander[20224:1074e] [com.apple.iconservices:foundation] layer data size zero
2026-09-14 18:11:31.688 A  PeachCommander[20224:1074e] (CoreFoundation) Loading Preferences From User CFPrefsD
2026-09-14 18:11:31.689 I  PeachCommander[20224:1074e] [com.apple.CoreAnalytics:client] Dropping "com.apple.ImageIO.readerSelection" as it isn't used in any transform (not in the config or budgeted?)
2026-09-14 18:11:31.705 I  PeachCommander[20224:10752] [com.apple.AppKit:WindowTab] Indexing 1 items
2026-09-14 18:11:31.705 A  PeachCommander[20224:10752] (CoreSpotlight) end-index-batch
2026-09-14 18:11:31.705 Df PeachCommander[20224:10752] [com.apple.corespotlight:index] *warn* MailCS ======%%% _setMailMessageAttributes skip:1
2026-09-14 18:11:31.705 A  PeachCommander[20224:10752] (CoreSpotlight) index-items
2026-09-14 18:11:31.705 Df PeachCommander[20224:10752] [com.apple.corespotlight:index] CSInlineDonation:<private>: Skipping donation (feature flag disabled)
2026-09-14 18:11:31.706 Df PeachCommander[20224:10752] [com.apple.corespotlight:index] CSInlineDonation:<private>: Skipping donation (feature flag disabled)
2026-09-14 18:11:31.706 I  PeachCommander[20224:1074e] [com.apple.CoreAnalytics:client] Dropping "com.apple.appkit.app_config" as it isn't used in any transform (not in the config or budgeted?)
2026-09-14 18:11:31.706 I  PeachCommander[20224:1074e] [com.apple.SafariPlatformSupport:SafariPlatformSupport] -[SFSafariPlatformSupport credentialSelected:] with nil credential
2026-09-14 18:11:31.706 I  PeachCommander[20224:1074e] [com.apple.SafariPlatformSupport:SafariPlatformSupport] -[SFSafariPlatformSupport oneTimeCodeSelected:] with nil code
2026-09-14 18:11:31.706 Df PeachCommander[20224:10759] [com.apple.xpc:connection] [0x8a0a1fc00] activating connection: mach=false listener=false peer=false name=com.apple.SafariPlatformSupport.Helper
2026-09-14 18:11:31.707 A  PeachCommander[20224:10752] (libsystem_info.dylib) Retrieve Group by ID
2026-09-14 18:11:31.726 I  PeachCommander[20224:1074e] [com.apple.HIToolbox:MBDisplays] <private>
2026-09-14 18:11:31.726 I  PeachCommander[20224:1074e] [com.apple.HIToolbox:MBDisplays] <private>
2026-09-14 18:11:31.796 Df PeachCommander[20224:107ee] [com.apple.xpc:connection] [0x8a0a1fc00] invalidated after the last release of the connection object
2026-09-14 18:11:31.824 I  PeachCommander[20224:1074e] [com.apple.launchservices:cas] Removing cached information for app [ 0x0-0x100100]  "PeachCommander", as its seed is different from that in shared memory ( 535 vs 537)
2026-09-14 18:11:31.825 Df PeachCommander[20224:1074e] [com.apple.xpc:connection] [0x8a0a1e940] activating connection: mach=false listener=false peer=false name=(anonymous)
2026-09-14 18:11:31.825 Df PeachCommander[20224:1074e] [com.apple.xpc:connection] [0x8a0a1fc00] activating connection: mach=false listener=false peer=false name=(anonymous)
2026-09-14 18:11:31.958 Df PeachCommander[20224:1074e] [com.apple.BoardServices:XPCErrors] [C:3] Alloc com.apple.backboard.hid-services.xpc
2026-09-14 18:11:31.958 Df PeachCommander[20224:1074e] [com.apple.xpc:connection] [0x8a0a1de00] activating connection: mach=false listener=false peer=false name=(anonymous)
2026-09-14 18:11:31.958 Df PeachCommander[20224:10756] [com.apple.BackBoard:EventDelivery] BKSHIDEventDeliveryManager - connection activation
2026-09-14 18:11:31.979 I  PeachCommander[20224:1074e] [com.peachcommander:PCFoundation] Session restored
2026-09-14 18:11:31.979 Df PeachCommander[20224:1074e] (Foundation) <private>
2026-09-14 18:11:31.979 I  PeachCommander[20224:1074e] [com.peachcommander:PCFoundation] [automation] running /Users/admin/auto.txt
2026-09-14 18:11:31.979 Df PeachCommander[20224:1074e] (Foundation) <private>
2026-09-14 18:11:31.979 I  PeachCommander[20224:1074e] [com.peachcommander:PCFoundation] [automation] > active left
2026-09-14 18:11:31.979 Df PeachCommander[20224:1074e] (Foundation) <private>
2026-09-14 18:11:31.979 I  PeachCommander[20224:1074e] [com.peachcommander:PCFoundation] [automation] > left /Users/admin/pc-demo
2026-09-14 18:11:32.003 I  PeachCommander[20224:1074e] [com.apple.SafariPlatformSupport:SafariPlatformSupport] -[SPSafariPlatformSupport completionListPreferredContentSizeDidUpdate] with size {0, 0}, in window that is visible
2026-09-14 18:11:32.065 I  PeachCommander[20224:1074e] [com.apple.launchservices:datasep] application record search init. Node: <FSNode 0x89fddc020> { isDir = y, path = <private> } bundleID: (null) itemID: 0
2026-09-14 18:11:32.065 I  PeachCommander[20224:1074e] [com.apple.launchservices:datasep] application record search init. Node: <FSNode 0x89fddc020> { isDir = y, path = <private> } bundleID: (null) itemID: 0
2026-09-14 18:11:32.065 I  PeachCommander[20224:1074e] [com.apple.SafariPlatformSupport:SafariPlatformSupport] -[SFSafariPlatformSupport credentialSelected:] with nil credential
2026-09-14 18:11:32.065 I  PeachCommander[20224:1074e] [com.apple.SafariPlatformSupport:SafariPlatformSupport] -[SFSafariPlatformSupport oneTimeCodeSelected:] with nil code
2026-09-14 18:11:32.074 Df PeachCommander[20224:1074e] (Foundation) <private>
2026-09-14 18:11:32.074 I  PeachCommander[20224:1074e] [com.peachcommander:PCFoundation] [automation] > wait 1200
2026-09-14 18:11:32.104 I  PeachCommander[20224:1074e] [com.apple.AppKit:Image] ISImage reported a placeholder, image rep is providing a placeholder image for <private>
2026-09-14 18:11:32.105 I  PeachCommander[20224:1074e] [com.apple.AppKit:Image] ISImage reported a placeholder, image rep is providing a placeholder image for <private>
2026-09-14 18:11:32.105 I  PeachCommander[20224:107ee] [com.apple.iconservices:foundation] layer data size zero
2026-09-14 18:11:32.107 I  PeachCommander[20224:1074e] [com.apple.AppKit:Image] ISImage reported a placeholder, image rep is providing a placeholder image for <private>
2026-09-14 18:11:32.107 I  PeachCommander[20224:1074e] [com.apple.AppKit:Image] ISImage reported a placeholder, image rep is providing a placeholder image for <private>
2026-09-14 18:11:32.109 I  PeachCommander[20224:1074e] [com.apple.AppKit:Image] ISImage reported a placeholder, image rep is providing a placeholder image for <private>
2026-09-14 18:11:32.109 I  PeachCommander[20224:1074e] [com.apple.AppKit:Image] ISImage reported a placeholder, image rep is providing a placeholder image for <private>
2026-09-14 18:11:32.112 I  PeachCommander[20224:1074e] [com.apple.AppKit:Image] ISImage reported a placeholder, image rep is providing a placeholder image for <private>
2026-09-14 18:11:32.112 I  PeachCommander[20224:1074e] [com.apple.AppKit:Image] ISImage reported a placeholder, image rep is providing a placeholder image for <private>
2026-09-14 18:11:32.114 I  PeachCommander[20224:1074e] [com.apple.AppKit:Image] ISImage reported a placeholder, image rep is providing a placeholder image for <private>
2026-09-14 18:11:32.114 I  PeachCommander[20224:1074e] [com.apple.AppKit:Image] ISImage reported a placeholder, image rep is providing a placeholder image for <private>
2026-09-14 18:11:32.115 I  PeachCommander[20224:1074e] [com.apple.AppKit:Image] ISImage reported a placeholder, image rep is providing a placeholder image for <private>
2026-09-14 18:11:32.115 I  PeachCommander[20224:1074e] [com.apple.AppKit:Image] ISImage reported a placeholder, image rep is providing a placeholder image for <private>
2026-09-14 18:11:32.122 I  PeachCommander[20224:10758] [com.apple.iconservices:foundation] layer data size zero
2026-09-14 18:11:32.166 I  PeachCommander[20224:1074e] [com.apple.iconservices:foundation] layer data size zero
2026-09-14 18:11:32.166 I  PeachCommander[20224:1074e] [com.apple.AppKit:Image] ISImage reported a placeholder, image rep is providing a placeholder image for <private>
2026-09-14 18:11:32.166 I  PeachCommander[20224:1074e] [com.apple.iconservices:foundation] layer data size zero
2026-09-14 18:11:32.166 I  PeachCommander[20224:1074e] [com.apple.AppKit:Image] ISImage reported a placeholder, image rep is providing a placeholder image for <private>
2026-09-14 18:11:32.166 I  PeachCommander[20224:1074e] [com.apple.iconservices:foundation] layer data size zero
2026-09-14 18:11:32.166 I  PeachCommander[20224:1074e] [com.apple.AppKit:Image] ISImage reported a placeholder, image rep is providing a placeholder image for <private>
2026-09-14 18:11:32.167 I  PeachCommander[20224:1074e] [com.apple.AppKit:Image] ISImage reported a placeholder, image rep is providing a placeholder image for <private>
2026-09-14 18:11:32.167 I  PeachCommander[20224:1074e] [com.apple.AppKit:Image] ISImage reported a placeholder, image rep is providing a placeholder image for <private>
2026-09-14 18:11:32.167 I  PeachCommander[20224:1074e] [com.apple.iconservices:foundation] layer data size zero
2026-09-14 18:11:32.167 I  PeachCommander[20224:1074e] [com.apple.AppKit:Image] ISImage reported a placeholder, image rep is providing a placeholder image for <private>
2026-09-14 18:11:32.175 I  PeachCommander[20224:1074e] [com.apple.iconservices:foundation] layer data size zero
2026-09-14 18:11:32.175 I  PeachCommander[20224:1074e] [com.apple.iconservices:foundation] layer data size zero
2026-09-14 18:11:32.175 I  PeachCommander[20224:1074e] [com.apple.iconservices:foundation] layer data size zero
2026-09-14 18:11:32.176 I  PeachCommander[20224:1074e] [com.apple.iconservices:foundation] layer data size zero
2026-09-14 18:11:32.326 I  PeachCommander[20224:10759] [com.apple.AppKit:WindowTab] Indexing 1 items
2026-09-14 18:11:32.326 A  PeachCommander[20224:10759] (CoreSpotlight) end-index-batch
2026-09-14 18:11:32.326 A  PeachCommander[20224:10759] (CoreSpotlight) index-items
2026-09-14 18:11:32.326 Df PeachCommander[20224:10759] [com.apple.corespotlight:index] CSInlineDonation:<private>: Skipping donation (feature flag disabled)
2026-09-14 18:11:32.326 Df PeachCommander[20224:10759] [com.apple.corespotlight:index] CSInlineDonation:<private>: Skipping donation (feature flag disabled)
2026-09-14 18:11:32.674 I  PeachCommander[20224:10758] [com.apple.AppKit:WindowTab] Indexing 1 items
2026-09-14 18:11:32.674 A  PeachCommander[20224:10758] (CoreSpotlight) end-index-batch
2026-09-14 18:11:32.674 A  PeachCommander[20224:10758] (CoreSpotlight) index-items
2026-09-14 18:11:32.674 Df PeachCommander[20224:10758] [com.apple.corespotlight:index] CSInlineDonation:<private>: Skipping donation (feature flag disabled)
2026-09-14 18:11:32.675 Df PeachCommander[20224:10758] [com.apple.corespotlight:index] CSInlineDonation:<private>: Skipping donation (feature flag disabled)
2026-09-14 18:11:33.288 Df PeachCommander[20224:1074e] (Foundation) <private>
2026-09-14 18:11:33.288 I  PeachCommander[20224:1074e] [com.peachcommander:PCFoundation] [automation] > focus notes.txt
2026-09-14 18:11:33.304 I  PeachCommander[20224:1074e] [com.apple.AppKit:Animation] Running new animation: <private>
2026-09-14 18:11:33.304 I  PeachCommander[20224:1074e] [com.apple.AppKit:Animation] Running new animation: <private>
2026-09-14 18:11:33.304 I  PeachCommander[20224:1074e] [com.apple.AppKit:Animation] Running new animation: <private>
2026-09-14 18:11:33.304 I  PeachCommander[20224:1074e] [com.apple.AppKit:Animation] Running new animation: <private>
2026-09-14 18:11:33.333 I  PeachCommander[20224:1074e] [com.apple.AppKit:Image] ISImage reported a placeholder, image rep is providing a placeholder image for <private>
2026-09-14 18:11:33.333 I  PeachCommander[20224:1074e] [com.apple.AppKit:Image] ISImage reported a placeholder, image rep is providing a placeholder image for <private>
2026-09-14 18:11:33.336 Df PeachCommander[20224:1074e] (Foundation) <private>
2026-09-14 18:11:33.336 I  PeachCommander[20224:1074e] [com.peachcommander:PCFoundation] [automation] > wait 400
2026-09-14 18:11:33.393 I  PeachCommander[20224:1074e] [com.apple.AppKit:Image] ISImage reported a placeholder, image rep is providing a placeholder image for <private>
2026-09-14 18:11:33.393 I  PeachCommander[20224:1074e] [com.apple.AppKit:Image] ISImage reported a placeholder, image rep is providing a placeholder image for <private>
2026-09-14 18:11:33.394 I  PeachCommander[20224:1074e] [com.apple.AppKit:Image] ISImage reported a placeholder, image rep is providing a placeholder image for <private>
2026-09-14 18:11:33.394 I  PeachCommander[20224:10751] [com.apple.iconservices:foundation] layer data size zero
2026-09-14 18:11:33.599 I  PeachCommander[20224:1074e] [com.apple.quicklook:Preview Loading] start loading item <private>
2026-09-14 18:11:33.599 I  PeachCommander[20224:1074e] [com.apple.quicklook:Preview Loading] created <private> (customView: (null))
2026-09-14 18:11:33.599 I  PeachCommander[20224:1074e] [com.apple.quicklook:Preview Loading] start loading <private> with forced displayBundleID (null)
2026-09-14 18:11:33.600 Df PeachCommander[20224:107ee] [com.apple.foundation.filecoordination:claims] Read options: 200000 -- URL: <private> -- purposeID: 230E2B50-468F-4EDC-82F2-5FB6A5776751 -- claimID: 070ABE37-7085-41D2-9C39-2EC4660A75E7
2026-09-14 18:11:33.601 Df PeachCommander[20224:107ee] [com.apple.foundation.filecoordination:claims] Claim 070ABE37-7085-41D2-9C39-2EC4660A75E7 granted in client
2026-09-14 18:11:33.601 Df PeachCommander[20224:107ee] [com.apple.foundation.filecoordination:claims] Claim 070ABE37-7085-41D2-9C39-2EC4660A75E7 invoked in client
2026-09-14 18:11:33.601 I  PeachCommander[20224:107ee] [com.apple.quicklook:Preview Loading] got displayBundleID com.apple.qldisplay.Text for <private>
2026-09-14 18:11:33.605 I  PeachCommander[20224:1074e] [com.apple.quicklook:Preview Loading] document <private> got display bundle <private>
2026-09-14 18:11:33.606 I  PeachCommander[20224:10751] [com.apple.quicklook:General] presentedItemURL: <private>
2026-09-14 18:11:33.606 I  PeachCommander[20224:10751] [com.apple.quicklook:General] presentedItemOperationQueue: <private>
2026-09-14 18:11:33.606 Df PeachCommander[20224:10751] [com.apple.foundation.filecoordination:presenter] Adding presenter A5EC7F46-19DE-4902-8A66-02D6D8D5CE13 for URL: <private>
2026-09-14 18:11:33.606 Df PeachCommander[20224:10834] [com.apple.foundation.filecoordination:claims] Read options: 0 -- URL: <private> -- purposeID: 533477C8-56FA-4BE4-A5A6-62A2B651447E -- claimID: 85B32077-EC99-4434-A478-0B63DCEF2A17
2026-09-14 18:11:33.607 Df PeachCommander[20224:10751] [com.apple.foundation.filecoordination:claims] Claim 85B32077-EC99-4434-A478-0B63DCEF2A17 granted in client
2026-09-14 18:11:33.607 Df PeachCommander[20224:10751] [com.apple.foundation.filecoordination:claims] Claim 85B32077-EC99-4434-A478-0B63DCEF2A17 invoked in client
2026-09-14 18:11:33.608 I  PeachCommander[20224:10834] [com.apple.quicklook:default] Getting <private> for 'Text Loading Options' from UTI '<private>' #UTI
2026-09-14 18:11:33.609 I  PeachCommander[20224:1074e] [com.apple.inputAnalytics.client:IATextInputActions] initWithAnalyticsMetadataObserver service
2026-09-14 18:11:33.609 I  PeachCommander[20224:1074e] [com.apple.quicklook:General] DID LOAD <private>
2026-09-14 18:11:33.610 I  PeachCommander[20224:1074e] [com.apple.quicklook:Preview Loading] document <private> did load
2026-09-14 18:11:33.610 I  PeachCommander[20224:1074e] [com.apple.quicklook:Preview Loading] setting displayable from (null) to <private>
2026-09-14 18:11:33.741 Df PeachCommander[20224:1074e] (Foundation) <private>
2026-09-14 18:11:33.741 I  PeachCommander[20224:1074e] [com.peachcommander:PCFoundation] [automation] > cmd cm_QuickLook
2026-09-14 18:11:33.741 Df PeachCommander[20224:1074e] (Foundation) <private>
2026-09-14 18:11:33.741 I  PeachCommander[20224:1074e] [com.peachcommander:PCFoundation] [automation] > wait 2500
2026-09-14 18:11:33.755 Df PeachCommander[20224:1074e] [com.apple.quicklook:General] -[QLPreviewPanel <private>] called while the panel has no controller.
	See comments in QLPreviewPanel.h for -acceptsPreviewPanelControl:/-beginPreviewPanelControl:/-endPreviewPanelControl:.
2026-09-14 18:11:33.756 I  PeachCommander[20224:1074e] [com.apple.quicklook:Preview Loading] setting displayable from (null) to <private>
2026-09-14 18:11:33.772 I  PeachCommander[20224:1074e] [com.apple.quicklook:Preview Loading] start loading item <private>
2026-09-14 18:11:33.772 I  PeachCommander[20224:1074e] [com.apple.quicklook:Preview Loading] created <private> (customView: (null))
2026-09-14 18:11:33.772 I  PeachCommander[20224:1074e] [com.apple.quicklook:Preview Loading] start loading <private> with forced displayBundleID (null)
2026-09-14 18:11:33.772 Df PeachCommander[20224:10758] [com.apple.foundation.filecoordination:claims] Read options: 200000 -- URL: <private> -- purposeID: 61D375E5-EB55-4B13-B6DA-F5730DDF9EB1 -- claimID: C0221F0C-F686-4C46-931B-1F7F4B1C089B
2026-09-14 18:11:33.773 Df PeachCommander[20224:10758] [com.apple.foundation.filecoordination:claims] Claim C0221F0C-F686-4C46-931B-1F7F4B1C089B granted in client
2026-09-14 18:11:33.773 Df PeachCommander[20224:10758] [com.apple.foundation.filecoordination:claims] Claim C0221F0C-F686-4C46-931B-1F7F4B1C089B invoked in client
2026-09-14 18:11:33.773 I  PeachCommander[20224:10758] [com.apple.quicklook:Preview Loading] got displayBundleID com.apple.qldisplay.Text for <private>
2026-09-14 18:11:33.774 I  PeachCommander[20224:1074e] [com.apple.DesignLibrary:defaults] liveTuning=false
2026-09-14 18:11:34.261 I  PeachCommander[20224:1074e] [com.apple.quicklook:Preview Loading] timed out loading document: <private>
2026-09-14 18:11:34.262 I  PeachCommander[20224:1074e] [com.apple.quicklook:Preview Loading] setting displayable from <private> to <private>
2026-09-14 18:11:34.277 I  PeachCommander[20224:1074e] [com.apple.AppKit:Window] context (0 -> d785a0f2) for window 423
2026-09-14 18:11:34.278 I  PeachCommander[20224:1074e] [com.apple.CFPasteboard:entry] CopyData('DefaultAsciiKeyboardLayoutPasteboard' (<CFUUID 0x8a0c7ba20> 2B74671A-5705-4FBA-A75A-9B2C934A9238) gen: -1 item: 1264739405 flavor: 'DefaultAsciiKeyboardLayoutFlavor')
2026-09-14 18:11:34.278 I  PeachCommander[20224:1074e] [com.apple.CFPasteboard:exit] (not-in-cache) - result: -8 generation: 0 null data flags: 0
2026-09-14 18:11:34.287 I  PeachCommander[20224:1074e] [com.apple.AppKit:Window] order window front conditionally: 423 related: 0
2026-09-14 18:11:34.289 I  PeachCommander[20224:1074e] [com.apple.quicklook:Preview Loading] document <private> got display bundle <private>
2026-09-14 18:11:34.289 I  PeachCommander[20224:1074e] [com.apple.quicklook:Panel] previewView:<private> gotDisplayBundle:<private> forPreviewItem:<private>
2026-09-14 18:11:34.289 I  PeachCommander[20224:10758] [com.apple.quicklook:General] presentedItemURL: <private>
2026-09-14 18:11:34.289 I  PeachCommander[20224:10758] [com.apple.quicklook:General] presentedItemOperationQueue: <private>
2026-09-14 18:11:34.289 Df PeachCommander[20224:10758] [com.apple.foundation.filecoordination:presenter] Adding presenter E3B16244-A894-48D0-A97D-8A16597F9670 for URL: <private>
2026-09-14 18:11:34.289 Df PeachCommander[20224:10838] [com.apple.foundation.filecoordination:claims] Read options: 0 -- URL: <private> -- purposeID: 43AAD33F-7C0A-45FE-83EF-A8B27751E19B -- claimID: FBC17167-21B3-4278-BDAB-DB9078AC1C72
2026-09-14 18:11:34.290 Df PeachCommander[20224:10756] [com.apple.foundation.filecoordination:claims] Claim FBC17167-21B3-4278-BDAB-DB9078AC1C72 granted in client
2026-09-14 18:11:34.290 Df PeachCommander[20224:10756] [com.apple.foundation.filecoordination:claims] Claim FBC17167-21B3-4278-BDAB-DB9078AC1C72 invoked in client
2026-09-14 18:11:34.290 I  PeachCommander[20224:10838] [com.apple.quicklook:default] Getting <private> for 'Text Loading Options' from UTI '<private>' #UTI
2026-09-14 18:11:34.298 I  PeachCommander[20224:1074e] [com.apple.CoreAnalytics:client] Dropping "<private>" as it isn't used in any transform (not in the config or budgeted?)
2026-09-14 18:11:34.298 I  PeachCommander[20224:1074e] [com.apple.CoreAnalytics:client] Dropping "<private>" as it isn't used in any transform (not in the config or budgeted?)
2026-09-14 18:11:34.298 I  PeachCommander[20224:1074e] [com.apple.CoreAnalytics:client] Dropping "<private>" as it isn't used in any transform (not in the config or budgeted?)
2026-09-14 18:11:34.298 I  PeachCommander[20224:1074e] [com.apple.CoreAnalytics:client] Dropping "<private>" as it isn't used in any transform (not in the config or budgeted?)
2026-09-14 18:11:34.298 I  PeachCommander[20224:1074e] [com.apple.CoreAnalytics:client] Dropping "<private>" as it isn't used in any transform (not in the config or budgeted?)
2026-09-14 18:11:34.298 I  PeachCommander[20224:1074e] [com.apple.CoreAnalytics:client] Dropping "<private>" as it isn't used in any transform (not in the config or budgeted?)
2026-09-14 18:11:34.298 I  PeachCommander[20224:1074e] [com.apple.CoreAnalytics:client] Dropping "<private>" as it isn't used in any transform (not in the config or budgeted?)
2026-09-14 18:11:34.298 I  PeachCommander[20224:1074e] [com.apple.CoreAnalytics:client] Dropping "<private>" as it isn't used in any transform (not in the config or budgeted?)
2026-09-14 18:11:34.298 I  PeachCommander[20224:1074e] [com.apple.CoreAnalytics:client] Dropping "<private>" as it isn't used in any transform (not in the config or budgeted?)
2026-09-14 18:11:34.298 I  PeachCommander[20224:1074e] [com.apple.CoreAnalytics:client] Dropping "<private>" as it isn't used in any transform (not in the config or budgeted?)
2026-09-14 18:11:34.302 I  PeachCommander[20224:1074e] [com.apple.quicklook:General] DID LOAD <private>
2026-09-14 18:11:34.302 I  PeachCommander[20224:1074e] [com.apple.quicklook:Preview Loading] document <private> did load
2026-09-14 18:11:34.376 I  PeachCommander[20224:107ee] [com.apple.AppKit:WindowTab] Indexing 2 items
2026-09-14 18:11:34.376 A  PeachCommander[20224:107ee] (CoreSpotlight) end-index-batch
2026-09-14 18:11:34.376 A  PeachCommander[20224:107ee] (CoreSpotlight) index-items
2026-09-14 18:11:34.376 Df PeachCommander[20224:107ee] [com.apple.corespotlight:index] CSInlineDonation:<private>: Skipping donation (feature flag disabled)
2026-09-14 18:11:34.376 Df PeachCommander[20224:10758] [com.apple.corespotlight:index] CSInlineDonation:<private>: Skipping donation (feature flag disabled)
2026-09-14 18:11:34.510 I  PeachCommander[20224:1074e] [com.apple.quicklook:Preview Loading] setting displayable from <private> to <private>
2026-09-14 18:11:34.514 A  PeachCommander[20224:1074e] (CoreFoundation) Loading Preferences From User CFPrefsD
2026-09-14 18:11:34.514 I  PeachCommander[20224:10756] [com.apple.inputAnalytics.client:IATextInputActions] mergeOrConsumeAction calling sendSignal:toChannel:withNullableSessionID:withPayload:
2026-09-14 18:11:34.514 Df PeachCommander[20224:10756] [com.apple.inputAnalytics.client:IASignalAnalytics] channel:<private> signal:<private> sessionID:<private> timestamp:<private> payload:<private>
2026-09-14 18:11:34.514 I  PeachCommander[20224:10756] [com.apple.inputAnalytics.client:IAXPCClient] IASignalAnalytics: fetching xpcClient...
2026-09-14 18:11:34.515 I  PeachCommander[20224:10756] [com.apple.inputAnalytics.client:IAXPCClient] Initialized 0x8a0721c80
2026-09-14 18:11:34.515 I  PeachCommander[20224:10756] [com.apple.inputAnalytics.client:IAXPCClient] 0x8a0721c80 using shared remote object proxy
2026-09-14 18:11:34.515 I  PeachCommander[20224:10756] [com.apple.inputAnalytics.client:IAXPCClient] 0x8a0721c80 calling connection resume after shared instance
2026-09-14 18:11:34.515 Df PeachCommander[20224:10756] [com.apple.xpc:connection] [0x89f4c08c0] activating connection: mach=true listener=false peer=false name=com.apple.inputanalyticsd
2026-09-14 18:11:34.515 I  PeachCommander[20224:10756] [com.apple.inputAnalytics.client:IAXPCClient] IAXPCclient 0x8a0721c80 init created _connection 0x8a1f4f0c0 _server 0x0 with IXAXPCProtocol
2026-09-14 18:11:34.515 I  PeachCommander[20224:10756] [com.apple.inputAnalytics.client:IAXPCClient] IASignalAnalytics: ...returning xpcClient 0x8a0721c80
2026-09-14 18:11:34.515 I  PeachCommander[20224:10756] [com.apple.inputAnalytics.client:IAXPCClient] server: returning server 0x8a27e0410
2026-09-14 18:11:34.515 I  PeachCommander[20224:10756] [com.apple.inputAnalytics:IAServerStats] Logging <private>
2026-09-14 18:11:34.515 I  PeachCommander[20224:10756] [com.apple.CoreAnalytics:client] Dropping "com.apple.inputAnalytics.serverStats" as it isn't used in any transform (not in the config or budgeted?)
2026-09-14 18:11:34.523 I  PeachCommander[20224:1074e] [com.apple.quicklook:Panel] previewView:<private> didShowPreviewItem:<private>
2026-09-14 18:11:34.523 I  PeachCommander[20224:1074e] [com.apple.AppKit:Window] order window front conditionally: 423 related: 0
2026-09-14 18:11:34.524 I  PeachCommander[20224:10756] [com.apple.launchservices:default] LSCopyDefaultApplicationURLForURL: <private> binds to <private>
2026-09-14 18:11:36.316 Df PeachCommander[20224:1074e] (Foundation) <private>
2026-09-14 18:11:36.317 I  PeachCommander[20224:1074e] [com.peachcommander:PCFoundation] [automation] > quicklookdump /Users/admin/quicklook.txt
2026-09-14 18:11:36.318 Df PeachCommander[20224:1074e] (Foundation) <private>
2026-09-14 18:11:36.318 I  PeachCommander[20224:1074e] [com.peachcommander:PCFoundation] [automation] > wait 400
2026-09-14 18:11:36.745 Df PeachCommander[20224:1074e] (Foundation) <private>
2026-09-14 18:11:36.746 I  PeachCommander[20224:1074e] [com.peachcommander:PCFoundation] [automation] done
