Timestamp               Ty Process[PID:TID]
2026-09-14 13:50:11.469 A  PeachCommander[18844:f2f6] (libsystem_info.dylib) Retrieve User by ID
2026-09-14 13:50:11.470 Df PeachCommander[18844:f2f6] [com.apple.xpc:connection] [0x102b3f5c0] activating connection: mach=true listener=false peer=false name=com.apple.cfprefsd.daemon
2026-09-14 13:50:11.470 Df PeachCommander[18844:f2fa] [com.apple.xpc:connection] [0x102b3fd00] activating connection: mach=true listener=false peer=false name=com.apple.cfprefsd.agent
2026-09-14 13:50:11.471 Df PeachCommander[18844:f2f6] [com.apple.xpc:connection] [0x102b45ce0] activating connection: mach=true listener=false peer=false name=com.apple.coreservices.launchservicesd
2026-09-14 13:50:11.471 I  PeachCommander[18844:f2f6] [com.apple.launchservices:cas] Registering for notification <private> on default queue, to re-boostrap client connection.
2026-09-14 13:50:11.471 Df PeachCommander[18844:f2f6] [com.apple.xpc:connection] [0xba0ca0000] activating connection: mach=true listener=false peer=false name=com.apple.pasteboard.1
2026-09-14 13:50:11.472 Df PeachCommander[18844:f2f6] [com.apple.xpc:connection] [0xba0ca0140] activating connection: mach=true listener=false peer=false name=com.apple.distributed_notifications@Uv3
2026-09-14 13:50:11.473 Df PeachCommander[18844:f2f6] [com.apple.AppKit:AutomaticTermination] void _NSDisableAutomaticTerminationAndLog(NSString *) No windows open yet
2026-09-14 13:50:11.473 A  PeachCommander[18844:f2f6] (TCC) TCCAccessRequest() IPC
2026-09-14 13:50:11.473 Df PeachCommander[18844:f2f6] [com.apple.xpc:connection] [0xba0ca0280] activating connection: mach=true listener=false peer=false name=com.apple.tccd.system
2026-09-14 13:50:11.473 I  PeachCommander[18844:f2f6] [com.apple.TCC:access] SEND: 0/7 synchronous to com.apple.tccd.system: request: msgID=18844.1, function=TCCAccessRequest, service=kTCCServiceListenEvent,
2026-09-14 13:50:11.475 I  PeachCommander[18844:f2f6] [com.apple.TCC:access] RECV: synchronous reply <dictionary: 0xba0c88000> { count = 5, transaction: 0, voucher = 0x0, contents =
	"prompt_type" => <uint64: 0xabcf23371f20b4c7>: 1
	"auth_value" => <uint64: 0xabcf23371f20b4c7>: 1
	"preflight_unknown" => <bool: 0x1ee1ad190>: true
	"auth_version" => <uint64: 0xabcf23371f20b4c7>: 1
	"auth_reason" => <uint64: 0xabcf23371f20b4e7>: 5
}
2026-09-14 13:50:11.475 Df PeachCommander[18844:f2f6] [com.apple.xpc:connection] [0xba0ca0280] invalidated after the last release of the connection object
2026-09-14 13:50:11.475 Df PeachCommander[18844:f2f6] [com.apple.SkyLight:default] server port 0x00002e0b, session port 0x00002e0b
2026-09-14 13:50:11.477 Df PeachCommander[18844:f2f6] [com.apple.SkyLight:default] New connection 0x4f5fb main
2026-09-14 13:50:11.477 I  PeachCommander[18844:f2fb] [com.apple.SkyLight:processes] 0[outside of RPC]: First connection id 325115 mapped to ctx = 0xba0c44380
2026-09-14 13:50:11.478 I  PeachCommander[18844:f2f6] [com.apple.hiservices:processmgr] Checking in with CAS, pid=18844
2026-09-14 13:50:11.478 I  PeachCommander[18844:f2f6] [com.apple.launchservices:cas] LSApplicationCheckIn(), app being registered is:"/Users/admin/pc-test/PeachCommander.app/Contents/MacOS/PeachCommander"
2026-09-14 13:50:11.478 I  PeachCommander[18844:f2f6] [com.apple.launchservices:cas]  { "ApplicationType"="Foreground", "BuildMachineOSBuild"="25E246", "CFBundleDevelopmentRegion"="en", "CFBundleDocumentTypes"=( { "CFBundleTypeName"="Peach Commander Plugin Package", "CFBundleTypeRole"="Viewer", "LSHandlerRank"="Owner", "LSItemContentTypes"=( "com.peachcommander.plugin-package") }), "CFBundleExecutable"="PeachCommander", "CFBundleExecutablePath"="/Users/admin/pc-test/PeachCommander.app/Contents/MacOS/PeachCommander", "CFBundleHelpBookFolder"="PeachCommander.help", "CFBundleHelpBookName"="Peach Commander Help", "CFBundleIconFile"="AppIcon", "CFBundleIconName"="AppIcon", "CFBundleIdentifier"="com.peachcommander.app", "CFBundleInfoDictionaryVersion"="6.0", "CFBundleName"="PeachCommander", "CFBundleNumericVersion"=402685952, "CFBundlePackageType"="APPL", "CFBundleShortVersionString"="0.9.0", "CFBundleSignature"="?????", "CFBundleSupportedPlatforms"=( "MacOSX"), "CFBundleVersion"="18", "DTCompiler"="com.apple.compilers.llvm.clang.1_0", "DTPlatformBuild"="25F70", "DTPlatformName"="macosx", "<…>
2026-09-14 13:50:11.478 Df PeachCommander[18844:f2f6] [com.apple.processmanager:front-35286506] CHECKIN: pid=18844
2026-09-14 13:50:11.479 Df PeachCommander[18844:f2f6] [com.apple.processmanager:front-35286506] CHECKEDIN: pid=18844 asn=0x0-0xe80e8 foreground=1
2026-09-14 13:50:11.479 I  PeachCommander[18844:f2f6] [com.apple.launchservices:cas] Setting processControlState to default PROC_SETPC_SUSPEND because application does not have LSProcessControlValue key
2026-09-14 13:50:11.479 Df PeachCommander[18844:f2f6] [com.apple.xpc:connection] [0xba0ca0280] activating connection: mach=false listener=true peer=false name=(anonymous)
2026-09-14 13:50:11.479 Df PeachCommander[18844:f2f6] [com.apple.xpc:connection] [0xba0ca0280] Connection returned listener port: 0x4103
2026-09-14 13:50:11.480 Df PeachCommander[18844:f2fa] [com.apple.xpc:connection] [0xba1060300] activating connection: mach=false listener=false peer=true name=com.apple.xpc.anonymous.0xba0ca0280.peer[131].0xba1060300
2026-09-14 13:50:11.480 Df PeachCommander[18844:f2f6] [com.apple.processmanager:front-35286506] FRONTLOGGING: version 1
2026-09-14 13:50:11.480 Df PeachCommander[18844:f2f6] [com.apple.processmanager:front-35286506] Registered, pid=18844 ASN=0x0,0xe80e8
2026-09-14 13:50:11.480 Df PeachCommander[18844:f2f6] [com.apple.xpc:connection] [0xba0ca03c0] activating connection: mach=true listener=false peer=false name=com.apple.analyticsd
2026-09-14 13:50:11.480 I  PeachCommander[18844:f2f6] [com.apple.CoreAnalytics:client] Daemon status changed from 0 to 1
2026-09-14 13:50:11.480 I  PeachCommander[18844:f2fa] [com.apple.CarbonCore:coreservicesdaemon] SCSession():SCSession( id=100, this=0x0x102b50350 option=65538) created, forUID=501 mach_port_t=0x5203.
2026-09-14 13:50:11.480 I  PeachCommander[18844:f2fa] [com.apple.CarbonCore:coreservicesdaemon] SCSession():SCSession( id=101, this=0x0x102b50490 option=65538) created, forUID=501 mach_port_t=0x5303.
2026-09-14 13:50:11.480 I  PeachCommander[18844:f2fa] [com.apple.CarbonCore:coreservicesdaemon] connectToCoreServicesD():Instantiating server (coreservicesd based) SCSession, port=0x5203 serverOptions=0x10002.
2026-09-14 13:50:11.480 Df PeachCommander[18844:f2ff] [com.apple.CoreAnalytics:client] Received configuration update from daemon (initial)
2026-09-14 13:50:11.480 I  PeachCommander[18844:f2f6] [com.apple.hiservices:processmgr] _RegisterApplication( pid 18844 => 0x0,0xe80e8) type=foreground
2026-09-14 13:50:11.480 Df PeachCommander[18844:f2f6] [com.apple.xpc:connection] [0xba0ca0280] Connection returned listener port: 0x4103
2026-09-14 13:50:11.481 I  PeachCommander[18844:f2f6] [com.apple.launchservices:cas] CFArrayRef _LSCopyLaunchModifiers(LSSessionID, LSASNRef _Nonnull), result for psn [ kLSCurrentApp ASN, 0x0,0x2]  is 1 items.
2026-09-14 13:50:11.481 Df PeachCommander[18844:f2f6] [com.apple.processmanager:front-35286506] BringForward: pid=18844 asn=0x0-0xe80e8 bringForward=1 foreground=1 uiElement=0 launchedByLS=1 modifiersCount=1 allDisabled=1
2026-09-14 13:50:11.481 Df PeachCommander[18844:f2f6] [com.apple.processmanager:front-35286506] BringFrontModifier: pid=18844 asn=0x0-0xe80e8 Modifier 0 hideAfter=0 hideOthers=0 dontMakeFrontmost=0 mouseDown=0/0 seed=0/0
2026-09-14 13:50:11.481 Df PeachCommander[18844:f2f6] [com.apple.processmanager:front-35286506] BringForward: pid=18844 asn=0x0-0xe80e8
2026-09-14 13:50:11.481 Df PeachCommander[18844:f2f6] [com.apple.processmanager:front-35286506] SetFrontProcess: asn=0x0-0xe80e8 options=0
2026-09-14 13:50:11.481 I  PeachCommander[18844:f2f6] [com.apple.SkyLight:processes] 0[outside of RPC]: SLPSetFrontProcess(0x0-0xe80e8 window=0 options=0x0
2026-09-14 13:50:11.481 Df PeachCommander[18844:f2fa] [com.apple.xpc:connection] [0xba0ca0500] activating connection: mach=true listener=false peer=false name=com.apple.lsd.mapdb
2026-09-14 13:50:11.482 Df PeachCommander[18844:f2f6] [com.apple.AppKit:Appearance] Current system appearance, (HLTB: 1), (SLS: 0)
2026-09-14 13:50:11.483 Df PeachCommander[18844:f2f6] (libMobileGestalt.dylib) No persisted cache on this platform.
2026-09-14 13:50:11.483 I  PeachCommander[18844:f2fb] [com.apple.launchservices:cas] information in shared memory for 0x0-0xe80e8 with seed 533 was still valid, so using cached info { "ApplicationType"="Foreground", "BuildMachineOSBuild"="25E246", "BundleIdentifierLowerCase"="com.peachcommander.app", "CFBundleDevelopmentRegion"="en", "CFBundleDocumentTypes"=( { "CFBundleTypeName"="Peach Commander Plugin Package", "CFBundleTypeRole"="Viewer", "LSHandlerRank"="Owner", "LSItemContentTypes"=( "com.peachcommander.plugin-package") }), "CFBundleExecutable"="PeachCommander", "CFBundleExecutablePath"="/Users/admin/pc-test/PeachCommander.app/Contents/MacOS/PeachCommander", "CFBundleExecutablePathDeviceID"=16777227, "CFBundleExecutablePathINode"=488284, "CFBundleHelpBookFolder"="PeachCommander.help", "CFBundleHelpBookName"="Peach Commander Help", "CFBundleIconFile"="AppIcon", "CFBundleIconName"="AppIcon", "CFBundleIdentifier"="com.peachcommander.app", "CFBundleInfoDictionaryVersion"="6.0", "CFBundleName"="PeachCommander", "CFBundleNameLowerCase"="peachcommander", "CFBundleNumericVersion"=402685952, "CFBundlePackageType"="APPL", "CFBundleShortVersionString"="0.9.0", "CFBun<…>
2026-09-14 13:50:11.484 Df PeachCommander[18844:f2f6] (libMobileGestalt.dylib) Could not get size of EAN data (IOConnectCallScalarMethod kAppleNVMeEANGetSize returned 0xE00002E2)
2026-09-14 13:50:11.484 Df PeachCommander[18844:f2f6] (libMobileGestalt.dylib) Failed to copy 'aptk' from EAN
2026-09-14 13:50:11.484 Df PeachCommander[18844:f2f6] (libMobileGestalt.dylib) Failed to copy APTicket properties. Falling back to default policy.
2026-09-14 13:50:11.484 Df PeachCommander[18844:f2f6] (libMobileGestalt.dylib) Creating default MGSysConfigPolicy
2026-09-14 13:50:11.484 Df PeachCommander[18844:f2f6] (libMobileGestalt.dylib) CFDictionaryRef copySyscfgDictionary(void) enumeration of <private> failed.
2026-09-14 13:50:11.484 Df PeachCommander[18844:f2f6] (libMobileGestalt.dylib) Failed to find key <private>
2026-09-14 13:50:11.484 I  PeachCommander[18844:f2fa] [com.apple.launchservices:db] LaunchServices database schema version: 20971544
2026-09-14 13:50:11.484 Df PeachCommander[18844:f2f6] [com.apple.AppKit:Appearance] Current system appearance, (HLTB: 1), (SLS: 0)
2026-09-14 13:50:11.485 Df PeachCommander[18844:f2f6] [com.apple.AppKit:Appearance] Post-registration system appearance: (HLTB: 1)
2026-09-14 13:50:11.486 I  PeachCommander[18844:f2fa] [com.apple.launchservices:default] Unable to load Info.plist exceptions (eGPUOverrides)
2026-09-14 13:50:11.486 I  PeachCommander[18844:f2fa] [com.apple.launchservices:default] Unable to load Info.plist exceptions (gameModeOverrides)
2026-09-14 13:50:11.486 I  PeachCommander[18844:f2fa] [com.apple.launchservices:default] Unable to load Info.plist exceptions (identifiedGameOverrides)
2026-09-14 13:50:11.486 I  PeachCommander[18844:f2fa] [com.apple.launchservices:default] Unable to load Info.plist exceptions (SystemHiddenPreferred)
2026-09-14 13:50:11.486 Df PeachCommander[18844:f2f6] [com.apple.FrontBoard:Common] FBSWorkspace: endpoint monitoring is disabled.
2026-09-14 13:50:11.486 Df PeachCommander[18844:f2f6] [com.apple.FrontBoard:Common] FBSWorkspace: default shell endpoint is disabled.
2026-09-14 13:50:11.486 Df PeachCommander[18844:f2f6] [com.apple.runningboard:connection] Initializing connection
2026-09-14 13:50:11.487 Df PeachCommander[18844:f2f6] [com.apple.runningboard:process] Removing all cached process handles
2026-09-14 13:50:11.487 Df PeachCommander[18844:f2fb] [com.apple.runningboard:connection] Sending handshake request attempt #1 to server
2026-09-14 13:50:11.487 Df PeachCommander[18844:f2fb] [com.apple.runningboard:connection] Creating connection to com.apple.runningboard
2026-09-14 13:50:11.487 Df PeachCommander[18844:f2fb] [com.apple.xpc:connection] [0xba0ca0640] activating connection: mach=true listener=false peer=false name=com.apple.runningboard
2026-09-14 13:50:11.487 Df PeachCommander[18844:f2f6] [com.apple.xpc:connection] [0xba0ca0280] Connection returned listener port: 0x4103
2026-09-14 13:50:11.487 A  PeachCommander[18844:f2ff] (RunningBoardServices) didChangeInheritances
2026-09-14 13:50:11.487 I  PeachCommander[18844:f2f6] [com.apple.launchservices:cas] information in shared memory for 0x0-0xe80e8 with seed 533 was still valid, so using cached info { "ApplicationType"="Foreground", "BuildMachineOSBuild"="25E246", "BundleIdentifierLowerCase"="com.peachcommander.app", "CFBundleDevelopmentRegion"="en", "CFBundleDocumentTypes"=( { "CFBundleTypeName"="Peach Commander Plugin Package", "CFBundleTypeRole"="Viewer", "LSHandlerRank"="Owner", "LSItemContentTypes"=( "com.peachcommander.plugin-package") }), "CFBundleExecutable"="PeachCommander", "CFBundleExecutablePath"="/Users/admin/pc-test/PeachCommander.app/Contents/MacOS/PeachCommander", "CFBundleExecutablePathDeviceID"=16777227, "CFBundleExecutablePathINode"=488284, "CFBundleHelpBookFolder"="PeachCommander.help", "CFBundleHelpBookName"="Peach Commander Help", "CFBundleIconFile"="AppIcon", "CFBundleIconName"="AppIcon", "CFBundleIdentifier"="com.peachcommander.app", "CFBundleInfoDictionaryVersion"="6.0", "CFBundleName"="PeachCommander", "CFBundleNameLowerCase"="peachcommander", "CFBundleNumericVersion"=402685952, "CFBundlePackageType"="APPL", "CFBundleShortVersionString"="0.9.0", "CFBun<…>
2026-09-14 13:50:11.487 Df PeachCommander[18844:f2fb] [com.apple.runningboard:connection] Handshake succeeded
2026-09-14 13:50:11.487 Df PeachCommander[18844:f2fb] [com.apple.runningboard:connection] Identity resolved as app<application.com.peachcommander.app.487016.488284(501)>
2026-09-14 13:50:11.488 Df PeachCommander[18844:f2f6] [com.apple.xpc:connection] [0xba0ca0280] Connection returned listener port: 0x4103
2026-09-14 13:50:11.489 A  PeachCommander[18844:f300] (AppIntents) appintents:register process
2026-09-14 13:50:11.489 Df PeachCommander[18844:f300] [com.apple.appintents:Connection] Created a new Process Instance Registry XPC connection (inactive)
2026-09-14 13:50:11.489 Df PeachCommander[18844:f300] [com.apple.xpc:connection] [0xba0ca0780] activating connection: mach=true listener=false peer=false name=com.apple.linkd.autoShortcut
2026-09-14 13:50:11.489 Df PeachCommander[18844:f300] [com.apple.appintents:Connection] Activated connection to linkd (ApplicationService)
2026-09-14 13:50:11.489 Df PeachCommander[18844:f300] [com.apple.xpc:connection] [0xba0ca0a00] activating connection: mach=false listener=true peer=false name=(anonymous)
2026-09-14 13:50:11.489 I  PeachCommander[18844:f2f6] [com.apple.launchservices:cas] information in shared memory for 0x0-0xe80e8 with seed 533 was still valid, so using cached info { "ApplicationType"="Foreground", "BuildMachineOSBuild"="25E246", "BundleIdentifierLowerCase"="com.peachcommander.app", "CFBundleDevelopmentRegion"="en", "CFBundleDocumentTypes"=( { "CFBundleTypeName"="Peach Commander Plugin Package", "CFBundleTypeRole"="Viewer", "LSHandlerRank"="Owner", "LSItemContentTypes"=( "com.peachcommander.plugin-package") }), "CFBundleExecutable"="PeachCommander", "CFBundleExecutablePath"="/Users/admin/pc-test/PeachCommander.app/Contents/MacOS/PeachCommander", "CFBundleExecutablePathDeviceID"=16777227, "CFBundleExecutablePathINode"=488284, "CFBundleHelpBookFolder"="PeachCommander.help", "CFBundleHelpBookName"="Peach Commander Help", "CFBundleIconFile"="AppIcon", "CFBundleIconName"="AppIcon", "CFBundleIdentifier"="com.peachcommander.app", "CFBundleInfoDictionaryVersion"="6.0", "CFBundleName"="PeachCommander", "CFBundleNameLowerCase"="peachcommander", "CFBundleNumericVersion"=402685952, "CFBundlePackageType"="APPL", "CFBundleShortVersionString"="0.9.0", "CFBun<…>
2026-09-14 13:50:11.489 I  PeachCommander[18844:f2f6] [com.apple.hiservices:processmgr] TransformProcessType(0x0,0x2 => 1 wasFront=1 pickNew=0)
2026-09-14 13:50:11.489 I  PeachCommander[18844:f2f6] [com.apple.CoreAnalytics:client] Dropping "com.apple.appkit.app_config" as it isn't used in any transform (not in the config or budgeted?)
2026-09-14 13:50:11.490 I  PeachCommander[18844:f300] [com.apple.appintents:Execution] LNAppConnectionListener instantiated
2026-09-14 13:50:11.490 Df PeachCommander[18844:f300] [com.apple.xpc:connection] [0xba0ca0a00] Connection returned listener port: 0x6a03
2026-09-14 13:50:11.490 Df PeachCommander[18844:f2fa] [com.apple.xpc:connection] [0xba0ca0780] Re-initialization successful; calling out to event handler with XPC_ERROR_CONNECTION_INTERRUPTED
2026-09-14 13:50:11.490 Df PeachCommander[18844:f2fa] [com.apple.appintents:Connection] Process Instance Registry XPC connection has been interrupted
2026-09-14 13:50:11.490 Df PeachCommander[18844:f2f6] [com.apple.dt.xctest:Default] Registering for test daemon availability notify post.
2026-09-14 13:50:11.490 E  PeachCommander[18844:f300] [com.apple.appintents:Connection] Unable to get synchronousRemoteObjectProxy, error: Error Domain=NSCocoaErrorDomain Code=4097 "connection to service named com.apple.linkd.autoShortcut" UserInfo={NSDebugDescription=connection to service named com.apple.linkd.autoShortcut}
2026-09-14 13:50:11.490 Df PeachCommander[18844:f2f6] [com.apple.dt.xctest:Default] notify_get_state check indicated test daemon not ready.
2026-09-14 13:50:11.490 E  PeachCommander[18844:f300] [com.apple.AppKit:Application] Error registering app with intents framework: Error Domain=NSCocoaErrorDomain Code=4097 UserInfo={NSDebugDescription=<private>}
2026-09-14 13:50:11.490 Df PeachCommander[18844:f2ff] [com.apple.appintents:Connection] Created a new Process Instance Registry XPC connection (inactive)
2026-09-14 13:50:11.490 A  PeachCommander[18844:f2ff] (AppIntents) appintents:register process
2026-09-14 13:50:11.490 Df PeachCommander[18844:f2f6] [com.apple.dt.xctest:Default] notify_get_state check indicated test daemon not ready.
2026-09-14 13:50:11.490 Df PeachCommander[18844:f2ff] [com.apple.appintents:Connection] Created a new Process Instance Registry XPC connection (inactive)
2026-09-14 13:50:11.490 Df PeachCommander[18844:f2ff] [com.apple.xpc:connection] [0xba0ca0c80] activating connection: mach=true listener=false peer=false name=com.apple.linkd.autoShortcut
2026-09-14 13:50:11.490 Df PeachCommander[18844:f2f6] [com.apple.dt.xctest:Default] notify_get_state check indicated test daemon not ready.
2026-09-14 13:50:11.490 Df PeachCommander[18844:f2ff] [com.apple.appintents:Connection] Activated connection to linkd (ApplicationService)
2026-09-14 13:50:11.490 Df PeachCommander[18844:f2ff] [com.apple.xpc:connection] [0xba0ca0a00] Connection returned listener port: 0x6a03
2026-09-14 13:50:11.491 Df PeachCommander[18844:f300] [com.apple.xpc:connection] [0xba0ca0c80] Re-initialization successful; calling out to event handler with XPC_ERROR_CONNECTION_INTERRUPTED
2026-09-14 13:50:11.491 Df PeachCommander[18844:f300] [com.apple.appintents:Connection] Process Instance Registry XPC connection has been interrupted
2026-09-14 13:50:11.491 E  PeachCommander[18844:f2ff] [com.apple.appintents:Connection] Unable to get synchronousRemoteObjectProxy, error: Error Domain=NSCocoaErrorDomain Code=4097 "connection to service named com.apple.linkd.autoShortcut" UserInfo={NSDebugDescription=connection to service named com.apple.linkd.autoShortcut}
2026-09-14 13:50:11.491 E  PeachCommander[18844:f2ff] [com.apple.appintents:Connection] Unable to re-register with Process Instance Registry, error: Error Domain=NSCocoaErrorDomain Code=4097 "connection to service named com.apple.linkd.autoShortcut" UserInfo={NSDebugDescription=connection to service named com.apple.linkd.autoShortcut}
2026-09-14 13:50:11.491 Df PeachCommander[18844:f300] [com.apple.appintents:Connection] Created a new Process Instance Registry XPC connection (inactive)
2026-09-14 13:50:11.491 A  PeachCommander[18844:f300] (AppIntents) appintents:register process
2026-09-14 13:50:11.491 Df PeachCommander[18844:f300] [com.apple.appintents:Connection] Created a new Process Instance Registry XPC connection (inactive)
2026-09-14 13:50:11.491 Df PeachCommander[18844:f300] [com.apple.xpc:connection] [0xba0ca12c0] activating connection: mach=true listener=false peer=false name=com.apple.linkd.autoShortcut
2026-09-14 13:50:11.491 Df PeachCommander[18844:f300] [com.apple.appintents:Connection] Activated connection to linkd (ApplicationService)
2026-09-14 13:50:11.491 Df PeachCommander[18844:f300] [com.apple.xpc:connection] [0xba0ca0a00] Connection returned listener port: 0x6a03
2026-09-14 13:50:11.491 Df PeachCommander[18844:f2ff] [com.apple.xpc:connection] [0xba0ca12c0] Re-initialization successful; calling out to event handler with XPC_ERROR_CONNECTION_INTERRUPTED
2026-09-14 13:50:11.491 Df PeachCommander[18844:f2ff] [com.apple.appintents:Connection] Process Instance Registry XPC connection has been interrupted
2026-09-14 13:50:11.491 Df PeachCommander[18844:f2ff] [com.apple.appintents:Connection] Created a new Process Instance Registry XPC connection (inactive)
2026-09-14 13:50:11.491 A  PeachCommander[18844:f2ff] (AppIntents) appintents:register process
2026-09-14 13:50:11.491 Df PeachCommander[18844:f2ff] [com.apple.appintents:Connection] Created a new Process Instance Registry XPC connection (inactive)
2026-09-14 13:50:11.491 Df PeachCommander[18844:f2ff] [com.apple.xpc:connection] [0xba0ca1540] activating connection: mach=true listener=false peer=false name=com.apple.linkd.autoShortcut
2026-09-14 13:50:11.491 Df PeachCommander[18844:f2ff] [com.apple.appintents:Connection] Activated connection to linkd (ApplicationService)
2026-09-14 13:50:11.491 Df PeachCommander[18844:f2ff] [com.apple.xpc:connection] [0xba0ca0a00] Connection returned listener port: 0x6a03
2026-09-14 13:50:11.491 E  PeachCommander[18844:f300] [com.apple.appintents:Connection] Unable to get synchronousRemoteObjectProxy, error: Error Domain=NSCocoaErrorDomain Code=4097 "connection to service named com.apple.linkd.autoShortcut" UserInfo={NSDebugDescription=connection to service named com.apple.linkd.autoShortcut}
2026-09-14 13:50:11.491 E  PeachCommander[18844:f300] [com.apple.appintents:Connection] Unable to re-register with Process Instance Registry, error: Error Domain=NSCocoaErrorDomain Code=4097 "connection to service named com.apple.linkd.autoShortcut" UserInfo={NSDebugDescription=connection to service named com.apple.linkd.autoShortcut}
2026-09-14 13:50:11.492 Df PeachCommander[18844:f2fb] [com.apple.xpc:connection] [0xba0ca1540] Re-initialization successful; calling out to event handler with XPC_ERROR_CONNECTION_INTERRUPTED
2026-09-14 13:50:11.492 Df PeachCommander[18844:f2fb] [com.apple.appintents:Connection] Process Instance Registry XPC connection has been interrupted
2026-09-14 13:50:11.492 E  PeachCommander[18844:f2fb] [com.apple.appintents:Connection] Will NOT re-try to establish the connection
2026-09-14 13:50:11.492 E  PeachCommander[18844:f2ff] [com.apple.appintents:Connection] Unable to get synchronousRemoteObjectProxy, error: Error Domain=NSCocoaErrorDomain Code=4097 "connection to service named com.apple.linkd.autoShortcut" UserInfo={NSDebugDescription=connection to service named com.apple.linkd.autoShortcut}
2026-09-14 13:50:11.492 E  PeachCommander[18844:f2ff] [com.apple.appintents:Connection] Unable to re-register with Process Instance Registry, error: Error Domain=NSCocoaErrorDomain Code=4097 "connection to service named com.apple.linkd.autoShortcut" UserInfo={NSDebugDescription=connection to service named com.apple.linkd.autoShortcut}
2026-09-14 13:50:11.494 A  PeachCommander[18844:f2f6] (CoreFoundation) Loading Preferences From System CFPrefsD
2026-09-14 13:50:11.494 Df PeachCommander[18844:f2f6] (libMobileGestalt.dylib) couldn't load support library
2026-09-14 13:50:11.494 Df PeachCommander[18844:f2f6] (libMobileGestalt.dylib) called dummy function!
2026-09-14 13:50:11.495 I  PeachCommander[18844:f2f6] [com.apple.GenerativeModels:availability] Current availability state: unavailable, use cases: com.apple.WritingTools, language: <any>, api: <private>
2026-09-14 13:50:11.495 Df PeachCommander[18844:f2f6] [com.apple.GenerativeModels:availability] registering darwin observer for name: com.apple.gms.availability.notification
2026-09-14 13:50:11.495 Df PeachCommander[18844:f2f6] [com.apple.GenerativeModels:availability] registering darwin observer for name: com.apple.os-eligibility-domain.change.greymatter
2026-09-14 13:50:11.495 Df PeachCommander[18844:f2f6] [com.apple.GenerativeModels:availability] registering darwin observer for name: com.apple.language.changed
2026-09-14 13:50:11.495 Df PeachCommander[18844:f2f6] [com.apple.WritingTools:Default] isAvailable value changed: isMDMAllowed = true, gmAvailable (current) = false
2026-09-14 13:50:11.497 I  PeachCommander[18844:f2f6] [com.apple.CoreAnalytics:client] Dropping "com.apple.appkit.app_config" as it isn't used in any transform (not in the config or budgeted?)
2026-09-14 13:50:11.500 Df PeachCommander[18844:f2f6] [com.apple.AppKit:Appearance] NSApp cache appearance:
-NSRequiresAquaSystemAppearance: 0
-appearance: (null)
-effectiveAppearance: <NSCompositeAppearance: 0xba0c8c500
 (
    "<NSAquaAppearance: 0xba0c8c6e0>",
    "<NSSystemAppearance: 0xba0c8c780>"
)>
2026-09-14 13:50:11.502 A  PeachCommander[18844:f2f6] (CoreFoundation) Loading Preferences From User CFPrefsD
2026-09-14 13:50:11.502 A  PeachCommander[18844:f2f6] (CoreFoundation) Loading Preferences From User CFPrefsD
2026-09-14 13:50:11.505 A  PeachCommander[18844:f300] (libsystem_info.dylib) Membership API: translate identifier
2026-09-14 13:50:11.507 I  PeachCommander[18844:f2f6] [com.apple.CoreAnalytics:client] Dropping "com.apple.appkit.app_config" as it isn't used in any transform (not in the config or budgeted?)
2026-09-14 13:50:11.507 I  PeachCommander[18844:f2f6] [com.apple.CoreAnalytics:client] Dropping "com.apple.appkit.app_config" as it isn't used in any transform (not in the config or budgeted?)
2026-09-14 13:50:11.508 Df PeachCommander[18844:f2fb] [com.apple.xpc:connection] [0xba0ca1a40] activating connection: mach=true listener=false peer=false name=com.apple.dock.fullscreen
2026-09-14 13:50:11.509 Df PeachCommander[18844:f2f6] [com.apple.xpc:connection] [0xba0ca1b80] activating connection: mach=true listener=false peer=false name=com.apple.fonts
2026-09-14 13:50:11.512 I  PeachCommander[18844:f2f6] [com.apple.launchservices:cas] information in shared memory for 0x0-0xe80e8 with seed 533 was still valid, so using cached info { "ApplicationType"="Foreground", "BuildMachineOSBuild"="25E246", "BundleIdentifierLowerCase"="com.peachcommander.app", "CFBundleDevelopmentRegion"="en", "CFBundleDocumentTypes"=( { "CFBundleTypeName"="Peach Commander Plugin Package", "CFBundleTypeRole"="Viewer", "LSHandlerRank"="Owner", "LSItemContentTypes"=( "com.peachcommander.plugin-package") }), "CFBundleExecutable"="PeachCommander", "CFBundleExecutablePath"="/Users/admin/pc-test/PeachCommander.app/Contents/MacOS/PeachCommander", "CFBundleExecutablePathDeviceID"=16777227, "CFBundleExecutablePathINode"=488284, "CFBundleHelpBookFolder"="PeachCommander.help", "CFBundleHelpBookName"="Peach Commander Help", "CFBundleIconFile"="AppIcon", "CFBundleIconName"="AppIcon", "CFBundleIdentifier"="com.peachcommander.app", "CFBundleInfoDictionaryVersion"="6.0", "CFBundleName"="PeachCommander", "CFBundleNameLowerCase"="peachcommander", "CFBundleNumericVersion"=402685952, "CFBundlePackageType"="APPL", "CFBundleShortVersionString"="0.9.0", "CFBun<…>
2026-09-14 13:50:11.512 I  PeachCommander[18844:f2f6] [com.apple.CoreAnalytics:client] Dropping "com.apple.appkit.app_config" as it isn't used in any transform (not in the config or budgeted?)
2026-09-14 13:50:11.512 Df PeachCommander[18844:f2f6] [com.apple.AppKit:AutomaticTermination] -[NSApplication(NSAppssassination) _checkForAutomaticTerminationSupportPossiblyEnablingIt]_block_invoke Enabling automatic termination support.
2026-09-14 13:50:11.512 Df PeachCommander[18844:f2f6] [com.apple.xpc:connection] [0xba0ca0dc0] activating connection: mach=true listener=false peer=false name=com.apple.appkit.restoration_storage
2026-09-14 13:50:11.512 I  PeachCommander[18844:f2f6] [com.apple.launchservices:cas] information in shared memory for 0x0-0xe80e8 with seed 533 was still valid, so using cached info { "ApplicationType"="Foreground", "BuildMachineOSBuild"="25E246", "BundleIdentifierLowerCase"="com.peachcommander.app", "CFBundleDevelopmentRegion"="en", "CFBundleDocumentTypes"=( { "CFBundleTypeName"="Peach Commander Plugin Package", "CFBundleTypeRole"="Viewer", "LSHandlerRank"="Owner", "LSItemContentTypes"=( "com.peachcommander.plugin-package") }), "CFBundleExecutable"="PeachCommander", "CFBundleExecutablePath"="/Users/admin/pc-test/PeachCommander.app/Contents/MacOS/PeachCommander", "CFBundleExecutablePathDeviceID"=16777227, "CFBundleExecutablePathINode"=488284, "CFBundleHelpBookFolder"="PeachCommander.help", "CFBundleHelpBookName"="Peach Commander Help", "CFBundleIconFile"="AppIcon", "CFBundleIconName"="AppIcon", "CFBundleIdentifier"="com.peachcommander.app", "CFBundleInfoDictionaryVersion"="6.0", "CFBundleName"="PeachCommander", "CFBundleNameLowerCase"="peachcommander", "CFBundleNumericVersion"=402685952, "CFBundlePackageType"="APPL", "CFBundleShortVersionString"="0.9.0", "CFBun<…>
2026-09-14 13:50:11.512 Df PeachCommander[18844:f2f6] [com.apple.xpc:connection] [0xba0ca0f00] activating connection: mach=true listener=false peer=false name=com.apple.coreservices.appleevents
2026-09-14 13:50:11.513 I  PeachCommander[18844:f2f6] [com.apple.appleevents:main] _AEGetRegisteredMachPort() created default port (port:44803/0xaf03 rcv:1 send:1 limit:5) and registered it with server
2026-09-14 13:50:11.513 Df PeachCommander[18844:f2f6] [com.apple.xpc:connection] [0xba0ca0280] Connection returned listener port: 0x4103
2026-09-14 13:50:11.513 I  PeachCommander[18844:f2f6] [com.apple.launchservices:cas] information in shared memory for 0x0-0xe80e8 with seed 533 was still valid, so using cached info { "ApplicationType"="Foreground", "BuildMachineOSBuild"="25E246", "BundleIdentifierLowerCase"="com.peachcommander.app", "CFBundleDevelopmentRegion"="en", "CFBundleDocumentTypes"=( { "CFBundleTypeName"="Peach Commander Plugin Package", "CFBundleTypeRole"="Viewer", "LSHandlerRank"="Owner", "LSItemContentTypes"=( "com.peachcommander.plugin-package") }), "CFBundleExecutable"="PeachCommander", "CFBundleExecutablePath"="/Users/admin/pc-test/PeachCommander.app/Contents/MacOS/PeachCommander", "CFBundleExecutablePathDeviceID"=16777227, "CFBundleExecutablePathINode"=488284, "CFBundleHelpBookFolder"="PeachCommander.help", "CFBundleHelpBookName"="Peach Commander Help", "CFBundleIconFile"="AppIcon", "CFBundleIconName"="AppIcon", "CFBundleIdentifier"="com.peachcommander.app", "CFBundleInfoDictionaryVersion"="6.0", "CFBundleName"="PeachCommander", "CFBundleNameLowerCase"="peachcommander", "CFBundleNumericVersion"=402685952, "CFBundlePackageType"="APPL", "CFBundleShortVersionString"="0.9.0", "CFBun<…>
2026-09-14 13:50:11.513 Df PeachCommander[18844:f2f6] [com.apple.processmanager:front-35286506] SignalReady: pid=18844 asn=0x0-0xe80e8
2026-09-14 13:50:11.513 Df PeachCommander[18844:f2f6] [com.apple.processmanager:front-35286506] SIGNAL: pid=18844 asn=0x0x-0xe80e8
2026-09-14 13:50:11.513 I  PeachCommander[18844:f2f6] [com.apple.appleevents:main] aeGenerateFakeFirstOAPPEventIfNecessary()
2026-09-14 13:50:11.513 I  PeachCommander[18844:f2f6] [com.apple.appleevents:main] aeGenerateFakeFirstOAPPEventIfNecessary(), needToCreateFakeOAPPEventIfFirstEvent == true
2026-09-14 13:50:11.513 I  PeachCommander[18844:f2f6] [com.apple.launchservices:cas] Removing cached information for app [ 0x0-0xe80e8]  "PeachCommander", as its seed is different from that in shared memory ( 533 vs 535)
2026-09-14 13:50:11.514 I  PeachCommander[18844:f2f6] [com.apple.CFPasteboard:entry] CopyData('DefaultAsciiKeyboardLayoutPasteboard' (<CFUUID 0xba0d5c400> 29A0051B-9354-4F8D-A5C2-31E6A3BE4E7F) gen: -1 item: 1264739405 flavor: 'DefaultAsciiKeyboardLayoutFlavor')
2026-09-14 13:50:11.514 I  PeachCommander[18844:f2f6] [com.apple.CFPasteboard:cache] Rebuilding cache for 'DefaultAsciiKeyboardLayoutPasteboard' (<CFUUID 0xba0d5c400> 29A0051B-9354-4F8D-A5C2-31E6A3BE4E7F)
2026-09-14 13:50:11.514 I  PeachCommander[18844:f2f6] [com.apple.CFPasteboard:exit] (not-in-cache) - result: -8 generation: 0 null data flags: 0
2026-09-14 13:50:11.514 A  PeachCommander[18844:f2f6] (CoreFoundation) Loading Preferences From User CFPrefsD
2026-09-14 13:50:11.514 A  PeachCommander[18844:f2f6] (CoreFoundation) Loading Preferences From System CFPrefsD
2026-09-14 13:50:11.514 I  PeachCommander[18844:f2f6] [com.apple.CFPasteboard:entry] CopyData('AppleIntlFileCacheModificationDatePasteboard' (<CFUUID 0xba0d5cc60> 616509D4-733D-466D-B42E-174914631560) gen: -1 item: 1 flavor: '-32766 1768845414')
2026-09-14 13:50:11.514 I  PeachCommander[18844:f2f6] [com.apple.CFPasteboard:cache] Rebuilding cache for 'AppleIntlFileCacheModificationDatePasteboard' (<CFUUID 0xba0d5cc60> 616509D4-733D-466D-B42E-174914631560)
2026-09-14 13:50:11.515 I  PeachCommander[18844:f2f6] [com.apple.CFPasteboard:general] Will request data from daemon
2026-09-14 13:50:11.515 I  PeachCommander[18844:f2f6] [com.apple.CFPasteboard:exit] (not-in-cache) - result: 0 generation: 7 data (310 bytes) flags: 0
2026-09-14 13:50:11.515 I  PeachCommander[18844:f2f6] [com.apple.CFPasteboard:entry] CopyData('AppleIntlFileCacheModificationDatePasteboard' (<CFUUID 0xba0d5cc60> 616509D4-733D-466D-B42E-174914631560) gen: -1 item: 1 flavor: '-32765 1802264953')
2026-09-14 13:50:11.515 I  PeachCommander[18844:f2f6] [com.apple.CFPasteboard:general] Will request data from daemon
2026-09-14 13:50:11.515 I  PeachCommander[18844:f2f6] [com.apple.CFPasteboard:exit] (not-in-cache) - result: 0 generation: 7 data (306 bytes) flags: 0
2026-09-14 13:50:11.515 I  PeachCommander[18844:f2f6] [com.apple.CFPasteboard:entry] CopyData('AppleIntlFileCacheModificationDatePasteboard' (<CFUUID 0xba0d5cc60> 616509D4-733D-466D-B42E-174914631560) gen: -1 item: 1 flavor: '-32764 1802264953')
2026-09-14 13:50:11.515 I  PeachCommander[18844:f2f6] [com.apple.CFPasteboard:general] Will request data from daemon
2026-09-14 13:50:11.515 I  PeachCommander[18844:f2f6] [com.apple.CFPasteboard:exit] (not-in-cache) - result: 0 generation: 7 data (281 bytes) flags: 0
2026-09-14 13:50:11.515 I  PeachCommander[18844:f2f6] [com.apple.CFPasteboard:entry] CopyData('AppleIntlFileCacheModificationDatePasteboard' (<CFUUID 0xba0d5cc60> 616509D4-733D-466D-B42E-174914631560) gen: -1 item: 1 flavor: '-32763 1802264953')
2026-09-14 13:50:11.515 I  PeachCommander[18844:f2f6] [com.apple.CFPasteboard:general] Will request data from daemon
2026-09-14 13:50:11.515 I  PeachCommander[18844:f2f6] [com.apple.CFPasteboard:exit] (not-in-cache) - result: 0 generation: 7 data (318 bytes) flags: 0
2026-09-14 13:50:11.515 I  PeachCommander[18844:f2f6] [com.apple.CFPasteboard:entry] CopyData('AppleIntlFileCacheModificationDatePasteboard' (<CFUUID 0xba0d5cc60> 616509D4-733D-466D-B42E-174914631560) gen: -1 item: 1 flavor: '-32765 1768845414')
2026-09-14 13:50:11.515 I  PeachCommander[18844:f2f6] [com.apple.CFPasteboard:general] Will request data from daemon
2026-09-14 13:50:11.515 I  PeachCommander[18844:f2f6] [com.apple.CFPasteboard:exit] (not-in-cache) - result: 0 generation: 7 data (303 bytes) flags: 0
2026-09-14 13:50:11.515 I  PeachCommander[18844:f2f6] [com.apple.CFPasteboard:entry] CopyData('AppleIntlFileCacheModificationDatePasteboard' (<CFUUID 0xba0d5cc60> 616509D4-733D-466D-B42E-174914631560) gen: -1 item: 1 flavor: '-32763 1768845414')
2026-09-14 13:50:11.515 I  PeachCommander[18844:f2f6] [com.apple.CFPasteboard:general] Will request data from daemon
2026-09-14 13:50:11.515 I  PeachCommander[18844:f2f6] [com.apple.CFPasteboard:exit] (not-in-cache) - result: 0 generation: 7 data (315 bytes) flags: 0
2026-09-14 13:50:11.516 I  PeachCommander[18844:f2f6] [com.apple.launchservices:cas] information in shared memory for 0x0-0xe80e8 with seed 535 was still valid, so using cached info { "ApplicationType"="Foreground", "BuildMachineOSBuild"="25E246", "BundleIdentifierLowerCase"="com.peachcommander.app", "CFBundleDevelopmentRegion"="en", "CFBundleDocumentTypes"=( { "CFBundleTypeName"="Peach Commander Plugin Package", "CFBundleTypeRole"="Viewer", "LSHandlerRank"="Owner", "LSItemContentTypes"=( "com.peachcommander.plugin-package") }), "CFBundleExecutable"="PeachCommander", "CFBundleExecutablePath"="/Users/admin/pc-test/PeachCommander.app/Contents/MacOS/PeachCommander", "CFBundleExecutablePathDeviceID"=16777227, "CFBundleExecutablePathINode"=488284, "CFBundleHelpBookFolder"="PeachCommander.help", "CFBundleHelpBookName"="Peach Commander Help", "CFBundleIconFile"="AppIcon", "CFBundleIconName"="AppIcon", "CFBundleIdentifier"="com.peachcommander.app", "CFBundleInfoDictionaryVersion"="6.0", "CFBundleName"="PeachCommander", "CFBundleNameLowerCase"="peachcommander", "CFBundleNumericVersion"=402685952, "CFBundlePackageType"="APPL", "CFBundleShortVersionString"="0.9.0", "CFBun<…>
2026-09-14 13:50:11.516 Df PeachCommander[18844:f2f6] [com.apple.xpc:connection] [0xba0ca1e00] activating connection: mach=false listener=false peer=false name=com.apple.ViewBridgeAuxiliary
2026-09-14 13:50:11.521 Df PeachCommander[18844:f2f6] [com.apple.xpc:connection] [0xba0ca1cc0] activating connection: mach=false listener=false peer=false name=(anonymous)
2026-09-14 13:50:11.521 Df PeachCommander[18844:f2f6] [com.apple.xpc:connection] [0xba0ca1f40] activating connection: mach=false listener=true peer=false name=(anonymous)
2026-09-14 13:50:11.521 Df PeachCommander[18844:f2f6] [com.apple.xpc:connection] [0xba0ca1f40] Connection returned listener port: 0xb503
2026-09-14 13:50:11.521 Df PeachCommander[18844:f2f6] [com.apple.xpc:connection] [0xba0ca1e00] invalidated after the last release of the connection object
2026-09-14 13:50:11.522 I  PeachCommander[18844:f2f6] [com.apple.showhide:pr-59900543] SHOWHIDE: SHOW id=400 0x0-0xE80E8, err=0 eventTime=1265186448541 windowID=0
2026-09-14 13:50:11.522 I  PeachCommander[18844:f2f6] [com.apple.CarbonCore:coreservicesdaemon] findOrCreateCacheable():findOrCreateCacheable(), factoryName=3 cacheableName=<private> fCacheables.size()=0
2026-09-14 13:50:11.522 I  PeachCommander[18844:f2f6] [com.apple.CarbonCore:coreservicesdaemon] findOrCreateCacheable():findOrCreateCacheable(), result = 0xba1149500 (should be non-NULL)
2026-09-14 13:50:11.522 Df PeachCommander[18844:f2f6] [com.apple.AppKit:AutomaticTermination] void _NSDisableAutomaticTerminationAndLog(NSString *) Restoring windows
2026-09-14 13:50:11.522 Df PeachCommander[18844:f2f6] [com.apple.AppKit:StateRestoration] -[NSApplication _reopenWindowsAsNecessaryIncludingRestorableState:withFullFidelity:completionHandler:] shouldRestoreState=1 hasPersistentStateToRestore=0 shouldStillRestoreStateAfterPrompting=0
2026-09-14 13:50:11.522 Df PeachCommander[18844:f2f6] [com.apple.xpc:connection] [0xba0ca1e00] activating connection: mach=true listener=false peer=false name=com.apple.window_proxies
2026-09-14 13:50:11.522 Df PeachCommander[18844:f2f6] [com.apple.xpc:connection] [0xba0ca1e00] invalidated because the current process cancelled the connection by calling xpc_connection_cancel()
2026-09-14 13:50:11.522 I  PeachCommander[18844:f2f6] [com.apple.SkyLight:processes] 0[outside of RPC]: SLSSetFrontProcessWithInfo(0x0-0x2 window=0 options=0x1
2026-09-14 13:50:11.522 I  PeachCommander[18844:f2f6] [com.apple.CoreAnalytics:client] Dropping "com.apple.appkit.app_config" as it isn't used in any transform (not in the config or budgeted?)
2026-09-14 13:50:11.522 Df PeachCommander[18844:f2f6] [com.apple.AppKit:AutomaticTermination] void _NSEnableAutomaticTerminationAndLog(NSString *) Restoring windows
2026-09-14 13:50:11.524 I  PeachCommander[18844:f2f6] [com.apple.CoreAnalytics:client] Dropping "com.apple.appkit.app_config" as it isn't used in any transform (not in the config or budgeted?)
2026-09-14 13:50:11.525 I  PeachCommander[18844:f2f6] [com.apple.CoreAnalytics:client] Dropping "com.apple.appkit.app_config" as it isn't used in any transform (not in the config or budgeted?)
2026-09-14 13:50:11.533 A  PeachCommander[18844:f2f6] (CoreFoundation) Loading Preferences From User CFPrefsD
2026-09-14 13:50:11.539 I  PeachCommander[18844:f2f6] [com.peachcommander:PCFoundation] VolumeManager initialized
2026-09-14 13:50:11.555 Df PeachCommander[18844:f2f6] [com.apple.BoardServices:XPCErrors] [C:1] Alloc <private>
2026-09-14 13:50:11.555 Df PeachCommander[18844:f2f6] [com.apple.xpc:connection] [0xba0ff1180] activating connection: mach=false listener=false peer=false name=(anonymous)
2026-09-14 13:50:11.557 I  PeachCommander[18844:f2f6] [com.apple.AppKit:Window] context (0 -> bb8b5bc6) for window 3c1
2026-09-14 13:50:11.558 Df PeachCommander[18844:f2fb] [com.apple.corespotlight:index] (<private>) deleteSearchableItemsWithDomainIdentifiers, protectionClass:(null), domainIdentifiers number:1
2026-09-14 13:50:11.558 A  PeachCommander[18844:f2fb] (CoreSpotlight) delete-domains
2026-09-14 13:50:11.558 Df PeachCommander[18844:f2fa] [com.apple.corespotlight:index] CSInlineDonation:<private>: Skipping donation (feature flag disabled)
2026-09-14 13:50:11.558 Df PeachCommander[18844:f2fa] (CoreSpotlight) sConnectionName: com.apple.spotlight.IndexAgent
2026-09-14 13:50:11.558 Df PeachCommander[18844:f2fa] (CoreSpotlight) Start service name com.apple.spotlight.IndexAgent
2026-09-14 13:50:11.558 Df PeachCommander[18844:f2fa] [com.apple.xpc:connection] [0xba0ff1400] activating connection: mach=true listener=false peer=false name=com.apple.spotlight.IndexAgent
2026-09-14 13:50:11.558 I  PeachCommander[18844:f2f6] [com.peachcommander:PCFoundation] MainWindowController initialized (config: <private>)
2026-09-14 13:50:11.558 I  PeachCommander[18844:f2f6] [com.peachcommander:PCFoundation] SelectionState initialized
2026-09-14 13:50:11.558 I  PeachCommander[18844:f2f6] [com.peachcommander:PCFoundation] DirectoryModel initialized
2026-09-14 13:50:11.558 I  PeachCommander[18844:f2f6] [com.peachcommander:PCFoundation] VolumeManager initialized
2026-09-14 13:50:11.558 I  PeachCommander[18844:f2f6] [com.peachcommander:PCFoundation] PanelController initialized for <private> panel
2026-09-14 13:50:11.559 I  PeachCommander[18844:f2f6] [com.peachcommander:PCFoundation] SelectionState initialized
2026-09-14 13:50:11.559 I  PeachCommander[18844:f2f6] [com.peachcommander:PCFoundation] DirectoryModel initialized
2026-09-14 13:50:11.559 I  PeachCommander[18844:f2f6] [com.peachcommander:PCFoundation] VolumeManager initialized
2026-09-14 13:50:11.559 I  PeachCommander[18844:f2f6] [com.peachcommander:PCFoundation] PanelController initialized for <private> panel
2026-09-14 13:50:11.562 I  PeachCommander[18844:f2f6] [com.apple.AppKit:Animation] Running new animation: <private>
2026-09-14 13:50:11.562 I  PeachCommander[18844:f2f6] [com.apple.AppKit:Animation] Running new animation: <private>
2026-09-14 13:50:11.562 I  PeachCommander[18844:f2f6] [com.apple.AppKit:Animation] Running new animation: <private>
2026-09-14 13:50:11.562 I  PeachCommander[18844:f2f6] [com.apple.AppKit:Animation] Running new animation: <private>
2026-09-14 13:50:11.562 I  PeachCommander[18844:f2f6] [com.apple.AppKit:Animation] Running new animation: <private>
2026-09-14 13:50:11.564 I  PeachCommander[18844:f2f6] [com.apple.AppKit:Animation] Running new animation: <private>
2026-09-14 13:50:11.564 I  PeachCommander[18844:f2f6] [com.apple.AppKit:Animation] Running new animation: <private>
2026-09-14 13:50:11.564 I  PeachCommander[18844:f2f6] [com.apple.AppKit:Animation] Running new animation: <private>
2026-09-14 13:50:11.564 I  PeachCommander[18844:f2f6] [com.apple.AppKit:Animation] Running new animation: <private>
2026-09-14 13:50:11.564 I  PeachCommander[18844:f2f6] [com.apple.AppKit:Animation] Running new animation: <private>
2026-09-14 13:50:11.564 A  PeachCommander[18844:f2fa] (RunningBoardServices) didChangeInheritances
2026-09-14 13:50:11.570 I  PeachCommander[18844:f2f6] [com.apple.CoreAnalytics:client] Dropping "com.apple.appkit.app_config" as it isn't used in any transform (not in the config or budgeted?)
2026-09-14 13:50:11.572 I  PeachCommander[18844:f2f6] [com.apple.CoreAnalytics:client] Dropping "com.apple.appkit.app_config" as it isn't used in any transform (not in the config or budgeted?)
2026-09-14 13:50:11.575 I  PeachCommander[18844:f2f6] [com.apple.launchservices:datasep] application record search init. Node: <FSNode 0xba1956ba0> { isDir = ?, path = <private> } bundleID: (null) itemID: 0
2026-09-14 13:50:11.576 I  PeachCommander[18844:f2f6] [com.apple.GenerativeModels:availability] Current availability state: unavailable, use cases: com.apple.Settings.AppleIntelligence,com.apple.Siri.NLRouter, language: en, api: <private>
2026-09-14 13:50:11.576 Df PeachCommander[18844:f2f6] [com.apple.GenerativeModels:availability] isOkayToHaveAsset: False
2026-09-14 13:50:11.576 E  PeachCommander[18844:f2f6] [com.apple.siri:Utility] AFIsDeviceGreymatterEligible Missing entitlements for os_eligibility lookup
2026-09-14 13:50:11.576 I  PeachCommander[18844:f2f6] [com.apple.GenerativeModels:availability] Current availability state: unavailable, use cases: com.apple.Settings.AppleIntelligence, language: en, api: <private>
2026-09-14 13:50:11.576 Df PeachCommander[18844:f2f6] [com.apple.GenerativeModels:availability] isOkayToHaveAsset: False
2026-09-14 13:50:11.576 Df PeachCommander[18844:f2f6] [com.apple.siri:Utility] -[AFSystemAssistantExperienceStatusManager fetchGenerativeModelsAvailability] #SAEStatus #cacheUpdate Updating cache:
deviceSupportsSAE: 0 (0)
       saeEnabled: 0 (0)
     saeAvailable: 0 (0)
      swaiEnabled: 0 (0)
        viEnabled: 0 (0)
        siriAvailability:
        <private>
        ((null))
2026-09-14 13:50:11.576 Df PeachCommander[18844:f2f6] [com.apple.xpc:connection] [0xba0acc140] activating connection: mach=true listener=false peer=false name=com.apple.iconservices
2026-09-14 13:50:11.576 Df PeachCommander[18844:f2f6] [com.apple.xpc:connection] [0xba0acc280] activating connection: mach=true listener=false peer=false name=com.apple.iconservices.store
2026-09-14 13:50:11.581 I  PeachCommander[18844:f2f6] [com.peachcommander:Theme] no user themes in /Users/admin/pc-cfg/themes
2026-09-14 13:50:11.581 Df PeachCommander[18844:f2f6] [com.apple.AppKit:Appearance] Invalidate NSApp effectiveAppearance
2026-09-14 13:50:11.581 Df PeachCommander[18844:f2f6] [com.apple.AppKit:Appearance] NSApp cache appearance:
-NSRequiresAquaSystemAppearance: 0
-appearance: <NSCompositeAppearance: 0xba0c8d9a0
 (
    "<NSDarkAquaAppearance: 0xba0c8da40>",
    "<NSSystemAppearance: 0xba0c8c780>"
)>
-effectiveAppearance: <NSCompositeAppearance: 0xba0c8d9a0
 (
    "<NSDarkAquaAppearance: 0xba0c8da40>",
    "<NSSystemAppearance: 0xba0c8c780>"
)>
2026-09-14 13:50:11.583 I  PeachCommander[18844:f2f6] [com.peachcommander:PCFoundation] Theme applied: id=norton, appearance=dark, dark=true, background=#0000AA
2026-09-14 13:50:11.607 I  PeachCommander[18844:f2f6] [com.apple.iconservices:foundation] layer data size zero
2026-09-14 13:50:11.608 I  PeachCommander[18844:f2f6] [com.apple.CoreAnalytics:client] Dropping "com.apple.appkit.app_config" as it isn't used in any transform (not in the config or budgeted?)
2026-09-14 13:50:11.611 I  PeachCommander[18844:f2f6] [com.peachcommander:PCFoundation] Keymap loaded: scheme=<private>, 82 effective bindings
2026-09-14 13:50:11.612 I  PeachCommander[18844:f2f6] [com.apple.AppKit:Animation] Running new animation: <private>
2026-09-14 13:50:11.612 I  PeachCommander[18844:f2f6] [com.apple.AppKit:Animation] Running new animation: <private>
2026-09-14 13:50:11.612 I  PeachCommander[18844:f2f6] [com.apple.AppKit:Animation] Running new animation: <private>
2026-09-14 13:50:11.612 I  PeachCommander[18844:f2f6] [com.apple.AppKit:Animation] Running new animation: <private>
2026-09-14 13:50:11.612 I  PeachCommander[18844:f2f6] [com.apple.AppKit:Animation] Running new animation: <private>
2026-09-14 13:50:11.612 I  PeachCommander[18844:f2f6] [com.apple.AppKit:Animation] Running new animation: <private>
2026-09-14 13:50:11.612 I  PeachCommander[18844:f2f6] [com.apple.AppKit:Animation] Running new animation: <private>
2026-09-14 13:50:11.612 I  PeachCommander[18844:f2f6] [com.apple.AppKit:Animation] Running new animation: <private>
2026-09-14 13:50:11.612 I  PeachCommander[18844:f2f6] [com.apple.AppKit:Animation] Running new animation: <private>
2026-09-14 13:50:11.612 I  PeachCommander[18844:f2f6] [com.apple.AppKit:Animation] Running new animation: <private>
2026-09-14 13:50:11.616 I  PeachCommander[18844:f2f6] [com.apple.CoreAnalytics:client] Dropping "<private>" as it isn't used in any transform (not in the config or budgeted?)
2026-09-14 13:50:11.616 I  PeachCommander[18844:f2f6] [com.apple.CoreAnalytics:client] Dropping "<private>" as it isn't used in any transform (not in the config or budgeted?)
2026-09-14 13:50:11.617 I  PeachCommander[18844:f2f6] [com.apple.CoreAnalytics:client] Dropping "<private>" as it isn't used in any transform (not in the config or budgeted?)
2026-09-14 13:50:11.617 I  PeachCommander[18844:f2f6] [com.peachcommander:PCFoundation] MainWindowController window loaded
2026-09-14 13:50:11.617 I  PeachCommander[18844:f2f6] [com.apple.launchservices:cas] information in shared memory for 0x0-0xe80e8 with seed 535 was still valid, so using cached info { "ApplicationType"="Foreground", "BuildMachineOSBuild"="25E246", "BundleIdentifierLowerCase"="com.peachcommander.app", "CFBundleDevelopmentRegion"="en", "CFBundleDocumentTypes"=( { "CFBundleTypeName"="Peach Commander Plugin Package", "CFBundleTypeRole"="Viewer", "LSHandlerRank"="Owner", "LSItemContentTypes"=( "com.peachcommander.plugin-package") }), "CFBundleExecutable"="PeachCommander", "CFBundleExecutablePath"="/Users/admin/pc-test/PeachCommander.app/Contents/MacOS/PeachCommander", "CFBundleExecutablePathDeviceID"=16777227, "CFBundleExecutablePathINode"=488284, "CFBundleHelpBookFolder"="PeachCommander.help", "CFBundleHelpBookName"="Peach Commander Help", "CFBundleIconFile"="AppIcon", "CFBundleIconName"="AppIcon", "CFBundleIdentifier"="com.peachcommander.app", "CFBundleInfoDictionaryVersion"="6.0", "CFBundleName"="PeachCommander", "CFBundleNameLowerCase"="peachcommander", "CFBundleNumericVersion"=402685952, "CFBundlePackageType"="APPL", "CFBundleShortVersionString"="0.9.0", "CFBun<…>
2026-09-14 13:50:11.617 I  PeachCommander[18844:f2f6] [com.apple.launchservices:cas] information in shared memory for 0x0-0xe80e8 with seed 535 was still valid, so using cached info { "ApplicationType"="Foreground", "BuildMachineOSBuild"="25E246", "BundleIdentifierLowerCase"="com.peachcommander.app", "CFBundleDevelopmentRegion"="en", "CFBundleDocumentTypes"=( { "CFBundleTypeName"="Peach Commander Plugin Package", "CFBundleTypeRole"="Viewer", "LSHandlerRank"="Owner", "LSItemContentTypes"=( "com.peachcommander.plugin-package") }), "CFBundleExecutable"="PeachCommander", "CFBundleExecutablePath"="/Users/admin/pc-test/PeachCommander.app/Contents/MacOS/PeachCommander", "CFBundleExecutablePathDeviceID"=16777227, "CFBundleExecutablePathINode"=488284, "CFBundleHelpBookFolder"="PeachCommander.help", "CFBundleHelpBookName"="Peach Commander Help", "CFBundleIconFile"="AppIcon", "CFBundleIconName"="AppIcon", "CFBundleIdentifier"="com.peachcommander.app", "CFBundleInfoDictionaryVersion"="6.0", "CFBundleName"="PeachCommander", "CFBundleNameLowerCase"="peachcommander", "CFBundleNumericVersion"=402685952, "CFBundlePackageType"="APPL", "CFBundleShortVersionString"="0.9.0", "CFBun<…>
2026-09-14 13:50:11.625 I  PeachCommander[18844:f2f6] [com.apple.AppKit:Window] order window front conditionally: 3c1 related: 0
2026-09-14 13:50:11.625 Df PeachCommander[18844:f2f6] [com.apple.AppKit:AutomaticTermination] void _NSEnableAutomaticTerminationAndLog(NSString *) No windows open yet
2026-09-14 13:50:11.626 I  PeachCommander[18844:f2f6] [com.apple.AppKit:Intelligence] starting collection observation
2026-09-14 13:50:11.626 Df PeachCommander[18844:f2fa] [com.apple.UIIntelligenceSupport:xpc] establishing connection to agent
2026-09-14 13:50:11.626 Df PeachCommander[18844:f2fa] [com.apple.xpc:session] [0xba04755e0] Session created.
2026-09-14 13:50:11.626 Df PeachCommander[18844:f2fa] [com.apple.xpc:session] [0xba04755e0] Session created from connection [0xba0ace440]
2026-09-14 13:50:11.626 Df PeachCommander[18844:f2fa] [com.apple.xpc:connection] [0xba0ace440] activating connection: mach=true listener=false peer=false name=com.apple.uiintelligencesupport.agent
2026-09-14 13:50:11.626 Df PeachCommander[18844:f2fa] [com.apple.xpc:session] [0xba04755e0] Session activated
2026-09-14 13:50:11.626 I  PeachCommander[18844:f2f6] [com.apple.SkyLight:processes] 0[outside of RPC]: SLSSetFrontProcessWithInfo(0x0-0x2 window=0 options=0x1
2026-09-14 13:50:11.626 Df PeachCommander[18844:f2fa] [com.apple.UIIntelligenceSupport:xpc] Connection established with agent PID: 1213
2026-09-14 13:50:11.626 I  PeachCommander[18844:f2f6] [com.apple.launchservices:cas] information in shared memory for 0x0-0xe80e8 with seed 535 was still valid, so using cached info { "ApplicationType"="Foreground", "BuildMachineOSBuild"="25E246", "BundleIdentifierLowerCase"="com.peachcommander.app", "CFBundleDevelopmentRegion"="en", "CFBundleDocumentTypes"=( { "CFBundleTypeName"="Peach Commander Plugin Package", "CFBundleTypeRole"="Viewer", "LSHandlerRank"="Owner", "LSItemContentTypes"=( "com.peachcommander.plugin-package") }), "CFBundleExecutable"="PeachCommander", "CFBundleExecutablePath"="/Users/admin/pc-test/PeachCommander.app/Contents/MacOS/PeachCommander", "CFBundleExecutablePathDeviceID"=16777227, "CFBundleExecutablePathINode"=488284, "CFBundleHelpBookFolder"="PeachCommander.help", "CFBundleHelpBookName"="Peach Commander Help", "CFBundleIconFile"="AppIcon", "CFBundleIconName"="AppIcon", "CFBundleIdentifier"="com.peachcommander.app", "CFBundleInfoDictionaryVersion"="6.0", "CFBundleName"="PeachCommander", "CFBundleNameLowerCase"="peachcommander", "CFBundleNumericVersion"=402685952, "CFBundlePackageType"="APPL", "CFBundleShortVersionString"="0.9.0", "CFBun<…>
2026-09-14 13:50:11.627 Df PeachCommander[18844:f2f6] [com.apple.xpc:connection] [0xba0ace580] activating connection: mach=true listener=false peer=false name=com.apple.FileCoordination
2026-09-14 13:50:11.627 Df PeachCommander[18844:f2fa] [com.apple.foundation.filecoordination:presenter] Adding presenter 7F272178-7BB8-46A8-BAAA-731ED227240C for URL: <private>
2026-09-14 13:50:11.627 I  PeachCommander[18844:f2f6] [com.apple.launchservices:cas] information in shared memory for 0x0-0xe80e8 with seed 535 was still valid, so using cached info { "ApplicationType"="Foreground", "BuildMachineOSBuild"="25E246", "BundleIdentifierLowerCase"="com.peachcommander.app", "CFBundleDevelopmentRegion"="en", "CFBundleDocumentTypes"=( { "CFBundleTypeName"="Peach Commander Plugin Package", "CFBundleTypeRole"="Viewer", "LSHandlerRank"="Owner", "LSItemContentTypes"=( "com.peachcommander.plugin-package") }), "CFBundleExecutable"="PeachCommander", "CFBundleExecutablePath"="/Users/admin/pc-test/PeachCommander.app/Contents/MacOS/PeachCommander", "CFBundleExecutablePathDeviceID"=16777227, "CFBundleExecutablePathINode"=488284, "CFBundleHelpBookFolder"="PeachCommander.help", "CFBundleHelpBookName"="Peach Commander Help", "CFBundleIconFile"="AppIcon", "CFBundleIconName"="AppIcon", "CFBundleIdentifier"="com.peachcommander.app", "CFBundleInfoDictionaryVersion"="6.0", "CFBundleName"="PeachCommander", "CFBundleNameLowerCase"="peachcommander", "CFBundleNumericVersion"=402685952, "CFBundlePackageType"="APPL", "CFBundleShortVersionString"="0.9.0", "CFBun<…>
2026-09-14 13:50:11.630 I  PeachCommander[18844:f2f6] [com.apple.AppKit:Window] order all windows front 1265186448541
2026-09-14 13:50:11.630 I  PeachCommander[18844:f2f6] [com.apple.launchservices:cas] information in shared memory for 0x0-0xe80e8 with seed 535 was still valid, so using cached info { "ApplicationType"="Foreground", "BuildMachineOSBuild"="25E246", "BundleIdentifierLowerCase"="com.peachcommander.app", "CFBundleDevelopmentRegion"="en", "CFBundleDocumentTypes"=( { "CFBundleTypeName"="Peach Commander Plugin Package", "CFBundleTypeRole"="Viewer", "LSHandlerRank"="Owner", "LSItemContentTypes"=( "com.peachcommander.plugin-package") }), "CFBundleExecutable"="PeachCommander", "CFBundleExecutablePath"="/Users/admin/pc-test/PeachCommander.app/Contents/MacOS/PeachCommander", "CFBundleExecutablePathDeviceID"=16777227, "CFBundleExecutablePathINode"=488284, "CFBundleHelpBookFolder"="PeachCommander.help", "CFBundleHelpBookName"="Peach Commander Help", "CFBundleIconFile"="AppIcon", "CFBundleIconName"="AppIcon", "CFBundleIdentifier"="com.peachcommander.app", "CFBundleInfoDictionaryVersion"="6.0", "CFBundleName"="PeachCommander", "CFBundleNameLowerCase"="peachcommander", "CFBundleNumericVersion"=402685952, "CFBundlePackageType"="APPL", "CFBundleShortVersionString"="0.9.0", "CFBun<…>
2026-09-14 13:50:11.630 I  PeachCommander[18844:f2f6] [com.apple.showhide:pr-59900543] SHOWHIDE: CONFIRM, id=400, err=0
2026-09-14 13:50:11.630 I  PeachCommander[18844:f2f6] [com.apple.AppKit:Window] context (0 -> 162e365d) for window 3c0
2026-09-14 13:50:11.631 I  PeachCommander[18844:f2f6] [com.apple.AppKit:Window] context (0 -> 9f628e86) for window 3bf
2026-09-14 13:50:11.631 I  PeachCommander[18844:f2f6] [com.apple.AppKit:Window] context (0 -> 701f8c83) for window 3be
2026-09-14 13:50:11.631 I  PeachCommander[18844:f2f6] [com.apple.AppKit:Window] context (0 -> 6fa29304) for window 3bd
2026-09-14 13:50:11.648 I  PeachCommander[18844:f2f6] [com.apple.iconservices:foundation] layer data size zero
2026-09-14 13:50:11.656 Df PeachCommander[18844:f2f6] [com.apple.AppKit:AutomaticTermination] void _updateToReflectAutomaticTerminationState(void) Setting _kLSApplicationWouldBeTerminatedByTALKey=0
2026-09-14 13:50:11.657 I  PeachCommander[18844:f2f6] [com.apple.runningboard:assertion] Acquiring assertion: <RBSAssertionDescriptor| "AppNap adapter assertion" ID:(null) target:18844>
2026-09-14 13:50:11.691 A  PeachCommander[18844:f2fb] (RunningBoardServices) didChangeInheritances
2026-09-14 13:50:11.717 Df PeachCommander[18844:f2f6] [com.apple.libsystem.libdispatch:] DEPRECATED USE in libdispatch client: dispatch source activated with no event handler set; set a breakpoint on _dispatch_bug_deprecated to debug
2026-09-14 13:50:11.810 I  PeachCommander[18844:f2f6] [com.apple.coreanimation:Utilities] IOSurface Compression Enabled: NO
2026-09-14 13:50:11.811 Df PeachCommander[18844:f2fb] [com.apple.coreanimation:Metal] Precompiled pipelines disabled on unsupported hardware.
2026-09-14 13:50:11.823 I  PeachCommander[18844:f2f6] [com.apple.CarbonCore:gestalt] SetGestaltValuesBulk SetGestaltValuesBulk( count=22 tuples=0x184a9e650
2026-09-14 13:50:11.823 I  PeachCommander[18844:f2f6] [com.apple.CarbonCore:gestalt] SetGestaltValue SetGestaltValue(alis 1C9) => 0
2026-09-14 13:50:11.823 I  PeachCommander[18844:f2f6] [com.apple.CarbonCore:gestalt] SetGestaltValue SetGestaltValue(os   FE) => 0
2026-09-14 13:50:11.823 I  PeachCommander[18844:f2f6] [com.apple.CarbonCore:gestalt] SetGestaltValue SetGestaltValue(addr 7) => 0
2026-09-14 13:50:11.823 I  PeachCommander[18844:f2f6] [com.apple.CarbonCore:gestalt] SetGestaltValue SetGestaltValue(fs   3D332) => 0
2026-09-14 13:50:11.823 I  PeachCommander[18844:f2f6] [com.apple.CarbonCore:gestalt] SetGestaltValue SetGestaltValue(fold 11) => 0
2026-09-14 13:50:11.823 I  PeachCommander[18844:f2f6] [com.apple.CarbonCore:gestalt] SetGestaltValue SetGestaltValue(lram 7FFFF000) => 0
2026-09-14 13:50:11.823 I  PeachCommander[18844:f2f6] [com.apple.CarbonCore:gestalt] SetGestaltValue SetGestaltValue(mmap 1) => 0
2026-09-14 13:50:11.823 I  PeachCommander[18844:f2f6] [com.apple.CarbonCore:gestalt] SetGestaltValue SetGestaltValue(cfrg 1) => 0
2026-09-14 13:50:11.823 I  PeachCommander[18844:f2f6] [com.apple.CarbonCore:gestalt] SetGestaltValue SetGestaltValue(thds 7) => 0
2026-09-14 13:50:11.823 I  PeachCommander[18844:f2f6] [com.apple.CarbonCore:gestalt] SetGestaltValue SetGestaltValue(tmgr E) => 0
2026-09-14 13:50:11.823 I  PeachCommander[18844:f2f6] [com.apple.CarbonCore:gestalt] SetGestaltValue SetGestaltValue(vers 7) => 0
2026-09-14 13:50:11.823 I  PeachCommander[18844:f2f6] [com.apple.CarbonCore:gestalt] SetGestaltValue SetGestaltValue(cbon 160) => 0
2026-09-14 13:50:11.823 I  PeachCommander[18844:f2f6] [com.apple.CarbonCore:gestalt] SetGestaltValue SetGestaltValue(cltn 1108000) => 0
2026-09-14 13:50:11.823 I  PeachCommander[18844:f2f6] [com.apple.CarbonCore:gestalt] SetGestaltValue SetGestaltValue(cpnt 8) => 0
2026-09-14 13:50:11.823 I  PeachCommander[18844:f2f6] [com.apple.CarbonCore:gestalt] SetGestaltValue SetGestaltValue(rsrc 3) => 0
2026-09-14 13:50:11.823 I  PeachCommander[18844:f2f6] [com.apple.CarbonCore:gestalt] SetGestaltValue SetGestaltValue(rmbg 11F) => 0
2026-09-14 13:50:11.823 I  PeachCommander[18844:f2f6] [com.apple.CarbonCore:gestalt] SetGestaltValue SetGestaltValue(vm   11) => 0
2026-09-14 13:50:11.823 I  PeachCommander[18844:f2f6] [com.apple.CarbonCore:gestalt] SetGestaltValue SetGestaltValue(srad 4170706C) => 0
2026-09-14 13:50:11.823 I  PeachCommander[18844:f2f6] [com.apple.CarbonCore:gestalt] SetGestaltValue SetGestaltValue(sysa 14) => 0
2026-09-14 13:50:11.823 I  PeachCommander[18844:f2f6] [com.apple.CarbonCore:gestalt] SetGestaltValue SetGestaltValue(copl 9) => 0
2026-09-14 13:50:11.823 I  PeachCommander[18844:f2f6] [com.apple.CarbonCore:gestalt] SetGestaltValue SetGestaltValue(xlat 0) => 0
2026-09-14 13:50:11.823 I  PeachCommander[18844:f2f6] [com.apple.CarbonCore:gestalt] SetGestaltValue SetGestaltValue(stdf 0) => 0
2026-09-14 13:50:11.823 I  PeachCommander[18844:f2f6] [com.apple.CarbonCore:gestalt] _NewGestalt _NewGestalt(ram  0x184a17644) => 0
2026-09-14 13:50:11.823 I  PeachCommander[18844:f2f6] [com.apple.CarbonCore:gestalt] _NewGestalt _NewGestalt(ramm 0x184a17644) => 0
2026-09-14 13:50:11.823 I  PeachCommander[18844:f2f6] [com.apple.CarbonCore:gestalt] _NewGestalt _NewGestalt(cput 0x184a17734) => 0
2026-09-14 13:50:11.823 I  PeachCommander[18844:f2f6] [com.apple.CarbonCore:gestalt] _NewGestalt _NewGestalt(cpuf 0x184a17764) => 0
2026-09-14 13:50:11.823 I  PeachCommander[18844:f2f6] [com.apple.CarbonCore:gestalt] _NewGestalt _NewGestalt(bclk 0x184a17794) => 0
2026-09-14 13:50:11.823 I  PeachCommander[18844:f2f6] [com.apple.CarbonCore:gestalt] _NewGestalt _NewGestalt(bclm 0x184a17794) => 0
2026-09-14 13:50:11.823 I  PeachCommander[18844:f2f6] [com.apple.CarbonCore:gestalt] _NewGestalt _NewGestalt(pclk 0x184a17834) => 0
2026-09-14 13:50:11.823 I  PeachCommander[18844:f2f6] [com.apple.CarbonCore:gestalt] _NewGestalt _NewGestalt(mclk 0x184a17834) => 0
2026-09-14 13:50:11.823 I  PeachCommander[18844:f2f6] [com.apple.CarbonCore:gestalt] _NewGestalt _NewGestalt(a/ux 0x184a1794c) => 0
2026-09-14 13:50:11.823 I  PeachCommander[18844:f2f6] [com.apple.CarbonCore:gestalt] _NewGestalt _NewGestalt(pgsz 0x184a17954) => 0
2026-09-14 13:50:11.823 I  PeachCommander[18844:f2f6] [com.apple.CarbonCore:gestalt] _NewGestalt _NewGestalt(csiz 0x184a17994) => 0
2026-09-14 13:50:11.823 I  PeachCommander[18844:f2f6] [com.apple.CarbonCore:gestalt] _NewGestalt _NewGestalt(sysv 0x1849c2dfc) => 0
2026-09-14 13:50:11.823 I  PeachCommander[18844:f2f6] [com.apple.CarbonCore:gestalt] _NewGestalt _NewGestalt(sys1 0x1849c2dfc) => 0
2026-09-14 13:50:11.823 I  PeachCommander[18844:f2f6] [com.apple.CarbonCore:gestalt] _NewGestalt _NewGestalt(sys2 0x1849c2dfc) => 0
2026-09-14 13:50:11.823 I  PeachCommander[18844:f2f6] [com.apple.CarbonCore:gestalt] _NewGestalt _NewGestalt(sys3 0x1849c2dfc) => 0
2026-09-14 13:50:11.823 I  PeachCommander[18844:f2f6] [com.apple.CarbonCore:gestalt] _NewGestalt _NewGestalt(cdfl 0x184a179d4) => 0
2026-09-14 13:50:11.823 I  PeachCommander[18844:f2f6] [com.apple.CarbonCore:gestalt] _NewGestalt _NewGestalt(cdrm 0x184a17c30) => 0
2026-09-14 13:50:11.823 I  PeachCommander[18844:f2f6] [com.apple.CarbonCore:gestalt] _NewGestalt _NewGestalt(cpus 0x184a17c78) => 0
2026-09-14 13:50:11.823 I  PeachCommander[18844:f2f6] [com.apple.CarbonCore:gestalt] SetGestaltValue SetGestaltValue(swex 1) => 0
2026-09-14 13:50:11.823 Df PeachCommander[18844:f2f6] [com.apple.xpc:connection] [0xba0acf980] activating connection: mach=false listener=false peer=false name=com.apple.hiservices-xpcservice
2026-09-14 13:50:11.824 I  PeachCommander[18844:f2f6] [com.apple.CFPasteboard:entry] CopyData('ApplePerContextInputPasteboard' (<CFUUID 0xba0705060> 2B5EFA4B-08FB-4C89-88CF-4DC09594DA65) gen: -1 item: 1264739405 flavor: 'ApplePerContextInputFlavor')
2026-09-14 13:50:11.824 I  PeachCommander[18844:f2f6] [com.apple.CFPasteboard:cache] Rebuilding cache for 'ApplePerContextInputPasteboard' (<CFUUID 0xba0705060> 2B5EFA4B-08FB-4C89-88CF-4DC09594DA65)
2026-09-14 13:50:11.824 I  PeachCommander[18844:f2f6] [com.apple.CFPasteboard:general] Will request data from daemon
2026-09-14 13:50:11.824 I  PeachCommander[18844:f2f6] [com.apple.CFPasteboard:exit] (not-in-cache) - result: 0 generation: 1 data (182 bytes) flags: 0
2026-09-14 13:50:11.824 I  PeachCommander[18844:f2f6] [com.apple.CFPasteboard:entry] CopyData('DefaultAsciiKeyboardLayoutPasteboard' (<CFUUID 0xba0d5c400> 29A0051B-9354-4F8D-A5C2-31E6A3BE4E7F) gen: -1 item: 1264739405 flavor: 'DefaultAsciiKeyboardLayoutFlavor')
2026-09-14 13:50:11.824 I  PeachCommander[18844:f2f6] [com.apple.CFPasteboard:exit] (not-in-cache) - result: -8 generation: 0 null data flags: 0
2026-09-14 13:50:11.825 I  PeachCommander[18844:f2f6] [com.apple.AppKit:Window] context (0 -> 9062ebf6) for window 3c2
2026-09-14 13:50:11.826 Df PeachCommander[18844:f2f6] [com.apple.inputmethodkitClient:Client] +[IMKClient subclass]: chose IMKClient_Modern
2026-09-14 13:50:11.826 Df PeachCommander[18844:f2f6] [com.apple.BoardServices:XPCErrors] [C:2] Alloc com.apple.backboard.hid-services.xpc
2026-09-14 13:50:11.826 Df PeachCommander[18844:f2f6] [com.apple.xpc:connection] [0xba0acfac0] activating connection: mach=false listener=false peer=false name=(anonymous)
2026-09-14 13:50:11.826 E  PeachCommander[18844:f306] [com.apple.BaseBoard:Common] Unable to obtain a task name port right for pid 168: (os/kern) failure (0x5)
2026-09-14 13:50:11.827 Df PeachCommander[18844:f306] [com.apple.xpc:connection] [0xba0ace940] activating connection: mach=false listener=false peer=false name=com.apple.TextInputUI.xpc.CursorUIViewService
2026-09-14 13:50:11.827 Df PeachCommander[18844:f2fb] [com.apple.xpc:connection] [0xba0ace940] invalidated after the last release of the connection object
2026-09-14 13:50:11.827 I  PeachCommander[18844:f2f6] [com.apple.CFPasteboard:entry] CopyData('DefaultAsciiKeyboardLayoutPasteboard' (<CFUUID 0xba0d5c400> 29A0051B-9354-4F8D-A5C2-31E6A3BE4E7F) gen: -1 item: 1264739405 flavor: 'DefaultAsciiKeyboardLayoutFlavor')
2026-09-14 13:50:11.827 I  PeachCommander[18844:f2f6] [com.apple.CFPasteboard:exit] (not-in-cache) - result: -8 generation: 0 null data flags: 0
2026-09-14 13:50:11.827 Df PeachCommander[18844:f2f6] [com.apple.xpc:connection] [0xba0ace6c0] activating connection: mach=false listener=false peer=false name=(anonymous)
2026-09-14 13:50:11.827 Df PeachCommander[18844:f2f6] [com.apple.xpc:connection] [0xba0ace940] activating connection: mach=false listener=false peer=false name=com.apple.ViewBridgeAuxiliary
2026-09-14 13:50:11.827 Df PeachCommander[18844:f2f6] [com.apple.xpc:connection] [0xba0ace1c0] activating connection: mach=false listener=false peer=false name=(anonymous)
2026-09-14 13:50:11.828 Df PeachCommander[18844:f2f6] [com.apple.xpc:connection] [0xba0ace940] invalidated after the last release of the connection object
2026-09-14 13:50:11.843 Df PeachCommander[18844:f2f6] [com.apple.TextInputUI:CursorUI] -[TUINSCursorUIController activate:]_block_invoke: Create CursorUIViewService: TUINSRemoteViewController
2026-09-14 13:50:11.843 I  PeachCommander[18844:f2f6] [com.apple.AppKit:Window] window <TUINSWindow: 0xba044e300> windowNumber=3c2 finishing close
2026-09-14 13:50:11.843 I  PeachCommander[18844:f2f6] [com.apple.AppKit:Window] order window: 3c2 op: 0 relative: 0 related: 0
2026-09-14 13:50:11.845 A  PeachCommander[18844:f306] (CoreFoundation) Loading Preferences From System CFPrefsD
2026-09-14 13:50:11.847 I  PeachCommander[18844:f2f6] [com.apple.iconservices:foundation] layer data size zero
2026-09-14 13:50:11.848 A  PeachCommander[18844:f2f6] (CoreFoundation) Loading Preferences From User CFPrefsD
2026-09-14 13:50:11.848 I  PeachCommander[18844:f2f6] [com.apple.CoreAnalytics:client] Dropping "com.apple.ImageIO.readerSelection" as it isn't used in any transform (not in the config or budgeted?)
2026-09-14 13:50:11.928 Df PeachCommander[18844:f2f6] [com.apple.BoardServices:XPCErrors] [C:3] Alloc com.apple.backboard.hid-services.xpc
2026-09-14 13:50:11.928 Df PeachCommander[18844:f2f6] [com.apple.xpc:connection] [0xba0acde00] activating connection: mach=false listener=false peer=false name=(anonymous)
2026-09-14 13:50:11.928 Df PeachCommander[18844:f2fb] [com.apple.BackBoard:EventDelivery] BKSHIDEventDeliveryManager - connection activation
2026-09-14 13:50:11.955 I  PeachCommander[18844:f2f6] [com.peachcommander:PCFoundation] Session restored
2026-09-14 13:50:11.955 A  PeachCommander[18844:f2fb] (libsystem_info.dylib) Retrieve Group by ID
2026-09-14 13:50:11.956 Df PeachCommander[18844:f2f6] (Foundation) <private>
2026-09-14 13:50:11.956 I  PeachCommander[18844:f2f6] [com.peachcommander:PCFoundation] [automation] running /Users/admin/auto.txt
2026-09-14 13:50:11.956 Df PeachCommander[18844:f2f6] (Foundation) <private>
2026-09-14 13:50:11.956 I  PeachCommander[18844:f2f6] [com.peachcommander:PCFoundation] [automation] > probe /Users/admin/rename-replace-seed.txt|mkdir -p ~/pc-rep && printf 'source' > ~/pc-rep/a.txt && printf 'target' > ~/pc-rep/b.txt && printf 'keep' > ~/pc-rep/c.txt && printf 'auto' > ~/pc-rep/d.txt && ls ~/pc-rep | wc -l | tr -d ' '
2026-09-14 13:50:11.964 Df PeachCommander[18844:f2f6] (Foundation) <private>
2026-09-14 13:50:11.964 I  PeachCommander[18844:f2f6] [com.peachcommander:PCFoundation] [automation] > active left
2026-09-14 13:50:11.964 Df PeachCommander[18844:f2f6] (Foundation) <private>
2026-09-14 13:50:11.964 I  PeachCommander[18844:f2f6] [com.peachcommander:PCFoundation] [automation] > left /Users/admin/pc-rep
2026-09-14 13:50:12.030 I  PeachCommander[18844:f2f6] [com.apple.CoreAnalytics:client] Dropping "com.apple.appkit.app_config" as it isn't used in any transform (not in the config or budgeted?)
2026-09-14 13:50:12.031 I  PeachCommander[18844:f2f6] [com.apple.launchservices:datasep] application record search init. Node: <FSNode 0xba2e49b20> { isDir = y, path = <private> } bundleID: (null) itemID: 0
2026-09-14 13:50:12.031 I  PeachCommander[18844:f2f6] [com.apple.launchservices:datasep] application record search init. Node: <FSNode 0xba2e49b20> { isDir = y, path = <private> } bundleID: (null) itemID: 0
2026-09-14 13:50:12.031 I  PeachCommander[18844:f2f6] [com.apple.SafariPlatformSupport:SafariPlatformSupport] -[SFSafariPlatformSupport credentialSelected:] with nil credential
2026-09-14 13:50:12.031 I  PeachCommander[18844:f2f6] [com.apple.SafariPlatformSupport:SafariPlatformSupport] -[SFSafariPlatformSupport oneTimeCodeSelected:] with nil code
2026-09-14 13:50:12.060 I  PeachCommander[18844:f3a1] [com.apple.AppKit:WindowTab] Indexing 1 items
2026-09-14 13:50:12.060 A  PeachCommander[18844:f3a1] (CoreSpotlight) end-index-batch
2026-09-14 13:50:12.060 Df PeachCommander[18844:f3a1] [com.apple.corespotlight:index] *warn* MailCS ======%%% _setMailMessageAttributes skip:1
2026-09-14 13:50:12.060 A  PeachCommander[18844:f3a1] (CoreSpotlight) index-items
2026-09-14 13:50:12.060 Df PeachCommander[18844:f3a1] [com.apple.corespotlight:index] CSInlineDonation:<private>: Skipping donation (feature flag disabled)
2026-09-14 13:50:12.060 Df PeachCommander[18844:f3a1] [com.apple.corespotlight:index] CSInlineDonation:<private>: Skipping donation (feature flag disabled)
2026-09-14 13:50:12.178 I  PeachCommander[18844:f2f6] [com.apple.HIToolbox:MBDisplays] <private>
2026-09-14 13:50:12.178 I  PeachCommander[18844:f2f6] [com.apple.HIToolbox:MBDisplays] <private>
2026-09-14 13:50:12.435 Df PeachCommander[18844:f2fb] [com.apple.xpc:connection] [0xba0ace300] activating connection: mach=false listener=false peer=false name=com.apple.SafariPlatformSupport.Helper
2026-09-14 13:50:12.461 Df PeachCommander[18844:f2f6] (Foundation) <private>
2026-09-14 13:50:12.462 I  PeachCommander[18844:f2f6] [com.peachcommander:PCFoundation] [automation] > wait 1500
2026-09-14 13:50:12.477 I  PeachCommander[18844:f2f6] [com.apple.AppKit:Image] ISImage reported a placeholder, image rep is providing a placeholder image for <private>
2026-09-14 13:50:12.477 I  PeachCommander[18844:f2f6] [com.apple.AppKit:Image] ISImage reported a placeholder, image rep is providing a placeholder image for <private>
2026-09-14 13:50:12.477 I  PeachCommander[18844:f2fa] [com.apple.iconservices:foundation] layer data size zero
2026-09-14 13:50:12.478 I  PeachCommander[18844:f2f6] [com.apple.AppKit:Image] ISImage reported a placeholder, image rep is providing a placeholder image for <private>
2026-09-14 13:50:12.478 I  PeachCommander[18844:f2f6] [com.apple.AppKit:Image] ISImage reported a placeholder, image rep is providing a placeholder image for <private>
2026-09-14 13:50:12.480 I  PeachCommander[18844:f2f6] [com.apple.AppKit:Image] ISImage reported a placeholder, image rep is providing a placeholder image for <private>
2026-09-14 13:50:12.480 I  PeachCommander[18844:f2f6] [com.apple.AppKit:Image] ISImage reported a placeholder, image rep is providing a placeholder image for <private>
2026-09-14 13:50:12.481 I  PeachCommander[18844:f2f6] [com.apple.AppKit:Image] ISImage reported a placeholder, image rep is providing a placeholder image for <private>
2026-09-14 13:50:12.481 I  PeachCommander[18844:f2f6] [com.apple.AppKit:Image] ISImage reported a placeholder, image rep is providing a placeholder image for <private>
2026-09-14 13:50:12.483 I  PeachCommander[18844:f2ff] [com.apple.iconservices:foundation] layer data size zero
2026-09-14 13:50:12.499 I  PeachCommander[18844:f2f6] [com.apple.launchservices:cas] Removing cached information for app [ 0x0-0xe80e8]  "PeachCommander", as its seed is different from that in shared memory ( 535 vs 537)
2026-09-14 13:50:12.501 I  PeachCommander[18844:f2f6] [com.apple.iconservices:foundation] layer data size zero
2026-09-14 13:50:12.501 I  PeachCommander[18844:f2f6] [com.apple.AppKit:Image] ISImage reported a placeholder, image rep is providing a placeholder image for <private>
2026-09-14 13:50:12.501 I  PeachCommander[18844:f2f6] [com.apple.AppKit:Image] ISImage reported a placeholder, image rep is providing a placeholder image for <private>
2026-09-14 13:50:12.501 I  PeachCommander[18844:f2f6] [com.apple.AppKit:Image] ISImage reported a placeholder, image rep is providing a placeholder image for <private>
2026-09-14 13:50:12.501 I  PeachCommander[18844:f2f6] [com.apple.AppKit:Image] ISImage reported a placeholder, image rep is providing a placeholder image for <private>
2026-09-14 13:50:12.506 Df PeachCommander[18844:f2fa] [com.apple.xpc:connection] [0xba0ace300] invalidated after the last release of the connection object
2026-09-14 13:50:12.518 Df PeachCommander[18844:f2f6] [com.apple.xpc:connection] [0xba0acf0c0] activating connection: mach=false listener=false peer=false name=(anonymous)
2026-09-14 13:50:12.518 Df PeachCommander[18844:f2f6] [com.apple.xpc:connection] [0xba0ace300] activating connection: mach=false listener=false peer=false name=(anonymous)
2026-09-14 13:50:12.557 I  PeachCommander[18844:f2f6] [com.apple.iconservices:foundation] layer data size zero
2026-09-14 13:50:12.653 I  PeachCommander[18844:f2f6] [com.apple.SafariPlatformSupport:SafariPlatformSupport] -[SPSafariPlatformSupport completionListPreferredContentSizeDidUpdate] with size {0, 0}, in window that is visible
2026-09-14 13:50:12.755 I  PeachCommander[18844:f3a2] [com.apple.AppKit:WindowTab] Indexing 1 items
2026-09-14 13:50:12.755 A  PeachCommander[18844:f3a2] (CoreSpotlight) end-index-batch
2026-09-14 13:50:12.756 A  PeachCommander[18844:f3a2] (CoreSpotlight) index-items
2026-09-14 13:50:12.756 Df PeachCommander[18844:f3a2] [com.apple.corespotlight:index] CSInlineDonation:<private>: Skipping donation (feature flag disabled)
2026-09-14 13:50:12.756 Df PeachCommander[18844:f3a2] [com.apple.corespotlight:index] CSInlineDonation:<private>: Skipping donation (feature flag disabled)
2026-09-14 13:50:14.040 Df PeachCommander[18844:f2f6] (Foundation) <private>
2026-09-14 13:50:14.040 I  PeachCommander[18844:f2f6] [com.peachcommander:PCFoundation] [automation] > focus a.txt
2026-09-14 13:50:14.049 Df PeachCommander[18844:f2f6] (Foundation) <private>
2026-09-14 13:50:14.050 I  PeachCommander[18844:f2f6] [com.peachcommander:PCFoundation] [automation] > wait 400
2026-09-14 13:50:14.261 I  PeachCommander[18844:f2f6] [com.apple.quicklook:Preview Loading] start loading item <private>
2026-09-14 13:50:14.261 I  PeachCommander[18844:f2f6] [com.apple.quicklook:Preview Loading] created <private> (customView: (null))
2026-09-14 13:50:14.261 I  PeachCommander[18844:f2f6] [com.apple.quicklook:Preview Loading] start loading <private> with forced displayBundleID (null)
2026-09-14 13:50:14.262 Df PeachCommander[18844:f2fb] [com.apple.foundation.filecoordination:claims] Read options: 200000 -- URL: <private> -- purposeID: 2178AA9B-AD98-42F7-81AD-92C019232914 -- claimID: FD069D29-9235-421D-A9B6-EA00C7E8071D
2026-09-14 13:50:14.263 Df PeachCommander[18844:f2fb] [com.apple.foundation.filecoordination:claims] Claim FD069D29-9235-421D-A9B6-EA00C7E8071D granted in client
2026-09-14 13:50:14.263 Df PeachCommander[18844:f2fb] [com.apple.foundation.filecoordination:claims] Claim FD069D29-9235-421D-A9B6-EA00C7E8071D invoked in client
2026-09-14 13:50:14.264 I  PeachCommander[18844:f2fb] [com.apple.quicklook:Preview Loading] got displayBundleID com.apple.qldisplay.Text for <private>
2026-09-14 13:50:14.269 I  PeachCommander[18844:f2f6] [com.apple.quicklook:Preview Loading] document <private> got display bundle <private>
2026-09-14 13:50:14.269 I  PeachCommander[18844:f300] [com.apple.quicklook:General] presentedItemURL: <private>
2026-09-14 13:50:14.269 I  PeachCommander[18844:f300] [com.apple.quicklook:General] presentedItemOperationQueue: <private>
2026-09-14 13:50:14.269 Df PeachCommander[18844:f300] [com.apple.foundation.filecoordination:presenter] Adding presenter 9AB02616-559B-4DD9-B8AB-87E92A329E39 for URL: <private>
2026-09-14 13:50:14.269 Df PeachCommander[18844:f3e7] [com.apple.foundation.filecoordination:claims] Read options: 0 -- URL: <private> -- purposeID: F48E9B16-E10E-4B0A-AF1A-CDC7D2C41DB3 -- claimID: 6CB2149E-4BE2-47E3-B001-30B3285E7EF4
2026-09-14 13:50:14.270 Df PeachCommander[18844:f300] [com.apple.foundation.filecoordination:claims] Claim 6CB2149E-4BE2-47E3-B001-30B3285E7EF4 granted in client
2026-09-14 13:50:14.270 Df PeachCommander[18844:f300] [com.apple.foundation.filecoordination:claims] Claim 6CB2149E-4BE2-47E3-B001-30B3285E7EF4 invoked in client
2026-09-14 13:50:14.271 I  PeachCommander[18844:f3e7] [com.apple.quicklook:default] Getting <private> for 'Text Loading Options' from UTI '<private>' #UTI
2026-09-14 13:50:14.272 I  PeachCommander[18844:f2f6] [com.apple.inputAnalytics.client:IATextInputActions] initWithAnalyticsMetadataObserver service
2026-09-14 13:50:14.272 I  PeachCommander[18844:f2f6] [com.apple.quicklook:General] DID LOAD <private>
2026-09-14 13:50:14.273 I  PeachCommander[18844:f2f6] [com.apple.quicklook:Preview Loading] document <private> did load
2026-09-14 13:50:14.273 I  PeachCommander[18844:f2f6] [com.apple.quicklook:Preview Loading] setting displayable from (null) to <private>
2026-09-14 13:50:14.479 Df PeachCommander[18844:f2f6] (Foundation) <private>
2026-09-14 13:50:14.479 I  PeachCommander[18844:f2f6] [com.peachcommander:PCFoundation] [automation] > replaceanswer skip
2026-09-14 13:50:14.479 Df PeachCommander[18844:f2f6] (Foundation) <private>
2026-09-14 13:50:14.479 I  PeachCommander[18844:f2f6] [com.peachcommander:PCFoundation] [automation] > inlinerename b.txt
2026-09-14 13:50:14.482 Df PeachCommander[18844:f2f6] (Foundation) <private>
2026-09-14 13:50:14.482 I  PeachCommander[18844:f2f6] [com.peachcommander:PCFoundation] [automation] > wait 1200
2026-09-14 13:50:15.720 Df PeachCommander[18844:f2f6] (Foundation) <private>
2026-09-14 13:50:15.720 I  PeachCommander[18844:f2f6] [com.peachcommander:PCFoundation] [automation] > probe /Users/admin/rename-replace-kept.txt|ls ~/pc-rep | tr '\134n' ' '
2026-09-14 13:50:15.800 Df PeachCommander[18844:f2f6] (Foundation) <private>
2026-09-14 13:50:15.800 I  PeachCommander[18844:f2f6] [com.peachcommander:PCFoundation] [automation] > focus d.txt
2026-09-14 13:50:15.807 Df PeachCommander[18844:f2f6] (Foundation) <private>
2026-09-14 13:50:15.807 I  PeachCommander[18844:f2f6] [com.peachcommander:PCFoundation] [automation] > wait 400
2026-09-14 13:50:16.117 I  PeachCommander[18844:f2f6] [com.apple.quicklook:Preview Loading] start loading item <private>
2026-09-14 13:50:16.117 I  PeachCommander[18844:f2f6] [com.apple.quicklook:Preview Loading] created <private> (customView: (null))
2026-09-14 13:50:16.117 I  PeachCommander[18844:f2f6] [com.apple.quicklook:Preview Loading] start loading <private> with forced displayBundleID (null)
2026-09-14 13:50:16.117 Df PeachCommander[18844:f3a1] [com.apple.foundation.filecoordination:claims] Read options: 200000 -- URL: <private> -- purposeID: D2E49129-C908-4659-9DE4-A6E45FB599A2 -- claimID: 55F942EA-5A95-4561-89C2-AAA5A7FFECD9
2026-09-14 13:50:16.119 Df PeachCommander[18844:f3a1] [com.apple.foundation.filecoordination:claims] Claim 55F942EA-5A95-4561-89C2-AAA5A7FFECD9 granted in client
2026-09-14 13:50:16.119 Df PeachCommander[18844:f3a1] [com.apple.foundation.filecoordination:claims] Claim 55F942EA-5A95-4561-89C2-AAA5A7FFECD9 invoked in client
2026-09-14 13:50:16.119 I  PeachCommander[18844:f3a1] [com.apple.quicklook:Preview Loading] got displayBundleID com.apple.qldisplay.Text for <private>
2026-09-14 13:50:16.183 I  PeachCommander[18844:f2f6] [com.apple.quicklook:Preview Loading] document <private> got display bundle <private>
2026-09-14 13:50:16.183 I  PeachCommander[18844:f3a1] [com.apple.quicklook:General] presentedItemURL: <private>
2026-09-14 13:50:16.183 I  PeachCommander[18844:f3a1] [com.apple.quicklook:General] presentedItemOperationQueue: <private>
2026-09-14 13:50:16.183 Df PeachCommander[18844:f3a1] [com.apple.foundation.filecoordination:presenter] Adding presenter F9C9E999-8C22-4E4B-B86A-4774FF21CAEF for URL: <private>
2026-09-14 13:50:16.183 Df PeachCommander[18844:f3fd] [com.apple.foundation.filecoordination:claims] Read options: 0 -- URL: <private> -- purposeID: F8FDEA2A-4ACF-4742-9D91-7D43788BE608 -- claimID: F75B529C-498E-4CCC-A235-5DD879C6AE8F
2026-09-14 13:50:16.184 Df PeachCommander[18844:f3a1] [com.apple.foundation.filecoordination:claims] Claim F75B529C-498E-4CCC-A235-5DD879C6AE8F granted in client
2026-09-14 13:50:16.184 Df PeachCommander[18844:f3a1] [com.apple.foundation.filecoordination:claims] Claim F75B529C-498E-4CCC-A235-5DD879C6AE8F invoked in client
2026-09-14 13:50:16.184 I  PeachCommander[18844:f3fd] [com.apple.quicklook:default] Getting <private> for 'Text Loading Options' from UTI '<private>' #UTI
2026-09-14 13:50:16.187 I  PeachCommander[18844:f2f6] [com.apple.quicklook:General] DID LOAD <private>
2026-09-14 13:50:16.188 I  PeachCommander[18844:f2f6] [com.apple.quicklook:Preview Loading] document <private> did load
2026-09-14 13:50:16.188 I  PeachCommander[18844:f2f6] [com.apple.quicklook:Preview Loading] setting displayable from <private> to <private>
2026-09-14 13:50:16.188 Df PeachCommander[18844:f2f6] [com.apple.xpc:connection] [0xb9ff40000] activating connection: mach=false listener=false peer=false name=com.apple.speech.SpeechSynthesisServerXPC
2026-09-14 13:50:16.189 Df PeachCommander[18844:f2f6] [com.apple.foundation.filecoordination:presenter] Removing presenter 9AB02616-559B-4DD9-B8AB-87E92A329E39
2026-09-14 13:50:16.216 Df PeachCommander[18844:f2f6] (Foundation) <private>
2026-09-14 13:50:16.216 I  PeachCommander[18844:f2f6] [com.peachcommander:PCFoundation] [automation] > replaceanswer autorename
2026-09-14 13:50:16.216 Df PeachCommander[18844:f2f6] (Foundation) <private>
2026-09-14 13:50:16.216 I  PeachCommander[18844:f2f6] [com.peachcommander:PCFoundation] [automation] > inlinerename b.txt
2026-09-14 13:50:16.216 Df PeachCommander[18844:f2f6] (Foundation) <private>
2026-09-14 13:50:16.216 I  PeachCommander[18844:f2f6] [com.peachcommander:PCFoundation] [automation] > wait 1200
2026-09-14 13:50:16.408 I  PeachCommander[18844:f2f6] [com.apple.quicklook:Preview Loading] start loading item <private>
2026-09-14 13:50:16.408 I  PeachCommander[18844:f2f6] [com.apple.quicklook:Preview Loading] created <private> (customView: (null))
2026-09-14 13:50:16.408 I  PeachCommander[18844:f2f6] [com.apple.quicklook:Preview Loading] start loading <private> with forced displayBundleID (null)
2026-09-14 13:50:16.408 Df PeachCommander[18844:f3a2] [com.apple.foundation.filecoordination:claims] Read options: 200000 -- URL: <private> -- purposeID: 3EBC50CB-24C4-4E2D-958C-43D065BB3420 -- claimID: C9C2DBD8-579B-4095-BC34-B56CEDB629F7
2026-09-14 13:50:16.409 Df PeachCommander[18844:f3a2] [com.apple.foundation.filecoordination:claims] Claim C9C2DBD8-579B-4095-BC34-B56CEDB629F7 granted in client
2026-09-14 13:50:16.409 Df PeachCommander[18844:f3a2] [com.apple.foundation.filecoordination:claims] Claim C9C2DBD8-579B-4095-BC34-B56CEDB629F7 invoked in client
2026-09-14 13:50:16.409 I  PeachCommander[18844:f3a2] [com.apple.quicklook:Preview Loading] got displayBundleID com.apple.qldisplay.Text for <private>
2026-09-14 13:50:16.410 I  PeachCommander[18844:f2f6] [com.apple.quicklook:Preview Loading] document <private> got display bundle <private>
2026-09-14 13:50:16.410 I  PeachCommander[18844:f3a2] [com.apple.quicklook:General] presentedItemURL: <private>
2026-09-14 13:50:16.410 I  PeachCommander[18844:f3a2] [com.apple.quicklook:General] presentedItemOperationQueue: <private>
2026-09-14 13:50:16.410 Df PeachCommander[18844:f3a2] [com.apple.foundation.filecoordination:presenter] Adding presenter 6889978C-349B-437D-B5C4-D38E461708B3 for URL: <private>
2026-09-14 13:50:16.410 Df PeachCommander[18844:f40c] [com.apple.foundation.filecoordination:claims] Read options: 0 -- URL: <private> -- purposeID: AEC1D71F-B96A-4CFF-BFA7-D23ABFBA361E -- claimID: 43E78457-7B62-4C31-9449-751BA270098A
2026-09-14 13:50:16.410 Df PeachCommander[18844:f3a2] [com.apple.foundation.filecoordination:claims] Claim 43E78457-7B62-4C31-9449-751BA270098A granted in client
2026-09-14 13:50:16.410 Df PeachCommander[18844:f3a2] [com.apple.foundation.filecoordination:claims] Claim 43E78457-7B62-4C31-9449-751BA270098A invoked in client
2026-09-14 13:50:16.411 I  PeachCommander[18844:f40c] [com.apple.quicklook:default] Getting <private> for 'Text Loading Options' from UTI '<private>' #UTI
2026-09-14 13:50:16.411 I  PeachCommander[18844:f2f6] [com.apple.quicklook:General] DID LOAD <private>
2026-09-14 13:50:16.412 I  PeachCommander[18844:f2f6] [com.apple.quicklook:Preview Loading] document <private> did load
2026-09-14 13:50:16.412 I  PeachCommander[18844:f2f6] [com.apple.quicklook:Preview Loading] setting displayable from <private> to <private>
2026-09-14 13:50:16.413 Df PeachCommander[18844:f2f6] [com.apple.foundation.filecoordination:presenter] Removing presenter F9C9E999-8C22-4E4B-B86A-4774FF21CAEF
2026-09-14 13:50:17.497 Df PeachCommander[18844:f2f6] (Foundation) <private>
2026-09-14 13:50:17.497 I  PeachCommander[18844:f2f6] [com.peachcommander:PCFoundation] [automation] > probe /Users/admin/rename-replace-auto.txt|ls ~/pc-rep | tr '\134n' ' '
2026-09-14 13:50:17.573 Df PeachCommander[18844:f2f6] (Foundation) <private>
2026-09-14 13:50:17.573 I  PeachCommander[18844:f2f6] [com.peachcommander:PCFoundation] [automation] > cmd cm_SrcShort
2026-09-14 13:50:17.573 Df PeachCommander[18844:f2f6] (Foundation) <private>
2026-09-14 13:50:17.573 I  PeachCommander[18844:f2f6] [com.peachcommander:PCFoundation] [automation] > wait 900
2026-09-14 13:50:18.513 Df PeachCommander[18844:f2f6] (Foundation) <private>
2026-09-14 13:50:18.513 I  PeachCommander[18844:f2f6] [com.peachcommander:PCFoundation] [automation] > focus a.txt
2026-09-14 13:50:18.515 Df PeachCommander[18844:f2f6] (Foundation) <private>
2026-09-14 13:50:18.515 I  PeachCommander[18844:f2f6] [com.peachcommander:PCFoundation] [automation] > wait 400
2026-09-14 13:50:18.722 I  PeachCommander[18844:f2f6] [com.apple.quicklook:Preview Loading] start loading item <private>
2026-09-14 13:50:18.722 I  PeachCommander[18844:f2f6] [com.apple.quicklook:Preview Loading] created <private> (customView: (null))
2026-09-14 13:50:18.722 I  PeachCommander[18844:f2f6] [com.apple.quicklook:Preview Loading] start loading <private> with forced displayBundleID (null)
2026-09-14 13:50:18.723 Df PeachCommander[18844:f307] [com.apple.foundation.filecoordination:claims] Read options: 200000 -- URL: <private> -- purposeID: B67AA98A-A47E-4BB3-9F97-AD6161DFDD3D -- claimID: 0ED61748-28E1-4EC4-BF45-CC1BA7150E04
2026-09-14 13:50:18.725 Df PeachCommander[18844:f307] [com.apple.foundation.filecoordination:claims] Claim 0ED61748-28E1-4EC4-BF45-CC1BA7150E04 granted in client
2026-09-14 13:50:18.725 Df PeachCommander[18844:f307] [com.apple.foundation.filecoordination:claims] Claim 0ED61748-28E1-4EC4-BF45-CC1BA7150E04 invoked in client
2026-09-14 13:50:18.725 I  PeachCommander[18844:f3a1] [com.apple.quicklook:Preview Loading] got displayBundleID com.apple.qldisplay.Text for <private>
2026-09-14 13:50:18.726 I  PeachCommander[18844:f2f6] [com.apple.quicklook:Preview Loading] document <private> got display bundle <private>
2026-09-14 13:50:18.726 I  PeachCommander[18844:f307] [com.apple.quicklook:General] presentedItemURL: <private>
2026-09-14 13:50:18.726 I  PeachCommander[18844:f307] [com.apple.quicklook:General] presentedItemOperationQueue: <private>
2026-09-14 13:50:18.726 Df PeachCommander[18844:f307] [com.apple.foundation.filecoordination:presenter] Adding presenter BB34AFC1-A1B2-4E7F-ACAE-A2A042162B12 for URL: <private>
2026-09-14 13:50:18.726 Df PeachCommander[18844:f42c] [com.apple.foundation.filecoordination:claims] Read options: 0 -- URL: <private> -- purposeID: 0F8F961F-73CB-4E98-BB20-76500E016D57 -- claimID: FB54D768-BC02-4201-97A9-8E2BC3E5361C
2026-09-14 13:50:18.728 Df PeachCommander[18844:f307] [com.apple.foundation.filecoordination:claims] Claim FB54D768-BC02-4201-97A9-8E2BC3E5361C granted in client
2026-09-14 13:50:18.728 Df PeachCommander[18844:f307] [com.apple.foundation.filecoordination:claims] Claim FB54D768-BC02-4201-97A9-8E2BC3E5361C invoked in client
2026-09-14 13:50:18.728 I  PeachCommander[18844:f42c] [com.apple.quicklook:default] Getting <private> for 'Text Loading Options' from UTI '<private>' #UTI
2026-09-14 13:50:18.729 I  PeachCommander[18844:f2f6] [com.apple.quicklook:General] DID LOAD <private>
2026-09-14 13:50:18.731 I  PeachCommander[18844:f2f6] [com.apple.quicklook:Preview Loading] document <private> did load
2026-09-14 13:50:18.731 I  PeachCommander[18844:f2f6] [com.apple.quicklook:Preview Loading] setting displayable from <private> to <private>
2026-09-14 13:50:18.733 Df PeachCommander[18844:f2f6] [com.apple.foundation.filecoordination:presenter] Removing presenter 6889978C-349B-437D-B5C4-D38E461708B3
2026-09-14 13:50:18.943 Df PeachCommander[18844:f2f6] (Foundation) <private>
2026-09-14 13:50:18.943 I  PeachCommander[18844:f2f6] [com.peachcommander:PCFoundation] [automation] > replaceanswer overwrite
2026-09-14 13:50:18.943 Df PeachCommander[18844:f2f6] (Foundation) <private>
2026-09-14 13:50:18.943 I  PeachCommander[18844:f2f6] [com.peachcommander:PCFoundation] [automation] > answer b.txt
2026-09-14 13:50:18.943 Df PeachCommander[18844:f2f6] (Foundation) <private>
2026-09-14 13:50:18.943 I  PeachCommander[18844:f2f6] [com.peachcommander:PCFoundation] [automation] > cmd cm_RenameOnly
2026-09-14 13:50:18.943 Df PeachCommander[18844:f2f6] (Foundation) <private>
2026-09-14 13:50:18.943 I  PeachCommander[18844:f2f6] [com.peachcommander:PCFoundation] [automation] > wait 2000
2026-09-14 13:50:18.972 I  PeachCommander[18844:f2f6] [com.apple.AppKit:Window] context (0 -> 199c2537) for window 3c5
2026-09-14 13:50:18.989 I  PeachCommander[18844:f2f6] [com.apple.CoreAnalytics:client] Dropping "<private>" as it isn't used in any transform (not in the config or budgeted?)
2026-09-14 13:50:19.169 I  PeachCommander[18844:f307] [com.apple.AppKit:WindowTab] Indexing 1 items
2026-09-14 13:50:19.169 A  PeachCommander[18844:f307] (CoreSpotlight) end-index-batch
2026-09-14 13:50:19.169 A  PeachCommander[18844:f307] (CoreSpotlight) index-items
2026-09-14 13:50:19.169 Df PeachCommander[18844:f307] [com.apple.corespotlight:index] CSInlineDonation:<private>: Skipping donation (feature flag disabled)
2026-09-14 13:50:19.170 Df PeachCommander[18844:f307] [com.apple.corespotlight:index] CSInlineDonation:<private>: Skipping donation (feature flag disabled)
2026-09-14 13:50:19.192 I  PeachCommander[18844:f2f6] [com.apple.quicklook:Preview Loading] start loading item <private>
2026-09-14 13:50:19.192 I  PeachCommander[18844:f2f6] [com.apple.quicklook:Preview Loading] created <private> (customView: (null))
2026-09-14 13:50:19.193 I  PeachCommander[18844:f2f6] [com.apple.quicklook:Preview Loading] start loading <private> with forced displayBundleID (null)
2026-09-14 13:50:19.193 Df PeachCommander[18844:f307] [com.apple.foundation.filecoordination:claims] Read options: 200000 -- URL: <private> -- purposeID: 491A516D-825F-47D9-96B4-FE6048C19ED0 -- claimID: BE72D2C8-41FE-49BA-AABB-A5A2B801E51C
2026-09-14 13:50:19.196 Df PeachCommander[18844:f307] [com.apple.foundation.filecoordination:claims] Claim BE72D2C8-41FE-49BA-AABB-A5A2B801E51C granted in client
2026-09-14 13:50:19.196 Df PeachCommander[18844:f307] [com.apple.foundation.filecoordination:claims] Claim BE72D2C8-41FE-49BA-AABB-A5A2B801E51C invoked in client
2026-09-14 13:50:19.196 I  PeachCommander[18844:f2ff] [com.apple.quicklook:Preview Loading] got displayBundleID com.apple.qldisplay.Text for <private>
2026-09-14 13:50:19.197 I  PeachCommander[18844:f2f6] [com.apple.quicklook:Preview Loading] document <private> got display bundle <private>
2026-09-14 13:50:19.197 I  PeachCommander[18844:f307] [com.apple.quicklook:General] presentedItemURL: <private>
2026-09-14 13:50:19.197 I  PeachCommander[18844:f307] [com.apple.quicklook:General] presentedItemOperationQueue: <private>
2026-09-14 13:50:19.197 Df PeachCommander[18844:f307] [com.apple.foundation.filecoordination:presenter] Adding presenter CA07259B-FBFF-427E-806B-7CEE313FB9B6 for URL: <private>
2026-09-14 13:50:19.197 Df PeachCommander[18844:f431] [com.apple.foundation.filecoordination:claims] Read options: 0 -- URL: <private> -- purposeID: F965AA06-506A-4936-B1B5-E9B9307C089B -- claimID: 5FE5FDB5-0416-4BC0-B493-AFAC156ACD3C
2026-09-14 13:50:19.199 Df PeachCommander[18844:f2ff] [com.apple.foundation.filecoordination:claims] Claim 5FE5FDB5-0416-4BC0-B493-AFAC156ACD3C granted in client
2026-09-14 13:50:19.199 Df PeachCommander[18844:f2ff] [com.apple.foundation.filecoordination:claims] Claim 5FE5FDB5-0416-4BC0-B493-AFAC156ACD3C invoked in client
2026-09-14 13:50:19.199 I  PeachCommander[18844:f431] [com.apple.quicklook:default] Getting <private> for 'Text Loading Options' from UTI '<private>' #UTI
2026-09-14 13:50:19.201 I  PeachCommander[18844:f2f6] [com.apple.quicklook:General] DID LOAD <private>
2026-09-14 13:50:19.202 I  PeachCommander[18844:f2f6] [com.apple.quicklook:Preview Loading] document <private> did load
2026-09-14 13:50:19.202 I  PeachCommander[18844:f2f6] [com.apple.quicklook:Preview Loading] setting displayable from <private> to <private>
2026-09-14 13:50:19.204 Df PeachCommander[18844:f2f6] [com.apple.foundation.filecoordination:presenter] Removing presenter BB34AFC1-A1B2-4E7F-ACAE-A2A042162B12
2026-09-14 13:50:21.081 Df PeachCommander[18844:f2f6] (Foundation) <private>
2026-09-14 13:50:21.081 I  PeachCommander[18844:f2f6] [com.peachcommander:PCFoundation] [automation] > replaceanswersleft /Users/admin/rename-replace-asked.txt
2026-09-14 13:50:21.082 Df PeachCommander[18844:f2f6] (Foundation) <private>
2026-09-14 13:50:21.082 I  PeachCommander[18844:f2f6] [com.peachcommander:PCFoundation] [automation] > wait 300
2026-09-14 13:50:21.407 Df PeachCommander[18844:f2f6] (Foundation) <private>
2026-09-14 13:50:21.407 I  PeachCommander[18844:f2f6] [com.peachcommander:PCFoundation] [automation] > dump /Users/admin/rename-replace.txt
2026-09-14 13:50:21.409 Df PeachCommander[18844:f2f6] (Foundation) <private>
2026-09-14 13:50:21.409 Df PeachCommander[18844:f2f6] (Foundation) <private>
2026-09-14 13:50:21.409 I  PeachCommander[18844:f2f6] [com.peachcommander:PCFoundation] [automation] done
2026-09-14 13:50:21.507 Df PeachCommander[18844:f2ff] [com.apple.launchservices:default] LSExceptions shared instance invalidated for timeout.
