Timestamp               Ty Process[PID:TID]
2026-09-14 12:58:17.311 A  PeachCommander[18599:ef2d] (libsystem_info.dylib) Retrieve User by ID
2026-09-14 12:58:17.312 Df PeachCommander[18599:ef2d] [com.apple.xpc:connection] [0x10699c9a0] activating connection: mach=true listener=false peer=false name=com.apple.cfprefsd.daemon
2026-09-14 12:58:17.312 Df PeachCommander[18599:ef32] [com.apple.xpc:connection] [0x10699ffe0] activating connection: mach=true listener=false peer=false name=com.apple.cfprefsd.agent
2026-09-14 12:58:17.313 Df PeachCommander[18599:ef2d] [com.apple.xpc:connection] [0x1069a2b20] activating connection: mach=true listener=false peer=false name=com.apple.coreservices.launchservicesd
2026-09-14 12:58:17.313 I  PeachCommander[18599:ef2d] [com.apple.launchservices:cas] Registering for notification <private> on default queue, to re-boostrap client connection.
2026-09-14 12:58:17.313 Df PeachCommander[18599:ef2d] [com.apple.xpc:connection] [0x734c80000] activating connection: mach=true listener=false peer=false name=com.apple.pasteboard.1
2026-09-14 12:58:17.314 Df PeachCommander[18599:ef2d] [com.apple.xpc:connection] [0x734c80140] activating connection: mach=true listener=false peer=false name=com.apple.distributed_notifications@Uv3
2026-09-14 12:58:17.315 Df PeachCommander[18599:ef2d] [com.apple.AppKit:AutomaticTermination] void _NSDisableAutomaticTerminationAndLog(NSString *) No windows open yet
2026-09-14 12:58:17.315 A  PeachCommander[18599:ef2d] (TCC) TCCAccessRequest() IPC
2026-09-14 12:58:17.315 Df PeachCommander[18599:ef2d] [com.apple.xpc:connection] [0x734c80280] activating connection: mach=true listener=false peer=false name=com.apple.tccd.system
2026-09-14 12:58:17.315 I  PeachCommander[18599:ef2d] [com.apple.TCC:access] SEND: 0/7 synchronous to com.apple.tccd.system: request: msgID=18599.1, function=TCCAccessRequest, service=kTCCServiceListenEvent,
2026-09-14 12:58:17.317 I  PeachCommander[18599:ef2d] [com.apple.TCC:access] RECV: synchronous reply <dictionary: 0x734c68000> { count = 5, transaction: 0, voucher = 0x0, contents =
	"prompt_type" => <uint64: 0x874c6d59a67bc46f>: 1
	"auth_value" => <uint64: 0x874c6d59a67bc46f>: 1
	"preflight_unknown" => <bool: 0x1eef4d190>: true
	"auth_version" => <uint64: 0x874c6d59a67bc46f>: 1
	"auth_reason" => <uint64: 0x874c6d59a67bc44f>: 5
}
2026-09-14 12:58:17.317 Df PeachCommander[18599:ef2d] [com.apple.xpc:connection] [0x734c80280] invalidated after the last release of the connection object
2026-09-14 12:58:17.317 Df PeachCommander[18599:ef2d] [com.apple.SkyLight:default] server port 0x0000320b, session port 0x0000320b
2026-09-14 12:58:17.319 Df PeachCommander[18599:ef2d] [com.apple.SkyLight:default] New connection 0x4486f main
2026-09-14 12:58:17.319 I  PeachCommander[18599:ef33] [com.apple.SkyLight:processes] 0[outside of RPC]: First connection id 280687 mapped to ctx = 0x1069a9e60
2026-09-14 12:58:17.319 I  PeachCommander[18599:ef2d] [com.apple.hiservices:processmgr] Checking in with CAS, pid=18599
2026-09-14 12:58:17.319 I  PeachCommander[18599:ef2d] [com.apple.launchservices:cas] LSApplicationCheckIn(), app being registered is:"/Users/admin/pc-test/PeachCommander.app/Contents/MacOS/PeachCommander"
2026-09-14 12:58:17.320 I  PeachCommander[18599:ef2d] [com.apple.launchservices:cas]  { "ApplicationType"="Foreground", "BuildMachineOSBuild"="25E246", "CFBundleDevelopmentRegion"="en", "CFBundleDocumentTypes"=( { "CFBundleTypeName"="Peach Commander Plugin Package", "CFBundleTypeRole"="Viewer", "LSHandlerRank"="Owner", "LSItemContentTypes"=( "com.peachcommander.plugin-package") }), "CFBundleExecutable"="PeachCommander", "CFBundleExecutablePath"="/Users/admin/pc-test/PeachCommander.app/Contents/MacOS/PeachCommander", "CFBundleHelpBookFolder"="PeachCommander.help", "CFBundleHelpBookName"="Peach Commander Help", "CFBundleIconFile"="AppIcon", "CFBundleIconName"="AppIcon", "CFBundleIdentifier"="com.peachcommander.app", "CFBundleInfoDictionaryVersion"="6.0", "CFBundleName"="PeachCommander", "CFBundleNumericVersion"=402685952, "CFBundlePackageType"="APPL", "CFBundleShortVersionString"="0.9.0", "CFBundleSignature"="?????", "CFBundleSupportedPlatforms"=( "MacOSX"), "CFBundleVersion"="18", "DTCompiler"="com.apple.compilers.llvm.clang.1_0", "DTPlatformBuild"="25F70", "DTPlatformName"="macosx", "<…>
2026-09-14 12:58:17.320 Df PeachCommander[18599:ef2d] [com.apple.processmanager:front-35286506] CHECKIN: pid=18599
2026-09-14 12:58:17.321 Df PeachCommander[18599:ef2d] [com.apple.processmanager:front-35286506] CHECKEDIN: pid=18599 asn=0x0-0xe30e3 foreground=1
2026-09-14 12:58:17.321 I  PeachCommander[18599:ef2d] [com.apple.launchservices:cas] Setting processControlState to default PROC_SETPC_SUSPEND because application does not have LSProcessControlValue key
2026-09-14 12:58:17.321 Df PeachCommander[18599:ef2d] [com.apple.xpc:connection] [0x734c80280] activating connection: mach=false listener=true peer=false name=(anonymous)
2026-09-14 12:58:17.321 Df PeachCommander[18599:ef2d] [com.apple.xpc:connection] [0x734c80280] Connection returned listener port: 0x4103
2026-09-14 12:58:17.321 Df PeachCommander[18599:ef32] [com.apple.xpc:connection] [0x7350b4300] activating connection: mach=false listener=false peer=true name=com.apple.xpc.anonymous.0x734c80280.peer[131].0x7350b4300
2026-09-14 12:58:17.322 Df PeachCommander[18599:ef2d] [com.apple.processmanager:front-35286506] FRONTLOGGING: version 1
2026-09-14 12:58:17.322 Df PeachCommander[18599:ef2d] [com.apple.processmanager:front-35286506] Registered, pid=18599 ASN=0x0,0xe30e3
2026-09-14 12:58:17.322 Df PeachCommander[18599:ef2d] [com.apple.xpc:connection] [0x734c803c0] activating connection: mach=true listener=false peer=false name=com.apple.analyticsd
2026-09-14 12:58:17.322 I  PeachCommander[18599:ef2d] [com.apple.CoreAnalytics:client] Daemon status changed from 0 to 1
2026-09-14 12:58:17.322 I  PeachCommander[18599:ef32] [com.apple.CarbonCore:coreservicesdaemon] SCSession():SCSession( id=100, this=0x0x1069a06e0 option=65538) created, forUID=501 mach_port_t=0x4303.
2026-09-14 12:58:17.322 I  PeachCommander[18599:ef32] [com.apple.CarbonCore:coreservicesdaemon] SCSession():SCSession( id=101, this=0x0x1069a0820 option=65538) created, forUID=501 mach_port_t=0x5003.
2026-09-14 12:58:17.322 I  PeachCommander[18599:ef32] [com.apple.CarbonCore:coreservicesdaemon] connectToCoreServicesD():Instantiating server (coreservicesd based) SCSession, port=0x4303 serverOptions=0x10002.
2026-09-14 12:58:17.322 I  PeachCommander[18599:ef2d] [com.apple.hiservices:processmgr] _RegisterApplication( pid 18599 => 0x0,0xe30e3) type=foreground
2026-09-14 12:58:17.322 Df PeachCommander[18599:ef2d] [com.apple.xpc:connection] [0x734c80280] Connection returned listener port: 0x4103
2026-09-14 12:58:17.322 I  PeachCommander[18599:ef2d] [com.apple.launchservices:cas] CFArrayRef _LSCopyLaunchModifiers(LSSessionID, LSASNRef _Nonnull), result for psn [ kLSCurrentApp ASN, 0x0,0x2]  is 1 items.
2026-09-14 12:58:17.322 Df PeachCommander[18599:ef2d] [com.apple.processmanager:front-35286506] BringForward: pid=18599 asn=0x0-0xe30e3 bringForward=1 foreground=1 uiElement=0 launchedByLS=1 modifiersCount=1 allDisabled=1
2026-09-14 12:58:17.322 Df PeachCommander[18599:ef2d] [com.apple.processmanager:front-35286506] BringFrontModifier: pid=18599 asn=0x0-0xe30e3 Modifier 0 hideAfter=0 hideOthers=0 dontMakeFrontmost=0 mouseDown=0/0 seed=0/0
2026-09-14 12:58:17.322 Df PeachCommander[18599:ef2d] [com.apple.processmanager:front-35286506] BringForward: pid=18599 asn=0x0-0xe30e3
2026-09-14 12:58:17.322 Df PeachCommander[18599:ef2d] [com.apple.processmanager:front-35286506] SetFrontProcess: asn=0x0-0xe30e3 options=0
2026-09-14 12:58:17.322 I  PeachCommander[18599:ef2d] [com.apple.SkyLight:processes] 0[outside of RPC]: SLPSetFrontProcess(0x0-0xe30e3 window=0 options=0x0
2026-09-14 12:58:17.323 Df PeachCommander[18599:ef32] [com.apple.xpc:connection] [0x734c80640] activating connection: mach=true listener=false peer=false name=com.apple.lsd.mapdb
2026-09-14 12:58:17.324 I  PeachCommander[18599:ef32] [com.apple.launchservices:db] LaunchServices database schema version: 20971544
2026-09-14 12:58:17.324 Df PeachCommander[18599:ef2d] [com.apple.AppKit:Appearance] Current system appearance, (HLTB: 1), (SLS: 0)
2026-09-14 12:58:17.325 Df PeachCommander[18599:ef2d] (libMobileGestalt.dylib) No persisted cache on this platform.
2026-09-14 12:58:17.325 I  PeachCommander[18599:ef37] [com.apple.launchservices:cas] information in shared memory for 0x0-0xe30e3 with seed 533 was still valid, so using cached info { "ApplicationType"="Foreground", "BuildMachineOSBuild"="25E246", "BundleIdentifierLowerCase"="com.peachcommander.app", "CFBundleDevelopmentRegion"="en", "CFBundleDocumentTypes"=( { "CFBundleTypeName"="Peach Commander Plugin Package", "CFBundleTypeRole"="Viewer", "LSHandlerRank"="Owner", "LSItemContentTypes"=( "com.peachcommander.plugin-package") }), "CFBundleExecutable"="PeachCommander", "CFBundleExecutablePath"="/Users/admin/pc-test/PeachCommander.app/Contents/MacOS/PeachCommander", "CFBundleExecutablePathDeviceID"=16777229, "CFBundleExecutablePathINode"=487975, "CFBundleHelpBookFolder"="PeachCommander.help", "CFBundleHelpBookName"="Peach Commander Help", "CFBundleIconFile"="AppIcon", "CFBundleIconName"="AppIcon", "CFBundleIdentifier"="com.peachcommander.app", "CFBundleInfoDictionaryVersion"="6.0", "CFBundleName"="PeachCommander", "CFBundleNameLowerCase"="peachcommander", "CFBundleNumericVersion"=402685952, "CFBundlePackageType"="APPL", "CFBundleShortVersionString"="0.9.0", "CFBun<…>
2026-09-14 12:58:17.326 Df PeachCommander[18599:ef2d] (libMobileGestalt.dylib) Could not get size of EAN data (IOConnectCallScalarMethod kAppleNVMeEANGetSize returned 0xE00002E2)
2026-09-14 12:58:17.326 Df PeachCommander[18599:ef2d] (libMobileGestalt.dylib) Failed to copy 'aptk' from EAN
2026-09-14 12:58:17.326 Df PeachCommander[18599:ef2d] (libMobileGestalt.dylib) Failed to copy APTicket properties. Falling back to default policy.
2026-09-14 12:58:17.326 Df PeachCommander[18599:ef2d] (libMobileGestalt.dylib) Creating default MGSysConfigPolicy
2026-09-14 12:58:17.326 Df PeachCommander[18599:ef2d] (libMobileGestalt.dylib) CFDictionaryRef copySyscfgDictionary(void) enumeration of <private> failed.
2026-09-14 12:58:17.326 Df PeachCommander[18599:ef2d] (libMobileGestalt.dylib) Failed to find key <private>
2026-09-14 12:58:17.326 Df PeachCommander[18599:ef2d] [com.apple.AppKit:Appearance] Current system appearance, (HLTB: 1), (SLS: 0)
2026-09-14 12:58:17.327 Df PeachCommander[18599:ef2d] [com.apple.AppKit:Appearance] Post-registration system appearance: (HLTB: 1)
2026-09-14 12:58:17.327 I  PeachCommander[18599:ef32] [com.apple.launchservices:default] Unable to load Info.plist exceptions (eGPUOverrides)
2026-09-14 12:58:17.327 I  PeachCommander[18599:ef32] [com.apple.launchservices:default] Unable to load Info.plist exceptions (gameModeOverrides)
2026-09-14 12:58:17.327 I  PeachCommander[18599:ef32] [com.apple.launchservices:default] Unable to load Info.plist exceptions (identifiedGameOverrides)
2026-09-14 12:58:17.327 I  PeachCommander[18599:ef32] [com.apple.launchservices:default] Unable to load Info.plist exceptions (SystemHiddenPreferred)
2026-09-14 12:58:17.328 Df PeachCommander[18599:ef2d] [com.apple.FrontBoard:Common] FBSWorkspace: endpoint monitoring is disabled.
2026-09-14 12:58:17.328 Df PeachCommander[18599:ef2d] [com.apple.FrontBoard:Common] FBSWorkspace: default shell endpoint is disabled.
2026-09-14 12:58:17.328 Df PeachCommander[18599:ef2d] [com.apple.runningboard:connection] Initializing connection
2026-09-14 12:58:17.328 Df PeachCommander[18599:ef2d] [com.apple.runningboard:process] Removing all cached process handles
2026-09-14 12:58:17.328 Df PeachCommander[18599:ef32] [com.apple.runningboard:connection] Sending handshake request attempt #1 to server
2026-09-14 12:58:17.328 Df PeachCommander[18599:ef32] [com.apple.runningboard:connection] Creating connection to com.apple.runningboard
2026-09-14 12:58:17.328 Df PeachCommander[18599:ef32] [com.apple.xpc:connection] [0x734c80500] activating connection: mach=true listener=false peer=false name=com.apple.runningboard
2026-09-14 12:58:17.328 A  PeachCommander[18599:ef38] (RunningBoardServices) didChangeInheritances
2026-09-14 12:58:17.328 Df PeachCommander[18599:ef32] [com.apple.runningboard:connection] Handshake succeeded
2026-09-14 12:58:17.328 Df PeachCommander[18599:ef32] [com.apple.runningboard:connection] Identity resolved as app<application.com.peachcommander.app.487320.487975(501)>
2026-09-14 12:58:17.329 Df PeachCommander[18599:ef38] [com.apple.CoreAnalytics:client] Received configuration update from daemon (initial)
2026-09-14 12:58:17.329 Df PeachCommander[18599:ef2d] [com.apple.xpc:connection] [0x734c80280] Connection returned listener port: 0x4103
2026-09-14 12:58:17.329 I  PeachCommander[18599:ef2d] [com.apple.launchservices:cas] information in shared memory for 0x0-0xe30e3 with seed 533 was still valid, so using cached info { "ApplicationType"="Foreground", "BuildMachineOSBuild"="25E246", "BundleIdentifierLowerCase"="com.peachcommander.app", "CFBundleDevelopmentRegion"="en", "CFBundleDocumentTypes"=( { "CFBundleTypeName"="Peach Commander Plugin Package", "CFBundleTypeRole"="Viewer", "LSHandlerRank"="Owner", "LSItemContentTypes"=( "com.peachcommander.plugin-package") }), "CFBundleExecutable"="PeachCommander", "CFBundleExecutablePath"="/Users/admin/pc-test/PeachCommander.app/Contents/MacOS/PeachCommander", "CFBundleExecutablePathDeviceID"=16777229, "CFBundleExecutablePathINode"=487975, "CFBundleHelpBookFolder"="PeachCommander.help", "CFBundleHelpBookName"="Peach Commander Help", "CFBundleIconFile"="AppIcon", "CFBundleIconName"="AppIcon", "CFBundleIdentifier"="com.peachcommander.app", "CFBundleInfoDictionaryVersion"="6.0", "CFBundleName"="PeachCommander", "CFBundleNameLowerCase"="peachcommander", "CFBundleNumericVersion"=402685952, "CFBundlePackageType"="APPL", "CFBundleShortVersionString"="0.9.0", "CFBun<…>
2026-09-14 12:58:17.330 Df PeachCommander[18599:ef2d] [com.apple.xpc:connection] [0x734c80280] Connection returned listener port: 0x4103
2026-09-14 12:58:17.331 A  PeachCommander[18599:ef37] (AppIntents) appintents:register process
2026-09-14 12:58:17.332 Df PeachCommander[18599:ef37] [com.apple.appintents:Connection] Created a new Process Instance Registry XPC connection (inactive)
2026-09-14 12:58:17.332 Df PeachCommander[18599:ef37] [com.apple.xpc:connection] [0x734c808c0] activating connection: mach=true listener=false peer=false name=com.apple.linkd.autoShortcut
2026-09-14 12:58:17.332 I  PeachCommander[18599:ef2d] [com.apple.launchservices:cas] information in shared memory for 0x0-0xe30e3 with seed 533 was still valid, so using cached info { "ApplicationType"="Foreground", "BuildMachineOSBuild"="25E246", "BundleIdentifierLowerCase"="com.peachcommander.app", "CFBundleDevelopmentRegion"="en", "CFBundleDocumentTypes"=( { "CFBundleTypeName"="Peach Commander Plugin Package", "CFBundleTypeRole"="Viewer", "LSHandlerRank"="Owner", "LSItemContentTypes"=( "com.peachcommander.plugin-package") }), "CFBundleExecutable"="PeachCommander", "CFBundleExecutablePath"="/Users/admin/pc-test/PeachCommander.app/Contents/MacOS/PeachCommander", "CFBundleExecutablePathDeviceID"=16777229, "CFBundleExecutablePathINode"=487975, "CFBundleHelpBookFolder"="PeachCommander.help", "CFBundleHelpBookName"="Peach Commander Help", "CFBundleIconFile"="AppIcon", "CFBundleIconName"="AppIcon", "CFBundleIdentifier"="com.peachcommander.app", "CFBundleInfoDictionaryVersion"="6.0", "CFBundleName"="PeachCommander", "CFBundleNameLowerCase"="peachcommander", "CFBundleNumericVersion"=402685952, "CFBundlePackageType"="APPL", "CFBundleShortVersionString"="0.9.0", "CFBun<…>
2026-09-14 12:58:17.332 Df PeachCommander[18599:ef37] [com.apple.appintents:Connection] Activated connection to linkd (ApplicationService)
2026-09-14 12:58:17.332 I  PeachCommander[18599:ef2d] [com.apple.hiservices:processmgr] TransformProcessType(0x0,0x2 => 1 wasFront=1 pickNew=0)
2026-09-14 12:58:17.332 Df PeachCommander[18599:ef37] [com.apple.xpc:connection] [0x734c80a00] activating connection: mach=false listener=true peer=false name=(anonymous)
2026-09-14 12:58:17.332 I  PeachCommander[18599:ef2d] [com.apple.CoreAnalytics:client] Dropping "com.apple.appkit.app_config" as it isn't used in any transform (not in the config or budgeted?)
2026-09-14 12:58:17.332 I  PeachCommander[18599:ef37] [com.apple.appintents:Execution] LNAppConnectionListener instantiated
2026-09-14 12:58:17.332 Df PeachCommander[18599:ef37] [com.apple.xpc:connection] [0x734c80a00] Connection returned listener port: 0x6503
2026-09-14 12:58:17.332 Df PeachCommander[18599:ef33] [com.apple.xpc:connection] [0x734c808c0] Re-initialization successful; calling out to event handler with XPC_ERROR_CONNECTION_INTERRUPTED
2026-09-14 12:58:17.332 Df PeachCommander[18599:ef33] [com.apple.appintents:Connection] Process Instance Registry XPC connection has been interrupted
2026-09-14 12:58:17.332 Df PeachCommander[18599:ef2d] [com.apple.dt.xctest:Default] Registering for test daemon availability notify post.
2026-09-14 12:58:17.332 E  PeachCommander[18599:ef37] [com.apple.appintents:Connection] Unable to get synchronousRemoteObjectProxy, error: Error Domain=NSCocoaErrorDomain Code=4097 "connection to service named com.apple.linkd.autoShortcut" UserInfo={NSDebugDescription=connection to service named com.apple.linkd.autoShortcut}
2026-09-14 12:58:17.332 Df PeachCommander[18599:ef2d] [com.apple.dt.xctest:Default] notify_get_state check indicated test daemon not ready.
2026-09-14 12:58:17.332 E  PeachCommander[18599:ef37] [com.apple.AppKit:Application] Error registering app with intents framework: Error Domain=NSCocoaErrorDomain Code=4097 UserInfo={NSDebugDescription=<private>}
2026-09-14 12:58:17.332 Df PeachCommander[18599:ef33] [com.apple.appintents:Connection] Created a new Process Instance Registry XPC connection (inactive)
2026-09-14 12:58:17.332 A  PeachCommander[18599:ef33] (AppIntents) appintents:register process
2026-09-14 12:58:17.332 Df PeachCommander[18599:ef2d] [com.apple.dt.xctest:Default] notify_get_state check indicated test daemon not ready.
2026-09-14 12:58:17.332 Df PeachCommander[18599:ef33] [com.apple.appintents:Connection] Created a new Process Instance Registry XPC connection (inactive)
2026-09-14 12:58:17.332 Df PeachCommander[18599:ef33] [com.apple.xpc:connection] [0x734c80c80] activating connection: mach=true listener=false peer=false name=com.apple.linkd.autoShortcut
2026-09-14 12:58:17.333 Df PeachCommander[18599:ef33] [com.apple.appintents:Connection] Activated connection to linkd (ApplicationService)
2026-09-14 12:58:17.333 Df PeachCommander[18599:ef33] [com.apple.xpc:connection] [0x734c80a00] Connection returned listener port: 0x6503
2026-09-14 12:58:17.333 Df PeachCommander[18599:ef2d] [com.apple.dt.xctest:Default] notify_get_state check indicated test daemon not ready.
2026-09-14 12:58:17.333 Df PeachCommander[18599:ef37] [com.apple.xpc:connection] [0x734c80c80] Re-initialization successful; calling out to event handler with XPC_ERROR_CONNECTION_INTERRUPTED
2026-09-14 12:58:17.333 Df PeachCommander[18599:ef37] [com.apple.appintents:Connection] Process Instance Registry XPC connection has been interrupted
2026-09-14 12:58:17.333 E  PeachCommander[18599:ef33] [com.apple.appintents:Connection] Unable to get synchronousRemoteObjectProxy, error: Error Domain=NSCocoaErrorDomain Code=4097 "connection to service named com.apple.linkd.autoShortcut" UserInfo={NSDebugDescription=connection to service named com.apple.linkd.autoShortcut}
2026-09-14 12:58:17.333 E  PeachCommander[18599:ef33] [com.apple.appintents:Connection] Unable to re-register with Process Instance Registry, error: Error Domain=NSCocoaErrorDomain Code=4097 "connection to service named com.apple.linkd.autoShortcut" UserInfo={NSDebugDescription=connection to service named com.apple.linkd.autoShortcut}
2026-09-14 12:58:17.333 Df PeachCommander[18599:ef37] [com.apple.appintents:Connection] Created a new Process Instance Registry XPC connection (inactive)
2026-09-14 12:58:17.333 A  PeachCommander[18599:ef37] (AppIntents) appintents:register process
2026-09-14 12:58:17.333 Df PeachCommander[18599:ef37] [com.apple.appintents:Connection] Created a new Process Instance Registry XPC connection (inactive)
2026-09-14 12:58:17.333 Df PeachCommander[18599:ef37] [com.apple.xpc:connection] [0x734c812c0] activating connection: mach=true listener=false peer=false name=com.apple.linkd.autoShortcut
2026-09-14 12:58:17.333 Df PeachCommander[18599:ef37] [com.apple.appintents:Connection] Activated connection to linkd (ApplicationService)
2026-09-14 12:58:17.333 Df PeachCommander[18599:ef37] [com.apple.xpc:connection] [0x734c80a00] Connection returned listener port: 0x6503
2026-09-14 12:58:17.333 Df PeachCommander[18599:ef33] [com.apple.xpc:connection] [0x734c812c0] Re-initialization successful; calling out to event handler with XPC_ERROR_CONNECTION_INTERRUPTED
2026-09-14 12:58:17.333 Df PeachCommander[18599:ef33] [com.apple.appintents:Connection] Process Instance Registry XPC connection has been interrupted
2026-09-14 12:58:17.333 Df PeachCommander[18599:ef33] [com.apple.appintents:Connection] Created a new Process Instance Registry XPC connection (inactive)
2026-09-14 12:58:17.333 A  PeachCommander[18599:ef33] (AppIntents) appintents:register process
2026-09-14 12:58:17.333 Df PeachCommander[18599:ef33] [com.apple.appintents:Connection] Created a new Process Instance Registry XPC connection (inactive)
2026-09-14 12:58:17.333 Df PeachCommander[18599:ef33] [com.apple.xpc:connection] [0x734c81540] activating connection: mach=true listener=false peer=false name=com.apple.linkd.autoShortcut
2026-09-14 12:58:17.333 E  PeachCommander[18599:ef37] [com.apple.appintents:Connection] Unable to get synchronousRemoteObjectProxy, error: Error Domain=NSCocoaErrorDomain Code=4097 "connection to service named com.apple.linkd.autoShortcut" UserInfo={NSDebugDescription=connection to service named com.apple.linkd.autoShortcut}
2026-09-14 12:58:17.333 E  PeachCommander[18599:ef37] [com.apple.appintents:Connection] Unable to re-register with Process Instance Registry, error: Error Domain=NSCocoaErrorDomain Code=4097 "connection to service named com.apple.linkd.autoShortcut" UserInfo={NSDebugDescription=connection to service named com.apple.linkd.autoShortcut}
2026-09-14 12:58:17.333 Df PeachCommander[18599:ef33] [com.apple.appintents:Connection] Activated connection to linkd (ApplicationService)
2026-09-14 12:58:17.333 Df PeachCommander[18599:ef33] [com.apple.xpc:connection] [0x734c80a00] Connection returned listener port: 0x6503
2026-09-14 12:58:17.334 Df PeachCommander[18599:ef37] [com.apple.xpc:connection] [0x734c81540] Re-initialization successful; calling out to event handler with XPC_ERROR_CONNECTION_INTERRUPTED
2026-09-14 12:58:17.334 Df PeachCommander[18599:ef37] [com.apple.appintents:Connection] Process Instance Registry XPC connection has been interrupted
2026-09-14 12:58:17.334 E  PeachCommander[18599:ef37] [com.apple.appintents:Connection] Will NOT re-try to establish the connection
2026-09-14 12:58:17.334 E  PeachCommander[18599:ef33] [com.apple.appintents:Connection] Unable to get synchronousRemoteObjectProxy, error: Error Domain=NSCocoaErrorDomain Code=4097 "connection to service named com.apple.linkd.autoShortcut" UserInfo={NSDebugDescription=connection to service named com.apple.linkd.autoShortcut}
2026-09-14 12:58:17.334 E  PeachCommander[18599:ef33] [com.apple.appintents:Connection] Unable to re-register with Process Instance Registry, error: Error Domain=NSCocoaErrorDomain Code=4097 "connection to service named com.apple.linkd.autoShortcut" UserInfo={NSDebugDescription=connection to service named com.apple.linkd.autoShortcut}
2026-09-14 12:58:17.336 A  PeachCommander[18599:ef2d] (CoreFoundation) Loading Preferences From System CFPrefsD
2026-09-14 12:58:17.336 Df PeachCommander[18599:ef2d] (libMobileGestalt.dylib) couldn't load support library
2026-09-14 12:58:17.336 Df PeachCommander[18599:ef2d] (libMobileGestalt.dylib) called dummy function!
2026-09-14 12:58:17.336 I  PeachCommander[18599:ef2d] [com.apple.GenerativeModels:availability] Current availability state: unavailable, use cases: com.apple.WritingTools, language: <any>, api: <private>
2026-09-14 12:58:17.336 Df PeachCommander[18599:ef2d] [com.apple.GenerativeModels:availability] registering darwin observer for name: com.apple.gms.availability.notification
2026-09-14 12:58:17.336 Df PeachCommander[18599:ef2d] [com.apple.GenerativeModels:availability] registering darwin observer for name: com.apple.os-eligibility-domain.change.greymatter
2026-09-14 12:58:17.336 Df PeachCommander[18599:ef2d] [com.apple.GenerativeModels:availability] registering darwin observer for name: com.apple.language.changed
2026-09-14 12:58:17.337 Df PeachCommander[18599:ef2d] [com.apple.WritingTools:Default] isAvailable value changed: isMDMAllowed = true, gmAvailable (current) = false
2026-09-14 12:58:17.339 I  PeachCommander[18599:ef2d] [com.apple.CoreAnalytics:client] Dropping "com.apple.appkit.app_config" as it isn't used in any transform (not in the config or budgeted?)
2026-09-14 12:58:17.346 Df PeachCommander[18599:ef2d] [com.apple.AppKit:Appearance] NSApp cache appearance:
-NSRequiresAquaSystemAppearance: 0
-appearance: (null)
-effectiveAppearance: <NSCompositeAppearance: 0x734c6c460
 (
    "<NSAquaAppearance: 0x734c6c780>",
    "<NSSystemAppearance: 0x734c6c6e0>"
)>
2026-09-14 12:58:17.348 A  PeachCommander[18599:ef2d] (CoreFoundation) Loading Preferences From User CFPrefsD
2026-09-14 12:58:17.348 A  PeachCommander[18599:ef2d] (CoreFoundation) Loading Preferences From User CFPrefsD
2026-09-14 12:58:17.351 A  PeachCommander[18599:ef37] (libsystem_info.dylib) Membership API: translate identifier
2026-09-14 12:58:17.353 I  PeachCommander[18599:ef2d] [com.apple.CoreAnalytics:client] Dropping "com.apple.appkit.app_config" as it isn't used in any transform (not in the config or budgeted?)
2026-09-14 12:58:17.353 I  PeachCommander[18599:ef2d] [com.apple.CoreAnalytics:client] Dropping "com.apple.appkit.app_config" as it isn't used in any transform (not in the config or budgeted?)
2026-09-14 12:58:17.354 Df PeachCommander[18599:ef33] [com.apple.xpc:connection] [0x734c81a40] activating connection: mach=true listener=false peer=false name=com.apple.dock.fullscreen
2026-09-14 12:58:17.355 Df PeachCommander[18599:ef2d] [com.apple.xpc:connection] [0x734c81b80] activating connection: mach=true listener=false peer=false name=com.apple.fonts
2026-09-14 12:58:17.358 I  PeachCommander[18599:ef2d] [com.apple.launchservices:cas] information in shared memory for 0x0-0xe30e3 with seed 533 was still valid, so using cached info { "ApplicationType"="Foreground", "BuildMachineOSBuild"="25E246", "BundleIdentifierLowerCase"="com.peachcommander.app", "CFBundleDevelopmentRegion"="en", "CFBundleDocumentTypes"=( { "CFBundleTypeName"="Peach Commander Plugin Package", "CFBundleTypeRole"="Viewer", "LSHandlerRank"="Owner", "LSItemContentTypes"=( "com.peachcommander.plugin-package") }), "CFBundleExecutable"="PeachCommander", "CFBundleExecutablePath"="/Users/admin/pc-test/PeachCommander.app/Contents/MacOS/PeachCommander", "CFBundleExecutablePathDeviceID"=16777229, "CFBundleExecutablePathINode"=487975, "CFBundleHelpBookFolder"="PeachCommander.help", "CFBundleHelpBookName"="Peach Commander Help", "CFBundleIconFile"="AppIcon", "CFBundleIconName"="AppIcon", "CFBundleIdentifier"="com.peachcommander.app", "CFBundleInfoDictionaryVersion"="6.0", "CFBundleName"="PeachCommander", "CFBundleNameLowerCase"="peachcommander", "CFBundleNumericVersion"=402685952, "CFBundlePackageType"="APPL", "CFBundleShortVersionString"="0.9.0", "CFBun<…>
2026-09-14 12:58:17.358 I  PeachCommander[18599:ef2d] [com.apple.CoreAnalytics:client] Dropping "com.apple.appkit.app_config" as it isn't used in any transform (not in the config or budgeted?)
2026-09-14 12:58:17.358 Df PeachCommander[18599:ef2d] [com.apple.AppKit:AutomaticTermination] -[NSApplication(NSAppssassination) _checkForAutomaticTerminationSupportPossiblyEnablingIt]_block_invoke Enabling automatic termination support.
2026-09-14 12:58:17.358 Df PeachCommander[18599:ef2d] [com.apple.xpc:connection] [0x734c80dc0] activating connection: mach=true listener=false peer=false name=com.apple.appkit.restoration_storage
2026-09-14 12:58:17.358 I  PeachCommander[18599:ef2d] [com.apple.launchservices:cas] information in shared memory for 0x0-0xe30e3 with seed 533 was still valid, so using cached info { "ApplicationType"="Foreground", "BuildMachineOSBuild"="25E246", "BundleIdentifierLowerCase"="com.peachcommander.app", "CFBundleDevelopmentRegion"="en", "CFBundleDocumentTypes"=( { "CFBundleTypeName"="Peach Commander Plugin Package", "CFBundleTypeRole"="Viewer", "LSHandlerRank"="Owner", "LSItemContentTypes"=( "com.peachcommander.plugin-package") }), "CFBundleExecutable"="PeachCommander", "CFBundleExecutablePath"="/Users/admin/pc-test/PeachCommander.app/Contents/MacOS/PeachCommander", "CFBundleExecutablePathDeviceID"=16777229, "CFBundleExecutablePathINode"=487975, "CFBundleHelpBookFolder"="PeachCommander.help", "CFBundleHelpBookName"="Peach Commander Help", "CFBundleIconFile"="AppIcon", "CFBundleIconName"="AppIcon", "CFBundleIdentifier"="com.peachcommander.app", "CFBundleInfoDictionaryVersion"="6.0", "CFBundleName"="PeachCommander", "CFBundleNameLowerCase"="peachcommander", "CFBundleNumericVersion"=402685952, "CFBundlePackageType"="APPL", "CFBundleShortVersionString"="0.9.0", "CFBun<…>
2026-09-14 12:58:17.358 Df PeachCommander[18599:ef2d] [com.apple.xpc:connection] [0x734c80f00] activating connection: mach=true listener=false peer=false name=com.apple.coreservices.appleevents
2026-09-14 12:58:17.359 I  PeachCommander[18599:ef2d] [com.apple.appleevents:main] _AEGetRegisteredMachPort() created default port (port:63491/0xf803 rcv:1 send:1 limit:5) and registered it with server
2026-09-14 12:58:17.359 Df PeachCommander[18599:ef2d] [com.apple.xpc:connection] [0x734c80280] Connection returned listener port: 0x4103
2026-09-14 12:58:17.359 I  PeachCommander[18599:ef2d] [com.apple.launchservices:cas] information in shared memory for 0x0-0xe30e3 with seed 533 was still valid, so using cached info { "ApplicationType"="Foreground", "BuildMachineOSBuild"="25E246", "BundleIdentifierLowerCase"="com.peachcommander.app", "CFBundleDevelopmentRegion"="en", "CFBundleDocumentTypes"=( { "CFBundleTypeName"="Peach Commander Plugin Package", "CFBundleTypeRole"="Viewer", "LSHandlerRank"="Owner", "LSItemContentTypes"=( "com.peachcommander.plugin-package") }), "CFBundleExecutable"="PeachCommander", "CFBundleExecutablePath"="/Users/admin/pc-test/PeachCommander.app/Contents/MacOS/PeachCommander", "CFBundleExecutablePathDeviceID"=16777229, "CFBundleExecutablePathINode"=487975, "CFBundleHelpBookFolder"="PeachCommander.help", "CFBundleHelpBookName"="Peach Commander Help", "CFBundleIconFile"="AppIcon", "CFBundleIconName"="AppIcon", "CFBundleIdentifier"="com.peachcommander.app", "CFBundleInfoDictionaryVersion"="6.0", "CFBundleName"="PeachCommander", "CFBundleNameLowerCase"="peachcommander", "CFBundleNumericVersion"=402685952, "CFBundlePackageType"="APPL", "CFBundleShortVersionString"="0.9.0", "CFBun<…>
2026-09-14 12:58:17.359 Df PeachCommander[18599:ef2d] [com.apple.processmanager:front-35286506] SignalReady: pid=18599 asn=0x0-0xe30e3
2026-09-14 12:58:17.359 Df PeachCommander[18599:ef2d] [com.apple.processmanager:front-35286506] SIGNAL: pid=18599 asn=0x0x-0xe30e3
2026-09-14 12:58:17.359 I  PeachCommander[18599:ef2d] [com.apple.appleevents:main] aeGenerateFakeFirstOAPPEventIfNecessary()
2026-09-14 12:58:17.359 I  PeachCommander[18599:ef2d] [com.apple.appleevents:main] aeGenerateFakeFirstOAPPEventIfNecessary(), needToCreateFakeOAPPEventIfFirstEvent == true
2026-09-14 12:58:17.359 I  PeachCommander[18599:ef2d] [com.apple.launchservices:cas] Removing cached information for app [ 0x0-0xe30e3]  "PeachCommander", as its seed is different from that in shared memory ( 533 vs 535)
2026-09-14 12:58:17.360 I  PeachCommander[18599:ef2d] [com.apple.CFPasteboard:entry] CopyData('DefaultAsciiKeyboardLayoutPasteboard' (<CFUUID 0x734ee6160> 6148F0ED-73B7-4092-B4D4-1D7C17B31D52) gen: -1 item: 1264739405 flavor: 'DefaultAsciiKeyboardLayoutFlavor')
2026-09-14 12:58:17.360 I  PeachCommander[18599:ef2d] [com.apple.CFPasteboard:cache] Rebuilding cache for 'DefaultAsciiKeyboardLayoutPasteboard' (<CFUUID 0x734ee6160> 6148F0ED-73B7-4092-B4D4-1D7C17B31D52)
2026-09-14 12:58:17.360 I  PeachCommander[18599:ef2d] [com.apple.CFPasteboard:exit] (not-in-cache) - result: -8 generation: 0 null data flags: 0
2026-09-14 12:58:17.360 A  PeachCommander[18599:ef2d] (CoreFoundation) Loading Preferences From User CFPrefsD
2026-09-14 12:58:17.360 A  PeachCommander[18599:ef2d] (CoreFoundation) Loading Preferences From System CFPrefsD
2026-09-14 12:58:17.360 I  PeachCommander[18599:ef2d] [com.apple.CFPasteboard:entry] CopyData('AppleIntlFileCacheModificationDatePasteboard' (<CFUUID 0x734ee61e0> A648D1B3-B0E9-4894-91E3-FA036F24DB3D) gen: -1 item: 1 flavor: '-32766 1768845414')
2026-09-14 12:58:17.360 I  PeachCommander[18599:ef2d] [com.apple.CFPasteboard:cache] Rebuilding cache for 'AppleIntlFileCacheModificationDatePasteboard' (<CFUUID 0x734ee61e0> A648D1B3-B0E9-4894-91E3-FA036F24DB3D)
2026-09-14 12:58:17.361 I  PeachCommander[18599:ef2d] [com.apple.CFPasteboard:general] Will request data from daemon
2026-09-14 12:58:17.361 I  PeachCommander[18599:ef2d] [com.apple.CFPasteboard:exit] (not-in-cache) - result: 0 generation: 1 data (310 bytes) flags: 0
2026-09-14 12:58:17.361 I  PeachCommander[18599:ef2d] [com.apple.CFPasteboard:entry] CopyData('AppleIntlFileCacheModificationDatePasteboard' (<CFUUID 0x734ee61e0> A648D1B3-B0E9-4894-91E3-FA036F24DB3D) gen: -1 item: 1 flavor: '-32765 1802264953')
2026-09-14 12:58:17.361 I  PeachCommander[18599:ef2d] [com.apple.CFPasteboard:general] Will request data from daemon
2026-09-14 12:58:17.361 I  PeachCommander[18599:ef2d] [com.apple.CFPasteboard:exit] (not-in-cache) - result: 0 generation: 1 data (306 bytes) flags: 0
2026-09-14 12:58:17.361 I  PeachCommander[18599:ef2d] [com.apple.CFPasteboard:entry] CopyData('AppleIntlFileCacheModificationDatePasteboard' (<CFUUID 0x734ee61e0> A648D1B3-B0E9-4894-91E3-FA036F24DB3D) gen: -1 item: 1 flavor: '-32764 1802264953')
2026-09-14 12:58:17.361 I  PeachCommander[18599:ef2d] [com.apple.CFPasteboard:general] Will request data from daemon
2026-09-14 12:58:17.361 I  PeachCommander[18599:ef2d] [com.apple.CFPasteboard:exit] (not-in-cache) - result: 0 generation: 1 data (281 bytes) flags: 0
2026-09-14 12:58:17.361 I  PeachCommander[18599:ef2d] [com.apple.CFPasteboard:entry] CopyData('AppleIntlFileCacheModificationDatePasteboard' (<CFUUID 0x734ee61e0> A648D1B3-B0E9-4894-91E3-FA036F24DB3D) gen: -1 item: 1 flavor: '-32763 1802264953')
2026-09-14 12:58:17.361 I  PeachCommander[18599:ef2d] [com.apple.CFPasteboard:general] Will request data from daemon
2026-09-14 12:58:17.361 I  PeachCommander[18599:ef2d] [com.apple.CFPasteboard:exit] (not-in-cache) - result: 0 generation: 1 data (318 bytes) flags: 0
2026-09-14 12:58:17.361 I  PeachCommander[18599:ef2d] [com.apple.CFPasteboard:entry] CopyData('AppleIntlFileCacheModificationDatePasteboard' (<CFUUID 0x734ee61e0> A648D1B3-B0E9-4894-91E3-FA036F24DB3D) gen: -1 item: 1 flavor: '-32765 1768845414')
2026-09-14 12:58:17.361 I  PeachCommander[18599:ef2d] [com.apple.CFPasteboard:general] Will request data from daemon
2026-09-14 12:58:17.361 I  PeachCommander[18599:ef2d] [com.apple.CFPasteboard:exit] (not-in-cache) - result: 0 generation: 1 data (303 bytes) flags: 0
2026-09-14 12:58:17.361 I  PeachCommander[18599:ef2d] [com.apple.CFPasteboard:entry] CopyData('AppleIntlFileCacheModificationDatePasteboard' (<CFUUID 0x734ee61e0> A648D1B3-B0E9-4894-91E3-FA036F24DB3D) gen: -1 item: 1 flavor: '-32763 1768845414')
2026-09-14 12:58:17.361 I  PeachCommander[18599:ef2d] [com.apple.CFPasteboard:general] Will request data from daemon
2026-09-14 12:58:17.361 I  PeachCommander[18599:ef2d] [com.apple.CFPasteboard:exit] (not-in-cache) - result: 0 generation: 1 data (315 bytes) flags: 0
2026-09-14 12:58:17.362 I  PeachCommander[18599:ef2d] [com.apple.launchservices:cas] information in shared memory for 0x0-0xe30e3 with seed 535 was still valid, so using cached info { "ApplicationType"="Foreground", "BuildMachineOSBuild"="25E246", "BundleIdentifierLowerCase"="com.peachcommander.app", "CFBundleDevelopmentRegion"="en", "CFBundleDocumentTypes"=( { "CFBundleTypeName"="Peach Commander Plugin Package", "CFBundleTypeRole"="Viewer", "LSHandlerRank"="Owner", "LSItemContentTypes"=( "com.peachcommander.plugin-package") }), "CFBundleExecutable"="PeachCommander", "CFBundleExecutablePath"="/Users/admin/pc-test/PeachCommander.app/Contents/MacOS/PeachCommander", "CFBundleExecutablePathDeviceID"=16777229, "CFBundleExecutablePathINode"=487975, "CFBundleHelpBookFolder"="PeachCommander.help", "CFBundleHelpBookName"="Peach Commander Help", "CFBundleIconFile"="AppIcon", "CFBundleIconName"="AppIcon", "CFBundleIdentifier"="com.peachcommander.app", "CFBundleInfoDictionaryVersion"="6.0", "CFBundleName"="PeachCommander", "CFBundleNameLowerCase"="peachcommander", "CFBundleNumericVersion"=402685952, "CFBundlePackageType"="APPL", "CFBundleShortVersionString"="0.9.0", "CFBun<…>
2026-09-14 12:58:17.362 Df PeachCommander[18599:ef2d] [com.apple.xpc:connection] [0x734c81e00] activating connection: mach=false listener=false peer=false name=com.apple.ViewBridgeAuxiliary
2026-09-14 12:58:17.367 Df PeachCommander[18599:ef2d] [com.apple.xpc:connection] [0x734c81cc0] activating connection: mach=false listener=false peer=false name=(anonymous)
2026-09-14 12:58:17.367 Df PeachCommander[18599:ef2d] [com.apple.xpc:connection] [0x734c81f40] activating connection: mach=false listener=true peer=false name=(anonymous)
2026-09-14 12:58:17.367 Df PeachCommander[18599:ef2d] [com.apple.xpc:connection] [0x734c81f40] Connection returned listener port: 0xef03
2026-09-14 12:58:17.367 Df PeachCommander[18599:ef2d] [com.apple.xpc:connection] [0x734c81e00] invalidated after the last release of the connection object
2026-09-14 12:58:17.368 I  PeachCommander[18599:ef2d] [com.apple.showhide:pr-59900543] SHOWHIDE: SHOW id=392 0x0-0xE30E3, err=0 eventTime=1246851481250 windowID=0
2026-09-14 12:58:17.368 I  PeachCommander[18599:ef2d] [com.apple.CarbonCore:coreservicesdaemon] findOrCreateCacheable():findOrCreateCacheable(), factoryName=3 cacheableName=<private> fCacheables.size()=0
2026-09-14 12:58:17.368 I  PeachCommander[18599:ef2d] [com.apple.CarbonCore:coreservicesdaemon] findOrCreateCacheable():findOrCreateCacheable(), result = 0x735325100 (should be non-NULL)
2026-09-14 12:58:17.368 Df PeachCommander[18599:ef2d] [com.apple.AppKit:AutomaticTermination] void _NSDisableAutomaticTerminationAndLog(NSString *) Restoring windows
2026-09-14 12:58:17.368 Df PeachCommander[18599:ef2d] [com.apple.AppKit:StateRestoration] -[NSApplication _reopenWindowsAsNecessaryIncludingRestorableState:withFullFidelity:completionHandler:] shouldRestoreState=1 hasPersistentStateToRestore=0 shouldStillRestoreStateAfterPrompting=0
2026-09-14 12:58:17.368 Df PeachCommander[18599:ef2d] [com.apple.xpc:connection] [0x734c81e00] activating connection: mach=true listener=false peer=false name=com.apple.window_proxies
2026-09-14 12:58:17.368 Df PeachCommander[18599:ef2d] [com.apple.xpc:connection] [0x734c81e00] invalidated because the current process cancelled the connection by calling xpc_connection_cancel()
2026-09-14 12:58:17.368 I  PeachCommander[18599:ef2d] [com.apple.SkyLight:processes] 0[outside of RPC]: SLSSetFrontProcessWithInfo(0x0-0x2 window=0 options=0x1
2026-09-14 12:58:17.369 I  PeachCommander[18599:ef2d] [com.apple.CoreAnalytics:client] Dropping "com.apple.appkit.app_config" as it isn't used in any transform (not in the config or budgeted?)
2026-09-14 12:58:17.369 Df PeachCommander[18599:ef2d] [com.apple.AppKit:AutomaticTermination] void _NSEnableAutomaticTerminationAndLog(NSString *) Restoring windows
2026-09-14 12:58:17.371 I  PeachCommander[18599:ef2d] [com.apple.CoreAnalytics:client] Dropping "com.apple.appkit.app_config" as it isn't used in any transform (not in the config or budgeted?)
2026-09-14 12:58:17.372 I  PeachCommander[18599:ef2d] [com.apple.CoreAnalytics:client] Dropping "com.apple.appkit.app_config" as it isn't used in any transform (not in the config or budgeted?)
2026-09-14 12:58:17.380 A  PeachCommander[18599:ef2d] (CoreFoundation) Loading Preferences From User CFPrefsD
2026-09-14 12:58:17.386 I  PeachCommander[18599:ef2d] [com.peachcommander:PCFoundation] VolumeManager initialized
2026-09-14 12:58:17.403 Df PeachCommander[18599:ef2d] [com.apple.BoardServices:XPCErrors] [C:1] Alloc <private>
2026-09-14 12:58:17.403 Df PeachCommander[18599:ef2d] [com.apple.xpc:connection] [0x734fbd180] activating connection: mach=false listener=false peer=false name=(anonymous)
2026-09-14 12:58:17.404 I  PeachCommander[18599:ef2d] [com.apple.AppKit:Window] context (0 -> 8c3fe853) for window 3ad
2026-09-14 12:58:17.405 Df PeachCommander[18599:ef33] [com.apple.corespotlight:index] (<private>) deleteSearchableItemsWithDomainIdentifiers, protectionClass:(null), domainIdentifiers number:1
2026-09-14 12:58:17.405 A  PeachCommander[18599:ef33] (CoreSpotlight) delete-domains
2026-09-14 12:58:17.405 Df PeachCommander[18599:ef33] [com.apple.corespotlight:index] CSInlineDonation:<private>: Skipping donation (feature flag disabled)
2026-09-14 12:58:17.405 Df PeachCommander[18599:ef33] (CoreSpotlight) sConnectionName: com.apple.spotlight.IndexAgent
2026-09-14 12:58:17.405 Df PeachCommander[18599:ef33] (CoreSpotlight) Start service name com.apple.spotlight.IndexAgent
2026-09-14 12:58:17.405 Df PeachCommander[18599:ef33] [com.apple.xpc:connection] [0x734fbd400] activating connection: mach=true listener=false peer=false name=com.apple.spotlight.IndexAgent
2026-09-14 12:58:17.405 I  PeachCommander[18599:ef2d] [com.peachcommander:PCFoundation] MainWindowController initialized (config: <private>)
2026-09-14 12:58:17.405 I  PeachCommander[18599:ef2d] [com.peachcommander:PCFoundation] SelectionState initialized
2026-09-14 12:58:17.405 I  PeachCommander[18599:ef2d] [com.peachcommander:PCFoundation] DirectoryModel initialized
2026-09-14 12:58:17.405 I  PeachCommander[18599:ef2d] [com.peachcommander:PCFoundation] VolumeManager initialized
2026-09-14 12:58:17.405 I  PeachCommander[18599:ef2d] [com.peachcommander:PCFoundation] PanelController initialized for <private> panel
2026-09-14 12:58:17.406 I  PeachCommander[18599:ef2d] [com.peachcommander:PCFoundation] SelectionState initialized
2026-09-14 12:58:17.406 I  PeachCommander[18599:ef2d] [com.peachcommander:PCFoundation] DirectoryModel initialized
2026-09-14 12:58:17.406 I  PeachCommander[18599:ef2d] [com.peachcommander:PCFoundation] VolumeManager initialized
2026-09-14 12:58:17.406 I  PeachCommander[18599:ef2d] [com.peachcommander:PCFoundation] PanelController initialized for <private> panel
2026-09-14 12:58:17.407 A  PeachCommander[18599:ef37] (RunningBoardServices) didChangeInheritances
2026-09-14 12:58:17.410 I  PeachCommander[18599:ef2d] [com.apple.AppKit:Animation] Running new animation: <private>
2026-09-14 12:58:17.410 I  PeachCommander[18599:ef2d] [com.apple.AppKit:Animation] Running new animation: <private>
2026-09-14 12:58:17.410 I  PeachCommander[18599:ef2d] [com.apple.AppKit:Animation] Running new animation: <private>
2026-09-14 12:58:17.410 I  PeachCommander[18599:ef2d] [com.apple.AppKit:Animation] Running new animation: <private>
2026-09-14 12:58:17.410 I  PeachCommander[18599:ef2d] [com.apple.AppKit:Animation] Running new animation: <private>
2026-09-14 12:58:17.412 I  PeachCommander[18599:ef2d] [com.apple.AppKit:Animation] Running new animation: <private>
2026-09-14 12:58:17.412 I  PeachCommander[18599:ef2d] [com.apple.AppKit:Animation] Running new animation: <private>
2026-09-14 12:58:17.412 I  PeachCommander[18599:ef2d] [com.apple.AppKit:Animation] Running new animation: <private>
2026-09-14 12:58:17.412 I  PeachCommander[18599:ef2d] [com.apple.AppKit:Animation] Running new animation: <private>
2026-09-14 12:58:17.412 I  PeachCommander[18599:ef2d] [com.apple.AppKit:Animation] Running new animation: <private>
2026-09-14 12:58:17.418 I  PeachCommander[18599:ef2d] [com.apple.CoreAnalytics:client] Dropping "com.apple.appkit.app_config" as it isn't used in any transform (not in the config or budgeted?)
2026-09-14 12:58:17.419 I  PeachCommander[18599:ef2d] [com.apple.CoreAnalytics:client] Dropping "com.apple.appkit.app_config" as it isn't used in any transform (not in the config or budgeted?)
2026-09-14 12:58:17.422 I  PeachCommander[18599:ef2d] [com.apple.launchservices:datasep] application record search init. Node: <FSNode 0x735a4ebc0> { isDir = ?, path = <private> } bundleID: (null) itemID: 0
2026-09-14 12:58:17.423 I  PeachCommander[18599:ef2d] [com.apple.GenerativeModels:availability] Current availability state: unavailable, use cases: com.apple.Settings.AppleIntelligence,com.apple.Siri.NLRouter, language: en, api: <private>
2026-09-14 12:58:17.423 Df PeachCommander[18599:ef2d] [com.apple.GenerativeModels:availability] isOkayToHaveAsset: False
2026-09-14 12:58:17.423 E  PeachCommander[18599:ef2d] [com.apple.siri:Utility] AFIsDeviceGreymatterEligible Missing entitlements for os_eligibility lookup
2026-09-14 12:58:17.424 I  PeachCommander[18599:ef2d] [com.apple.GenerativeModels:availability] Current availability state: unavailable, use cases: com.apple.Settings.AppleIntelligence, language: en, api: <private>
2026-09-14 12:58:17.424 Df PeachCommander[18599:ef2d] [com.apple.GenerativeModels:availability] isOkayToHaveAsset: False
2026-09-14 12:58:17.424 Df PeachCommander[18599:ef2d] [com.apple.siri:Utility] -[AFSystemAssistantExperienceStatusManager fetchGenerativeModelsAvailability] #SAEStatus #cacheUpdate Updating cache:
deviceSupportsSAE: 0 (0)
       saeEnabled: 0 (0)
     saeAvailable: 0 (0)
      swaiEnabled: 0 (0)
        viEnabled: 0 (0)
        siriAvailability:
        <private>
        ((null))
2026-09-14 12:58:17.424 Df PeachCommander[18599:ef2d] [com.apple.xpc:connection] [0x7349b8140] activating connection: mach=true listener=false peer=false name=com.apple.iconservices
2026-09-14 12:58:17.424 Df PeachCommander[18599:ef2d] [com.apple.xpc:connection] [0x7349b8280] activating connection: mach=true listener=false peer=false name=com.apple.iconservices.store
2026-09-14 12:58:17.430 I  PeachCommander[18599:ef2d] [com.peachcommander:Theme] no user themes in /Users/admin/pc-cfg/themes
2026-09-14 12:58:17.430 Df PeachCommander[18599:ef2d] [com.apple.AppKit:Appearance] Invalidate NSApp effectiveAppearance
2026-09-14 12:58:17.430 Df PeachCommander[18599:ef2d] [com.apple.AppKit:Appearance] NSApp cache appearance:
-NSRequiresAquaSystemAppearance: 0
-appearance: <NSCompositeAppearance: 0x734c6d9a0
 (
    "<NSDarkAquaAppearance: 0x734c6da40>",
    "<NSSystemAppearance: 0x734c6c6e0>"
)>
-effectiveAppearance: <NSCompositeAppearance: 0x734c6d9a0
 (
    "<NSDarkAquaAppearance: 0x734c6da40>",
    "<NSSystemAppearance: 0x734c6c6e0>"
)>
2026-09-14 12:58:17.432 I  PeachCommander[18599:ef2d] [com.peachcommander:PCFoundation] Theme applied: id=norton, appearance=dark, dark=true, background=#0000AA
2026-09-14 12:58:17.460 I  PeachCommander[18599:ef2d] [com.apple.iconservices:foundation] layer data size zero
2026-09-14 12:58:17.460 I  PeachCommander[18599:ef2d] [com.apple.CoreAnalytics:client] Dropping "com.apple.appkit.app_config" as it isn't used in any transform (not in the config or budgeted?)
2026-09-14 12:58:17.465 I  PeachCommander[18599:ef2d] [com.peachcommander:PCFoundation] Keymap loaded: scheme=<private>, 82 effective bindings
2026-09-14 12:58:17.466 I  PeachCommander[18599:ef2d] [com.apple.AppKit:Animation] Running new animation: <private>
2026-09-14 12:58:17.466 I  PeachCommander[18599:ef2d] [com.apple.AppKit:Animation] Running new animation: <private>
2026-09-14 12:58:17.466 I  PeachCommander[18599:ef2d] [com.apple.AppKit:Animation] Running new animation: <private>
2026-09-14 12:58:17.466 I  PeachCommander[18599:ef2d] [com.apple.AppKit:Animation] Running new animation: <private>
2026-09-14 12:58:17.466 I  PeachCommander[18599:ef2d] [com.apple.AppKit:Animation] Running new animation: <private>
2026-09-14 12:58:17.466 I  PeachCommander[18599:ef2d] [com.apple.AppKit:Animation] Running new animation: <private>
2026-09-14 12:58:17.466 I  PeachCommander[18599:ef2d] [com.apple.AppKit:Animation] Running new animation: <private>
2026-09-14 12:58:17.466 I  PeachCommander[18599:ef2d] [com.apple.AppKit:Animation] Running new animation: <private>
2026-09-14 12:58:17.466 I  PeachCommander[18599:ef2d] [com.apple.AppKit:Animation] Running new animation: <private>
2026-09-14 12:58:17.466 I  PeachCommander[18599:ef2d] [com.apple.AppKit:Animation] Running new animation: <private>
2026-09-14 12:58:17.469 I  PeachCommander[18599:ef2d] [com.apple.CoreAnalytics:client] Dropping "<private>" as it isn't used in any transform (not in the config or budgeted?)
2026-09-14 12:58:17.469 I  PeachCommander[18599:ef2d] [com.apple.CoreAnalytics:client] Dropping "<private>" as it isn't used in any transform (not in the config or budgeted?)
2026-09-14 12:58:17.469 I  PeachCommander[18599:ef2d] [com.apple.CoreAnalytics:client] Dropping "<private>" as it isn't used in any transform (not in the config or budgeted?)
2026-09-14 12:58:17.470 I  PeachCommander[18599:ef2d] [com.peachcommander:PCFoundation] MainWindowController window loaded
2026-09-14 12:58:17.470 I  PeachCommander[18599:ef2d] [com.apple.launchservices:cas] information in shared memory for 0x0-0xe30e3 with seed 535 was still valid, so using cached info { "ApplicationType"="Foreground", "BuildMachineOSBuild"="25E246", "BundleIdentifierLowerCase"="com.peachcommander.app", "CFBundleDevelopmentRegion"="en", "CFBundleDocumentTypes"=( { "CFBundleTypeName"="Peach Commander Plugin Package", "CFBundleTypeRole"="Viewer", "LSHandlerRank"="Owner", "LSItemContentTypes"=( "com.peachcommander.plugin-package") }), "CFBundleExecutable"="PeachCommander", "CFBundleExecutablePath"="/Users/admin/pc-test/PeachCommander.app/Contents/MacOS/PeachCommander", "CFBundleExecutablePathDeviceID"=16777229, "CFBundleExecutablePathINode"=487975, "CFBundleHelpBookFolder"="PeachCommander.help", "CFBundleHelpBookName"="Peach Commander Help", "CFBundleIconFile"="AppIcon", "CFBundleIconName"="AppIcon", "CFBundleIdentifier"="com.peachcommander.app", "CFBundleInfoDictionaryVersion"="6.0", "CFBundleName"="PeachCommander", "CFBundleNameLowerCase"="peachcommander", "CFBundleNumericVersion"=402685952, "CFBundlePackageType"="APPL", "CFBundleShortVersionString"="0.9.0", "CFBun<…>
2026-09-14 12:58:17.470 I  PeachCommander[18599:ef2d] [com.apple.launchservices:cas] information in shared memory for 0x0-0xe30e3 with seed 535 was still valid, so using cached info { "ApplicationType"="Foreground", "BuildMachineOSBuild"="25E246", "BundleIdentifierLowerCase"="com.peachcommander.app", "CFBundleDevelopmentRegion"="en", "CFBundleDocumentTypes"=( { "CFBundleTypeName"="Peach Commander Plugin Package", "CFBundleTypeRole"="Viewer", "LSHandlerRank"="Owner", "LSItemContentTypes"=( "com.peachcommander.plugin-package") }), "CFBundleExecutable"="PeachCommander", "CFBundleExecutablePath"="/Users/admin/pc-test/PeachCommander.app/Contents/MacOS/PeachCommander", "CFBundleExecutablePathDeviceID"=16777229, "CFBundleExecutablePathINode"=487975, "CFBundleHelpBookFolder"="PeachCommander.help", "CFBundleHelpBookName"="Peach Commander Help", "CFBundleIconFile"="AppIcon", "CFBundleIconName"="AppIcon", "CFBundleIdentifier"="com.peachcommander.app", "CFBundleInfoDictionaryVersion"="6.0", "CFBundleName"="PeachCommander", "CFBundleNameLowerCase"="peachcommander", "CFBundleNumericVersion"=402685952, "CFBundlePackageType"="APPL", "CFBundleShortVersionString"="0.9.0", "CFBun<…>
2026-09-14 12:58:17.480 I  PeachCommander[18599:ef2d] [com.apple.AppKit:Window] order window front conditionally: 3ad related: 0
2026-09-14 12:58:17.480 Df PeachCommander[18599:ef2d] [com.apple.AppKit:AutomaticTermination] void _NSEnableAutomaticTerminationAndLog(NSString *) No windows open yet
2026-09-14 12:58:17.481 I  PeachCommander[18599:ef2d] [com.apple.AppKit:Intelligence] starting collection observation
2026-09-14 12:58:17.481 Df PeachCommander[18599:ef37] [com.apple.UIIntelligenceSupport:xpc] establishing connection to agent
2026-09-14 12:58:17.481 Df PeachCommander[18599:ef37] [com.apple.xpc:session] [0x735dc1590] Session created.
2026-09-14 12:58:17.481 Df PeachCommander[18599:ef37] [com.apple.xpc:session] [0x735dc1590] Session created from connection [0x7349ba440]
2026-09-14 12:58:17.481 Df PeachCommander[18599:ef37] [com.apple.xpc:connection] [0x7349ba440] activating connection: mach=true listener=false peer=false name=com.apple.uiintelligencesupport.agent
2026-09-14 12:58:17.481 Df PeachCommander[18599:ef37] [com.apple.xpc:session] [0x735dc1590] Session activated
2026-09-14 12:58:17.481 I  PeachCommander[18599:ef2d] [com.apple.SkyLight:processes] 0[outside of RPC]: SLSSetFrontProcessWithInfo(0x0-0x2 window=0 options=0x1
2026-09-14 12:58:17.481 Df PeachCommander[18599:ef33] [com.apple.UIIntelligenceSupport:xpc] Connection established with agent PID: 1211
2026-09-14 12:58:17.481 I  PeachCommander[18599:ef2d] [com.apple.launchservices:cas] information in shared memory for 0x0-0xe30e3 with seed 535 was still valid, so using cached info { "ApplicationType"="Foreground", "BuildMachineOSBuild"="25E246", "BundleIdentifierLowerCase"="com.peachcommander.app", "CFBundleDevelopmentRegion"="en", "CFBundleDocumentTypes"=( { "CFBundleTypeName"="Peach Commander Plugin Package", "CFBundleTypeRole"="Viewer", "LSHandlerRank"="Owner", "LSItemContentTypes"=( "com.peachcommander.plugin-package") }), "CFBundleExecutable"="PeachCommander", "CFBundleExecutablePath"="/Users/admin/pc-test/PeachCommander.app/Contents/MacOS/PeachCommander", "CFBundleExecutablePathDeviceID"=16777229, "CFBundleExecutablePathINode"=487975, "CFBundleHelpBookFolder"="PeachCommander.help", "CFBundleHelpBookName"="Peach Commander Help", "CFBundleIconFile"="AppIcon", "CFBundleIconName"="AppIcon", "CFBundleIdentifier"="com.peachcommander.app", "CFBundleInfoDictionaryVersion"="6.0", "CFBundleName"="PeachCommander", "CFBundleNameLowerCase"="peachcommander", "CFBundleNumericVersion"=402685952, "CFBundlePackageType"="APPL", "CFBundleShortVersionString"="0.9.0", "CFBun<…>
2026-09-14 12:58:17.482 Df PeachCommander[18599:ef2d] [com.apple.xpc:connection] [0x7349ba580] activating connection: mach=true listener=false peer=false name=com.apple.FileCoordination
2026-09-14 12:58:17.482 Df PeachCommander[18599:ef33] [com.apple.foundation.filecoordination:presenter] Adding presenter 07D854E6-8FE4-455D-8BF7-178ECD94C5DB for URL: <private>
2026-09-14 12:58:17.482 I  PeachCommander[18599:ef2d] [com.apple.launchservices:cas] information in shared memory for 0x0-0xe30e3 with seed 535 was still valid, so using cached info { "ApplicationType"="Foreground", "BuildMachineOSBuild"="25E246", "BundleIdentifierLowerCase"="com.peachcommander.app", "CFBundleDevelopmentRegion"="en", "CFBundleDocumentTypes"=( { "CFBundleTypeName"="Peach Commander Plugin Package", "CFBundleTypeRole"="Viewer", "LSHandlerRank"="Owner", "LSItemContentTypes"=( "com.peachcommander.plugin-package") }), "CFBundleExecutable"="PeachCommander", "CFBundleExecutablePath"="/Users/admin/pc-test/PeachCommander.app/Contents/MacOS/PeachCommander", "CFBundleExecutablePathDeviceID"=16777229, "CFBundleExecutablePathINode"=487975, "CFBundleHelpBookFolder"="PeachCommander.help", "CFBundleHelpBookName"="Peach Commander Help", "CFBundleIconFile"="AppIcon", "CFBundleIconName"="AppIcon", "CFBundleIdentifier"="com.peachcommander.app", "CFBundleInfoDictionaryVersion"="6.0", "CFBundleName"="PeachCommander", "CFBundleNameLowerCase"="peachcommander", "CFBundleNumericVersion"=402685952, "CFBundlePackageType"="APPL", "CFBundleShortVersionString"="0.9.0", "CFBun<…>
2026-09-14 12:58:17.485 I  PeachCommander[18599:ef2d] [com.apple.AppKit:Window] order all windows front 1246851481250
2026-09-14 12:58:17.485 I  PeachCommander[18599:ef2d] [com.apple.launchservices:cas] information in shared memory for 0x0-0xe30e3 with seed 535 was still valid, so using cached info { "ApplicationType"="Foreground", "BuildMachineOSBuild"="25E246", "BundleIdentifierLowerCase"="com.peachcommander.app", "CFBundleDevelopmentRegion"="en", "CFBundleDocumentTypes"=( { "CFBundleTypeName"="Peach Commander Plugin Package", "CFBundleTypeRole"="Viewer", "LSHandlerRank"="Owner", "LSItemContentTypes"=( "com.peachcommander.plugin-package") }), "CFBundleExecutable"="PeachCommander", "CFBundleExecutablePath"="/Users/admin/pc-test/PeachCommander.app/Contents/MacOS/PeachCommander", "CFBundleExecutablePathDeviceID"=16777229, "CFBundleExecutablePathINode"=487975, "CFBundleHelpBookFolder"="PeachCommander.help", "CFBundleHelpBookName"="Peach Commander Help", "CFBundleIconFile"="AppIcon", "CFBundleIconName"="AppIcon", "CFBundleIdentifier"="com.peachcommander.app", "CFBundleInfoDictionaryVersion"="6.0", "CFBundleName"="PeachCommander", "CFBundleNameLowerCase"="peachcommander", "CFBundleNumericVersion"=402685952, "CFBundlePackageType"="APPL", "CFBundleShortVersionString"="0.9.0", "CFBun<…>
2026-09-14 12:58:17.485 I  PeachCommander[18599:ef2d] [com.apple.showhide:pr-59900543] SHOWHIDE: CONFIRM, id=392, err=0
2026-09-14 12:58:17.485 I  PeachCommander[18599:ef2d] [com.apple.AppKit:Window] context (0 -> ed91ce63) for window 3ac
2026-09-14 12:58:17.485 I  PeachCommander[18599:ef2d] [com.apple.AppKit:Window] context (0 -> 62317bf9) for window 3ab
2026-09-14 12:58:17.485 I  PeachCommander[18599:ef2d] [com.apple.AppKit:Window] context (0 -> 639d969a) for window 3aa
2026-09-14 12:58:17.485 I  PeachCommander[18599:ef2d] [com.apple.AppKit:Window] context (0 -> 8c911faa) for window 3a9
2026-09-14 12:58:17.502 I  PeachCommander[18599:ef2d] [com.apple.iconservices:foundation] layer data size zero
2026-09-14 12:58:17.510 Df PeachCommander[18599:ef2d] [com.apple.AppKit:AutomaticTermination] void _updateToReflectAutomaticTerminationState(void) Setting _kLSApplicationWouldBeTerminatedByTALKey=0
2026-09-14 12:58:17.510 I  PeachCommander[18599:ef2d] [com.apple.runningboard:assertion] Acquiring assertion: <RBSAssertionDescriptor| "AppNap adapter assertion" ID:(null) target:18599>
2026-09-14 12:58:17.544 A  PeachCommander[18599:ef32] (RunningBoardServices) didChangeInheritances
2026-09-14 12:58:17.566 Df PeachCommander[18599:ef2d] [com.apple.libsystem.libdispatch:] DEPRECATED USE in libdispatch client: dispatch source activated with no event handler set; set a breakpoint on _dispatch_bug_deprecated to debug
2026-09-14 12:58:17.657 I  PeachCommander[18599:ef2d] [com.apple.coreanimation:Utilities] IOSurface Compression Enabled: NO
2026-09-14 12:58:17.658 Df PeachCommander[18599:ef32] [com.apple.coreanimation:Metal] Precompiled pipelines disabled on unsupported hardware.
2026-09-14 12:58:17.670 I  PeachCommander[18599:ef2d] [com.apple.CarbonCore:gestalt] SetGestaltValuesBulk SetGestaltValuesBulk( count=22 tuples=0x18583e650
2026-09-14 12:58:17.670 I  PeachCommander[18599:ef2d] [com.apple.CarbonCore:gestalt] SetGestaltValue SetGestaltValue(alis 1C9) => 0
2026-09-14 12:58:17.670 I  PeachCommander[18599:ef2d] [com.apple.CarbonCore:gestalt] SetGestaltValue SetGestaltValue(os   FE) => 0
2026-09-14 12:58:17.670 I  PeachCommander[18599:ef2d] [com.apple.CarbonCore:gestalt] SetGestaltValue SetGestaltValue(addr 7) => 0
2026-09-14 12:58:17.670 I  PeachCommander[18599:ef2d] [com.apple.CarbonCore:gestalt] SetGestaltValue SetGestaltValue(fs   3D332) => 0
2026-09-14 12:58:17.670 I  PeachCommander[18599:ef2d] [com.apple.CarbonCore:gestalt] SetGestaltValue SetGestaltValue(fold 11) => 0
2026-09-14 12:58:17.670 I  PeachCommander[18599:ef2d] [com.apple.CarbonCore:gestalt] SetGestaltValue SetGestaltValue(lram 7FFFF000) => 0
2026-09-14 12:58:17.670 I  PeachCommander[18599:ef2d] [com.apple.CarbonCore:gestalt] SetGestaltValue SetGestaltValue(mmap 1) => 0
2026-09-14 12:58:17.670 I  PeachCommander[18599:ef2d] [com.apple.CarbonCore:gestalt] SetGestaltValue SetGestaltValue(cfrg 1) => 0
2026-09-14 12:58:17.670 I  PeachCommander[18599:ef2d] [com.apple.CarbonCore:gestalt] SetGestaltValue SetGestaltValue(thds 7) => 0
2026-09-14 12:58:17.670 I  PeachCommander[18599:ef2d] [com.apple.CarbonCore:gestalt] SetGestaltValue SetGestaltValue(tmgr E) => 0
2026-09-14 12:58:17.670 I  PeachCommander[18599:ef2d] [com.apple.CarbonCore:gestalt] SetGestaltValue SetGestaltValue(vers 7) => 0
2026-09-14 12:58:17.670 I  PeachCommander[18599:ef2d] [com.apple.CarbonCore:gestalt] SetGestaltValue SetGestaltValue(cbon 160) => 0
2026-09-14 12:58:17.670 I  PeachCommander[18599:ef2d] [com.apple.CarbonCore:gestalt] SetGestaltValue SetGestaltValue(cltn 1108000) => 0
2026-09-14 12:58:17.670 I  PeachCommander[18599:ef2d] [com.apple.CarbonCore:gestalt] SetGestaltValue SetGestaltValue(cpnt 8) => 0
2026-09-14 12:58:17.670 I  PeachCommander[18599:ef2d] [com.apple.CarbonCore:gestalt] SetGestaltValue SetGestaltValue(rsrc 3) => 0
2026-09-14 12:58:17.670 I  PeachCommander[18599:ef2d] [com.apple.CarbonCore:gestalt] SetGestaltValue SetGestaltValue(rmbg 11F) => 0
2026-09-14 12:58:17.670 I  PeachCommander[18599:ef2d] [com.apple.CarbonCore:gestalt] SetGestaltValue SetGestaltValue(vm   11) => 0
2026-09-14 12:58:17.670 I  PeachCommander[18599:ef2d] [com.apple.CarbonCore:gestalt] SetGestaltValue SetGestaltValue(srad 4170706C) => 0
2026-09-14 12:58:17.670 I  PeachCommander[18599:ef2d] [com.apple.CarbonCore:gestalt] SetGestaltValue SetGestaltValue(sysa 14) => 0
2026-09-14 12:58:17.670 I  PeachCommander[18599:ef2d] [com.apple.CarbonCore:gestalt] SetGestaltValue SetGestaltValue(copl 9) => 0
2026-09-14 12:58:17.670 I  PeachCommander[18599:ef2d] [com.apple.CarbonCore:gestalt] SetGestaltValue SetGestaltValue(xlat 0) => 0
2026-09-14 12:58:17.670 I  PeachCommander[18599:ef2d] [com.apple.CarbonCore:gestalt] SetGestaltValue SetGestaltValue(stdf 0) => 0
2026-09-14 12:58:17.670 I  PeachCommander[18599:ef2d] [com.apple.CarbonCore:gestalt] _NewGestalt _NewGestalt(ram  0x1857b7644) => 0
2026-09-14 12:58:17.670 I  PeachCommander[18599:ef2d] [com.apple.CarbonCore:gestalt] _NewGestalt _NewGestalt(ramm 0x1857b7644) => 0
2026-09-14 12:58:17.670 I  PeachCommander[18599:ef2d] [com.apple.CarbonCore:gestalt] _NewGestalt _NewGestalt(cput 0x1857b7734) => 0
2026-09-14 12:58:17.670 I  PeachCommander[18599:ef2d] [com.apple.CarbonCore:gestalt] _NewGestalt _NewGestalt(cpuf 0x1857b7764) => 0
2026-09-14 12:58:17.670 I  PeachCommander[18599:ef2d] [com.apple.CarbonCore:gestalt] _NewGestalt _NewGestalt(bclk 0x1857b7794) => 0
2026-09-14 12:58:17.670 I  PeachCommander[18599:ef2d] [com.apple.CarbonCore:gestalt] _NewGestalt _NewGestalt(bclm 0x1857b7794) => 0
2026-09-14 12:58:17.670 I  PeachCommander[18599:ef2d] [com.apple.CarbonCore:gestalt] _NewGestalt _NewGestalt(pclk 0x1857b7834) => 0
2026-09-14 12:58:17.670 I  PeachCommander[18599:ef2d] [com.apple.CarbonCore:gestalt] _NewGestalt _NewGestalt(mclk 0x1857b7834) => 0
2026-09-14 12:58:17.670 I  PeachCommander[18599:ef2d] [com.apple.CarbonCore:gestalt] _NewGestalt _NewGestalt(a/ux 0x1857b794c) => 0
2026-09-14 12:58:17.670 I  PeachCommander[18599:ef2d] [com.apple.CarbonCore:gestalt] _NewGestalt _NewGestalt(pgsz 0x1857b7954) => 0
2026-09-14 12:58:17.670 I  PeachCommander[18599:ef2d] [com.apple.CarbonCore:gestalt] _NewGestalt _NewGestalt(csiz 0x1857b7994) => 0
2026-09-14 12:58:17.670 I  PeachCommander[18599:ef2d] [com.apple.CarbonCore:gestalt] _NewGestalt _NewGestalt(sysv 0x185762dfc) => 0
2026-09-14 12:58:17.670 I  PeachCommander[18599:ef2d] [com.apple.CarbonCore:gestalt] _NewGestalt _NewGestalt(sys1 0x185762dfc) => 0
2026-09-14 12:58:17.670 I  PeachCommander[18599:ef2d] [com.apple.CarbonCore:gestalt] _NewGestalt _NewGestalt(sys2 0x185762dfc) => 0
2026-09-14 12:58:17.670 I  PeachCommander[18599:ef2d] [com.apple.CarbonCore:gestalt] _NewGestalt _NewGestalt(sys3 0x185762dfc) => 0
2026-09-14 12:58:17.670 I  PeachCommander[18599:ef2d] [com.apple.CarbonCore:gestalt] _NewGestalt _NewGestalt(cdfl 0x1857b79d4) => 0
2026-09-14 12:58:17.670 I  PeachCommander[18599:ef2d] [com.apple.CarbonCore:gestalt] _NewGestalt _NewGestalt(cdrm 0x1857b7c30) => 0
2026-09-14 12:58:17.670 I  PeachCommander[18599:ef2d] [com.apple.CarbonCore:gestalt] _NewGestalt _NewGestalt(cpus 0x1857b7c78) => 0
2026-09-14 12:58:17.670 I  PeachCommander[18599:ef2d] [com.apple.CarbonCore:gestalt] SetGestaltValue SetGestaltValue(swex 1) => 0
2026-09-14 12:58:17.670 Df PeachCommander[18599:ef2d] [com.apple.xpc:connection] [0x7349bb980] activating connection: mach=false listener=false peer=false name=com.apple.hiservices-xpcservice
2026-09-14 12:58:17.671 I  PeachCommander[18599:ef2d] [com.apple.CFPasteboard:entry] CopyData('ApplePerContextInputPasteboard' (<CFUUID 0x734f67fa0> 3A555527-FF65-4311-9501-1544282976D8) gen: -1 item: 1264739405 flavor: 'ApplePerContextInputFlavor')
2026-09-14 12:58:17.671 I  PeachCommander[18599:ef2d] [com.apple.CFPasteboard:cache] Rebuilding cache for 'ApplePerContextInputPasteboard' (<CFUUID 0x734f67fa0> 3A555527-FF65-4311-9501-1544282976D8)
2026-09-14 12:58:17.671 I  PeachCommander[18599:ef2d] [com.apple.CFPasteboard:general] Will request data from daemon
2026-09-14 12:58:17.671 I  PeachCommander[18599:ef2d] [com.apple.CFPasteboard:exit] (not-in-cache) - result: 0 generation: 1 data (182 bytes) flags: 0
2026-09-14 12:58:17.671 I  PeachCommander[18599:ef2d] [com.apple.CFPasteboard:entry] CopyData('DefaultAsciiKeyboardLayoutPasteboard' (<CFUUID 0x734ee6160> 6148F0ED-73B7-4092-B4D4-1D7C17B31D52) gen: -1 item: 1264739405 flavor: 'DefaultAsciiKeyboardLayoutFlavor')
2026-09-14 12:58:17.671 I  PeachCommander[18599:ef2d] [com.apple.CFPasteboard:exit] (not-in-cache) - result: -8 generation: 0 null data flags: 0
2026-09-14 12:58:17.673 I  PeachCommander[18599:ef2d] [com.apple.AppKit:Window] context (0 -> 187fcc6c) for window 3ae
2026-09-14 12:58:17.673 Df PeachCommander[18599:ef2d] [com.apple.inputmethodkitClient:Client] +[IMKClient subclass]: chose IMKClient_Modern
2026-09-14 12:58:17.674 Df PeachCommander[18599:ef2d] [com.apple.BoardServices:XPCErrors] [C:2] Alloc com.apple.backboard.hid-services.xpc
2026-09-14 12:58:17.674 Df PeachCommander[18599:ef2d] [com.apple.xpc:connection] [0x7349bbac0] activating connection: mach=false listener=false peer=false name=(anonymous)
2026-09-14 12:58:17.674 E  PeachCommander[18599:ef37] [com.apple.BaseBoard:Common] Unable to obtain a task name port right for pid 163: (os/kern) failure (0x5)
2026-09-14 12:58:17.674 Df PeachCommander[18599:ef37] [com.apple.xpc:connection] [0x7349ba940] activating connection: mach=false listener=false peer=false name=com.apple.TextInputUI.xpc.CursorUIViewService
2026-09-14 12:58:17.674 Df PeachCommander[18599:ef32] [com.apple.xpc:connection] [0x7349ba940] invalidated after the last release of the connection object
2026-09-14 12:58:17.675 I  PeachCommander[18599:ef2d] [com.apple.CFPasteboard:entry] CopyData('DefaultAsciiKeyboardLayoutPasteboard' (<CFUUID 0x734ee6160> 6148F0ED-73B7-4092-B4D4-1D7C17B31D52) gen: -1 item: 1264739405 flavor: 'DefaultAsciiKeyboardLayoutFlavor')
2026-09-14 12:58:17.675 I  PeachCommander[18599:ef2d] [com.apple.CFPasteboard:exit] (not-in-cache) - result: -8 generation: 0 null data flags: 0
2026-09-14 12:58:17.675 Df PeachCommander[18599:ef2d] [com.apple.xpc:connection] [0x7349ba6c0] activating connection: mach=false listener=false peer=false name=(anonymous)
2026-09-14 12:58:17.675 Df PeachCommander[18599:ef2d] [com.apple.xpc:connection] [0x7349ba940] activating connection: mach=false listener=false peer=false name=com.apple.ViewBridgeAuxiliary
2026-09-14 12:58:17.675 Df PeachCommander[18599:ef2d] [com.apple.xpc:connection] [0x7349ba1c0] activating connection: mach=false listener=false peer=false name=(anonymous)
2026-09-14 12:58:17.675 Df PeachCommander[18599:ef2d] [com.apple.xpc:connection] [0x7349ba940] invalidated after the last release of the connection object
2026-09-14 12:58:17.690 Df PeachCommander[18599:ef2d] [com.apple.TextInputUI:CursorUI] -[TUINSCursorUIController activate:]_block_invoke: Create CursorUIViewService: TUINSRemoteViewController
2026-09-14 12:58:17.691 I  PeachCommander[18599:ef2d] [com.apple.AppKit:Window] window <TUINSWindow: 0x735d92300> windowNumber=3ae finishing close
2026-09-14 12:58:17.691 I  PeachCommander[18599:ef2d] [com.apple.AppKit:Window] order window: 3ae op: 0 relative: 0 related: 0
2026-09-14 12:58:17.693 A  PeachCommander[18599:ef32] (CoreFoundation) Loading Preferences From System CFPrefsD
2026-09-14 12:58:17.770 Df PeachCommander[18599:ef2d] [com.apple.BoardServices:XPCErrors] [C:3] Alloc com.apple.backboard.hid-services.xpc
2026-09-14 12:58:17.770 Df PeachCommander[18599:ef2d] [com.apple.xpc:connection] [0x7349b9e00] activating connection: mach=false listener=false peer=false name=(anonymous)
2026-09-14 12:58:17.770 Df PeachCommander[18599:ef38] [com.apple.BackBoard:EventDelivery] BKSHIDEventDeliveryManager - connection activation
2026-09-14 12:58:17.785 I  PeachCommander[18599:ef2d] [com.apple.iconservices:foundation] layer data size zero
2026-09-14 12:58:17.786 A  PeachCommander[18599:ef2d] (CoreFoundation) Loading Preferences From User CFPrefsD
2026-09-14 12:58:17.786 I  PeachCommander[18599:ef2d] [com.apple.CoreAnalytics:client] Dropping "com.apple.ImageIO.readerSelection" as it isn't used in any transform (not in the config or budgeted?)
2026-09-14 12:58:17.802 A  PeachCommander[18599:ef37] (libsystem_info.dylib) Retrieve Group by ID
2026-09-14 12:58:17.802 I  PeachCommander[18599:ef2d] [com.peachcommander:PCFoundation] Session restored
2026-09-14 12:58:17.802 Df PeachCommander[18599:ef2d] (Foundation) <private>
2026-09-14 12:58:17.802 I  PeachCommander[18599:ef2d] [com.peachcommander:PCFoundation] [automation] running /Users/admin/auto.txt
2026-09-14 12:58:17.802 Df PeachCommander[18599:ef2d] (Foundation) <private>
2026-09-14 12:58:17.802 I  PeachCommander[18599:ef2d] [com.peachcommander:PCFoundation] [automation] > probe /Users/admin/rename-escape-seed.txt|mkdir -p ~/pc-esc/inner && touch ~/pc-esc/alpha.txt ~/pc-esc/beta.txt ~/pc-esc/inner/gamma.txt && ls ~/pc-esc | wc -l | tr -d ' '
2026-09-14 12:58:17.815 Df PeachCommander[18599:ef2d] (Foundation) <private>
2026-09-14 12:58:17.815 I  PeachCommander[18599:ef2d] [com.peachcommander:PCFoundation] [automation] > active left
2026-09-14 12:58:17.815 Df PeachCommander[18599:ef2d] (Foundation) <private>
2026-09-14 12:58:17.815 I  PeachCommander[18599:ef2d] [com.peachcommander:PCFoundation] [automation] > left /Users/admin/pc-esc
2026-09-14 12:58:17.874 I  PeachCommander[18599:ef2d] [com.apple.CoreAnalytics:client] Dropping "com.apple.appkit.app_config" as it isn't used in any transform (not in the config or budgeted?)
2026-09-14 12:58:17.875 I  PeachCommander[18599:ef2d] [com.apple.launchservices:datasep] application record search init. Node: <FSNode 0x736e1cfe0> { isDir = y, path = <private> } bundleID: (null) itemID: 0
2026-09-14 12:58:17.875 I  PeachCommander[18599:ef2d] [com.apple.launchservices:datasep] application record search init. Node: <FSNode 0x736e1cfe0> { isDir = y, path = <private> } bundleID: (null) itemID: 0
2026-09-14 12:58:17.875 I  PeachCommander[18599:ef2d] [com.apple.SafariPlatformSupport:SafariPlatformSupport] -[SFSafariPlatformSupport credentialSelected:] with nil credential
2026-09-14 12:58:17.875 I  PeachCommander[18599:ef2d] [com.apple.SafariPlatformSupport:SafariPlatformSupport] -[SFSafariPlatformSupport oneTimeCodeSelected:] with nil code
2026-09-14 12:58:17.907 I  PeachCommander[18599:ef3f] [com.apple.AppKit:WindowTab] Indexing 1 items
2026-09-14 12:58:17.907 A  PeachCommander[18599:ef3f] (CoreSpotlight) end-index-batch
2026-09-14 12:58:17.907 Df PeachCommander[18599:ef3f] [com.apple.corespotlight:index] *warn* MailCS ======%%% _setMailMessageAttributes skip:1
2026-09-14 12:58:17.907 A  PeachCommander[18599:ef3f] (CoreSpotlight) index-items
2026-09-14 12:58:17.907 Df PeachCommander[18599:ef3f] [com.apple.corespotlight:index] CSInlineDonation:<private>: Skipping donation (feature flag disabled)
2026-09-14 12:58:17.907 Df PeachCommander[18599:ef3f] [com.apple.corespotlight:index] CSInlineDonation:<private>: Skipping donation (feature flag disabled)
2026-09-14 12:58:18.015 I  PeachCommander[18599:ef2d] [com.apple.HIToolbox:MBDisplays] <private>
2026-09-14 12:58:18.015 I  PeachCommander[18599:ef2d] [com.apple.HIToolbox:MBDisplays] <private>
2026-09-14 12:58:18.153 Df PeachCommander[18599:efcd] [com.apple.xpc:connection] [0x7349ba300] activating connection: mach=false listener=false peer=false name=com.apple.SafariPlatformSupport.Helper
2026-09-14 12:58:18.176 Df PeachCommander[18599:ef2d] (Foundation) <private>
2026-09-14 12:58:18.177 I  PeachCommander[18599:ef2d] [com.peachcommander:PCFoundation] [automation] > wait 1500
2026-09-14 12:58:18.192 I  PeachCommander[18599:ef2d] [com.apple.AppKit:Image] ISImage reported a placeholder, image rep is providing a placeholder image for <private>
2026-09-14 12:58:18.192 I  PeachCommander[18599:ef2d] [com.apple.AppKit:Image] ISImage reported a placeholder, image rep is providing a placeholder image for <private>
2026-09-14 12:58:18.193 I  PeachCommander[18599:ef3f] [com.apple.iconservices:foundation] layer data size zero
2026-09-14 12:58:18.194 I  PeachCommander[18599:ef2d] [com.apple.AppKit:Image] ISImage reported a placeholder, image rep is providing a placeholder image for <private>
2026-09-14 12:58:18.194 I  PeachCommander[18599:ef2d] [com.apple.AppKit:Image] ISImage reported a placeholder, image rep is providing a placeholder image for <private>
2026-09-14 12:58:18.196 I  PeachCommander[18599:ef3f] [com.apple.iconservices:foundation] layer data size zero
2026-09-14 12:58:18.209 I  PeachCommander[18599:ef2d] [com.apple.iconservices:foundation] layer data size zero
2026-09-14 12:58:18.210 I  PeachCommander[18599:ef2d] [com.apple.AppKit:Image] ISImage reported a placeholder, image rep is providing a placeholder image for <private>
2026-09-14 12:58:18.210 I  PeachCommander[18599:ef2d] [com.apple.AppKit:Image] ISImage reported a placeholder, image rep is providing a placeholder image for <private>
2026-09-14 12:58:18.219 Df PeachCommander[18599:ef2d] [com.apple.xpc:connection] [0x7349b9b80] activating connection: mach=false listener=false peer=false name=(anonymous)
2026-09-14 12:58:18.219 Df PeachCommander[18599:ef2d] [com.apple.xpc:connection] [0x7349bb0c0] activating connection: mach=false listener=false peer=false name=(anonymous)
2026-09-14 12:58:18.225 I  PeachCommander[18599:ef2d] [com.apple.iconservices:foundation] layer data size zero
2026-09-14 12:58:18.287 Df PeachCommander[18599:ef37] [com.apple.xpc:connection] [0x7349ba300] invalidated after the last release of the connection object
2026-09-14 12:58:18.287 I  PeachCommander[18599:ef2d] [com.apple.launchservices:cas] Removing cached information for app [ 0x0-0xe30e3]  "PeachCommander", as its seed is different from that in shared memory ( 535 vs 537)
2026-09-14 12:58:18.424 I  PeachCommander[18599:ef2d] [com.apple.SafariPlatformSupport:SafariPlatformSupport] -[SPSafariPlatformSupport completionListPreferredContentSizeDidUpdate] with size {0, 0}, in window that is visible
2026-09-14 12:58:18.545 I  PeachCommander[18599:ef32] [com.apple.AppKit:WindowTab] Indexing 1 items
2026-09-14 12:58:18.545 A  PeachCommander[18599:ef32] (CoreSpotlight) end-index-batch
2026-09-14 12:58:18.545 A  PeachCommander[18599:ef32] (CoreSpotlight) index-items
2026-09-14 12:58:18.546 Df PeachCommander[18599:ef32] [com.apple.corespotlight:index] CSInlineDonation:<private>: Skipping donation (feature flag disabled)
2026-09-14 12:58:18.546 Df PeachCommander[18599:ef32] [com.apple.corespotlight:index] CSInlineDonation:<private>: Skipping donation (feature flag disabled)
2026-09-14 12:58:19.780 Df PeachCommander[18599:ef2d] (Foundation) <private>
2026-09-14 12:58:19.780 I  PeachCommander[18599:ef2d] [com.peachcommander:PCFoundation] [automation] > focus alpha.txt
2026-09-14 12:58:19.788 Df PeachCommander[18599:ef2d] (Foundation) <private>
2026-09-14 12:58:19.788 I  PeachCommander[18599:ef2d] [com.peachcommander:PCFoundation] [automation] > wait 400
2026-09-14 12:58:20.029 I  PeachCommander[18599:ef2d] [com.apple.quicklook:Preview Loading] start loading item <private>
2026-09-14 12:58:20.029 I  PeachCommander[18599:ef2d] [com.apple.quicklook:Preview Loading] created <private> (customView: (null))
2026-09-14 12:58:20.029 I  PeachCommander[18599:ef2d] [com.apple.quicklook:Preview Loading] start loading <private> with forced displayBundleID (null)
2026-09-14 12:58:20.030 Df PeachCommander[18599:ef3f] [com.apple.foundation.filecoordination:claims] Read options: 200000 -- URL: <private> -- purposeID: F1619B21-D3F8-485C-9B0A-272D41978B06 -- claimID: 9BAC433B-3FC0-4AD9-B4EA-7C6242827694
2026-09-14 12:58:20.033 Df PeachCommander[18599:ef3f] [com.apple.foundation.filecoordination:claims] Claim 9BAC433B-3FC0-4AD9-B4EA-7C6242827694 granted in client
2026-09-14 12:58:20.033 Df PeachCommander[18599:ef3f] [com.apple.foundation.filecoordination:claims] Claim 9BAC433B-3FC0-4AD9-B4EA-7C6242827694 invoked in client
2026-09-14 12:58:20.033 I  PeachCommander[18599:ef3f] [com.apple.quicklook:Preview Loading] got displayBundleID com.apple.qldisplay.Text for <private>
2026-09-14 12:58:20.040 I  PeachCommander[18599:ef2d] [com.apple.quicklook:Preview Loading] document <private> got display bundle <private>
2026-09-14 12:58:20.041 I  PeachCommander[18599:ef3f] [com.apple.quicklook:General] presentedItemURL: <private>
2026-09-14 12:58:20.041 I  PeachCommander[18599:ef3f] [com.apple.quicklook:General] presentedItemOperationQueue: <private>
2026-09-14 12:58:20.041 Df PeachCommander[18599:ef3f] [com.apple.foundation.filecoordination:presenter] Adding presenter 01647800-BFF5-40FF-983A-2FCD2E693ED7 for URL: <private>
2026-09-14 12:58:20.041 Df PeachCommander[18599:f01b] [com.apple.foundation.filecoordination:claims] Read options: 0 -- URL: <private> -- purposeID: E5C3413C-0C64-49A0-A3E8-39519A378289 -- claimID: AFB83875-6E49-4C5F-91CC-47705EC74C46
2026-09-14 12:58:20.042 Df PeachCommander[18599:ef3f] [com.apple.foundation.filecoordination:claims] Claim AFB83875-6E49-4C5F-91CC-47705EC74C46 granted in client
2026-09-14 12:58:20.042 Df PeachCommander[18599:ef3f] [com.apple.foundation.filecoordination:claims] Claim AFB83875-6E49-4C5F-91CC-47705EC74C46 invoked in client
2026-09-14 12:58:20.044 I  PeachCommander[18599:f01b] [com.apple.quicklook:default] Getting <private> for 'Text Loading Options' from UTI '<private>' #UTI
2026-09-14 12:58:20.046 I  PeachCommander[18599:ef2d] [com.apple.inputAnalytics.client:IATextInputActions] initWithAnalyticsMetadataObserver service
2026-09-14 12:58:20.046 I  PeachCommander[18599:ef2d] [com.apple.quicklook:General] DID LOAD <private>
2026-09-14 12:58:20.048 I  PeachCommander[18599:ef2d] [com.apple.quicklook:Preview Loading] document <private> did load
2026-09-14 12:58:20.048 I  PeachCommander[18599:ef2d] [com.apple.quicklook:Preview Loading] setting displayable from (null) to <private>
2026-09-14 12:58:20.220 Df PeachCommander[18599:ef2d] (Foundation) <private>
2026-09-14 12:58:20.220 I  PeachCommander[18599:ef2d] [com.peachcommander:PCFoundation] [automation] > cmd cm_RenameOnly
2026-09-14 12:58:20.220 Df PeachCommander[18599:ef2d] (Foundation) <private>
2026-09-14 12:58:20.220 I  PeachCommander[18599:ef2d] [com.peachcommander:PCFoundation] [automation] > wait 900
2026-09-14 12:58:20.229 I  PeachCommander[18599:ef2d] [com.apple.CarbonCore:nameddata] getCSNamedDataConnection_block_invoke NAMEDDATA: Creating connection object.
2026-09-14 12:58:20.229 Df PeachCommander[18599:ef2d] [com.apple.xpc:connection] [0x734c83d40] activating connection: mach=false listener=false peer=false name=com.apple.carboncore.csnameddata
2026-09-14 12:58:20.230 I  PeachCommander[18599:ef2d] [com.apple.CarbonCore:nameddata] _CSGetNamedData _CSGetNamedData(/System/Library/Colors/System.clr/System.clr, err=5 data=0x0/0
2026-09-14 12:58:20.235 I  PeachCommander[18599:ef2d] [com.apple.CarbonCore:nameddata] _CSSetNamedData _CSSetNamedData(/System/Library/Colors/System.clr/System.clr, data=0x734900000/14131
2026-09-14 12:58:20.236 Df PeachCommander[18599:ef2d] [com.apple.TextInputUI:CursorUI] -[TUINSCursorUIController scheduleUpdateCursorLocation]
2026-09-14 12:58:20.236 Df PeachCommander[18599:ef2d] [com.apple.xpc:connection] [0x734c83c00] activating connection: mach=true listener=false peer=false name=com.apple.pbs.fetch_services
2026-09-14 12:58:20.237 Df PeachCommander[18599:ef2d] [com.apple.xpc:connection] [0x734c83c00] invalidated after the last release of the connection object
2026-09-14 12:58:20.237 A  PeachCommander[18599:ef2d] (CoreFoundation) Loading Preferences From User CFPrefsD
2026-09-14 12:58:20.242 A  PeachCommander[18599:ef2d] (CoreFoundation) Updating Key-Value Observers Of Preferences
2026-09-14 12:58:20.243 Df PeachCommander[18599:ef2d] [com.apple.TextInputUI:CursorUI] -[TUINSCursorUIController scheduleUpdateCursorLocation]
2026-09-14 12:58:20.245 I  PeachCommander[18599:ef37] [com.apple.inputAnalytics.client:IATextInputActions] mergeOrConsumeAction calling sendSignal:toChannel:withNullableSessionID:withPayload:
2026-09-14 12:58:20.245 Df PeachCommander[18599:ef37] [com.apple.inputAnalytics.client:IASignalAnalytics] channel:<private> signal:<private> sessionID:<private> timestamp:<private> payload:<private>
2026-09-14 12:58:20.245 I  PeachCommander[18599:ef37] [com.apple.inputAnalytics.client:IAXPCClient] IASignalAnalytics: fetching xpcClient...
2026-09-14 12:58:20.246 I  PeachCommander[18599:ef37] [com.apple.inputAnalytics.client:IAXPCClient] Initialized 0x736556e60
2026-09-14 12:58:20.246 I  PeachCommander[18599:ef37] [com.apple.inputAnalytics.client:IAXPCClient] 0x736556e60 using shared remote object proxy
2026-09-14 12:58:20.246 I  PeachCommander[18599:ef37] [com.apple.inputAnalytics.client:IAXPCClient] 0x736556e60 calling connection resume after shared instance
2026-09-14 12:58:20.246 Df PeachCommander[18599:ef37] [com.apple.xpc:connection] [0x734fbc640] activating connection: mach=true listener=false peer=false name=com.apple.inputanalyticsd
2026-09-14 12:58:20.246 I  PeachCommander[18599:ef37] [com.apple.inputAnalytics.client:IAXPCClient] IAXPCclient 0x736556e60 init created _connection 0x7345dada0 _server 0x0 with IXAXPCProtocol
2026-09-14 12:58:20.246 I  PeachCommander[18599:ef37] [com.apple.inputAnalytics.client:IAXPCClient] IASignalAnalytics: ...returning xpcClient 0x736556e60
2026-09-14 12:58:20.246 I  PeachCommander[18599:ef37] [com.apple.inputAnalytics.client:IAXPCClient] server: returning server 0x736cc2300
2026-09-14 12:58:20.246 Df PeachCommander[18599:ef32] [com.apple.xpc:connection] [0x734c83c00] activating connection: mach=false listener=false peer=false name=com.apple.TextInputUI.xpc.CursorUIViewService
2026-09-14 12:58:20.246 Df PeachCommander[18599:ef2d] [com.apple.TextInputUI:CursorUI] -[TUINSCursorUIController scheduleUpdateCursorLocation]
2026-09-14 12:58:20.246 I  PeachCommander[18599:ef37] [com.apple.inputAnalytics:IAServerStats] Logging <private>
2026-09-14 12:58:20.246 Df PeachCommander[18599:ef2d] [com.apple.TextInputUI:CursorUI] -[TUINSCursorUIController scheduleUpdateCursorLocation]
2026-09-14 12:58:20.246 Df PeachCommander[18599:ef3f] [com.apple.xpc:connection] [0x734c83c00] invalidated after the last release of the connection object
2026-09-14 12:58:20.246 I  PeachCommander[18599:ef37] [com.apple.CoreAnalytics:client] Dropping "com.apple.inputAnalytics.serverStats" as it isn't used in any transform (not in the config or budgeted?)
2026-09-14 12:58:20.250 I  PeachCommander[18599:ef2d] [com.apple.AppKit:Window] context (0 -> f87caa9) for window 3b1
2026-09-14 12:58:20.251 I  PeachCommander[18599:ef2d] [com.apple.AppKit:Window] order window: 3b1 op: 0 relative: 0 related: 0
2026-09-14 12:58:20.257 Df PeachCommander[18599:ef2d] [com.apple.xpc:connection] [0x733f98000] activating connection: mach=false listener=false peer=false name=(anonymous)
2026-09-14 12:58:20.257 Df PeachCommander[18599:ef2d] [com.apple.xpc:connection] [0x733f98280] activating connection: mach=false listener=false peer=false name=(anonymous)
2026-09-14 12:58:20.261 Df PeachCommander[18599:ef2d] [com.apple.TextInputUI:CursorUI] -[TUINSCursorUIController scheduleUpdateCursorLocation]
2026-09-14 12:58:20.263 I  PeachCommander[18599:ef2d] [com.apple.SafariPlatformSupport:SafariPlatformSupport] -[SPSafariPlatformSupport completionListPreferredContentSizeDidUpdate] with size {0, 0}, in window that is visible
2026-09-14 12:58:20.264 I  PeachCommander[18599:ef2d] [com.apple.AppKit:Window] order window: 3b1 op: 0 relative: 0 related: 0
2026-09-14 12:58:20.270 Df PeachCommander[18599:ef2d] [com.apple.TextInputUI:CursorUI] -[TUINSCursorUIController activate:]_block_invoke: Create CursorUIViewService: TUINSRemoteViewController
2026-09-14 12:58:20.270 Df PeachCommander[18599:ef2d] [com.apple.xpc:connection] [0x7349ba1c0] invalidated because the current process cancelled the connection by calling xpc_connection_cancel()
2026-09-14 12:58:20.270 Df PeachCommander[18599:ef2d] [com.apple.xpc:connection] [0x7349ba6c0] invalidated because the current process cancelled the connection by calling xpc_connection_cancel()
2026-09-14 12:58:20.270 E  PeachCommander[18599:ef2d] [com.apple.TextInputUI:CursorUI] ViewBridge to RemoteViewService Terminated: Error Domain=com.apple.ViewBridge Code=18 UserInfo={com.apple.ViewBridge.error.hint=this process disconnected remote view controller -- benign unless unexpected, com.apple.ViewBridge.error.description=NSViewBridgeErrorCanceled}
2026-09-14 12:58:21.176 Df PeachCommander[18599:ef2d] (Foundation) <private>
2026-09-14 12:58:21.176 I  PeachCommander[18599:ef2d] [com.peachcommander:PCFoundation] [automation] > keysend ESC|asis|/Users/admin/rename-escape-key.txt
2026-09-14 12:58:21.178 I  PeachCommander[18599:ef2d] [com.apple.CarbonCore:gestalt] SetGestaltValue SetGestaltValue(kbd  0) => 0
2026-09-14 12:58:21.190 I  PeachCommander[18599:ef3f] [com.apple.inputAnalytics.client:IATextInputActions] flushAndSetLastAction calling sendSignal:toChannel:withNullableSessionID:withPayload:
2026-09-14 12:58:21.190 Df PeachCommander[18599:ef3f] [com.apple.inputAnalytics.client:IASignalAnalytics] channel:<private> signal:<private> sessionID:<private> timestamp:<private> payload:<private>
2026-09-14 12:58:21.190 I  PeachCommander[18599:ef3f] [com.apple.inputAnalytics.client:IAXPCClient] IASignalAnalytics: fetching xpcClient...
2026-09-14 12:58:21.190 I  PeachCommander[18599:ef3f] [com.apple.inputAnalytics.client:IAXPCClient] IASignalAnalytics: ...returning xpcClient 0x736556e60
2026-09-14 12:58:21.190 I  PeachCommander[18599:ef3f] [com.apple.inputAnalytics.client:IAXPCClient] server: returning server 0x736cc2300
2026-09-14 12:58:21.190 I  PeachCommander[18599:ef3f] [com.apple.inputAnalytics.client:IATextInputActions] flushAndSetLastAction calling sendSignal:toChannel:withNullableSessionID:withPayload:
2026-09-14 12:58:21.190 Df PeachCommander[18599:ef3f] [com.apple.inputAnalytics.client:IASignalAnalytics] channel:<private> signal:<private> sessionID:<private> timestamp:<private> payload:<private>
2026-09-14 12:58:21.190 I  PeachCommander[18599:ef3f] [com.apple.inputAnalytics.client:IAXPCClient] IASignalAnalytics: fetching xpcClient...
2026-09-14 12:58:21.190 I  PeachCommander[18599:ef3f] [com.apple.inputAnalytics.client:IAXPCClient] IASignalAnalytics: ...returning xpcClient 0x736556e60
2026-09-14 12:58:21.190 I  PeachCommander[18599:ef3f] [com.apple.inputAnalytics.client:IAXPCClient] server: returning server 0x736cc2300
2026-09-14 12:58:21.190 I  PeachCommander[18599:ef3f] [com.apple.inputAnalytics.client:IATextInputActions] mergeOrConsumeAction calling sendSignal:toChannel:withNullableSessionID:withPayload:
2026-09-14 12:58:21.190 Df PeachCommander[18599:ef3f] [com.apple.inputAnalytics.client:IASignalAnalytics] channel:<private> signal:<private> sessionID:<private> timestamp:<private> payload:<private>
2026-09-14 12:58:21.190 I  PeachCommander[18599:ef3f] [com.apple.inputAnalytics.client:IAXPCClient] IASignalAnalytics: fetching xpcClient...
2026-09-14 12:58:21.190 I  PeachCommander[18599:ef3f] [com.apple.inputAnalytics.client:IAXPCClient] IASignalAnalytics: ...returning xpcClient 0x736556e60
2026-09-14 12:58:21.190 I  PeachCommander[18599:ef3f] [com.apple.inputAnalytics.client:IAXPCClient] server: returning server 0x736cc2300
2026-09-14 12:58:21.191 Df PeachCommander[18599:ef2d] [com.apple.TextInputUI:CursorUI] -[TUINSCursorUIController scheduleUpdateCursorLocation]
2026-09-14 12:58:21.192 Df PeachCommander[18599:ef2d] [com.apple.TextInputUI:CursorUI] -[TUINSCursorUIController scheduleUpdateCursorLocation]
2026-09-14 12:58:21.192 Df PeachCommander[18599:ef2d] [com.apple.TextInputUI:CursorUI] -[TUINSCursorUIController scheduleUpdateCursorLocation]
2026-09-14 12:58:21.193 I  PeachCommander[18599:ef3f] [com.apple.inputAnalytics.client:IATextInputActions] mergeOrConsumeAction calling sendSignal:toChannel:withNullableSessionID:withPayload:
2026-09-14 12:58:21.193 Df PeachCommander[18599:ef3f] [com.apple.inputAnalytics.client:IASignalAnalytics] channel:<private> signal:<private> sessionID:<private> timestamp:<private> payload:<private>
2026-09-14 12:58:21.193 I  PeachCommander[18599:ef3f] [com.apple.inputAnalytics.client:IAXPCClient] IASignalAnalytics: fetching xpcClient...
2026-09-14 12:58:21.193 I  PeachCommander[18599:ef3f] [com.apple.inputAnalytics.client:IAXPCClient] IASignalAnalytics: ...returning xpcClient 0x736556e60
2026-09-14 12:58:21.193 I  PeachCommander[18599:ef3f] [com.apple.inputAnalytics.client:IAXPCClient] server: returning server 0x736cc2300
2026-09-14 12:58:21.193 I  PeachCommander[18599:ef3f] [com.apple.inputAnalytics.client:IATextInputActions] flushAndSetLastAction calling sendSignal:toChannel:withNullableSessionID:withPayload:
2026-09-14 12:58:21.193 Df PeachCommander[18599:ef3f] [com.apple.inputAnalytics.client:IASignalAnalytics] channel:<private> signal:<private> sessionID:<private> timestamp:<private> payload:<private>
2026-09-14 12:58:21.193 I  PeachCommander[18599:ef3f] [com.apple.inputAnalytics.client:IAXPCClient] IASignalAnalytics: fetching xpcClient...
2026-09-14 12:58:21.193 I  PeachCommander[18599:ef3f] [com.apple.inputAnalytics.client:IAXPCClient] IASignalAnalytics: ...returning xpcClient 0x736556e60
2026-09-14 12:58:21.193 I  PeachCommander[18599:ef3f] [com.apple.inputAnalytics.client:IAXPCClient] server: returning server 0x736cc2300
2026-09-14 12:58:21.193 I  PeachCommander[18599:ef3f] [com.apple.inputAnalytics.client:IATextInputActions] flushAndSetLastAction calling sendSignal:toChannel:withNullableSessionID:withPayload:
2026-09-14 12:58:21.193 Df PeachCommander[18599:ef3f] [com.apple.inputAnalytics.client:IASignalAnalytics] channel:<private> signal:<private> sessionID:<private> timestamp:<private> payload:<private>
2026-09-14 12:58:21.193 I  PeachCommander[18599:ef3f] [com.apple.inputAnalytics.client:IAXPCClient] IASignalAnalytics: fetching xpcClient...
2026-09-14 12:58:21.193 I  PeachCommander[18599:ef3f] [com.apple.inputAnalytics.client:IAXPCClient] IASignalAnalytics: ...returning xpcClient 0x736556e60
2026-09-14 12:58:21.193 I  PeachCommander[18599:ef3f] [com.apple.inputAnalytics.client:IAXPCClient] server: returning server 0x736cc2300
2026-09-14 12:58:21.193 I  PeachCommander[18599:ef3f] [com.apple.inputAnalytics.client:IATextInputActions] mergeOrConsumeAction calling sendSignal:toChannel:withNullableSessionID:withPayload:
2026-09-14 12:58:21.193 Df PeachCommander[18599:ef3f] [com.apple.inputAnalytics.client:IASignalAnalytics] channel:<private> signal:<private> sessionID:<private> timestamp:<private> payload:<private>
2026-09-14 12:58:21.193 I  PeachCommander[18599:ef3f] [com.apple.inputAnalytics.client:IAXPCClient] IASignalAnalytics: fetching xpcClient...
2026-09-14 12:58:21.193 I  PeachCommander[18599:ef3f] [com.apple.inputAnalytics.client:IAXPCClient] IASignalAnalytics: ...returning xpcClient 0x736556e60
2026-09-14 12:58:21.193 I  PeachCommander[18599:ef3f] [com.apple.inputAnalytics.client:IAXPCClient] server: returning server 0x736cc2300
2026-09-14 12:58:21.196 I  PeachCommander[18599:ef2d] [com.apple.SafariPlatformSupport:SafariPlatformSupport] Cleaning up AutoFill session in response to NSControlTextDidEndEditingNotification
2026-09-14 12:58:21.196 I  PeachCommander[18599:ef2d] [com.apple.SafariPlatformSupport:SafariPlatformSupport] -[SFSafariPlatformSupport credentialSelected:] with nil credential
2026-09-14 12:58:21.196 I  PeachCommander[18599:ef2d] [com.apple.AppKit:Window] order window: 3b1 op: 0 relative: 0 related: 0
2026-09-14 12:58:21.197 I  PeachCommander[18599:ef2d] [com.apple.SafariPlatformSupport:SafariPlatformSupport] -[SFSafariPlatformSupport oneTimeCodeSelected:] with nil code
2026-09-14 12:58:21.198 Df PeachCommander[18599:ef2d] (Foundation) <private>
2026-09-14 12:58:21.198 I  PeachCommander[18599:ef2d] [com.peachcommander:PCFoundation] [automation] > wait 900
2026-09-14 12:58:21.295 I  PeachCommander[18599:ef2d] [com.apple.SafariPlatformSupport:SafariPlatformSupport] -[SFSafariPlatformSupport credentialSelected:] with nil credential
2026-09-14 12:58:21.295 I  PeachCommander[18599:ef2d] [com.apple.SafariPlatformSupport:SafariPlatformSupport] -[SFSafariPlatformSupport oneTimeCodeSelected:] with nil code
2026-09-14 12:58:22.110 Df PeachCommander[18599:ef2d] (Foundation) <private>
2026-09-14 12:58:22.110 I  PeachCommander[18599:ef2d] [com.peachcommander:PCFoundation] [automation] > left /Users/admin/pc-esc/inner
2026-09-14 12:58:22.119 Df PeachCommander[18599:ef2d] (Foundation) <private>
2026-09-14 12:58:22.119 I  PeachCommander[18599:ef2d] [com.peachcommander:PCFoundation] [automation] > wait 1500
2026-09-14 12:58:22.144 I  PeachCommander[18599:ef2d] [com.apple.quicklook:Preview Loading] start loading item (null)
2026-09-14 12:58:22.144 I  PeachCommander[18599:ef2d] [com.apple.quicklook:Preview Loading] setting displayable from <private> to (null)
2026-09-14 12:58:22.144 Df PeachCommander[18599:ef2d] [com.apple.xpc:connection] [0x733f983c0] activating connection: mach=false listener=false peer=false name=com.apple.speech.SpeechSynthesisServerXPC
2026-09-14 12:58:22.144 Df PeachCommander[18599:ef2d] [com.apple.foundation.filecoordination:presenter] Removing presenter 01647800-BFF5-40FF-983A-2FCD2E693ED7
2026-09-14 12:58:22.175 Df PeachCommander[18599:ef3f] (SpeechSynthesis) TTS: XPC did receive stop
2026-09-14 12:58:22.224 I  PeachCommander[18599:ef3f] [com.apple.AppKit:WindowTab] Indexing 1 items
2026-09-14 12:58:22.224 A  PeachCommander[18599:ef3f] (CoreSpotlight) end-index-batch
2026-09-14 12:58:22.225 A  PeachCommander[18599:ef3f] (CoreSpotlight) index-items
2026-09-14 12:58:22.225 Df PeachCommander[18599:ef3f] [com.apple.corespotlight:index] CSInlineDonation:<private>: Skipping donation (feature flag disabled)
2026-09-14 12:58:22.225 Df PeachCommander[18599:ef3f] [com.apple.corespotlight:index] CSInlineDonation:<private>: Skipping donation (feature flag disabled)
2026-09-14 12:58:23.655 Df PeachCommander[18599:ef2d] (Foundation) <private>
2026-09-14 12:58:23.655 I  PeachCommander[18599:ef2d] [com.peachcommander:PCFoundation] [automation] > dump /Users/admin/rename-escape.txt
2026-09-14 12:58:23.658 Df PeachCommander[18599:ef2d] (Foundation) <private>
2026-09-14 12:58:23.658 Df PeachCommander[18599:ef2d] (Foundation) <private>
2026-09-14 12:58:23.658 I  PeachCommander[18599:ef2d] [com.peachcommander:PCFoundation] [automation] done
