Timestamp               Ty Process[PID:TID]
2026-09-16 15:50:47.611 A  PeachCommander[21528:11675] (libsystem_info.dylib) Retrieve User by ID
2026-09-16 15:50:47.612 Df PeachCommander[21528:11675] [com.apple.xpc:connection] [0x1022364d0] activating connection: mach=true listener=false peer=false name=com.apple.cfprefsd.daemon
2026-09-16 15:50:47.612 Df PeachCommander[21528:1167c] [com.apple.xpc:connection] [0x1022375d0] activating connection: mach=true listener=false peer=false name=com.apple.cfprefsd.agent
2026-09-16 15:50:47.613 Df PeachCommander[21528:11675] [com.apple.xpc:connection] [0x10223bc30] activating connection: mach=true listener=false peer=false name=com.apple.coreservices.launchservicesd
2026-09-16 15:50:47.613 I  PeachCommander[21528:11675] [com.apple.launchservices:cas] Registering for notification <private> on default queue, to re-boostrap client connection.
2026-09-16 15:50:47.614 Df PeachCommander[21528:11675] [com.apple.xpc:connection] [0x7dac80000] activating connection: mach=true listener=false peer=false name=com.apple.pasteboard.1
2026-09-16 15:50:47.614 Df PeachCommander[21528:11675] [com.apple.xpc:connection] [0x7dac80140] activating connection: mach=true listener=false peer=false name=com.apple.distributed_notifications@Uv3
2026-09-16 15:50:47.616 Df PeachCommander[21528:11675] [com.apple.AppKit:AutomaticTermination] void _NSDisableAutomaticTerminationAndLog(NSString *) No windows open yet
2026-09-16 15:50:47.616 A  PeachCommander[21528:11675] (TCC) TCCAccessRequest() IPC
2026-09-16 15:50:47.616 Df PeachCommander[21528:11675] [com.apple.xpc:connection] [0x7dac80280] activating connection: mach=true listener=false peer=false name=com.apple.tccd.system
2026-09-16 15:50:47.616 I  PeachCommander[21528:11675] [com.apple.TCC:access] SEND: 0/7 synchronous to com.apple.tccd.system: request: msgID=21528.1, function=TCCAccessRequest, service=kTCCServiceListenEvent,
2026-09-16 15:50:47.618 I  PeachCommander[21528:11675] [com.apple.TCC:access] RECV: synchronous reply <dictionary: 0x7dac50000> { count = 5, transaction: 0, voucher = 0x0, contents =
	"prompt_type" => <uint64: 0x93e97af854aa4b07>: 1
	"auth_value" => <uint64: 0x93e97af854aa4b07>: 1
	"preflight_unknown" => <bool: 0x1f3191190>: true
	"auth_version" => <uint64: 0x93e97af854aa4b07>: 1
	"auth_reason" => <uint64: 0x93e97af854aa4b27>: 5
}
2026-09-16 15:50:47.618 Df PeachCommander[21528:11675] [com.apple.xpc:connection] [0x7dac80280] invalidated after the last release of the connection object
2026-09-16 15:50:47.618 Df PeachCommander[21528:11675] [com.apple.SkyLight:default] server port 0x0000300b, session port 0x0000300b
2026-09-16 15:50:47.621 Df PeachCommander[21528:11675] [com.apple.SkyLight:default] New connection 0x49017 main
2026-09-16 15:50:47.621 I  PeachCommander[21528:1167c] [com.apple.SkyLight:processes] 0[outside of RPC]: First connection id 299031 mapped to ctx = 0x7dac30f80
2026-09-16 15:50:47.622 I  PeachCommander[21528:11675] [com.apple.hiservices:processmgr] Checking in with CAS, pid=21528
2026-09-16 15:50:47.622 I  PeachCommander[21528:11675] [com.apple.launchservices:cas] LSApplicationCheckIn(), app being registered is:"/Users/admin/pc-test/PeachCommander.app/Contents/MacOS/PeachCommander"
2026-09-16 15:50:47.622 I  PeachCommander[21528:11675] [com.apple.launchservices:cas]  { "ApplicationType"="Foreground", "BuildMachineOSBuild"="25E246", "CFBundleDevelopmentRegion"="en", "CFBundleDocumentTypes"=( { "CFBundleTypeName"="Peach Commander Plugin Package", "CFBundleTypeRole"="Viewer", "LSHandlerRank"="Owner", "LSItemContentTypes"=( "com.peachcommander.plugin-package") }, { "CFBundleTypeName"="Peach Commander Workspace", "CFBundleTypeRole"="Viewer", "LSHandlerRank"="Owner", "LSItemContentTypes"=( "com.peachcommander.workspace") }), "CFBundleExecutable"="PeachCommander", "CFBundleExecutablePath"="/Users/admin/pc-test/PeachCommander.app/Contents/MacOS/PeachCommander", "CFBundleHelpBookFolder"="PeachCommander.help", "CFBundleHelpBookName"="Peach Commander Help", "CFBundleIconFile"="AppIcon", "CFBundleIconName"="AppIcon", "CFBundleIdentifier"="com.peachcommander.app", "CFBundleInfoDictionaryVersion"="6.0", "CFBundleName"="PeachCommander", "CFBundleNumericVersion"=419463168, "CFBundlePackageType"="APPL", "CFBundleShortVersionString"="0.9.1", "CFBundleSignature"="?????", "CFBundleS<…>
2026-09-16 15:50:47.623 Df PeachCommander[21528:11675] [com.apple.processmanager:front-35286506] CHECKIN: pid=21528
2026-09-16 15:50:47.625 Df PeachCommander[21528:11675] [com.apple.processmanager:front-35286506] CHECKEDIN: pid=21528 asn=0x0-0xf60f6 foreground=1
2026-09-16 15:50:47.625 I  PeachCommander[21528:11675] [com.apple.launchservices:cas] Setting processControlState to default PROC_SETPC_SUSPEND because application does not have LSProcessControlValue key
2026-09-16 15:50:47.625 Df PeachCommander[21528:11675] [com.apple.xpc:connection] [0x7dac80280] activating connection: mach=false listener=true peer=false name=(anonymous)
2026-09-16 15:50:47.625 Df PeachCommander[21528:11675] [com.apple.xpc:connection] [0x7dac80280] Connection returned listener port: 0x5403
2026-09-16 15:50:47.625 Df PeachCommander[21528:1167d] [com.apple.xpc:connection] [0x7db088300] activating connection: mach=false listener=false peer=true name=com.apple.xpc.anonymous.0x7dac80280.peer[131].0x7db088300
2026-09-16 15:50:47.626 Df PeachCommander[21528:11675] [com.apple.processmanager:front-35286506] FRONTLOGGING: version 1
2026-09-16 15:50:47.626 Df PeachCommander[21528:11675] [com.apple.processmanager:front-35286506] Registered, pid=21528 ASN=0x0,0xf60f6
2026-09-16 15:50:47.626 Df PeachCommander[21528:11675] [com.apple.xpc:connection] [0x7dac803c0] activating connection: mach=true listener=false peer=false name=com.apple.analyticsd
2026-09-16 15:50:47.626 I  PeachCommander[21528:11675] [com.apple.CoreAnalytics:client] Daemon status changed from 0 to 1
2026-09-16 15:50:47.626 I  PeachCommander[21528:1167d] [com.apple.CarbonCore:coreservicesdaemon] SCSession():SCSession( id=100, this=0x0x102243770 option=65538) created, forUID=501 mach_port_t=0x4f03.
2026-09-16 15:50:47.626 I  PeachCommander[21528:1167d] [com.apple.CarbonCore:coreservicesdaemon] SCSession():SCSession( id=101, this=0x0x1022438b0 option=65538) created, forUID=501 mach_port_t=0x5003.
2026-09-16 15:50:47.626 I  PeachCommander[21528:1167d] [com.apple.CarbonCore:coreservicesdaemon] connectToCoreServicesD():Instantiating server (coreservicesd based) SCSession, port=0x4f03 serverOptions=0x10002.
2026-09-16 15:50:47.626 I  PeachCommander[21528:11675] [com.apple.hiservices:processmgr] _RegisterApplication( pid 21528 => 0x0,0xf60f6) type=foreground
2026-09-16 15:50:47.626 Df PeachCommander[21528:11675] [com.apple.xpc:connection] [0x7dac80280] Connection returned listener port: 0x5403
2026-09-16 15:50:47.627 I  PeachCommander[21528:11675] [com.apple.launchservices:cas] CFArrayRef _LSCopyLaunchModifiers(LSSessionID, LSASNRef _Nonnull), result for psn [ kLSCurrentApp ASN, 0x0,0x2]  is 1 items.
2026-09-16 15:50:47.627 Df PeachCommander[21528:11675] [com.apple.processmanager:front-35286506] BringForward: pid=21528 asn=0x0-0xf60f6 bringForward=1 foreground=1 uiElement=0 launchedByLS=1 modifiersCount=1 allDisabled=1
2026-09-16 15:50:47.627 Df PeachCommander[21528:11675] [com.apple.processmanager:front-35286506] BringFrontModifier: pid=21528 asn=0x0-0xf60f6 Modifier 0 hideAfter=0 hideOthers=0 dontMakeFrontmost=0 mouseDown=0/0 seed=0/0
2026-09-16 15:50:47.627 Df PeachCommander[21528:11675] [com.apple.processmanager:front-35286506] BringForward: pid=21528 asn=0x0-0xf60f6
2026-09-16 15:50:47.627 Df PeachCommander[21528:11675] [com.apple.processmanager:front-35286506] SetFrontProcess: asn=0x0-0xf60f6 options=0
2026-09-16 15:50:47.627 I  PeachCommander[21528:11675] [com.apple.SkyLight:processes] 0[outside of RPC]: SLPSetFrontProcess(0x0-0xf60f6 window=0 options=0x0
2026-09-16 15:50:47.627 Df PeachCommander[21528:1167d] [com.apple.xpc:connection] [0x7dac80500] activating connection: mach=true listener=false peer=false name=com.apple.lsd.mapdb
2026-09-16 15:50:47.629 Df PeachCommander[21528:11675] [com.apple.AppKit:Appearance] Current system appearance, (HLTB: 1), (SLS: 0)
2026-09-16 15:50:47.630 I  PeachCommander[21528:1167c] [com.apple.launchservices:cas] information in shared memory for 0x0-0xf60f6 with seed 533 was still valid, so using cached info { "ApplicationType"="Foreground", "BuildMachineOSBuild"="25E246", "BundleIdentifierLowerCase"="com.peachcommander.app", "CFBundleDevelopmentRegion"="en", "CFBundleDocumentTypes"=( { "CFBundleTypeName"="Peach Commander Plugin Package", "CFBundleTypeRole"="Viewer", "LSHandlerRank"="Owner", "LSItemContentTypes"=( "com.peachcommander.plugin-package") }, { "CFBundleTypeName"="Peach Commander Workspace", "CFBundleTypeRole"="Viewer", "LSHandlerRank"="Owner", "LSItemContentTypes"=( "com.peachcommander.workspace") }), "CFBundleExecutable"="PeachCommander", "CFBundleExecutablePath"="/Users/admin/pc-test/PeachCommander.app/Contents/MacOS/PeachCommander", "CFBundleExecutablePathDeviceID"=16777225, "CFBundleExecutablePathINode"=488203, "CFBundleHelpBookFolder"="PeachCommander.help", "CFBundleHelpBookName"="Peach Commander Help", "CFBundleIconFile"="AppIcon", "CFBundleIconName"="AppIcon", "CFBundleIdentifier"="com.peachcommander.app", "CFBundleInfoDictionaryVersion"="6.0", "CFBundleName"="PeachCo<…>
2026-09-16 15:50:47.630 Df PeachCommander[21528:11675] (libMobileGestalt.dylib) No persisted cache on this platform.
2026-09-16 15:50:47.630 I  PeachCommander[21528:1167d] [com.apple.launchservices:db] LaunchServices database schema version: 20971544
2026-09-16 15:50:47.631 Df PeachCommander[21528:11675] (libMobileGestalt.dylib) Could not get size of EAN data (IOConnectCallScalarMethod kAppleNVMeEANGetSize returned 0xE00002E2)
2026-09-16 15:50:47.631 Df PeachCommander[21528:11675] (libMobileGestalt.dylib) Failed to copy 'aptk' from EAN
2026-09-16 15:50:47.631 Df PeachCommander[21528:11675] (libMobileGestalt.dylib) Failed to copy APTicket properties. Falling back to default policy.
2026-09-16 15:50:47.631 Df PeachCommander[21528:11675] (libMobileGestalt.dylib) Creating default MGSysConfigPolicy
2026-09-16 15:50:47.631 Df PeachCommander[21528:11675] (libMobileGestalt.dylib) CFDictionaryRef copySyscfgDictionary(void) enumeration of <private> failed.
2026-09-16 15:50:47.631 Df PeachCommander[21528:11675] (libMobileGestalt.dylib) Failed to find key <private>
2026-09-16 15:50:47.632 Df PeachCommander[21528:11675] [com.apple.AppKit:Appearance] Current system appearance, (HLTB: 1), (SLS: 0)
2026-09-16 15:50:47.633 Df PeachCommander[21528:11675] [com.apple.AppKit:Appearance] Post-registration system appearance: (HLTB: 1)
2026-09-16 15:50:47.633 I  PeachCommander[21528:1167d] [com.apple.launchservices:default] Unable to load Info.plist exceptions (eGPUOverrides)
2026-09-16 15:50:47.633 I  PeachCommander[21528:1167d] [com.apple.launchservices:default] Unable to load Info.plist exceptions (gameModeOverrides)
2026-09-16 15:50:47.633 I  PeachCommander[21528:1167d] [com.apple.launchservices:default] Unable to load Info.plist exceptions (identifiedGameOverrides)
2026-09-16 15:50:47.633 I  PeachCommander[21528:1167d] [com.apple.launchservices:default] Unable to load Info.plist exceptions (SystemHiddenPreferred)
2026-09-16 15:50:47.634 Df PeachCommander[21528:11675] [com.apple.FrontBoard:Common] FBSWorkspace: endpoint monitoring is disabled.
2026-09-16 15:50:47.634 Df PeachCommander[21528:11675] [com.apple.FrontBoard:Common] FBSWorkspace: default shell endpoint is disabled.
2026-09-16 15:50:47.635 Df PeachCommander[21528:11675] [com.apple.runningboard:connection] Initializing connection
2026-09-16 15:50:47.635 Df PeachCommander[21528:11675] [com.apple.runningboard:process] Removing all cached process handles
2026-09-16 15:50:47.635 Df PeachCommander[21528:11683] [com.apple.runningboard:connection] Sending handshake request attempt #1 to server
2026-09-16 15:50:47.635 Df PeachCommander[21528:11683] [com.apple.runningboard:connection] Creating connection to com.apple.runningboard
2026-09-16 15:50:47.635 Df PeachCommander[21528:11683] [com.apple.xpc:connection] [0x7dac80640] activating connection: mach=true listener=false peer=false name=com.apple.runningboard
2026-09-16 15:50:47.635 Df PeachCommander[21528:11675] [com.apple.xpc:connection] [0x7dac80280] Connection returned listener port: 0x5403
2026-09-16 15:50:47.635 I  PeachCommander[21528:11675] [com.apple.launchservices:cas] information in shared memory for 0x0-0xf60f6 with seed 533 was still valid, so using cached info { "ApplicationType"="Foreground", "BuildMachineOSBuild"="25E246", "BundleIdentifierLowerCase"="com.peachcommander.app", "CFBundleDevelopmentRegion"="en", "CFBundleDocumentTypes"=( { "CFBundleTypeName"="Peach Commander Plugin Package", "CFBundleTypeRole"="Viewer", "LSHandlerRank"="Owner", "LSItemContentTypes"=( "com.peachcommander.plugin-package") }, { "CFBundleTypeName"="Peach Commander Workspace", "CFBundleTypeRole"="Viewer", "LSHandlerRank"="Owner", "LSItemContentTypes"=( "com.peachcommander.workspace") }), "CFBundleExecutable"="PeachCommander", "CFBundleExecutablePath"="/Users/admin/pc-test/PeachCommander.app/Contents/MacOS/PeachCommander", "CFBundleExecutablePathDeviceID"=16777225, "CFBundleExecutablePathINode"=488203, "CFBundleHelpBookFolder"="PeachCommander.help", "CFBundleHelpBookName"="Peach Commander Help", "CFBundleIconFile"="AppIcon", "CFBundleIconName"="AppIcon", "CFBundleIdentifier"="com.peachcommander.app", "CFBundleInfoDictionaryVersion"="6.0", "CFBundleName"="PeachCo<…>
2026-09-16 15:50:47.635 A  PeachCommander[21528:1167d] (RunningBoardServices) didChangeInheritances
2026-09-16 15:50:47.636 Df PeachCommander[21528:11683] [com.apple.runningboard:connection] Handshake succeeded
2026-09-16 15:50:47.636 Df PeachCommander[21528:11683] [com.apple.runningboard:connection] Identity resolved as app<application.com.peachcommander.app.487009.488203(501)>
2026-09-16 15:50:47.637 Df PeachCommander[21528:11675] [com.apple.xpc:connection] [0x7dac80280] Connection returned listener port: 0x5403
2026-09-16 15:50:47.638 Df PeachCommander[21528:11681] [com.apple.CoreAnalytics:client] Received configuration update from daemon (initial)
2026-09-16 15:50:47.638 A  PeachCommander[21528:11681] (AppIntents) appintents:register process
2026-09-16 15:50:47.639 Df PeachCommander[21528:11681] [com.apple.appintents:Connection] Created a new Process Instance Registry XPC connection (inactive)
2026-09-16 15:50:47.639 Df PeachCommander[21528:11681] [com.apple.xpc:connection] [0x7dac808c0] activating connection: mach=true listener=false peer=false name=com.apple.linkd.autoShortcut
2026-09-16 15:50:47.639 Df PeachCommander[21528:11681] [com.apple.appintents:Connection] Activated connection to linkd (ApplicationService)
2026-09-16 15:50:47.639 Df PeachCommander[21528:11681] [com.apple.xpc:connection] [0x7dac80a00] activating connection: mach=false listener=true peer=false name=(anonymous)
2026-09-16 15:50:47.639 I  PeachCommander[21528:11675] [com.apple.launchservices:cas] information in shared memory for 0x0-0xf60f6 with seed 533 was still valid, so using cached info { "ApplicationType"="Foreground", "BuildMachineOSBuild"="25E246", "BundleIdentifierLowerCase"="com.peachcommander.app", "CFBundleDevelopmentRegion"="en", "CFBundleDocumentTypes"=( { "CFBundleTypeName"="Peach Commander Plugin Package", "CFBundleTypeRole"="Viewer", "LSHandlerRank"="Owner", "LSItemContentTypes"=( "com.peachcommander.plugin-package") }, { "CFBundleTypeName"="Peach Commander Workspace", "CFBundleTypeRole"="Viewer", "LSHandlerRank"="Owner", "LSItemContentTypes"=( "com.peachcommander.workspace") }), "CFBundleExecutable"="PeachCommander", "CFBundleExecutablePath"="/Users/admin/pc-test/PeachCommander.app/Contents/MacOS/PeachCommander", "CFBundleExecutablePathDeviceID"=16777225, "CFBundleExecutablePathINode"=488203, "CFBundleHelpBookFolder"="PeachCommander.help", "CFBundleHelpBookName"="Peach Commander Help", "CFBundleIconFile"="AppIcon", "CFBundleIconName"="AppIcon", "CFBundleIdentifier"="com.peachcommander.app", "CFBundleInfoDictionaryVersion"="6.0", "CFBundleName"="PeachCo<…>
2026-09-16 15:50:47.639 I  PeachCommander[21528:11675] [com.apple.hiservices:processmgr] TransformProcessType(0x0,0x2 => 1 wasFront=1 pickNew=0)
2026-09-16 15:50:47.639 I  PeachCommander[21528:11675] [com.apple.CoreAnalytics:client] Dropping "com.apple.appkit.app_config" as it isn't used in any transform (not in the config or budgeted?)
2026-09-16 15:50:47.640 I  PeachCommander[21528:11681] [com.apple.appintents:Execution] LNAppConnectionListener instantiated
2026-09-16 15:50:47.640 Df PeachCommander[21528:11681] [com.apple.xpc:connection] [0x7dac80a00] Connection returned listener port: 0x6903
2026-09-16 15:50:47.640 Df PeachCommander[21528:11675] [com.apple.dt.xctest:Default] Registering for test daemon availability notify post.
2026-09-16 15:50:47.640 Df PeachCommander[21528:1167c] [com.apple.xpc:connection] [0x7dac808c0] Re-initialization successful; calling out to event handler with XPC_ERROR_CONNECTION_INTERRUPTED
2026-09-16 15:50:47.640 Df PeachCommander[21528:1167c] [com.apple.appintents:Connection] Process Instance Registry XPC connection has been interrupted
2026-09-16 15:50:47.640 Df PeachCommander[21528:11675] [com.apple.dt.xctest:Default] notify_get_state check indicated test daemon not ready.
2026-09-16 15:50:47.640 E  PeachCommander[21528:11681] [com.apple.appintents:Connection] Unable to get synchronousRemoteObjectProxy, error: Error Domain=NSCocoaErrorDomain Code=4097 "connection to service named com.apple.linkd.autoShortcut" UserInfo={NSDebugDescription=connection to service named com.apple.linkd.autoShortcut}
2026-09-16 15:50:47.640 E  PeachCommander[21528:11681] [com.apple.AppKit:Application] Error registering app with intents framework: Error Domain=NSCocoaErrorDomain Code=4097 UserInfo={NSDebugDescription=<private>}
2026-09-16 15:50:47.640 Df PeachCommander[21528:11675] [com.apple.dt.xctest:Default] notify_get_state check indicated test daemon not ready.
2026-09-16 15:50:47.640 Df PeachCommander[21528:11683] [com.apple.appintents:Connection] Created a new Process Instance Registry XPC connection (inactive)
2026-09-16 15:50:47.640 A  PeachCommander[21528:11683] (AppIntents) appintents:register process
2026-09-16 15:50:47.640 Df PeachCommander[21528:11675] [com.apple.dt.xctest:Default] notify_get_state check indicated test daemon not ready.
2026-09-16 15:50:47.640 Df PeachCommander[21528:11683] [com.apple.appintents:Connection] Created a new Process Instance Registry XPC connection (inactive)
2026-09-16 15:50:47.640 Df PeachCommander[21528:11683] [com.apple.xpc:connection] [0x7dac80c80] activating connection: mach=true listener=false peer=false name=com.apple.linkd.autoShortcut
2026-09-16 15:50:47.640 Df PeachCommander[21528:11683] [com.apple.appintents:Connection] Activated connection to linkd (ApplicationService)
2026-09-16 15:50:47.640 Df PeachCommander[21528:11683] [com.apple.xpc:connection] [0x7dac80a00] Connection returned listener port: 0x6903
2026-09-16 15:50:47.641 Df PeachCommander[21528:11681] [com.apple.xpc:connection] [0x7dac80c80] Re-initialization successful; calling out to event handler with XPC_ERROR_CONNECTION_INTERRUPTED
2026-09-16 15:50:47.641 Df PeachCommander[21528:11681] [com.apple.appintents:Connection] Process Instance Registry XPC connection has been interrupted
2026-09-16 15:50:47.641 E  PeachCommander[21528:11683] [com.apple.appintents:Connection] Unable to get synchronousRemoteObjectProxy, error: Error Domain=NSCocoaErrorDomain Code=4097 "connection to service named com.apple.linkd.autoShortcut" UserInfo={NSDebugDescription=connection to service named com.apple.linkd.autoShortcut}
2026-09-16 15:50:47.641 E  PeachCommander[21528:11683] [com.apple.appintents:Connection] Unable to re-register with Process Instance Registry, error: Error Domain=NSCocoaErrorDomain Code=4097 "connection to service named com.apple.linkd.autoShortcut" UserInfo={NSDebugDescription=connection to service named com.apple.linkd.autoShortcut}
2026-09-16 15:50:47.641 Df PeachCommander[21528:11681] [com.apple.appintents:Connection] Created a new Process Instance Registry XPC connection (inactive)
2026-09-16 15:50:47.641 A  PeachCommander[21528:11681] (AppIntents) appintents:register process
2026-09-16 15:50:47.641 Df PeachCommander[21528:11681] [com.apple.appintents:Connection] Created a new Process Instance Registry XPC connection (inactive)
2026-09-16 15:50:47.641 Df PeachCommander[21528:11681] [com.apple.xpc:connection] [0x7dac812c0] activating connection: mach=true listener=false peer=false name=com.apple.linkd.autoShortcut
2026-09-16 15:50:47.641 Df PeachCommander[21528:11681] [com.apple.appintents:Connection] Activated connection to linkd (ApplicationService)
2026-09-16 15:50:47.641 Df PeachCommander[21528:11681] [com.apple.xpc:connection] [0x7dac80a00] Connection returned listener port: 0x6903
2026-09-16 15:50:47.641 Df PeachCommander[21528:11683] [com.apple.xpc:connection] [0x7dac812c0] Re-initialization successful; calling out to event handler with XPC_ERROR_CONNECTION_INTERRUPTED
2026-09-16 15:50:47.641 Df PeachCommander[21528:11683] [com.apple.appintents:Connection] Process Instance Registry XPC connection has been interrupted
2026-09-16 15:50:47.641 E  PeachCommander[21528:11681] [com.apple.appintents:Connection] Unable to get synchronousRemoteObjectProxy, error: Error Domain=NSCocoaErrorDomain Code=4097 "connection to service named com.apple.linkd.autoShortcut" UserInfo={NSDebugDescription=connection to service named com.apple.linkd.autoShortcut}
2026-09-16 15:50:47.641 E  PeachCommander[21528:11681] [com.apple.appintents:Connection] Unable to re-register with Process Instance Registry, error: Error Domain=NSCocoaErrorDomain Code=4097 "connection to service named com.apple.linkd.autoShortcut" UserInfo={NSDebugDescription=connection to service named com.apple.linkd.autoShortcut}
2026-09-16 15:50:47.641 Df PeachCommander[21528:11683] [com.apple.appintents:Connection] Created a new Process Instance Registry XPC connection (inactive)
2026-09-16 15:50:47.641 A  PeachCommander[21528:11683] (AppIntents) appintents:register process
2026-09-16 15:50:47.641 Df PeachCommander[21528:11683] [com.apple.appintents:Connection] Created a new Process Instance Registry XPC connection (inactive)
2026-09-16 15:50:47.641 Df PeachCommander[21528:11683] [com.apple.xpc:connection] [0x7dac81540] activating connection: mach=true listener=false peer=false name=com.apple.linkd.autoShortcut
2026-09-16 15:50:47.641 Df PeachCommander[21528:11683] [com.apple.appintents:Connection] Activated connection to linkd (ApplicationService)
2026-09-16 15:50:47.641 Df PeachCommander[21528:11683] [com.apple.xpc:connection] [0x7dac80a00] Connection returned listener port: 0x6903
2026-09-16 15:50:47.642 Df PeachCommander[21528:11681] [com.apple.xpc:connection] [0x7dac81540] Re-initialization successful; calling out to event handler with XPC_ERROR_CONNECTION_INTERRUPTED
2026-09-16 15:50:47.642 Df PeachCommander[21528:11681] [com.apple.appintents:Connection] Process Instance Registry XPC connection has been interrupted
2026-09-16 15:50:47.642 E  PeachCommander[21528:11681] [com.apple.appintents:Connection] Will NOT re-try to establish the connection
2026-09-16 15:50:47.642 E  PeachCommander[21528:11683] [com.apple.appintents:Connection] Unable to get synchronousRemoteObjectProxy, error: Error Domain=NSCocoaErrorDomain Code=4097 "connection to service named com.apple.linkd.autoShortcut" UserInfo={NSDebugDescription=connection to service named com.apple.linkd.autoShortcut}
2026-09-16 15:50:47.642 E  PeachCommander[21528:11683] [com.apple.appintents:Connection] Unable to re-register with Process Instance Registry, error: Error Domain=NSCocoaErrorDomain Code=4097 "connection to service named com.apple.linkd.autoShortcut" UserInfo={NSDebugDescription=connection to service named com.apple.linkd.autoShortcut}
2026-09-16 15:50:47.645 A  PeachCommander[21528:11675] (CoreFoundation) Loading Preferences From System CFPrefsD
2026-09-16 15:50:47.646 Df PeachCommander[21528:11675] (libMobileGestalt.dylib) couldn't load support library
2026-09-16 15:50:47.646 Df PeachCommander[21528:11675] (libMobileGestalt.dylib) called dummy function!
2026-09-16 15:50:47.646 I  PeachCommander[21528:11675] [com.apple.GenerativeModels:availability] Current availability state: unavailable, use cases: com.apple.WritingTools, language: <any>, api: <private>
2026-09-16 15:50:47.646 Df PeachCommander[21528:11675] [com.apple.GenerativeModels:availability] registering darwin observer for name: com.apple.gms.availability.notification
2026-09-16 15:50:47.646 Df PeachCommander[21528:11675] [com.apple.GenerativeModels:availability] registering darwin observer for name: com.apple.os-eligibility-domain.change.greymatter
2026-09-16 15:50:47.646 Df PeachCommander[21528:11675] [com.apple.GenerativeModels:availability] registering darwin observer for name: com.apple.language.changed
2026-09-16 15:50:47.647 Df PeachCommander[21528:11675] [com.apple.WritingTools:Default] isAvailable value changed: isMDMAllowed = true, gmAvailable (current) = false
2026-09-16 15:50:47.651 I  PeachCommander[21528:11675] [com.apple.CoreAnalytics:client] Dropping "com.apple.appkit.app_config" as it isn't used in any transform (not in the config or budgeted?)
2026-09-16 15:50:47.655 Df PeachCommander[21528:11675] [com.apple.AppKit:Appearance] NSApp cache appearance:
-NSRequiresAquaSystemAppearance: 0
-appearance: (null)
-effectiveAppearance: <NSCompositeAppearance: 0x7db070500
 (
    "<NSAquaAppearance: 0x7db070460>",
    "<NSSystemAppearance: 0x7db070780>"
)>
2026-09-16 15:50:47.658 A  PeachCommander[21528:11675] (CoreFoundation) Loading Preferences From User CFPrefsD
2026-09-16 15:50:47.659 A  PeachCommander[21528:11675] (CoreFoundation) Loading Preferences From User CFPrefsD
2026-09-16 15:50:47.664 A  PeachCommander[21528:11681] (libsystem_info.dylib) Membership API: translate identifier
2026-09-16 15:50:47.668 I  PeachCommander[21528:11675] [com.apple.CoreAnalytics:client] Dropping "com.apple.appkit.app_config" as it isn't used in any transform (not in the config or budgeted?)
2026-09-16 15:50:47.668 I  PeachCommander[21528:11675] [com.apple.CoreAnalytics:client] Dropping "com.apple.appkit.app_config" as it isn't used in any transform (not in the config or budgeted?)
2026-09-16 15:50:47.670 Df PeachCommander[21528:11683] [com.apple.xpc:connection] [0x7dac81a40] activating connection: mach=true listener=false peer=false name=com.apple.dock.fullscreen
2026-09-16 15:50:47.672 Df PeachCommander[21528:11675] [com.apple.xpc:connection] [0x7dac81b80] activating connection: mach=true listener=false peer=false name=com.apple.fonts
2026-09-16 15:50:47.675 I  PeachCommander[21528:11675] [com.apple.launchservices:cas] information in shared memory for 0x0-0xf60f6 with seed 533 was still valid, so using cached info { "ApplicationType"="Foreground", "BuildMachineOSBuild"="25E246", "BundleIdentifierLowerCase"="com.peachcommander.app", "CFBundleDevelopmentRegion"="en", "CFBundleDocumentTypes"=( { "CFBundleTypeName"="Peach Commander Plugin Package", "CFBundleTypeRole"="Viewer", "LSHandlerRank"="Owner", "LSItemContentTypes"=( "com.peachcommander.plugin-package") }, { "CFBundleTypeName"="Peach Commander Workspace", "CFBundleTypeRole"="Viewer", "LSHandlerRank"="Owner", "LSItemContentTypes"=( "com.peachcommander.workspace") }), "CFBundleExecutable"="PeachCommander", "CFBundleExecutablePath"="/Users/admin/pc-test/PeachCommander.app/Contents/MacOS/PeachCommander", "CFBundleExecutablePathDeviceID"=16777225, "CFBundleExecutablePathINode"=488203, "CFBundleHelpBookFolder"="PeachCommander.help", "CFBundleHelpBookName"="Peach Commander Help", "CFBundleIconFile"="AppIcon", "CFBundleIconName"="AppIcon", "CFBundleIdentifier"="com.peachcommander.app", "CFBundleInfoDictionaryVersion"="6.0", "CFBundleName"="PeachCo<…>
2026-09-16 15:50:47.675 I  PeachCommander[21528:11675] [com.apple.CoreAnalytics:client] Dropping "com.apple.appkit.app_config" as it isn't used in any transform (not in the config or budgeted?)
2026-09-16 15:50:47.675 Df PeachCommander[21528:11675] [com.apple.AppKit:AutomaticTermination] -[NSApplication(NSAppssassination) _checkForAutomaticTerminationSupportPossiblyEnablingIt]_block_invoke Enabling automatic termination support.
2026-09-16 15:50:47.676 Df PeachCommander[21528:11675] [com.apple.xpc:connection] [0x7dac80dc0] activating connection: mach=true listener=false peer=false name=com.apple.appkit.restoration_storage
2026-09-16 15:50:47.676 I  PeachCommander[21528:11675] [com.apple.launchservices:cas] information in shared memory for 0x0-0xf60f6 with seed 533 was still valid, so using cached info { "ApplicationType"="Foreground", "BuildMachineOSBuild"="25E246", "BundleIdentifierLowerCase"="com.peachcommander.app", "CFBundleDevelopmentRegion"="en", "CFBundleDocumentTypes"=( { "CFBundleTypeName"="Peach Commander Plugin Package", "CFBundleTypeRole"="Viewer", "LSHandlerRank"="Owner", "LSItemContentTypes"=( "com.peachcommander.plugin-package") }, { "CFBundleTypeName"="Peach Commander Workspace", "CFBundleTypeRole"="Viewer", "LSHandlerRank"="Owner", "LSItemContentTypes"=( "com.peachcommander.workspace") }), "CFBundleExecutable"="PeachCommander", "CFBundleExecutablePath"="/Users/admin/pc-test/PeachCommander.app/Contents/MacOS/PeachCommander", "CFBundleExecutablePathDeviceID"=16777225, "CFBundleExecutablePathINode"=488203, "CFBundleHelpBookFolder"="PeachCommander.help", "CFBundleHelpBookName"="Peach Commander Help", "CFBundleIconFile"="AppIcon", "CFBundleIconName"="AppIcon", "CFBundleIdentifier"="com.peachcommander.app", "CFBundleInfoDictionaryVersion"="6.0", "CFBundleName"="PeachCo<…>
2026-09-16 15:50:47.676 Df PeachCommander[21528:11675] [com.apple.xpc:connection] [0x7dac80f00] activating connection: mach=true listener=false peer=false name=com.apple.coreservices.appleevents
2026-09-16 15:50:47.676 I  PeachCommander[21528:11675] [com.apple.appleevents:main] _AEGetRegisteredMachPort() created default port (port:63491/0xf803 rcv:1 send:1 limit:5) and registered it with server
2026-09-16 15:50:47.676 Df PeachCommander[21528:11675] [com.apple.xpc:connection] [0x7dac80280] Connection returned listener port: 0x5403
2026-09-16 15:50:47.677 I  PeachCommander[21528:11675] [com.apple.launchservices:cas] information in shared memory for 0x0-0xf60f6 with seed 533 was still valid, so using cached info { "ApplicationType"="Foreground", "BuildMachineOSBuild"="25E246", "BundleIdentifierLowerCase"="com.peachcommander.app", "CFBundleDevelopmentRegion"="en", "CFBundleDocumentTypes"=( { "CFBundleTypeName"="Peach Commander Plugin Package", "CFBundleTypeRole"="Viewer", "LSHandlerRank"="Owner", "LSItemContentTypes"=( "com.peachcommander.plugin-package") }, { "CFBundleTypeName"="Peach Commander Workspace", "CFBundleTypeRole"="Viewer", "LSHandlerRank"="Owner", "LSItemContentTypes"=( "com.peachcommander.workspace") }), "CFBundleExecutable"="PeachCommander", "CFBundleExecutablePath"="/Users/admin/pc-test/PeachCommander.app/Contents/MacOS/PeachCommander", "CFBundleExecutablePathDeviceID"=16777225, "CFBundleExecutablePathINode"=488203, "CFBundleHelpBookFolder"="PeachCommander.help", "CFBundleHelpBookName"="Peach Commander Help", "CFBundleIconFile"="AppIcon", "CFBundleIconName"="AppIcon", "CFBundleIdentifier"="com.peachcommander.app", "CFBundleInfoDictionaryVersion"="6.0", "CFBundleName"="PeachCo<…>
2026-09-16 15:50:47.677 Df PeachCommander[21528:11675] [com.apple.processmanager:front-35286506] SignalReady: pid=21528 asn=0x0-0xf60f6
2026-09-16 15:50:47.677 Df PeachCommander[21528:11675] [com.apple.processmanager:front-35286506] SIGNAL: pid=21528 asn=0x0x-0xf60f6
2026-09-16 15:50:47.677 I  PeachCommander[21528:11675] [com.apple.appleevents:main] aeGenerateFakeFirstOAPPEventIfNecessary()
2026-09-16 15:50:47.677 I  PeachCommander[21528:11675] [com.apple.appleevents:main] aeGenerateFakeFirstOAPPEventIfNecessary(), needToCreateFakeOAPPEventIfFirstEvent == true
2026-09-16 15:50:47.677 I  PeachCommander[21528:11675] [com.apple.launchservices:cas] Removing cached information for app [ 0x0-0xf60f6]  "PeachCommander", as its seed is different from that in shared memory ( 533 vs 535)
2026-09-16 15:50:47.678 I  PeachCommander[21528:11675] [com.apple.CFPasteboard:entry] CopyData('DefaultAsciiKeyboardLayoutPasteboard' (<CFUUID 0x7daf367e0> 067C12CC-A735-466A-AF0C-07602C3615B9) gen: -1 item: 1264739405 flavor: 'DefaultAsciiKeyboardLayoutFlavor')
2026-09-16 15:50:47.678 I  PeachCommander[21528:11675] [com.apple.CFPasteboard:cache] Rebuilding cache for 'DefaultAsciiKeyboardLayoutPasteboard' (<CFUUID 0x7daf367e0> 067C12CC-A735-466A-AF0C-07602C3615B9)
2026-09-16 15:50:47.678 I  PeachCommander[21528:11675] [com.apple.CFPasteboard:exit] (not-in-cache) - result: -8 generation: 0 null data flags: 0
2026-09-16 15:50:47.678 A  PeachCommander[21528:11675] (CoreFoundation) Loading Preferences From User CFPrefsD
2026-09-16 15:50:47.678 A  PeachCommander[21528:11675] (CoreFoundation) Loading Preferences From System CFPrefsD
2026-09-16 15:50:47.679 I  PeachCommander[21528:11675] [com.apple.CFPasteboard:entry] CopyData('AppleIntlFileCacheModificationDatePasteboard' (<CFUUID 0x7daf366e0> CF1E2178-6F18-422F-A602-F8BB6BDA0223) gen: -1 item: 1 flavor: '-32766 1768845414')
2026-09-16 15:50:47.679 I  PeachCommander[21528:11675] [com.apple.CFPasteboard:cache] Rebuilding cache for 'AppleIntlFileCacheModificationDatePasteboard' (<CFUUID 0x7daf366e0> CF1E2178-6F18-422F-A602-F8BB6BDA0223)
2026-09-16 15:50:47.679 I  PeachCommander[21528:11675] [com.apple.CFPasteboard:general] Will request data from daemon
2026-09-16 15:50:47.679 I  PeachCommander[21528:11675] [com.apple.CFPasteboard:exit] (not-in-cache) - result: 0 generation: 1 data (310 bytes) flags: 0
2026-09-16 15:50:47.679 I  PeachCommander[21528:11675] [com.apple.CFPasteboard:entry] CopyData('AppleIntlFileCacheModificationDatePasteboard' (<CFUUID 0x7daf366e0> CF1E2178-6F18-422F-A602-F8BB6BDA0223) gen: -1 item: 1 flavor: '-32765 1802264953')
2026-09-16 15:50:47.679 I  PeachCommander[21528:11675] [com.apple.CFPasteboard:general] Will request data from daemon
2026-09-16 15:50:47.679 I  PeachCommander[21528:11675] [com.apple.CFPasteboard:exit] (not-in-cache) - result: 0 generation: 1 data (306 bytes) flags: 0
2026-09-16 15:50:47.680 I  PeachCommander[21528:11675] [com.apple.CFPasteboard:entry] CopyData('AppleIntlFileCacheModificationDatePasteboard' (<CFUUID 0x7daf366e0> CF1E2178-6F18-422F-A602-F8BB6BDA0223) gen: -1 item: 1 flavor: '-32764 1802264953')
2026-09-16 15:50:47.680 I  PeachCommander[21528:11675] [com.apple.CFPasteboard:general] Will request data from daemon
2026-09-16 15:50:47.680 I  PeachCommander[21528:11675] [com.apple.CFPasteboard:exit] (not-in-cache) - result: 0 generation: 1 data (281 bytes) flags: 0
2026-09-16 15:50:47.680 I  PeachCommander[21528:11675] [com.apple.CFPasteboard:entry] CopyData('AppleIntlFileCacheModificationDatePasteboard' (<CFUUID 0x7daf366e0> CF1E2178-6F18-422F-A602-F8BB6BDA0223) gen: -1 item: 1 flavor: '-32763 1802264953')
2026-09-16 15:50:47.680 I  PeachCommander[21528:11675] [com.apple.CFPasteboard:general] Will request data from daemon
2026-09-16 15:50:47.680 I  PeachCommander[21528:11675] [com.apple.CFPasteboard:exit] (not-in-cache) - result: 0 generation: 1 data (318 bytes) flags: 0
2026-09-16 15:50:47.680 I  PeachCommander[21528:11675] [com.apple.CFPasteboard:entry] CopyData('AppleIntlFileCacheModificationDatePasteboard' (<CFUUID 0x7daf366e0> CF1E2178-6F18-422F-A602-F8BB6BDA0223) gen: -1 item: 1 flavor: '-32765 1768845414')
2026-09-16 15:50:47.680 I  PeachCommander[21528:11675] [com.apple.CFPasteboard:general] Will request data from daemon
2026-09-16 15:50:47.680 I  PeachCommander[21528:11675] [com.apple.CFPasteboard:exit] (not-in-cache) - result: 0 generation: 1 data (303 bytes) flags: 0
2026-09-16 15:50:47.680 I  PeachCommander[21528:11675] [com.apple.CFPasteboard:entry] CopyData('AppleIntlFileCacheModificationDatePasteboard' (<CFUUID 0x7daf366e0> CF1E2178-6F18-422F-A602-F8BB6BDA0223) gen: -1 item: 1 flavor: '-32763 1768845414')
2026-09-16 15:50:47.680 I  PeachCommander[21528:11675] [com.apple.CFPasteboard:general] Will request data from daemon
2026-09-16 15:50:47.680 I  PeachCommander[21528:11675] [com.apple.CFPasteboard:exit] (not-in-cache) - result: 0 generation: 1 data (315 bytes) flags: 0
2026-09-16 15:50:47.682 I  PeachCommander[21528:11675] [com.apple.launchservices:cas] information in shared memory for 0x0-0xf60f6 with seed 535 was still valid, so using cached info { "ApplicationType"="Foreground", "BuildMachineOSBuild"="25E246", "BundleIdentifierLowerCase"="com.peachcommander.app", "CFBundleDevelopmentRegion"="en", "CFBundleDocumentTypes"=( { "CFBundleTypeName"="Peach Commander Plugin Package", "CFBundleTypeRole"="Viewer", "LSHandlerRank"="Owner", "LSItemContentTypes"=( "com.peachcommander.plugin-package") }, { "CFBundleTypeName"="Peach Commander Workspace", "CFBundleTypeRole"="Viewer", "LSHandlerRank"="Owner", "LSItemContentTypes"=( "com.peachcommander.workspace") }), "CFBundleExecutable"="PeachCommander", "CFBundleExecutablePath"="/Users/admin/pc-test/PeachCommander.app/Contents/MacOS/PeachCommander", "CFBundleExecutablePathDeviceID"=16777225, "CFBundleExecutablePathINode"=488203, "CFBundleHelpBookFolder"="PeachCommander.help", "CFBundleHelpBookName"="Peach Commander Help", "CFBundleIconFile"="AppIcon", "CFBundleIconName"="AppIcon", "CFBundleIdentifier"="com.peachcommander.app", "CFBundleInfoDictionaryVersion"="6.0", "CFBundleName"="PeachCo<…>
2026-09-16 15:50:47.682 Df PeachCommander[21528:11675] [com.apple.xpc:connection] [0x7dac81e00] activating connection: mach=false listener=false peer=false name=com.apple.ViewBridgeAuxiliary
2026-09-16 15:50:47.688 Df PeachCommander[21528:11675] [com.apple.xpc:connection] [0x7dac81cc0] activating connection: mach=false listener=false peer=false name=(anonymous)
2026-09-16 15:50:47.688 Df PeachCommander[21528:11675] [com.apple.xpc:connection] [0x7dac81f40] activating connection: mach=false listener=true peer=false name=(anonymous)
2026-09-16 15:50:47.688 Df PeachCommander[21528:11675] [com.apple.xpc:connection] [0x7dac81f40] Connection returned listener port: 0xb803
2026-09-16 15:50:47.689 Df PeachCommander[21528:11675] [com.apple.xpc:connection] [0x7dac81e00] invalidated after the last release of the connection object
2026-09-16 15:50:47.689 I  PeachCommander[21528:11675] [com.apple.showhide:pr-59900543] SHOWHIDE: SHOW id=460 0x0-0xF60F6, err=0 eventTime=1578978946291 windowID=0
2026-09-16 15:50:47.689 I  PeachCommander[21528:11675] [com.apple.CarbonCore:coreservicesdaemon] findOrCreateCacheable():findOrCreateCacheable(), factoryName=3 cacheableName=<private> fCacheables.size()=0
2026-09-16 15:50:47.689 I  PeachCommander[21528:11675] [com.apple.CarbonCore:coreservicesdaemon] findOrCreateCacheable():findOrCreateCacheable(), result = 0x7dac4bec0 (should be non-NULL)
2026-09-16 15:50:47.690 Df PeachCommander[21528:11675] [com.apple.AppKit:AutomaticTermination] void _NSDisableAutomaticTerminationAndLog(NSString *) Restoring windows
2026-09-16 15:50:47.690 Df PeachCommander[21528:11675] [com.apple.AppKit:StateRestoration] -[NSApplication _reopenWindowsAsNecessaryIncludingRestorableState:withFullFidelity:completionHandler:] shouldRestoreState=1 hasPersistentStateToRestore=0 shouldStillRestoreStateAfterPrompting=0
2026-09-16 15:50:47.690 Df PeachCommander[21528:11675] [com.apple.xpc:connection] [0x7dac81e00] activating connection: mach=true listener=false peer=false name=com.apple.window_proxies
2026-09-16 15:50:47.690 Df PeachCommander[21528:11675] [com.apple.xpc:connection] [0x7dac81e00] invalidated because the current process cancelled the connection by calling xpc_connection_cancel()
2026-09-16 15:50:47.690 I  PeachCommander[21528:11675] [com.apple.SkyLight:processes] 0[outside of RPC]: SLSSetFrontProcessWithInfo(0x0-0x2 window=0 options=0x1
2026-09-16 15:50:47.691 I  PeachCommander[21528:11675] [com.apple.CoreAnalytics:client] Dropping "com.apple.appkit.app_config" as it isn't used in any transform (not in the config or budgeted?)
2026-09-16 15:50:47.691 Df PeachCommander[21528:11675] [com.apple.AppKit:AutomaticTermination] void _NSEnableAutomaticTerminationAndLog(NSString *) Restoring windows
2026-09-16 15:50:47.694 I  PeachCommander[21528:11675] [com.apple.CoreAnalytics:client] Dropping "com.apple.appkit.app_config" as it isn't used in any transform (not in the config or budgeted?)
2026-09-16 15:50:47.695 I  PeachCommander[21528:11675] [com.apple.CoreAnalytics:client] Dropping "com.apple.appkit.app_config" as it isn't used in any transform (not in the config or budgeted?)
2026-09-16 15:50:47.700 A  PeachCommander[21528:11681] (RunningBoardServices) didChangeInheritances
2026-09-16 15:50:47.710 A  PeachCommander[21528:11675] (CoreFoundation) Loading Preferences From User CFPrefsD
2026-09-16 15:50:47.720 I  PeachCommander[21528:11675] [com.peachcommander:PCFoundation] VolumeManager initialized
2026-09-16 15:50:47.747 Df PeachCommander[21528:11675] [com.apple.BoardServices:XPCErrors] [C:1] Alloc <private>
2026-09-16 15:50:47.747 Df PeachCommander[21528:11675] [com.apple.xpc:connection] [0x7da425540] activating connection: mach=false listener=false peer=false name=(anonymous)
2026-09-16 15:50:47.749 I  PeachCommander[21528:11675] [com.apple.AppKit:Window] context (0 -> 5157af35) for window 40f
2026-09-16 15:50:47.750 Df PeachCommander[21528:11681] [com.apple.corespotlight:index] (<private>) deleteSearchableItemsWithDomainIdentifiers, protectionClass:(null), domainIdentifiers number:1
2026-09-16 15:50:47.750 A  PeachCommander[21528:11681] (CoreSpotlight) delete-domains
2026-09-16 15:50:47.750 Df PeachCommander[21528:11683] [com.apple.corespotlight:index] CSInlineDonation:<private>: Skipping donation (feature flag disabled)
2026-09-16 15:50:47.750 Df PeachCommander[21528:11683] (CoreSpotlight) sConnectionName: com.apple.spotlight.IndexAgent
2026-09-16 15:50:47.750 Df PeachCommander[21528:11683] (CoreSpotlight) Start service name com.apple.spotlight.IndexAgent
2026-09-16 15:50:47.751 Df PeachCommander[21528:11683] [com.apple.xpc:connection] [0x7da4257c0] activating connection: mach=true listener=false peer=false name=com.apple.spotlight.IndexAgent
2026-09-16 15:50:47.751 I  PeachCommander[21528:11675] [com.peachcommander:PCFoundation] MainWindowController initialized (config: <private>)
2026-09-16 15:50:47.751 I  PeachCommander[21528:11675] [com.peachcommander:PCFoundation] SelectionState initialized
2026-09-16 15:50:47.751 I  PeachCommander[21528:11675] [com.peachcommander:PCFoundation] DirectoryModel initialized
2026-09-16 15:50:47.751 I  PeachCommander[21528:11675] [com.peachcommander:PCFoundation] VolumeManager initialized
2026-09-16 15:50:47.751 I  PeachCommander[21528:11675] [com.peachcommander:PCFoundation] PanelController initialized for <private> panel
2026-09-16 15:50:47.752 I  PeachCommander[21528:11675] [com.peachcommander:PCFoundation] SelectionState initialized
2026-09-16 15:50:47.752 I  PeachCommander[21528:11675] [com.peachcommander:PCFoundation] DirectoryModel initialized
2026-09-16 15:50:47.752 I  PeachCommander[21528:11675] [com.peachcommander:PCFoundation] VolumeManager initialized
2026-09-16 15:50:47.752 I  PeachCommander[21528:11675] [com.peachcommander:PCFoundation] PanelController initialized for <private> panel
2026-09-16 15:50:47.759 I  PeachCommander[21528:11675] [com.apple.AppKit:Animation] Running new animation: <private>
2026-09-16 15:50:47.759 I  PeachCommander[21528:11675] [com.apple.AppKit:Animation] Running new animation: <private>
2026-09-16 15:50:47.759 I  PeachCommander[21528:11675] [com.apple.AppKit:Animation] Running new animation: <private>
2026-09-16 15:50:47.759 I  PeachCommander[21528:11675] [com.apple.AppKit:Animation] Running new animation: <private>
2026-09-16 15:50:47.759 I  PeachCommander[21528:11675] [com.apple.AppKit:Animation] Running new animation: <private>
2026-09-16 15:50:47.762 I  PeachCommander[21528:11675] [com.apple.AppKit:Animation] Running new animation: <private>
2026-09-16 15:50:47.762 I  PeachCommander[21528:11675] [com.apple.AppKit:Animation] Running new animation: <private>
2026-09-16 15:50:47.762 I  PeachCommander[21528:11675] [com.apple.AppKit:Animation] Running new animation: <private>
2026-09-16 15:50:47.762 I  PeachCommander[21528:11675] [com.apple.AppKit:Animation] Running new animation: <private>
2026-09-16 15:50:47.762 I  PeachCommander[21528:11675] [com.apple.AppKit:Animation] Running new animation: <private>
2026-09-16 15:50:47.773 I  PeachCommander[21528:11675] [com.apple.CoreAnalytics:client] Dropping "com.apple.appkit.app_config" as it isn't used in any transform (not in the config or budgeted?)
2026-09-16 15:50:47.776 I  PeachCommander[21528:11675] [com.apple.CoreAnalytics:client] Dropping "com.apple.appkit.app_config" as it isn't used in any transform (not in the config or budgeted?)
2026-09-16 15:50:47.781 I  PeachCommander[21528:11675] [com.apple.launchservices:datasep] application record search init. Node: <FSNode 0x7db5479c0> { isDir = ?, path = <private> } bundleID: (null) itemID: 0
2026-09-16 15:50:47.783 I  PeachCommander[21528:11675] [com.apple.GenerativeModels:availability] Current availability state: unavailable, use cases: com.apple.Settings.AppleIntelligence,com.apple.Siri.NLRouter, language: en, api: <private>
2026-09-16 15:50:47.783 Df PeachCommander[21528:11675] [com.apple.GenerativeModels:availability] isOkayToHaveAsset: False
2026-09-16 15:50:47.783 E  PeachCommander[21528:11675] [com.apple.siri:Utility] AFIsDeviceGreymatterEligible Missing entitlements for os_eligibility lookup
2026-09-16 15:50:47.783 I  PeachCommander[21528:11675] [com.apple.GenerativeModels:availability] Current availability state: unavailable, use cases: com.apple.Settings.AppleIntelligence, language: en, api: <private>
2026-09-16 15:50:47.783 Df PeachCommander[21528:11675] [com.apple.GenerativeModels:availability] isOkayToHaveAsset: False
2026-09-16 15:50:47.783 Df PeachCommander[21528:11675] [com.apple.siri:Utility] -[AFSystemAssistantExperienceStatusManager fetchGenerativeModelsAvailability] #SAEStatus #cacheUpdate Updating cache:
deviceSupportsSAE: 0 (0)
       saeEnabled: 0 (0)
     saeAvailable: 0 (0)
      swaiEnabled: 0 (0)
        viEnabled: 0 (0)
        siriAvailability:
        <private>
        ((null))
2026-09-16 15:50:47.783 Df PeachCommander[21528:11675] [com.apple.xpc:connection] [0x7da61c500] activating connection: mach=true listener=false peer=false name=com.apple.iconservices
2026-09-16 15:50:47.784 Df PeachCommander[21528:11675] [com.apple.xpc:connection] [0x7da61c640] activating connection: mach=true listener=false peer=false name=com.apple.iconservices.store
2026-09-16 15:50:47.793 I  PeachCommander[21528:11675] [com.peachcommander:Theme] no user themes in /Users/admin/pc-cfg/themes
2026-09-16 15:50:47.793 Df PeachCommander[21528:11675] [com.apple.AppKit:Appearance] Invalidate NSApp effectiveAppearance
2026-09-16 15:50:47.793 Df PeachCommander[21528:11675] [com.apple.AppKit:Appearance] NSApp cache appearance:
-NSRequiresAquaSystemAppearance: 0
-appearance: <NSCompositeAppearance: 0x7db0719a0
 (
    "<NSDarkAquaAppearance: 0x7db071a40>",
    "<NSSystemAppearance: 0x7db070780>"
)>
-effectiveAppearance: <NSCompositeAppearance: 0x7db0719a0
 (
    "<NSDarkAquaAppearance: 0x7db071a40>",
    "<NSSystemAppearance: 0x7db070780>"
)>
2026-09-16 15:50:47.796 I  PeachCommander[21528:11675] [com.peachcommander:PCFoundation] Theme applied: id=norton, appearance=dark, dark=true, background=#0000AA
2026-09-16 15:50:47.838 I  PeachCommander[21528:11675] [com.apple.iconservices:foundation] layer data size zero
2026-09-16 15:50:47.838 I  PeachCommander[21528:11675] [com.apple.CoreAnalytics:client] Dropping "com.apple.appkit.app_config" as it isn't used in any transform (not in the config or budgeted?)
2026-09-16 15:50:47.843 I  PeachCommander[21528:11675] [com.apple.AppKit:Animation] Running new animation: <private>
2026-09-16 15:50:47.843 I  PeachCommander[21528:11675] [com.apple.AppKit:Animation] Running new animation: <private>
2026-09-16 15:50:47.843 I  PeachCommander[21528:11675] [com.apple.AppKit:Animation] Running new animation: <private>
2026-09-16 15:50:47.843 I  PeachCommander[21528:11675] [com.apple.AppKit:Animation] Running new animation: <private>
2026-09-16 15:50:47.843 I  PeachCommander[21528:11675] [com.apple.AppKit:Animation] Running new animation: <private>
2026-09-16 15:50:47.843 I  PeachCommander[21528:11675] [com.apple.AppKit:Animation] Running new animation: <private>
2026-09-16 15:50:47.843 I  PeachCommander[21528:11675] [com.apple.AppKit:Animation] Running new animation: <private>
2026-09-16 15:50:47.843 I  PeachCommander[21528:11675] [com.apple.AppKit:Animation] Running new animation: <private>
2026-09-16 15:50:47.843 I  PeachCommander[21528:11675] [com.apple.AppKit:Animation] Running new animation: <private>
2026-09-16 15:50:47.843 I  PeachCommander[21528:11675] [com.apple.AppKit:Animation] Running new animation: <private>
2026-09-16 15:50:47.847 I  PeachCommander[21528:11675] [com.peachcommander:PCFoundation] Keymap loaded: scheme=<private>, 82 effective bindings
2026-09-16 15:50:47.854 I  PeachCommander[21528:11675] [com.apple.CoreAnalytics:client] Dropping "<private>" as it isn't used in any transform (not in the config or budgeted?)
2026-09-16 15:50:47.855 I  PeachCommander[21528:11675] [com.apple.CoreAnalytics:client] Dropping "<private>" as it isn't used in any transform (not in the config or budgeted?)
2026-09-16 15:50:47.856 I  PeachCommander[21528:11675] [com.apple.CoreAnalytics:client] Dropping "<private>" as it isn't used in any transform (not in the config or budgeted?)
2026-09-16 15:50:47.856 I  PeachCommander[21528:11675] [com.peachcommander:PCFoundation] MainWindowController window loaded
2026-09-16 15:50:47.856 I  PeachCommander[21528:11675] [com.apple.launchservices:cas] information in shared memory for 0x0-0xf60f6 with seed 535 was still valid, so using cached info { "ApplicationType"="Foreground", "BuildMachineOSBuild"="25E246", "BundleIdentifierLowerCase"="com.peachcommander.app", "CFBundleDevelopmentRegion"="en", "CFBundleDocumentTypes"=( { "CFBundleTypeName"="Peach Commander Plugin Package", "CFBundleTypeRole"="Viewer", "LSHandlerRank"="Owner", "LSItemContentTypes"=( "com.peachcommander.plugin-package") }, { "CFBundleTypeName"="Peach Commander Workspace", "CFBundleTypeRole"="Viewer", "LSHandlerRank"="Owner", "LSItemContentTypes"=( "com.peachcommander.workspace") }), "CFBundleExecutable"="PeachCommander", "CFBundleExecutablePath"="/Users/admin/pc-test/PeachCommander.app/Contents/MacOS/PeachCommander", "CFBundleExecutablePathDeviceID"=16777225, "CFBundleExecutablePathINode"=488203, "CFBundleHelpBookFolder"="PeachCommander.help", "CFBundleHelpBookName"="Peach Commander Help", "CFBundleIconFile"="AppIcon", "CFBundleIconName"="AppIcon", "CFBundleIdentifier"="com.peachcommander.app", "CFBundleInfoDictionaryVersion"="6.0", "CFBundleName"="PeachCo<…>
2026-09-16 15:50:47.857 I  PeachCommander[21528:11675] [com.apple.launchservices:cas] information in shared memory for 0x0-0xf60f6 with seed 535 was still valid, so using cached info { "ApplicationType"="Foreground", "BuildMachineOSBuild"="25E246", "BundleIdentifierLowerCase"="com.peachcommander.app", "CFBundleDevelopmentRegion"="en", "CFBundleDocumentTypes"=( { "CFBundleTypeName"="Peach Commander Plugin Package", "CFBundleTypeRole"="Viewer", "LSHandlerRank"="Owner", "LSItemContentTypes"=( "com.peachcommander.plugin-package") }, { "CFBundleTypeName"="Peach Commander Workspace", "CFBundleTypeRole"="Viewer", "LSHandlerRank"="Owner", "LSItemContentTypes"=( "com.peachcommander.workspace") }), "CFBundleExecutable"="PeachCommander", "CFBundleExecutablePath"="/Users/admin/pc-test/PeachCommander.app/Contents/MacOS/PeachCommander", "CFBundleExecutablePathDeviceID"=16777225, "CFBundleExecutablePathINode"=488203, "CFBundleHelpBookFolder"="PeachCommander.help", "CFBundleHelpBookName"="Peach Commander Help", "CFBundleIconFile"="AppIcon", "CFBundleIconName"="AppIcon", "CFBundleIdentifier"="com.peachcommander.app", "CFBundleInfoDictionaryVersion"="6.0", "CFBundleName"="PeachCo<…>
2026-09-16 15:50:47.870 I  PeachCommander[21528:11675] [com.apple.AppKit:Window] order window front conditionally: 40f related: 0
2026-09-16 15:50:47.870 Df PeachCommander[21528:11675] [com.apple.AppKit:AutomaticTermination] void _NSEnableAutomaticTerminationAndLog(NSString *) No windows open yet
2026-09-16 15:50:47.871 I  PeachCommander[21528:11675] [com.apple.AppKit:Intelligence] starting collection observation
2026-09-16 15:50:47.871 Df PeachCommander[21528:11683] [com.apple.UIIntelligenceSupport:xpc] establishing connection to agent
2026-09-16 15:50:47.871 Df PeachCommander[21528:11683] [com.apple.xpc:session] [0x7da1c7610] Session created.
2026-09-16 15:50:47.871 Df PeachCommander[21528:11683] [com.apple.xpc:session] [0x7da1c7610] Session created from connection [0x7da61ebc0]
2026-09-16 15:50:47.871 Df PeachCommander[21528:11683] [com.apple.xpc:connection] [0x7da61ebc0] activating connection: mach=true listener=false peer=false name=com.apple.uiintelligencesupport.agent
2026-09-16 15:50:47.871 Df PeachCommander[21528:11683] [com.apple.xpc:session] [0x7da1c7610] Session activated
2026-09-16 15:50:47.871 I  PeachCommander[21528:11675] [com.apple.SkyLight:processes] 0[outside of RPC]: SLSSetFrontProcessWithInfo(0x0-0x2 window=0 options=0x1
2026-09-16 15:50:47.871 Df PeachCommander[21528:1167c] [com.apple.UIIntelligenceSupport:xpc] Connection established with agent PID: 1211
2026-09-16 15:50:47.872 I  PeachCommander[21528:11675] [com.apple.launchservices:cas] information in shared memory for 0x0-0xf60f6 with seed 535 was still valid, so using cached info { "ApplicationType"="Foreground", "BuildMachineOSBuild"="25E246", "BundleIdentifierLowerCase"="com.peachcommander.app", "CFBundleDevelopmentRegion"="en", "CFBundleDocumentTypes"=( { "CFBundleTypeName"="Peach Commander Plugin Package", "CFBundleTypeRole"="Viewer", "LSHandlerRank"="Owner", "LSItemContentTypes"=( "com.peachcommander.plugin-package") }, { "CFBundleTypeName"="Peach Commander Workspace", "CFBundleTypeRole"="Viewer", "LSHandlerRank"="Owner", "LSItemContentTypes"=( "com.peachcommander.workspace") }), "CFBundleExecutable"="PeachCommander", "CFBundleExecutablePath"="/Users/admin/pc-test/PeachCommander.app/Contents/MacOS/PeachCommander", "CFBundleExecutablePathDeviceID"=16777225, "CFBundleExecutablePathINode"=488203, "CFBundleHelpBookFolder"="PeachCommander.help", "CFBundleHelpBookName"="Peach Commander Help", "CFBundleIconFile"="AppIcon", "CFBundleIconName"="AppIcon", "CFBundleIdentifier"="com.peachcommander.app", "CFBundleInfoDictionaryVersion"="6.0", "CFBundleName"="PeachCo<…>
2026-09-16 15:50:47.872 Df PeachCommander[21528:11675] [com.apple.xpc:connection] [0x7da61ed00] activating connection: mach=true listener=false peer=false name=com.apple.FileCoordination
2026-09-16 15:50:47.872 Df PeachCommander[21528:1167c] [com.apple.foundation.filecoordination:presenter] Adding presenter 0E0AC85A-AEB6-4127-BA2B-586B3C271FDD for URL: <private>
2026-09-16 15:50:47.872 I  PeachCommander[21528:11675] [com.apple.launchservices:cas] information in shared memory for 0x0-0xf60f6 with seed 535 was still valid, so using cached info { "ApplicationType"="Foreground", "BuildMachineOSBuild"="25E246", "BundleIdentifierLowerCase"="com.peachcommander.app", "CFBundleDevelopmentRegion"="en", "CFBundleDocumentTypes"=( { "CFBundleTypeName"="Peach Commander Plugin Package", "CFBundleTypeRole"="Viewer", "LSHandlerRank"="Owner", "LSItemContentTypes"=( "com.peachcommander.plugin-package") }, { "CFBundleTypeName"="Peach Commander Workspace", "CFBundleTypeRole"="Viewer", "LSHandlerRank"="Owner", "LSItemContentTypes"=( "com.peachcommander.workspace") }), "CFBundleExecutable"="PeachCommander", "CFBundleExecutablePath"="/Users/admin/pc-test/PeachCommander.app/Contents/MacOS/PeachCommander", "CFBundleExecutablePathDeviceID"=16777225, "CFBundleExecutablePathINode"=488203, "CFBundleHelpBookFolder"="PeachCommander.help", "CFBundleHelpBookName"="Peach Commander Help", "CFBundleIconFile"="AppIcon", "CFBundleIconName"="AppIcon", "CFBundleIdentifier"="com.peachcommander.app", "CFBundleInfoDictionaryVersion"="6.0", "CFBundleName"="PeachCo<…>
2026-09-16 15:50:47.877 I  PeachCommander[21528:11675] [com.apple.AppKit:Window] order all windows front 1578978946291
2026-09-16 15:50:47.877 I  PeachCommander[21528:11675] [com.apple.launchservices:cas] information in shared memory for 0x0-0xf60f6 with seed 535 was still valid, so using cached info { "ApplicationType"="Foreground", "BuildMachineOSBuild"="25E246", "BundleIdentifierLowerCase"="com.peachcommander.app", "CFBundleDevelopmentRegion"="en", "CFBundleDocumentTypes"=( { "CFBundleTypeName"="Peach Commander Plugin Package", "CFBundleTypeRole"="Viewer", "LSHandlerRank"="Owner", "LSItemContentTypes"=( "com.peachcommander.plugin-package") }, { "CFBundleTypeName"="Peach Commander Workspace", "CFBundleTypeRole"="Viewer", "LSHandlerRank"="Owner", "LSItemContentTypes"=( "com.peachcommander.workspace") }), "CFBundleExecutable"="PeachCommander", "CFBundleExecutablePath"="/Users/admin/pc-test/PeachCommander.app/Contents/MacOS/PeachCommander", "CFBundleExecutablePathDeviceID"=16777225, "CFBundleExecutablePathINode"=488203, "CFBundleHelpBookFolder"="PeachCommander.help", "CFBundleHelpBookName"="Peach Commander Help", "CFBundleIconFile"="AppIcon", "CFBundleIconName"="AppIcon", "CFBundleIdentifier"="com.peachcommander.app", "CFBundleInfoDictionaryVersion"="6.0", "CFBundleName"="PeachCo<…>
2026-09-16 15:50:47.877 I  PeachCommander[21528:11675] [com.apple.showhide:pr-59900543] SHOWHIDE: CONFIRM, id=460, err=0
2026-09-16 15:50:47.877 I  PeachCommander[21528:11675] [com.apple.AppKit:Window] context (0 -> 9a5720c5) for window 40e
2026-09-16 15:50:47.877 I  PeachCommander[21528:11675] [com.apple.AppKit:Window] context (0 -> dd5a4631) for window 40d
2026-09-16 15:50:47.877 I  PeachCommander[21528:11675] [com.apple.AppKit:Window] context (0 -> 601a091a) for window 40c
2026-09-16 15:50:47.877 I  PeachCommander[21528:11675] [com.apple.AppKit:Window] context (0 -> 25bb4319) for window 40b
2026-09-16 15:50:47.901 I  PeachCommander[21528:11675] [com.apple.iconservices:foundation] layer data size zero
2026-09-16 15:50:47.912 Df PeachCommander[21528:11675] [com.apple.AppKit:AutomaticTermination] void _updateToReflectAutomaticTerminationState(void) Setting _kLSApplicationWouldBeTerminatedByTALKey=0
2026-09-16 15:50:47.913 I  PeachCommander[21528:11675] [com.apple.runningboard:assertion] Acquiring assertion: <RBSAssertionDescriptor| "AppNap adapter assertion" ID:(null) target:21528>
2026-09-16 15:50:47.947 A  PeachCommander[21528:1167c] (RunningBoardServices) didChangeInheritances
2026-09-16 15:50:48.007 Df PeachCommander[21528:11675] [com.apple.libsystem.libdispatch:] DEPRECATED USE in libdispatch client: dispatch source activated with no event handler set; set a breakpoint on _dispatch_bug_deprecated to debug
2026-09-16 15:50:48.130 I  PeachCommander[21528:11675] [com.apple.CarbonCore:gestalt] SetGestaltValuesBulk SetGestaltValuesBulk( count=22 tuples=0x189a82650
2026-09-16 15:50:48.130 I  PeachCommander[21528:11675] [com.apple.CarbonCore:gestalt] SetGestaltValue SetGestaltValue(alis 1C9) => 0
2026-09-16 15:50:48.130 I  PeachCommander[21528:11675] [com.apple.CarbonCore:gestalt] SetGestaltValue SetGestaltValue(os   FE) => 0
2026-09-16 15:50:48.130 I  PeachCommander[21528:11675] [com.apple.CarbonCore:gestalt] SetGestaltValue SetGestaltValue(addr 7) => 0
2026-09-16 15:50:48.130 I  PeachCommander[21528:11675] [com.apple.CarbonCore:gestalt] SetGestaltValue SetGestaltValue(fs   3D332) => 0
2026-09-16 15:50:48.130 I  PeachCommander[21528:11675] [com.apple.CarbonCore:gestalt] SetGestaltValue SetGestaltValue(fold 11) => 0
2026-09-16 15:50:48.130 I  PeachCommander[21528:11675] [com.apple.CarbonCore:gestalt] SetGestaltValue SetGestaltValue(lram 7FFFF000) => 0
2026-09-16 15:50:48.130 I  PeachCommander[21528:11675] [com.apple.CarbonCore:gestalt] SetGestaltValue SetGestaltValue(mmap 1) => 0
2026-09-16 15:50:48.130 I  PeachCommander[21528:11675] [com.apple.CarbonCore:gestalt] SetGestaltValue SetGestaltValue(cfrg 1) => 0
2026-09-16 15:50:48.130 I  PeachCommander[21528:11675] [com.apple.CarbonCore:gestalt] SetGestaltValue SetGestaltValue(thds 7) => 0
2026-09-16 15:50:48.130 I  PeachCommander[21528:11675] [com.apple.CarbonCore:gestalt] SetGestaltValue SetGestaltValue(tmgr E) => 0
2026-09-16 15:50:48.130 I  PeachCommander[21528:11675] [com.apple.CarbonCore:gestalt] SetGestaltValue SetGestaltValue(vers 7) => 0
2026-09-16 15:50:48.130 I  PeachCommander[21528:11675] [com.apple.CarbonCore:gestalt] SetGestaltValue SetGestaltValue(cbon 160) => 0
2026-09-16 15:50:48.130 I  PeachCommander[21528:11675] [com.apple.CarbonCore:gestalt] SetGestaltValue SetGestaltValue(cltn 1108000) => 0
2026-09-16 15:50:48.130 I  PeachCommander[21528:11675] [com.apple.CarbonCore:gestalt] SetGestaltValue SetGestaltValue(cpnt 8) => 0
2026-09-16 15:50:48.130 I  PeachCommander[21528:11675] [com.apple.CarbonCore:gestalt] SetGestaltValue SetGestaltValue(rsrc 3) => 0
2026-09-16 15:50:48.130 I  PeachCommander[21528:11675] [com.apple.CarbonCore:gestalt] SetGestaltValue SetGestaltValue(rmbg 11F) => 0
2026-09-16 15:50:48.130 I  PeachCommander[21528:11675] [com.apple.CarbonCore:gestalt] SetGestaltValue SetGestaltValue(vm   11) => 0
2026-09-16 15:50:48.130 I  PeachCommander[21528:11675] [com.apple.CarbonCore:gestalt] SetGestaltValue SetGestaltValue(srad 4170706C) => 0
2026-09-16 15:50:48.130 I  PeachCommander[21528:11675] [com.apple.CarbonCore:gestalt] SetGestaltValue SetGestaltValue(sysa 14) => 0
2026-09-16 15:50:48.130 I  PeachCommander[21528:11675] [com.apple.CarbonCore:gestalt] SetGestaltValue SetGestaltValue(copl 9) => 0
2026-09-16 15:50:48.130 I  PeachCommander[21528:11675] [com.apple.CarbonCore:gestalt] SetGestaltValue SetGestaltValue(xlat 0) => 0
2026-09-16 15:50:48.130 I  PeachCommander[21528:11675] [com.apple.CarbonCore:gestalt] SetGestaltValue SetGestaltValue(stdf 0) => 0
2026-09-16 15:50:48.130 I  PeachCommander[21528:11675] [com.apple.CarbonCore:gestalt] _NewGestalt _NewGestalt(ram  0x1899fb644) => 0
2026-09-16 15:50:48.130 I  PeachCommander[21528:11675] [com.apple.CarbonCore:gestalt] _NewGestalt _NewGestalt(ramm 0x1899fb644) => 0
2026-09-16 15:50:48.130 I  PeachCommander[21528:11675] [com.apple.CarbonCore:gestalt] _NewGestalt _NewGestalt(cput 0x1899fb734) => 0
2026-09-16 15:50:48.130 I  PeachCommander[21528:11675] [com.apple.CarbonCore:gestalt] _NewGestalt _NewGestalt(cpuf 0x1899fb764) => 0
2026-09-16 15:50:48.130 I  PeachCommander[21528:11675] [com.apple.CarbonCore:gestalt] _NewGestalt _NewGestalt(bclk 0x1899fb794) => 0
2026-09-16 15:50:48.130 I  PeachCommander[21528:11675] [com.apple.CarbonCore:gestalt] _NewGestalt _NewGestalt(bclm 0x1899fb794) => 0
2026-09-16 15:50:48.130 I  PeachCommander[21528:11675] [com.apple.CarbonCore:gestalt] _NewGestalt _NewGestalt(pclk 0x1899fb834) => 0
2026-09-16 15:50:48.130 I  PeachCommander[21528:11675] [com.apple.CarbonCore:gestalt] _NewGestalt _NewGestalt(mclk 0x1899fb834) => 0
2026-09-16 15:50:48.130 I  PeachCommander[21528:11675] [com.apple.CarbonCore:gestalt] _NewGestalt _NewGestalt(a/ux 0x1899fb94c) => 0
2026-09-16 15:50:48.130 I  PeachCommander[21528:11675] [com.apple.CarbonCore:gestalt] _NewGestalt _NewGestalt(pgsz 0x1899fb954) => 0
2026-09-16 15:50:48.130 I  PeachCommander[21528:11675] [com.apple.CarbonCore:gestalt] _NewGestalt _NewGestalt(csiz 0x1899fb994) => 0
2026-09-16 15:50:48.130 I  PeachCommander[21528:11675] [com.apple.CarbonCore:gestalt] _NewGestalt _NewGestalt(sysv 0x1899a6dfc) => 0
2026-09-16 15:50:48.130 I  PeachCommander[21528:11675] [com.apple.CarbonCore:gestalt] _NewGestalt _NewGestalt(sys1 0x1899a6dfc) => 0
2026-09-16 15:50:48.130 I  PeachCommander[21528:11675] [com.apple.CarbonCore:gestalt] _NewGestalt _NewGestalt(sys2 0x1899a6dfc) => 0
2026-09-16 15:50:48.130 I  PeachCommander[21528:11675] [com.apple.CarbonCore:gestalt] _NewGestalt _NewGestalt(sys3 0x1899a6dfc) => 0
2026-09-16 15:50:48.130 I  PeachCommander[21528:11675] [com.apple.CarbonCore:gestalt] _NewGestalt _NewGestalt(cdfl 0x1899fb9d4) => 0
2026-09-16 15:50:48.130 I  PeachCommander[21528:11675] [com.apple.CarbonCore:gestalt] _NewGestalt _NewGestalt(cdrm 0x1899fbc30) => 0
2026-09-16 15:50:48.130 I  PeachCommander[21528:11675] [com.apple.CarbonCore:gestalt] _NewGestalt _NewGestalt(cpus 0x1899fbc78) => 0
2026-09-16 15:50:48.130 I  PeachCommander[21528:11675] [com.apple.CarbonCore:gestalt] SetGestaltValue SetGestaltValue(swex 1) => 0
2026-09-16 15:50:48.131 Df PeachCommander[21528:11675] [com.apple.xpc:connection] [0x7da424a00] activating connection: mach=false listener=false peer=false name=com.apple.hiservices-xpcservice
2026-09-16 15:50:48.132 I  PeachCommander[21528:11675] [com.apple.CFPasteboard:entry] CopyData('ApplePerContextInputPasteboard' (<CFUUID 0x7d981d140> 68CA8C26-4386-4032-9AD8-6FA62B6F2C46) gen: -1 item: 1264739405 flavor: 'ApplePerContextInputFlavor')
2026-09-16 15:50:48.132 I  PeachCommander[21528:11675] [com.apple.CFPasteboard:cache] Rebuilding cache for 'ApplePerContextInputPasteboard' (<CFUUID 0x7d981d140> 68CA8C26-4386-4032-9AD8-6FA62B6F2C46)
2026-09-16 15:50:48.132 I  PeachCommander[21528:11675] [com.apple.CFPasteboard:general] Will request data from daemon
2026-09-16 15:50:48.132 I  PeachCommander[21528:11675] [com.apple.CFPasteboard:exit] (not-in-cache) - result: 0 generation: 1 data (182 bytes) flags: 0
2026-09-16 15:50:48.132 I  PeachCommander[21528:11675] [com.apple.CFPasteboard:entry] CopyData('DefaultAsciiKeyboardLayoutPasteboard' (<CFUUID 0x7daf367e0> 067C12CC-A735-466A-AF0C-07602C3615B9) gen: -1 item: 1264739405 flavor: 'DefaultAsciiKeyboardLayoutFlavor')
2026-09-16 15:50:48.132 I  PeachCommander[21528:11675] [com.apple.CFPasteboard:exit] (not-in-cache) - result: -8 generation: 0 null data flags: 0
2026-09-16 15:50:48.161 A  PeachCommander[21528:11681] (CoreFoundation) Loading Preferences From System CFPrefsD
2026-09-16 15:50:48.262 I  PeachCommander[21528:11675] [com.apple.iconservices:foundation] layer data size zero
2026-09-16 15:50:48.263 A  PeachCommander[21528:11675] (CoreFoundation) Loading Preferences From User CFPrefsD
2026-09-16 15:50:48.264 I  PeachCommander[21528:11675] [com.apple.CoreAnalytics:client] Dropping "com.apple.ImageIO.readerSelection" as it isn't used in any transform (not in the config or budgeted?)
2026-09-16 15:50:48.280 I  PeachCommander[21528:11675] [com.apple.coreanimation:Utilities] IOSurface Compression Enabled: NO
2026-09-16 15:50:48.281 Df PeachCommander[21528:1167c] [com.apple.coreanimation:Metal] Precompiled pipelines disabled on unsupported hardware.
2026-09-16 15:50:48.290 I  PeachCommander[21528:11681] [com.apple.AppKit:WindowTab] Indexing 1 items
2026-09-16 15:50:48.290 A  PeachCommander[21528:11681] (CoreSpotlight) end-index-batch
2026-09-16 15:50:48.290 Df PeachCommander[21528:11681] [com.apple.corespotlight:index] *warn* MailCS ======%%% _setMailMessageAttributes skip:1
2026-09-16 15:50:48.290 A  PeachCommander[21528:11681] (CoreSpotlight) index-items
2026-09-16 15:50:48.291 A  PeachCommander[21528:11681] (libsystem_info.dylib) Retrieve Group by ID
2026-09-16 15:50:48.291 Df PeachCommander[21528:11712] [com.apple.corespotlight:index] CSInlineDonation:<private>: Skipping donation (feature flag disabled)
2026-09-16 15:50:48.291 Df PeachCommander[21528:11712] [com.apple.corespotlight:index] CSInlineDonation:<private>: Skipping donation (feature flag disabled)
2026-09-16 15:50:48.307 I  PeachCommander[21528:11675] [com.apple.HIToolbox:MBDisplays] <private>
2026-09-16 15:50:48.307 I  PeachCommander[21528:11675] [com.apple.HIToolbox:MBDisplays] <private>
2026-09-16 15:50:48.876 I  PeachCommander[21528:11675] [com.peachcommander:PCFoundation] Session restored
2026-09-16 15:50:48.876 Df PeachCommander[21528:11675] (Foundation) <private>
2026-09-16 15:50:48.876 I  PeachCommander[21528:11675] [com.peachcommander:PCFoundation] [automation] running /Users/admin/auto.txt
2026-09-16 15:50:48.876 Df PeachCommander[21528:11675] (Foundation) <private>
2026-09-16 15:50:48.876 I  PeachCommander[21528:11675] [com.peachcommander:PCFoundation] [automation] > probe /Users/admin/s3-probe.txt|if curl -fsS -o /dev/null http://127.0.0.1:9200/ 2>/dev/null; then echo fixture-up; elif test -f ~/s3server.py; then echo fixture-dead; else echo fixture-missing; fi
2026-09-16 15:50:48.891 Df PeachCommander[21528:11675] (Foundation) <private>
2026-09-16 15:50:48.891 I  PeachCommander[21528:11675] [com.peachcommander:PCFoundation] [automation] > active left
2026-09-16 15:50:48.891 Df PeachCommander[21528:11675] (Foundation) <private>
2026-09-16 15:50:48.891 I  PeachCommander[21528:11675] [com.peachcommander:PCFoundation] [automation] > pfxmount S3Fixture
2026-09-16 15:50:48.892 Df PeachCommander[21528:11675] [com.apple.CFNetwork:Default] OOM symptoms: checking process 0
2026-09-16 15:50:48.892 Df PeachCommander[21528:11675] [com.apple.network:] networkd_settings_read_from_file_locked initialized networkd settings by reading plist directly
2026-09-16 15:50:48.892 Df PeachCommander[21528:11675] [com.apple.network:] networkd_settings_read_from_file_locked initialized networkd settings by reading plist directly
2026-09-16 15:50:48.892 Df PeachCommander[21528:11675] (Foundation) <private>
2026-09-16 15:50:48.893 I  PeachCommander[21528:11675] [com.peachcommander:PCFoundation] [automation] > wait 3000
2026-09-16 15:50:49.029 Df PeachCommander[21528:1167c] [com.apple.CFNetwork:Default] Task <4E316B7E-1687-43DD-BB62-9F23F0908286>.<1> resuming, timeouts(60.0, 3600.0) qos(0x19) voucher((null)) activity(00000000-0000-0000-0000-000000000000)
2026-09-16 15:50:49.029 A  PeachCommander[21528:1167c] (CoreFoundation) Loading Preferences From User CFPrefsD
2026-09-16 15:50:49.030 Df PeachCommander[21528:11684] [com.apple.AppSSO:SOConfigurationClient] -[SOConfigurationClient init]  on <private>
2026-09-16 15:50:49.030 Df PeachCommander[21528:11684] [com.apple.xpc:connection] [0x7da61e800] activating connection: mach=true listener=false peer=false name=com.apple.AppSSO.service-xpc
2026-09-16 15:50:49.030 Df PeachCommander[21528:11684] [com.apple.AppSSO:SOServiceConnection] <SOServiceConnection: 0x7dbad9100>: new XPC connection
2026-09-16 15:50:49.031 A  PeachCommander[21528:11684] (Security) SecTrustReportNetworkingAnalytics
2026-09-16 15:50:49.031 Df PeachCommander[21528:11684] [com.apple.securityd:keychain] Enabling System Keychain Always due to platform
2026-09-16 15:50:49.031 I  PeachCommander[21528:11683] [com.apple.CFNetwork:Default] TLD info from asset location is unavailable or too old. Falling back to builtin
2026-09-16 15:50:49.031 Df PeachCommander[21528:11684] [com.apple.xpc:connection] [0x7da61f480] activating connection: mach=true listener=false peer=false name=com.apple.trustd.agent
2026-09-16 15:50:49.032 I  PeachCommander[21528:11683] [com.apple.network:ATS] Warning [ATS violation]: Did not use TLS when opening connection for server: <private>
2026-09-16 15:50:49.033 I  PeachCommander[21528:11683] [com.apple.network:connection] nw_connection_create_with_id [C1] create connection to IPv4#9f0e871a:9200
2026-09-16 15:50:49.033 Df PeachCommander[21528:11683] [com.apple.CFNetwork:Default] Connection 1: starting, TC(0x0)
2026-09-16 15:50:49.033 Df PeachCommander[21528:11683] [com.apple.network:connection] [C1 8855CA44-61D9-426B-96B2-346BDD046695 IPv4#9f0e871a:9200 tcp, url hash: 0410a616, definite, attribution: developer, context: com.apple.CFNetwork.NSURLSession.{BC1ACC32-EB1B-461C-BE2D-8C1AEE61F613}{(null)}{Y}{3}{0x0} (sensitive), proc: BE0E8F9C-2172-356C-9E65-89ECFCFB1C80, delegated upid: 0] start
2026-09-16 15:50:49.033 I  PeachCommander[21528:11683] [com.apple.network:connection] nw_endpoint_handler_start [C1 IPv4#9f0e871a:9200 initial parent-flow ((null))]
2026-09-16 15:50:49.033 Df PeachCommander[21528:11683] [com.apple.network:connection] [C1 IPv4#9f0e871a:9200 initial parent-flow ((null))] event: path:start @0.000s
2026-09-16 15:50:49.033 Df PeachCommander[21528:11683] [com.apple.network:connection] [C1 IPv4#9f0e871a:9200 waiting parent-flow (satisfied (Path is satisfied), interface: lo0)] event: path:satisfied @0.000s, uuid: 22810EB3-1EE5-446A-A058-736D0554014E
2026-09-16 15:50:49.033 I  PeachCommander[21528:11683] [com.apple.network:connection] nw_connection_endpoint_report_on_nw_queue_block_invoke [C1 IPv4#9f0e871a:9200 waiting parent-flow (satisfied (Path is satisfied), interface: lo0)] skipping state update
2026-09-16 15:50:49.033 I  PeachCommander[21528:11683] [com.apple.network:connection] nw_association_create_flow <nw_association IPv4#9f0e871a:9200> Added association flow ID 398F5620-40A5-4BF8-BE57-2C57C8AAC6F9
2026-09-16 15:50:49.033 I  PeachCommander[21528:11683] [com.apple.network:connection] nw_endpoint_flow_setup_protocols [C1 IPv4#9f0e871a:9200 in_progress socket-flow (satisfied (Path is satisfied), interface: lo0)] setup flow id 398F5620-40A5-4BF8-BE57-2C57C8AAC6F9
2026-09-16 15:50:49.033 Df PeachCommander[21528:11683] [com.apple.network:connection] [C1 IPv4#9f0e871a:9200 in_progress socket-flow (satisfied (Path is satisfied), interface: lo0)] event: flow:start_connect @0.000s
2026-09-16 15:50:49.033 Df PeachCommander[21528:11683] [com.apple.network:connection] nw_connection_report_state_with_handler_on_nw_queue [C1] reporting state preparing
2026-09-16 15:50:49.033 I  PeachCommander[21528:11683] [com.apple.network:connection] nw_endpoint_flow_start_connect_stall_timer [C1 IPv4#9f0e871a:9200 in_progress socket-flow (satisfied (Path is satisfied), interface: lo0)] starting connect connect stall timer (2000ms)
2026-09-16 15:50:49.033 Df PeachCommander[21528:11683] [com.apple.CFNetwork:Default] Task <4E316B7E-1687-43DD-BB62-9F23F0908286>.<1> setting up Connection 1
2026-09-16 15:50:49.033 Df PeachCommander[21528:11683] [com.apple.network:connection] nw_socket_handle_socket_event [C1:2] Socket received CONNECTED event
2026-09-16 15:50:49.033 Df PeachCommander[21528:11683] [com.apple.network:connection] nw_flow_connected [C1 IPv4#9f0e871a:9200 in_progress socket-flow (satisfied (Path is satisfied), viable, interface: lo0)] Transport protocol connected (socket)
2026-09-16 15:50:49.033 Df PeachCommander[21528:11683] [com.apple.network:connection] [C1 IPv4#9f0e871a:9200 in_progress socket-flow (satisfied (Path is satisfied), viable, interface: lo0)] event: flow:finish_transport @0.000s
2026-09-16 15:50:49.033 Df PeachCommander[21528:11683] [com.apple.network:connection] nw_flow_connected [C1 IPv4#9f0e871a:9200 in_progress socket-flow (satisfied (Path is satisfied), viable, interface: lo0)] Output protocol connected (CFNetworkConnection-3314848303)
2026-09-16 15:50:49.033 I  PeachCommander[21528:11683] [com.apple.network:connection] nw_endpoint_flow_connected_path_change [C1 IPv4#9f0e871a:9200 ready socket-flow (satisfied (Path is satisfied), viable, interface: lo0)] Connected path is satisfied, viable
2026-09-16 15:50:49.033 Df PeachCommander[21528:11683] [com.apple.network:connection] [C1 IPv4#9f0e871a:9200 ready socket-flow (satisfied (Path is satisfied), viable, interface: lo0)] event: flow:finish_connect @0.000s
2026-09-16 15:50:49.034 I  PeachCommander[21528:11683] [com.apple.network:connection] nw_connection_start_candidate_manager_if_needed_locked [C1] Checking whether to start candidate manager
2026-09-16 15:50:49.034 Df PeachCommander[21528:11683] [com.apple.network:connection] nw_connection_report_state_with_handler_on_nw_queue [C1] reporting state ready
2026-09-16 15:50:49.034 Df PeachCommander[21528:11683] [com.apple.network:connection] [C1 IPv4#9f0e871a:9200 ready socket-flow (satisfied (Path is satisfied), viable, interface: lo0)] event: flow:changed_viability @0.001s
2026-09-16 15:50:49.034 Df PeachCommander[21528:11683] [com.apple.network:connection] nw_connection_send_viability_changed_on_nw_queue [C1] viability_changed_handler(true)
2026-09-16 15:50:49.034 Df PeachCommander[21528:11683] [com.apple.CFNetwork:Default] Connection 1: connected successfully
2026-09-16 15:50:49.034 Df PeachCommander[21528:11683] [com.apple.CFNetwork:Default] Connection 1: ready C(N) E(N)
2026-09-16 15:50:49.034 Df PeachCommander[21528:11683] [com.apple.CFNetwork:Default] Task <4E316B7E-1687-43DD-BB62-9F23F0908286>.<1> now using Connection 1
2026-09-16 15:50:49.034 Df PeachCommander[21528:11683] [com.apple.CFNetwork:Default] Connection 1: received viability advisory(Y)
2026-09-16 15:50:49.034 Df PeachCommander[21528:11683] [com.apple.CFNetwork:Default] Task <4E316B7E-1687-43DD-BB62-9F23F0908286>.<1> sent request, body N 0
2026-09-16 15:50:49.034 Df PeachCommander[21528:11716] [com.apple.CFNetwork:Default] Task <4E316B7E-1687-43DD-BB62-9F23F0908286>.<1> received response, status 200 content K
2026-09-16 15:50:49.035 Df PeachCommander[21528:11716] [com.apple.CFNetwork:Default] Task <4E316B7E-1687-43DD-BB62-9F23F0908286>.<1> response ended
2026-09-16 15:50:49.035 Df PeachCommander[21528:11716] [com.apple.CFNetwork:Default] Task <4E316B7E-1687-43DD-BB62-9F23F0908286>.<1> done using Connection 1
2026-09-16 15:50:49.035 Df PeachCommander[21528:11716] [com.apple.network:connection] [C1] event: client:connection_idle @0.002s
2026-09-16 15:50:49.035 I  PeachCommander[21528:11716] [com.apple.network:connection] nw_endpoint_handler_report_connection_idle [C1 IPv4#9f0e871a:9200 ready socket-flow (satisfied (Path is satisfied), viable, interface: lo0)] Reporting connection idle to protocols
2026-09-16 15:50:49.035 Df PeachCommander[21528:11716] [com.apple.network:connection] nw_protocol_socket_notify [C1:2] nw_protocol_notification_type_connection_idle is true
2026-09-16 15:50:49.035 Df PeachCommander[21528:11716] [com.apple.network:connection] [C1] event: client:connection_idle @0.002s
2026-09-16 15:50:49.035 I  PeachCommander[21528:11716] [com.apple.network:connection] nw_endpoint_handler_report_connection_idle [C1 IPv4#9f0e871a:9200 ready socket-flow (satisfied (Path is satisfied), viable, interface: lo0)] Reporting connection idle to protocols
2026-09-16 15:50:49.035 Df PeachCommander[21528:11716] [com.apple.network:connection] nw_protocol_socket_notify [C1:2] nw_protocol_notification_type_connection_idle is true
2026-09-16 15:50:49.035 Df PeachCommander[21528:11683] [com.apple.CFNetwork:Summary] Task <4E316B7E-1687-43DD-BB62-9F23F0908286>.<1> summary for task success {transaction_duration_ms=3, response_status=200, connection=1, protocol="http/1.1", domain_lookup_duration_ms=0, connect_duration_ms=0, secure_connection_duration_ms=0, private_relay=false, request_start_ms=2, request_duration_ms=0, response_start_ms=3, response_duration_ms=0, request_bytes=293, request_throughput_kbps=34496, response_bytes=462, response_throughput_kbps=29584, cache_hit=false}
2026-09-16 15:50:49.035 Df PeachCommander[21528:11683] [com.apple.CFNetwork:Default] Task <4E316B7E-1687-43DD-BB62-9F23F0908286>.<1> finished successfully
2026-09-16 15:50:49.085 I  PeachCommander[21528:1167c] [com.apple.AppKit:WindowTab] Indexing 1 items
2026-09-16 15:50:49.085 A  PeachCommander[21528:1167c] (CoreSpotlight) end-index-batch
2026-09-16 15:50:49.085 A  PeachCommander[21528:1167c] (CoreSpotlight) index-items
2026-09-16 15:50:49.085 Df PeachCommander[21528:11683] [com.apple.corespotlight:index] CSInlineDonation:<private>: Skipping donation (feature flag disabled)
2026-09-16 15:50:49.085 Df PeachCommander[21528:1167c] [com.apple.corespotlight:index] CSInlineDonation:<private>: Skipping donation (feature flag disabled)
2026-09-16 15:50:49.482 I  PeachCommander[21528:11716] [com.apple.AppKit:WindowTab] Indexing 1 items
2026-09-16 15:50:49.482 A  PeachCommander[21528:11716] (CoreSpotlight) end-index-batch
2026-09-16 15:50:49.482 A  PeachCommander[21528:11716] (CoreSpotlight) index-items
2026-09-16 15:50:49.482 Df PeachCommander[21528:11716] [com.apple.corespotlight:index] CSInlineDonation:<private>: Skipping donation (feature flag disabled)
2026-09-16 15:50:49.482 Df PeachCommander[21528:11716] [com.apple.corespotlight:index] CSInlineDonation:<private>: Skipping donation (feature flag disabled)
2026-09-16 15:50:52.039 Df PeachCommander[21528:11675] (Foundation) <private>
2026-09-16 15:50:52.039 I  PeachCommander[21528:11675] [com.peachcommander:PCFoundation] [automation] > dump /Users/admin/s3-panel.txt
2026-09-16 15:50:52.041 Df PeachCommander[21528:11675] (Foundation) <private>
2026-09-16 15:50:52.041 Df PeachCommander[21528:11675] (Foundation) <private>
2026-09-16 15:50:52.041 I  PeachCommander[21528:11675] [com.peachcommander:PCFoundation] [automation] done
