Timestamp               Ty Process[PID:TID]
2026-09-14 14:41:12.740 A  PeachCommander[26183:14ef2] (libsystem_info.dylib) Retrieve User by ID
2026-09-14 14:41:12.740 Df PeachCommander[26183:14ef2] [com.apple.xpc:connection] [0x10193a5f0] activating connection: mach=true listener=false peer=false name=com.apple.cfprefsd.daemon
2026-09-14 14:41:12.740 Df PeachCommander[26183:14ef7] [com.apple.xpc:connection] [0x10193ad20] activating connection: mach=true listener=false peer=false name=com.apple.cfprefsd.agent
2026-09-14 14:41:12.742 Df PeachCommander[26183:14ef2] [com.apple.xpc:connection] [0x101940d40] activating connection: mach=true listener=false peer=false name=com.apple.coreservices.launchservicesd
2026-09-14 14:41:12.742 I  PeachCommander[26183:14ef2] [com.apple.launchservices:cas] Registering for notification <private> on default queue, to re-boostrap client connection.
2026-09-14 14:41:12.742 Df PeachCommander[26183:14ef2] [com.apple.xpc:connection] [0xb1b070000] activating connection: mach=true listener=false peer=false name=com.apple.pasteboard.1
2026-09-14 14:41:12.742 Df PeachCommander[26183:14ef2] [com.apple.xpc:connection] [0xb1b070140] activating connection: mach=true listener=false peer=false name=com.apple.distributed_notifications@Uv3
2026-09-14 14:41:12.744 Df PeachCommander[26183:14ef2] [com.apple.AppKit:AutomaticTermination] void _NSDisableAutomaticTerminationAndLog(NSString *) No windows open yet
2026-09-14 14:41:12.744 A  PeachCommander[26183:14ef2] (TCC) TCCAccessRequest() IPC
2026-09-14 14:41:12.744 Df PeachCommander[26183:14ef2] [com.apple.xpc:connection] [0xb1b070280] activating connection: mach=true listener=false peer=false name=com.apple.tccd.system
2026-09-14 14:41:12.744 I  PeachCommander[26183:14ef2] [com.apple.TCC:access] SEND: 0/7 synchronous to com.apple.tccd.system: request: msgID=26183.1, function=TCCAccessRequest, service=kTCCServiceListenEvent,
2026-09-14 14:41:12.745 I  PeachCommander[26183:14ef2] [com.apple.TCC:access] RECV: synchronous reply <dictionary: 0xb1ac58000> { count = 5, transaction: 0, voucher = 0x0, contents =
	"prompt_type" => <uint64: 0x8c181f004dca1ddf>: 1
	"auth_value" => <uint64: 0x8c181f004dca1ddf>: 1
	"preflight_unknown" => <bool: 0x1eec3d190>: true
	"auth_version" => <uint64: 0x8c181f004dca1ddf>: 1
	"auth_reason" => <uint64: 0x8c181f004dca1dff>: 5
}
2026-09-14 14:41:12.745 Df PeachCommander[26183:14ef2] [com.apple.xpc:connection] [0xb1b070280] invalidated after the last release of the connection object
2026-09-14 14:41:12.745 Df PeachCommander[26183:14ef2] [com.apple.SkyLight:default] server port 0x0000380b, session port 0x0000380b
2026-09-14 14:41:12.747 Df PeachCommander[26183:14ef2] [com.apple.SkyLight:default] New connection 0x54d43 main
2026-09-14 14:41:12.747 I  PeachCommander[26183:14ef7] [com.apple.SkyLight:processes] 0[outside of RPC]: First connection id 347459 mapped to ctx = 0x101949570
2026-09-14 14:41:12.748 I  PeachCommander[26183:14ef2] [com.apple.hiservices:processmgr] Checking in with CAS, pid=26183
2026-09-14 14:41:12.748 I  PeachCommander[26183:14ef2] [com.apple.launchservices:cas] LSApplicationCheckIn(), app being registered is:"/Users/admin/pc-test/PeachCommander.app/Contents/MacOS/PeachCommander"
2026-09-14 14:41:12.748 I  PeachCommander[26183:14ef2] [com.apple.launchservices:cas]  { "ApplicationType"="Foreground", "BuildMachineOSBuild"="25E246", "CFBundleDevelopmentRegion"="en", "CFBundleDocumentTypes"=( { "CFBundleTypeName"="Peach Commander Plugin Package", "CFBundleTypeRole"="Viewer", "LSHandlerRank"="Owner", "LSItemContentTypes"=( "com.peachcommander.plugin-package") }), "CFBundleExecutable"="PeachCommander", "CFBundleExecutablePath"="/Users/admin/pc-test/PeachCommander.app/Contents/MacOS/PeachCommander", "CFBundleHelpBookFolder"="PeachCommander.help", "CFBundleHelpBookName"="Peach Commander Help", "CFBundleIconFile"="AppIcon", "CFBundleIconName"="AppIcon", "CFBundleIdentifier"="com.peachcommander.app", "CFBundleInfoDictionaryVersion"="6.0", "CFBundleName"="PeachCommander", "CFBundleNumericVersion"=402685952, "CFBundlePackageType"="APPL", "CFBundleShortVersionString"="0.9.0", "CFBundleSignature"="?????", "CFBundleSupportedPlatforms"=( "MacOSX"), "CFBundleVersion"="18", "DTCompiler"="com.apple.compilers.llvm.clang.1_0", "DTPlatformBuild"="25F70", "DTPlatformName"="macosx", "<…>
2026-09-14 14:41:12.748 Df PeachCommander[26183:14ef2] [com.apple.processmanager:front-35286506] CHECKIN: pid=26183
2026-09-14 14:41:12.749 Df PeachCommander[26183:14ef2] [com.apple.processmanager:front-35286506] CHECKEDIN: pid=26183 asn=0x0-0x15f15f foreground=1
2026-09-14 14:41:12.749 I  PeachCommander[26183:14ef2] [com.apple.launchservices:cas] Setting processControlState to default PROC_SETPC_SUSPEND because application does not have LSProcessControlValue key
2026-09-14 14:41:12.749 Df PeachCommander[26183:14ef2] [com.apple.xpc:connection] [0xb1b070280] activating connection: mach=false listener=true peer=false name=(anonymous)
2026-09-14 14:41:12.749 Df PeachCommander[26183:14ef2] [com.apple.xpc:connection] [0xb1b070280] Connection returned listener port: 0x4203
2026-09-14 14:41:12.750 Df PeachCommander[26183:14ef8] [com.apple.xpc:connection] [0xb1acb8300] activating connection: mach=false listener=false peer=true name=com.apple.xpc.anonymous.0xb1b070280.peer[131].0xb1acb8300
2026-09-14 14:41:12.750 Df PeachCommander[26183:14ef2] [com.apple.processmanager:front-35286506] FRONTLOGGING: version 1
2026-09-14 14:41:12.750 Df PeachCommander[26183:14ef2] [com.apple.processmanager:front-35286506] Registered, pid=26183 ASN=0x0,0x15f15f
2026-09-14 14:41:12.750 Df PeachCommander[26183:14ef2] [com.apple.xpc:connection] [0xb1b0703c0] activating connection: mach=true listener=false peer=false name=com.apple.analyticsd
2026-09-14 14:41:12.750 I  PeachCommander[26183:14ef2] [com.apple.CoreAnalytics:client] Daemon status changed from 0 to 1
2026-09-14 14:41:12.750 I  PeachCommander[26183:14ef8] [com.apple.CarbonCore:coreservicesdaemon] SCSession():SCSession( id=100, this=0x0x1019401a0 option=65538) created, forUID=501 mach_port_t=0x5103.
2026-09-14 14:41:12.750 I  PeachCommander[26183:14ef8] [com.apple.CarbonCore:coreservicesdaemon] SCSession():SCSession( id=101, this=0x0x1019402e0 option=65538) created, forUID=501 mach_port_t=0x5203.
2026-09-14 14:41:12.750 I  PeachCommander[26183:14ef8] [com.apple.CarbonCore:coreservicesdaemon] connectToCoreServicesD():Instantiating server (coreservicesd based) SCSession, port=0x5103 serverOptions=0x10002.
2026-09-14 14:41:12.751 I  PeachCommander[26183:14ef2] [com.apple.hiservices:processmgr] _RegisterApplication( pid 26183 => 0x0,0x15f15f) type=foreground
2026-09-14 14:41:12.751 Df PeachCommander[26183:14ef2] [com.apple.xpc:connection] [0xb1b070280] Connection returned listener port: 0x4203
2026-09-14 14:41:12.751 I  PeachCommander[26183:14ef2] [com.apple.launchservices:cas] CFArrayRef _LSCopyLaunchModifiers(LSSessionID, LSASNRef _Nonnull), result for psn [ kLSCurrentApp ASN, 0x0,0x2]  is 1 items.
2026-09-14 14:41:12.751 Df PeachCommander[26183:14ef8] [com.apple.xpc:connection] [0xb1b070500] activating connection: mach=true listener=false peer=false name=com.apple.lsd.mapdb
2026-09-14 14:41:12.751 Df PeachCommander[26183:14ef2] [com.apple.processmanager:front-35286506] BringForward: pid=26183 asn=0x0-0x15f15f bringForward=1 foreground=1 uiElement=0 launchedByLS=1 modifiersCount=1 allDisabled=1
2026-09-14 14:41:12.751 Df PeachCommander[26183:14ef2] [com.apple.processmanager:front-35286506] BringFrontModifier: pid=26183 asn=0x0-0x15f15f Modifier 0 hideAfter=0 hideOthers=0 dontMakeFrontmost=0 mouseDown=0/0 seed=0/0
2026-09-14 14:41:12.751 Df PeachCommander[26183:14ef2] [com.apple.processmanager:front-35286506] BringForward: pid=26183 asn=0x0-0x15f15f
2026-09-14 14:41:12.751 Df PeachCommander[26183:14ef2] [com.apple.processmanager:front-35286506] SetFrontProcess: asn=0x0-0x15f15f options=0
2026-09-14 14:41:12.751 I  PeachCommander[26183:14ef2] [com.apple.SkyLight:processes] 0[outside of RPC]: SLPSetFrontProcess(0x0-0x15f15f window=0 options=0x0
2026-09-14 14:41:12.751 Df PeachCommander[26183:14efc] [com.apple.CoreAnalytics:client] Received configuration update from daemon (initial)
2026-09-14 14:41:12.752 Df PeachCommander[26183:14ef2] [com.apple.AppKit:Appearance] Current system appearance, (HLTB: 1), (SLS: 0)
2026-09-14 14:41:12.752 I  PeachCommander[26183:14efc] [com.apple.launchservices:cas] information in shared memory for 0x0-0x15f15f with seed 533 was still valid, so using cached info { "ApplicationType"="Foreground", "BuildMachineOSBuild"="25E246", "BundleIdentifierLowerCase"="com.peachcommander.app", "CFBundleDevelopmentRegion"="en", "CFBundleDocumentTypes"=( { "CFBundleTypeName"="Peach Commander Plugin Package", "CFBundleTypeRole"="Viewer", "LSHandlerRank"="Owner", "LSItemContentTypes"=( "com.peachcommander.plugin-package") }), "CFBundleExecutable"="PeachCommander", "CFBundleExecutablePath"="/Users/admin/pc-test/PeachCommander.app/Contents/MacOS/PeachCommander", "CFBundleExecutablePathDeviceID"=16777227, "CFBundleExecutablePathINode"=488133, "CFBundleHelpBookFolder"="PeachCommander.help", "CFBundleHelpBookName"="Peach Commander Help", "CFBundleIconFile"="AppIcon", "CFBundleIconName"="AppIcon", "CFBundleIdentifier"="com.peachcommander.app", "CFBundleInfoDictionaryVersion"="6.0", "CFBundleName"="PeachCommander", "CFBundleNameLowerCase"="peachcommander", "CFBundleNumericVersion"=402685952, "CFBundlePackageType"="APPL", "CFBundleShortVersionString"="0.9.0", "CFBun<…>
2026-09-14 14:41:12.752 I  PeachCommander[26183:14ef8] [com.apple.launchservices:db] LaunchServices database schema version: 20971544
2026-09-14 14:41:12.753 Df PeachCommander[26183:14ef2] (libMobileGestalt.dylib) No persisted cache on this platform.
2026-09-14 14:41:12.753 Df PeachCommander[26183:14ef2] (libMobileGestalt.dylib) Could not get size of EAN data (IOConnectCallScalarMethod kAppleNVMeEANGetSize returned 0xE00002E2)
2026-09-14 14:41:12.753 Df PeachCommander[26183:14ef2] (libMobileGestalt.dylib) Failed to copy 'aptk' from EAN
2026-09-14 14:41:12.753 Df PeachCommander[26183:14ef2] (libMobileGestalt.dylib) Failed to copy APTicket properties. Falling back to default policy.
2026-09-14 14:41:12.753 Df PeachCommander[26183:14ef2] (libMobileGestalt.dylib) Creating default MGSysConfigPolicy
2026-09-14 14:41:12.753 Df PeachCommander[26183:14ef2] (libMobileGestalt.dylib) CFDictionaryRef copySyscfgDictionary(void) enumeration of <private> failed.
2026-09-14 14:41:12.753 Df PeachCommander[26183:14ef2] (libMobileGestalt.dylib) Failed to find key <private>
2026-09-14 14:41:12.754 Df PeachCommander[26183:14ef2] [com.apple.AppKit:Appearance] Current system appearance, (HLTB: 1), (SLS: 0)
2026-09-14 14:41:12.755 Df PeachCommander[26183:14ef2] [com.apple.AppKit:Appearance] Post-registration system appearance: (HLTB: 1)
2026-09-14 14:41:12.756 I  PeachCommander[26183:14ef8] [com.apple.launchservices:default] Unable to load Info.plist exceptions (eGPUOverrides)
2026-09-14 14:41:12.756 I  PeachCommander[26183:14ef8] [com.apple.launchservices:default] Unable to load Info.plist exceptions (gameModeOverrides)
2026-09-14 14:41:12.756 I  PeachCommander[26183:14ef8] [com.apple.launchservices:default] Unable to load Info.plist exceptions (identifiedGameOverrides)
2026-09-14 14:41:12.756 I  PeachCommander[26183:14ef8] [com.apple.launchservices:default] Unable to load Info.plist exceptions (SystemHiddenPreferred)
2026-09-14 14:41:12.757 Df PeachCommander[26183:14ef2] [com.apple.FrontBoard:Common] FBSWorkspace: endpoint monitoring is disabled.
2026-09-14 14:41:12.757 Df PeachCommander[26183:14ef2] [com.apple.FrontBoard:Common] FBSWorkspace: default shell endpoint is disabled.
2026-09-14 14:41:12.757 Df PeachCommander[26183:14ef2] [com.apple.runningboard:connection] Initializing connection
2026-09-14 14:41:12.757 Df PeachCommander[26183:14ef2] [com.apple.runningboard:process] Removing all cached process handles
2026-09-14 14:41:12.757 Df PeachCommander[26183:14ef7] [com.apple.runningboard:connection] Sending handshake request attempt #1 to server
2026-09-14 14:41:12.757 Df PeachCommander[26183:14ef7] [com.apple.runningboard:connection] Creating connection to com.apple.runningboard
2026-09-14 14:41:12.757 Df PeachCommander[26183:14ef7] [com.apple.xpc:connection] [0xb1b070640] activating connection: mach=true listener=false peer=false name=com.apple.runningboard
2026-09-14 14:41:12.757 Df PeachCommander[26183:14ef2] [com.apple.xpc:connection] [0xb1b070280] Connection returned listener port: 0x4203
2026-09-14 14:41:12.757 A  PeachCommander[26183:14efc] (RunningBoardServices) didChangeInheritances
2026-09-14 14:41:12.757 I  PeachCommander[26183:14ef2] [com.apple.launchservices:cas] information in shared memory for 0x0-0x15f15f with seed 533 was still valid, so using cached info { "ApplicationType"="Foreground", "BuildMachineOSBuild"="25E246", "BundleIdentifierLowerCase"="com.peachcommander.app", "CFBundleDevelopmentRegion"="en", "CFBundleDocumentTypes"=( { "CFBundleTypeName"="Peach Commander Plugin Package", "CFBundleTypeRole"="Viewer", "LSHandlerRank"="Owner", "LSItemContentTypes"=( "com.peachcommander.plugin-package") }), "CFBundleExecutable"="PeachCommander", "CFBundleExecutablePath"="/Users/admin/pc-test/PeachCommander.app/Contents/MacOS/PeachCommander", "CFBundleExecutablePathDeviceID"=16777227, "CFBundleExecutablePathINode"=488133, "CFBundleHelpBookFolder"="PeachCommander.help", "CFBundleHelpBookName"="Peach Commander Help", "CFBundleIconFile"="AppIcon", "CFBundleIconName"="AppIcon", "CFBundleIdentifier"="com.peachcommander.app", "CFBundleInfoDictionaryVersion"="6.0", "CFBundleName"="PeachCommander", "CFBundleNameLowerCase"="peachcommander", "CFBundleNumericVersion"=402685952, "CFBundlePackageType"="APPL", "CFBundleShortVersionString"="0.9.0", "CFBun<…>
2026-09-14 14:41:12.757 Df PeachCommander[26183:14ef7] [com.apple.runningboard:connection] Handshake succeeded
2026-09-14 14:41:12.757 Df PeachCommander[26183:14ef7] [com.apple.runningboard:connection] Identity resolved as app<application.com.peachcommander.app.487096.488133(501)>
2026-09-14 14:41:12.759 Df PeachCommander[26183:14ef2] [com.apple.xpc:connection] [0xb1b070280] Connection returned listener port: 0x4203
2026-09-14 14:41:12.760 A  PeachCommander[26183:14ef8] (AppIntents) appintents:register process
2026-09-14 14:41:12.760 Df PeachCommander[26183:14ef8] [com.apple.appintents:Connection] Created a new Process Instance Registry XPC connection (inactive)
2026-09-14 14:41:12.760 Df PeachCommander[26183:14ef8] [com.apple.xpc:connection] [0xb1b070780] activating connection: mach=true listener=false peer=false name=com.apple.linkd.autoShortcut
2026-09-14 14:41:12.761 Df PeachCommander[26183:14ef8] [com.apple.appintents:Connection] Activated connection to linkd (ApplicationService)
2026-09-14 14:41:12.761 Df PeachCommander[26183:14ef8] [com.apple.xpc:connection] [0xb1b070a00] activating connection: mach=false listener=true peer=false name=(anonymous)
2026-09-14 14:41:12.761 I  PeachCommander[26183:14ef2] [com.apple.launchservices:cas] information in shared memory for 0x0-0x15f15f with seed 533 was still valid, so using cached info { "ApplicationType"="Foreground", "BuildMachineOSBuild"="25E246", "BundleIdentifierLowerCase"="com.peachcommander.app", "CFBundleDevelopmentRegion"="en", "CFBundleDocumentTypes"=( { "CFBundleTypeName"="Peach Commander Plugin Package", "CFBundleTypeRole"="Viewer", "LSHandlerRank"="Owner", "LSItemContentTypes"=( "com.peachcommander.plugin-package") }), "CFBundleExecutable"="PeachCommander", "CFBundleExecutablePath"="/Users/admin/pc-test/PeachCommander.app/Contents/MacOS/PeachCommander", "CFBundleExecutablePathDeviceID"=16777227, "CFBundleExecutablePathINode"=488133, "CFBundleHelpBookFolder"="PeachCommander.help", "CFBundleHelpBookName"="Peach Commander Help", "CFBundleIconFile"="AppIcon", "CFBundleIconName"="AppIcon", "CFBundleIdentifier"="com.peachcommander.app", "CFBundleInfoDictionaryVersion"="6.0", "CFBundleName"="PeachCommander", "CFBundleNameLowerCase"="peachcommander", "CFBundleNumericVersion"=402685952, "CFBundlePackageType"="APPL", "CFBundleShortVersionString"="0.9.0", "CFBun<…>
2026-09-14 14:41:12.761 I  PeachCommander[26183:14ef2] [com.apple.hiservices:processmgr] TransformProcessType(0x0,0x2 => 1 wasFront=1 pickNew=0)
2026-09-14 14:41:12.761 I  PeachCommander[26183:14ef2] [com.apple.CoreAnalytics:client] Dropping "com.apple.appkit.app_config" as it isn't used in any transform (not in the config or budgeted?)
2026-09-14 14:41:12.761 I  PeachCommander[26183:14ef8] [com.apple.appintents:Execution] LNAppConnectionListener instantiated
2026-09-14 14:41:12.761 Df PeachCommander[26183:14ef8] [com.apple.xpc:connection] [0xb1b070a00] Connection returned listener port: 0x6a03
2026-09-14 14:41:12.761 Df PeachCommander[26183:14ef2] [com.apple.dt.xctest:Default] Registering for test daemon availability notify post.
2026-09-14 14:41:12.761 Df PeachCommander[26183:14ef2] [com.apple.dt.xctest:Default] notify_get_state check indicated test daemon not ready.
2026-09-14 14:41:12.761 Df PeachCommander[26183:14ef2] [com.apple.dt.xctest:Default] notify_get_state check indicated test daemon not ready.
2026-09-14 14:41:12.761 Df PeachCommander[26183:14ef2] [com.apple.dt.xctest:Default] notify_get_state check indicated test daemon not ready.
2026-09-14 14:41:12.762 Df PeachCommander[26183:14ef7] [com.apple.xpc:connection] [0xb1b070780] Re-initialization successful; calling out to event handler with XPC_ERROR_CONNECTION_INTERRUPTED
2026-09-14 14:41:12.762 Df PeachCommander[26183:14ef7] [com.apple.appintents:Connection] Process Instance Registry XPC connection has been interrupted
2026-09-14 14:41:12.762 Df PeachCommander[26183:14ef7] [com.apple.appintents:Connection] Created a new Process Instance Registry XPC connection (inactive)
2026-09-14 14:41:12.762 A  PeachCommander[26183:14ef7] (AppIntents) appintents:register process
2026-09-14 14:41:12.762 Df PeachCommander[26183:14ef7] [com.apple.appintents:Connection] Created a new Process Instance Registry XPC connection (inactive)
2026-09-14 14:41:12.762 Df PeachCommander[26183:14ef7] [com.apple.xpc:connection] [0xb1b071040] activating connection: mach=true listener=false peer=false name=com.apple.linkd.autoShortcut
2026-09-14 14:41:12.762 E  PeachCommander[26183:14ef8] [com.apple.appintents:Connection] Unable to get synchronousRemoteObjectProxy, error: Error Domain=NSCocoaErrorDomain Code=4097 "connection to service named com.apple.linkd.autoShortcut" UserInfo={NSDebugDescription=connection to service named com.apple.linkd.autoShortcut}
2026-09-14 14:41:12.762 E  PeachCommander[26183:14ef8] [com.apple.AppKit:Application] Error registering app with intents framework: Error Domain=NSCocoaErrorDomain Code=4097 UserInfo={NSDebugDescription=<private>}
2026-09-14 14:41:12.762 Df PeachCommander[26183:14ef7] [com.apple.appintents:Connection] Activated connection to linkd (ApplicationService)
2026-09-14 14:41:12.762 Df PeachCommander[26183:14ef7] [com.apple.xpc:connection] [0xb1b070a00] Connection returned listener port: 0x6a03
2026-09-14 14:41:12.762 Df PeachCommander[26183:14ef8] [com.apple.xpc:connection] [0xb1b071040] Re-initialization successful; calling out to event handler with XPC_ERROR_CONNECTION_INTERRUPTED
2026-09-14 14:41:12.762 Df PeachCommander[26183:14ef8] [com.apple.appintents:Connection] Process Instance Registry XPC connection has been interrupted
2026-09-14 14:41:12.762 E  PeachCommander[26183:14ef7] [com.apple.appintents:Connection] Unable to get synchronousRemoteObjectProxy, error: Error Domain=NSCocoaErrorDomain Code=4097 "connection to service named com.apple.linkd.autoShortcut" UserInfo={NSDebugDescription=connection to service named com.apple.linkd.autoShortcut}
2026-09-14 14:41:12.762 E  PeachCommander[26183:14ef7] [com.apple.appintents:Connection] Unable to re-register with Process Instance Registry, error: Error Domain=NSCocoaErrorDomain Code=4097 "connection to service named com.apple.linkd.autoShortcut" UserInfo={NSDebugDescription=connection to service named com.apple.linkd.autoShortcut}
2026-09-14 14:41:12.762 Df PeachCommander[26183:14efc] [com.apple.appintents:Connection] Created a new Process Instance Registry XPC connection (inactive)
2026-09-14 14:41:12.762 A  PeachCommander[26183:14efc] (AppIntents) appintents:register process
2026-09-14 14:41:12.762 Df PeachCommander[26183:14efc] [com.apple.appintents:Connection] Created a new Process Instance Registry XPC connection (inactive)
2026-09-14 14:41:12.762 Df PeachCommander[26183:14efc] [com.apple.xpc:connection] [0xb1b0712c0] activating connection: mach=true listener=false peer=false name=com.apple.linkd.autoShortcut
2026-09-14 14:41:12.762 Df PeachCommander[26183:14efc] [com.apple.appintents:Connection] Activated connection to linkd (ApplicationService)
2026-09-14 14:41:12.762 Df PeachCommander[26183:14efc] [com.apple.xpc:connection] [0xb1b070a00] Connection returned listener port: 0x6a03
2026-09-14 14:41:12.762 Df PeachCommander[26183:14ef8] [com.apple.xpc:connection] [0xb1b0712c0] Re-initialization successful; calling out to event handler with XPC_ERROR_CONNECTION_INTERRUPTED
2026-09-14 14:41:12.762 Df PeachCommander[26183:14ef8] [com.apple.appintents:Connection] Process Instance Registry XPC connection has been interrupted
2026-09-14 14:41:12.762 E  PeachCommander[26183:14efc] [com.apple.appintents:Connection] Unable to get synchronousRemoteObjectProxy, error: Error Domain=NSCocoaErrorDomain Code=4097 "connection to service named com.apple.linkd.autoShortcut" UserInfo={NSDebugDescription=connection to service named com.apple.linkd.autoShortcut}
2026-09-14 14:41:12.762 E  PeachCommander[26183:14efc] [com.apple.appintents:Connection] Unable to re-register with Process Instance Registry, error: Error Domain=NSCocoaErrorDomain Code=4097 "connection to service named com.apple.linkd.autoShortcut" UserInfo={NSDebugDescription=connection to service named com.apple.linkd.autoShortcut}
2026-09-14 14:41:12.762 Df PeachCommander[26183:14ef8] [com.apple.appintents:Connection] Created a new Process Instance Registry XPC connection (inactive)
2026-09-14 14:41:12.762 A  PeachCommander[26183:14ef8] (AppIntents) appintents:register process
2026-09-14 14:41:12.762 Df PeachCommander[26183:14ef8] [com.apple.appintents:Connection] Created a new Process Instance Registry XPC connection (inactive)
2026-09-14 14:41:12.762 Df PeachCommander[26183:14ef8] [com.apple.xpc:connection] [0xb1b071540] activating connection: mach=true listener=false peer=false name=com.apple.linkd.autoShortcut
2026-09-14 14:41:12.762 Df PeachCommander[26183:14ef8] [com.apple.appintents:Connection] Activated connection to linkd (ApplicationService)
2026-09-14 14:41:12.762 Df PeachCommander[26183:14ef8] [com.apple.xpc:connection] [0xb1b070a00] Connection returned listener port: 0x6a03
2026-09-14 14:41:12.763 Df PeachCommander[26183:14ef7] [com.apple.xpc:connection] [0xb1b071540] Re-initialization successful; calling out to event handler with XPC_ERROR_CONNECTION_INTERRUPTED
2026-09-14 14:41:12.763 Df PeachCommander[26183:14ef7] [com.apple.appintents:Connection] Process Instance Registry XPC connection has been interrupted
2026-09-14 14:41:12.763 E  PeachCommander[26183:14ef7] [com.apple.appintents:Connection] Will NOT re-try to establish the connection
2026-09-14 14:41:12.763 E  PeachCommander[26183:14ef8] [com.apple.appintents:Connection] Unable to get synchronousRemoteObjectProxy, error: Error Domain=NSCocoaErrorDomain Code=4097 "connection to service named com.apple.linkd.autoShortcut" UserInfo={NSDebugDescription=connection to service named com.apple.linkd.autoShortcut}
2026-09-14 14:41:12.763 E  PeachCommander[26183:14ef8] [com.apple.appintents:Connection] Unable to re-register with Process Instance Registry, error: Error Domain=NSCocoaErrorDomain Code=4097 "connection to service named com.apple.linkd.autoShortcut" UserInfo={NSDebugDescription=connection to service named com.apple.linkd.autoShortcut}
2026-09-14 14:41:12.765 A  PeachCommander[26183:14ef2] (CoreFoundation) Loading Preferences From System CFPrefsD
2026-09-14 14:41:12.765 Df PeachCommander[26183:14ef2] (libMobileGestalt.dylib) couldn't load support library
2026-09-14 14:41:12.765 Df PeachCommander[26183:14ef2] (libMobileGestalt.dylib) called dummy function!
2026-09-14 14:41:12.766 I  PeachCommander[26183:14ef2] [com.apple.GenerativeModels:availability] Current availability state: unavailable, use cases: com.apple.WritingTools, language: <any>, api: <private>
2026-09-14 14:41:12.766 Df PeachCommander[26183:14ef2] [com.apple.GenerativeModels:availability] registering darwin observer for name: com.apple.gms.availability.notification
2026-09-14 14:41:12.766 Df PeachCommander[26183:14ef2] [com.apple.GenerativeModels:availability] registering darwin observer for name: com.apple.os-eligibility-domain.change.greymatter
2026-09-14 14:41:12.766 Df PeachCommander[26183:14ef2] [com.apple.GenerativeModels:availability] registering darwin observer for name: com.apple.language.changed
2026-09-14 14:41:12.766 Df PeachCommander[26183:14ef2] [com.apple.WritingTools:Default] isAvailable value changed: isMDMAllowed = true, gmAvailable (current) = false
2026-09-14 14:41:12.768 I  PeachCommander[26183:14ef2] [com.apple.CoreAnalytics:client] Dropping "com.apple.appkit.app_config" as it isn't used in any transform (not in the config or budgeted?)
2026-09-14 14:41:12.770 Df PeachCommander[26183:14ef2] [com.apple.AppKit:Appearance] NSApp cache appearance:
-NSRequiresAquaSystemAppearance: 0
-appearance: (null)
-effectiveAppearance: <NSCompositeAppearance: 0xb1ac60460
 (
    "<NSAquaAppearance: 0xb1ac60500>",
    "<NSSystemAppearance: 0xb1ac606e0>"
)>
2026-09-14 14:41:12.773 A  PeachCommander[26183:14ef2] (CoreFoundation) Loading Preferences From User CFPrefsD
2026-09-14 14:41:12.773 A  PeachCommander[26183:14ef2] (CoreFoundation) Loading Preferences From User CFPrefsD
2026-09-14 14:41:12.776 A  PeachCommander[26183:14efc] (libsystem_info.dylib) Membership API: translate identifier
2026-09-14 14:41:12.778 I  PeachCommander[26183:14ef2] [com.apple.CoreAnalytics:client] Dropping "com.apple.appkit.app_config" as it isn't used in any transform (not in the config or budgeted?)
2026-09-14 14:41:12.778 I  PeachCommander[26183:14ef2] [com.apple.CoreAnalytics:client] Dropping "com.apple.appkit.app_config" as it isn't used in any transform (not in the config or budgeted?)
2026-09-14 14:41:12.779 Df PeachCommander[26183:14ef7] [com.apple.xpc:connection] [0xb1b071a40] activating connection: mach=true listener=false peer=false name=com.apple.dock.fullscreen
2026-09-14 14:41:12.780 Df PeachCommander[26183:14ef2] [com.apple.xpc:connection] [0xb1b071b80] activating connection: mach=true listener=false peer=false name=com.apple.fonts
2026-09-14 14:41:12.782 I  PeachCommander[26183:14ef2] [com.apple.launchservices:cas] information in shared memory for 0x0-0x15f15f with seed 533 was still valid, so using cached info { "ApplicationType"="Foreground", "BuildMachineOSBuild"="25E246", "BundleIdentifierLowerCase"="com.peachcommander.app", "CFBundleDevelopmentRegion"="en", "CFBundleDocumentTypes"=( { "CFBundleTypeName"="Peach Commander Plugin Package", "CFBundleTypeRole"="Viewer", "LSHandlerRank"="Owner", "LSItemContentTypes"=( "com.peachcommander.plugin-package") }), "CFBundleExecutable"="PeachCommander", "CFBundleExecutablePath"="/Users/admin/pc-test/PeachCommander.app/Contents/MacOS/PeachCommander", "CFBundleExecutablePathDeviceID"=16777227, "CFBundleExecutablePathINode"=488133, "CFBundleHelpBookFolder"="PeachCommander.help", "CFBundleHelpBookName"="Peach Commander Help", "CFBundleIconFile"="AppIcon", "CFBundleIconName"="AppIcon", "CFBundleIdentifier"="com.peachcommander.app", "CFBundleInfoDictionaryVersion"="6.0", "CFBundleName"="PeachCommander", "CFBundleNameLowerCase"="peachcommander", "CFBundleNumericVersion"=402685952, "CFBundlePackageType"="APPL", "CFBundleShortVersionString"="0.9.0", "CFBun<…>
2026-09-14 14:41:12.783 I  PeachCommander[26183:14ef2] [com.apple.CoreAnalytics:client] Dropping "com.apple.appkit.app_config" as it isn't used in any transform (not in the config or budgeted?)
2026-09-14 14:41:12.783 Df PeachCommander[26183:14ef2] [com.apple.AppKit:AutomaticTermination] -[NSApplication(NSAppssassination) _checkForAutomaticTerminationSupportPossiblyEnablingIt]_block_invoke Enabling automatic termination support.
2026-09-14 14:41:12.783 Df PeachCommander[26183:14ef2] [com.apple.xpc:connection] [0xb1b070b40] activating connection: mach=true listener=false peer=false name=com.apple.appkit.restoration_storage
2026-09-14 14:41:12.783 I  PeachCommander[26183:14ef2] [com.apple.launchservices:cas] information in shared memory for 0x0-0x15f15f with seed 533 was still valid, so using cached info { "ApplicationType"="Foreground", "BuildMachineOSBuild"="25E246", "BundleIdentifierLowerCase"="com.peachcommander.app", "CFBundleDevelopmentRegion"="en", "CFBundleDocumentTypes"=( { "CFBundleTypeName"="Peach Commander Plugin Package", "CFBundleTypeRole"="Viewer", "LSHandlerRank"="Owner", "LSItemContentTypes"=( "com.peachcommander.plugin-package") }), "CFBundleExecutable"="PeachCommander", "CFBundleExecutablePath"="/Users/admin/pc-test/PeachCommander.app/Contents/MacOS/PeachCommander", "CFBundleExecutablePathDeviceID"=16777227, "CFBundleExecutablePathINode"=488133, "CFBundleHelpBookFolder"="PeachCommander.help", "CFBundleHelpBookName"="Peach Commander Help", "CFBundleIconFile"="AppIcon", "CFBundleIconName"="AppIcon", "CFBundleIdentifier"="com.peachcommander.app", "CFBundleInfoDictionaryVersion"="6.0", "CFBundleName"="PeachCommander", "CFBundleNameLowerCase"="peachcommander", "CFBundleNumericVersion"=402685952, "CFBundlePackageType"="APPL", "CFBundleShortVersionString"="0.9.0", "CFBun<…>
2026-09-14 14:41:12.783 Df PeachCommander[26183:14ef2] [com.apple.xpc:connection] [0xb1b070c80] activating connection: mach=true listener=false peer=false name=com.apple.coreservices.appleevents
2026-09-14 14:41:12.783 I  PeachCommander[26183:14ef2] [com.apple.appleevents:main] _AEGetRegisteredMachPort() created default port (port:43779/0xab03 rcv:1 send:1 limit:5) and registered it with server
2026-09-14 14:41:12.783 Df PeachCommander[26183:14ef2] [com.apple.xpc:connection] [0xb1b070280] Connection returned listener port: 0x4203
2026-09-14 14:41:12.783 I  PeachCommander[26183:14ef2] [com.apple.launchservices:cas] information in shared memory for 0x0-0x15f15f with seed 533 was still valid, so using cached info { "ApplicationType"="Foreground", "BuildMachineOSBuild"="25E246", "BundleIdentifierLowerCase"="com.peachcommander.app", "CFBundleDevelopmentRegion"="en", "CFBundleDocumentTypes"=( { "CFBundleTypeName"="Peach Commander Plugin Package", "CFBundleTypeRole"="Viewer", "LSHandlerRank"="Owner", "LSItemContentTypes"=( "com.peachcommander.plugin-package") }), "CFBundleExecutable"="PeachCommander", "CFBundleExecutablePath"="/Users/admin/pc-test/PeachCommander.app/Contents/MacOS/PeachCommander", "CFBundleExecutablePathDeviceID"=16777227, "CFBundleExecutablePathINode"=488133, "CFBundleHelpBookFolder"="PeachCommander.help", "CFBundleHelpBookName"="Peach Commander Help", "CFBundleIconFile"="AppIcon", "CFBundleIconName"="AppIcon", "CFBundleIdentifier"="com.peachcommander.app", "CFBundleInfoDictionaryVersion"="6.0", "CFBundleName"="PeachCommander", "CFBundleNameLowerCase"="peachcommander", "CFBundleNumericVersion"=402685952, "CFBundlePackageType"="APPL", "CFBundleShortVersionString"="0.9.0", "CFBun<…>
2026-09-14 14:41:12.783 Df PeachCommander[26183:14ef2] [com.apple.processmanager:front-35286506] SignalReady: pid=26183 asn=0x0-0x15f15f
2026-09-14 14:41:12.784 Df PeachCommander[26183:14ef2] [com.apple.processmanager:front-35286506] SIGNAL: pid=26183 asn=0x0x-0x15f15f
2026-09-14 14:41:12.784 I  PeachCommander[26183:14ef2] [com.apple.appleevents:main] aeGenerateFakeFirstOAPPEventIfNecessary()
2026-09-14 14:41:12.784 I  PeachCommander[26183:14ef2] [com.apple.appleevents:main] aeGenerateFakeFirstOAPPEventIfNecessary(), needToCreateFakeOAPPEventIfFirstEvent == true
2026-09-14 14:41:12.784 I  PeachCommander[26183:14ef2] [com.apple.launchservices:cas] Removing cached information for app [ 0x0-0x15f15f]  "PeachCommander", as its seed is different from that in shared memory ( 533 vs 535)
2026-09-14 14:41:12.784 I  PeachCommander[26183:14ef2] [com.apple.CFPasteboard:entry] CopyData('DefaultAsciiKeyboardLayoutPasteboard' (<CFUUID 0xb1ac3dfc0> 0A009C22-E44D-49B3-9819-1506777E26C5) gen: -1 item: 1264739405 flavor: 'DefaultAsciiKeyboardLayoutFlavor')
2026-09-14 14:41:12.784 I  PeachCommander[26183:14ef2] [com.apple.CFPasteboard:cache] Rebuilding cache for 'DefaultAsciiKeyboardLayoutPasteboard' (<CFUUID 0xb1ac3dfc0> 0A009C22-E44D-49B3-9819-1506777E26C5)
2026-09-14 14:41:12.784 I  PeachCommander[26183:14ef2] [com.apple.CFPasteboard:exit] (not-in-cache) - result: -8 generation: 0 null data flags: 0
2026-09-14 14:41:12.784 A  PeachCommander[26183:14ef2] (CoreFoundation) Loading Preferences From User CFPrefsD
2026-09-14 14:41:12.785 A  PeachCommander[26183:14ef2] (CoreFoundation) Loading Preferences From System CFPrefsD
2026-09-14 14:41:12.785 I  PeachCommander[26183:14ef2] [com.apple.CFPasteboard:entry] CopyData('AppleIntlFileCacheModificationDatePasteboard' (<CFUUID 0xb1ac3dfe0> 0693129A-3517-4A16-95DD-A58EA636F371) gen: -1 item: 1 flavor: '-32766 1768845414')
2026-09-14 14:41:12.785 I  PeachCommander[26183:14ef2] [com.apple.CFPasteboard:cache] Rebuilding cache for 'AppleIntlFileCacheModificationDatePasteboard' (<CFUUID 0xb1ac3dfe0> 0693129A-3517-4A16-95DD-A58EA636F371)
2026-09-14 14:41:12.785 I  PeachCommander[26183:14ef2] [com.apple.CFPasteboard:general] Will request data from daemon
2026-09-14 14:41:12.785 I  PeachCommander[26183:14ef2] [com.apple.CFPasteboard:exit] (not-in-cache) - result: 0 generation: 4 data (310 bytes) flags: 0
2026-09-14 14:41:12.785 I  PeachCommander[26183:14ef2] [com.apple.CFPasteboard:entry] CopyData('AppleIntlFileCacheModificationDatePasteboard' (<CFUUID 0xb1ac3dfe0> 0693129A-3517-4A16-95DD-A58EA636F371) gen: -1 item: 1 flavor: '-32765 1802264953')
2026-09-14 14:41:12.785 I  PeachCommander[26183:14ef2] [com.apple.CFPasteboard:general] Will request data from daemon
2026-09-14 14:41:12.785 I  PeachCommander[26183:14ef2] [com.apple.CFPasteboard:exit] (not-in-cache) - result: 0 generation: 4 data (306 bytes) flags: 0
2026-09-14 14:41:12.785 I  PeachCommander[26183:14ef2] [com.apple.CFPasteboard:entry] CopyData('AppleIntlFileCacheModificationDatePasteboard' (<CFUUID 0xb1ac3dfe0> 0693129A-3517-4A16-95DD-A58EA636F371) gen: -1 item: 1 flavor: '-32764 1802264953')
2026-09-14 14:41:12.785 I  PeachCommander[26183:14ef2] [com.apple.CFPasteboard:general] Will request data from daemon
2026-09-14 14:41:12.785 I  PeachCommander[26183:14ef2] [com.apple.CFPasteboard:exit] (not-in-cache) - result: 0 generation: 4 data (281 bytes) flags: 0
2026-09-14 14:41:12.785 I  PeachCommander[26183:14ef2] [com.apple.CFPasteboard:entry] CopyData('AppleIntlFileCacheModificationDatePasteboard' (<CFUUID 0xb1ac3dfe0> 0693129A-3517-4A16-95DD-A58EA636F371) gen: -1 item: 1 flavor: '-32763 1802264953')
2026-09-14 14:41:12.785 I  PeachCommander[26183:14ef2] [com.apple.CFPasteboard:general] Will request data from daemon
2026-09-14 14:41:12.785 I  PeachCommander[26183:14ef2] [com.apple.CFPasteboard:exit] (not-in-cache) - result: 0 generation: 4 data (318 bytes) flags: 0
2026-09-14 14:41:12.786 I  PeachCommander[26183:14ef2] [com.apple.CFPasteboard:entry] CopyData('AppleIntlFileCacheModificationDatePasteboard' (<CFUUID 0xb1ac3dfe0> 0693129A-3517-4A16-95DD-A58EA636F371) gen: -1 item: 1 flavor: '-32765 1768845414')
2026-09-14 14:41:12.786 I  PeachCommander[26183:14ef2] [com.apple.CFPasteboard:general] Will request data from daemon
2026-09-14 14:41:12.786 I  PeachCommander[26183:14ef2] [com.apple.CFPasteboard:exit] (not-in-cache) - result: 0 generation: 4 data (303 bytes) flags: 0
2026-09-14 14:41:12.786 I  PeachCommander[26183:14ef2] [com.apple.CFPasteboard:entry] CopyData('AppleIntlFileCacheModificationDatePasteboard' (<CFUUID 0xb1ac3dfe0> 0693129A-3517-4A16-95DD-A58EA636F371) gen: -1 item: 1 flavor: '-32763 1768845414')
2026-09-14 14:41:12.786 I  PeachCommander[26183:14ef2] [com.apple.CFPasteboard:general] Will request data from daemon
2026-09-14 14:41:12.786 I  PeachCommander[26183:14ef2] [com.apple.CFPasteboard:exit] (not-in-cache) - result: 0 generation: 4 data (315 bytes) flags: 0
2026-09-14 14:41:12.787 I  PeachCommander[26183:14ef2] [com.apple.launchservices:cas] information in shared memory for 0x0-0x15f15f with seed 535 was still valid, so using cached info { "ApplicationType"="Foreground", "BuildMachineOSBuild"="25E246", "BundleIdentifierLowerCase"="com.peachcommander.app", "CFBundleDevelopmentRegion"="en", "CFBundleDocumentTypes"=( { "CFBundleTypeName"="Peach Commander Plugin Package", "CFBundleTypeRole"="Viewer", "LSHandlerRank"="Owner", "LSItemContentTypes"=( "com.peachcommander.plugin-package") }), "CFBundleExecutable"="PeachCommander", "CFBundleExecutablePath"="/Users/admin/pc-test/PeachCommander.app/Contents/MacOS/PeachCommander", "CFBundleExecutablePathDeviceID"=16777227, "CFBundleExecutablePathINode"=488133, "CFBundleHelpBookFolder"="PeachCommander.help", "CFBundleHelpBookName"="Peach Commander Help", "CFBundleIconFile"="AppIcon", "CFBundleIconName"="AppIcon", "CFBundleIdentifier"="com.peachcommander.app", "CFBundleInfoDictionaryVersion"="6.0", "CFBundleName"="PeachCommander", "CFBundleNameLowerCase"="peachcommander", "CFBundleNumericVersion"=402685952, "CFBundlePackageType"="APPL", "CFBundleShortVersionString"="0.9.0", "CFBun<…>
2026-09-14 14:41:12.787 Df PeachCommander[26183:14ef2] [com.apple.xpc:connection] [0xb1b071e00] activating connection: mach=false listener=false peer=false name=com.apple.ViewBridgeAuxiliary
2026-09-14 14:41:12.792 Df PeachCommander[26183:14ef2] [com.apple.xpc:connection] [0xb1b071cc0] activating connection: mach=false listener=false peer=false name=(anonymous)
2026-09-14 14:41:12.792 Df PeachCommander[26183:14ef2] [com.apple.xpc:connection] [0xb1b071f40] activating connection: mach=false listener=true peer=false name=(anonymous)
2026-09-14 14:41:12.792 Df PeachCommander[26183:14ef2] [com.apple.xpc:connection] [0xb1b071f40] Connection returned listener port: 0xf003
2026-09-14 14:41:12.792 Df PeachCommander[26183:14ef2] [com.apple.xpc:connection] [0xb1b071e00] invalidated after the last release of the connection object
2026-09-14 14:41:12.793 I  PeachCommander[26183:14ef2] [com.apple.showhide:pr-59900543] SHOWHIDE: SHOW id=584 0x0-0x15F15F, err=0 eventTime=1756449647166 windowID=0
2026-09-14 14:41:12.793 I  PeachCommander[26183:14ef2] [com.apple.CarbonCore:coreservicesdaemon] findOrCreateCacheable():findOrCreateCacheable(), factoryName=3 cacheableName=<private> fCacheables.size()=0
2026-09-14 14:41:12.793 I  PeachCommander[26183:14ef2] [com.apple.CarbonCore:coreservicesdaemon] findOrCreateCacheable():findOrCreateCacheable(), result = 0xb1aedea80 (should be non-NULL)
2026-09-14 14:41:12.793 Df PeachCommander[26183:14ef2] [com.apple.AppKit:AutomaticTermination] void _NSDisableAutomaticTerminationAndLog(NSString *) Restoring windows
2026-09-14 14:41:12.793 Df PeachCommander[26183:14ef2] [com.apple.AppKit:StateRestoration] -[NSApplication _reopenWindowsAsNecessaryIncludingRestorableState:withFullFidelity:completionHandler:] shouldRestoreState=1 hasPersistentStateToRestore=0 shouldStillRestoreStateAfterPrompting=0
2026-09-14 14:41:12.793 Df PeachCommander[26183:14ef2] [com.apple.xpc:connection] [0xb1b071e00] activating connection: mach=true listener=false peer=false name=com.apple.window_proxies
2026-09-14 14:41:12.793 Df PeachCommander[26183:14ef2] [com.apple.xpc:connection] [0xb1b071e00] invalidated because the current process cancelled the connection by calling xpc_connection_cancel()
2026-09-14 14:41:12.793 I  PeachCommander[26183:14ef2] [com.apple.SkyLight:processes] 0[outside of RPC]: SLSSetFrontProcessWithInfo(0x0-0x2 window=0 options=0x1
2026-09-14 14:41:12.793 I  PeachCommander[26183:14ef2] [com.apple.CoreAnalytics:client] Dropping "com.apple.appkit.app_config" as it isn't used in any transform (not in the config or budgeted?)
2026-09-14 14:41:12.793 Df PeachCommander[26183:14ef2] [com.apple.AppKit:AutomaticTermination] void _NSEnableAutomaticTerminationAndLog(NSString *) Restoring windows
2026-09-14 14:41:12.796 I  PeachCommander[26183:14ef2] [com.apple.CoreAnalytics:client] Dropping "com.apple.appkit.app_config" as it isn't used in any transform (not in the config or budgeted?)
2026-09-14 14:41:12.796 I  PeachCommander[26183:14ef2] [com.apple.CoreAnalytics:client] Dropping "com.apple.appkit.app_config" as it isn't used in any transform (not in the config or budgeted?)
2026-09-14 14:41:12.804 A  PeachCommander[26183:14ef2] (CoreFoundation) Loading Preferences From User CFPrefsD
2026-09-14 14:41:12.810 I  PeachCommander[26183:14ef2] [com.peachcommander:PCFoundation] VolumeManager initialized
2026-09-14 14:41:12.826 Df PeachCommander[26183:14ef2] [com.apple.BoardServices:XPCErrors] [C:1] Alloc <private>
2026-09-14 14:41:12.826 Df PeachCommander[26183:14ef2] [com.apple.xpc:connection] [0xb1b35d180] activating connection: mach=false listener=false peer=false name=(anonymous)
2026-09-14 14:41:12.827 I  PeachCommander[26183:14ef2] [com.apple.AppKit:Window] context (0 -> b1272dae) for window 586
2026-09-14 14:41:12.828 A  PeachCommander[26183:14ef8] (RunningBoardServices) didChangeInheritances
2026-09-14 14:41:12.828 Df PeachCommander[26183:14ef7] [com.apple.corespotlight:index] (<private>) deleteSearchableItemsWithDomainIdentifiers, protectionClass:(null), domainIdentifiers number:1
2026-09-14 14:41:12.828 A  PeachCommander[26183:14ef7] (CoreSpotlight) delete-domains
2026-09-14 14:41:12.828 Df PeachCommander[26183:14ef8] [com.apple.corespotlight:index] CSInlineDonation:<private>: Skipping donation (feature flag disabled)
2026-09-14 14:41:12.828 Df PeachCommander[26183:14ef8] (CoreSpotlight) sConnectionName: com.apple.spotlight.IndexAgent
2026-09-14 14:41:12.828 Df PeachCommander[26183:14ef8] (CoreSpotlight) Start service name com.apple.spotlight.IndexAgent
2026-09-14 14:41:12.828 Df PeachCommander[26183:14ef8] [com.apple.xpc:connection] [0xb1b35d400] activating connection: mach=true listener=false peer=false name=com.apple.spotlight.IndexAgent
2026-09-14 14:41:12.828 I  PeachCommander[26183:14ef2] [com.peachcommander:PCFoundation] MainWindowController initialized (config: <private>)
2026-09-14 14:41:12.828 I  PeachCommander[26183:14ef2] [com.peachcommander:PCFoundation] SelectionState initialized
2026-09-14 14:41:12.828 I  PeachCommander[26183:14ef2] [com.peachcommander:PCFoundation] DirectoryModel initialized
2026-09-14 14:41:12.828 I  PeachCommander[26183:14ef2] [com.peachcommander:PCFoundation] VolumeManager initialized
2026-09-14 14:41:12.829 I  PeachCommander[26183:14ef2] [com.peachcommander:PCFoundation] PanelController initialized for <private> panel
2026-09-14 14:41:12.829 I  PeachCommander[26183:14ef2] [com.peachcommander:PCFoundation] SelectionState initialized
2026-09-14 14:41:12.829 I  PeachCommander[26183:14ef2] [com.peachcommander:PCFoundation] DirectoryModel initialized
2026-09-14 14:41:12.829 I  PeachCommander[26183:14ef2] [com.peachcommander:PCFoundation] VolumeManager initialized
2026-09-14 14:41:12.829 I  PeachCommander[26183:14ef2] [com.peachcommander:PCFoundation] PanelController initialized for <private> panel
2026-09-14 14:41:12.832 I  PeachCommander[26183:14ef2] [com.apple.AppKit:Animation] Running new animation: <private>
2026-09-14 14:41:12.832 I  PeachCommander[26183:14ef2] [com.apple.AppKit:Animation] Running new animation: <private>
2026-09-14 14:41:12.832 I  PeachCommander[26183:14ef2] [com.apple.AppKit:Animation] Running new animation: <private>
2026-09-14 14:41:12.832 I  PeachCommander[26183:14ef2] [com.apple.AppKit:Animation] Running new animation: <private>
2026-09-14 14:41:12.832 I  PeachCommander[26183:14ef2] [com.apple.AppKit:Animation] Running new animation: <private>
2026-09-14 14:41:12.834 I  PeachCommander[26183:14ef2] [com.apple.AppKit:Animation] Running new animation: <private>
2026-09-14 14:41:12.834 I  PeachCommander[26183:14ef2] [com.apple.AppKit:Animation] Running new animation: <private>
2026-09-14 14:41:12.834 I  PeachCommander[26183:14ef2] [com.apple.AppKit:Animation] Running new animation: <private>
2026-09-14 14:41:12.834 I  PeachCommander[26183:14ef2] [com.apple.AppKit:Animation] Running new animation: <private>
2026-09-14 14:41:12.834 I  PeachCommander[26183:14ef2] [com.apple.AppKit:Animation] Running new animation: <private>
2026-09-14 14:41:12.840 I  PeachCommander[26183:14ef2] [com.apple.CoreAnalytics:client] Dropping "com.apple.appkit.app_config" as it isn't used in any transform (not in the config or budgeted?)
2026-09-14 14:41:12.842 I  PeachCommander[26183:14ef2] [com.apple.CoreAnalytics:client] Dropping "com.apple.appkit.app_config" as it isn't used in any transform (not in the config or budgeted?)
2026-09-14 14:41:12.845 I  PeachCommander[26183:14ef2] [com.apple.launchservices:datasep] application record search init. Node: <FSNode 0xb1b4e6b40> { isDir = ?, path = <private> } bundleID: (null) itemID: 0
2026-09-14 14:41:12.846 I  PeachCommander[26183:14ef2] [com.apple.GenerativeModels:availability] Current availability state: unavailable, use cases: com.apple.Settings.AppleIntelligence,com.apple.Siri.NLRouter, language: en, api: <private>
2026-09-14 14:41:12.846 Df PeachCommander[26183:14ef2] [com.apple.GenerativeModels:availability] isOkayToHaveAsset: False
2026-09-14 14:41:12.846 E  PeachCommander[26183:14ef2] [com.apple.siri:Utility] AFIsDeviceGreymatterEligible Missing entitlements for os_eligibility lookup
2026-09-14 14:41:12.846 I  PeachCommander[26183:14ef2] [com.apple.GenerativeModels:availability] Current availability state: unavailable, use cases: com.apple.Settings.AppleIntelligence, language: en, api: <private>
2026-09-14 14:41:12.846 Df PeachCommander[26183:14ef2] [com.apple.GenerativeModels:availability] isOkayToHaveAsset: False
2026-09-14 14:41:12.846 Df PeachCommander[26183:14ef2] [com.apple.siri:Utility] -[AFSystemAssistantExperienceStatusManager fetchGenerativeModelsAvailability] #SAEStatus #cacheUpdate Updating cache:
deviceSupportsSAE: 0 (0)
       saeEnabled: 0 (0)
     saeAvailable: 0 (0)
      swaiEnabled: 0 (0)
        viEnabled: 0 (0)
        siriAvailability:
        <private>
        ((null))
2026-09-14 14:41:12.846 Df PeachCommander[26183:14ef2] [com.apple.xpc:connection] [0xb1b52c140] activating connection: mach=true listener=false peer=false name=com.apple.iconservices
2026-09-14 14:41:12.846 Df PeachCommander[26183:14ef2] [com.apple.xpc:connection] [0xb1b52c280] activating connection: mach=true listener=false peer=false name=com.apple.iconservices.store
2026-09-14 14:41:12.851 I  PeachCommander[26183:14ef2] [com.peachcommander:Theme] no user themes in /Users/admin/pc-cfg/themes
2026-09-14 14:41:12.851 Df PeachCommander[26183:14ef2] [com.apple.AppKit:Appearance] Invalidate NSApp effectiveAppearance
2026-09-14 14:41:12.851 Df PeachCommander[26183:14ef2] [com.apple.AppKit:Appearance] NSApp cache appearance:
-NSRequiresAquaSystemAppearance: 0
-appearance: (null)
-effectiveAppearance: <NSCompositeAppearance: 0xb1ac60460
 (
    "<NSAquaAppearance: 0xb1ac60500>",
    "<NSSystemAppearance: 0xb1ac606e0>"
)>
2026-09-14 14:41:12.851 A  PeachCommander[26183:14ef8] (libsystem_info.dylib) Retrieve Group by ID
2026-09-14 14:41:12.851 I  PeachCommander[26183:14ef2] [com.peachcommander:PCFoundation] Theme applied: id=system, appearance=system, dark=false, background=#FFFFFF
2026-09-14 14:41:12.877 I  PeachCommander[26183:14ef2] [com.apple.iconservices:foundation] layer data size zero
2026-09-14 14:41:12.877 I  PeachCommander[26183:14ef2] [com.apple.CoreAnalytics:client] Dropping "com.apple.appkit.app_config" as it isn't used in any transform (not in the config or budgeted?)
2026-09-14 14:41:12.881 I  PeachCommander[26183:14ef2] [com.peachcommander:PCFoundation] Keymap loaded: scheme=<private>, 82 effective bindings
2026-09-14 14:41:12.881 I  PeachCommander[26183:14ef2] [com.apple.AppKit:Animation] Running new animation: <private>
2026-09-14 14:41:12.881 I  PeachCommander[26183:14ef2] [com.apple.AppKit:Animation] Running new animation: <private>
2026-09-14 14:41:12.881 I  PeachCommander[26183:14ef2] [com.apple.AppKit:Animation] Running new animation: <private>
2026-09-14 14:41:12.881 I  PeachCommander[26183:14ef2] [com.apple.AppKit:Animation] Running new animation: <private>
2026-09-14 14:41:12.881 I  PeachCommander[26183:14ef2] [com.apple.AppKit:Animation] Running new animation: <private>
2026-09-14 14:41:12.882 I  PeachCommander[26183:14ef2] [com.apple.AppKit:Animation] Running new animation: <private>
2026-09-14 14:41:12.882 I  PeachCommander[26183:14ef2] [com.apple.AppKit:Animation] Running new animation: <private>
2026-09-14 14:41:12.882 I  PeachCommander[26183:14ef2] [com.apple.AppKit:Animation] Running new animation: <private>
2026-09-14 14:41:12.882 I  PeachCommander[26183:14ef2] [com.apple.AppKit:Animation] Running new animation: <private>
2026-09-14 14:41:12.882 I  PeachCommander[26183:14ef2] [com.apple.AppKit:Animation] Running new animation: <private>
2026-09-14 14:41:12.884 I  PeachCommander[26183:14ef2] [com.apple.CoreAnalytics:client] Dropping "<private>" as it isn't used in any transform (not in the config or budgeted?)
2026-09-14 14:41:12.884 I  PeachCommander[26183:14ef2] [com.apple.CoreAnalytics:client] Dropping "<private>" as it isn't used in any transform (not in the config or budgeted?)
2026-09-14 14:41:12.885 I  PeachCommander[26183:14ef2] [com.apple.CoreAnalytics:client] Dropping "<private>" as it isn't used in any transform (not in the config or budgeted?)
2026-09-14 14:41:12.885 I  PeachCommander[26183:14ef2] [com.peachcommander:PCFoundation] MainWindowController window loaded
2026-09-14 14:41:12.885 I  PeachCommander[26183:14ef2] [com.apple.launchservices:cas] information in shared memory for 0x0-0x15f15f with seed 535 was still valid, so using cached info { "ApplicationType"="Foreground", "BuildMachineOSBuild"="25E246", "BundleIdentifierLowerCase"="com.peachcommander.app", "CFBundleDevelopmentRegion"="en", "CFBundleDocumentTypes"=( { "CFBundleTypeName"="Peach Commander Plugin Package", "CFBundleTypeRole"="Viewer", "LSHandlerRank"="Owner", "LSItemContentTypes"=( "com.peachcommander.plugin-package") }), "CFBundleExecutable"="PeachCommander", "CFBundleExecutablePath"="/Users/admin/pc-test/PeachCommander.app/Contents/MacOS/PeachCommander", "CFBundleExecutablePathDeviceID"=16777227, "CFBundleExecutablePathINode"=488133, "CFBundleHelpBookFolder"="PeachCommander.help", "CFBundleHelpBookName"="Peach Commander Help", "CFBundleIconFile"="AppIcon", "CFBundleIconName"="AppIcon", "CFBundleIdentifier"="com.peachcommander.app", "CFBundleInfoDictionaryVersion"="6.0", "CFBundleName"="PeachCommander", "CFBundleNameLowerCase"="peachcommander", "CFBundleNumericVersion"=402685952, "CFBundlePackageType"="APPL", "CFBundleShortVersionString"="0.9.0", "CFBun<…>
2026-09-14 14:41:12.885 I  PeachCommander[26183:14ef2] [com.apple.launchservices:cas] information in shared memory for 0x0-0x15f15f with seed 535 was still valid, so using cached info { "ApplicationType"="Foreground", "BuildMachineOSBuild"="25E246", "BundleIdentifierLowerCase"="com.peachcommander.app", "CFBundleDevelopmentRegion"="en", "CFBundleDocumentTypes"=( { "CFBundleTypeName"="Peach Commander Plugin Package", "CFBundleTypeRole"="Viewer", "LSHandlerRank"="Owner", "LSItemContentTypes"=( "com.peachcommander.plugin-package") }), "CFBundleExecutable"="PeachCommander", "CFBundleExecutablePath"="/Users/admin/pc-test/PeachCommander.app/Contents/MacOS/PeachCommander", "CFBundleExecutablePathDeviceID"=16777227, "CFBundleExecutablePathINode"=488133, "CFBundleHelpBookFolder"="PeachCommander.help", "CFBundleHelpBookName"="Peach Commander Help", "CFBundleIconFile"="AppIcon", "CFBundleIconName"="AppIcon", "CFBundleIdentifier"="com.peachcommander.app", "CFBundleInfoDictionaryVersion"="6.0", "CFBundleName"="PeachCommander", "CFBundleNameLowerCase"="peachcommander", "CFBundleNumericVersion"=402685952, "CFBundlePackageType"="APPL", "CFBundleShortVersionString"="0.9.0", "CFBun<…>
2026-09-14 14:41:12.894 I  PeachCommander[26183:14ef2] [com.apple.AppKit:Window] order window front conditionally: 586 related: 0
2026-09-14 14:41:12.894 Df PeachCommander[26183:14ef2] [com.apple.AppKit:AutomaticTermination] void _NSEnableAutomaticTerminationAndLog(NSString *) No windows open yet
2026-09-14 14:41:12.895 I  PeachCommander[26183:14ef2] [com.apple.AppKit:Intelligence] starting collection observation
2026-09-14 14:41:12.895 Df PeachCommander[26183:14ef8] [com.apple.UIIntelligenceSupport:xpc] establishing connection to agent
2026-09-14 14:41:12.895 Df PeachCommander[26183:14ef8] [com.apple.xpc:session] [0xb1a1cd130] Session created.
2026-09-14 14:41:12.895 Df PeachCommander[26183:14ef8] [com.apple.xpc:session] [0xb1a1cd130] Session created from connection [0xb1b52e300]
2026-09-14 14:41:12.895 Df PeachCommander[26183:14ef8] [com.apple.xpc:connection] [0xb1b52e300] activating connection: mach=true listener=false peer=false name=com.apple.uiintelligencesupport.agent
2026-09-14 14:41:12.895 Df PeachCommander[26183:14ef8] [com.apple.xpc:session] [0xb1a1cd130] Session activated
2026-09-14 14:41:12.895 I  PeachCommander[26183:14ef2] [com.apple.SkyLight:processes] 0[outside of RPC]: SLSSetFrontProcessWithInfo(0x0-0x2 window=0 options=0x1
2026-09-14 14:41:12.895 Df PeachCommander[26183:14ef7] [com.apple.UIIntelligenceSupport:xpc] Connection established with agent PID: 1205
2026-09-14 14:41:12.895 I  PeachCommander[26183:14ef2] [com.apple.launchservices:cas] information in shared memory for 0x0-0x15f15f with seed 535 was still valid, so using cached info { "ApplicationType"="Foreground", "BuildMachineOSBuild"="25E246", "BundleIdentifierLowerCase"="com.peachcommander.app", "CFBundleDevelopmentRegion"="en", "CFBundleDocumentTypes"=( { "CFBundleTypeName"="Peach Commander Plugin Package", "CFBundleTypeRole"="Viewer", "LSHandlerRank"="Owner", "LSItemContentTypes"=( "com.peachcommander.plugin-package") }), "CFBundleExecutable"="PeachCommander", "CFBundleExecutablePath"="/Users/admin/pc-test/PeachCommander.app/Contents/MacOS/PeachCommander", "CFBundleExecutablePathDeviceID"=16777227, "CFBundleExecutablePathINode"=488133, "CFBundleHelpBookFolder"="PeachCommander.help", "CFBundleHelpBookName"="Peach Commander Help", "CFBundleIconFile"="AppIcon", "CFBundleIconName"="AppIcon", "CFBundleIdentifier"="com.peachcommander.app", "CFBundleInfoDictionaryVersion"="6.0", "CFBundleName"="PeachCommander", "CFBundleNameLowerCase"="peachcommander", "CFBundleNumericVersion"=402685952, "CFBundlePackageType"="APPL", "CFBundleShortVersionString"="0.9.0", "CFBun<…>
2026-09-14 14:41:12.896 Df PeachCommander[26183:14ef2] [com.apple.xpc:connection] [0xb1b52e440] activating connection: mach=true listener=false peer=false name=com.apple.FileCoordination
2026-09-14 14:41:12.896 Df PeachCommander[26183:14ef7] [com.apple.foundation.filecoordination:presenter] Adding presenter 7E703813-4EE1-4A71-A67A-A7832276F57E for URL: <private>
2026-09-14 14:41:12.896 I  PeachCommander[26183:14ef2] [com.apple.launchservices:cas] information in shared memory for 0x0-0x15f15f with seed 535 was still valid, so using cached info { "ApplicationType"="Foreground", "BuildMachineOSBuild"="25E246", "BundleIdentifierLowerCase"="com.peachcommander.app", "CFBundleDevelopmentRegion"="en", "CFBundleDocumentTypes"=( { "CFBundleTypeName"="Peach Commander Plugin Package", "CFBundleTypeRole"="Viewer", "LSHandlerRank"="Owner", "LSItemContentTypes"=( "com.peachcommander.plugin-package") }), "CFBundleExecutable"="PeachCommander", "CFBundleExecutablePath"="/Users/admin/pc-test/PeachCommander.app/Contents/MacOS/PeachCommander", "CFBundleExecutablePathDeviceID"=16777227, "CFBundleExecutablePathINode"=488133, "CFBundleHelpBookFolder"="PeachCommander.help", "CFBundleHelpBookName"="Peach Commander Help", "CFBundleIconFile"="AppIcon", "CFBundleIconName"="AppIcon", "CFBundleIdentifier"="com.peachcommander.app", "CFBundleInfoDictionaryVersion"="6.0", "CFBundleName"="PeachCommander", "CFBundleNameLowerCase"="peachcommander", "CFBundleNumericVersion"=402685952, "CFBundlePackageType"="APPL", "CFBundleShortVersionString"="0.9.0", "CFBun<…>
2026-09-14 14:41:12.898 I  PeachCommander[26183:14ef2] [com.apple.AppKit:Window] order all windows front 1756449647166
2026-09-14 14:41:12.898 I  PeachCommander[26183:14ef2] [com.apple.launchservices:cas] information in shared memory for 0x0-0x15f15f with seed 535 was still valid, so using cached info { "ApplicationType"="Foreground", "BuildMachineOSBuild"="25E246", "BundleIdentifierLowerCase"="com.peachcommander.app", "CFBundleDevelopmentRegion"="en", "CFBundleDocumentTypes"=( { "CFBundleTypeName"="Peach Commander Plugin Package", "CFBundleTypeRole"="Viewer", "LSHandlerRank"="Owner", "LSItemContentTypes"=( "com.peachcommander.plugin-package") }), "CFBundleExecutable"="PeachCommander", "CFBundleExecutablePath"="/Users/admin/pc-test/PeachCommander.app/Contents/MacOS/PeachCommander", "CFBundleExecutablePathDeviceID"=16777227, "CFBundleExecutablePathINode"=488133, "CFBundleHelpBookFolder"="PeachCommander.help", "CFBundleHelpBookName"="Peach Commander Help", "CFBundleIconFile"="AppIcon", "CFBundleIconName"="AppIcon", "CFBundleIdentifier"="com.peachcommander.app", "CFBundleInfoDictionaryVersion"="6.0", "CFBundleName"="PeachCommander", "CFBundleNameLowerCase"="peachcommander", "CFBundleNumericVersion"=402685952, "CFBundlePackageType"="APPL", "CFBundleShortVersionString"="0.9.0", "CFBun<…>
2026-09-14 14:41:12.898 I  PeachCommander[26183:14ef2] [com.apple.showhide:pr-59900543] SHOWHIDE: CONFIRM, id=584, err=0
2026-09-14 14:41:12.899 I  PeachCommander[26183:14ef2] [com.apple.AppKit:Window] context (0 -> f8f94a5) for window 585
2026-09-14 14:41:12.899 I  PeachCommander[26183:14ef2] [com.apple.AppKit:Window] context (0 -> f08e2205) for window 584
2026-09-14 14:41:12.899 I  PeachCommander[26183:14ef2] [com.apple.AppKit:Window] context (0 -> 8258c410) for window 583
2026-09-14 14:41:12.899 I  PeachCommander[26183:14ef2] [com.apple.AppKit:Window] context (0 -> 59fa581a) for window 582
2026-09-14 14:41:12.924 Df PeachCommander[26183:14ef2] [com.apple.AppKit:AutomaticTermination] void _updateToReflectAutomaticTerminationState(void) Setting _kLSApplicationWouldBeTerminatedByTALKey=0
2026-09-14 14:41:12.924 I  PeachCommander[26183:14ef2] [com.apple.runningboard:assertion] Acquiring assertion: <RBSAssertionDescriptor| "AppNap adapter assertion" ID:(null) target:26183>
2026-09-14 14:41:12.958 A  PeachCommander[26183:14efd] (RunningBoardServices) didChangeInheritances
2026-09-14 14:41:12.980 Df PeachCommander[26183:14ef2] [com.apple.libsystem.libdispatch:] DEPRECATED USE in libdispatch client: dispatch source activated with no event handler set; set a breakpoint on _dispatch_bug_deprecated to debug
2026-09-14 14:41:13.069 I  PeachCommander[26183:14ef2] [com.apple.coreanimation:Utilities] IOSurface Compression Enabled: NO
2026-09-14 14:41:13.071 Df PeachCommander[26183:14ef7] [com.apple.coreanimation:Metal] Precompiled pipelines disabled on unsupported hardware.
2026-09-14 14:41:13.082 I  PeachCommander[26183:14ef2] [com.apple.CarbonCore:gestalt] SetGestaltValuesBulk SetGestaltValuesBulk( count=22 tuples=0x18552e650
2026-09-14 14:41:13.082 I  PeachCommander[26183:14ef2] [com.apple.CarbonCore:gestalt] SetGestaltValue SetGestaltValue(alis 1C9) => 0
2026-09-14 14:41:13.082 I  PeachCommander[26183:14ef2] [com.apple.CarbonCore:gestalt] SetGestaltValue SetGestaltValue(os   FE) => 0
2026-09-14 14:41:13.082 I  PeachCommander[26183:14ef2] [com.apple.CarbonCore:gestalt] SetGestaltValue SetGestaltValue(addr 7) => 0
2026-09-14 14:41:13.082 I  PeachCommander[26183:14ef2] [com.apple.CarbonCore:gestalt] SetGestaltValue SetGestaltValue(fs   3D332) => 0
2026-09-14 14:41:13.082 I  PeachCommander[26183:14ef2] [com.apple.CarbonCore:gestalt] SetGestaltValue SetGestaltValue(fold 11) => 0
2026-09-14 14:41:13.082 I  PeachCommander[26183:14ef2] [com.apple.CarbonCore:gestalt] SetGestaltValue SetGestaltValue(lram 7FFFF000) => 0
2026-09-14 14:41:13.082 I  PeachCommander[26183:14ef2] [com.apple.CarbonCore:gestalt] SetGestaltValue SetGestaltValue(mmap 1) => 0
2026-09-14 14:41:13.082 I  PeachCommander[26183:14ef2] [com.apple.CarbonCore:gestalt] SetGestaltValue SetGestaltValue(cfrg 1) => 0
2026-09-14 14:41:13.082 I  PeachCommander[26183:14ef2] [com.apple.CarbonCore:gestalt] SetGestaltValue SetGestaltValue(thds 7) => 0
2026-09-14 14:41:13.082 I  PeachCommander[26183:14ef2] [com.apple.CarbonCore:gestalt] SetGestaltValue SetGestaltValue(tmgr E) => 0
2026-09-14 14:41:13.082 I  PeachCommander[26183:14ef2] [com.apple.CarbonCore:gestalt] SetGestaltValue SetGestaltValue(vers 7) => 0
2026-09-14 14:41:13.082 I  PeachCommander[26183:14ef2] [com.apple.CarbonCore:gestalt] SetGestaltValue SetGestaltValue(cbon 160) => 0
2026-09-14 14:41:13.082 I  PeachCommander[26183:14ef2] [com.apple.CarbonCore:gestalt] SetGestaltValue SetGestaltValue(cltn 1108000) => 0
2026-09-14 14:41:13.082 I  PeachCommander[26183:14ef2] [com.apple.CarbonCore:gestalt] SetGestaltValue SetGestaltValue(cpnt 8) => 0
2026-09-14 14:41:13.082 I  PeachCommander[26183:14ef2] [com.apple.CarbonCore:gestalt] SetGestaltValue SetGestaltValue(rsrc 3) => 0
2026-09-14 14:41:13.082 I  PeachCommander[26183:14ef2] [com.apple.CarbonCore:gestalt] SetGestaltValue SetGestaltValue(rmbg 11F) => 0
2026-09-14 14:41:13.082 I  PeachCommander[26183:14ef2] [com.apple.CarbonCore:gestalt] SetGestaltValue SetGestaltValue(vm   11) => 0
2026-09-14 14:41:13.082 I  PeachCommander[26183:14ef2] [com.apple.CarbonCore:gestalt] SetGestaltValue SetGestaltValue(srad 4170706C) => 0
2026-09-14 14:41:13.082 I  PeachCommander[26183:14ef2] [com.apple.CarbonCore:gestalt] SetGestaltValue SetGestaltValue(sysa 14) => 0
2026-09-14 14:41:13.082 I  PeachCommander[26183:14ef2] [com.apple.CarbonCore:gestalt] SetGestaltValue SetGestaltValue(copl 9) => 0
2026-09-14 14:41:13.082 I  PeachCommander[26183:14ef2] [com.apple.CarbonCore:gestalt] SetGestaltValue SetGestaltValue(xlat 0) => 0
2026-09-14 14:41:13.082 I  PeachCommander[26183:14ef2] [com.apple.CarbonCore:gestalt] SetGestaltValue SetGestaltValue(stdf 0) => 0
2026-09-14 14:41:13.082 I  PeachCommander[26183:14ef2] [com.apple.CarbonCore:gestalt] _NewGestalt _NewGestalt(ram  0x1854a7644) => 0
2026-09-14 14:41:13.082 I  PeachCommander[26183:14ef2] [com.apple.CarbonCore:gestalt] _NewGestalt _NewGestalt(ramm 0x1854a7644) => 0
2026-09-14 14:41:13.082 I  PeachCommander[26183:14ef2] [com.apple.CarbonCore:gestalt] _NewGestalt _NewGestalt(cput 0x1854a7734) => 0
2026-09-14 14:41:13.082 I  PeachCommander[26183:14ef2] [com.apple.CarbonCore:gestalt] _NewGestalt _NewGestalt(cpuf 0x1854a7764) => 0
2026-09-14 14:41:13.082 I  PeachCommander[26183:14ef2] [com.apple.CarbonCore:gestalt] _NewGestalt _NewGestalt(bclk 0x1854a7794) => 0
2026-09-14 14:41:13.082 I  PeachCommander[26183:14ef2] [com.apple.CarbonCore:gestalt] _NewGestalt _NewGestalt(bclm 0x1854a7794) => 0
2026-09-14 14:41:13.082 I  PeachCommander[26183:14ef2] [com.apple.CarbonCore:gestalt] _NewGestalt _NewGestalt(pclk 0x1854a7834) => 0
2026-09-14 14:41:13.082 I  PeachCommander[26183:14ef2] [com.apple.CarbonCore:gestalt] _NewGestalt _NewGestalt(mclk 0x1854a7834) => 0
2026-09-14 14:41:13.082 I  PeachCommander[26183:14ef2] [com.apple.CarbonCore:gestalt] _NewGestalt _NewGestalt(a/ux 0x1854a794c) => 0
2026-09-14 14:41:13.082 I  PeachCommander[26183:14ef2] [com.apple.CarbonCore:gestalt] _NewGestalt _NewGestalt(pgsz 0x1854a7954) => 0
2026-09-14 14:41:13.082 I  PeachCommander[26183:14ef2] [com.apple.CarbonCore:gestalt] _NewGestalt _NewGestalt(csiz 0x1854a7994) => 0
2026-09-14 14:41:13.082 I  PeachCommander[26183:14ef2] [com.apple.CarbonCore:gestalt] _NewGestalt _NewGestalt(sysv 0x185452dfc) => 0
2026-09-14 14:41:13.082 I  PeachCommander[26183:14ef2] [com.apple.CarbonCore:gestalt] _NewGestalt _NewGestalt(sys1 0x185452dfc) => 0
2026-09-14 14:41:13.082 I  PeachCommander[26183:14ef2] [com.apple.CarbonCore:gestalt] _NewGestalt _NewGestalt(sys2 0x185452dfc) => 0
2026-09-14 14:41:13.082 I  PeachCommander[26183:14ef2] [com.apple.CarbonCore:gestalt] _NewGestalt _NewGestalt(sys3 0x185452dfc) => 0
2026-09-14 14:41:13.082 I  PeachCommander[26183:14ef2] [com.apple.CarbonCore:gestalt] _NewGestalt _NewGestalt(cdfl 0x1854a79d4) => 0
2026-09-14 14:41:13.082 I  PeachCommander[26183:14ef2] [com.apple.CarbonCore:gestalt] _NewGestalt _NewGestalt(cdrm 0x1854a7c30) => 0
2026-09-14 14:41:13.082 I  PeachCommander[26183:14ef2] [com.apple.CarbonCore:gestalt] _NewGestalt _NewGestalt(cpus 0x1854a7c78) => 0
2026-09-14 14:41:13.082 I  PeachCommander[26183:14ef2] [com.apple.CarbonCore:gestalt] SetGestaltValue SetGestaltValue(swex 1) => 0
2026-09-14 14:41:13.082 Df PeachCommander[26183:14ef2] [com.apple.xpc:connection] [0xb1b52f980] activating connection: mach=false listener=false peer=false name=com.apple.hiservices-xpcservice
2026-09-14 14:41:13.083 I  PeachCommander[26183:14ef2] [com.apple.CFPasteboard:entry] CopyData('ApplePerContextInputPasteboard' (<CFUUID 0xb198717c0> FDEB7925-67E0-4006-A40E-8A1D2B1A3F18) gen: -1 item: 1264739405 flavor: 'ApplePerContextInputFlavor')
2026-09-14 14:41:13.083 I  PeachCommander[26183:14ef2] [com.apple.CFPasteboard:cache] Rebuilding cache for 'ApplePerContextInputPasteboard' (<CFUUID 0xb198717c0> FDEB7925-67E0-4006-A40E-8A1D2B1A3F18)
2026-09-14 14:41:13.083 I  PeachCommander[26183:14ef2] [com.apple.CFPasteboard:general] Will request data from daemon
2026-09-14 14:41:13.083 I  PeachCommander[26183:14ef2] [com.apple.CFPasteboard:exit] (not-in-cache) - result: 0 generation: 1 data (182 bytes) flags: 0
2026-09-14 14:41:13.083 I  PeachCommander[26183:14ef2] [com.apple.CFPasteboard:entry] CopyData('DefaultAsciiKeyboardLayoutPasteboard' (<CFUUID 0xb1ac3dfc0> 0A009C22-E44D-49B3-9819-1506777E26C5) gen: -1 item: 1264739405 flavor: 'DefaultAsciiKeyboardLayoutFlavor')
2026-09-14 14:41:13.083 I  PeachCommander[26183:14ef2] [com.apple.CFPasteboard:exit] (not-in-cache) - result: -8 generation: 0 null data flags: 0
2026-09-14 14:41:13.085 I  PeachCommander[26183:14ef2] [com.apple.AppKit:Window] context (0 -> 8f73a1e6) for window 587
2026-09-14 14:41:13.085 Df PeachCommander[26183:14ef2] [com.apple.inputmethodkitClient:Client] +[IMKClient subclass]: chose IMKClient_Modern
2026-09-14 14:41:13.086 Df PeachCommander[26183:14ef2] [com.apple.BoardServices:XPCErrors] [C:2] Alloc com.apple.backboard.hid-services.xpc
2026-09-14 14:41:13.086 Df PeachCommander[26183:14ef2] [com.apple.xpc:connection] [0xb1b52fac0] activating connection: mach=false listener=false peer=false name=(anonymous)
2026-09-14 14:41:13.086 E  PeachCommander[26183:14f03] [com.apple.BaseBoard:Common] Unable to obtain a task name port right for pid 165: (os/kern) failure (0x5)
2026-09-14 14:41:13.086 Df PeachCommander[26183:14f03] [com.apple.xpc:connection] [0xb1b52e940] activating connection: mach=false listener=false peer=false name=com.apple.TextInputUI.xpc.CursorUIViewService
2026-09-14 14:41:13.086 Df PeachCommander[26183:14efc] [com.apple.xpc:connection] [0xb1b52e940] invalidated after the last release of the connection object
2026-09-14 14:41:13.086 I  PeachCommander[26183:14ef2] [com.apple.CFPasteboard:entry] CopyData('DefaultAsciiKeyboardLayoutPasteboard' (<CFUUID 0xb1ac3dfc0> 0A009C22-E44D-49B3-9819-1506777E26C5) gen: -1 item: 1264739405 flavor: 'DefaultAsciiKeyboardLayoutFlavor')
2026-09-14 14:41:13.086 I  PeachCommander[26183:14ef2] [com.apple.CFPasteboard:exit] (not-in-cache) - result: -8 generation: 0 null data flags: 0
2026-09-14 14:41:13.087 Df PeachCommander[26183:14ef2] [com.apple.xpc:connection] [0xb1b52e6c0] activating connection: mach=false listener=false peer=false name=(anonymous)
2026-09-14 14:41:13.087 Df PeachCommander[26183:14ef2] [com.apple.xpc:connection] [0xb1b52e940] activating connection: mach=false listener=false peer=false name=com.apple.ViewBridgeAuxiliary
2026-09-14 14:41:13.087 Df PeachCommander[26183:14ef2] [com.apple.xpc:connection] [0xb1b52e580] activating connection: mach=false listener=false peer=false name=(anonymous)
2026-09-14 14:41:13.087 Df PeachCommander[26183:14ef2] [com.apple.xpc:connection] [0xb1b52e940] invalidated after the last release of the connection object
2026-09-14 14:41:13.102 Df PeachCommander[26183:14ef2] [com.apple.TextInputUI:CursorUI] -[TUINSCursorUIController activate:]_block_invoke: Create CursorUIViewService: TUINSRemoteViewController
2026-09-14 14:41:13.103 I  PeachCommander[26183:14ef2] [com.apple.AppKit:Window] window <TUINSWindow: 0xb1af9b700> windowNumber=587 finishing close
2026-09-14 14:41:13.103 I  PeachCommander[26183:14ef2] [com.apple.AppKit:Window] order window: 587 op: 0 relative: 0 related: 0
2026-09-14 14:41:13.106 A  PeachCommander[26183:14ef7] (CoreFoundation) Loading Preferences From System CFPrefsD
2026-09-14 14:41:13.182 Df PeachCommander[26183:14ef2] [com.apple.BoardServices:XPCErrors] [C:3] Alloc com.apple.backboard.hid-services.xpc
2026-09-14 14:41:13.182 Df PeachCommander[26183:14ef2] [com.apple.xpc:connection] [0xb1b52e080] activating connection: mach=false listener=false peer=false name=(anonymous)
2026-09-14 14:41:13.182 Df PeachCommander[26183:14efd] [com.apple.BackBoard:EventDelivery] BKSHIDEventDeliveryManager - connection activation
2026-09-14 14:41:13.195 I  PeachCommander[26183:14ef2] [com.apple.iconservices:foundation] layer data size zero
2026-09-14 14:41:13.195 A  PeachCommander[26183:14ef2] (CoreFoundation) Loading Preferences From User CFPrefsD
2026-09-14 14:41:13.196 I  PeachCommander[26183:14ef2] [com.apple.CoreAnalytics:client] Dropping "com.apple.ImageIO.readerSelection" as it isn't used in any transform (not in the config or budgeted?)
2026-09-14 14:41:13.212 I  PeachCommander[26183:14ef2] [com.peachcommander:PCFoundation] Session restored
2026-09-14 14:41:13.212 Df PeachCommander[26183:14ef2] (Foundation) <private>
2026-09-14 14:41:13.212 I  PeachCommander[26183:14ef2] [com.peachcommander:PCFoundation] [automation] running /Users/admin/auto.txt
2026-09-14 14:41:13.212 Df PeachCommander[26183:14ef2] (Foundation) <private>
2026-09-14 14:41:13.212 I  PeachCommander[26183:14ef2] [com.peachcommander:PCFoundation] [automation] > active left
2026-09-14 14:41:13.212 Df PeachCommander[26183:14ef2] (Foundation) <private>
2026-09-14 14:41:13.212 I  PeachCommander[26183:14ef2] [com.peachcommander:PCFoundation] [automation] > left /Users/admin/pc-demo
2026-09-14 14:41:13.285 I  PeachCommander[26183:14ef2] [com.apple.CoreAnalytics:client] Dropping "com.apple.appkit.app_config" as it isn't used in any transform (not in the config or budgeted?)
2026-09-14 14:41:13.286 I  PeachCommander[26183:14ef2] [com.apple.launchservices:datasep] application record search init. Node: <FSNode 0xb1bff9720> { isDir = y, path = <private> } bundleID: (null) itemID: 0
2026-09-14 14:41:13.286 I  PeachCommander[26183:14ef2] [com.apple.launchservices:datasep] application record search init. Node: <FSNode 0xb1bff9720> { isDir = y, path = <private> } bundleID: (null) itemID: 0
2026-09-14 14:41:13.286 I  PeachCommander[26183:14ef2] [com.apple.SafariPlatformSupport:SafariPlatformSupport] -[SFSafariPlatformSupport credentialSelected:] with nil credential
2026-09-14 14:41:13.286 I  PeachCommander[26183:14ef2] [com.apple.SafariPlatformSupport:SafariPlatformSupport] -[SFSafariPlatformSupport oneTimeCodeSelected:] with nil code
2026-09-14 14:41:13.331 I  PeachCommander[26183:14f91] [com.apple.AppKit:WindowTab] Indexing 1 items
2026-09-14 14:41:13.331 A  PeachCommander[26183:14f91] (CoreSpotlight) end-index-batch
2026-09-14 14:41:13.331 Df PeachCommander[26183:14f91] [com.apple.corespotlight:index] *warn* MailCS ======%%% _setMailMessageAttributes skip:1
2026-09-14 14:41:13.331 A  PeachCommander[26183:14f91] (CoreSpotlight) index-items
2026-09-14 14:41:13.331 Df PeachCommander[26183:14f91] [com.apple.corespotlight:index] CSInlineDonation:<private>: Skipping donation (feature flag disabled)
2026-09-14 14:41:13.331 Df PeachCommander[26183:14f91] [com.apple.corespotlight:index] CSInlineDonation:<private>: Skipping donation (feature flag disabled)
2026-09-14 14:41:13.435 I  PeachCommander[26183:14ef2] [com.apple.HIToolbox:MBDisplays] <private>
2026-09-14 14:41:13.435 I  PeachCommander[26183:14ef2] [com.apple.HIToolbox:MBDisplays] <private>
2026-09-14 14:41:13.559 Df PeachCommander[26183:14f8a] [com.apple.xpc:connection] [0xb1b52e1c0] activating connection: mach=false listener=false peer=false name=com.apple.SafariPlatformSupport.Helper
2026-09-14 14:41:13.572 Df PeachCommander[26183:14ef2] (Foundation) <private>
2026-09-14 14:41:13.572 I  PeachCommander[26183:14ef2] [com.peachcommander:PCFoundation] [automation] > wait 1500
2026-09-14 14:41:13.590 I  PeachCommander[26183:14ef2] [com.apple.iconservices:foundation] layer data size zero
2026-09-14 14:41:13.611 Df PeachCommander[26183:14f8a] [com.apple.xpc:connection] [0xb1b52e1c0] invalidated after the last release of the connection object
2026-09-14 14:41:13.625 I  PeachCommander[26183:14ef2] [com.apple.launchservices:cas] Removing cached information for app [ 0x0-0x15f15f]  "PeachCommander", as its seed is different from that in shared memory ( 535 vs 537)
2026-09-14 14:41:13.626 Df PeachCommander[26183:14ef2] [com.apple.xpc:connection] [0xb1b52dcc0] activating connection: mach=false listener=false peer=false name=(anonymous)
2026-09-14 14:41:13.626 Df PeachCommander[26183:14ef2] [com.apple.xpc:connection] [0xb1b52e1c0] activating connection: mach=false listener=false peer=false name=(anonymous)
2026-09-14 14:41:13.626 I  PeachCommander[26183:14ef2] [com.apple.iconservices:foundation] layer data size zero
2026-09-14 14:41:13.626 I  PeachCommander[26183:14ef2] [com.apple.iconservices:foundation] layer data size zero
2026-09-14 14:41:13.626 I  PeachCommander[26183:14ef2] [com.apple.iconservices:foundation] layer data size zero
2026-09-14 14:41:13.626 I  PeachCommander[26183:14ef2] [com.apple.iconservices:foundation] layer data size zero
2026-09-14 14:41:14.012 I  PeachCommander[26183:14ef2] [com.apple.SafariPlatformSupport:SafariPlatformSupport] -[SPSafariPlatformSupport completionListPreferredContentSizeDidUpdate] with size {0, 0}, in window that is visible
2026-09-14 14:41:14.074 I  PeachCommander[26183:14f8a] [com.apple.AppKit:WindowTab] Indexing 1 items
2026-09-14 14:41:14.074 A  PeachCommander[26183:14f8a] (CoreSpotlight) end-index-batch
2026-09-14 14:41:14.074 A  PeachCommander[26183:14f8a] (CoreSpotlight) index-items
2026-09-14 14:41:14.074 Df PeachCommander[26183:14f8a] [com.apple.corespotlight:index] CSInlineDonation:<private>: Skipping donation (feature flag disabled)
2026-09-14 14:41:14.074 Df PeachCommander[26183:14f8a] [com.apple.corespotlight:index] CSInlineDonation:<private>: Skipping donation (feature flag disabled)
2026-09-14 14:41:15.086 Df PeachCommander[26183:14ef2] (Foundation) <private>
2026-09-14 14:41:15.087 I  PeachCommander[26183:14ef2] [com.peachcommander:PCFoundation] [automation] > focus hosts.txt
2026-09-14 14:41:15.103 I  PeachCommander[26183:14ef2] [com.apple.AppKit:Animation] Running new animation: <private>
2026-09-14 14:41:15.103 I  PeachCommander[26183:14ef2] [com.apple.AppKit:Animation] Running new animation: <private>
2026-09-14 14:41:15.103 I  PeachCommander[26183:14ef2] [com.apple.AppKit:Animation] Running new animation: <private>
2026-09-14 14:41:15.103 I  PeachCommander[26183:14ef2] [com.apple.AppKit:Animation] Running new animation: <private>
2026-09-14 14:41:15.138 Df PeachCommander[26183:14ef2] (Foundation) <private>
2026-09-14 14:41:15.138 I  PeachCommander[26183:14ef2] [com.peachcommander:PCFoundation] [automation] > wait 300
2026-09-14 14:41:15.178 I  PeachCommander[26183:14ef2] [com.apple.iconservices:foundation] layer data size zero
2026-09-14 14:41:15.374 I  PeachCommander[26183:14ef2] [com.apple.quicklook:Preview Loading] start loading item <private>
2026-09-14 14:41:15.374 I  PeachCommander[26183:14ef2] [com.apple.quicklook:Preview Loading] created <private> (customView: (null))
2026-09-14 14:41:15.375 I  PeachCommander[26183:14ef2] [com.apple.quicklook:Preview Loading] start loading <private> with forced displayBundleID (null)
2026-09-14 14:41:15.375 Df PeachCommander[26183:14efd] [com.apple.foundation.filecoordination:claims] Read options: 200000 -- URL: <private> -- purposeID: 9764E497-AF7D-46D2-992F-F5187780D805 -- claimID: 4219504B-1408-4ED0-B812-84866F3FB73D
2026-09-14 14:41:15.376 Df PeachCommander[26183:14efd] [com.apple.foundation.filecoordination:claims] Claim 4219504B-1408-4ED0-B812-84866F3FB73D granted in client
2026-09-14 14:41:15.376 Df PeachCommander[26183:14efd] [com.apple.foundation.filecoordination:claims] Claim 4219504B-1408-4ED0-B812-84866F3FB73D invoked in client
2026-09-14 14:41:15.377 I  PeachCommander[26183:14efd] [com.apple.quicklook:Preview Loading] got displayBundleID com.apple.qldisplay.Text for <private>
2026-09-14 14:41:15.382 I  PeachCommander[26183:14ef2] [com.apple.quicklook:Preview Loading] document <private> got display bundle <private>
2026-09-14 14:41:15.382 I  PeachCommander[26183:14f8a] [com.apple.quicklook:General] presentedItemURL: <private>
2026-09-14 14:41:15.382 I  PeachCommander[26183:14f8a] [com.apple.quicklook:General] presentedItemOperationQueue: <private>
2026-09-14 14:41:15.382 Df PeachCommander[26183:14f8a] [com.apple.foundation.filecoordination:presenter] Adding presenter 5DF3B797-C878-45B5-BAA4-A602916D219C for URL: <private>
2026-09-14 14:41:15.382 Df PeachCommander[26183:14fe0] [com.apple.foundation.filecoordination:claims] Read options: 0 -- URL: <private> -- purposeID: EBC861F9-659B-4137-895C-F5D4F99C8233 -- claimID: A781A620-0F8E-4C03-9D9E-B437935B349E
2026-09-14 14:41:15.383 Df PeachCommander[26183:14f8a] [com.apple.foundation.filecoordination:claims] Claim A781A620-0F8E-4C03-9D9E-B437935B349E granted in client
2026-09-14 14:41:15.383 Df PeachCommander[26183:14f8a] [com.apple.foundation.filecoordination:claims] Claim A781A620-0F8E-4C03-9D9E-B437935B349E invoked in client
2026-09-14 14:41:15.384 I  PeachCommander[26183:14fe0] [com.apple.quicklook:default] Getting <private> for 'Text Loading Options' from UTI '<private>' #UTI
2026-09-14 14:41:15.385 I  PeachCommander[26183:14ef2] [com.apple.inputAnalytics.client:IATextInputActions] initWithAnalyticsMetadataObserver service
2026-09-14 14:41:15.385 I  PeachCommander[26183:14ef2] [com.apple.quicklook:General] DID LOAD <private>
2026-09-14 14:41:15.387 I  PeachCommander[26183:14ef2] [com.apple.quicklook:Preview Loading] document <private> did load
2026-09-14 14:41:15.387 I  PeachCommander[26183:14ef2] [com.apple.quicklook:Preview Loading] setting displayable from (null) to <private>
2026-09-14 14:41:15.454 Df PeachCommander[26183:14ef2] (Foundation) <private>
2026-09-14 14:41:15.454 I  PeachCommander[26183:14ef2] [com.peachcommander:PCFoundation] [automation] > markone hosts.txt
2026-09-14 14:41:15.466 Df PeachCommander[26183:14ef2] (Foundation) <private>
2026-09-14 14:41:15.466 I  PeachCommander[26183:14ef2] [com.peachcommander:PCFoundation] [automation] > wait 400
2026-09-14 14:41:15.891 Df PeachCommander[26183:14ef2] (Foundation) <private>
2026-09-14 14:41:15.891 I  PeachCommander[26183:14ef2] [com.peachcommander:PCFoundation] [automation] > seldump /Users/admin/sel-before.txt
2026-09-14 14:41:15.894 Df PeachCommander[26183:14ef2] (Foundation) <private>
2026-09-14 14:41:15.894 I  PeachCommander[26183:14ef2] [com.peachcommander:PCFoundation] [automation] > cmd cm_SelectAll
2026-09-14 14:41:15.894 Df PeachCommander[26183:14ef2] (Foundation) <private>
2026-09-14 14:41:15.894 I  PeachCommander[26183:14ef2] [com.peachcommander:PCFoundation] [automation] > wait 600
2026-09-14 14:41:16.537 Df PeachCommander[26183:14ef2] (Foundation) <private>
2026-09-14 14:41:16.537 I  PeachCommander[26183:14ef2] [com.peachcommander:PCFoundation] [automation] > seldump /Users/admin/sel-all.txt
2026-09-14 14:41:16.539 Df PeachCommander[26183:14ef2] (Foundation) <private>
2026-09-14 14:41:16.539 I  PeachCommander[26183:14ef2] [com.peachcommander:PCFoundation] [automation] > cmd cm_RestoreSelection
2026-09-14 14:41:16.539 Df PeachCommander[26183:14ef2] (Foundation) <private>
2026-09-14 14:41:16.539 I  PeachCommander[26183:14ef2] [com.peachcommander:PCFoundation] [automation] > wait 800
2026-09-14 14:41:17.395 Df PeachCommander[26183:14ef2] (Foundation) <private>
2026-09-14 14:41:17.395 I  PeachCommander[26183:14ef2] [com.peachcommander:PCFoundation] [automation] > seldump /Users/admin/sel-after.txt
2026-09-14 14:41:17.397 Df PeachCommander[26183:14ef2] (Foundation) <private>
2026-09-14 14:41:17.398 I  PeachCommander[26183:14ef2] [com.peachcommander:PCFoundation] [automation] > wait 400
2026-09-14 14:41:17.801 Df PeachCommander[26183:14ef2] (Foundation) <private>
2026-09-14 14:41:17.801 I  PeachCommander[26183:14ef2] [com.peachcommander:PCFoundation] [automation] done
