Timestamp               Ty Process[PID:TID]
2026-09-14 13:52:27.223 A  PeachCommander[20796:10bfc] (libsystem_info.dylib) Retrieve User by ID
2026-09-14 13:52:27.224 Df PeachCommander[20796:10bfc] [com.apple.xpc:connection] [0x10657b5c0] activating connection: mach=true listener=false peer=false name=com.apple.cfprefsd.daemon
2026-09-14 13:52:27.224 Df PeachCommander[20796:10bff] [com.apple.xpc:connection] [0x10657bd00] activating connection: mach=true listener=false peer=false name=com.apple.cfprefsd.agent
2026-09-14 13:52:27.225 Df PeachCommander[20796:10bfc] [com.apple.xpc:connection] [0x106581ce0] activating connection: mach=true listener=false peer=false name=com.apple.coreservices.launchservicesd
2026-09-14 13:52:27.225 I  PeachCommander[20796:10bfc] [com.apple.launchservices:cas] Registering for notification <private> on default queue, to re-boostrap client connection.
2026-09-14 13:52:27.225 Df PeachCommander[20796:10bfc] [com.apple.xpc:connection] [0xcb6ca0000] activating connection: mach=true listener=false peer=false name=com.apple.pasteboard.1
2026-09-14 13:52:27.226 Df PeachCommander[20796:10bfc] [com.apple.xpc:connection] [0xcb6ca0140] activating connection: mach=true listener=false peer=false name=com.apple.distributed_notifications@Uv3
2026-09-14 13:52:27.227 Df PeachCommander[20796:10bfc] [com.apple.AppKit:AutomaticTermination] void _NSDisableAutomaticTerminationAndLog(NSString *) No windows open yet
2026-09-14 13:52:27.227 A  PeachCommander[20796:10bfc] (TCC) TCCAccessRequest() IPC
2026-09-14 13:52:27.227 Df PeachCommander[20796:10bfc] [com.apple.xpc:connection] [0xcb6ca0280] activating connection: mach=true listener=false peer=false name=com.apple.tccd.system
2026-09-14 13:52:27.227 I  PeachCommander[20796:10bfc] [com.apple.TCC:access] SEND: 0/7 synchronous to com.apple.tccd.system: request: msgID=20796.1, function=TCCAccessRequest, service=kTCCServiceListenEvent,
2026-09-14 13:52:27.228 I  PeachCommander[20796:10bfc] [com.apple.TCC:access] RECV: synchronous reply <dictionary: 0xcb6c88000> { count = 5, transaction: 0, voucher = 0x0, contents =
	"prompt_type" => <uint64: 0x91ad8e7af82c5b3f>: 1
	"auth_value" => <uint64: 0x91ad8e7af82c5b3f>: 1
	"preflight_unknown" => <bool: 0x1ee1ad190>: true
	"auth_version" => <uint64: 0x91ad8e7af82c5b3f>: 1
	"auth_reason" => <uint64: 0x91ad8e7af82c5b1f>: 5
}
2026-09-14 13:52:27.228 Df PeachCommander[20796:10bfc] [com.apple.xpc:connection] [0xcb6ca0280] invalidated after the last release of the connection object
2026-09-14 13:52:27.228 Df PeachCommander[20796:10bfc] [com.apple.SkyLight:default] server port 0x00003a0b, session port 0x00003a0b
2026-09-14 13:52:27.230 Df PeachCommander[20796:10bfc] [com.apple.SkyLight:default] New connection 0x4eb6f main
2026-09-14 13:52:27.230 I  PeachCommander[20796:10c00] [com.apple.SkyLight:processes] 0[outside of RPC]: First connection id 322415 mapped to ctx = 0xcb6c44380
2026-09-14 13:52:27.231 I  PeachCommander[20796:10bfc] [com.apple.hiservices:processmgr] Checking in with CAS, pid=20796
2026-09-14 13:52:27.231 I  PeachCommander[20796:10bfc] [com.apple.launchservices:cas] LSApplicationCheckIn(), app being registered is:"/Users/admin/pc-test/PeachCommander.app/Contents/MacOS/PeachCommander"
2026-09-14 13:52:27.231 I  PeachCommander[20796:10bfc] [com.apple.launchservices:cas]  { "ApplicationType"="Foreground", "BuildMachineOSBuild"="25E246", "CFBundleDevelopmentRegion"="en", "CFBundleDocumentTypes"=( { "CFBundleTypeName"="Peach Commander Plugin Package", "CFBundleTypeRole"="Viewer", "LSHandlerRank"="Owner", "LSItemContentTypes"=( "com.peachcommander.plugin-package") }), "CFBundleExecutable"="PeachCommander", "CFBundleExecutablePath"="/Users/admin/pc-test/PeachCommander.app/Contents/MacOS/PeachCommander", "CFBundleHelpBookFolder"="PeachCommander.help", "CFBundleHelpBookName"="Peach Commander Help", "CFBundleIconFile"="AppIcon", "CFBundleIconName"="AppIcon", "CFBundleIdentifier"="com.peachcommander.app", "CFBundleInfoDictionaryVersion"="6.0", "CFBundleName"="PeachCommander", "CFBundleNumericVersion"=402685952, "CFBundlePackageType"="APPL", "CFBundleShortVersionString"="0.9.0", "CFBundleSignature"="?????", "CFBundleSupportedPlatforms"=( "MacOSX"), "CFBundleVersion"="18", "DTCompiler"="com.apple.compilers.llvm.clang.1_0", "DTPlatformBuild"="25F70", "DTPlatformName"="macosx", "<…>
2026-09-14 13:52:27.231 Df PeachCommander[20796:10bfc] [com.apple.processmanager:front-35286506] CHECKIN: pid=20796
2026-09-14 13:52:27.233 Df PeachCommander[20796:10bfc] [com.apple.processmanager:front-35286506] CHECKEDIN: pid=20796 asn=0x0-0x104104 foreground=1
2026-09-14 13:52:27.233 I  PeachCommander[20796:10bfc] [com.apple.launchservices:cas] Setting processControlState to default PROC_SETPC_SUSPEND because application does not have LSProcessControlValue key
2026-09-14 13:52:27.233 Df PeachCommander[20796:10bfc] [com.apple.xpc:connection] [0xcb6ca0280] activating connection: mach=false listener=true peer=false name=(anonymous)
2026-09-14 13:52:27.233 Df PeachCommander[20796:10bfc] [com.apple.xpc:connection] [0xcb6ca0280] Connection returned listener port: 0x5403
2026-09-14 13:52:27.233 Df PeachCommander[20796:10bff] [com.apple.xpc:connection] [0xcb7060300] activating connection: mach=false listener=false peer=true name=com.apple.xpc.anonymous.0xcb6ca0280.peer[131].0xcb7060300
2026-09-14 13:52:27.233 Df PeachCommander[20796:10bfc] [com.apple.processmanager:front-35286506] FRONTLOGGING: version 1
2026-09-14 13:52:27.233 Df PeachCommander[20796:10bfc] [com.apple.processmanager:front-35286506] Registered, pid=20796 ASN=0x0,0x104104
2026-09-14 13:52:27.233 Df PeachCommander[20796:10bfc] [com.apple.xpc:connection] [0xcb6ca03c0] activating connection: mach=true listener=false peer=false name=com.apple.analyticsd
2026-09-14 13:52:27.233 I  PeachCommander[20796:10bfc] [com.apple.CoreAnalytics:client] Daemon status changed from 0 to 1
2026-09-14 13:52:27.233 I  PeachCommander[20796:10bff] [com.apple.CarbonCore:coreservicesdaemon] SCSession():SCSession( id=100, this=0x0x106580fe0 option=65538) created, forUID=501 mach_port_t=0x5003.
2026-09-14 13:52:27.233 I  PeachCommander[20796:10bff] [com.apple.CarbonCore:coreservicesdaemon] SCSession():SCSession( id=101, this=0x0x10658c350 option=65538) created, forUID=501 mach_port_t=0x4303.
2026-09-14 13:52:27.233 I  PeachCommander[20796:10bff] [com.apple.CarbonCore:coreservicesdaemon] connectToCoreServicesD():Instantiating server (coreservicesd based) SCSession, port=0x5003 serverOptions=0x10002.
2026-09-14 13:52:27.234 I  PeachCommander[20796:10bfc] [com.apple.hiservices:processmgr] _RegisterApplication( pid 20796 => 0x0,0x104104) type=foreground
2026-09-14 13:52:27.234 Df PeachCommander[20796:10bfc] [com.apple.xpc:connection] [0xcb6ca0280] Connection returned listener port: 0x5403
2026-09-14 13:52:27.234 Df PeachCommander[20796:10bff] [com.apple.xpc:connection] [0xcb6ca0500] activating connection: mach=true listener=false peer=false name=com.apple.lsd.mapdb
2026-09-14 13:52:27.234 I  PeachCommander[20796:10bfc] [com.apple.launchservices:cas] CFArrayRef _LSCopyLaunchModifiers(LSSessionID, LSASNRef _Nonnull), result for psn [ kLSCurrentApp ASN, 0x0,0x2]  is 1 items.
2026-09-14 13:52:27.234 Df PeachCommander[20796:10bfc] [com.apple.processmanager:front-35286506] BringForward: pid=20796 asn=0x0-0x104104 bringForward=1 foreground=1 uiElement=0 launchedByLS=1 modifiersCount=1 allDisabled=1
2026-09-14 13:52:27.234 Df PeachCommander[20796:10bfc] [com.apple.processmanager:front-35286506] BringFrontModifier: pid=20796 asn=0x0-0x104104 Modifier 0 hideAfter=0 hideOthers=0 dontMakeFrontmost=0 mouseDown=0/0 seed=0/0
2026-09-14 13:52:27.234 Df PeachCommander[20796:10bfc] [com.apple.processmanager:front-35286506] BringForward: pid=20796 asn=0x0-0x104104
2026-09-14 13:52:27.234 Df PeachCommander[20796:10bfc] [com.apple.processmanager:front-35286506] SetFrontProcess: asn=0x0-0x104104 options=0
2026-09-14 13:52:27.234 I  PeachCommander[20796:10bfc] [com.apple.SkyLight:processes] 0[outside of RPC]: SLPSetFrontProcess(0x0-0x104104 window=0 options=0x0
2026-09-14 13:52:27.236 Df PeachCommander[20796:10bfc] [com.apple.AppKit:Appearance] Current system appearance, (HLTB: 1), (SLS: 0)
2026-09-14 13:52:27.236 Df PeachCommander[20796:10bfc] (libMobileGestalt.dylib) No persisted cache on this platform.
2026-09-14 13:52:27.237 I  PeachCommander[20796:10c04] [com.apple.launchservices:cas] information in shared memory for 0x0-0x104104 with seed 533 was still valid, so using cached info { "ApplicationType"="Foreground", "BuildMachineOSBuild"="25E246", "BundleIdentifierLowerCase"="com.peachcommander.app", "CFBundleDevelopmentRegion"="en", "CFBundleDocumentTypes"=( { "CFBundleTypeName"="Peach Commander Plugin Package", "CFBundleTypeRole"="Viewer", "LSHandlerRank"="Owner", "LSItemContentTypes"=( "com.peachcommander.plugin-package") }), "CFBundleExecutable"="PeachCommander", "CFBundleExecutablePath"="/Users/admin/pc-test/PeachCommander.app/Contents/MacOS/PeachCommander", "CFBundleExecutablePathDeviceID"=16777227, "CFBundleExecutablePathINode"=488284, "CFBundleHelpBookFolder"="PeachCommander.help", "CFBundleHelpBookName"="Peach Commander Help", "CFBundleIconFile"="AppIcon", "CFBundleIconName"="AppIcon", "CFBundleIdentifier"="com.peachcommander.app", "CFBundleInfoDictionaryVersion"="6.0", "CFBundleName"="PeachCommander", "CFBundleNameLowerCase"="peachcommander", "CFBundleNumericVersion"=402685952, "CFBundlePackageType"="APPL", "CFBundleShortVersionString"="0.9.0", "CFBun<…>
2026-09-14 13:52:27.237 Df PeachCommander[20796:10bfc] (libMobileGestalt.dylib) Could not get size of EAN data (IOConnectCallScalarMethod kAppleNVMeEANGetSize returned 0xE00002E2)
2026-09-14 13:52:27.237 Df PeachCommander[20796:10bfc] (libMobileGestalt.dylib) Failed to copy 'aptk' from EAN
2026-09-14 13:52:27.237 Df PeachCommander[20796:10bfc] (libMobileGestalt.dylib) Failed to copy APTicket properties. Falling back to default policy.
2026-09-14 13:52:27.237 Df PeachCommander[20796:10bfc] (libMobileGestalt.dylib) Creating default MGSysConfigPolicy
2026-09-14 13:52:27.237 Df PeachCommander[20796:10bfc] (libMobileGestalt.dylib) CFDictionaryRef copySyscfgDictionary(void) enumeration of <private> failed.
2026-09-14 13:52:27.237 Df PeachCommander[20796:10bfc] (libMobileGestalt.dylib) Failed to find key <private>
2026-09-14 13:52:27.237 I  PeachCommander[20796:10bff] [com.apple.launchservices:db] LaunchServices database schema version: 20971544
2026-09-14 13:52:27.237 Df PeachCommander[20796:10bfc] [com.apple.AppKit:Appearance] Current system appearance, (HLTB: 1), (SLS: 0)
2026-09-14 13:52:27.238 Df PeachCommander[20796:10bfc] [com.apple.AppKit:Appearance] Post-registration system appearance: (HLTB: 1)
2026-09-14 13:52:27.238 Df PeachCommander[20796:10c04] [com.apple.CoreAnalytics:client] Received configuration update from daemon (initial)
2026-09-14 13:52:27.239 I  PeachCommander[20796:10bff] [com.apple.launchservices:default] Unable to load Info.plist exceptions (eGPUOverrides)
2026-09-14 13:52:27.239 I  PeachCommander[20796:10bff] [com.apple.launchservices:default] Unable to load Info.plist exceptions (gameModeOverrides)
2026-09-14 13:52:27.239 I  PeachCommander[20796:10bff] [com.apple.launchservices:default] Unable to load Info.plist exceptions (identifiedGameOverrides)
2026-09-14 13:52:27.239 I  PeachCommander[20796:10bff] [com.apple.launchservices:default] Unable to load Info.plist exceptions (SystemHiddenPreferred)
2026-09-14 13:52:27.239 Df PeachCommander[20796:10bfc] [com.apple.FrontBoard:Common] FBSWorkspace: endpoint monitoring is disabled.
2026-09-14 13:52:27.239 Df PeachCommander[20796:10bfc] [com.apple.FrontBoard:Common] FBSWorkspace: default shell endpoint is disabled.
2026-09-14 13:52:27.239 Df PeachCommander[20796:10bfc] [com.apple.runningboard:connection] Initializing connection
2026-09-14 13:52:27.239 Df PeachCommander[20796:10bfc] [com.apple.runningboard:process] Removing all cached process handles
2026-09-14 13:52:27.239 Df PeachCommander[20796:10bff] [com.apple.runningboard:connection] Sending handshake request attempt #1 to server
2026-09-14 13:52:27.239 Df PeachCommander[20796:10bff] [com.apple.runningboard:connection] Creating connection to com.apple.runningboard
2026-09-14 13:52:27.239 Df PeachCommander[20796:10bff] [com.apple.xpc:connection] [0xcb6ca0780] activating connection: mach=true listener=false peer=false name=com.apple.runningboard
2026-09-14 13:52:27.240 A  PeachCommander[20796:10c04] (RunningBoardServices) didChangeInheritances
2026-09-14 13:52:27.240 Df PeachCommander[20796:10bfc] [com.apple.xpc:connection] [0xcb6ca0280] Connection returned listener port: 0x5403
2026-09-14 13:52:27.240 Df PeachCommander[20796:10bff] [com.apple.runningboard:connection] Handshake succeeded
2026-09-14 13:52:27.240 Df PeachCommander[20796:10bff] [com.apple.runningboard:connection] Identity resolved as app<application.com.peachcommander.app.487016.488284(501)>
2026-09-14 13:52:27.240 I  PeachCommander[20796:10bfc] [com.apple.launchservices:cas] information in shared memory for 0x0-0x104104 with seed 533 was still valid, so using cached info { "ApplicationType"="Foreground", "BuildMachineOSBuild"="25E246", "BundleIdentifierLowerCase"="com.peachcommander.app", "CFBundleDevelopmentRegion"="en", "CFBundleDocumentTypes"=( { "CFBundleTypeName"="Peach Commander Plugin Package", "CFBundleTypeRole"="Viewer", "LSHandlerRank"="Owner", "LSItemContentTypes"=( "com.peachcommander.plugin-package") }), "CFBundleExecutable"="PeachCommander", "CFBundleExecutablePath"="/Users/admin/pc-test/PeachCommander.app/Contents/MacOS/PeachCommander", "CFBundleExecutablePathDeviceID"=16777227, "CFBundleExecutablePathINode"=488284, "CFBundleHelpBookFolder"="PeachCommander.help", "CFBundleHelpBookName"="Peach Commander Help", "CFBundleIconFile"="AppIcon", "CFBundleIconName"="AppIcon", "CFBundleIdentifier"="com.peachcommander.app", "CFBundleInfoDictionaryVersion"="6.0", "CFBundleName"="PeachCommander", "CFBundleNameLowerCase"="peachcommander", "CFBundleNumericVersion"=402685952, "CFBundlePackageType"="APPL", "CFBundleShortVersionString"="0.9.0", "CFBun<…>
2026-09-14 13:52:27.242 Df PeachCommander[20796:10bfc] [com.apple.xpc:connection] [0xcb6ca0280] Connection returned listener port: 0x5403
2026-09-14 13:52:27.242 A  PeachCommander[20796:10c05] (AppIntents) appintents:register process
2026-09-14 13:52:27.242 Df PeachCommander[20796:10c05] [com.apple.appintents:Connection] Created a new Process Instance Registry XPC connection (inactive)
2026-09-14 13:52:27.242 Df PeachCommander[20796:10c05] [com.apple.xpc:connection] [0xcb6ca08c0] activating connection: mach=true listener=false peer=false name=com.apple.linkd.autoShortcut
2026-09-14 13:52:27.243 Df PeachCommander[20796:10c05] [com.apple.appintents:Connection] Activated connection to linkd (ApplicationService)
2026-09-14 13:52:27.243 Df PeachCommander[20796:10c05] [com.apple.xpc:connection] [0xcb6ca0a00] activating connection: mach=false listener=true peer=false name=(anonymous)
2026-09-14 13:52:27.243 I  PeachCommander[20796:10bfc] [com.apple.launchservices:cas] information in shared memory for 0x0-0x104104 with seed 533 was still valid, so using cached info { "ApplicationType"="Foreground", "BuildMachineOSBuild"="25E246", "BundleIdentifierLowerCase"="com.peachcommander.app", "CFBundleDevelopmentRegion"="en", "CFBundleDocumentTypes"=( { "CFBundleTypeName"="Peach Commander Plugin Package", "CFBundleTypeRole"="Viewer", "LSHandlerRank"="Owner", "LSItemContentTypes"=( "com.peachcommander.plugin-package") }), "CFBundleExecutable"="PeachCommander", "CFBundleExecutablePath"="/Users/admin/pc-test/PeachCommander.app/Contents/MacOS/PeachCommander", "CFBundleExecutablePathDeviceID"=16777227, "CFBundleExecutablePathINode"=488284, "CFBundleHelpBookFolder"="PeachCommander.help", "CFBundleHelpBookName"="Peach Commander Help", "CFBundleIconFile"="AppIcon", "CFBundleIconName"="AppIcon", "CFBundleIdentifier"="com.peachcommander.app", "CFBundleInfoDictionaryVersion"="6.0", "CFBundleName"="PeachCommander", "CFBundleNameLowerCase"="peachcommander", "CFBundleNumericVersion"=402685952, "CFBundlePackageType"="APPL", "CFBundleShortVersionString"="0.9.0", "CFBun<…>
2026-09-14 13:52:27.243 I  PeachCommander[20796:10bfc] [com.apple.hiservices:processmgr] TransformProcessType(0x0,0x2 => 1 wasFront=1 pickNew=0)
2026-09-14 13:52:27.243 I  PeachCommander[20796:10bfc] [com.apple.CoreAnalytics:client] Dropping "com.apple.appkit.app_config" as it isn't used in any transform (not in the config or budgeted?)
2026-09-14 13:52:27.243 I  PeachCommander[20796:10c05] [com.apple.appintents:Execution] LNAppConnectionListener instantiated
2026-09-14 13:52:27.243 Df PeachCommander[20796:10c05] [com.apple.xpc:connection] [0xcb6ca0a00] Connection returned listener port: 0x6803
2026-09-14 13:52:27.243 Df PeachCommander[20796:10bff] [com.apple.xpc:connection] [0xcb6ca08c0] Re-initialization successful; calling out to event handler with XPC_ERROR_CONNECTION_INTERRUPTED
2026-09-14 13:52:27.243 Df PeachCommander[20796:10bff] [com.apple.appintents:Connection] Process Instance Registry XPC connection has been interrupted
2026-09-14 13:52:27.243 Df PeachCommander[20796:10bfc] [com.apple.dt.xctest:Default] Registering for test daemon availability notify post.
2026-09-14 13:52:27.243 E  PeachCommander[20796:10c05] [com.apple.appintents:Connection] Unable to get synchronousRemoteObjectProxy, error: Error Domain=NSCocoaErrorDomain Code=4097 "connection to service named com.apple.linkd.autoShortcut" UserInfo={NSDebugDescription=connection to service named com.apple.linkd.autoShortcut}
2026-09-14 13:52:27.243 Df PeachCommander[20796:10c04] [com.apple.appintents:Connection] Created a new Process Instance Registry XPC connection (inactive)
2026-09-14 13:52:27.243 E  PeachCommander[20796:10c05] [com.apple.AppKit:Application] Error registering app with intents framework: Error Domain=NSCocoaErrorDomain Code=4097 UserInfo={NSDebugDescription=<private>}
2026-09-14 13:52:27.243 A  PeachCommander[20796:10c04] (AppIntents) appintents:register process
2026-09-14 13:52:27.243 Df PeachCommander[20796:10bfc] [com.apple.dt.xctest:Default] notify_get_state check indicated test daemon not ready.
2026-09-14 13:52:27.243 Df PeachCommander[20796:10c04] [com.apple.appintents:Connection] Created a new Process Instance Registry XPC connection (inactive)
2026-09-14 13:52:27.243 Df PeachCommander[20796:10c04] [com.apple.xpc:connection] [0xcb6ca0c80] activating connection: mach=true listener=false peer=false name=com.apple.linkd.autoShortcut
2026-09-14 13:52:27.243 Df PeachCommander[20796:10bfc] [com.apple.dt.xctest:Default] notify_get_state check indicated test daemon not ready.
2026-09-14 13:52:27.243 Df PeachCommander[20796:10c04] [com.apple.appintents:Connection] Activated connection to linkd (ApplicationService)
2026-09-14 13:52:27.243 Df PeachCommander[20796:10c04] [com.apple.xpc:connection] [0xcb6ca0a00] Connection returned listener port: 0x6803
2026-09-14 13:52:27.244 Df PeachCommander[20796:10bfc] [com.apple.dt.xctest:Default] notify_get_state check indicated test daemon not ready.
2026-09-14 13:52:27.244 Df PeachCommander[20796:10c05] [com.apple.xpc:connection] [0xcb6ca0c80] Re-initialization successful; calling out to event handler with XPC_ERROR_CONNECTION_INTERRUPTED
2026-09-14 13:52:27.244 Df PeachCommander[20796:10c05] [com.apple.appintents:Connection] Process Instance Registry XPC connection has been interrupted
2026-09-14 13:52:27.244 E  PeachCommander[20796:10c04] [com.apple.appintents:Connection] Unable to get synchronousRemoteObjectProxy, error: Error Domain=NSCocoaErrorDomain Code=4097 "connection to service named com.apple.linkd.autoShortcut" UserInfo={NSDebugDescription=connection to service named com.apple.linkd.autoShortcut}
2026-09-14 13:52:27.244 E  PeachCommander[20796:10c04] [com.apple.appintents:Connection] Unable to re-register with Process Instance Registry, error: Error Domain=NSCocoaErrorDomain Code=4097 "connection to service named com.apple.linkd.autoShortcut" UserInfo={NSDebugDescription=connection to service named com.apple.linkd.autoShortcut}
2026-09-14 13:52:27.244 Df PeachCommander[20796:10c05] [com.apple.appintents:Connection] Created a new Process Instance Registry XPC connection (inactive)
2026-09-14 13:52:27.244 A  PeachCommander[20796:10c05] (AppIntents) appintents:register process
2026-09-14 13:52:27.244 Df PeachCommander[20796:10c05] [com.apple.appintents:Connection] Created a new Process Instance Registry XPC connection (inactive)
2026-09-14 13:52:27.244 Df PeachCommander[20796:10c05] [com.apple.xpc:connection] [0xcb6ca12c0] activating connection: mach=true listener=false peer=false name=com.apple.linkd.autoShortcut
2026-09-14 13:52:27.244 Df PeachCommander[20796:10c05] [com.apple.appintents:Connection] Activated connection to linkd (ApplicationService)
2026-09-14 13:52:27.244 Df PeachCommander[20796:10c05] [com.apple.xpc:connection] [0xcb6ca0a00] Connection returned listener port: 0x6803
2026-09-14 13:52:27.244 Df PeachCommander[20796:10c04] [com.apple.xpc:connection] [0xcb6ca12c0] Re-initialization successful; calling out to event handler with XPC_ERROR_CONNECTION_INTERRUPTED
2026-09-14 13:52:27.244 Df PeachCommander[20796:10c04] [com.apple.appintents:Connection] Process Instance Registry XPC connection has been interrupted
2026-09-14 13:52:27.244 Df PeachCommander[20796:10c04] [com.apple.appintents:Connection] Created a new Process Instance Registry XPC connection (inactive)
2026-09-14 13:52:27.244 A  PeachCommander[20796:10c04] (AppIntents) appintents:register process
2026-09-14 13:52:27.244 Df PeachCommander[20796:10c04] [com.apple.appintents:Connection] Created a new Process Instance Registry XPC connection (inactive)
2026-09-14 13:52:27.244 Df PeachCommander[20796:10c04] [com.apple.xpc:connection] [0xcb6ca1540] activating connection: mach=true listener=false peer=false name=com.apple.linkd.autoShortcut
2026-09-14 13:52:27.244 E  PeachCommander[20796:10c05] [com.apple.appintents:Connection] Unable to get synchronousRemoteObjectProxy, error: Error Domain=NSCocoaErrorDomain Code=4097 "connection to service named com.apple.linkd.autoShortcut" UserInfo={NSDebugDescription=connection to service named com.apple.linkd.autoShortcut}
2026-09-14 13:52:27.244 E  PeachCommander[20796:10c05] [com.apple.appintents:Connection] Unable to re-register with Process Instance Registry, error: Error Domain=NSCocoaErrorDomain Code=4097 "connection to service named com.apple.linkd.autoShortcut" UserInfo={NSDebugDescription=connection to service named com.apple.linkd.autoShortcut}
2026-09-14 13:52:27.244 Df PeachCommander[20796:10c04] [com.apple.appintents:Connection] Activated connection to linkd (ApplicationService)
2026-09-14 13:52:27.244 Df PeachCommander[20796:10c04] [com.apple.xpc:connection] [0xcb6ca0a00] Connection returned listener port: 0x6803
2026-09-14 13:52:27.245 Df PeachCommander[20796:10c05] [com.apple.xpc:connection] [0xcb6ca1540] Re-initialization successful; calling out to event handler with XPC_ERROR_CONNECTION_INTERRUPTED
2026-09-14 13:52:27.245 Df PeachCommander[20796:10c05] [com.apple.appintents:Connection] Process Instance Registry XPC connection has been interrupted
2026-09-14 13:52:27.245 E  PeachCommander[20796:10c05] [com.apple.appintents:Connection] Will NOT re-try to establish the connection
2026-09-14 13:52:27.245 E  PeachCommander[20796:10c04] [com.apple.appintents:Connection] Unable to get synchronousRemoteObjectProxy, error: Error Domain=NSCocoaErrorDomain Code=4097 "connection to service named com.apple.linkd.autoShortcut" UserInfo={NSDebugDescription=connection to service named com.apple.linkd.autoShortcut}
2026-09-14 13:52:27.245 E  PeachCommander[20796:10c04] [com.apple.appintents:Connection] Unable to re-register with Process Instance Registry, error: Error Domain=NSCocoaErrorDomain Code=4097 "connection to service named com.apple.linkd.autoShortcut" UserInfo={NSDebugDescription=connection to service named com.apple.linkd.autoShortcut}
2026-09-14 13:52:27.247 A  PeachCommander[20796:10bfc] (CoreFoundation) Loading Preferences From System CFPrefsD
2026-09-14 13:52:27.247 Df PeachCommander[20796:10bfc] (libMobileGestalt.dylib) couldn't load support library
2026-09-14 13:52:27.248 Df PeachCommander[20796:10bfc] (libMobileGestalt.dylib) called dummy function!
2026-09-14 13:52:27.248 I  PeachCommander[20796:10bfc] [com.apple.GenerativeModels:availability] Current availability state: unavailable, use cases: com.apple.WritingTools, language: <any>, api: <private>
2026-09-14 13:52:27.248 Df PeachCommander[20796:10bfc] [com.apple.GenerativeModels:availability] registering darwin observer for name: com.apple.gms.availability.notification
2026-09-14 13:52:27.248 Df PeachCommander[20796:10bfc] [com.apple.GenerativeModels:availability] registering darwin observer for name: com.apple.os-eligibility-domain.change.greymatter
2026-09-14 13:52:27.248 Df PeachCommander[20796:10bfc] [com.apple.GenerativeModels:availability] registering darwin observer for name: com.apple.language.changed
2026-09-14 13:52:27.248 Df PeachCommander[20796:10bfc] [com.apple.WritingTools:Default] isAvailable value changed: isMDMAllowed = true, gmAvailable (current) = false
2026-09-14 13:52:27.250 I  PeachCommander[20796:10bfc] [com.apple.CoreAnalytics:client] Dropping "com.apple.appkit.app_config" as it isn't used in any transform (not in the config or budgeted?)
2026-09-14 13:52:27.253 Df PeachCommander[20796:10bfc] [com.apple.AppKit:Appearance] NSApp cache appearance:
-NSRequiresAquaSystemAppearance: 0
-appearance: (null)
-effectiveAppearance: <NSCompositeAppearance: 0xcb6c8c820
 (
    "<NSAquaAppearance: 0xcb6c8c460>",
    "<NSSystemAppearance: 0xcb6c8c780>"
)>
2026-09-14 13:52:27.255 A  PeachCommander[20796:10bfc] (CoreFoundation) Loading Preferences From User CFPrefsD
2026-09-14 13:52:27.255 A  PeachCommander[20796:10bfc] (CoreFoundation) Loading Preferences From User CFPrefsD
2026-09-14 13:52:27.258 A  PeachCommander[20796:10c05] (libsystem_info.dylib) Membership API: translate identifier
2026-09-14 13:52:27.260 I  PeachCommander[20796:10bfc] [com.apple.CoreAnalytics:client] Dropping "com.apple.appkit.app_config" as it isn't used in any transform (not in the config or budgeted?)
2026-09-14 13:52:27.260 I  PeachCommander[20796:10bfc] [com.apple.CoreAnalytics:client] Dropping "com.apple.appkit.app_config" as it isn't used in any transform (not in the config or budgeted?)
2026-09-14 13:52:27.261 Df PeachCommander[20796:10c04] [com.apple.xpc:connection] [0xcb6ca1a40] activating connection: mach=true listener=false peer=false name=com.apple.dock.fullscreen
2026-09-14 13:52:27.262 Df PeachCommander[20796:10bfc] [com.apple.xpc:connection] [0xcb6ca1b80] activating connection: mach=true listener=false peer=false name=com.apple.fonts
2026-09-14 13:52:27.264 I  PeachCommander[20796:10bfc] [com.apple.launchservices:cas] information in shared memory for 0x0-0x104104 with seed 533 was still valid, so using cached info { "ApplicationType"="Foreground", "BuildMachineOSBuild"="25E246", "BundleIdentifierLowerCase"="com.peachcommander.app", "CFBundleDevelopmentRegion"="en", "CFBundleDocumentTypes"=( { "CFBundleTypeName"="Peach Commander Plugin Package", "CFBundleTypeRole"="Viewer", "LSHandlerRank"="Owner", "LSItemContentTypes"=( "com.peachcommander.plugin-package") }), "CFBundleExecutable"="PeachCommander", "CFBundleExecutablePath"="/Users/admin/pc-test/PeachCommander.app/Contents/MacOS/PeachCommander", "CFBundleExecutablePathDeviceID"=16777227, "CFBundleExecutablePathINode"=488284, "CFBundleHelpBookFolder"="PeachCommander.help", "CFBundleHelpBookName"="Peach Commander Help", "CFBundleIconFile"="AppIcon", "CFBundleIconName"="AppIcon", "CFBundleIdentifier"="com.peachcommander.app", "CFBundleInfoDictionaryVersion"="6.0", "CFBundleName"="PeachCommander", "CFBundleNameLowerCase"="peachcommander", "CFBundleNumericVersion"=402685952, "CFBundlePackageType"="APPL", "CFBundleShortVersionString"="0.9.0", "CFBun<…>
2026-09-14 13:52:27.265 I  PeachCommander[20796:10bfc] [com.apple.CoreAnalytics:client] Dropping "com.apple.appkit.app_config" as it isn't used in any transform (not in the config or budgeted?)
2026-09-14 13:52:27.265 Df PeachCommander[20796:10bfc] [com.apple.AppKit:AutomaticTermination] -[NSApplication(NSAppssassination) _checkForAutomaticTerminationSupportPossiblyEnablingIt]_block_invoke Enabling automatic termination support.
2026-09-14 13:52:27.265 Df PeachCommander[20796:10bfc] [com.apple.xpc:connection] [0xcb6ca0dc0] activating connection: mach=true listener=false peer=false name=com.apple.appkit.restoration_storage
2026-09-14 13:52:27.265 I  PeachCommander[20796:10bfc] [com.apple.launchservices:cas] information in shared memory for 0x0-0x104104 with seed 533 was still valid, so using cached info { "ApplicationType"="Foreground", "BuildMachineOSBuild"="25E246", "BundleIdentifierLowerCase"="com.peachcommander.app", "CFBundleDevelopmentRegion"="en", "CFBundleDocumentTypes"=( { "CFBundleTypeName"="Peach Commander Plugin Package", "CFBundleTypeRole"="Viewer", "LSHandlerRank"="Owner", "LSItemContentTypes"=( "com.peachcommander.plugin-package") }), "CFBundleExecutable"="PeachCommander", "CFBundleExecutablePath"="/Users/admin/pc-test/PeachCommander.app/Contents/MacOS/PeachCommander", "CFBundleExecutablePathDeviceID"=16777227, "CFBundleExecutablePathINode"=488284, "CFBundleHelpBookFolder"="PeachCommander.help", "CFBundleHelpBookName"="Peach Commander Help", "CFBundleIconFile"="AppIcon", "CFBundleIconName"="AppIcon", "CFBundleIdentifier"="com.peachcommander.app", "CFBundleInfoDictionaryVersion"="6.0", "CFBundleName"="PeachCommander", "CFBundleNameLowerCase"="peachcommander", "CFBundleNumericVersion"=402685952, "CFBundlePackageType"="APPL", "CFBundleShortVersionString"="0.9.0", "CFBun<…>
2026-09-14 13:52:27.265 Df PeachCommander[20796:10bfc] [com.apple.xpc:connection] [0xcb6ca0f00] activating connection: mach=true listener=false peer=false name=com.apple.coreservices.appleevents
2026-09-14 13:52:27.265 I  PeachCommander[20796:10bfc] [com.apple.appleevents:main] _AEGetRegisteredMachPort() created default port (port:45059/0xb003 rcv:1 send:1 limit:5) and registered it with server
2026-09-14 13:52:27.265 Df PeachCommander[20796:10bfc] [com.apple.xpc:connection] [0xcb6ca0280] Connection returned listener port: 0x5403
2026-09-14 13:52:27.265 I  PeachCommander[20796:10bfc] [com.apple.launchservices:cas] information in shared memory for 0x0-0x104104 with seed 533 was still valid, so using cached info { "ApplicationType"="Foreground", "BuildMachineOSBuild"="25E246", "BundleIdentifierLowerCase"="com.peachcommander.app", "CFBundleDevelopmentRegion"="en", "CFBundleDocumentTypes"=( { "CFBundleTypeName"="Peach Commander Plugin Package", "CFBundleTypeRole"="Viewer", "LSHandlerRank"="Owner", "LSItemContentTypes"=( "com.peachcommander.plugin-package") }), "CFBundleExecutable"="PeachCommander", "CFBundleExecutablePath"="/Users/admin/pc-test/PeachCommander.app/Contents/MacOS/PeachCommander", "CFBundleExecutablePathDeviceID"=16777227, "CFBundleExecutablePathINode"=488284, "CFBundleHelpBookFolder"="PeachCommander.help", "CFBundleHelpBookName"="Peach Commander Help", "CFBundleIconFile"="AppIcon", "CFBundleIconName"="AppIcon", "CFBundleIdentifier"="com.peachcommander.app", "CFBundleInfoDictionaryVersion"="6.0", "CFBundleName"="PeachCommander", "CFBundleNameLowerCase"="peachcommander", "CFBundleNumericVersion"=402685952, "CFBundlePackageType"="APPL", "CFBundleShortVersionString"="0.9.0", "CFBun<…>
2026-09-14 13:52:27.265 Df PeachCommander[20796:10bfc] [com.apple.processmanager:front-35286506] SignalReady: pid=20796 asn=0x0-0x104104
2026-09-14 13:52:27.266 Df PeachCommander[20796:10bfc] [com.apple.processmanager:front-35286506] SIGNAL: pid=20796 asn=0x0x-0x104104
2026-09-14 13:52:27.266 I  PeachCommander[20796:10bfc] [com.apple.appleevents:main] aeGenerateFakeFirstOAPPEventIfNecessary()
2026-09-14 13:52:27.266 I  PeachCommander[20796:10bfc] [com.apple.appleevents:main] aeGenerateFakeFirstOAPPEventIfNecessary(), needToCreateFakeOAPPEventIfFirstEvent == true
2026-09-14 13:52:27.266 I  PeachCommander[20796:10bfc] [com.apple.launchservices:cas] Removing cached information for app [ 0x0-0x104104]  "PeachCommander", as its seed is different from that in shared memory ( 533 vs 535)
2026-09-14 13:52:27.266 I  PeachCommander[20796:10bfc] [com.apple.CFPasteboard:entry] CopyData('DefaultAsciiKeyboardLayoutPasteboard' (<CFUUID 0xcb6d60740> 69DD3E35-9767-4E05-80F8-6FE2DA7BE054) gen: -1 item: 1264739405 flavor: 'DefaultAsciiKeyboardLayoutFlavor')
2026-09-14 13:52:27.266 I  PeachCommander[20796:10bfc] [com.apple.CFPasteboard:cache] Rebuilding cache for 'DefaultAsciiKeyboardLayoutPasteboard' (<CFUUID 0xcb6d60740> 69DD3E35-9767-4E05-80F8-6FE2DA7BE054)
2026-09-14 13:52:27.267 I  PeachCommander[20796:10bfc] [com.apple.CFPasteboard:exit] (not-in-cache) - result: -8 generation: 0 null data flags: 0
2026-09-14 13:52:27.267 A  PeachCommander[20796:10bfc] (CoreFoundation) Loading Preferences From User CFPrefsD
2026-09-14 13:52:27.267 A  PeachCommander[20796:10bfc] (CoreFoundation) Loading Preferences From System CFPrefsD
2026-09-14 13:52:27.267 I  PeachCommander[20796:10bfc] [com.apple.CFPasteboard:entry] CopyData('AppleIntlFileCacheModificationDatePasteboard' (<CFUUID 0xcb6d60ca0> 0572E29F-FBC0-42DE-85A9-6C14FE5FEAA8) gen: -1 item: 1 flavor: '-32766 1768845414')
2026-09-14 13:52:27.267 I  PeachCommander[20796:10bfc] [com.apple.CFPasteboard:cache] Rebuilding cache for 'AppleIntlFileCacheModificationDatePasteboard' (<CFUUID 0xcb6d60ca0> 0572E29F-FBC0-42DE-85A9-6C14FE5FEAA8)
2026-09-14 13:52:27.267 I  PeachCommander[20796:10bfc] [com.apple.CFPasteboard:general] Will request data from daemon
2026-09-14 13:52:27.267 I  PeachCommander[20796:10bfc] [com.apple.CFPasteboard:exit] (not-in-cache) - result: 0 generation: 7 data (310 bytes) flags: 0
2026-09-14 13:52:27.267 I  PeachCommander[20796:10bfc] [com.apple.CFPasteboard:entry] CopyData('AppleIntlFileCacheModificationDatePasteboard' (<CFUUID 0xcb6d60ca0> 0572E29F-FBC0-42DE-85A9-6C14FE5FEAA8) gen: -1 item: 1 flavor: '-32765 1802264953')
2026-09-14 13:52:27.267 I  PeachCommander[20796:10bfc] [com.apple.CFPasteboard:general] Will request data from daemon
2026-09-14 13:52:27.267 I  PeachCommander[20796:10bfc] [com.apple.CFPasteboard:exit] (not-in-cache) - result: 0 generation: 7 data (306 bytes) flags: 0
2026-09-14 13:52:27.267 I  PeachCommander[20796:10bfc] [com.apple.CFPasteboard:entry] CopyData('AppleIntlFileCacheModificationDatePasteboard' (<CFUUID 0xcb6d60ca0> 0572E29F-FBC0-42DE-85A9-6C14FE5FEAA8) gen: -1 item: 1 flavor: '-32764 1802264953')
2026-09-14 13:52:27.267 I  PeachCommander[20796:10bfc] [com.apple.CFPasteboard:general] Will request data from daemon
2026-09-14 13:52:27.267 I  PeachCommander[20796:10bfc] [com.apple.CFPasteboard:exit] (not-in-cache) - result: 0 generation: 7 data (281 bytes) flags: 0
2026-09-14 13:52:27.267 I  PeachCommander[20796:10bfc] [com.apple.CFPasteboard:entry] CopyData('AppleIntlFileCacheModificationDatePasteboard' (<CFUUID 0xcb6d60ca0> 0572E29F-FBC0-42DE-85A9-6C14FE5FEAA8) gen: -1 item: 1 flavor: '-32763 1802264953')
2026-09-14 13:52:27.267 I  PeachCommander[20796:10bfc] [com.apple.CFPasteboard:general] Will request data from daemon
2026-09-14 13:52:27.268 I  PeachCommander[20796:10bfc] [com.apple.CFPasteboard:exit] (not-in-cache) - result: 0 generation: 7 data (318 bytes) flags: 0
2026-09-14 13:52:27.268 I  PeachCommander[20796:10bfc] [com.apple.CFPasteboard:entry] CopyData('AppleIntlFileCacheModificationDatePasteboard' (<CFUUID 0xcb6d60ca0> 0572E29F-FBC0-42DE-85A9-6C14FE5FEAA8) gen: -1 item: 1 flavor: '-32765 1768845414')
2026-09-14 13:52:27.268 I  PeachCommander[20796:10bfc] [com.apple.CFPasteboard:general] Will request data from daemon
2026-09-14 13:52:27.268 I  PeachCommander[20796:10bfc] [com.apple.CFPasteboard:exit] (not-in-cache) - result: 0 generation: 7 data (303 bytes) flags: 0
2026-09-14 13:52:27.268 I  PeachCommander[20796:10bfc] [com.apple.CFPasteboard:entry] CopyData('AppleIntlFileCacheModificationDatePasteboard' (<CFUUID 0xcb6d60ca0> 0572E29F-FBC0-42DE-85A9-6C14FE5FEAA8) gen: -1 item: 1 flavor: '-32763 1768845414')
2026-09-14 13:52:27.268 I  PeachCommander[20796:10bfc] [com.apple.CFPasteboard:general] Will request data from daemon
2026-09-14 13:52:27.268 I  PeachCommander[20796:10bfc] [com.apple.CFPasteboard:exit] (not-in-cache) - result: 0 generation: 7 data (315 bytes) flags: 0
2026-09-14 13:52:27.269 I  PeachCommander[20796:10bfc] [com.apple.launchservices:cas] information in shared memory for 0x0-0x104104 with seed 535 was still valid, so using cached info { "ApplicationType"="Foreground", "BuildMachineOSBuild"="25E246", "BundleIdentifierLowerCase"="com.peachcommander.app", "CFBundleDevelopmentRegion"="en", "CFBundleDocumentTypes"=( { "CFBundleTypeName"="Peach Commander Plugin Package", "CFBundleTypeRole"="Viewer", "LSHandlerRank"="Owner", "LSItemContentTypes"=( "com.peachcommander.plugin-package") }), "CFBundleExecutable"="PeachCommander", "CFBundleExecutablePath"="/Users/admin/pc-test/PeachCommander.app/Contents/MacOS/PeachCommander", "CFBundleExecutablePathDeviceID"=16777227, "CFBundleExecutablePathINode"=488284, "CFBundleHelpBookFolder"="PeachCommander.help", "CFBundleHelpBookName"="Peach Commander Help", "CFBundleIconFile"="AppIcon", "CFBundleIconName"="AppIcon", "CFBundleIdentifier"="com.peachcommander.app", "CFBundleInfoDictionaryVersion"="6.0", "CFBundleName"="PeachCommander", "CFBundleNameLowerCase"="peachcommander", "CFBundleNumericVersion"=402685952, "CFBundlePackageType"="APPL", "CFBundleShortVersionString"="0.9.0", "CFBun<…>
2026-09-14 13:52:27.269 Df PeachCommander[20796:10bfc] [com.apple.xpc:connection] [0xcb6ca1e00] activating connection: mach=false listener=false peer=false name=com.apple.ViewBridgeAuxiliary
2026-09-14 13:52:27.273 Df PeachCommander[20796:10bfc] [com.apple.xpc:connection] [0xcb6ca1cc0] activating connection: mach=false listener=false peer=false name=(anonymous)
2026-09-14 13:52:27.273 Df PeachCommander[20796:10bfc] [com.apple.xpc:connection] [0xcb6ca1f40] activating connection: mach=false listener=true peer=false name=(anonymous)
2026-09-14 13:52:27.273 Df PeachCommander[20796:10bfc] [com.apple.xpc:connection] [0xcb6ca1f40] Connection returned listener port: 0xb903
2026-09-14 13:52:27.273 Df PeachCommander[20796:10bfc] [com.apple.xpc:connection] [0xcb6ca1e00] invalidated after the last release of the connection object
2026-09-14 13:52:27.274 I  PeachCommander[20796:10bfc] [com.apple.showhide:pr-59900543] SHOWHIDE: SHOW id=448 0x0-0x104104, err=0 eventTime=1400939766583 windowID=0
2026-09-14 13:52:27.274 I  PeachCommander[20796:10bfc] [com.apple.CarbonCore:coreservicesdaemon] findOrCreateCacheable():findOrCreateCacheable(), factoryName=3 cacheableName=<private> fCacheables.size()=0
2026-09-14 13:52:27.274 I  PeachCommander[20796:10bfc] [com.apple.CarbonCore:coreservicesdaemon] findOrCreateCacheable():findOrCreateCacheable(), result = 0xcb71494c0 (should be non-NULL)
2026-09-14 13:52:27.274 Df PeachCommander[20796:10bfc] [com.apple.AppKit:AutomaticTermination] void _NSDisableAutomaticTerminationAndLog(NSString *) Restoring windows
2026-09-14 13:52:27.274 Df PeachCommander[20796:10bfc] [com.apple.AppKit:StateRestoration] -[NSApplication _reopenWindowsAsNecessaryIncludingRestorableState:withFullFidelity:completionHandler:] shouldRestoreState=1 hasPersistentStateToRestore=0 shouldStillRestoreStateAfterPrompting=0
2026-09-14 13:52:27.274 Df PeachCommander[20796:10bfc] [com.apple.xpc:connection] [0xcb6ca1e00] activating connection: mach=true listener=false peer=false name=com.apple.window_proxies
2026-09-14 13:52:27.274 Df PeachCommander[20796:10bfc] [com.apple.xpc:connection] [0xcb6ca1e00] invalidated because the current process cancelled the connection by calling xpc_connection_cancel()
2026-09-14 13:52:27.274 I  PeachCommander[20796:10bfc] [com.apple.SkyLight:processes] 0[outside of RPC]: SLSSetFrontProcessWithInfo(0x0-0x2 window=0 options=0x1
2026-09-14 13:52:27.275 I  PeachCommander[20796:10bfc] [com.apple.CoreAnalytics:client] Dropping "com.apple.appkit.app_config" as it isn't used in any transform (not in the config or budgeted?)
2026-09-14 13:52:27.275 Df PeachCommander[20796:10bfc] [com.apple.AppKit:AutomaticTermination] void _NSEnableAutomaticTerminationAndLog(NSString *) Restoring windows
2026-09-14 13:52:27.277 I  PeachCommander[20796:10bfc] [com.apple.CoreAnalytics:client] Dropping "com.apple.appkit.app_config" as it isn't used in any transform (not in the config or budgeted?)
2026-09-14 13:52:27.277 I  PeachCommander[20796:10bfc] [com.apple.CoreAnalytics:client] Dropping "com.apple.appkit.app_config" as it isn't used in any transform (not in the config or budgeted?)
2026-09-14 13:52:27.285 A  PeachCommander[20796:10bfc] (CoreFoundation) Loading Preferences From User CFPrefsD
2026-09-14 13:52:27.291 I  PeachCommander[20796:10bfc] [com.peachcommander:PCFoundation] VolumeManager initialized
2026-09-14 13:52:27.308 Df PeachCommander[20796:10bfc] [com.apple.BoardServices:XPCErrors] [C:1] Alloc <private>
2026-09-14 13:52:27.308 Df PeachCommander[20796:10bfc] [com.apple.xpc:connection] [0xcb6ff5180] activating connection: mach=false listener=false peer=false name=(anonymous)
2026-09-14 13:52:27.309 I  PeachCommander[20796:10bfc] [com.apple.AppKit:Window] context (0 -> 564c024c) for window 432
2026-09-14 13:52:27.310 Df PeachCommander[20796:10c04] [com.apple.corespotlight:index] (<private>) deleteSearchableItemsWithDomainIdentifiers, protectionClass:(null), domainIdentifiers number:1
2026-09-14 13:52:27.310 A  PeachCommander[20796:10c04] (CoreSpotlight) delete-domains
2026-09-14 13:52:27.310 I  PeachCommander[20796:10bfc] [com.peachcommander:PCFoundation] MainWindowController initialized (config: <private>)
2026-09-14 13:52:27.310 Df PeachCommander[20796:10c04] [com.apple.corespotlight:index] CSInlineDonation:<private>: Skipping donation (feature flag disabled)
2026-09-14 13:52:27.310 Df PeachCommander[20796:10c04] (CoreSpotlight) sConnectionName: com.apple.spotlight.IndexAgent
2026-09-14 13:52:27.310 Df PeachCommander[20796:10c04] (CoreSpotlight) Start service name com.apple.spotlight.IndexAgent
2026-09-14 13:52:27.310 Df PeachCommander[20796:10c04] [com.apple.xpc:connection] [0xcb6ff5400] activating connection: mach=true listener=false peer=false name=com.apple.spotlight.IndexAgent
2026-09-14 13:52:27.310 I  PeachCommander[20796:10bfc] [com.peachcommander:PCFoundation] SelectionState initialized
2026-09-14 13:52:27.310 I  PeachCommander[20796:10bfc] [com.peachcommander:PCFoundation] DirectoryModel initialized
2026-09-14 13:52:27.310 I  PeachCommander[20796:10bfc] [com.peachcommander:PCFoundation] VolumeManager initialized
2026-09-14 13:52:27.310 I  PeachCommander[20796:10bfc] [com.peachcommander:PCFoundation] PanelController initialized for <private> panel
2026-09-14 13:52:27.311 I  PeachCommander[20796:10bfc] [com.peachcommander:PCFoundation] SelectionState initialized
2026-09-14 13:52:27.311 I  PeachCommander[20796:10bfc] [com.peachcommander:PCFoundation] DirectoryModel initialized
2026-09-14 13:52:27.311 I  PeachCommander[20796:10bfc] [com.peachcommander:PCFoundation] VolumeManager initialized
2026-09-14 13:52:27.311 I  PeachCommander[20796:10bfc] [com.peachcommander:PCFoundation] PanelController initialized for <private> panel
2026-09-14 13:52:27.313 A  PeachCommander[20796:10c04] (RunningBoardServices) didChangeInheritances
2026-09-14 13:52:27.314 I  PeachCommander[20796:10bfc] [com.apple.AppKit:Animation] Running new animation: <private>
2026-09-14 13:52:27.314 I  PeachCommander[20796:10bfc] [com.apple.AppKit:Animation] Running new animation: <private>
2026-09-14 13:52:27.314 I  PeachCommander[20796:10bfc] [com.apple.AppKit:Animation] Running new animation: <private>
2026-09-14 13:52:27.314 I  PeachCommander[20796:10bfc] [com.apple.AppKit:Animation] Running new animation: <private>
2026-09-14 13:52:27.314 I  PeachCommander[20796:10bfc] [com.apple.AppKit:Animation] Running new animation: <private>
2026-09-14 13:52:27.317 I  PeachCommander[20796:10bfc] [com.apple.AppKit:Animation] Running new animation: <private>
2026-09-14 13:52:27.317 I  PeachCommander[20796:10bfc] [com.apple.AppKit:Animation] Running new animation: <private>
2026-09-14 13:52:27.317 I  PeachCommander[20796:10bfc] [com.apple.AppKit:Animation] Running new animation: <private>
2026-09-14 13:52:27.317 I  PeachCommander[20796:10bfc] [com.apple.AppKit:Animation] Running new animation: <private>
2026-09-14 13:52:27.317 I  PeachCommander[20796:10bfc] [com.apple.AppKit:Animation] Running new animation: <private>
2026-09-14 13:52:27.322 I  PeachCommander[20796:10bfc] [com.apple.CoreAnalytics:client] Dropping "com.apple.appkit.app_config" as it isn't used in any transform (not in the config or budgeted?)
2026-09-14 13:52:27.324 I  PeachCommander[20796:10bfc] [com.apple.CoreAnalytics:client] Dropping "com.apple.appkit.app_config" as it isn't used in any transform (not in the config or budgeted?)
2026-09-14 13:52:27.327 I  PeachCommander[20796:10bfc] [com.apple.launchservices:datasep] application record search init. Node: <FSNode 0xcb7956b40> { isDir = ?, path = <private> } bundleID: (null) itemID: 0
2026-09-14 13:52:27.328 I  PeachCommander[20796:10bfc] [com.apple.GenerativeModels:availability] Current availability state: unavailable, use cases: com.apple.Settings.AppleIntelligence,com.apple.Siri.NLRouter, language: en, api: <private>
2026-09-14 13:52:27.328 Df PeachCommander[20796:10bfc] [com.apple.GenerativeModels:availability] isOkayToHaveAsset: False
2026-09-14 13:52:27.328 E  PeachCommander[20796:10bfc] [com.apple.siri:Utility] AFIsDeviceGreymatterEligible Missing entitlements for os_eligibility lookup
2026-09-14 13:52:27.328 I  PeachCommander[20796:10bfc] [com.apple.GenerativeModels:availability] Current availability state: unavailable, use cases: com.apple.Settings.AppleIntelligence, language: en, api: <private>
2026-09-14 13:52:27.328 Df PeachCommander[20796:10bfc] [com.apple.GenerativeModels:availability] isOkayToHaveAsset: False
2026-09-14 13:52:27.328 Df PeachCommander[20796:10bfc] [com.apple.siri:Utility] -[AFSystemAssistantExperienceStatusManager fetchGenerativeModelsAvailability] #SAEStatus #cacheUpdate Updating cache:
deviceSupportsSAE: 0 (0)
       saeEnabled: 0 (0)
     saeAvailable: 0 (0)
      swaiEnabled: 0 (0)
        viEnabled: 0 (0)
        siriAvailability:
        <private>
        ((null))
2026-09-14 13:52:27.328 Df PeachCommander[20796:10bfc] [com.apple.xpc:connection] [0xcb6ac4140] activating connection: mach=true listener=false peer=false name=com.apple.iconservices
2026-09-14 13:52:27.329 Df PeachCommander[20796:10bfc] [com.apple.xpc:connection] [0xcb6ac4280] activating connection: mach=true listener=false peer=false name=com.apple.iconservices.store
2026-09-14 13:52:27.335 I  PeachCommander[20796:10bfc] [com.peachcommander:Theme] no user themes in /Users/admin/pc-cfg/themes
2026-09-14 13:52:27.335 Df PeachCommander[20796:10bfc] [com.apple.AppKit:Appearance] Invalidate NSApp effectiveAppearance
2026-09-14 13:52:27.335 Df PeachCommander[20796:10bfc] [com.apple.AppKit:Appearance] NSApp cache appearance:
-NSRequiresAquaSystemAppearance: 0
-appearance: <NSCompositeAppearance: 0xcb6c8d9a0
 (
    "<NSDarkAquaAppearance: 0xcb6c8da40>",
    "<NSSystemAppearance: 0xcb6c8c780>"
)>
-effectiveAppearance: <NSCompositeAppearance: 0xcb6c8d9a0
 (
    "<NSDarkAquaAppearance: 0xcb6c8da40>",
    "<NSSystemAppearance: 0xcb6c8c780>"
)>
2026-09-14 13:52:27.336 I  PeachCommander[20796:10bfc] [com.peachcommander:PCFoundation] Theme applied: id=norton, appearance=dark, dark=true, background=#0000AA
2026-09-14 13:52:27.360 I  PeachCommander[20796:10bfc] [com.apple.iconservices:foundation] layer data size zero
2026-09-14 13:52:27.360 I  PeachCommander[20796:10bfc] [com.apple.CoreAnalytics:client] Dropping "com.apple.appkit.app_config" as it isn't used in any transform (not in the config or budgeted?)
2026-09-14 13:52:27.363 I  PeachCommander[20796:10bfc] [com.peachcommander:PCFoundation] Keymap loaded: scheme=<private>, 82 effective bindings
2026-09-14 13:52:27.364 I  PeachCommander[20796:10bfc] [com.apple.AppKit:Animation] Running new animation: <private>
2026-09-14 13:52:27.364 I  PeachCommander[20796:10bfc] [com.apple.AppKit:Animation] Running new animation: <private>
2026-09-14 13:52:27.364 I  PeachCommander[20796:10bfc] [com.apple.AppKit:Animation] Running new animation: <private>
2026-09-14 13:52:27.364 I  PeachCommander[20796:10bfc] [com.apple.AppKit:Animation] Running new animation: <private>
2026-09-14 13:52:27.364 I  PeachCommander[20796:10bfc] [com.apple.AppKit:Animation] Running new animation: <private>
2026-09-14 13:52:27.365 I  PeachCommander[20796:10bfc] [com.apple.AppKit:Animation] Running new animation: <private>
2026-09-14 13:52:27.365 I  PeachCommander[20796:10bfc] [com.apple.AppKit:Animation] Running new animation: <private>
2026-09-14 13:52:27.365 I  PeachCommander[20796:10bfc] [com.apple.AppKit:Animation] Running new animation: <private>
2026-09-14 13:52:27.365 I  PeachCommander[20796:10bfc] [com.apple.AppKit:Animation] Running new animation: <private>
2026-09-14 13:52:27.365 I  PeachCommander[20796:10bfc] [com.apple.AppKit:Animation] Running new animation: <private>
2026-09-14 13:52:27.368 I  PeachCommander[20796:10bfc] [com.apple.CoreAnalytics:client] Dropping "<private>" as it isn't used in any transform (not in the config or budgeted?)
2026-09-14 13:52:27.368 I  PeachCommander[20796:10bfc] [com.apple.CoreAnalytics:client] Dropping "<private>" as it isn't used in any transform (not in the config or budgeted?)
2026-09-14 13:52:27.368 I  PeachCommander[20796:10bfc] [com.apple.CoreAnalytics:client] Dropping "<private>" as it isn't used in any transform (not in the config or budgeted?)
2026-09-14 13:52:27.369 I  PeachCommander[20796:10bfc] [com.peachcommander:PCFoundation] MainWindowController window loaded
2026-09-14 13:52:27.369 I  PeachCommander[20796:10bfc] [com.apple.launchservices:cas] information in shared memory for 0x0-0x104104 with seed 535 was still valid, so using cached info { "ApplicationType"="Foreground", "BuildMachineOSBuild"="25E246", "BundleIdentifierLowerCase"="com.peachcommander.app", "CFBundleDevelopmentRegion"="en", "CFBundleDocumentTypes"=( { "CFBundleTypeName"="Peach Commander Plugin Package", "CFBundleTypeRole"="Viewer", "LSHandlerRank"="Owner", "LSItemContentTypes"=( "com.peachcommander.plugin-package") }), "CFBundleExecutable"="PeachCommander", "CFBundleExecutablePath"="/Users/admin/pc-test/PeachCommander.app/Contents/MacOS/PeachCommander", "CFBundleExecutablePathDeviceID"=16777227, "CFBundleExecutablePathINode"=488284, "CFBundleHelpBookFolder"="PeachCommander.help", "CFBundleHelpBookName"="Peach Commander Help", "CFBundleIconFile"="AppIcon", "CFBundleIconName"="AppIcon", "CFBundleIdentifier"="com.peachcommander.app", "CFBundleInfoDictionaryVersion"="6.0", "CFBundleName"="PeachCommander", "CFBundleNameLowerCase"="peachcommander", "CFBundleNumericVersion"=402685952, "CFBundlePackageType"="APPL", "CFBundleShortVersionString"="0.9.0", "CFBun<…>
2026-09-14 13:52:27.369 I  PeachCommander[20796:10bfc] [com.apple.launchservices:cas] information in shared memory for 0x0-0x104104 with seed 535 was still valid, so using cached info { "ApplicationType"="Foreground", "BuildMachineOSBuild"="25E246", "BundleIdentifierLowerCase"="com.peachcommander.app", "CFBundleDevelopmentRegion"="en", "CFBundleDocumentTypes"=( { "CFBundleTypeName"="Peach Commander Plugin Package", "CFBundleTypeRole"="Viewer", "LSHandlerRank"="Owner", "LSItemContentTypes"=( "com.peachcommander.plugin-package") }), "CFBundleExecutable"="PeachCommander", "CFBundleExecutablePath"="/Users/admin/pc-test/PeachCommander.app/Contents/MacOS/PeachCommander", "CFBundleExecutablePathDeviceID"=16777227, "CFBundleExecutablePathINode"=488284, "CFBundleHelpBookFolder"="PeachCommander.help", "CFBundleHelpBookName"="Peach Commander Help", "CFBundleIconFile"="AppIcon", "CFBundleIconName"="AppIcon", "CFBundleIdentifier"="com.peachcommander.app", "CFBundleInfoDictionaryVersion"="6.0", "CFBundleName"="PeachCommander", "CFBundleNameLowerCase"="peachcommander", "CFBundleNumericVersion"=402685952, "CFBundlePackageType"="APPL", "CFBundleShortVersionString"="0.9.0", "CFBun<…>
2026-09-14 13:52:27.377 I  PeachCommander[20796:10bfc] [com.apple.AppKit:Window] order window front conditionally: 432 related: 0
2026-09-14 13:52:27.377 Df PeachCommander[20796:10bfc] [com.apple.AppKit:AutomaticTermination] void _NSEnableAutomaticTerminationAndLog(NSString *) No windows open yet
2026-09-14 13:52:27.377 I  PeachCommander[20796:10bfc] [com.apple.AppKit:Intelligence] starting collection observation
2026-09-14 13:52:27.377 Df PeachCommander[20796:10c04] [com.apple.UIIntelligenceSupport:xpc] establishing connection to agent
2026-09-14 13:52:27.377 Df PeachCommander[20796:10c04] [com.apple.xpc:session] [0xcb647d590] Session created.
2026-09-14 13:52:27.377 Df PeachCommander[20796:10c04] [com.apple.xpc:session] [0xcb647d590] Session created from connection [0xcb6ac6440]
2026-09-14 13:52:27.377 Df PeachCommander[20796:10c04] [com.apple.xpc:connection] [0xcb6ac6440] activating connection: mach=true listener=false peer=false name=com.apple.uiintelligencesupport.agent
2026-09-14 13:52:27.377 Df PeachCommander[20796:10c04] [com.apple.xpc:session] [0xcb647d590] Session activated
2026-09-14 13:52:27.377 I  PeachCommander[20796:10bfc] [com.apple.SkyLight:processes] 0[outside of RPC]: SLSSetFrontProcessWithInfo(0x0-0x2 window=0 options=0x1
2026-09-14 13:52:27.378 Df PeachCommander[20796:10c05] [com.apple.UIIntelligenceSupport:xpc] Connection established with agent PID: 1213
2026-09-14 13:52:27.378 I  PeachCommander[20796:10bfc] [com.apple.launchservices:cas] information in shared memory for 0x0-0x104104 with seed 535 was still valid, so using cached info { "ApplicationType"="Foreground", "BuildMachineOSBuild"="25E246", "BundleIdentifierLowerCase"="com.peachcommander.app", "CFBundleDevelopmentRegion"="en", "CFBundleDocumentTypes"=( { "CFBundleTypeName"="Peach Commander Plugin Package", "CFBundleTypeRole"="Viewer", "LSHandlerRank"="Owner", "LSItemContentTypes"=( "com.peachcommander.plugin-package") }), "CFBundleExecutable"="PeachCommander", "CFBundleExecutablePath"="/Users/admin/pc-test/PeachCommander.app/Contents/MacOS/PeachCommander", "CFBundleExecutablePathDeviceID"=16777227, "CFBundleExecutablePathINode"=488284, "CFBundleHelpBookFolder"="PeachCommander.help", "CFBundleHelpBookName"="Peach Commander Help", "CFBundleIconFile"="AppIcon", "CFBundleIconName"="AppIcon", "CFBundleIdentifier"="com.peachcommander.app", "CFBundleInfoDictionaryVersion"="6.0", "CFBundleName"="PeachCommander", "CFBundleNameLowerCase"="peachcommander", "CFBundleNumericVersion"=402685952, "CFBundlePackageType"="APPL", "CFBundleShortVersionString"="0.9.0", "CFBun<…>
2026-09-14 13:52:27.378 Df PeachCommander[20796:10bfc] [com.apple.xpc:connection] [0xcb6ac6580] activating connection: mach=true listener=false peer=false name=com.apple.FileCoordination
2026-09-14 13:52:27.378 Df PeachCommander[20796:10c05] [com.apple.foundation.filecoordination:presenter] Adding presenter DCD2D537-3DDE-4041-859A-F28005D8C67C for URL: <private>
2026-09-14 13:52:27.378 I  PeachCommander[20796:10bfc] [com.apple.launchservices:cas] information in shared memory for 0x0-0x104104 with seed 535 was still valid, so using cached info { "ApplicationType"="Foreground", "BuildMachineOSBuild"="25E246", "BundleIdentifierLowerCase"="com.peachcommander.app", "CFBundleDevelopmentRegion"="en", "CFBundleDocumentTypes"=( { "CFBundleTypeName"="Peach Commander Plugin Package", "CFBundleTypeRole"="Viewer", "LSHandlerRank"="Owner", "LSItemContentTypes"=( "com.peachcommander.plugin-package") }), "CFBundleExecutable"="PeachCommander", "CFBundleExecutablePath"="/Users/admin/pc-test/PeachCommander.app/Contents/MacOS/PeachCommander", "CFBundleExecutablePathDeviceID"=16777227, "CFBundleExecutablePathINode"=488284, "CFBundleHelpBookFolder"="PeachCommander.help", "CFBundleHelpBookName"="Peach Commander Help", "CFBundleIconFile"="AppIcon", "CFBundleIconName"="AppIcon", "CFBundleIdentifier"="com.peachcommander.app", "CFBundleInfoDictionaryVersion"="6.0", "CFBundleName"="PeachCommander", "CFBundleNameLowerCase"="peachcommander", "CFBundleNumericVersion"=402685952, "CFBundlePackageType"="APPL", "CFBundleShortVersionString"="0.9.0", "CFBun<…>
2026-09-14 13:52:27.382 I  PeachCommander[20796:10bfc] [com.apple.AppKit:Window] order all windows front 1400939766583
2026-09-14 13:52:27.382 I  PeachCommander[20796:10bfc] [com.apple.launchservices:cas] information in shared memory for 0x0-0x104104 with seed 535 was still valid, so using cached info { "ApplicationType"="Foreground", "BuildMachineOSBuild"="25E246", "BundleIdentifierLowerCase"="com.peachcommander.app", "CFBundleDevelopmentRegion"="en", "CFBundleDocumentTypes"=( { "CFBundleTypeName"="Peach Commander Plugin Package", "CFBundleTypeRole"="Viewer", "LSHandlerRank"="Owner", "LSItemContentTypes"=( "com.peachcommander.plugin-package") }), "CFBundleExecutable"="PeachCommander", "CFBundleExecutablePath"="/Users/admin/pc-test/PeachCommander.app/Contents/MacOS/PeachCommander", "CFBundleExecutablePathDeviceID"=16777227, "CFBundleExecutablePathINode"=488284, "CFBundleHelpBookFolder"="PeachCommander.help", "CFBundleHelpBookName"="Peach Commander Help", "CFBundleIconFile"="AppIcon", "CFBundleIconName"="AppIcon", "CFBundleIdentifier"="com.peachcommander.app", "CFBundleInfoDictionaryVersion"="6.0", "CFBundleName"="PeachCommander", "CFBundleNameLowerCase"="peachcommander", "CFBundleNumericVersion"=402685952, "CFBundlePackageType"="APPL", "CFBundleShortVersionString"="0.9.0", "CFBun<…>
2026-09-14 13:52:27.382 I  PeachCommander[20796:10bfc] [com.apple.showhide:pr-59900543] SHOWHIDE: CONFIRM, id=448, err=0
2026-09-14 13:52:27.382 I  PeachCommander[20796:10bfc] [com.apple.AppKit:Window] context (0 -> b7f95f6c) for window 431
2026-09-14 13:52:27.382 I  PeachCommander[20796:10bfc] [com.apple.AppKit:Window] context (0 -> 9c9e8c26) for window 430
2026-09-14 13:52:27.382 I  PeachCommander[20796:10bfc] [com.apple.AppKit:Window] context (0 -> 3c376b28) for window 42f
2026-09-14 13:52:27.382 I  PeachCommander[20796:10bfc] [com.apple.AppKit:Window] context (0 -> 85249a7d) for window 42e
2026-09-14 13:52:27.399 I  PeachCommander[20796:10bfc] [com.apple.iconservices:foundation] layer data size zero
2026-09-14 13:52:27.408 Df PeachCommander[20796:10bfc] [com.apple.AppKit:AutomaticTermination] void _updateToReflectAutomaticTerminationState(void) Setting _kLSApplicationWouldBeTerminatedByTALKey=0
2026-09-14 13:52:27.408 I  PeachCommander[20796:10bfc] [com.apple.runningboard:assertion] Acquiring assertion: <RBSAssertionDescriptor| "AppNap adapter assertion" ID:(null) target:20796>
2026-09-14 13:52:27.443 A  PeachCommander[20796:10c05] (RunningBoardServices) didChangeInheritances
2026-09-14 13:52:27.469 Df PeachCommander[20796:10bfc] [com.apple.libsystem.libdispatch:] DEPRECATED USE in libdispatch client: dispatch source activated with no event handler set; set a breakpoint on _dispatch_bug_deprecated to debug
2026-09-14 13:52:27.561 I  PeachCommander[20796:10bfc] [com.apple.coreanimation:Utilities] IOSurface Compression Enabled: NO
2026-09-14 13:52:27.562 Df PeachCommander[20796:10c05] [com.apple.coreanimation:Metal] Precompiled pipelines disabled on unsupported hardware.
2026-09-14 13:52:27.574 I  PeachCommander[20796:10bfc] [com.apple.CarbonCore:gestalt] SetGestaltValuesBulk SetGestaltValuesBulk( count=22 tuples=0x184a9e650
2026-09-14 13:52:27.574 I  PeachCommander[20796:10bfc] [com.apple.CarbonCore:gestalt] SetGestaltValue SetGestaltValue(alis 1C9) => 0
2026-09-14 13:52:27.574 I  PeachCommander[20796:10bfc] [com.apple.CarbonCore:gestalt] SetGestaltValue SetGestaltValue(os   FE) => 0
2026-09-14 13:52:27.574 I  PeachCommander[20796:10bfc] [com.apple.CarbonCore:gestalt] SetGestaltValue SetGestaltValue(addr 7) => 0
2026-09-14 13:52:27.574 I  PeachCommander[20796:10bfc] [com.apple.CarbonCore:gestalt] SetGestaltValue SetGestaltValue(fs   3D332) => 0
2026-09-14 13:52:27.574 I  PeachCommander[20796:10bfc] [com.apple.CarbonCore:gestalt] SetGestaltValue SetGestaltValue(fold 11) => 0
2026-09-14 13:52:27.574 I  PeachCommander[20796:10bfc] [com.apple.CarbonCore:gestalt] SetGestaltValue SetGestaltValue(lram 7FFFF000) => 0
2026-09-14 13:52:27.574 I  PeachCommander[20796:10bfc] [com.apple.CarbonCore:gestalt] SetGestaltValue SetGestaltValue(mmap 1) => 0
2026-09-14 13:52:27.574 I  PeachCommander[20796:10bfc] [com.apple.CarbonCore:gestalt] SetGestaltValue SetGestaltValue(cfrg 1) => 0
2026-09-14 13:52:27.574 I  PeachCommander[20796:10bfc] [com.apple.CarbonCore:gestalt] SetGestaltValue SetGestaltValue(thds 7) => 0
2026-09-14 13:52:27.574 I  PeachCommander[20796:10bfc] [com.apple.CarbonCore:gestalt] SetGestaltValue SetGestaltValue(tmgr E) => 0
2026-09-14 13:52:27.574 I  PeachCommander[20796:10bfc] [com.apple.CarbonCore:gestalt] SetGestaltValue SetGestaltValue(vers 7) => 0
2026-09-14 13:52:27.574 I  PeachCommander[20796:10bfc] [com.apple.CarbonCore:gestalt] SetGestaltValue SetGestaltValue(cbon 160) => 0
2026-09-14 13:52:27.574 I  PeachCommander[20796:10bfc] [com.apple.CarbonCore:gestalt] SetGestaltValue SetGestaltValue(cltn 1108000) => 0
2026-09-14 13:52:27.574 I  PeachCommander[20796:10bfc] [com.apple.CarbonCore:gestalt] SetGestaltValue SetGestaltValue(cpnt 8) => 0
2026-09-14 13:52:27.574 I  PeachCommander[20796:10bfc] [com.apple.CarbonCore:gestalt] SetGestaltValue SetGestaltValue(rsrc 3) => 0
2026-09-14 13:52:27.574 I  PeachCommander[20796:10bfc] [com.apple.CarbonCore:gestalt] SetGestaltValue SetGestaltValue(rmbg 11F) => 0
2026-09-14 13:52:27.574 I  PeachCommander[20796:10bfc] [com.apple.CarbonCore:gestalt] SetGestaltValue SetGestaltValue(vm   11) => 0
2026-09-14 13:52:27.574 I  PeachCommander[20796:10bfc] [com.apple.CarbonCore:gestalt] SetGestaltValue SetGestaltValue(srad 4170706C) => 0
2026-09-14 13:52:27.574 I  PeachCommander[20796:10bfc] [com.apple.CarbonCore:gestalt] SetGestaltValue SetGestaltValue(sysa 14) => 0
2026-09-14 13:52:27.574 I  PeachCommander[20796:10bfc] [com.apple.CarbonCore:gestalt] SetGestaltValue SetGestaltValue(copl 9) => 0
2026-09-14 13:52:27.574 I  PeachCommander[20796:10bfc] [com.apple.CarbonCore:gestalt] SetGestaltValue SetGestaltValue(xlat 0) => 0
2026-09-14 13:52:27.574 I  PeachCommander[20796:10bfc] [com.apple.CarbonCore:gestalt] SetGestaltValue SetGestaltValue(stdf 0) => 0
2026-09-14 13:52:27.574 I  PeachCommander[20796:10bfc] [com.apple.CarbonCore:gestalt] _NewGestalt _NewGestalt(ram  0x184a17644) => 0
2026-09-14 13:52:27.574 I  PeachCommander[20796:10bfc] [com.apple.CarbonCore:gestalt] _NewGestalt _NewGestalt(ramm 0x184a17644) => 0
2026-09-14 13:52:27.574 I  PeachCommander[20796:10bfc] [com.apple.CarbonCore:gestalt] _NewGestalt _NewGestalt(cput 0x184a17734) => 0
2026-09-14 13:52:27.574 I  PeachCommander[20796:10bfc] [com.apple.CarbonCore:gestalt] _NewGestalt _NewGestalt(cpuf 0x184a17764) => 0
2026-09-14 13:52:27.574 I  PeachCommander[20796:10bfc] [com.apple.CarbonCore:gestalt] _NewGestalt _NewGestalt(bclk 0x184a17794) => 0
2026-09-14 13:52:27.574 I  PeachCommander[20796:10bfc] [com.apple.CarbonCore:gestalt] _NewGestalt _NewGestalt(bclm 0x184a17794) => 0
2026-09-14 13:52:27.574 I  PeachCommander[20796:10bfc] [com.apple.CarbonCore:gestalt] _NewGestalt _NewGestalt(pclk 0x184a17834) => 0
2026-09-14 13:52:27.574 I  PeachCommander[20796:10bfc] [com.apple.CarbonCore:gestalt] _NewGestalt _NewGestalt(mclk 0x184a17834) => 0
2026-09-14 13:52:27.574 I  PeachCommander[20796:10bfc] [com.apple.CarbonCore:gestalt] _NewGestalt _NewGestalt(a/ux 0x184a1794c) => 0
2026-09-14 13:52:27.574 I  PeachCommander[20796:10bfc] [com.apple.CarbonCore:gestalt] _NewGestalt _NewGestalt(pgsz 0x184a17954) => 0
2026-09-14 13:52:27.574 I  PeachCommander[20796:10bfc] [com.apple.CarbonCore:gestalt] _NewGestalt _NewGestalt(csiz 0x184a17994) => 0
2026-09-14 13:52:27.574 I  PeachCommander[20796:10bfc] [com.apple.CarbonCore:gestalt] _NewGestalt _NewGestalt(sysv 0x1849c2dfc) => 0
2026-09-14 13:52:27.574 I  PeachCommander[20796:10bfc] [com.apple.CarbonCore:gestalt] _NewGestalt _NewGestalt(sys1 0x1849c2dfc) => 0
2026-09-14 13:52:27.574 I  PeachCommander[20796:10bfc] [com.apple.CarbonCore:gestalt] _NewGestalt _NewGestalt(sys2 0x1849c2dfc) => 0
2026-09-14 13:52:27.574 I  PeachCommander[20796:10bfc] [com.apple.CarbonCore:gestalt] _NewGestalt _NewGestalt(sys3 0x1849c2dfc) => 0
2026-09-14 13:52:27.574 I  PeachCommander[20796:10bfc] [com.apple.CarbonCore:gestalt] _NewGestalt _NewGestalt(cdfl 0x184a179d4) => 0
2026-09-14 13:52:27.574 I  PeachCommander[20796:10bfc] [com.apple.CarbonCore:gestalt] _NewGestalt _NewGestalt(cdrm 0x184a17c30) => 0
2026-09-14 13:52:27.574 I  PeachCommander[20796:10bfc] [com.apple.CarbonCore:gestalt] _NewGestalt _NewGestalt(cpus 0x184a17c78) => 0
2026-09-14 13:52:27.574 I  PeachCommander[20796:10bfc] [com.apple.CarbonCore:gestalt] SetGestaltValue SetGestaltValue(swex 1) => 0
2026-09-14 13:52:27.574 Df PeachCommander[20796:10bfc] [com.apple.xpc:connection] [0xcb6ac7980] activating connection: mach=false listener=false peer=false name=com.apple.hiservices-xpcservice
2026-09-14 13:52:27.575 I  PeachCommander[20796:10bfc] [com.apple.CFPasteboard:entry] CopyData('ApplePerContextInputPasteboard' (<CFUUID 0xcb602e440> 86B02CAE-505A-4203-B78A-1F61A3A85999) gen: -1 item: 1264739405 flavor: 'ApplePerContextInputFlavor')
2026-09-14 13:52:27.575 I  PeachCommander[20796:10bfc] [com.apple.CFPasteboard:cache] Rebuilding cache for 'ApplePerContextInputPasteboard' (<CFUUID 0xcb602e440> 86B02CAE-505A-4203-B78A-1F61A3A85999)
2026-09-14 13:52:27.575 I  PeachCommander[20796:10bfc] [com.apple.CFPasteboard:general] Will request data from daemon
2026-09-14 13:52:27.575 I  PeachCommander[20796:10bfc] [com.apple.CFPasteboard:exit] (not-in-cache) - result: 0 generation: 1 data (182 bytes) flags: 0
2026-09-14 13:52:27.575 I  PeachCommander[20796:10bfc] [com.apple.CFPasteboard:entry] CopyData('DefaultAsciiKeyboardLayoutPasteboard' (<CFUUID 0xcb6d60740> 69DD3E35-9767-4E05-80F8-6FE2DA7BE054) gen: -1 item: 1264739405 flavor: 'DefaultAsciiKeyboardLayoutFlavor')
2026-09-14 13:52:27.575 I  PeachCommander[20796:10bfc] [com.apple.CFPasteboard:exit] (not-in-cache) - result: -8 generation: 0 null data flags: 0
2026-09-14 13:52:27.577 I  PeachCommander[20796:10bfc] [com.apple.AppKit:Window] context (0 -> 45011a2f) for window 433
2026-09-14 13:52:27.577 Df PeachCommander[20796:10bfc] [com.apple.inputmethodkitClient:Client] +[IMKClient subclass]: chose IMKClient_Modern
2026-09-14 13:52:27.577 Df PeachCommander[20796:10bfc] [com.apple.BoardServices:XPCErrors] [C:2] Alloc com.apple.backboard.hid-services.xpc
2026-09-14 13:52:27.577 Df PeachCommander[20796:10bfc] [com.apple.xpc:connection] [0xcb6ac7ac0] activating connection: mach=false listener=false peer=false name=(anonymous)
2026-09-14 13:52:27.578 E  PeachCommander[20796:10c00] [com.apple.BaseBoard:Common] Unable to obtain a task name port right for pid 168: (os/kern) failure (0x5)
2026-09-14 13:52:27.578 Df PeachCommander[20796:10c00] [com.apple.xpc:connection] [0xcb6ac6940] activating connection: mach=false listener=false peer=false name=com.apple.TextInputUI.xpc.CursorUIViewService
2026-09-14 13:52:27.578 Df PeachCommander[20796:10c00] [com.apple.xpc:connection] [0xcb6ac6940] invalidated after the last release of the connection object
2026-09-14 13:52:27.578 I  PeachCommander[20796:10bfc] [com.apple.CFPasteboard:entry] CopyData('DefaultAsciiKeyboardLayoutPasteboard' (<CFUUID 0xcb6d60740> 69DD3E35-9767-4E05-80F8-6FE2DA7BE054) gen: -1 item: 1264739405 flavor: 'DefaultAsciiKeyboardLayoutFlavor')
2026-09-14 13:52:27.578 I  PeachCommander[20796:10bfc] [com.apple.CFPasteboard:exit] (not-in-cache) - result: -8 generation: 0 null data flags: 0
2026-09-14 13:52:27.578 Df PeachCommander[20796:10bfc] [com.apple.xpc:connection] [0xcb6ac66c0] activating connection: mach=false listener=false peer=false name=(anonymous)
2026-09-14 13:52:27.579 Df PeachCommander[20796:10bfc] [com.apple.xpc:connection] [0xcb6ac6940] activating connection: mach=false listener=false peer=false name=com.apple.ViewBridgeAuxiliary
2026-09-14 13:52:27.579 Df PeachCommander[20796:10bfc] [com.apple.xpc:connection] [0xcb6ac61c0] activating connection: mach=false listener=false peer=false name=(anonymous)
2026-09-14 13:52:27.579 Df PeachCommander[20796:10bfc] [com.apple.xpc:connection] [0xcb6ac6940] invalidated after the last release of the connection object
2026-09-14 13:52:27.594 Df PeachCommander[20796:10bfc] [com.apple.TextInputUI:CursorUI] -[TUINSCursorUIController activate:]_block_invoke: Create CursorUIViewService: TUINSRemoteViewController
2026-09-14 13:52:27.594 I  PeachCommander[20796:10bfc] [com.apple.AppKit:Window] window <TUINSWindow: 0xcb6aaca00> windowNumber=433 finishing close
2026-09-14 13:52:27.594 I  PeachCommander[20796:10bfc] [com.apple.AppKit:Window] order window: 433 op: 0 relative: 0 related: 0
2026-09-14 13:52:27.596 A  PeachCommander[20796:10c06] (CoreFoundation) Loading Preferences From System CFPrefsD
2026-09-14 13:52:27.601 A  PeachCommander[20796:10bfc] (CoreFoundation) Loading Preferences From User CFPrefsD
2026-09-14 13:52:27.601 I  PeachCommander[20796:10bfc] [com.apple.CoreAnalytics:client] Dropping "com.apple.ImageIO.readerSelection" as it isn't used in any transform (not in the config or budgeted?)
2026-09-14 13:52:27.681 Df PeachCommander[20796:10bfc] [com.apple.BoardServices:XPCErrors] [C:3] Alloc com.apple.backboard.hid-services.xpc
2026-09-14 13:52:27.681 Df PeachCommander[20796:10bfc] [com.apple.xpc:connection] [0xcb6ac5e00] activating connection: mach=false listener=false peer=false name=(anonymous)
2026-09-14 13:52:27.681 Df PeachCommander[20796:10c94] [com.apple.BackBoard:EventDelivery] BKSHIDEventDeliveryManager - connection activation
2026-09-14 13:52:27.693 I  PeachCommander[20796:10bfc] [com.apple.iconservices:foundation] layer data size zero
2026-09-14 13:52:27.709 A  PeachCommander[20796:10c06] (libsystem_info.dylib) Retrieve Group by ID
2026-09-14 13:52:27.709 I  PeachCommander[20796:10bfc] [com.peachcommander:PCFoundation] Session restored
2026-09-14 13:52:27.709 Df PeachCommander[20796:10bfc] (Foundation) <private>
2026-09-14 13:52:27.709 I  PeachCommander[20796:10bfc] [com.peachcommander:PCFoundation] [automation] running /Users/admin/auto.txt
2026-09-14 13:52:27.709 Df PeachCommander[20796:10bfc] (Foundation) <private>
2026-09-14 13:52:27.709 I  PeachCommander[20796:10bfc] [com.peachcommander:PCFoundation] [automation] > active left
2026-09-14 13:52:27.710 Df PeachCommander[20796:10bfc] (Foundation) <private>
2026-09-14 13:52:27.710 I  PeachCommander[20796:10bfc] [com.peachcommander:PCFoundation] [automation] > left /Users/admin/pc-demo
2026-09-14 13:52:27.783 I  PeachCommander[20796:10bfc] [com.apple.CoreAnalytics:client] Dropping "com.apple.appkit.app_config" as it isn't used in any transform (not in the config or budgeted?)
2026-09-14 13:52:27.784 I  PeachCommander[20796:10bfc] [com.apple.launchservices:datasep] application record search init. Node: <FSNode 0xcb8b30840> { isDir = y, path = <private> } bundleID: (null) itemID: 0
2026-09-14 13:52:27.784 I  PeachCommander[20796:10bfc] [com.apple.launchservices:datasep] application record search init. Node: <FSNode 0xcb8b30840> { isDir = y, path = <private> } bundleID: (null) itemID: 0
2026-09-14 13:52:27.784 I  PeachCommander[20796:10bfc] [com.apple.SafariPlatformSupport:SafariPlatformSupport] -[SFSafariPlatformSupport credentialSelected:] with nil credential
2026-09-14 13:52:27.784 I  PeachCommander[20796:10bfc] [com.apple.SafariPlatformSupport:SafariPlatformSupport] -[SFSafariPlatformSupport oneTimeCodeSelected:] with nil code
2026-09-14 13:52:27.813 I  PeachCommander[20796:10c04] [com.apple.AppKit:WindowTab] Indexing 1 items
2026-09-14 13:52:27.813 A  PeachCommander[20796:10c04] (CoreSpotlight) end-index-batch
2026-09-14 13:52:27.813 Df PeachCommander[20796:10c04] [com.apple.corespotlight:index] *warn* MailCS ======%%% _setMailMessageAttributes skip:1
2026-09-14 13:52:27.813 A  PeachCommander[20796:10c04] (CoreSpotlight) index-items
2026-09-14 13:52:27.813 Df PeachCommander[20796:10c04] [com.apple.corespotlight:index] CSInlineDonation:<private>: Skipping donation (feature flag disabled)
2026-09-14 13:52:27.814 Df PeachCommander[20796:10c04] [com.apple.corespotlight:index] CSInlineDonation:<private>: Skipping donation (feature flag disabled)
2026-09-14 13:52:27.928 I  PeachCommander[20796:10bfc] [com.apple.HIToolbox:MBDisplays] <private>
2026-09-14 13:52:27.928 I  PeachCommander[20796:10bfc] [com.apple.HIToolbox:MBDisplays] <private>
2026-09-14 13:52:28.199 Df PeachCommander[20796:10c05] [com.apple.xpc:connection] [0xcb6ac6300] activating connection: mach=false listener=false peer=false name=com.apple.SafariPlatformSupport.Helper
2026-09-14 13:52:28.238 Df PeachCommander[20796:10bfc] (Foundation) <private>
2026-09-14 13:52:28.238 I  PeachCommander[20796:10bfc] [com.peachcommander:PCFoundation] [automation] > wait 800
2026-09-14 13:52:28.264 I  PeachCommander[20796:10bfc] [com.apple.AppKit:Image] ISImage reported a placeholder, image rep is providing a placeholder image for <private>
2026-09-14 13:52:28.264 I  PeachCommander[20796:10bfc] [com.apple.AppKit:Image] ISImage reported a placeholder, image rep is providing a placeholder image for <private>
2026-09-14 13:52:28.265 I  PeachCommander[20796:10c05] [com.apple.iconservices:foundation] layer data size zero
2026-09-14 13:52:28.266 I  PeachCommander[20796:10bfc] [com.apple.AppKit:Image] ISImage reported a placeholder, image rep is providing a placeholder image for <private>
2026-09-14 13:52:28.266 I  PeachCommander[20796:10bfc] [com.apple.AppKit:Image] ISImage reported a placeholder, image rep is providing a placeholder image for <private>
2026-09-14 13:52:28.267 I  PeachCommander[20796:10bfc] [com.apple.AppKit:Image] ISImage reported a placeholder, image rep is providing a placeholder image for <private>
2026-09-14 13:52:28.267 I  PeachCommander[20796:10bfc] [com.apple.AppKit:Image] ISImage reported a placeholder, image rep is providing a placeholder image for <private>
2026-09-14 13:52:28.269 I  PeachCommander[20796:10bfc] [com.apple.AppKit:Image] ISImage reported a placeholder, image rep is providing a placeholder image for <private>
2026-09-14 13:52:28.269 I  PeachCommander[20796:10bfc] [com.apple.AppKit:Image] ISImage reported a placeholder, image rep is providing a placeholder image for <private>
2026-09-14 13:52:28.270 I  PeachCommander[20796:10bfc] [com.apple.AppKit:Image] ISImage reported a placeholder, image rep is providing a placeholder image for <private>
2026-09-14 13:52:28.270 I  PeachCommander[20796:10bfc] [com.apple.AppKit:Image] ISImage reported a placeholder, image rep is providing a placeholder image for <private>
2026-09-14 13:52:28.272 I  PeachCommander[20796:10bfc] [com.apple.AppKit:Image] ISImage reported a placeholder, image rep is providing a placeholder image for <private>
2026-09-14 13:52:28.272 I  PeachCommander[20796:10bfc] [com.apple.AppKit:Image] ISImage reported a placeholder, image rep is providing a placeholder image for <private>
2026-09-14 13:52:28.277 I  PeachCommander[20796:10c00] [com.apple.iconservices:foundation] layer data size zero
2026-09-14 13:52:28.279 Df PeachCommander[20796:10bff] [com.apple.xpc:connection] [0xcb6ac6300] invalidated after the last release of the connection object
2026-09-14 13:52:28.304 I  PeachCommander[20796:10bfc] [com.apple.launchservices:cas] Removing cached information for app [ 0x0-0x104104]  "PeachCommander", as its seed is different from that in shared memory ( 535 vs 537)
2026-09-14 13:52:28.304 Df PeachCommander[20796:10bfc] [com.apple.xpc:connection] [0xcb6ac7200] activating connection: mach=false listener=false peer=false name=(anonymous)
2026-09-14 13:52:28.304 Df PeachCommander[20796:10bfc] [com.apple.xpc:connection] [0xcb6ac6300] activating connection: mach=false listener=false peer=false name=(anonymous)
2026-09-14 13:52:28.306 I  PeachCommander[20796:10bfc] [com.apple.iconservices:foundation] layer data size zero
2026-09-14 13:52:28.306 I  PeachCommander[20796:10bfc] [com.apple.AppKit:Image] ISImage reported a placeholder, image rep is providing a placeholder image for <private>
2026-09-14 13:52:28.307 I  PeachCommander[20796:10bfc] [com.apple.iconservices:foundation] layer data size zero
2026-09-14 13:52:28.307 I  PeachCommander[20796:10bfc] [com.apple.AppKit:Image] ISImage reported a placeholder, image rep is providing a placeholder image for <private>
2026-09-14 13:52:28.307 I  PeachCommander[20796:10bfc] [com.apple.iconservices:foundation] layer data size zero
2026-09-14 13:52:28.307 I  PeachCommander[20796:10bfc] [com.apple.AppKit:Image] ISImage reported a placeholder, image rep is providing a placeholder image for <private>
2026-09-14 13:52:28.307 I  PeachCommander[20796:10bfc] [com.apple.AppKit:Image] ISImage reported a placeholder, image rep is providing a placeholder image for <private>
2026-09-14 13:52:28.308 I  PeachCommander[20796:10bfc] [com.apple.AppKit:Image] ISImage reported a placeholder, image rep is providing a placeholder image for <private>
2026-09-14 13:52:28.308 I  PeachCommander[20796:10bfc] [com.apple.iconservices:foundation] layer data size zero
2026-09-14 13:52:28.308 I  PeachCommander[20796:10bfc] [com.apple.AppKit:Image] ISImage reported a placeholder, image rep is providing a placeholder image for <private>
2026-09-14 13:52:28.314 I  PeachCommander[20796:10bfc] [com.apple.iconservices:foundation] layer data size zero
2026-09-14 13:52:28.314 I  PeachCommander[20796:10bfc] [com.apple.iconservices:foundation] layer data size zero
2026-09-14 13:52:28.314 I  PeachCommander[20796:10bfc] [com.apple.iconservices:foundation] layer data size zero
2026-09-14 13:52:28.314 I  PeachCommander[20796:10bfc] [com.apple.iconservices:foundation] layer data size zero
2026-09-14 13:52:28.742 I  PeachCommander[20796:10bfc] [com.apple.SafariPlatformSupport:SafariPlatformSupport] -[SPSafariPlatformSupport completionListPreferredContentSizeDidUpdate] with size {0, 0}, in window that is visible
2026-09-14 13:52:28.799 I  PeachCommander[20796:10bff] [com.apple.AppKit:WindowTab] Indexing 1 items
2026-09-14 13:52:28.799 A  PeachCommander[20796:10bff] (CoreSpotlight) end-index-batch
2026-09-14 13:52:28.799 A  PeachCommander[20796:10bff] (CoreSpotlight) index-items
2026-09-14 13:52:28.799 Df PeachCommander[20796:10bff] [com.apple.corespotlight:index] CSInlineDonation:<private>: Skipping donation (feature flag disabled)
2026-09-14 13:52:28.799 Df PeachCommander[20796:10bff] [com.apple.corespotlight:index] CSInlineDonation:<private>: Skipping donation (feature flag disabled)
2026-09-14 13:52:29.097 Df PeachCommander[20796:10bfc] (Foundation) <private>
2026-09-14 13:52:29.097 I  PeachCommander[20796:10bfc] [com.peachcommander:PCFoundation] [automation] > right /Users/admin/sync-src
2026-09-14 13:52:29.122 Df PeachCommander[20796:10bfc] (Foundation) <private>
2026-09-14 13:52:29.122 I  PeachCommander[20796:10bfc] [com.peachcommander:PCFoundation] [automation] > wait 2000
2026-09-14 13:52:31.188 Df PeachCommander[20796:10bfc] (Foundation) <private>
2026-09-14 13:52:31.188 I  PeachCommander[20796:10bfc] [com.peachcommander:PCFoundation] [automation] > panelsdump /Users/admin/session-panels.txt
2026-09-14 13:52:31.191 Df PeachCommander[20796:10bfc] (Foundation) <private>
2026-09-14 13:52:31.191 I  PeachCommander[20796:10bfc] [com.peachcommander:PCFoundation] [automation] > wait 400
2026-09-14 13:52:31.621 Df PeachCommander[20796:10bfc] (Foundation) <private>
2026-09-14 13:52:31.621 I  PeachCommander[20796:10bfc] [com.peachcommander:PCFoundation] [automation] done
