Timestamp               Ty Process[PID:TID]
2026-09-14 10:37:30.432 A  PeachCommander[22735:125e6] (libsystem_info.dylib) Retrieve User by ID
2026-09-14 10:37:30.432 Df PeachCommander[22735:125e6] [com.apple.xpc:connection] [0x101c18400] activating connection: mach=true listener=false peer=false name=com.apple.cfprefsd.daemon
2026-09-14 10:37:30.432 Df PeachCommander[22735:125ec] [com.apple.xpc:connection] [0x101c1bac0] activating connection: mach=true listener=false peer=false name=com.apple.cfprefsd.agent
2026-09-14 10:37:30.433 Df PeachCommander[22735:125e6] [com.apple.xpc:connection] [0x101c1e370] activating connection: mach=true listener=false peer=false name=com.apple.coreservices.launchservicesd
2026-09-14 10:37:30.434 I  PeachCommander[22735:125e6] [com.apple.launchservices:cas] Registering for notification <private> on default queue, to re-boostrap client connection.
2026-09-14 10:37:30.434 Df PeachCommander[22735:125e6] [com.apple.xpc:connection] [0x728ca8000] activating connection: mach=true listener=false peer=false name=com.apple.pasteboard.1
2026-09-14 10:37:30.434 Df PeachCommander[22735:125e6] [com.apple.xpc:connection] [0x728ca8140] activating connection: mach=true listener=false peer=false name=com.apple.distributed_notifications@Uv3
2026-09-14 10:37:30.435 Df PeachCommander[22735:125e6] [com.apple.AppKit:AutomaticTermination] void _NSDisableAutomaticTerminationAndLog(NSString *) No windows open yet
2026-09-14 10:37:30.435 A  PeachCommander[22735:125e6] (TCC) TCCAccessRequest() IPC
2026-09-14 10:37:30.435 Df PeachCommander[22735:125e6] [com.apple.xpc:connection] [0x728ca8280] activating connection: mach=true listener=false peer=false name=com.apple.tccd.system
2026-09-14 10:37:30.435 I  PeachCommander[22735:125e6] [com.apple.TCC:access] SEND: 0/7 synchronous to com.apple.tccd.system: request: msgID=22735.1, function=TCCAccessRequest, service=kTCCServiceListenEvent,
2026-09-14 10:37:30.436 I  PeachCommander[22735:125e6] [com.apple.TCC:access] RECV: synchronous reply <dictionary: 0x728c98000> { count = 5, transaction: 0, voucher = 0x0, contents =
	"prompt_type" => <uint64: 0xbb2e54fdd24ad6b7>: 1
	"auth_value" => <uint64: 0xbb2e54fdd24ad6b7>: 1
	"preflight_unknown" => <bool: 0x1f720d190>: true
	"auth_version" => <uint64: 0xbb2e54fdd24ad6b7>: 1
	"auth_reason" => <uint64: 0xbb2e54fdd24ad697>: 5
}
2026-09-14 10:37:30.436 Df PeachCommander[22735:125e6] [com.apple.xpc:connection] [0x728ca8280] invalidated after the last release of the connection object
2026-09-14 10:37:30.437 Df PeachCommander[22735:125e6] [com.apple.SkyLight:default] server port 0x0000300b, session port 0x0000300b
2026-09-14 10:37:30.439 I  PeachCommander[22735:125ed] [com.apple.SkyLight:processes] 0[outside of RPC]: First connection id 270703 mapped to ctx = 0x728c9c700
2026-09-14 10:37:30.439 Df PeachCommander[22735:125e6] [com.apple.SkyLight:default] New connection 0x4216f main
2026-09-14 10:37:30.439 I  PeachCommander[22735:125e6] [com.apple.hiservices:processmgr] Checking in with CAS, pid=22735
2026-09-14 10:37:30.439 I  PeachCommander[22735:125e6] [com.apple.launchservices:cas] LSApplicationCheckIn(), app being registered is:"/Users/admin/pc-test/PeachCommander.app/Contents/MacOS/PeachCommander"
2026-09-14 10:37:30.440 I  PeachCommander[22735:125e6] [com.apple.launchservices:cas]  { "ApplicationType"="Foreground", "BuildMachineOSBuild"="25E246", "CFBundleDevelopmentRegion"="en", "CFBundleDocumentTypes"=( { "CFBundleTypeName"="Peach Commander Plugin Package", "CFBundleTypeRole"="Viewer", "LSHandlerRank"="Owner", "LSItemContentTypes"=( "com.peachcommander.plugin-package") }), "CFBundleExecutable"="PeachCommander", "CFBundleExecutablePath"="/Users/admin/pc-test/PeachCommander.app/Contents/MacOS/PeachCommander", "CFBundleHelpBookFolder"="PeachCommander.help", "CFBundleHelpBookName"="Peach Commander Help", "CFBundleIconFile"="AppIcon", "CFBundleIconName"="AppIcon", "CFBundleIdentifier"="com.peachcommander.app", "CFBundleInfoDictionaryVersion"="6.0", "CFBundleName"="PeachCommander", "CFBundleNumericVersion"=402685952, "CFBundlePackageType"="APPL", "CFBundleShortVersionString"="0.9.0", "CFBundleSignature"="?????", "CFBundleSupportedPlatforms"=( "MacOSX"), "CFBundleVersion"="18", "DTCompiler"="com.apple.compilers.llvm.clang.1_0", "DTPlatformBuild"="25F70", "DTPlatformName"="macosx", "<…>
2026-09-14 10:37:30.440 Df PeachCommander[22735:125e6] [com.apple.processmanager:front-35286506] CHECKIN: pid=22735
2026-09-14 10:37:30.441 Df PeachCommander[22735:125e6] [com.apple.processmanager:front-35286506] CHECKEDIN: pid=22735 asn=0x0-0x12d12d foreground=1
2026-09-14 10:37:30.441 I  PeachCommander[22735:125e6] [com.apple.launchservices:cas] Setting processControlState to default PROC_SETPC_SUSPEND because application does not have LSProcessControlValue key
2026-09-14 10:37:30.441 Df PeachCommander[22735:125e6] [com.apple.xpc:connection] [0x728ca8280] activating connection: mach=false listener=true peer=false name=(anonymous)
2026-09-14 10:37:30.441 Df PeachCommander[22735:125e6] [com.apple.xpc:connection] [0x728ca8280] Connection returned listener port: 0x4103
2026-09-14 10:37:30.441 Df PeachCommander[22735:125ec] [com.apple.xpc:connection] [0x729080300] activating connection: mach=false listener=false peer=true name=com.apple.xpc.anonymous.0x728ca8280.peer[131].0x729080300
2026-09-14 10:37:30.441 Df PeachCommander[22735:125e6] [com.apple.processmanager:front-35286506] FRONTLOGGING: version 1
2026-09-14 10:37:30.441 Df PeachCommander[22735:125e6] [com.apple.processmanager:front-35286506] Registered, pid=22735 ASN=0x0,0x12d12d
2026-09-14 10:37:30.441 Df PeachCommander[22735:125e6] [com.apple.xpc:connection] [0x728ca83c0] activating connection: mach=true listener=false peer=false name=com.apple.analyticsd
2026-09-14 10:37:30.442 I  PeachCommander[22735:125e6] [com.apple.CoreAnalytics:client] Daemon status changed from 0 to 1
2026-09-14 10:37:30.442 I  PeachCommander[22735:125ec] [com.apple.CarbonCore:coreservicesdaemon] SCSession():SCSession( id=100, this=0x0x101c25b00 option=65538) created, forUID=501 mach_port_t=0x4403.
2026-09-14 10:37:30.442 I  PeachCommander[22735:125ec] [com.apple.CarbonCore:coreservicesdaemon] SCSession():SCSession( id=101, this=0x0x101c25c40 option=65538) created, forUID=501 mach_port_t=0x5103.
2026-09-14 10:37:30.442 I  PeachCommander[22735:125ec] [com.apple.CarbonCore:coreservicesdaemon] connectToCoreServicesD():Instantiating server (coreservicesd based) SCSession, port=0x4403 serverOptions=0x10002.
2026-09-14 10:37:30.442 I  PeachCommander[22735:125e6] [com.apple.hiservices:processmgr] _RegisterApplication( pid 22735 => 0x0,0x12d12d) type=foreground
2026-09-14 10:37:30.442 Df PeachCommander[22735:125e6] [com.apple.xpc:connection] [0x728ca8280] Connection returned listener port: 0x4103
2026-09-14 10:37:30.442 I  PeachCommander[22735:125e6] [com.apple.launchservices:cas] CFArrayRef _LSCopyLaunchModifiers(LSSessionID, LSASNRef _Nonnull), result for psn [ kLSCurrentApp ASN, 0x0,0x2]  is 1 items.
2026-09-14 10:37:30.442 Df PeachCommander[22735:125e6] [com.apple.processmanager:front-35286506] BringForward: pid=22735 asn=0x0-0x12d12d bringForward=1 foreground=1 uiElement=0 launchedByLS=1 modifiersCount=1 allDisabled=1
2026-09-14 10:37:30.442 Df PeachCommander[22735:125e6] [com.apple.processmanager:front-35286506] BringFrontModifier: pid=22735 asn=0x0-0x12d12d Modifier 0 hideAfter=0 hideOthers=0 dontMakeFrontmost=0 mouseDown=0/0 seed=0/0
2026-09-14 10:37:30.442 Df PeachCommander[22735:125e6] [com.apple.processmanager:front-35286506] BringForward: pid=22735 asn=0x0-0x12d12d
2026-09-14 10:37:30.442 Df PeachCommander[22735:125e6] [com.apple.processmanager:front-35286506] SetFrontProcess: asn=0x0-0x12d12d options=0
2026-09-14 10:37:30.442 I  PeachCommander[22735:125e6] [com.apple.SkyLight:processes] 0[outside of RPC]: SLPSetFrontProcess(0x0-0x12d12d window=0 options=0x0
2026-09-14 10:37:30.442 Df PeachCommander[22735:125ec] [com.apple.xpc:connection] [0x728ca8500] activating connection: mach=true listener=false peer=false name=com.apple.lsd.mapdb
2026-09-14 10:37:30.442 Df PeachCommander[22735:125ed] [com.apple.CoreAnalytics:client] Received configuration update from daemon (initial)
2026-09-14 10:37:30.443 Df PeachCommander[22735:125e6] [com.apple.AppKit:Appearance] Current system appearance, (HLTB: 1), (SLS: 0)
2026-09-14 10:37:30.444 I  PeachCommander[22735:125f0] [com.apple.launchservices:cas] information in shared memory for 0x0-0x12d12d with seed 533 was still valid, so using cached info { "ApplicationType"="Foreground", "BuildMachineOSBuild"="25E246", "BundleIdentifierLowerCase"="com.peachcommander.app", "CFBundleDevelopmentRegion"="en", "CFBundleDocumentTypes"=( { "CFBundleTypeName"="Peach Commander Plugin Package", "CFBundleTypeRole"="Viewer", "LSHandlerRank"="Owner", "LSItemContentTypes"=( "com.peachcommander.plugin-package") }), "CFBundleExecutable"="PeachCommander", "CFBundleExecutablePath"="/Users/admin/pc-test/PeachCommander.app/Contents/MacOS/PeachCommander", "CFBundleExecutablePathDeviceID"=16777225, "CFBundleExecutablePathINode"=488026, "CFBundleHelpBookFolder"="PeachCommander.help", "CFBundleHelpBookName"="Peach Commander Help", "CFBundleIconFile"="AppIcon", "CFBundleIconName"="AppIcon", "CFBundleIdentifier"="com.peachcommander.app", "CFBundleInfoDictionaryVersion"="6.0", "CFBundleName"="PeachCommander", "CFBundleNameLowerCase"="peachcommander", "CFBundleNumericVersion"=402685952, "CFBundlePackageType"="APPL", "CFBundleShortVersionString"="0.9.0", "CFBun<…>
2026-09-14 10:37:30.444 I  PeachCommander[22735:125ec] [com.apple.launchservices:db] LaunchServices database schema version: 20971544
2026-09-14 10:37:30.444 Df PeachCommander[22735:125e6] (libMobileGestalt.dylib) No persisted cache on this platform.
2026-09-14 10:37:30.445 Df PeachCommander[22735:125e6] (libMobileGestalt.dylib) Could not get size of EAN data (IOConnectCallScalarMethod kAppleNVMeEANGetSize returned 0xE00002E2)
2026-09-14 10:37:30.445 Df PeachCommander[22735:125e6] (libMobileGestalt.dylib) Failed to copy 'aptk' from EAN
2026-09-14 10:37:30.445 Df PeachCommander[22735:125e6] (libMobileGestalt.dylib) Failed to copy APTicket properties. Falling back to default policy.
2026-09-14 10:37:30.445 Df PeachCommander[22735:125e6] (libMobileGestalt.dylib) Creating default MGSysConfigPolicy
2026-09-14 10:37:30.445 Df PeachCommander[22735:125e6] (libMobileGestalt.dylib) CFDictionaryRef copySyscfgDictionary(void) enumeration of <private> failed.
2026-09-14 10:37:30.445 Df PeachCommander[22735:125e6] (libMobileGestalt.dylib) Failed to find key <private>
2026-09-14 10:37:30.446 Df PeachCommander[22735:125e6] [com.apple.AppKit:Appearance] Current system appearance, (HLTB: 1), (SLS: 0)
2026-09-14 10:37:30.446 Df PeachCommander[22735:125e6] [com.apple.AppKit:Appearance] Post-registration system appearance: (HLTB: 1)
2026-09-14 10:37:30.447 I  PeachCommander[22735:125ec] [com.apple.launchservices:default] Unable to load Info.plist exceptions (eGPUOverrides)
2026-09-14 10:37:30.447 I  PeachCommander[22735:125ec] [com.apple.launchservices:default] Unable to load Info.plist exceptions (gameModeOverrides)
2026-09-14 10:37:30.447 I  PeachCommander[22735:125ec] [com.apple.launchservices:default] Unable to load Info.plist exceptions (identifiedGameOverrides)
2026-09-14 10:37:30.447 I  PeachCommander[22735:125ec] [com.apple.launchservices:default] Unable to load Info.plist exceptions (SystemHiddenPreferred)
2026-09-14 10:37:30.448 Df PeachCommander[22735:125e6] [com.apple.FrontBoard:Common] FBSWorkspace: endpoint monitoring is disabled.
2026-09-14 10:37:30.448 Df PeachCommander[22735:125e6] [com.apple.FrontBoard:Common] FBSWorkspace: default shell endpoint is disabled.
2026-09-14 10:37:30.448 Df PeachCommander[22735:125e6] [com.apple.runningboard:connection] Initializing connection
2026-09-14 10:37:30.448 Df PeachCommander[22735:125e6] [com.apple.runningboard:process] Removing all cached process handles
2026-09-14 10:37:30.448 Df PeachCommander[22735:125ed] [com.apple.runningboard:connection] Sending handshake request attempt #1 to server
2026-09-14 10:37:30.448 Df PeachCommander[22735:125ed] [com.apple.runningboard:connection] Creating connection to com.apple.runningboard
2026-09-14 10:37:30.448 Df PeachCommander[22735:125ed] [com.apple.xpc:connection] [0x728ca8640] activating connection: mach=true listener=false peer=false name=com.apple.runningboard
2026-09-14 10:37:30.448 Df PeachCommander[22735:125e6] [com.apple.xpc:connection] [0x728ca8280] Connection returned listener port: 0x4103
2026-09-14 10:37:30.448 A  PeachCommander[22735:125ec] (RunningBoardServices) didChangeInheritances
2026-09-14 10:37:30.448 I  PeachCommander[22735:125e6] [com.apple.launchservices:cas] information in shared memory for 0x0-0x12d12d with seed 533 was still valid, so using cached info { "ApplicationType"="Foreground", "BuildMachineOSBuild"="25E246", "BundleIdentifierLowerCase"="com.peachcommander.app", "CFBundleDevelopmentRegion"="en", "CFBundleDocumentTypes"=( { "CFBundleTypeName"="Peach Commander Plugin Package", "CFBundleTypeRole"="Viewer", "LSHandlerRank"="Owner", "LSItemContentTypes"=( "com.peachcommander.plugin-package") }), "CFBundleExecutable"="PeachCommander", "CFBundleExecutablePath"="/Users/admin/pc-test/PeachCommander.app/Contents/MacOS/PeachCommander", "CFBundleExecutablePathDeviceID"=16777225, "CFBundleExecutablePathINode"=488026, "CFBundleHelpBookFolder"="PeachCommander.help", "CFBundleHelpBookName"="Peach Commander Help", "CFBundleIconFile"="AppIcon", "CFBundleIconName"="AppIcon", "CFBundleIdentifier"="com.peachcommander.app", "CFBundleInfoDictionaryVersion"="6.0", "CFBundleName"="PeachCommander", "CFBundleNameLowerCase"="peachcommander", "CFBundleNumericVersion"=402685952, "CFBundlePackageType"="APPL", "CFBundleShortVersionString"="0.9.0", "CFBun<…>
2026-09-14 10:37:30.448 Df PeachCommander[22735:125ed] [com.apple.runningboard:connection] Handshake succeeded
2026-09-14 10:37:30.448 Df PeachCommander[22735:125ed] [com.apple.runningboard:connection] Identity resolved as app<application.com.peachcommander.app.486930.488026(501)>
2026-09-14 10:37:30.450 Df PeachCommander[22735:125e6] [com.apple.xpc:connection] [0x728ca8280] Connection returned listener port: 0x4103
2026-09-14 10:37:30.450 A  PeachCommander[22735:125f1] (AppIntents) appintents:register process
2026-09-14 10:37:30.451 Df PeachCommander[22735:125f1] [com.apple.appintents:Connection] Created a new Process Instance Registry XPC connection (inactive)
2026-09-14 10:37:30.451 Df PeachCommander[22735:125f1] [com.apple.xpc:connection] [0x728ca8780] activating connection: mach=true listener=false peer=false name=com.apple.linkd.autoShortcut
2026-09-14 10:37:30.451 Df PeachCommander[22735:125f1] [com.apple.appintents:Connection] Activated connection to linkd (ApplicationService)
2026-09-14 10:37:30.451 Df PeachCommander[22735:125f1] [com.apple.xpc:connection] [0x728ca8a00] activating connection: mach=false listener=true peer=false name=(anonymous)
2026-09-14 10:37:30.451 I  PeachCommander[22735:125e6] [com.apple.launchservices:cas] information in shared memory for 0x0-0x12d12d with seed 533 was still valid, so using cached info { "ApplicationType"="Foreground", "BuildMachineOSBuild"="25E246", "BundleIdentifierLowerCase"="com.peachcommander.app", "CFBundleDevelopmentRegion"="en", "CFBundleDocumentTypes"=( { "CFBundleTypeName"="Peach Commander Plugin Package", "CFBundleTypeRole"="Viewer", "LSHandlerRank"="Owner", "LSItemContentTypes"=( "com.peachcommander.plugin-package") }), "CFBundleExecutable"="PeachCommander", "CFBundleExecutablePath"="/Users/admin/pc-test/PeachCommander.app/Contents/MacOS/PeachCommander", "CFBundleExecutablePathDeviceID"=16777225, "CFBundleExecutablePathINode"=488026, "CFBundleHelpBookFolder"="PeachCommander.help", "CFBundleHelpBookName"="Peach Commander Help", "CFBundleIconFile"="AppIcon", "CFBundleIconName"="AppIcon", "CFBundleIdentifier"="com.peachcommander.app", "CFBundleInfoDictionaryVersion"="6.0", "CFBundleName"="PeachCommander", "CFBundleNameLowerCase"="peachcommander", "CFBundleNumericVersion"=402685952, "CFBundlePackageType"="APPL", "CFBundleShortVersionString"="0.9.0", "CFBun<…>
2026-09-14 10:37:30.451 I  PeachCommander[22735:125e6] [com.apple.hiservices:processmgr] TransformProcessType(0x0,0x2 => 1 wasFront=1 pickNew=0)
2026-09-14 10:37:30.451 I  PeachCommander[22735:125e6] [com.apple.CoreAnalytics:client] Dropping "com.apple.appkit.app_config" as it isn't used in any transform (not in the config or budgeted?)
2026-09-14 10:37:30.451 I  PeachCommander[22735:125f1] [com.apple.appintents:Execution] LNAppConnectionListener instantiated
2026-09-14 10:37:30.451 Df PeachCommander[22735:125f1] [com.apple.xpc:connection] [0x728ca8a00] Connection returned listener port: 0x6903
2026-09-14 10:37:30.451 Df PeachCommander[22735:125ed] [com.apple.xpc:connection] [0x728ca8780] Re-initialization successful; calling out to event handler with XPC_ERROR_CONNECTION_INTERRUPTED
2026-09-14 10:37:30.451 Df PeachCommander[22735:125e6] [com.apple.dt.xctest:Default] Registering for test daemon availability notify post.
2026-09-14 10:37:30.451 Df PeachCommander[22735:125ed] [com.apple.appintents:Connection] Process Instance Registry XPC connection has been interrupted
2026-09-14 10:37:30.451 E  PeachCommander[22735:125f1] [com.apple.appintents:Connection] Unable to get synchronousRemoteObjectProxy, error: Error Domain=NSCocoaErrorDomain Code=4097 "connection to service named com.apple.linkd.autoShortcut" UserInfo={NSDebugDescription=connection to service named com.apple.linkd.autoShortcut}
2026-09-14 10:37:30.451 Df PeachCommander[22735:125e6] [com.apple.dt.xctest:Default] notify_get_state check indicated test daemon not ready.
2026-09-14 10:37:30.451 E  PeachCommander[22735:125f1] [com.apple.AppKit:Application] Error registering app with intents framework: Error Domain=NSCocoaErrorDomain Code=4097 UserInfo={NSDebugDescription=<private>}
2026-09-14 10:37:30.451 Df PeachCommander[22735:125ec] [com.apple.appintents:Connection] Created a new Process Instance Registry XPC connection (inactive)
2026-09-14 10:37:30.451 A  PeachCommander[22735:125ec] (AppIntents) appintents:register process
2026-09-14 10:37:30.452 Df PeachCommander[22735:125e6] [com.apple.dt.xctest:Default] notify_get_state check indicated test daemon not ready.
2026-09-14 10:37:30.452 Df PeachCommander[22735:125ec] [com.apple.appintents:Connection] Created a new Process Instance Registry XPC connection (inactive)
2026-09-14 10:37:30.452 Df PeachCommander[22735:125ec] [com.apple.xpc:connection] [0x728ca8c80] activating connection: mach=true listener=false peer=false name=com.apple.linkd.autoShortcut
2026-09-14 10:37:30.452 Df PeachCommander[22735:125ec] [com.apple.appintents:Connection] Activated connection to linkd (ApplicationService)
2026-09-14 10:37:30.452 Df PeachCommander[22735:125ec] [com.apple.xpc:connection] [0x728ca8a00] Connection returned listener port: 0x6903
2026-09-14 10:37:30.452 Df PeachCommander[22735:125e6] [com.apple.dt.xctest:Default] notify_get_state check indicated test daemon not ready.
2026-09-14 10:37:30.452 Df PeachCommander[22735:125f1] [com.apple.xpc:connection] [0x728ca8c80] Re-initialization successful; calling out to event handler with XPC_ERROR_CONNECTION_INTERRUPTED
2026-09-14 10:37:30.452 Df PeachCommander[22735:125f1] [com.apple.appintents:Connection] Process Instance Registry XPC connection has been interrupted
2026-09-14 10:37:30.452 Df PeachCommander[22735:125f1] [com.apple.appintents:Connection] Created a new Process Instance Registry XPC connection (inactive)
2026-09-14 10:37:30.452 A  PeachCommander[22735:125f1] (AppIntents) appintents:register process
2026-09-14 10:37:30.452 Df PeachCommander[22735:125f1] [com.apple.appintents:Connection] Created a new Process Instance Registry XPC connection (inactive)
2026-09-14 10:37:30.452 Df PeachCommander[22735:125f1] [com.apple.xpc:connection] [0x728ca92c0] activating connection: mach=true listener=false peer=false name=com.apple.linkd.autoShortcut
2026-09-14 10:37:30.452 E  PeachCommander[22735:125ec] [com.apple.appintents:Connection] Unable to get synchronousRemoteObjectProxy, error: Error Domain=NSCocoaErrorDomain Code=4097 "connection to service named com.apple.linkd.autoShortcut" UserInfo={NSDebugDescription=connection to service named com.apple.linkd.autoShortcut}
2026-09-14 10:37:30.452 E  PeachCommander[22735:125ec] [com.apple.appintents:Connection] Unable to re-register with Process Instance Registry, error: Error Domain=NSCocoaErrorDomain Code=4097 "connection to service named com.apple.linkd.autoShortcut" UserInfo={NSDebugDescription=connection to service named com.apple.linkd.autoShortcut}
2026-09-14 10:37:30.452 Df PeachCommander[22735:125f1] [com.apple.appintents:Connection] Activated connection to linkd (ApplicationService)
2026-09-14 10:37:30.452 Df PeachCommander[22735:125f1] [com.apple.xpc:connection] [0x728ca8a00] Connection returned listener port: 0x6903
2026-09-14 10:37:30.453 Df PeachCommander[22735:125ed] [com.apple.xpc:connection] [0x728ca92c0] Re-initialization successful; calling out to event handler with XPC_ERROR_CONNECTION_INTERRUPTED
2026-09-14 10:37:30.453 Df PeachCommander[22735:125ed] [com.apple.appintents:Connection] Process Instance Registry XPC connection has been interrupted
2026-09-14 10:37:30.453 E  PeachCommander[22735:125f1] [com.apple.appintents:Connection] Unable to get synchronousRemoteObjectProxy, error: Error Domain=NSCocoaErrorDomain Code=4097 "connection to service named com.apple.linkd.autoShortcut" UserInfo={NSDebugDescription=connection to service named com.apple.linkd.autoShortcut}
2026-09-14 10:37:30.453 E  PeachCommander[22735:125f1] [com.apple.appintents:Connection] Unable to re-register with Process Instance Registry, error: Error Domain=NSCocoaErrorDomain Code=4097 "connection to service named com.apple.linkd.autoShortcut" UserInfo={NSDebugDescription=connection to service named com.apple.linkd.autoShortcut}
2026-09-14 10:37:30.453 Df PeachCommander[22735:125ed] [com.apple.appintents:Connection] Created a new Process Instance Registry XPC connection (inactive)
2026-09-14 10:37:30.453 A  PeachCommander[22735:125ed] (AppIntents) appintents:register process
2026-09-14 10:37:30.453 Df PeachCommander[22735:125ed] [com.apple.appintents:Connection] Created a new Process Instance Registry XPC connection (inactive)
2026-09-14 10:37:30.453 Df PeachCommander[22735:125ed] [com.apple.xpc:connection] [0x728ca9540] activating connection: mach=true listener=false peer=false name=com.apple.linkd.autoShortcut
2026-09-14 10:37:30.453 Df PeachCommander[22735:125ed] [com.apple.appintents:Connection] Activated connection to linkd (ApplicationService)
2026-09-14 10:37:30.453 Df PeachCommander[22735:125ed] [com.apple.xpc:connection] [0x728ca8a00] Connection returned listener port: 0x6903
2026-09-14 10:37:30.453 Df PeachCommander[22735:125f1] [com.apple.xpc:connection] [0x728ca9540] Re-initialization successful; calling out to event handler with XPC_ERROR_CONNECTION_INTERRUPTED
2026-09-14 10:37:30.453 Df PeachCommander[22735:125f1] [com.apple.appintents:Connection] Process Instance Registry XPC connection has been interrupted
2026-09-14 10:37:30.453 E  PeachCommander[22735:125f1] [com.apple.appintents:Connection] Will NOT re-try to establish the connection
2026-09-14 10:37:30.453 E  PeachCommander[22735:125ed] [com.apple.appintents:Connection] Unable to get synchronousRemoteObjectProxy, error: Error Domain=NSCocoaErrorDomain Code=4097 "connection to service named com.apple.linkd.autoShortcut" UserInfo={NSDebugDescription=connection to service named com.apple.linkd.autoShortcut}
2026-09-14 10:37:30.453 E  PeachCommander[22735:125ed] [com.apple.appintents:Connection] Unable to re-register with Process Instance Registry, error: Error Domain=NSCocoaErrorDomain Code=4097 "connection to service named com.apple.linkd.autoShortcut" UserInfo={NSDebugDescription=connection to service named com.apple.linkd.autoShortcut}
2026-09-14 10:37:30.455 A  PeachCommander[22735:125e6] (CoreFoundation) Loading Preferences From System CFPrefsD
2026-09-14 10:37:30.455 Df PeachCommander[22735:125e6] (libMobileGestalt.dylib) couldn't load support library
2026-09-14 10:37:30.455 Df PeachCommander[22735:125e6] (libMobileGestalt.dylib) called dummy function!
2026-09-14 10:37:30.456 I  PeachCommander[22735:125e6] [com.apple.GenerativeModels:availability] Current availability state: unavailable, use cases: com.apple.WritingTools, language: <any>, api: <private>
2026-09-14 10:37:30.456 Df PeachCommander[22735:125e6] [com.apple.GenerativeModels:availability] registering darwin observer for name: com.apple.gms.availability.notification
2026-09-14 10:37:30.456 Df PeachCommander[22735:125e6] [com.apple.GenerativeModels:availability] registering darwin observer for name: com.apple.os-eligibility-domain.change.greymatter
2026-09-14 10:37:30.456 Df PeachCommander[22735:125e6] [com.apple.GenerativeModels:availability] registering darwin observer for name: com.apple.language.changed
2026-09-14 10:37:30.456 Df PeachCommander[22735:125e6] [com.apple.WritingTools:Default] isAvailable value changed: isMDMAllowed = true, gmAvailable (current) = false
2026-09-14 10:37:30.458 I  PeachCommander[22735:125e6] [com.apple.CoreAnalytics:client] Dropping "com.apple.appkit.app_config" as it isn't used in any transform (not in the config or budgeted?)
2026-09-14 10:37:30.460 Df PeachCommander[22735:125e6] [com.apple.AppKit:Appearance] NSApp cache appearance:
-NSRequiresAquaSystemAppearance: 0
-appearance: (null)
-effectiveAppearance: <NSCompositeAppearance: 0x729024460
 (
    "<NSAquaAppearance: 0x729024500>",
    "<NSSystemAppearance: 0x7290246e0>"
)>
2026-09-14 10:37:30.463 A  PeachCommander[22735:125e6] (CoreFoundation) Loading Preferences From User CFPrefsD
2026-09-14 10:37:30.463 A  PeachCommander[22735:125e6] (CoreFoundation) Loading Preferences From User CFPrefsD
2026-09-14 10:37:30.467 A  PeachCommander[22735:125f1] (libsystem_info.dylib) Membership API: translate identifier
2026-09-14 10:37:30.469 I  PeachCommander[22735:125e6] [com.apple.CoreAnalytics:client] Dropping "com.apple.appkit.app_config" as it isn't used in any transform (not in the config or budgeted?)
2026-09-14 10:37:30.469 I  PeachCommander[22735:125e6] [com.apple.CoreAnalytics:client] Dropping "com.apple.appkit.app_config" as it isn't used in any transform (not in the config or budgeted?)
2026-09-14 10:37:30.470 Df PeachCommander[22735:125ed] [com.apple.xpc:connection] [0x728ca9a40] activating connection: mach=true listener=false peer=false name=com.apple.dock.fullscreen
2026-09-14 10:37:30.471 Df PeachCommander[22735:125e6] [com.apple.xpc:connection] [0x728ca9b80] activating connection: mach=true listener=false peer=false name=com.apple.fonts
2026-09-14 10:37:30.474 I  PeachCommander[22735:125e6] [com.apple.launchservices:cas] information in shared memory for 0x0-0x12d12d with seed 533 was still valid, so using cached info { "ApplicationType"="Foreground", "BuildMachineOSBuild"="25E246", "BundleIdentifierLowerCase"="com.peachcommander.app", "CFBundleDevelopmentRegion"="en", "CFBundleDocumentTypes"=( { "CFBundleTypeName"="Peach Commander Plugin Package", "CFBundleTypeRole"="Viewer", "LSHandlerRank"="Owner", "LSItemContentTypes"=( "com.peachcommander.plugin-package") }), "CFBundleExecutable"="PeachCommander", "CFBundleExecutablePath"="/Users/admin/pc-test/PeachCommander.app/Contents/MacOS/PeachCommander", "CFBundleExecutablePathDeviceID"=16777225, "CFBundleExecutablePathINode"=488026, "CFBundleHelpBookFolder"="PeachCommander.help", "CFBundleHelpBookName"="Peach Commander Help", "CFBundleIconFile"="AppIcon", "CFBundleIconName"="AppIcon", "CFBundleIdentifier"="com.peachcommander.app", "CFBundleInfoDictionaryVersion"="6.0", "CFBundleName"="PeachCommander", "CFBundleNameLowerCase"="peachcommander", "CFBundleNumericVersion"=402685952, "CFBundlePackageType"="APPL", "CFBundleShortVersionString"="0.9.0", "CFBun<…>
2026-09-14 10:37:30.474 I  PeachCommander[22735:125e6] [com.apple.CoreAnalytics:client] Dropping "com.apple.appkit.app_config" as it isn't used in any transform (not in the config or budgeted?)
2026-09-14 10:37:30.474 Df PeachCommander[22735:125e6] [com.apple.AppKit:AutomaticTermination] -[NSApplication(NSAppssassination) _checkForAutomaticTerminationSupportPossiblyEnablingIt]_block_invoke Enabling automatic termination support.
2026-09-14 10:37:30.474 Df PeachCommander[22735:125e6] [com.apple.xpc:connection] [0x728ca8dc0] activating connection: mach=true listener=false peer=false name=com.apple.appkit.restoration_storage
2026-09-14 10:37:30.474 I  PeachCommander[22735:125e6] [com.apple.launchservices:cas] information in shared memory for 0x0-0x12d12d with seed 533 was still valid, so using cached info { "ApplicationType"="Foreground", "BuildMachineOSBuild"="25E246", "BundleIdentifierLowerCase"="com.peachcommander.app", "CFBundleDevelopmentRegion"="en", "CFBundleDocumentTypes"=( { "CFBundleTypeName"="Peach Commander Plugin Package", "CFBundleTypeRole"="Viewer", "LSHandlerRank"="Owner", "LSItemContentTypes"=( "com.peachcommander.plugin-package") }), "CFBundleExecutable"="PeachCommander", "CFBundleExecutablePath"="/Users/admin/pc-test/PeachCommander.app/Contents/MacOS/PeachCommander", "CFBundleExecutablePathDeviceID"=16777225, "CFBundleExecutablePathINode"=488026, "CFBundleHelpBookFolder"="PeachCommander.help", "CFBundleHelpBookName"="Peach Commander Help", "CFBundleIconFile"="AppIcon", "CFBundleIconName"="AppIcon", "CFBundleIdentifier"="com.peachcommander.app", "CFBundleInfoDictionaryVersion"="6.0", "CFBundleName"="PeachCommander", "CFBundleNameLowerCase"="peachcommander", "CFBundleNumericVersion"=402685952, "CFBundlePackageType"="APPL", "CFBundleShortVersionString"="0.9.0", "CFBun<…>
2026-09-14 10:37:30.474 Df PeachCommander[22735:125e6] [com.apple.xpc:connection] [0x728ca8f00] activating connection: mach=true listener=false peer=false name=com.apple.coreservices.appleevents
2026-09-14 10:37:30.474 I  PeachCommander[22735:125e6] [com.apple.appleevents:main] _AEGetRegisteredMachPort() created default port (port:45571/0xb203 rcv:1 send:1 limit:5) and registered it with server
2026-09-14 10:37:30.474 Df PeachCommander[22735:125e6] [com.apple.xpc:connection] [0x728ca8280] Connection returned listener port: 0x4103
2026-09-14 10:37:30.475 I  PeachCommander[22735:125e6] [com.apple.launchservices:cas] information in shared memory for 0x0-0x12d12d with seed 533 was still valid, so using cached info { "ApplicationType"="Foreground", "BuildMachineOSBuild"="25E246", "BundleIdentifierLowerCase"="com.peachcommander.app", "CFBundleDevelopmentRegion"="en", "CFBundleDocumentTypes"=( { "CFBundleTypeName"="Peach Commander Plugin Package", "CFBundleTypeRole"="Viewer", "LSHandlerRank"="Owner", "LSItemContentTypes"=( "com.peachcommander.plugin-package") }), "CFBundleExecutable"="PeachCommander", "CFBundleExecutablePath"="/Users/admin/pc-test/PeachCommander.app/Contents/MacOS/PeachCommander", "CFBundleExecutablePathDeviceID"=16777225, "CFBundleExecutablePathINode"=488026, "CFBundleHelpBookFolder"="PeachCommander.help", "CFBundleHelpBookName"="Peach Commander Help", "CFBundleIconFile"="AppIcon", "CFBundleIconName"="AppIcon", "CFBundleIdentifier"="com.peachcommander.app", "CFBundleInfoDictionaryVersion"="6.0", "CFBundleName"="PeachCommander", "CFBundleNameLowerCase"="peachcommander", "CFBundleNumericVersion"=402685952, "CFBundlePackageType"="APPL", "CFBundleShortVersionString"="0.9.0", "CFBun<…>
2026-09-14 10:37:30.475 Df PeachCommander[22735:125e6] [com.apple.processmanager:front-35286506] SignalReady: pid=22735 asn=0x0-0x12d12d
2026-09-14 10:37:30.475 Df PeachCommander[22735:125e6] [com.apple.processmanager:front-35286506] SIGNAL: pid=22735 asn=0x0x-0x12d12d
2026-09-14 10:37:30.475 I  PeachCommander[22735:125e6] [com.apple.appleevents:main] aeGenerateFakeFirstOAPPEventIfNecessary()
2026-09-14 10:37:30.475 I  PeachCommander[22735:125e6] [com.apple.appleevents:main] aeGenerateFakeFirstOAPPEventIfNecessary(), needToCreateFakeOAPPEventIfFirstEvent == true
2026-09-14 10:37:30.475 I  PeachCommander[22735:125e6] [com.apple.launchservices:cas] Removing cached information for app [ 0x0-0x12d12d]  "PeachCommander", as its seed is different from that in shared memory ( 533 vs 535)
2026-09-14 10:37:30.476 I  PeachCommander[22735:125e6] [com.apple.CFPasteboard:entry] CopyData('DefaultAsciiKeyboardLayoutPasteboard' (<CFUUID 0x728e72800> A72536C6-D03C-4AFD-AAEC-8E50DD26FD50) gen: -1 item: 1264739405 flavor: 'DefaultAsciiKeyboardLayoutFlavor')
2026-09-14 10:37:30.476 I  PeachCommander[22735:125e6] [com.apple.CFPasteboard:cache] Rebuilding cache for 'DefaultAsciiKeyboardLayoutPasteboard' (<CFUUID 0x728e72800> A72536C6-D03C-4AFD-AAEC-8E50DD26FD50)
2026-09-14 10:37:30.476 I  PeachCommander[22735:125e6] [com.apple.CFPasteboard:exit] (not-in-cache) - result: -8 generation: 0 null data flags: 0
2026-09-14 10:37:30.476 A  PeachCommander[22735:125e6] (CoreFoundation) Loading Preferences From User CFPrefsD
2026-09-14 10:37:30.476 A  PeachCommander[22735:125e6] (CoreFoundation) Loading Preferences From System CFPrefsD
2026-09-14 10:37:30.476 I  PeachCommander[22735:125e6] [com.apple.CFPasteboard:entry] CopyData('AppleIntlFileCacheModificationDatePasteboard' (<CFUUID 0x728e72720> A5E33F0C-E0FD-458E-B8A4-1BB449D68C8C) gen: -1 item: 1 flavor: '-32766 1768845414')
2026-09-14 10:37:30.476 I  PeachCommander[22735:125e6] [com.apple.CFPasteboard:cache] Rebuilding cache for 'AppleIntlFileCacheModificationDatePasteboard' (<CFUUID 0x728e72720> A5E33F0C-E0FD-458E-B8A4-1BB449D68C8C)
2026-09-14 10:37:30.476 I  PeachCommander[22735:125e6] [com.apple.CFPasteboard:general] Will request data from daemon
2026-09-14 10:37:30.477 I  PeachCommander[22735:125e6] [com.apple.CFPasteboard:exit] (not-in-cache) - result: 0 generation: 1 data (310 bytes) flags: 0
2026-09-14 10:37:30.477 I  PeachCommander[22735:125e6] [com.apple.CFPasteboard:entry] CopyData('AppleIntlFileCacheModificationDatePasteboard' (<CFUUID 0x728e72720> A5E33F0C-E0FD-458E-B8A4-1BB449D68C8C) gen: -1 item: 1 flavor: '-32765 1802264953')
2026-09-14 10:37:30.477 I  PeachCommander[22735:125e6] [com.apple.CFPasteboard:general] Will request data from daemon
2026-09-14 10:37:30.477 I  PeachCommander[22735:125e6] [com.apple.CFPasteboard:exit] (not-in-cache) - result: 0 generation: 1 data (306 bytes) flags: 0
2026-09-14 10:37:30.477 I  PeachCommander[22735:125e6] [com.apple.CFPasteboard:entry] CopyData('AppleIntlFileCacheModificationDatePasteboard' (<CFUUID 0x728e72720> A5E33F0C-E0FD-458E-B8A4-1BB449D68C8C) gen: -1 item: 1 flavor: '-32764 1802264953')
2026-09-14 10:37:30.477 I  PeachCommander[22735:125e6] [com.apple.CFPasteboard:general] Will request data from daemon
2026-09-14 10:37:30.477 I  PeachCommander[22735:125e6] [com.apple.CFPasteboard:exit] (not-in-cache) - result: 0 generation: 1 data (281 bytes) flags: 0
2026-09-14 10:37:30.477 I  PeachCommander[22735:125e6] [com.apple.CFPasteboard:entry] CopyData('AppleIntlFileCacheModificationDatePasteboard' (<CFUUID 0x728e72720> A5E33F0C-E0FD-458E-B8A4-1BB449D68C8C) gen: -1 item: 1 flavor: '-32763 1802264953')
2026-09-14 10:37:30.477 I  PeachCommander[22735:125e6] [com.apple.CFPasteboard:general] Will request data from daemon
2026-09-14 10:37:30.477 I  PeachCommander[22735:125e6] [com.apple.CFPasteboard:exit] (not-in-cache) - result: 0 generation: 1 data (318 bytes) flags: 0
2026-09-14 10:37:30.477 I  PeachCommander[22735:125e6] [com.apple.CFPasteboard:entry] CopyData('AppleIntlFileCacheModificationDatePasteboard' (<CFUUID 0x728e72720> A5E33F0C-E0FD-458E-B8A4-1BB449D68C8C) gen: -1 item: 1 flavor: '-32765 1768845414')
2026-09-14 10:37:30.477 I  PeachCommander[22735:125e6] [com.apple.CFPasteboard:general] Will request data from daemon
2026-09-14 10:37:30.477 I  PeachCommander[22735:125e6] [com.apple.CFPasteboard:exit] (not-in-cache) - result: 0 generation: 1 data (303 bytes) flags: 0
2026-09-14 10:37:30.477 I  PeachCommander[22735:125e6] [com.apple.CFPasteboard:entry] CopyData('AppleIntlFileCacheModificationDatePasteboard' (<CFUUID 0x728e72720> A5E33F0C-E0FD-458E-B8A4-1BB449D68C8C) gen: -1 item: 1 flavor: '-32763 1768845414')
2026-09-14 10:37:30.477 I  PeachCommander[22735:125e6] [com.apple.CFPasteboard:general] Will request data from daemon
2026-09-14 10:37:30.477 I  PeachCommander[22735:125e6] [com.apple.CFPasteboard:exit] (not-in-cache) - result: 0 generation: 1 data (315 bytes) flags: 0
2026-09-14 10:37:30.478 I  PeachCommander[22735:125e6] [com.apple.launchservices:cas] information in shared memory for 0x0-0x12d12d with seed 535 was still valid, so using cached info { "ApplicationType"="Foreground", "BuildMachineOSBuild"="25E246", "BundleIdentifierLowerCase"="com.peachcommander.app", "CFBundleDevelopmentRegion"="en", "CFBundleDocumentTypes"=( { "CFBundleTypeName"="Peach Commander Plugin Package", "CFBundleTypeRole"="Viewer", "LSHandlerRank"="Owner", "LSItemContentTypes"=( "com.peachcommander.plugin-package") }), "CFBundleExecutable"="PeachCommander", "CFBundleExecutablePath"="/Users/admin/pc-test/PeachCommander.app/Contents/MacOS/PeachCommander", "CFBundleExecutablePathDeviceID"=16777225, "CFBundleExecutablePathINode"=488026, "CFBundleHelpBookFolder"="PeachCommander.help", "CFBundleHelpBookName"="Peach Commander Help", "CFBundleIconFile"="AppIcon", "CFBundleIconName"="AppIcon", "CFBundleIdentifier"="com.peachcommander.app", "CFBundleInfoDictionaryVersion"="6.0", "CFBundleName"="PeachCommander", "CFBundleNameLowerCase"="peachcommander", "CFBundleNumericVersion"=402685952, "CFBundlePackageType"="APPL", "CFBundleShortVersionString"="0.9.0", "CFBun<…>
2026-09-14 10:37:30.478 Df PeachCommander[22735:125e6] [com.apple.xpc:connection] [0x728ca9e00] activating connection: mach=false listener=false peer=false name=com.apple.ViewBridgeAuxiliary
2026-09-14 10:37:30.483 Df PeachCommander[22735:125e6] [com.apple.xpc:connection] [0x728ca9cc0] activating connection: mach=false listener=false peer=false name=(anonymous)
2026-09-14 10:37:30.483 Df PeachCommander[22735:125e6] [com.apple.xpc:connection] [0x728ca9f40] activating connection: mach=false listener=true peer=false name=(anonymous)
2026-09-14 10:37:30.483 Df PeachCommander[22735:125e6] [com.apple.xpc:connection] [0x728ca9f40] Connection returned listener port: 0xb903
2026-09-14 10:37:30.483 Df PeachCommander[22735:125e6] [com.apple.xpc:connection] [0x728ca9e00] invalidated after the last release of the connection object
2026-09-14 10:37:30.484 I  PeachCommander[22735:125e6] [com.apple.showhide:pr-59900543] SHOWHIDE: SHOW id=500 0x0-0x12D12D, err=0 eventTime=1531932590416 windowID=0
2026-09-14 10:37:30.484 I  PeachCommander[22735:125e6] [com.apple.CarbonCore:coreservicesdaemon] findOrCreateCacheable():findOrCreateCacheable(), factoryName=3 cacheableName=<private> fCacheables.size()=0
2026-09-14 10:37:30.484 I  PeachCommander[22735:125e6] [com.apple.CarbonCore:coreservicesdaemon] findOrCreateCacheable():findOrCreateCacheable(), result = 0x72936cf80 (should be non-NULL)
2026-09-14 10:37:30.484 Df PeachCommander[22735:125e6] [com.apple.AppKit:AutomaticTermination] void _NSDisableAutomaticTerminationAndLog(NSString *) Restoring windows
2026-09-14 10:37:30.484 Df PeachCommander[22735:125e6] [com.apple.AppKit:StateRestoration] -[NSApplication _reopenWindowsAsNecessaryIncludingRestorableState:withFullFidelity:completionHandler:] shouldRestoreState=1 hasPersistentStateToRestore=0 shouldStillRestoreStateAfterPrompting=0
2026-09-14 10:37:30.484 Df PeachCommander[22735:125e6] [com.apple.xpc:connection] [0x728ca9e00] activating connection: mach=true listener=false peer=false name=com.apple.window_proxies
2026-09-14 10:37:30.484 Df PeachCommander[22735:125e6] [com.apple.xpc:connection] [0x728ca9e00] invalidated because the current process cancelled the connection by calling xpc_connection_cancel()
2026-09-14 10:37:30.484 I  PeachCommander[22735:125e6] [com.apple.SkyLight:processes] 0[outside of RPC]: SLSSetFrontProcessWithInfo(0x0-0x2 window=0 options=0x1
2026-09-14 10:37:30.485 I  PeachCommander[22735:125e6] [com.apple.CoreAnalytics:client] Dropping "com.apple.appkit.app_config" as it isn't used in any transform (not in the config or budgeted?)
2026-09-14 10:37:30.485 Df PeachCommander[22735:125e6] [com.apple.AppKit:AutomaticTermination] void _NSEnableAutomaticTerminationAndLog(NSString *) Restoring windows
2026-09-14 10:37:30.487 I  PeachCommander[22735:125e6] [com.apple.CoreAnalytics:client] Dropping "com.apple.appkit.app_config" as it isn't used in any transform (not in the config or budgeted?)
2026-09-14 10:37:30.487 I  PeachCommander[22735:125e6] [com.apple.CoreAnalytics:client] Dropping "com.apple.appkit.app_config" as it isn't used in any transform (not in the config or budgeted?)
2026-09-14 10:37:30.498 A  PeachCommander[22735:125e6] (CoreFoundation) Loading Preferences From User CFPrefsD
2026-09-14 10:37:30.504 I  PeachCommander[22735:125e6] [com.peachcommander:PCFoundation] VolumeManager initialized
2026-09-14 10:37:30.520 Df PeachCommander[22735:125e6] [com.apple.BoardServices:XPCErrors] [C:1] Alloc <private>
2026-09-14 10:37:30.520 Df PeachCommander[22735:125e6] [com.apple.xpc:connection] [0x728f25180] activating connection: mach=false listener=false peer=false name=(anonymous)
2026-09-14 10:37:30.521 I  PeachCommander[22735:125e6] [com.apple.AppKit:Window] context (0 -> 7e931044) for window 4a9
2026-09-14 10:37:30.522 Df PeachCommander[22735:125f1] [com.apple.corespotlight:index] (<private>) deleteSearchableItemsWithDomainIdentifiers, protectionClass:(null), domainIdentifiers number:1
2026-09-14 10:37:30.522 A  PeachCommander[22735:125f1] (CoreSpotlight) delete-domains
2026-09-14 10:37:30.522 Df PeachCommander[22735:125ed] [com.apple.corespotlight:index] CSInlineDonation:<private>: Skipping donation (feature flag disabled)
2026-09-14 10:37:30.522 Df PeachCommander[22735:125ed] (CoreSpotlight) sConnectionName: com.apple.spotlight.IndexAgent
2026-09-14 10:37:30.522 Df PeachCommander[22735:125ed] (CoreSpotlight) Start service name com.apple.spotlight.IndexAgent
2026-09-14 10:37:30.522 I  PeachCommander[22735:125e6] [com.peachcommander:PCFoundation] MainWindowController initialized (config: <private>)
2026-09-14 10:37:30.522 Df PeachCommander[22735:125ed] [com.apple.xpc:connection] [0x728f25400] activating connection: mach=true listener=false peer=false name=com.apple.spotlight.IndexAgent
2026-09-14 10:37:30.523 I  PeachCommander[22735:125e6] [com.peachcommander:PCFoundation] SelectionState initialized
2026-09-14 10:37:30.523 I  PeachCommander[22735:125e6] [com.peachcommander:PCFoundation] DirectoryModel initialized
2026-09-14 10:37:30.523 I  PeachCommander[22735:125e6] [com.peachcommander:PCFoundation] VolumeManager initialized
2026-09-14 10:37:30.523 I  PeachCommander[22735:125e6] [com.peachcommander:PCFoundation] PanelController initialized for <private> panel
2026-09-14 10:37:30.523 I  PeachCommander[22735:125e6] [com.peachcommander:PCFoundation] SelectionState initialized
2026-09-14 10:37:30.523 I  PeachCommander[22735:125e6] [com.peachcommander:PCFoundation] DirectoryModel initialized
2026-09-14 10:37:30.523 I  PeachCommander[22735:125e6] [com.peachcommander:PCFoundation] VolumeManager initialized
2026-09-14 10:37:30.523 I  PeachCommander[22735:125e6] [com.peachcommander:PCFoundation] PanelController initialized for <private> panel
2026-09-14 10:37:30.526 I  PeachCommander[22735:125e6] [com.apple.AppKit:Animation] Running new animation: <private>
2026-09-14 10:37:30.526 I  PeachCommander[22735:125e6] [com.apple.AppKit:Animation] Running new animation: <private>
2026-09-14 10:37:30.526 I  PeachCommander[22735:125e6] [com.apple.AppKit:Animation] Running new animation: <private>
2026-09-14 10:37:30.526 I  PeachCommander[22735:125e6] [com.apple.AppKit:Animation] Running new animation: <private>
2026-09-14 10:37:30.526 I  PeachCommander[22735:125e6] [com.apple.AppKit:Animation] Running new animation: <private>
2026-09-14 10:37:30.528 I  PeachCommander[22735:125e6] [com.apple.AppKit:Animation] Running new animation: <private>
2026-09-14 10:37:30.528 I  PeachCommander[22735:125e6] [com.apple.AppKit:Animation] Running new animation: <private>
2026-09-14 10:37:30.528 I  PeachCommander[22735:125e6] [com.apple.AppKit:Animation] Running new animation: <private>
2026-09-14 10:37:30.528 I  PeachCommander[22735:125e6] [com.apple.AppKit:Animation] Running new animation: <private>
2026-09-14 10:37:30.528 I  PeachCommander[22735:125e6] [com.apple.AppKit:Animation] Running new animation: <private>
2026-09-14 10:37:30.531 A  PeachCommander[22735:125ed] (RunningBoardServices) didChangeInheritances
2026-09-14 10:37:30.534 I  PeachCommander[22735:125e6] [com.apple.CoreAnalytics:client] Dropping "com.apple.appkit.app_config" as it isn't used in any transform (not in the config or budgeted?)
2026-09-14 10:37:30.536 I  PeachCommander[22735:125e6] [com.apple.CoreAnalytics:client] Dropping "com.apple.appkit.app_config" as it isn't used in any transform (not in the config or budgeted?)
2026-09-14 10:37:30.539 I  PeachCommander[22735:125e6] [com.apple.launchservices:datasep] application record search init. Node: <FSNode 0x7296bebe0> { isDir = ?, path = <private> } bundleID: (null) itemID: 0
2026-09-14 10:37:30.541 I  PeachCommander[22735:125e6] [com.apple.GenerativeModels:availability] Current availability state: unavailable, use cases: com.apple.Settings.AppleIntelligence,com.apple.Siri.NLRouter, language: en, api: <private>
2026-09-14 10:37:30.541 Df PeachCommander[22735:125e6] [com.apple.GenerativeModels:availability] isOkayToHaveAsset: False
2026-09-14 10:37:30.541 E  PeachCommander[22735:125e6] [com.apple.siri:Utility] AFIsDeviceGreymatterEligible Missing entitlements for os_eligibility lookup
2026-09-14 10:37:30.541 I  PeachCommander[22735:125e6] [com.apple.GenerativeModels:availability] Current availability state: unavailable, use cases: com.apple.Settings.AppleIntelligence, language: en, api: <private>
2026-09-14 10:37:30.541 Df PeachCommander[22735:125e6] [com.apple.GenerativeModels:availability] isOkayToHaveAsset: False
2026-09-14 10:37:30.541 Df PeachCommander[22735:125e6] [com.apple.siri:Utility] -[AFSystemAssistantExperienceStatusManager fetchGenerativeModelsAvailability] #SAEStatus #cacheUpdate Updating cache:
deviceSupportsSAE: 0 (0)
       saeEnabled: 0 (0)
     saeAvailable: 0 (0)
      swaiEnabled: 0 (0)
        viEnabled: 0 (0)
        siriAvailability:
        <private>
        ((null))
2026-09-14 10:37:30.541 Df PeachCommander[22735:125e6] [com.apple.xpc:connection] [0x7284d4140] activating connection: mach=true listener=false peer=false name=com.apple.iconservices
2026-09-14 10:37:30.541 Df PeachCommander[22735:125e6] [com.apple.xpc:connection] [0x7284d4280] activating connection: mach=true listener=false peer=false name=com.apple.iconservices.store
2026-09-14 10:37:30.546 I  PeachCommander[22735:125e6] [com.peachcommander:Theme] no user themes in /Users/admin/pc-cfg/themes
2026-09-14 10:37:30.546 Df PeachCommander[22735:125e6] [com.apple.AppKit:Appearance] Invalidate NSApp effectiveAppearance
2026-09-14 10:37:30.546 Df PeachCommander[22735:125e6] [com.apple.AppKit:Appearance] NSApp cache appearance:
-NSRequiresAquaSystemAppearance: 0
-appearance: <NSCompositeAppearance: 0x7290259a0
 (
    "<NSDarkAquaAppearance: 0x729025a40>",
    "<NSSystemAppearance: 0x7290246e0>"
)>
-effectiveAppearance: <NSCompositeAppearance: 0x7290259a0
 (
    "<NSDarkAquaAppearance: 0x729025a40>",
    "<NSSystemAppearance: 0x7290246e0>"
)>
2026-09-14 10:37:30.547 A  PeachCommander[22735:125f1] (libsystem_info.dylib) Retrieve Group by ID
2026-09-14 10:37:30.548 I  PeachCommander[22735:125e6] [com.peachcommander:PCFoundation] Theme applied: id=norton, appearance=dark, dark=true, background=#0000AA
2026-09-14 10:37:30.572 I  PeachCommander[22735:125e6] [com.apple.iconservices:foundation] layer data size zero
2026-09-14 10:37:30.573 I  PeachCommander[22735:125e6] [com.apple.CoreAnalytics:client] Dropping "com.apple.appkit.app_config" as it isn't used in any transform (not in the config or budgeted?)
2026-09-14 10:37:30.576 I  PeachCommander[22735:125e6] [com.peachcommander:PCFoundation] Keymap loaded: scheme=<private>, 82 effective bindings
2026-09-14 10:37:30.577 I  PeachCommander[22735:125e6] [com.apple.AppKit:Animation] Running new animation: <private>
2026-09-14 10:37:30.577 I  PeachCommander[22735:125e6] [com.apple.AppKit:Animation] Running new animation: <private>
2026-09-14 10:37:30.577 I  PeachCommander[22735:125e6] [com.apple.AppKit:Animation] Running new animation: <private>
2026-09-14 10:37:30.577 I  PeachCommander[22735:125e6] [com.apple.AppKit:Animation] Running new animation: <private>
2026-09-14 10:37:30.577 I  PeachCommander[22735:125e6] [com.apple.AppKit:Animation] Running new animation: <private>
2026-09-14 10:37:30.577 I  PeachCommander[22735:125e6] [com.apple.AppKit:Animation] Running new animation: <private>
2026-09-14 10:37:30.577 I  PeachCommander[22735:125e6] [com.apple.AppKit:Animation] Running new animation: <private>
2026-09-14 10:37:30.577 I  PeachCommander[22735:125e6] [com.apple.AppKit:Animation] Running new animation: <private>
2026-09-14 10:37:30.577 I  PeachCommander[22735:125e6] [com.apple.AppKit:Animation] Running new animation: <private>
2026-09-14 10:37:30.577 I  PeachCommander[22735:125e6] [com.apple.AppKit:Animation] Running new animation: <private>
2026-09-14 10:37:30.581 I  PeachCommander[22735:125e6] [com.apple.CoreAnalytics:client] Dropping "<private>" as it isn't used in any transform (not in the config or budgeted?)
2026-09-14 10:37:30.581 I  PeachCommander[22735:125e6] [com.apple.CoreAnalytics:client] Dropping "<private>" as it isn't used in any transform (not in the config or budgeted?)
2026-09-14 10:37:30.581 I  PeachCommander[22735:125e6] [com.apple.CoreAnalytics:client] Dropping "<private>" as it isn't used in any transform (not in the config or budgeted?)
2026-09-14 10:37:30.582 I  PeachCommander[22735:125e6] [com.peachcommander:PCFoundation] MainWindowController window loaded
2026-09-14 10:37:30.582 I  PeachCommander[22735:125e6] [com.apple.launchservices:cas] information in shared memory for 0x0-0x12d12d with seed 535 was still valid, so using cached info { "ApplicationType"="Foreground", "BuildMachineOSBuild"="25E246", "BundleIdentifierLowerCase"="com.peachcommander.app", "CFBundleDevelopmentRegion"="en", "CFBundleDocumentTypes"=( { "CFBundleTypeName"="Peach Commander Plugin Package", "CFBundleTypeRole"="Viewer", "LSHandlerRank"="Owner", "LSItemContentTypes"=( "com.peachcommander.plugin-package") }), "CFBundleExecutable"="PeachCommander", "CFBundleExecutablePath"="/Users/admin/pc-test/PeachCommander.app/Contents/MacOS/PeachCommander", "CFBundleExecutablePathDeviceID"=16777225, "CFBundleExecutablePathINode"=488026, "CFBundleHelpBookFolder"="PeachCommander.help", "CFBundleHelpBookName"="Peach Commander Help", "CFBundleIconFile"="AppIcon", "CFBundleIconName"="AppIcon", "CFBundleIdentifier"="com.peachcommander.app", "CFBundleInfoDictionaryVersion"="6.0", "CFBundleName"="PeachCommander", "CFBundleNameLowerCase"="peachcommander", "CFBundleNumericVersion"=402685952, "CFBundlePackageType"="APPL", "CFBundleShortVersionString"="0.9.0", "CFBun<…>
2026-09-14 10:37:30.582 I  PeachCommander[22735:125e6] [com.apple.launchservices:cas] information in shared memory for 0x0-0x12d12d with seed 535 was still valid, so using cached info { "ApplicationType"="Foreground", "BuildMachineOSBuild"="25E246", "BundleIdentifierLowerCase"="com.peachcommander.app", "CFBundleDevelopmentRegion"="en", "CFBundleDocumentTypes"=( { "CFBundleTypeName"="Peach Commander Plugin Package", "CFBundleTypeRole"="Viewer", "LSHandlerRank"="Owner", "LSItemContentTypes"=( "com.peachcommander.plugin-package") }), "CFBundleExecutable"="PeachCommander", "CFBundleExecutablePath"="/Users/admin/pc-test/PeachCommander.app/Contents/MacOS/PeachCommander", "CFBundleExecutablePathDeviceID"=16777225, "CFBundleExecutablePathINode"=488026, "CFBundleHelpBookFolder"="PeachCommander.help", "CFBundleHelpBookName"="Peach Commander Help", "CFBundleIconFile"="AppIcon", "CFBundleIconName"="AppIcon", "CFBundleIdentifier"="com.peachcommander.app", "CFBundleInfoDictionaryVersion"="6.0", "CFBundleName"="PeachCommander", "CFBundleNameLowerCase"="peachcommander", "CFBundleNumericVersion"=402685952, "CFBundlePackageType"="APPL", "CFBundleShortVersionString"="0.9.0", "CFBun<…>
2026-09-14 10:37:30.590 I  PeachCommander[22735:125e6] [com.apple.AppKit:Window] order window front conditionally: 4a9 related: 0
2026-09-14 10:37:30.590 Df PeachCommander[22735:125e6] [com.apple.AppKit:AutomaticTermination] void _NSEnableAutomaticTerminationAndLog(NSString *) No windows open yet
2026-09-14 10:37:30.590 I  PeachCommander[22735:125e6] [com.apple.AppKit:Intelligence] starting collection observation
2026-09-14 10:37:30.590 Df PeachCommander[22735:125f1] [com.apple.UIIntelligenceSupport:xpc] establishing connection to agent
2026-09-14 10:37:30.590 Df PeachCommander[22735:125f1] [com.apple.xpc:session] [0x7287515e0] Session created.
2026-09-14 10:37:30.590 Df PeachCommander[22735:125f1] [com.apple.xpc:session] [0x7287515e0] Session created from connection [0x7284d6440]
2026-09-14 10:37:30.590 Df PeachCommander[22735:125f1] [com.apple.xpc:connection] [0x7284d6440] activating connection: mach=true listener=false peer=false name=com.apple.uiintelligencesupport.agent
2026-09-14 10:37:30.590 Df PeachCommander[22735:125f1] [com.apple.xpc:session] [0x7287515e0] Session activated
2026-09-14 10:37:30.590 I  PeachCommander[22735:125e6] [com.apple.SkyLight:processes] 0[outside of RPC]: SLSSetFrontProcessWithInfo(0x0-0x2 window=0 options=0x1
2026-09-14 10:37:30.591 Df PeachCommander[22735:125ec] [com.apple.UIIntelligenceSupport:xpc] Connection established with agent PID: 1217
2026-09-14 10:37:30.591 I  PeachCommander[22735:125e6] [com.apple.launchservices:cas] information in shared memory for 0x0-0x12d12d with seed 535 was still valid, so using cached info { "ApplicationType"="Foreground", "BuildMachineOSBuild"="25E246", "BundleIdentifierLowerCase"="com.peachcommander.app", "CFBundleDevelopmentRegion"="en", "CFBundleDocumentTypes"=( { "CFBundleTypeName"="Peach Commander Plugin Package", "CFBundleTypeRole"="Viewer", "LSHandlerRank"="Owner", "LSItemContentTypes"=( "com.peachcommander.plugin-package") }), "CFBundleExecutable"="PeachCommander", "CFBundleExecutablePath"="/Users/admin/pc-test/PeachCommander.app/Contents/MacOS/PeachCommander", "CFBundleExecutablePathDeviceID"=16777225, "CFBundleExecutablePathINode"=488026, "CFBundleHelpBookFolder"="PeachCommander.help", "CFBundleHelpBookName"="Peach Commander Help", "CFBundleIconFile"="AppIcon", "CFBundleIconName"="AppIcon", "CFBundleIdentifier"="com.peachcommander.app", "CFBundleInfoDictionaryVersion"="6.0", "CFBundleName"="PeachCommander", "CFBundleNameLowerCase"="peachcommander", "CFBundleNumericVersion"=402685952, "CFBundlePackageType"="APPL", "CFBundleShortVersionString"="0.9.0", "CFBun<…>
2026-09-14 10:37:30.591 Df PeachCommander[22735:125e6] [com.apple.xpc:connection] [0x7284d6580] activating connection: mach=true listener=false peer=false name=com.apple.FileCoordination
2026-09-14 10:37:30.591 Df PeachCommander[22735:125ec] [com.apple.foundation.filecoordination:presenter] Adding presenter 429331E5-DDCB-4F6D-8002-6B26BE4E4842 for URL: <private>
2026-09-14 10:37:30.591 I  PeachCommander[22735:125e6] [com.apple.launchservices:cas] information in shared memory for 0x0-0x12d12d with seed 535 was still valid, so using cached info { "ApplicationType"="Foreground", "BuildMachineOSBuild"="25E246", "BundleIdentifierLowerCase"="com.peachcommander.app", "CFBundleDevelopmentRegion"="en", "CFBundleDocumentTypes"=( { "CFBundleTypeName"="Peach Commander Plugin Package", "CFBundleTypeRole"="Viewer", "LSHandlerRank"="Owner", "LSItemContentTypes"=( "com.peachcommander.plugin-package") }), "CFBundleExecutable"="PeachCommander", "CFBundleExecutablePath"="/Users/admin/pc-test/PeachCommander.app/Contents/MacOS/PeachCommander", "CFBundleExecutablePathDeviceID"=16777225, "CFBundleExecutablePathINode"=488026, "CFBundleHelpBookFolder"="PeachCommander.help", "CFBundleHelpBookName"="Peach Commander Help", "CFBundleIconFile"="AppIcon", "CFBundleIconName"="AppIcon", "CFBundleIdentifier"="com.peachcommander.app", "CFBundleInfoDictionaryVersion"="6.0", "CFBundleName"="PeachCommander", "CFBundleNameLowerCase"="peachcommander", "CFBundleNumericVersion"=402685952, "CFBundlePackageType"="APPL", "CFBundleShortVersionString"="0.9.0", "CFBun<…>
2026-09-14 10:37:30.594 I  PeachCommander[22735:125e6] [com.apple.AppKit:Window] order all windows front 1531932590416
2026-09-14 10:37:30.594 I  PeachCommander[22735:125e6] [com.apple.launchservices:cas] information in shared memory for 0x0-0x12d12d with seed 535 was still valid, so using cached info { "ApplicationType"="Foreground", "BuildMachineOSBuild"="25E246", "BundleIdentifierLowerCase"="com.peachcommander.app", "CFBundleDevelopmentRegion"="en", "CFBundleDocumentTypes"=( { "CFBundleTypeName"="Peach Commander Plugin Package", "CFBundleTypeRole"="Viewer", "LSHandlerRank"="Owner", "LSItemContentTypes"=( "com.peachcommander.plugin-package") }), "CFBundleExecutable"="PeachCommander", "CFBundleExecutablePath"="/Users/admin/pc-test/PeachCommander.app/Contents/MacOS/PeachCommander", "CFBundleExecutablePathDeviceID"=16777225, "CFBundleExecutablePathINode"=488026, "CFBundleHelpBookFolder"="PeachCommander.help", "CFBundleHelpBookName"="Peach Commander Help", "CFBundleIconFile"="AppIcon", "CFBundleIconName"="AppIcon", "CFBundleIdentifier"="com.peachcommander.app", "CFBundleInfoDictionaryVersion"="6.0", "CFBundleName"="PeachCommander", "CFBundleNameLowerCase"="peachcommander", "CFBundleNumericVersion"=402685952, "CFBundlePackageType"="APPL", "CFBundleShortVersionString"="0.9.0", "CFBun<…>
2026-09-14 10:37:30.594 I  PeachCommander[22735:125e6] [com.apple.showhide:pr-59900543] SHOWHIDE: CONFIRM, id=500, err=0
2026-09-14 10:37:30.594 I  PeachCommander[22735:125e6] [com.apple.AppKit:Window] context (0 -> 5c6797b1) for window 4a8
2026-09-14 10:37:30.594 I  PeachCommander[22735:125e6] [com.apple.AppKit:Window] context (0 -> 84310991) for window 4a7
2026-09-14 10:37:30.594 I  PeachCommander[22735:125e6] [com.apple.AppKit:Window] context (0 -> d4e86a8a) for window 4a6
2026-09-14 10:37:30.594 I  PeachCommander[22735:125e6] [com.apple.AppKit:Window] context (0 -> 3e2dabda) for window 4a5
2026-09-14 10:37:30.610 I  PeachCommander[22735:125e6] [com.apple.iconservices:foundation] layer data size zero
2026-09-14 10:37:30.619 Df PeachCommander[22735:125e6] [com.apple.AppKit:AutomaticTermination] void _updateToReflectAutomaticTerminationState(void) Setting _kLSApplicationWouldBeTerminatedByTALKey=0
2026-09-14 10:37:30.620 I  PeachCommander[22735:125e6] [com.apple.runningboard:assertion] Acquiring assertion: <RBSAssertionDescriptor| "AppNap adapter assertion" ID:(null) target:22735>
2026-09-14 10:37:30.654 A  PeachCommander[22735:125f1] (RunningBoardServices) didChangeInheritances
2026-09-14 10:37:30.675 Df PeachCommander[22735:125e6] [com.apple.libsystem.libdispatch:] DEPRECATED USE in libdispatch client: dispatch source activated with no event handler set; set a breakpoint on _dispatch_bug_deprecated to debug
2026-09-14 10:37:30.767 I  PeachCommander[22735:125e6] [com.apple.coreanimation:Utilities] IOSurface Compression Enabled: NO
2026-09-14 10:37:30.768 Df PeachCommander[22735:125f1] [com.apple.coreanimation:Metal] Precompiled pipelines disabled on unsupported hardware.
2026-09-14 10:37:30.779 I  PeachCommander[22735:125e6] [com.apple.CarbonCore:gestalt] SetGestaltValuesBulk SetGestaltValuesBulk( count=22 tuples=0x18dafe650
2026-09-14 10:37:30.779 I  PeachCommander[22735:125e6] [com.apple.CarbonCore:gestalt] SetGestaltValue SetGestaltValue(alis 1C9) => 0
2026-09-14 10:37:30.779 I  PeachCommander[22735:125e6] [com.apple.CarbonCore:gestalt] SetGestaltValue SetGestaltValue(os   FE) => 0
2026-09-14 10:37:30.779 I  PeachCommander[22735:125e6] [com.apple.CarbonCore:gestalt] SetGestaltValue SetGestaltValue(addr 7) => 0
2026-09-14 10:37:30.779 I  PeachCommander[22735:125e6] [com.apple.CarbonCore:gestalt] SetGestaltValue SetGestaltValue(fs   3D332) => 0
2026-09-14 10:37:30.779 I  PeachCommander[22735:125e6] [com.apple.CarbonCore:gestalt] SetGestaltValue SetGestaltValue(fold 11) => 0
2026-09-14 10:37:30.779 I  PeachCommander[22735:125e6] [com.apple.CarbonCore:gestalt] SetGestaltValue SetGestaltValue(lram 7FFFF000) => 0
2026-09-14 10:37:30.779 I  PeachCommander[22735:125e6] [com.apple.CarbonCore:gestalt] SetGestaltValue SetGestaltValue(mmap 1) => 0
2026-09-14 10:37:30.779 I  PeachCommander[22735:125e6] [com.apple.CarbonCore:gestalt] SetGestaltValue SetGestaltValue(cfrg 1) => 0
2026-09-14 10:37:30.779 I  PeachCommander[22735:125e6] [com.apple.CarbonCore:gestalt] SetGestaltValue SetGestaltValue(thds 7) => 0
2026-09-14 10:37:30.779 I  PeachCommander[22735:125e6] [com.apple.CarbonCore:gestalt] SetGestaltValue SetGestaltValue(tmgr E) => 0
2026-09-14 10:37:30.779 I  PeachCommander[22735:125e6] [com.apple.CarbonCore:gestalt] SetGestaltValue SetGestaltValue(vers 7) => 0
2026-09-14 10:37:30.779 I  PeachCommander[22735:125e6] [com.apple.CarbonCore:gestalt] SetGestaltValue SetGestaltValue(cbon 160) => 0
2026-09-14 10:37:30.779 I  PeachCommander[22735:125e6] [com.apple.CarbonCore:gestalt] SetGestaltValue SetGestaltValue(cltn 1108000) => 0
2026-09-14 10:37:30.779 I  PeachCommander[22735:125e6] [com.apple.CarbonCore:gestalt] SetGestaltValue SetGestaltValue(cpnt 8) => 0
2026-09-14 10:37:30.779 I  PeachCommander[22735:125e6] [com.apple.CarbonCore:gestalt] SetGestaltValue SetGestaltValue(rsrc 3) => 0
2026-09-14 10:37:30.779 I  PeachCommander[22735:125e6] [com.apple.CarbonCore:gestalt] SetGestaltValue SetGestaltValue(rmbg 11F) => 0
2026-09-14 10:37:30.779 I  PeachCommander[22735:125e6] [com.apple.CarbonCore:gestalt] SetGestaltValue SetGestaltValue(vm   11) => 0
2026-09-14 10:37:30.779 I  PeachCommander[22735:125e6] [com.apple.CarbonCore:gestalt] SetGestaltValue SetGestaltValue(srad 4170706C) => 0
2026-09-14 10:37:30.779 I  PeachCommander[22735:125e6] [com.apple.CarbonCore:gestalt] SetGestaltValue SetGestaltValue(sysa 14) => 0
2026-09-14 10:37:30.779 I  PeachCommander[22735:125e6] [com.apple.CarbonCore:gestalt] SetGestaltValue SetGestaltValue(copl 9) => 0
2026-09-14 10:37:30.779 I  PeachCommander[22735:125e6] [com.apple.CarbonCore:gestalt] SetGestaltValue SetGestaltValue(xlat 0) => 0
2026-09-14 10:37:30.779 I  PeachCommander[22735:125e6] [com.apple.CarbonCore:gestalt] SetGestaltValue SetGestaltValue(stdf 0) => 0
2026-09-14 10:37:30.779 I  PeachCommander[22735:125e6] [com.apple.CarbonCore:gestalt] _NewGestalt _NewGestalt(ram  0x18da77644) => 0
2026-09-14 10:37:30.779 I  PeachCommander[22735:125e6] [com.apple.CarbonCore:gestalt] _NewGestalt _NewGestalt(ramm 0x18da77644) => 0
2026-09-14 10:37:30.779 I  PeachCommander[22735:125e6] [com.apple.CarbonCore:gestalt] _NewGestalt _NewGestalt(cput 0x18da77734) => 0
2026-09-14 10:37:30.779 I  PeachCommander[22735:125e6] [com.apple.CarbonCore:gestalt] _NewGestalt _NewGestalt(cpuf 0x18da77764) => 0
2026-09-14 10:37:30.779 I  PeachCommander[22735:125e6] [com.apple.CarbonCore:gestalt] _NewGestalt _NewGestalt(bclk 0x18da77794) => 0
2026-09-14 10:37:30.779 I  PeachCommander[22735:125e6] [com.apple.CarbonCore:gestalt] _NewGestalt _NewGestalt(bclm 0x18da77794) => 0
2026-09-14 10:37:30.779 I  PeachCommander[22735:125e6] [com.apple.CarbonCore:gestalt] _NewGestalt _NewGestalt(pclk 0x18da77834) => 0
2026-09-14 10:37:30.779 I  PeachCommander[22735:125e6] [com.apple.CarbonCore:gestalt] _NewGestalt _NewGestalt(mclk 0x18da77834) => 0
2026-09-14 10:37:30.779 I  PeachCommander[22735:125e6] [com.apple.CarbonCore:gestalt] _NewGestalt _NewGestalt(a/ux 0x18da7794c) => 0
2026-09-14 10:37:30.779 I  PeachCommander[22735:125e6] [com.apple.CarbonCore:gestalt] _NewGestalt _NewGestalt(pgsz 0x18da77954) => 0
2026-09-14 10:37:30.779 I  PeachCommander[22735:125e6] [com.apple.CarbonCore:gestalt] _NewGestalt _NewGestalt(csiz 0x18da77994) => 0
2026-09-14 10:37:30.779 I  PeachCommander[22735:125e6] [com.apple.CarbonCore:gestalt] _NewGestalt _NewGestalt(sysv 0x18da22dfc) => 0
2026-09-14 10:37:30.779 I  PeachCommander[22735:125e6] [com.apple.CarbonCore:gestalt] _NewGestalt _NewGestalt(sys1 0x18da22dfc) => 0
2026-09-14 10:37:30.779 I  PeachCommander[22735:125e6] [com.apple.CarbonCore:gestalt] _NewGestalt _NewGestalt(sys2 0x18da22dfc) => 0
2026-09-14 10:37:30.779 I  PeachCommander[22735:125e6] [com.apple.CarbonCore:gestalt] _NewGestalt _NewGestalt(sys3 0x18da22dfc) => 0
2026-09-14 10:37:30.779 I  PeachCommander[22735:125e6] [com.apple.CarbonCore:gestalt] _NewGestalt _NewGestalt(cdfl 0x18da779d4) => 0
2026-09-14 10:37:30.779 I  PeachCommander[22735:125e6] [com.apple.CarbonCore:gestalt] _NewGestalt _NewGestalt(cdrm 0x18da77c30) => 0
2026-09-14 10:37:30.779 I  PeachCommander[22735:125e6] [com.apple.CarbonCore:gestalt] _NewGestalt _NewGestalt(cpus 0x18da77c78) => 0
2026-09-14 10:37:30.779 I  PeachCommander[22735:125e6] [com.apple.CarbonCore:gestalt] SetGestaltValue SetGestaltValue(swex 1) => 0
2026-09-14 10:37:30.780 Df PeachCommander[22735:125e6] [com.apple.xpc:connection] [0x7284d7980] activating connection: mach=false listener=false peer=false name=com.apple.hiservices-xpcservice
2026-09-14 10:37:30.780 I  PeachCommander[22735:125e6] [com.apple.CFPasteboard:entry] CopyData('ApplePerContextInputPasteboard' (<CFUUID 0x728460ce0> C37EF46A-7EB6-4FFE-A1A7-68DA26D8CD90) gen: -1 item: 1264739405 flavor: 'ApplePerContextInputFlavor')
2026-09-14 10:37:30.780 I  PeachCommander[22735:125e6] [com.apple.CFPasteboard:cache] Rebuilding cache for 'ApplePerContextInputPasteboard' (<CFUUID 0x728460ce0> C37EF46A-7EB6-4FFE-A1A7-68DA26D8CD90)
2026-09-14 10:37:30.780 I  PeachCommander[22735:125e6] [com.apple.CFPasteboard:general] Will request data from daemon
2026-09-14 10:37:30.781 I  PeachCommander[22735:125e6] [com.apple.CFPasteboard:exit] (not-in-cache) - result: 0 generation: 1 data (182 bytes) flags: 0
2026-09-14 10:37:30.781 I  PeachCommander[22735:125e6] [com.apple.CFPasteboard:entry] CopyData('DefaultAsciiKeyboardLayoutPasteboard' (<CFUUID 0x728e72800> A72536C6-D03C-4AFD-AAEC-8E50DD26FD50) gen: -1 item: 1264739405 flavor: 'DefaultAsciiKeyboardLayoutFlavor')
2026-09-14 10:37:30.781 I  PeachCommander[22735:125e6] [com.apple.CFPasteboard:exit] (not-in-cache) - result: -8 generation: 0 null data flags: 0
2026-09-14 10:37:30.782 I  PeachCommander[22735:125e6] [com.apple.AppKit:Window] context (0 -> 1971c94d) for window 4aa
2026-09-14 10:37:30.783 Df PeachCommander[22735:125e6] [com.apple.inputmethodkitClient:Client] +[IMKClient subclass]: chose IMKClient_Modern
2026-09-14 10:37:30.783 Df PeachCommander[22735:125e6] [com.apple.BoardServices:XPCErrors] [C:2] Alloc com.apple.backboard.hid-services.xpc
2026-09-14 10:37:30.783 Df PeachCommander[22735:125e6] [com.apple.xpc:connection] [0x7284d7ac0] activating connection: mach=false listener=false peer=false name=(anonymous)
2026-09-14 10:37:30.783 E  PeachCommander[22735:125f1] [com.apple.BaseBoard:Common] Unable to obtain a task name port right for pid 169: (os/kern) failure (0x5)
2026-09-14 10:37:30.783 Df PeachCommander[22735:125f1] [com.apple.xpc:connection] [0x7284d6940] activating connection: mach=false listener=false peer=false name=com.apple.TextInputUI.xpc.CursorUIViewService
2026-09-14 10:37:30.783 Df PeachCommander[22735:125f0] [com.apple.xpc:connection] [0x7284d6940] invalidated after the last release of the connection object
2026-09-14 10:37:30.784 I  PeachCommander[22735:125e6] [com.apple.CFPasteboard:entry] CopyData('DefaultAsciiKeyboardLayoutPasteboard' (<CFUUID 0x728e72800> A72536C6-D03C-4AFD-AAEC-8E50DD26FD50) gen: -1 item: 1264739405 flavor: 'DefaultAsciiKeyboardLayoutFlavor')
2026-09-14 10:37:30.784 I  PeachCommander[22735:125e6] [com.apple.CFPasteboard:exit] (not-in-cache) - result: -8 generation: 0 null data flags: 0
2026-09-14 10:37:30.784 Df PeachCommander[22735:125e6] [com.apple.xpc:connection] [0x7284d66c0] activating connection: mach=false listener=false peer=false name=(anonymous)
2026-09-14 10:37:30.784 Df PeachCommander[22735:125e6] [com.apple.xpc:connection] [0x7284d6940] activating connection: mach=false listener=false peer=false name=com.apple.ViewBridgeAuxiliary
2026-09-14 10:37:30.784 Df PeachCommander[22735:125e6] [com.apple.xpc:connection] [0x7284d61c0] activating connection: mach=false listener=false peer=false name=(anonymous)
2026-09-14 10:37:30.784 Df PeachCommander[22735:125e6] [com.apple.xpc:connection] [0x7284d6940] invalidated after the last release of the connection object
2026-09-14 10:37:30.798 Df PeachCommander[22735:125e6] [com.apple.TextInputUI:CursorUI] -[TUINSCursorUIController activate:]_block_invoke: Create CursorUIViewService: TUINSRemoteViewController
2026-09-14 10:37:30.799 I  PeachCommander[22735:125e6] [com.apple.AppKit:Window] window <TUINSWindow: 0x729a42300> windowNumber=4aa finishing close
2026-09-14 10:37:30.799 I  PeachCommander[22735:125e6] [com.apple.AppKit:Window] order window: 4aa op: 0 relative: 0 related: 0
2026-09-14 10:37:30.806 A  PeachCommander[22735:125f1] (CoreFoundation) Loading Preferences From System CFPrefsD
2026-09-14 10:37:30.886 I  PeachCommander[22735:125e6] [com.apple.iconservices:foundation] layer data size zero
2026-09-14 10:37:30.887 A  PeachCommander[22735:125e6] (CoreFoundation) Loading Preferences From User CFPrefsD
2026-09-14 10:37:30.887 I  PeachCommander[22735:125e6] [com.apple.CoreAnalytics:client] Dropping "com.apple.ImageIO.readerSelection" as it isn't used in any transform (not in the config or budgeted?)
2026-09-14 10:37:30.904 I  PeachCommander[22735:125e6] [com.apple.CoreAnalytics:client] Dropping "com.apple.appkit.app_config" as it isn't used in any transform (not in the config or budgeted?)
2026-09-14 10:37:30.904 I  PeachCommander[22735:125e6] [com.apple.SafariPlatformSupport:SafariPlatformSupport] -[SFSafariPlatformSupport credentialSelected:] with nil credential
2026-09-14 10:37:30.904 I  PeachCommander[22735:125e6] [com.apple.SafariPlatformSupport:SafariPlatformSupport] -[SFSafariPlatformSupport oneTimeCodeSelected:] with nil code
2026-09-14 10:37:30.904 Df PeachCommander[22735:125f6] [com.apple.xpc:connection] [0x7284d6940] activating connection: mach=false listener=false peer=false name=com.apple.SafariPlatformSupport.Helper
2026-09-14 10:37:30.910 Df PeachCommander[22735:125e6] [com.apple.BoardServices:XPCErrors] [C:3] Alloc com.apple.backboard.hid-services.xpc
2026-09-14 10:37:30.910 Df PeachCommander[22735:125e6] [com.apple.xpc:connection] [0x7284d5cc0] activating connection: mach=false listener=false peer=false name=(anonymous)
2026-09-14 10:37:30.910 Df PeachCommander[22735:1267d] [com.apple.BackBoard:EventDelivery] BKSHIDEventDeliveryManager - connection activation
2026-09-14 10:37:30.911 I  PeachCommander[22735:125e6] [com.peachcommander:PCFoundation] Session restored
2026-09-14 10:37:30.911 Df PeachCommander[22735:125e6] (Foundation) <private>
2026-09-14 10:37:30.911 I  PeachCommander[22735:125e6] [com.peachcommander:PCFoundation] [automation] running /Users/admin/auto.txt
2026-09-14 10:37:30.911 Df PeachCommander[22735:125e6] (Foundation) <private>
2026-09-14 10:37:30.911 I  PeachCommander[22735:125e6] [com.peachcommander:PCFoundation] [automation] > active left
2026-09-14 10:37:30.911 Df PeachCommander[22735:125e6] (Foundation) <private>
2026-09-14 10:37:30.911 I  PeachCommander[22735:125e6] [com.peachcommander:PCFoundation] [automation] > left /Users/admin
2026-09-14 10:37:30.965 Df PeachCommander[22735:125e6] [com.apple.xpc:connection] [0x7284d5b80] activating connection: mach=false listener=false peer=false name=(anonymous)
2026-09-14 10:37:30.965 Df PeachCommander[22735:125e6] [com.apple.xpc:connection] [0x7284d70c0] activating connection: mach=false listener=false peer=false name=(anonymous)
2026-09-14 10:37:31.012 I  PeachCommander[22735:125e6] [com.apple.launchservices:datasep] application record search init. Node: <FSNode 0x729dc96e0> { isDir = y, path = <private> } bundleID: (null) itemID: 0
2026-09-14 10:37:31.012 I  PeachCommander[22735:125e6] [com.apple.launchservices:datasep] application record search init. Node: <FSNode 0x729dc96e0> { isDir = y, path = <private> } bundleID: (null) itemID: 0
2026-09-14 10:37:31.012 I  PeachCommander[22735:125e6] [com.apple.SafariPlatformSupport:SafariPlatformSupport] -[SFSafariPlatformSupport credentialSelected:] with nil credential
2026-09-14 10:37:31.012 I  PeachCommander[22735:125e6] [com.apple.SafariPlatformSupport:SafariPlatformSupport] -[SFSafariPlatformSupport oneTimeCodeSelected:] with nil code
2026-09-14 10:37:31.025 I  PeachCommander[22735:1269e] [com.apple.AppKit:WindowTab] Indexing 1 items
2026-09-14 10:37:31.025 A  PeachCommander[22735:1269e] (CoreSpotlight) end-index-batch
2026-09-14 10:37:31.025 Df PeachCommander[22735:1269e] [com.apple.corespotlight:index] *warn* MailCS ======%%% _setMailMessageAttributes skip:1
2026-09-14 10:37:31.025 A  PeachCommander[22735:1269e] (CoreSpotlight) index-items
2026-09-14 10:37:31.025 Df PeachCommander[22735:1269e] [com.apple.corespotlight:index] CSInlineDonation:<private>: Skipping donation (feature flag disabled)
2026-09-14 10:37:31.026 Df PeachCommander[22735:1269e] [com.apple.corespotlight:index] CSInlineDonation:<private>: Skipping donation (feature flag disabled)
2026-09-14 10:37:31.133 I  PeachCommander[22735:125e6] [com.apple.HIToolbox:MBDisplays] <private>
2026-09-14 10:37:31.133 I  PeachCommander[22735:125e6] [com.apple.HIToolbox:MBDisplays] <private>
2026-09-14 10:37:31.325 Df PeachCommander[22735:125f0] [com.apple.xpc:connection] [0x7284d6940] invalidated after the last release of the connection object
2026-09-14 10:37:31.326 I  PeachCommander[22735:125e6] [com.apple.launchservices:cas] Removing cached information for app [ 0x0-0x12d12d]  "PeachCommander", as its seed is different from that in shared memory ( 535 vs 537)
2026-09-14 10:37:31.400 Df PeachCommander[22735:125e6] (Foundation) <private>
2026-09-14 10:37:31.400 I  PeachCommander[22735:125e6] [com.peachcommander:PCFoundation] [automation] > wait 1000
2026-09-14 10:37:31.449 I  PeachCommander[22735:125e6] [com.apple.SafariPlatformSupport:SafariPlatformSupport] -[SPSafariPlatformSupport completionListPreferredContentSizeDidUpdate] with size {0, 0}, in window that is visible
2026-09-14 10:37:32.449 Df PeachCommander[22735:125e6] (Foundation) <private>
2026-09-14 10:37:32.449 I  PeachCommander[22735:125e6] [com.peachcommander:PCFoundation] [automation] > sftpget /Users/admin/sftp-demo/big.txt|/Users/admin/got.txt|/Users/admin/sftpget.txt|10000
2026-09-14 10:37:32.555 Df PeachCommander[22735:125e6] (Foundation) <private>
2026-09-14 10:37:32.555 Df PeachCommander[22735:125e6] (Foundation) <private>
2026-09-14 10:37:32.555 I  PeachCommander[22735:125e6] [com.peachcommander:PCFoundation] [automation] > wait 4000
