Timestamp               Ty Process[PID:TID]
2026-09-09 19:33:21.723 A  PeachCommander[19414:fac3] (libsystem_info.dylib) Retrieve User by ID
2026-09-09 19:33:21.723 Df PeachCommander[19414:fac3] [com.apple.xpc:connection] [0x1014e9b50] activating connection: mach=true listener=false peer=false name=com.apple.cfprefsd.daemon
2026-09-09 19:33:21.723 Df PeachCommander[19414:fac9] [com.apple.xpc:connection] [0x1014eac00] activating connection: mach=true listener=false peer=false name=com.apple.cfprefsd.agent
2026-09-09 19:33:21.725 Df PeachCommander[19414:fac3] [com.apple.xpc:connection] [0x1014ebe70] activating connection: mach=true listener=false peer=false name=com.apple.coreservices.launchservicesd
2026-09-09 19:33:21.725 I  PeachCommander[19414:fac3] [com.apple.launchservices:cas] Registering for notification <private> on default queue, to re-boostrap client connection.
2026-09-09 19:33:21.725 Df PeachCommander[19414:fac3] [com.apple.xpc:connection] [0x88ccc0000] activating connection: mach=true listener=false peer=false name=com.apple.pasteboard.1
2026-09-09 19:33:21.725 Df PeachCommander[19414:fac3] [com.apple.xpc:connection] [0x88ccc0140] activating connection: mach=true listener=false peer=false name=com.apple.distributed_notifications@Uv3
2026-09-09 19:33:21.726 Df PeachCommander[19414:fac3] [com.apple.AppKit:AutomaticTermination] void _NSDisableAutomaticTerminationAndLog(NSString *) No windows open yet
2026-09-09 19:33:21.726 A  PeachCommander[19414:fac3] (TCC) TCCAccessRequest() IPC
2026-09-09 19:33:21.726 Df PeachCommander[19414:fac3] [com.apple.xpc:connection] [0x88ccc0280] activating connection: mach=true listener=false peer=false name=com.apple.tccd.system
2026-09-09 19:33:21.726 I  PeachCommander[19414:fac3] [com.apple.TCC:access] SEND: 0/7 synchronous to com.apple.tccd.system: request: msgID=19414.1, function=TCCAccessRequest, service=kTCCServiceListenEvent,
2026-09-09 19:33:21.727 I  PeachCommander[19414:fac3] [com.apple.TCC:access] RECV: synchronous reply <dictionary: 0x88cc84000> { count = 5, transaction: 0, voucher = 0x0, contents =
	"prompt_type" => <uint64: 0xb242789a9897eb67>: 1
	"auth_value" => <uint64: 0xb242789a9897eb67>: 1
	"preflight_unknown" => <bool: 0x1f1059190>: true
	"auth_version" => <uint64: 0xb242789a9897eb67>: 1
	"auth_reason" => <uint64: 0xb242789a9897eb47>: 5
}
2026-09-09 19:33:21.727 Df PeachCommander[19414:fac3] [com.apple.xpc:connection] [0x88ccc0280] invalidated after the last release of the connection object
2026-09-09 19:33:21.728 Df PeachCommander[19414:fac3] [com.apple.SkyLight:default] server port 0x00003813, session port 0x00003813
2026-09-09 19:33:21.729 Df PeachCommander[19414:fac3] [com.apple.SkyLight:default] New connection 0x5489b main
2026-09-09 19:33:21.729 I  PeachCommander[19414:faca] [com.apple.SkyLight:processes] 0[outside of RPC]: First connection id 346267 mapped to ctx = 0x88d020680
2026-09-09 19:33:21.730 I  PeachCommander[19414:fac3] [com.apple.hiservices:processmgr] Checking in with CAS, pid=19414
2026-09-09 19:33:21.730 I  PeachCommander[19414:fac3] [com.apple.launchservices:cas] LSApplicationCheckIn(), app being registered is:"/Users/admin/pc-test/PeachCommander.app/Contents/MacOS/PeachCommander"
2026-09-09 19:33:21.730 I  PeachCommander[19414:fac3] [com.apple.launchservices:cas]  { "ApplicationType"="Foreground", "BuildMachineOSBuild"="25E246", "CFBundleDevelopmentRegion"="en", "CFBundleDocumentTypes"=( { "CFBundleTypeName"="Peach Commander Plugin Package", "CFBundleTypeRole"="Viewer", "LSHandlerRank"="Owner", "LSItemContentTypes"=( "com.peachcommander.plugin-package") }), "CFBundleExecutable"="PeachCommander", "CFBundleExecutablePath"="/Users/admin/pc-test/PeachCommander.app/Contents/MacOS/PeachCommander", "CFBundleHelpBookFolder"="PeachCommander.help", "CFBundleHelpBookName"="Peach Commander Help", "CFBundleIconFile"="AppIcon", "CFBundleIconName"="AppIcon", "CFBundleIdentifier"="com.peachcommander.app", "CFBundleInfoDictionaryVersion"="6.0", "CFBundleName"="PeachCommander", "CFBundleNumericVersion"=402685952, "CFBundlePackageType"="APPL", "CFBundleShortVersionString"="0.9.0", "CFBundleSignature"="?????", "CFBundleSupportedPlatforms"=( "MacOSX"), "CFBundleVersion"="18", "DTCompiler"="com.apple.compilers.llvm.clang.1_0", "DTPlatformBuild"="25F70", "DTPlatformName"="macosx", "<…>
2026-09-09 19:33:21.730 Df PeachCommander[19414:fac3] [com.apple.processmanager:front-35286506] CHECKIN: pid=19414
2026-09-09 19:33:21.731 Df PeachCommander[19414:fac3] [com.apple.processmanager:front-35286506] CHECKEDIN: pid=19414 asn=0x0-0xf20f2 foreground=1
2026-09-09 19:33:21.731 I  PeachCommander[19414:fac3] [com.apple.launchservices:cas] Setting processControlState to default PROC_SETPC_SUSPEND because application does not have LSProcessControlValue key
2026-09-09 19:33:21.731 Df PeachCommander[19414:fac3] [com.apple.xpc:connection] [0x88ccc0280] activating connection: mach=false listener=true peer=false name=(anonymous)
2026-09-09 19:33:21.731 Df PeachCommander[19414:fac3] [com.apple.xpc:connection] [0x88ccc0280] Connection returned listener port: 0x5403
2026-09-09 19:33:21.731 Df PeachCommander[19414:fac9] [com.apple.xpc:connection] [0x88d08c300] activating connection: mach=false listener=false peer=true name=com.apple.xpc.anonymous.0x88ccc0280.peer[131].0x88d08c300
2026-09-09 19:33:21.732 Df PeachCommander[19414:fac3] [com.apple.processmanager:front-35286506] FRONTLOGGING: version 1
2026-09-09 19:33:21.732 Df PeachCommander[19414:fac3] [com.apple.processmanager:front-35286506] Registered, pid=19414 ASN=0x0,0xf20f2
2026-09-09 19:33:21.732 Df PeachCommander[19414:fac3] [com.apple.xpc:connection] [0x88ccc03c0] activating connection: mach=true listener=false peer=false name=com.apple.analyticsd
2026-09-09 19:33:21.732 I  PeachCommander[19414:fac3] [com.apple.CoreAnalytics:client] Daemon status changed from 0 to 1
2026-09-09 19:33:21.732 I  PeachCommander[19414:fac9] [com.apple.CarbonCore:coreservicesdaemon] SCSession():SCSession( id=100, this=0x0x1014ed800 option=65538) created, forUID=501 mach_port_t=0x5003.
2026-09-09 19:33:21.732 I  PeachCommander[19414:fac9] [com.apple.CarbonCore:coreservicesdaemon] SCSession():SCSession( id=101, this=0x0x1014ed940 option=65538) created, forUID=501 mach_port_t=0x4303.
2026-09-09 19:33:21.732 I  PeachCommander[19414:fac9] [com.apple.CarbonCore:coreservicesdaemon] connectToCoreServicesD():Instantiating server (coreservicesd based) SCSession, port=0x5003 serverOptions=0x10002.
2026-09-09 19:33:21.732 I  PeachCommander[19414:fac3] [com.apple.hiservices:processmgr] _RegisterApplication( pid 19414 => 0x0,0xf20f2) type=foreground
2026-09-09 19:33:21.732 Df PeachCommander[19414:fac3] [com.apple.xpc:connection] [0x88ccc0280] Connection returned listener port: 0x5403
2026-09-09 19:33:21.732 Df PeachCommander[19414:fac9] [com.apple.xpc:connection] [0x88ccc0500] activating connection: mach=true listener=false peer=false name=com.apple.lsd.mapdb
2026-09-09 19:33:21.732 I  PeachCommander[19414:fac3] [com.apple.launchservices:cas] CFArrayRef _LSCopyLaunchModifiers(LSSessionID, LSASNRef _Nonnull), result for psn [ kLSCurrentApp ASN, 0x0,0x2]  is 1 items.
2026-09-09 19:33:21.732 Df PeachCommander[19414:fac3] [com.apple.processmanager:front-35286506] BringForward: pid=19414 asn=0x0-0xf20f2 bringForward=1 foreground=1 uiElement=0 launchedByLS=1 modifiersCount=1 allDisabled=1
2026-09-09 19:33:21.732 Df PeachCommander[19414:fac3] [com.apple.processmanager:front-35286506] BringFrontModifier: pid=19414 asn=0x0-0xf20f2 Modifier 0 hideAfter=0 hideOthers=0 dontMakeFrontmost=0 mouseDown=0/0 seed=0/0
2026-09-09 19:33:21.732 Df PeachCommander[19414:fac3] [com.apple.processmanager:front-35286506] BringForward: pid=19414 asn=0x0-0xf20f2
2026-09-09 19:33:21.732 Df PeachCommander[19414:fac3] [com.apple.processmanager:front-35286506] SetFrontProcess: asn=0x0-0xf20f2 options=0
2026-09-09 19:33:21.732 I  PeachCommander[19414:fac3] [com.apple.SkyLight:processes] 0[outside of RPC]: SLPSetFrontProcess(0x0-0xf20f2 window=0 options=0x0
2026-09-09 19:33:21.733 Df PeachCommander[19414:faca] [com.apple.CoreAnalytics:client] Received configuration update from daemon (initial)
2026-09-09 19:33:21.733 I  PeachCommander[19414:fac9] [com.apple.launchservices:db] LaunchServices database schema version: 20971544
2026-09-09 19:33:21.734 Df PeachCommander[19414:fac3] [com.apple.AppKit:Appearance] Current system appearance, (HLTB: 1), (SLS: 0)
2026-09-09 19:33:21.734 Df PeachCommander[19414:fac3] (libMobileGestalt.dylib) No persisted cache on this platform.
2026-09-09 19:33:21.735 Df PeachCommander[19414:fac3] (libMobileGestalt.dylib) Could not get size of EAN data (IOConnectCallScalarMethod kAppleNVMeEANGetSize returned 0xE00002E2)
2026-09-09 19:33:21.735 Df PeachCommander[19414:fac3] (libMobileGestalt.dylib) Failed to copy 'aptk' from EAN
2026-09-09 19:33:21.735 Df PeachCommander[19414:fac3] (libMobileGestalt.dylib) Failed to copy APTicket properties. Falling back to default policy.
2026-09-09 19:33:21.735 Df PeachCommander[19414:fac3] (libMobileGestalt.dylib) Creating default MGSysConfigPolicy
2026-09-09 19:33:21.735 Df PeachCommander[19414:fac3] (libMobileGestalt.dylib) CFDictionaryRef copySyscfgDictionary(void) enumeration of <private> failed.
2026-09-09 19:33:21.735 Df PeachCommander[19414:fac3] (libMobileGestalt.dylib) Failed to find key <private>
2026-09-09 19:33:21.735 I  PeachCommander[19414:face] [com.apple.launchservices:cas] information in shared memory for 0x0-0xf20f2 with seed 533 was still valid, so using cached info { "ApplicationType"="Foreground", "BuildMachineOSBuild"="25E246", "BundleIdentifierLowerCase"="com.peachcommander.app", "CFBundleDevelopmentRegion"="en", "CFBundleDocumentTypes"=( { "CFBundleTypeName"="Peach Commander Plugin Package", "CFBundleTypeRole"="Viewer", "LSHandlerRank"="Owner", "LSItemContentTypes"=( "com.peachcommander.plugin-package") }), "CFBundleExecutable"="PeachCommander", "CFBundleExecutablePath"="/Users/admin/pc-test/PeachCommander.app/Contents/MacOS/PeachCommander", "CFBundleExecutablePathDeviceID"=16777229, "CFBundleExecutablePathINode"=487885, "CFBundleHelpBookFolder"="PeachCommander.help", "CFBundleHelpBookName"="Peach Commander Help", "CFBundleIconFile"="AppIcon", "CFBundleIconName"="AppIcon", "CFBundleIdentifier"="com.peachcommander.app", "CFBundleInfoDictionaryVersion"="6.0", "CFBundleName"="PeachCommander", "CFBundleNameLowerCase"="peachcommander", "CFBundleNumericVersion"=402685952, "CFBundlePackageType"="APPL", "CFBundleShortVersionString"="0.9.0", "CFBun<…>
2026-09-09 19:33:21.735 Df PeachCommander[19414:fac3] [com.apple.AppKit:Appearance] Current system appearance, (HLTB: 1), (SLS: 0)
2026-09-09 19:33:21.736 Df PeachCommander[19414:fac3] [com.apple.AppKit:Appearance] Post-registration system appearance: (HLTB: 1)
2026-09-09 19:33:21.736 I  PeachCommander[19414:fac9] [com.apple.launchservices:default] Unable to load Info.plist exceptions (eGPUOverrides)
2026-09-09 19:33:21.736 I  PeachCommander[19414:fac9] [com.apple.launchservices:default] Unable to load Info.plist exceptions (gameModeOverrides)
2026-09-09 19:33:21.736 I  PeachCommander[19414:fac9] [com.apple.launchservices:default] Unable to load Info.plist exceptions (identifiedGameOverrides)
2026-09-09 19:33:21.736 I  PeachCommander[19414:fac9] [com.apple.launchservices:default] Unable to load Info.plist exceptions (SystemHiddenPreferred)
2026-09-09 19:33:21.737 Df PeachCommander[19414:fac3] [com.apple.FrontBoard:Common] FBSWorkspace: endpoint monitoring is disabled.
2026-09-09 19:33:21.737 Df PeachCommander[19414:fac3] [com.apple.FrontBoard:Common] FBSWorkspace: default shell endpoint is disabled.
2026-09-09 19:33:21.737 Df PeachCommander[19414:fac3] [com.apple.runningboard:connection] Initializing connection
2026-09-09 19:33:21.737 Df PeachCommander[19414:fac3] [com.apple.runningboard:process] Removing all cached process handles
2026-09-09 19:33:21.737 Df PeachCommander[19414:facf] [com.apple.runningboard:connection] Sending handshake request attempt #1 to server
2026-09-09 19:33:21.737 Df PeachCommander[19414:facf] [com.apple.runningboard:connection] Creating connection to com.apple.runningboard
2026-09-09 19:33:21.737 Df PeachCommander[19414:facf] [com.apple.xpc:connection] [0x88ccc0640] activating connection: mach=true listener=false peer=false name=com.apple.runningboard
2026-09-09 19:33:21.737 Df PeachCommander[19414:fac3] [com.apple.xpc:connection] [0x88ccc0280] Connection returned listener port: 0x5403
2026-09-09 19:33:21.738 I  PeachCommander[19414:fac3] [com.apple.launchservices:cas] information in shared memory for 0x0-0xf20f2 with seed 533 was still valid, so using cached info { "ApplicationType"="Foreground", "BuildMachineOSBuild"="25E246", "BundleIdentifierLowerCase"="com.peachcommander.app", "CFBundleDevelopmentRegion"="en", "CFBundleDocumentTypes"=( { "CFBundleTypeName"="Peach Commander Plugin Package", "CFBundleTypeRole"="Viewer", "LSHandlerRank"="Owner", "LSItemContentTypes"=( "com.peachcommander.plugin-package") }), "CFBundleExecutable"="PeachCommander", "CFBundleExecutablePath"="/Users/admin/pc-test/PeachCommander.app/Contents/MacOS/PeachCommander", "CFBundleExecutablePathDeviceID"=16777229, "CFBundleExecutablePathINode"=487885, "CFBundleHelpBookFolder"="PeachCommander.help", "CFBundleHelpBookName"="Peach Commander Help", "CFBundleIconFile"="AppIcon", "CFBundleIconName"="AppIcon", "CFBundleIdentifier"="com.peachcommander.app", "CFBundleInfoDictionaryVersion"="6.0", "CFBundleName"="PeachCommander", "CFBundleNameLowerCase"="peachcommander", "CFBundleNumericVersion"=402685952, "CFBundlePackageType"="APPL", "CFBundleShortVersionString"="0.9.0", "CFBun<…>
2026-09-09 19:33:21.738 A  PeachCommander[19414:face] (RunningBoardServices) didChangeInheritances
2026-09-09 19:33:21.738 Df PeachCommander[19414:facf] [com.apple.runningboard:connection] Handshake succeeded
2026-09-09 19:33:21.738 Df PeachCommander[19414:facf] [com.apple.runningboard:connection] Identity resolved as app<application.com.peachcommander.app.486897.487885(501)>
2026-09-09 19:33:21.739 Df PeachCommander[19414:fac3] [com.apple.xpc:connection] [0x88ccc0280] Connection returned listener port: 0x5403
2026-09-09 19:33:21.740 A  PeachCommander[19414:fac9] (AppIntents) appintents:register process
2026-09-09 19:33:21.740 Df PeachCommander[19414:fac9] [com.apple.appintents:Connection] Created a new Process Instance Registry XPC connection (inactive)
2026-09-09 19:33:21.740 Df PeachCommander[19414:fac9] [com.apple.xpc:connection] [0x88ccc0780] activating connection: mach=true listener=false peer=false name=com.apple.linkd.autoShortcut
2026-09-09 19:33:21.740 Df PeachCommander[19414:fac9] [com.apple.appintents:Connection] Activated connection to linkd (ApplicationService)
2026-09-09 19:33:21.740 Df PeachCommander[19414:fac9] [com.apple.xpc:connection] [0x88ccc0a00] activating connection: mach=false listener=true peer=false name=(anonymous)
2026-09-09 19:33:21.740 I  PeachCommander[19414:fac3] [com.apple.launchservices:cas] information in shared memory for 0x0-0xf20f2 with seed 533 was still valid, so using cached info { "ApplicationType"="Foreground", "BuildMachineOSBuild"="25E246", "BundleIdentifierLowerCase"="com.peachcommander.app", "CFBundleDevelopmentRegion"="en", "CFBundleDocumentTypes"=( { "CFBundleTypeName"="Peach Commander Plugin Package", "CFBundleTypeRole"="Viewer", "LSHandlerRank"="Owner", "LSItemContentTypes"=( "com.peachcommander.plugin-package") }), "CFBundleExecutable"="PeachCommander", "CFBundleExecutablePath"="/Users/admin/pc-test/PeachCommander.app/Contents/MacOS/PeachCommander", "CFBundleExecutablePathDeviceID"=16777229, "CFBundleExecutablePathINode"=487885, "CFBundleHelpBookFolder"="PeachCommander.help", "CFBundleHelpBookName"="Peach Commander Help", "CFBundleIconFile"="AppIcon", "CFBundleIconName"="AppIcon", "CFBundleIdentifier"="com.peachcommander.app", "CFBundleInfoDictionaryVersion"="6.0", "CFBundleName"="PeachCommander", "CFBundleNameLowerCase"="peachcommander", "CFBundleNumericVersion"=402685952, "CFBundlePackageType"="APPL", "CFBundleShortVersionString"="0.9.0", "CFBun<…>
2026-09-09 19:33:21.740 I  PeachCommander[19414:fac3] [com.apple.hiservices:processmgr] TransformProcessType(0x0,0x2 => 1 wasFront=1 pickNew=0)
2026-09-09 19:33:21.740 I  PeachCommander[19414:fac3] [com.apple.CoreAnalytics:client] Dropping "com.apple.appkit.app_config" as it isn't used in any transform (not in the config or budgeted?)
2026-09-09 19:33:21.740 I  PeachCommander[19414:fac9] [com.apple.appintents:Execution] LNAppConnectionListener instantiated
2026-09-09 19:33:21.740 Df PeachCommander[19414:fac9] [com.apple.xpc:connection] [0x88ccc0a00] Connection returned listener port: 0x6d03
2026-09-09 19:33:21.741 Df PeachCommander[19414:fac3] [com.apple.dt.xctest:Default] Registering for test daemon availability notify post.
2026-09-09 19:33:21.741 Df PeachCommander[19414:face] [com.apple.xpc:connection] [0x88ccc0780] Re-initialization successful; calling out to event handler with XPC_ERROR_CONNECTION_INTERRUPTED
2026-09-09 19:33:21.741 Df PeachCommander[19414:face] [com.apple.appintents:Connection] Process Instance Registry XPC connection has been interrupted
2026-09-09 19:33:21.741 E  PeachCommander[19414:fac9] [com.apple.appintents:Connection] Unable to get synchronousRemoteObjectProxy, error: Error Domain=NSCocoaErrorDomain Code=4097 "connection to service named com.apple.linkd.autoShortcut" UserInfo={NSDebugDescription=connection to service named com.apple.linkd.autoShortcut}
2026-09-09 19:33:21.741 E  PeachCommander[19414:fac9] [com.apple.AppKit:Application] Error registering app with intents framework: Error Domain=NSCocoaErrorDomain Code=4097 UserInfo={NSDebugDescription=<private>}
2026-09-09 19:33:21.741 Df PeachCommander[19414:fac3] [com.apple.dt.xctest:Default] notify_get_state check indicated test daemon not ready.
2026-09-09 19:33:21.741 Df PeachCommander[19414:fad0] [com.apple.appintents:Connection] Created a new Process Instance Registry XPC connection (inactive)
2026-09-09 19:33:21.741 A  PeachCommander[19414:fad0] (AppIntents) appintents:register process
2026-09-09 19:33:21.741 Df PeachCommander[19414:fac3] [com.apple.dt.xctest:Default] notify_get_state check indicated test daemon not ready.
2026-09-09 19:33:21.741 Df PeachCommander[19414:fad0] [com.apple.appintents:Connection] Created a new Process Instance Registry XPC connection (inactive)
2026-09-09 19:33:21.741 Df PeachCommander[19414:fad0] [com.apple.xpc:connection] [0x88ccc0c80] activating connection: mach=true listener=false peer=false name=com.apple.linkd.autoShortcut
2026-09-09 19:33:21.741 Df PeachCommander[19414:fad0] [com.apple.appintents:Connection] Activated connection to linkd (ApplicationService)
2026-09-09 19:33:21.741 Df PeachCommander[19414:fad0] [com.apple.xpc:connection] [0x88ccc0a00] Connection returned listener port: 0x6d03
2026-09-09 19:33:21.741 Df PeachCommander[19414:fac3] [com.apple.dt.xctest:Default] notify_get_state check indicated test daemon not ready.
2026-09-09 19:33:21.741 Df PeachCommander[19414:fac9] [com.apple.xpc:connection] [0x88ccc0c80] Re-initialization successful; calling out to event handler with XPC_ERROR_CONNECTION_INTERRUPTED
2026-09-09 19:33:21.741 Df PeachCommander[19414:fac9] [com.apple.appintents:Connection] Process Instance Registry XPC connection has been interrupted
2026-09-09 19:33:21.741 E  PeachCommander[19414:fad0] [com.apple.appintents:Connection] Unable to get synchronousRemoteObjectProxy, error: Error Domain=NSCocoaErrorDomain Code=4097 "connection to service named com.apple.linkd.autoShortcut" UserInfo={NSDebugDescription=connection to service named com.apple.linkd.autoShortcut}
2026-09-09 19:33:21.741 E  PeachCommander[19414:fad0] [com.apple.appintents:Connection] Unable to re-register with Process Instance Registry, error: Error Domain=NSCocoaErrorDomain Code=4097 "connection to service named com.apple.linkd.autoShortcut" UserInfo={NSDebugDescription=connection to service named com.apple.linkd.autoShortcut}
2026-09-09 19:33:21.741 Df PeachCommander[19414:fac9] [com.apple.appintents:Connection] Created a new Process Instance Registry XPC connection (inactive)
2026-09-09 19:33:21.741 A  PeachCommander[19414:fac9] (AppIntents) appintents:register process
2026-09-09 19:33:21.741 Df PeachCommander[19414:fac9] [com.apple.appintents:Connection] Created a new Process Instance Registry XPC connection (inactive)
2026-09-09 19:33:21.741 Df PeachCommander[19414:fac9] [com.apple.xpc:connection] [0x88ccc12c0] activating connection: mach=true listener=false peer=false name=com.apple.linkd.autoShortcut
2026-09-09 19:33:21.741 Df PeachCommander[19414:fac9] [com.apple.appintents:Connection] Activated connection to linkd (ApplicationService)
2026-09-09 19:33:21.741 Df PeachCommander[19414:fac9] [com.apple.xpc:connection] [0x88ccc0a00] Connection returned listener port: 0x6d03
2026-09-09 19:33:21.741 Df PeachCommander[19414:fad0] [com.apple.xpc:connection] [0x88ccc12c0] Re-initialization successful; calling out to event handler with XPC_ERROR_CONNECTION_INTERRUPTED
2026-09-09 19:33:21.741 Df PeachCommander[19414:fad0] [com.apple.appintents:Connection] Process Instance Registry XPC connection has been interrupted
2026-09-09 19:33:21.741 E  PeachCommander[19414:fac9] [com.apple.appintents:Connection] Unable to get synchronousRemoteObjectProxy, error: Error Domain=NSCocoaErrorDomain Code=4097 "connection to service named com.apple.linkd.autoShortcut" UserInfo={NSDebugDescription=connection to service named com.apple.linkd.autoShortcut}
2026-09-09 19:33:21.741 E  PeachCommander[19414:fac9] [com.apple.appintents:Connection] Unable to re-register with Process Instance Registry, error: Error Domain=NSCocoaErrorDomain Code=4097 "connection to service named com.apple.linkd.autoShortcut" UserInfo={NSDebugDescription=connection to service named com.apple.linkd.autoShortcut}
2026-09-09 19:33:21.741 Df PeachCommander[19414:face] [com.apple.appintents:Connection] Created a new Process Instance Registry XPC connection (inactive)
2026-09-09 19:33:21.741 A  PeachCommander[19414:face] (AppIntents) appintents:register process
2026-09-09 19:33:21.741 Df PeachCommander[19414:face] [com.apple.appintents:Connection] Created a new Process Instance Registry XPC connection (inactive)
2026-09-09 19:33:21.741 Df PeachCommander[19414:face] [com.apple.xpc:connection] [0x88ccc1540] activating connection: mach=true listener=false peer=false name=com.apple.linkd.autoShortcut
2026-09-09 19:33:21.741 Df PeachCommander[19414:face] [com.apple.appintents:Connection] Activated connection to linkd (ApplicationService)
2026-09-09 19:33:21.741 Df PeachCommander[19414:face] [com.apple.xpc:connection] [0x88ccc0a00] Connection returned listener port: 0x6d03
2026-09-09 19:33:21.742 Df PeachCommander[19414:fac9] [com.apple.xpc:connection] [0x88ccc1540] Re-initialization successful; calling out to event handler with XPC_ERROR_CONNECTION_INTERRUPTED
2026-09-09 19:33:21.742 Df PeachCommander[19414:fac9] [com.apple.appintents:Connection] Process Instance Registry XPC connection has been interrupted
2026-09-09 19:33:21.742 E  PeachCommander[19414:fac9] [com.apple.appintents:Connection] Will NOT re-try to establish the connection
2026-09-09 19:33:21.742 E  PeachCommander[19414:face] [com.apple.appintents:Connection] Unable to get synchronousRemoteObjectProxy, error: Error Domain=NSCocoaErrorDomain Code=4097 "connection to service named com.apple.linkd.autoShortcut" UserInfo={NSDebugDescription=connection to service named com.apple.linkd.autoShortcut}
2026-09-09 19:33:21.742 E  PeachCommander[19414:face] [com.apple.appintents:Connection] Unable to re-register with Process Instance Registry, error: Error Domain=NSCocoaErrorDomain Code=4097 "connection to service named com.apple.linkd.autoShortcut" UserInfo={NSDebugDescription=connection to service named com.apple.linkd.autoShortcut}
2026-09-09 19:33:21.744 A  PeachCommander[19414:fac3] (CoreFoundation) Loading Preferences From System CFPrefsD
2026-09-09 19:33:21.745 Df PeachCommander[19414:fac3] (libMobileGestalt.dylib) couldn't load support library
2026-09-09 19:33:21.745 Df PeachCommander[19414:fac3] (libMobileGestalt.dylib) called dummy function!
2026-09-09 19:33:21.745 I  PeachCommander[19414:fac3] [com.apple.GenerativeModels:availability] Current availability state: unavailable, use cases: com.apple.WritingTools, language: <any>, api: <private>
2026-09-09 19:33:21.745 Df PeachCommander[19414:fac3] [com.apple.GenerativeModels:availability] registering darwin observer for name: com.apple.gms.availability.notification
2026-09-09 19:33:21.745 Df PeachCommander[19414:fac3] [com.apple.GenerativeModels:availability] registering darwin observer for name: com.apple.os-eligibility-domain.change.greymatter
2026-09-09 19:33:21.745 Df PeachCommander[19414:fac3] [com.apple.GenerativeModels:availability] registering darwin observer for name: com.apple.language.changed
2026-09-09 19:33:21.745 Df PeachCommander[19414:fac3] [com.apple.WritingTools:Default] isAvailable value changed: isMDMAllowed = true, gmAvailable (current) = false
2026-09-09 19:33:21.747 I  PeachCommander[19414:fac3] [com.apple.CoreAnalytics:client] Dropping "com.apple.appkit.app_config" as it isn't used in any transform (not in the config or budgeted?)
2026-09-09 19:33:21.749 Df PeachCommander[19414:fac3] [com.apple.AppKit:Appearance] NSApp cache appearance:
-NSRequiresAquaSystemAppearance: 0
-appearance: (null)
-effectiveAppearance: <NSCompositeAppearance: 0x88d0346e0
 (
    "<NSAquaAppearance: 0x88d0345a0>",
    "<NSSystemAppearance: 0x88d034500>"
)>
2026-09-09 19:33:21.752 A  PeachCommander[19414:fac3] (CoreFoundation) Loading Preferences From User CFPrefsD
2026-09-09 19:33:21.752 A  PeachCommander[19414:fac3] (CoreFoundation) Loading Preferences From User CFPrefsD
2026-09-09 19:33:21.757 A  PeachCommander[19414:fac9] (libsystem_info.dylib) Membership API: translate identifier
2026-09-09 19:33:21.759 I  PeachCommander[19414:fac3] [com.apple.CoreAnalytics:client] Dropping "com.apple.appkit.app_config" as it isn't used in any transform (not in the config or budgeted?)
2026-09-09 19:33:21.759 I  PeachCommander[19414:fac3] [com.apple.CoreAnalytics:client] Dropping "com.apple.appkit.app_config" as it isn't used in any transform (not in the config or budgeted?)
2026-09-09 19:33:21.760 Df PeachCommander[19414:face] [com.apple.xpc:connection] [0x88ccc1a40] activating connection: mach=true listener=false peer=false name=com.apple.dock.fullscreen
2026-09-09 19:33:21.761 Df PeachCommander[19414:fac3] [com.apple.xpc:connection] [0x88ccc1b80] activating connection: mach=true listener=false peer=false name=com.apple.fonts
2026-09-09 19:33:21.764 I  PeachCommander[19414:fac3] [com.apple.launchservices:cas] information in shared memory for 0x0-0xf20f2 with seed 533 was still valid, so using cached info { "ApplicationType"="Foreground", "BuildMachineOSBuild"="25E246", "BundleIdentifierLowerCase"="com.peachcommander.app", "CFBundleDevelopmentRegion"="en", "CFBundleDocumentTypes"=( { "CFBundleTypeName"="Peach Commander Plugin Package", "CFBundleTypeRole"="Viewer", "LSHandlerRank"="Owner", "LSItemContentTypes"=( "com.peachcommander.plugin-package") }), "CFBundleExecutable"="PeachCommander", "CFBundleExecutablePath"="/Users/admin/pc-test/PeachCommander.app/Contents/MacOS/PeachCommander", "CFBundleExecutablePathDeviceID"=16777229, "CFBundleExecutablePathINode"=487885, "CFBundleHelpBookFolder"="PeachCommander.help", "CFBundleHelpBookName"="Peach Commander Help", "CFBundleIconFile"="AppIcon", "CFBundleIconName"="AppIcon", "CFBundleIdentifier"="com.peachcommander.app", "CFBundleInfoDictionaryVersion"="6.0", "CFBundleName"="PeachCommander", "CFBundleNameLowerCase"="peachcommander", "CFBundleNumericVersion"=402685952, "CFBundlePackageType"="APPL", "CFBundleShortVersionString"="0.9.0", "CFBun<…>
2026-09-09 19:33:21.764 I  PeachCommander[19414:fac3] [com.apple.CoreAnalytics:client] Dropping "com.apple.appkit.app_config" as it isn't used in any transform (not in the config or budgeted?)
2026-09-09 19:33:21.764 Df PeachCommander[19414:fac3] [com.apple.AppKit:AutomaticTermination] -[NSApplication(NSAppssassination) _checkForAutomaticTerminationSupportPossiblyEnablingIt]_block_invoke Enabling automatic termination support.
2026-09-09 19:33:21.764 Df PeachCommander[19414:fac3] [com.apple.xpc:connection] [0x88ccc0dc0] activating connection: mach=true listener=false peer=false name=com.apple.appkit.restoration_storage
2026-09-09 19:33:21.764 I  PeachCommander[19414:fac3] [com.apple.launchservices:cas] information in shared memory for 0x0-0xf20f2 with seed 533 was still valid, so using cached info { "ApplicationType"="Foreground", "BuildMachineOSBuild"="25E246", "BundleIdentifierLowerCase"="com.peachcommander.app", "CFBundleDevelopmentRegion"="en", "CFBundleDocumentTypes"=( { "CFBundleTypeName"="Peach Commander Plugin Package", "CFBundleTypeRole"="Viewer", "LSHandlerRank"="Owner", "LSItemContentTypes"=( "com.peachcommander.plugin-package") }), "CFBundleExecutable"="PeachCommander", "CFBundleExecutablePath"="/Users/admin/pc-test/PeachCommander.app/Contents/MacOS/PeachCommander", "CFBundleExecutablePathDeviceID"=16777229, "CFBundleExecutablePathINode"=487885, "CFBundleHelpBookFolder"="PeachCommander.help", "CFBundleHelpBookName"="Peach Commander Help", "CFBundleIconFile"="AppIcon", "CFBundleIconName"="AppIcon", "CFBundleIdentifier"="com.peachcommander.app", "CFBundleInfoDictionaryVersion"="6.0", "CFBundleName"="PeachCommander", "CFBundleNameLowerCase"="peachcommander", "CFBundleNumericVersion"=402685952, "CFBundlePackageType"="APPL", "CFBundleShortVersionString"="0.9.0", "CFBun<…>
2026-09-09 19:33:21.764 Df PeachCommander[19414:fac3] [com.apple.xpc:connection] [0x88ccc0f00] activating connection: mach=true listener=false peer=false name=com.apple.coreservices.appleevents
2026-09-09 19:33:21.765 I  PeachCommander[19414:fac3] [com.apple.appleevents:main] _AEGetRegisteredMachPort() created default port (port:63235/0xf703 rcv:1 send:1 limit:5) and registered it with server
2026-09-09 19:33:21.765 Df PeachCommander[19414:fac3] [com.apple.xpc:connection] [0x88ccc0280] Connection returned listener port: 0x5403
2026-09-09 19:33:21.765 I  PeachCommander[19414:fac3] [com.apple.launchservices:cas] information in shared memory for 0x0-0xf20f2 with seed 533 was still valid, so using cached info { "ApplicationType"="Foreground", "BuildMachineOSBuild"="25E246", "BundleIdentifierLowerCase"="com.peachcommander.app", "CFBundleDevelopmentRegion"="en", "CFBundleDocumentTypes"=( { "CFBundleTypeName"="Peach Commander Plugin Package", "CFBundleTypeRole"="Viewer", "LSHandlerRank"="Owner", "LSItemContentTypes"=( "com.peachcommander.plugin-package") }), "CFBundleExecutable"="PeachCommander", "CFBundleExecutablePath"="/Users/admin/pc-test/PeachCommander.app/Contents/MacOS/PeachCommander", "CFBundleExecutablePathDeviceID"=16777229, "CFBundleExecutablePathINode"=487885, "CFBundleHelpBookFolder"="PeachCommander.help", "CFBundleHelpBookName"="Peach Commander Help", "CFBundleIconFile"="AppIcon", "CFBundleIconName"="AppIcon", "CFBundleIdentifier"="com.peachcommander.app", "CFBundleInfoDictionaryVersion"="6.0", "CFBundleName"="PeachCommander", "CFBundleNameLowerCase"="peachcommander", "CFBundleNumericVersion"=402685952, "CFBundlePackageType"="APPL", "CFBundleShortVersionString"="0.9.0", "CFBun<…>
2026-09-09 19:33:21.765 Df PeachCommander[19414:fac3] [com.apple.processmanager:front-35286506] SignalReady: pid=19414 asn=0x0-0xf20f2
2026-09-09 19:33:21.765 Df PeachCommander[19414:fac3] [com.apple.processmanager:front-35286506] SIGNAL: pid=19414 asn=0x0x-0xf20f2
2026-09-09 19:33:21.765 I  PeachCommander[19414:fac3] [com.apple.appleevents:main] aeGenerateFakeFirstOAPPEventIfNecessary()
2026-09-09 19:33:21.765 I  PeachCommander[19414:fac3] [com.apple.appleevents:main] aeGenerateFakeFirstOAPPEventIfNecessary(), needToCreateFakeOAPPEventIfFirstEvent == true
2026-09-09 19:33:21.765 I  PeachCommander[19414:fac3] [com.apple.launchservices:cas] Removing cached information for app [ 0x0-0xf20f2]  "PeachCommander", as its seed is different from that in shared memory ( 533 vs 535)
2026-09-09 19:33:21.766 I  PeachCommander[19414:fac3] [com.apple.CFPasteboard:entry] CopyData('DefaultAsciiKeyboardLayoutPasteboard' (<CFUUID 0x88d1d4700> 6330DB1A-BE33-4C4B-BE51-41D400525337) gen: -1 item: 1264739405 flavor: 'DefaultAsciiKeyboardLayoutFlavor')
2026-09-09 19:33:21.766 I  PeachCommander[19414:fac3] [com.apple.CFPasteboard:cache] Rebuilding cache for 'DefaultAsciiKeyboardLayoutPasteboard' (<CFUUID 0x88d1d4700> 6330DB1A-BE33-4C4B-BE51-41D400525337)
2026-09-09 19:33:21.766 I  PeachCommander[19414:fac3] [com.apple.CFPasteboard:exit] (not-in-cache) - result: -8 generation: 0 null data flags: 0
2026-09-09 19:33:21.766 A  PeachCommander[19414:fac3] (CoreFoundation) Loading Preferences From User CFPrefsD
2026-09-09 19:33:21.766 A  PeachCommander[19414:fac3] (CoreFoundation) Loading Preferences From System CFPrefsD
2026-09-09 19:33:21.766 I  PeachCommander[19414:fac3] [com.apple.CFPasteboard:entry] CopyData('AppleIntlFileCacheModificationDatePasteboard' (<CFUUID 0x88d1d6f20> 6C2EB50A-9AAE-43D7-83C8-575A6861435B) gen: -1 item: 1 flavor: '-32766 1768845414')
2026-09-09 19:33:21.766 I  PeachCommander[19414:fac3] [com.apple.CFPasteboard:cache] Rebuilding cache for 'AppleIntlFileCacheModificationDatePasteboard' (<CFUUID 0x88d1d6f20> 6C2EB50A-9AAE-43D7-83C8-575A6861435B)
2026-09-09 19:33:21.767 I  PeachCommander[19414:fac3] [com.apple.CFPasteboard:general] Will request data from daemon
2026-09-09 19:33:21.767 I  PeachCommander[19414:fac3] [com.apple.CFPasteboard:exit] (not-in-cache) - result: 0 generation: 1 data (310 bytes) flags: 0
2026-09-09 19:33:21.767 I  PeachCommander[19414:fac3] [com.apple.CFPasteboard:entry] CopyData('AppleIntlFileCacheModificationDatePasteboard' (<CFUUID 0x88d1d6f20> 6C2EB50A-9AAE-43D7-83C8-575A6861435B) gen: -1 item: 1 flavor: '-32765 1802264953')
2026-09-09 19:33:21.767 I  PeachCommander[19414:fac3] [com.apple.CFPasteboard:general] Will request data from daemon
2026-09-09 19:33:21.767 I  PeachCommander[19414:fac3] [com.apple.CFPasteboard:exit] (not-in-cache) - result: 0 generation: 1 data (306 bytes) flags: 0
2026-09-09 19:33:21.767 I  PeachCommander[19414:fac3] [com.apple.CFPasteboard:entry] CopyData('AppleIntlFileCacheModificationDatePasteboard' (<CFUUID 0x88d1d6f20> 6C2EB50A-9AAE-43D7-83C8-575A6861435B) gen: -1 item: 1 flavor: '-32764 1802264953')
2026-09-09 19:33:21.767 I  PeachCommander[19414:fac3] [com.apple.CFPasteboard:general] Will request data from daemon
2026-09-09 19:33:21.767 I  PeachCommander[19414:fac3] [com.apple.CFPasteboard:exit] (not-in-cache) - result: 0 generation: 1 data (281 bytes) flags: 0
2026-09-09 19:33:21.767 I  PeachCommander[19414:fac3] [com.apple.CFPasteboard:entry] CopyData('AppleIntlFileCacheModificationDatePasteboard' (<CFUUID 0x88d1d6f20> 6C2EB50A-9AAE-43D7-83C8-575A6861435B) gen: -1 item: 1 flavor: '-32763 1802264953')
2026-09-09 19:33:21.767 I  PeachCommander[19414:fac3] [com.apple.CFPasteboard:general] Will request data from daemon
2026-09-09 19:33:21.767 I  PeachCommander[19414:fac3] [com.apple.CFPasteboard:exit] (not-in-cache) - result: 0 generation: 1 data (318 bytes) flags: 0
2026-09-09 19:33:21.767 I  PeachCommander[19414:fac3] [com.apple.CFPasteboard:entry] CopyData('AppleIntlFileCacheModificationDatePasteboard' (<CFUUID 0x88d1d6f20> 6C2EB50A-9AAE-43D7-83C8-575A6861435B) gen: -1 item: 1 flavor: '-32765 1768845414')
2026-09-09 19:33:21.767 I  PeachCommander[19414:fac3] [com.apple.CFPasteboard:general] Will request data from daemon
2026-09-09 19:33:21.767 I  PeachCommander[19414:fac3] [com.apple.CFPasteboard:exit] (not-in-cache) - result: 0 generation: 1 data (303 bytes) flags: 0
2026-09-09 19:33:21.767 I  PeachCommander[19414:fac3] [com.apple.CFPasteboard:entry] CopyData('AppleIntlFileCacheModificationDatePasteboard' (<CFUUID 0x88d1d6f20> 6C2EB50A-9AAE-43D7-83C8-575A6861435B) gen: -1 item: 1 flavor: '-32763 1768845414')
2026-09-09 19:33:21.767 I  PeachCommander[19414:fac3] [com.apple.CFPasteboard:general] Will request data from daemon
2026-09-09 19:33:21.767 I  PeachCommander[19414:fac3] [com.apple.CFPasteboard:exit] (not-in-cache) - result: 0 generation: 1 data (315 bytes) flags: 0
2026-09-09 19:33:21.768 I  PeachCommander[19414:fac3] [com.apple.launchservices:cas] information in shared memory for 0x0-0xf20f2 with seed 535 was still valid, so using cached info { "ApplicationType"="Foreground", "BuildMachineOSBuild"="25E246", "BundleIdentifierLowerCase"="com.peachcommander.app", "CFBundleDevelopmentRegion"="en", "CFBundleDocumentTypes"=( { "CFBundleTypeName"="Peach Commander Plugin Package", "CFBundleTypeRole"="Viewer", "LSHandlerRank"="Owner", "LSItemContentTypes"=( "com.peachcommander.plugin-package") }), "CFBundleExecutable"="PeachCommander", "CFBundleExecutablePath"="/Users/admin/pc-test/PeachCommander.app/Contents/MacOS/PeachCommander", "CFBundleExecutablePathDeviceID"=16777229, "CFBundleExecutablePathINode"=487885, "CFBundleHelpBookFolder"="PeachCommander.help", "CFBundleHelpBookName"="Peach Commander Help", "CFBundleIconFile"="AppIcon", "CFBundleIconName"="AppIcon", "CFBundleIdentifier"="com.peachcommander.app", "CFBundleInfoDictionaryVersion"="6.0", "CFBundleName"="PeachCommander", "CFBundleNameLowerCase"="peachcommander", "CFBundleNumericVersion"=402685952, "CFBundlePackageType"="APPL", "CFBundleShortVersionString"="0.9.0", "CFBun<…>
2026-09-09 19:33:21.768 Df PeachCommander[19414:fac3] [com.apple.xpc:connection] [0x88ccc1e00] activating connection: mach=false listener=false peer=false name=com.apple.ViewBridgeAuxiliary
2026-09-09 19:33:21.773 Df PeachCommander[19414:fac3] [com.apple.xpc:connection] [0x88ccc1cc0] activating connection: mach=false listener=false peer=false name=(anonymous)
2026-09-09 19:33:21.773 Df PeachCommander[19414:fac3] [com.apple.xpc:connection] [0x88ccc1f40] activating connection: mach=false listener=true peer=false name=(anonymous)
2026-09-09 19:33:21.773 Df PeachCommander[19414:fac3] [com.apple.xpc:connection] [0x88ccc1f40] Connection returned listener port: 0xb603
2026-09-09 19:33:21.773 Df PeachCommander[19414:fac3] [com.apple.xpc:connection] [0x88ccc1e00] invalidated after the last release of the connection object
2026-09-09 19:33:21.773 I  PeachCommander[19414:fac3] [com.apple.showhide:pr-59900543] SHOWHIDE: SHOW id=416 0x0-0xF20F2, err=0 eventTime=1305397490250 windowID=0
2026-09-09 19:33:21.773 I  PeachCommander[19414:fac3] [com.apple.CarbonCore:coreservicesdaemon] findOrCreateCacheable():findOrCreateCacheable(), factoryName=3 cacheableName=<private> fCacheables.size()=0
2026-09-09 19:33:21.774 I  PeachCommander[19414:fac3] [com.apple.CarbonCore:coreservicesdaemon] findOrCreateCacheable():findOrCreateCacheable(), result = 0x88cf161c0 (should be non-NULL)
2026-09-09 19:33:21.774 Df PeachCommander[19414:fac3] [com.apple.AppKit:AutomaticTermination] void _NSDisableAutomaticTerminationAndLog(NSString *) Restoring windows
2026-09-09 19:33:21.774 Df PeachCommander[19414:fac3] [com.apple.AppKit:StateRestoration] -[NSApplication _reopenWindowsAsNecessaryIncludingRestorableState:withFullFidelity:completionHandler:] shouldRestoreState=1 hasPersistentStateToRestore=0 shouldStillRestoreStateAfterPrompting=0
2026-09-09 19:33:21.774 Df PeachCommander[19414:fac3] [com.apple.xpc:connection] [0x88ccc1e00] activating connection: mach=true listener=false peer=false name=com.apple.window_proxies
2026-09-09 19:33:21.774 Df PeachCommander[19414:fac3] [com.apple.xpc:connection] [0x88ccc1e00] invalidated because the current process cancelled the connection by calling xpc_connection_cancel()
2026-09-09 19:33:21.774 I  PeachCommander[19414:fac3] [com.apple.SkyLight:processes] 0[outside of RPC]: SLSSetFrontProcessWithInfo(0x0-0x2 window=0 options=0x1
2026-09-09 19:33:21.774 I  PeachCommander[19414:fac3] [com.apple.CoreAnalytics:client] Dropping "com.apple.appkit.app_config" as it isn't used in any transform (not in the config or budgeted?)
2026-09-09 19:33:21.774 Df PeachCommander[19414:fac3] [com.apple.AppKit:AutomaticTermination] void _NSEnableAutomaticTerminationAndLog(NSString *) Restoring windows
2026-09-09 19:33:21.776 I  PeachCommander[19414:fac3] [com.apple.CoreAnalytics:client] Dropping "com.apple.appkit.app_config" as it isn't used in any transform (not in the config or budgeted?)
2026-09-09 19:33:21.777 I  PeachCommander[19414:fac3] [com.apple.CoreAnalytics:client] Dropping "com.apple.appkit.app_config" as it isn't used in any transform (not in the config or budgeted?)
2026-09-09 19:33:21.785 A  PeachCommander[19414:fac3] (CoreFoundation) Loading Preferences From User CFPrefsD
2026-09-09 19:33:21.791 I  PeachCommander[19414:fac3] [com.peachcommander:PCFoundation] VolumeManager initialized
2026-09-09 19:33:21.808 Df PeachCommander[19414:fac3] [com.apple.BoardServices:XPCErrors] [C:1] Alloc <private>
2026-09-09 19:33:21.808 Df PeachCommander[19414:fac3] [com.apple.xpc:connection] [0x88cfe9180] activating connection: mach=false listener=false peer=false name=(anonymous)
2026-09-09 19:33:21.809 I  PeachCommander[19414:fac3] [com.apple.AppKit:Window] context (0 -> 850ced40) for window 3e6
2026-09-09 19:33:21.810 Df PeachCommander[19414:faca] [com.apple.corespotlight:index] (<private>) deleteSearchableItemsWithDomainIdentifiers, protectionClass:(null), domainIdentifiers number:1
2026-09-09 19:33:21.810 A  PeachCommander[19414:faca] (CoreSpotlight) delete-domains
2026-09-09 19:33:21.810 Df PeachCommander[19414:faca] [com.apple.corespotlight:index] CSInlineDonation:<private>: Skipping donation (feature flag disabled)
2026-09-09 19:33:21.810 Df PeachCommander[19414:faca] (CoreSpotlight) sConnectionName: com.apple.spotlight.IndexAgent
2026-09-09 19:33:21.810 Df PeachCommander[19414:faca] (CoreSpotlight) Start service name com.apple.spotlight.IndexAgent
2026-09-09 19:33:21.810 Df PeachCommander[19414:faca] [com.apple.xpc:connection] [0x88cfe9400] activating connection: mach=true listener=false peer=false name=com.apple.spotlight.IndexAgent
2026-09-09 19:33:21.810 I  PeachCommander[19414:fac3] [com.peachcommander:PCFoundation] MainWindowController initialized (config: <private>)
2026-09-09 19:33:21.810 I  PeachCommander[19414:fac3] [com.peachcommander:PCFoundation] SelectionState initialized
2026-09-09 19:33:21.810 I  PeachCommander[19414:fac3] [com.peachcommander:PCFoundation] DirectoryModel initialized
2026-09-09 19:33:21.810 I  PeachCommander[19414:fac3] [com.peachcommander:PCFoundation] VolumeManager initialized
2026-09-09 19:33:21.810 I  PeachCommander[19414:fac3] [com.peachcommander:PCFoundation] PanelController initialized for <private> panel
2026-09-09 19:33:21.811 I  PeachCommander[19414:fac3] [com.peachcommander:PCFoundation] SelectionState initialized
2026-09-09 19:33:21.811 I  PeachCommander[19414:fac3] [com.peachcommander:PCFoundation] DirectoryModel initialized
2026-09-09 19:33:21.811 I  PeachCommander[19414:fac3] [com.peachcommander:PCFoundation] VolumeManager initialized
2026-09-09 19:33:21.811 I  PeachCommander[19414:fac3] [com.peachcommander:PCFoundation] PanelController initialized for <private> panel
2026-09-09 19:33:21.814 I  PeachCommander[19414:fac3] [com.apple.AppKit:Animation] Running new animation: <private>
2026-09-09 19:33:21.814 I  PeachCommander[19414:fac3] [com.apple.AppKit:Animation] Running new animation: <private>
2026-09-09 19:33:21.814 I  PeachCommander[19414:fac3] [com.apple.AppKit:Animation] Running new animation: <private>
2026-09-09 19:33:21.814 I  PeachCommander[19414:fac3] [com.apple.AppKit:Animation] Running new animation: <private>
2026-09-09 19:33:21.814 I  PeachCommander[19414:fac3] [com.apple.AppKit:Animation] Running new animation: <private>
2026-09-09 19:33:21.816 I  PeachCommander[19414:fac3] [com.apple.AppKit:Animation] Running new animation: <private>
2026-09-09 19:33:21.816 I  PeachCommander[19414:fac3] [com.apple.AppKit:Animation] Running new animation: <private>
2026-09-09 19:33:21.816 I  PeachCommander[19414:fac3] [com.apple.AppKit:Animation] Running new animation: <private>
2026-09-09 19:33:21.816 I  PeachCommander[19414:fac3] [com.apple.AppKit:Animation] Running new animation: <private>
2026-09-09 19:33:21.816 I  PeachCommander[19414:fac3] [com.apple.AppKit:Animation] Running new animation: <private>
2026-09-09 19:33:21.822 A  PeachCommander[19414:faca] (RunningBoardServices) didChangeInheritances
2026-09-09 19:33:21.823 I  PeachCommander[19414:fac3] [com.apple.CoreAnalytics:client] Dropping "com.apple.appkit.app_config" as it isn't used in any transform (not in the config or budgeted?)
2026-09-09 19:33:21.825 I  PeachCommander[19414:fac3] [com.apple.CoreAnalytics:client] Dropping "com.apple.appkit.app_config" as it isn't used in any transform (not in the config or budgeted?)
2026-09-09 19:33:21.828 I  PeachCommander[19414:fac3] [com.apple.launchservices:datasep] application record search init. Node: <FSNode 0x88d666c40> { isDir = ?, path = <private> } bundleID: (null) itemID: 0
2026-09-09 19:33:21.829 I  PeachCommander[19414:fac3] [com.apple.GenerativeModels:availability] Current availability state: unavailable, use cases: com.apple.Settings.AppleIntelligence,com.apple.Siri.NLRouter, language: en, api: <private>
2026-09-09 19:33:21.829 Df PeachCommander[19414:fac3] [com.apple.GenerativeModels:availability] isOkayToHaveAsset: False
2026-09-09 19:33:21.829 E  PeachCommander[19414:fac3] [com.apple.siri:Utility] AFIsDeviceGreymatterEligible Missing entitlements for os_eligibility lookup
2026-09-09 19:33:21.829 I  PeachCommander[19414:fac3] [com.apple.GenerativeModels:availability] Current availability state: unavailable, use cases: com.apple.Settings.AppleIntelligence, language: en, api: <private>
2026-09-09 19:33:21.829 Df PeachCommander[19414:fac3] [com.apple.GenerativeModels:availability] isOkayToHaveAsset: False
2026-09-09 19:33:21.829 Df PeachCommander[19414:fac3] [com.apple.siri:Utility] -[AFSystemAssistantExperienceStatusManager fetchGenerativeModelsAvailability] #SAEStatus #cacheUpdate Updating cache:
deviceSupportsSAE: 0 (0)
       saeEnabled: 0 (0)
     saeAvailable: 0 (0)
      swaiEnabled: 0 (0)
        viEnabled: 0 (0)
        siriAvailability:
        <private>
        ((null))
2026-09-09 19:33:21.829 Df PeachCommander[19414:fac3] [com.apple.xpc:connection] [0x88c5fc140] activating connection: mach=true listener=false peer=false name=com.apple.iconservices
2026-09-09 19:33:21.830 Df PeachCommander[19414:fac3] [com.apple.xpc:connection] [0x88c5fc280] activating connection: mach=true listener=false peer=false name=com.apple.iconservices.store
2026-09-09 19:33:21.834 I  PeachCommander[19414:fac3] [com.peachcommander:Theme] no user themes in /Users/admin/pc-cfg/themes
2026-09-09 19:33:21.834 Df PeachCommander[19414:fac3] [com.apple.AppKit:Appearance] Invalidate NSApp effectiveAppearance
2026-09-09 19:33:21.835 Df PeachCommander[19414:fac3] [com.apple.AppKit:Appearance] NSApp cache appearance:
-NSRequiresAquaSystemAppearance: 0
-appearance: <NSCompositeAppearance: 0x88d0359a0
 (
    "<NSDarkAquaAppearance: 0x88d035a40>",
    "<NSSystemAppearance: 0x88d034500>"
)>
-effectiveAppearance: <NSCompositeAppearance: 0x88d0359a0
 (
    "<NSDarkAquaAppearance: 0x88d035a40>",
    "<NSSystemAppearance: 0x88d034500>"
)>
2026-09-09 19:33:21.836 I  PeachCommander[19414:fac3] [com.peachcommander:PCFoundation] Theme applied: id=norton, appearance=dark, dark=true, background=#0000AA
2026-09-09 19:33:21.863 I  PeachCommander[19414:fac3] [com.apple.iconservices:foundation] layer data size zero
2026-09-09 19:33:21.863 I  PeachCommander[19414:fac3] [com.apple.CoreAnalytics:client] Dropping "com.apple.appkit.app_config" as it isn't used in any transform (not in the config or budgeted?)
2026-09-09 19:33:21.867 I  PeachCommander[19414:fac3] [com.peachcommander:PCFoundation] Keymap loaded: scheme=<private>, 82 effective bindings
2026-09-09 19:33:21.868 I  PeachCommander[19414:fac3] [com.apple.AppKit:Animation] Running new animation: <private>
2026-09-09 19:33:21.868 I  PeachCommander[19414:fac3] [com.apple.AppKit:Animation] Running new animation: <private>
2026-09-09 19:33:21.868 I  PeachCommander[19414:fac3] [com.apple.AppKit:Animation] Running new animation: <private>
2026-09-09 19:33:21.868 I  PeachCommander[19414:fac3] [com.apple.AppKit:Animation] Running new animation: <private>
2026-09-09 19:33:21.868 I  PeachCommander[19414:fac3] [com.apple.AppKit:Animation] Running new animation: <private>
2026-09-09 19:33:21.868 I  PeachCommander[19414:fac3] [com.apple.AppKit:Animation] Running new animation: <private>
2026-09-09 19:33:21.868 I  PeachCommander[19414:fac3] [com.apple.AppKit:Animation] Running new animation: <private>
2026-09-09 19:33:21.868 I  PeachCommander[19414:fac3] [com.apple.AppKit:Animation] Running new animation: <private>
2026-09-09 19:33:21.868 I  PeachCommander[19414:fac3] [com.apple.AppKit:Animation] Running new animation: <private>
2026-09-09 19:33:21.868 I  PeachCommander[19414:fac3] [com.apple.AppKit:Animation] Running new animation: <private>
2026-09-09 19:33:21.871 I  PeachCommander[19414:fac3] [com.apple.CoreAnalytics:client] Dropping "<private>" as it isn't used in any transform (not in the config or budgeted?)
2026-09-09 19:33:21.871 I  PeachCommander[19414:fac3] [com.apple.CoreAnalytics:client] Dropping "<private>" as it isn't used in any transform (not in the config or budgeted?)
2026-09-09 19:33:21.871 I  PeachCommander[19414:fac3] [com.apple.CoreAnalytics:client] Dropping "<private>" as it isn't used in any transform (not in the config or budgeted?)
2026-09-09 19:33:21.872 I  PeachCommander[19414:fac3] [com.peachcommander:PCFoundation] MainWindowController window loaded
2026-09-09 19:33:21.872 I  PeachCommander[19414:fac3] [com.apple.launchservices:cas] information in shared memory for 0x0-0xf20f2 with seed 535 was still valid, so using cached info { "ApplicationType"="Foreground", "BuildMachineOSBuild"="25E246", "BundleIdentifierLowerCase"="com.peachcommander.app", "CFBundleDevelopmentRegion"="en", "CFBundleDocumentTypes"=( { "CFBundleTypeName"="Peach Commander Plugin Package", "CFBundleTypeRole"="Viewer", "LSHandlerRank"="Owner", "LSItemContentTypes"=( "com.peachcommander.plugin-package") }), "CFBundleExecutable"="PeachCommander", "CFBundleExecutablePath"="/Users/admin/pc-test/PeachCommander.app/Contents/MacOS/PeachCommander", "CFBundleExecutablePathDeviceID"=16777229, "CFBundleExecutablePathINode"=487885, "CFBundleHelpBookFolder"="PeachCommander.help", "CFBundleHelpBookName"="Peach Commander Help", "CFBundleIconFile"="AppIcon", "CFBundleIconName"="AppIcon", "CFBundleIdentifier"="com.peachcommander.app", "CFBundleInfoDictionaryVersion"="6.0", "CFBundleName"="PeachCommander", "CFBundleNameLowerCase"="peachcommander", "CFBundleNumericVersion"=402685952, "CFBundlePackageType"="APPL", "CFBundleShortVersionString"="0.9.0", "CFBun<…>
2026-09-09 19:33:21.872 I  PeachCommander[19414:fac3] [com.apple.launchservices:cas] information in shared memory for 0x0-0xf20f2 with seed 535 was still valid, so using cached info { "ApplicationType"="Foreground", "BuildMachineOSBuild"="25E246", "BundleIdentifierLowerCase"="com.peachcommander.app", "CFBundleDevelopmentRegion"="en", "CFBundleDocumentTypes"=( { "CFBundleTypeName"="Peach Commander Plugin Package", "CFBundleTypeRole"="Viewer", "LSHandlerRank"="Owner", "LSItemContentTypes"=( "com.peachcommander.plugin-package") }), "CFBundleExecutable"="PeachCommander", "CFBundleExecutablePath"="/Users/admin/pc-test/PeachCommander.app/Contents/MacOS/PeachCommander", "CFBundleExecutablePathDeviceID"=16777229, "CFBundleExecutablePathINode"=487885, "CFBundleHelpBookFolder"="PeachCommander.help", "CFBundleHelpBookName"="Peach Commander Help", "CFBundleIconFile"="AppIcon", "CFBundleIconName"="AppIcon", "CFBundleIdentifier"="com.peachcommander.app", "CFBundleInfoDictionaryVersion"="6.0", "CFBundleName"="PeachCommander", "CFBundleNameLowerCase"="peachcommander", "CFBundleNumericVersion"=402685952, "CFBundlePackageType"="APPL", "CFBundleShortVersionString"="0.9.0", "CFBun<…>
2026-09-09 19:33:21.882 I  PeachCommander[19414:fac3] [com.apple.AppKit:Window] order window front conditionally: 3e6 related: 0
2026-09-09 19:33:21.882 Df PeachCommander[19414:fac3] [com.apple.AppKit:AutomaticTermination] void _NSEnableAutomaticTerminationAndLog(NSString *) No windows open yet
2026-09-09 19:33:21.882 I  PeachCommander[19414:fac3] [com.apple.AppKit:Intelligence] starting collection observation
2026-09-09 19:33:21.882 Df PeachCommander[19414:faca] [com.apple.UIIntelligenceSupport:xpc] establishing connection to agent
2026-09-09 19:33:21.882 Df PeachCommander[19414:faca] [com.apple.xpc:session] [0x88c0915e0] Session created.
2026-09-09 19:33:21.882 Df PeachCommander[19414:faca] [com.apple.xpc:session] [0x88c0915e0] Session created from connection [0x88c5fe440]
2026-09-09 19:33:21.882 Df PeachCommander[19414:faca] [com.apple.xpc:connection] [0x88c5fe440] activating connection: mach=true listener=false peer=false name=com.apple.uiintelligencesupport.agent
2026-09-09 19:33:21.882 Df PeachCommander[19414:faca] [com.apple.xpc:session] [0x88c0915e0] Session activated
2026-09-09 19:33:21.882 I  PeachCommander[19414:fac3] [com.apple.SkyLight:processes] 0[outside of RPC]: SLSSetFrontProcessWithInfo(0x0-0x2 window=0 options=0x1
2026-09-09 19:33:21.883 Df PeachCommander[19414:fac9] [com.apple.UIIntelligenceSupport:xpc] Connection established with agent PID: 1128
2026-09-09 19:33:21.883 I  PeachCommander[19414:fac3] [com.apple.launchservices:cas] information in shared memory for 0x0-0xf20f2 with seed 535 was still valid, so using cached info { "ApplicationType"="Foreground", "BuildMachineOSBuild"="25E246", "BundleIdentifierLowerCase"="com.peachcommander.app", "CFBundleDevelopmentRegion"="en", "CFBundleDocumentTypes"=( { "CFBundleTypeName"="Peach Commander Plugin Package", "CFBundleTypeRole"="Viewer", "LSHandlerRank"="Owner", "LSItemContentTypes"=( "com.peachcommander.plugin-package") }), "CFBundleExecutable"="PeachCommander", "CFBundleExecutablePath"="/Users/admin/pc-test/PeachCommander.app/Contents/MacOS/PeachCommander", "CFBundleExecutablePathDeviceID"=16777229, "CFBundleExecutablePathINode"=487885, "CFBundleHelpBookFolder"="PeachCommander.help", "CFBundleHelpBookName"="Peach Commander Help", "CFBundleIconFile"="AppIcon", "CFBundleIconName"="AppIcon", "CFBundleIdentifier"="com.peachcommander.app", "CFBundleInfoDictionaryVersion"="6.0", "CFBundleName"="PeachCommander", "CFBundleNameLowerCase"="peachcommander", "CFBundleNumericVersion"=402685952, "CFBundlePackageType"="APPL", "CFBundleShortVersionString"="0.9.0", "CFBun<…>
2026-09-09 19:33:21.883 Df PeachCommander[19414:fac3] [com.apple.xpc:connection] [0x88c5fe580] activating connection: mach=true listener=false peer=false name=com.apple.FileCoordination
2026-09-09 19:33:21.883 Df PeachCommander[19414:fac9] [com.apple.foundation.filecoordination:presenter] Adding presenter 9458B986-E558-422C-B86E-0C5314FA0F00 for URL: <private>
2026-09-09 19:33:21.883 I  PeachCommander[19414:fac3] [com.apple.launchservices:cas] information in shared memory for 0x0-0xf20f2 with seed 535 was still valid, so using cached info { "ApplicationType"="Foreground", "BuildMachineOSBuild"="25E246", "BundleIdentifierLowerCase"="com.peachcommander.app", "CFBundleDevelopmentRegion"="en", "CFBundleDocumentTypes"=( { "CFBundleTypeName"="Peach Commander Plugin Package", "CFBundleTypeRole"="Viewer", "LSHandlerRank"="Owner", "LSItemContentTypes"=( "com.peachcommander.plugin-package") }), "CFBundleExecutable"="PeachCommander", "CFBundleExecutablePath"="/Users/admin/pc-test/PeachCommander.app/Contents/MacOS/PeachCommander", "CFBundleExecutablePathDeviceID"=16777229, "CFBundleExecutablePathINode"=487885, "CFBundleHelpBookFolder"="PeachCommander.help", "CFBundleHelpBookName"="Peach Commander Help", "CFBundleIconFile"="AppIcon", "CFBundleIconName"="AppIcon", "CFBundleIdentifier"="com.peachcommander.app", "CFBundleInfoDictionaryVersion"="6.0", "CFBundleName"="PeachCommander", "CFBundleNameLowerCase"="peachcommander", "CFBundleNumericVersion"=402685952, "CFBundlePackageType"="APPL", "CFBundleShortVersionString"="0.9.0", "CFBun<…>
2026-09-09 19:33:21.886 I  PeachCommander[19414:fac3] [com.apple.AppKit:Window] order all windows front 1305397490250
2026-09-09 19:33:21.886 I  PeachCommander[19414:fac3] [com.apple.launchservices:cas] information in shared memory for 0x0-0xf20f2 with seed 535 was still valid, so using cached info { "ApplicationType"="Foreground", "BuildMachineOSBuild"="25E246", "BundleIdentifierLowerCase"="com.peachcommander.app", "CFBundleDevelopmentRegion"="en", "CFBundleDocumentTypes"=( { "CFBundleTypeName"="Peach Commander Plugin Package", "CFBundleTypeRole"="Viewer", "LSHandlerRank"="Owner", "LSItemContentTypes"=( "com.peachcommander.plugin-package") }), "CFBundleExecutable"="PeachCommander", "CFBundleExecutablePath"="/Users/admin/pc-test/PeachCommander.app/Contents/MacOS/PeachCommander", "CFBundleExecutablePathDeviceID"=16777229, "CFBundleExecutablePathINode"=487885, "CFBundleHelpBookFolder"="PeachCommander.help", "CFBundleHelpBookName"="Peach Commander Help", "CFBundleIconFile"="AppIcon", "CFBundleIconName"="AppIcon", "CFBundleIdentifier"="com.peachcommander.app", "CFBundleInfoDictionaryVersion"="6.0", "CFBundleName"="PeachCommander", "CFBundleNameLowerCase"="peachcommander", "CFBundleNumericVersion"=402685952, "CFBundlePackageType"="APPL", "CFBundleShortVersionString"="0.9.0", "CFBun<…>
2026-09-09 19:33:21.886 I  PeachCommander[19414:fac3] [com.apple.showhide:pr-59900543] SHOWHIDE: CONFIRM, id=416, err=0
2026-09-09 19:33:21.886 I  PeachCommander[19414:fac3] [com.apple.AppKit:Window] context (0 -> 2103f2e2) for window 3e5
2026-09-09 19:33:21.886 I  PeachCommander[19414:fac3] [com.apple.AppKit:Window] context (0 -> e02a2d0b) for window 3e4
2026-09-09 19:33:21.886 I  PeachCommander[19414:fac3] [com.apple.AppKit:Window] context (0 -> ad5c6e53) for window 3e3
2026-09-09 19:33:21.886 I  PeachCommander[19414:fac3] [com.apple.AppKit:Window] context (0 -> 6e4e75dc) for window 3e2
2026-09-09 19:33:21.904 I  PeachCommander[19414:fac3] [com.apple.iconservices:foundation] layer data size zero
2026-09-09 19:33:21.913 Df PeachCommander[19414:fac3] [com.apple.AppKit:AutomaticTermination] void _updateToReflectAutomaticTerminationState(void) Setting _kLSApplicationWouldBeTerminatedByTALKey=0
2026-09-09 19:33:21.914 I  PeachCommander[19414:fac3] [com.apple.runningboard:assertion] Acquiring assertion: <RBSAssertionDescriptor| "AppNap adapter assertion" ID:(null) target:19414>
2026-09-09 19:33:21.948 A  PeachCommander[19414:face] (RunningBoardServices) didChangeInheritances
2026-09-09 19:33:21.976 Df PeachCommander[19414:fac3] [com.apple.libsystem.libdispatch:] DEPRECATED USE in libdispatch client: dispatch source activated with no event handler set; set a breakpoint on _dispatch_bug_deprecated to debug
2026-09-09 19:33:22.071 I  PeachCommander[19414:fac3] [com.apple.coreanimation:Utilities] IOSurface Compression Enabled: NO
2026-09-09 19:33:22.072 Df PeachCommander[19414:face] [com.apple.coreanimation:Metal] Precompiled pipelines disabled on unsupported hardware.
2026-09-09 19:33:22.085 I  PeachCommander[19414:fac3] [com.apple.CarbonCore:gestalt] SetGestaltValuesBulk SetGestaltValuesBulk( count=22 tuples=0x18794a650
2026-09-09 19:33:22.085 I  PeachCommander[19414:fac3] [com.apple.CarbonCore:gestalt] SetGestaltValue SetGestaltValue(alis 1C9) => 0
2026-09-09 19:33:22.085 I  PeachCommander[19414:fac3] [com.apple.CarbonCore:gestalt] SetGestaltValue SetGestaltValue(os   FE) => 0
2026-09-09 19:33:22.085 I  PeachCommander[19414:fac3] [com.apple.CarbonCore:gestalt] SetGestaltValue SetGestaltValue(addr 7) => 0
2026-09-09 19:33:22.085 I  PeachCommander[19414:fac3] [com.apple.CarbonCore:gestalt] SetGestaltValue SetGestaltValue(fs   3D332) => 0
2026-09-09 19:33:22.085 I  PeachCommander[19414:fac3] [com.apple.CarbonCore:gestalt] SetGestaltValue SetGestaltValue(fold 11) => 0
2026-09-09 19:33:22.085 I  PeachCommander[19414:fac3] [com.apple.CarbonCore:gestalt] SetGestaltValue SetGestaltValue(lram 7FFFF000) => 0
2026-09-09 19:33:22.085 I  PeachCommander[19414:fac3] [com.apple.CarbonCore:gestalt] SetGestaltValue SetGestaltValue(mmap 1) => 0
2026-09-09 19:33:22.085 I  PeachCommander[19414:fac3] [com.apple.CarbonCore:gestalt] SetGestaltValue SetGestaltValue(cfrg 1) => 0
2026-09-09 19:33:22.085 I  PeachCommander[19414:fac3] [com.apple.CarbonCore:gestalt] SetGestaltValue SetGestaltValue(thds 7) => 0
2026-09-09 19:33:22.085 I  PeachCommander[19414:fac3] [com.apple.CarbonCore:gestalt] SetGestaltValue SetGestaltValue(tmgr E) => 0
2026-09-09 19:33:22.085 I  PeachCommander[19414:fac3] [com.apple.CarbonCore:gestalt] SetGestaltValue SetGestaltValue(vers 7) => 0
2026-09-09 19:33:22.085 I  PeachCommander[19414:fac3] [com.apple.CarbonCore:gestalt] SetGestaltValue SetGestaltValue(cbon 160) => 0
2026-09-09 19:33:22.085 I  PeachCommander[19414:fac3] [com.apple.CarbonCore:gestalt] SetGestaltValue SetGestaltValue(cltn 1108000) => 0
2026-09-09 19:33:22.085 I  PeachCommander[19414:fac3] [com.apple.CarbonCore:gestalt] SetGestaltValue SetGestaltValue(cpnt 8) => 0
2026-09-09 19:33:22.085 I  PeachCommander[19414:fac3] [com.apple.CarbonCore:gestalt] SetGestaltValue SetGestaltValue(rsrc 3) => 0
2026-09-09 19:33:22.085 I  PeachCommander[19414:fac3] [com.apple.CarbonCore:gestalt] SetGestaltValue SetGestaltValue(rmbg 11F) => 0
2026-09-09 19:33:22.085 I  PeachCommander[19414:fac3] [com.apple.CarbonCore:gestalt] SetGestaltValue SetGestaltValue(vm   11) => 0
2026-09-09 19:33:22.085 I  PeachCommander[19414:fac3] [com.apple.CarbonCore:gestalt] SetGestaltValue SetGestaltValue(srad 4170706C) => 0
2026-09-09 19:33:22.085 I  PeachCommander[19414:fac3] [com.apple.CarbonCore:gestalt] SetGestaltValue SetGestaltValue(sysa 14) => 0
2026-09-09 19:33:22.085 I  PeachCommander[19414:fac3] [com.apple.CarbonCore:gestalt] SetGestaltValue SetGestaltValue(copl 9) => 0
2026-09-09 19:33:22.085 I  PeachCommander[19414:fac3] [com.apple.CarbonCore:gestalt] SetGestaltValue SetGestaltValue(xlat 0) => 0
2026-09-09 19:33:22.085 I  PeachCommander[19414:fac3] [com.apple.CarbonCore:gestalt] SetGestaltValue SetGestaltValue(stdf 0) => 0
2026-09-09 19:33:22.085 I  PeachCommander[19414:fac3] [com.apple.CarbonCore:gestalt] _NewGestalt _NewGestalt(ram  0x1878c3644) => 0
2026-09-09 19:33:22.085 I  PeachCommander[19414:fac3] [com.apple.CarbonCore:gestalt] _NewGestalt _NewGestalt(ramm 0x1878c3644) => 0
2026-09-09 19:33:22.085 I  PeachCommander[19414:fac3] [com.apple.CarbonCore:gestalt] _NewGestalt _NewGestalt(cput 0x1878c3734) => 0
2026-09-09 19:33:22.085 I  PeachCommander[19414:fac3] [com.apple.CarbonCore:gestalt] _NewGestalt _NewGestalt(cpuf 0x1878c3764) => 0
2026-09-09 19:33:22.085 I  PeachCommander[19414:fac3] [com.apple.CarbonCore:gestalt] _NewGestalt _NewGestalt(bclk 0x1878c3794) => 0
2026-09-09 19:33:22.085 I  PeachCommander[19414:fac3] [com.apple.CarbonCore:gestalt] _NewGestalt _NewGestalt(bclm 0x1878c3794) => 0
2026-09-09 19:33:22.085 I  PeachCommander[19414:fac3] [com.apple.CarbonCore:gestalt] _NewGestalt _NewGestalt(pclk 0x1878c3834) => 0
2026-09-09 19:33:22.085 I  PeachCommander[19414:fac3] [com.apple.CarbonCore:gestalt] _NewGestalt _NewGestalt(mclk 0x1878c3834) => 0
2026-09-09 19:33:22.085 I  PeachCommander[19414:fac3] [com.apple.CarbonCore:gestalt] _NewGestalt _NewGestalt(a/ux 0x1878c394c) => 0
2026-09-09 19:33:22.085 I  PeachCommander[19414:fac3] [com.apple.CarbonCore:gestalt] _NewGestalt _NewGestalt(pgsz 0x1878c3954) => 0
2026-09-09 19:33:22.085 I  PeachCommander[19414:fac3] [com.apple.CarbonCore:gestalt] _NewGestalt _NewGestalt(csiz 0x1878c3994) => 0
2026-09-09 19:33:22.085 I  PeachCommander[19414:fac3] [com.apple.CarbonCore:gestalt] _NewGestalt _NewGestalt(sysv 0x18786edfc) => 0
2026-09-09 19:33:22.085 I  PeachCommander[19414:fac3] [com.apple.CarbonCore:gestalt] _NewGestalt _NewGestalt(sys1 0x18786edfc) => 0
2026-09-09 19:33:22.085 I  PeachCommander[19414:fac3] [com.apple.CarbonCore:gestalt] _NewGestalt _NewGestalt(sys2 0x18786edfc) => 0
2026-09-09 19:33:22.085 I  PeachCommander[19414:fac3] [com.apple.CarbonCore:gestalt] _NewGestalt _NewGestalt(sys3 0x18786edfc) => 0
2026-09-09 19:33:22.085 I  PeachCommander[19414:fac3] [com.apple.CarbonCore:gestalt] _NewGestalt _NewGestalt(cdfl 0x1878c39d4) => 0
2026-09-09 19:33:22.085 I  PeachCommander[19414:fac3] [com.apple.CarbonCore:gestalt] _NewGestalt _NewGestalt(cdrm 0x1878c3c30) => 0
2026-09-09 19:33:22.085 I  PeachCommander[19414:fac3] [com.apple.CarbonCore:gestalt] _NewGestalt _NewGestalt(cpus 0x1878c3c78) => 0
2026-09-09 19:33:22.085 I  PeachCommander[19414:fac3] [com.apple.CarbonCore:gestalt] SetGestaltValue SetGestaltValue(swex 1) => 0
2026-09-09 19:33:22.085 Df PeachCommander[19414:fac3] [com.apple.xpc:connection] [0x88c5ff980] activating connection: mach=false listener=false peer=false name=com.apple.hiservices-xpcservice
2026-09-09 19:33:22.086 I  PeachCommander[19414:fac3] [com.apple.CFPasteboard:entry] CopyData('ApplePerContextInputPasteboard' (<CFUUID 0x88dc15b00> 29719503-AE50-47D9-B4C1-994DA54E842B) gen: -1 item: 1264739405 flavor: 'ApplePerContextInputFlavor')
2026-09-09 19:33:22.086 I  PeachCommander[19414:fac3] [com.apple.CFPasteboard:cache] Rebuilding cache for 'ApplePerContextInputPasteboard' (<CFUUID 0x88dc15b00> 29719503-AE50-47D9-B4C1-994DA54E842B)
2026-09-09 19:33:22.086 I  PeachCommander[19414:fac3] [com.apple.CFPasteboard:general] Will request data from daemon
2026-09-09 19:33:22.086 I  PeachCommander[19414:fac3] [com.apple.CFPasteboard:exit] (not-in-cache) - result: 0 generation: 1 data (182 bytes) flags: 0
2026-09-09 19:33:22.086 I  PeachCommander[19414:fac3] [com.apple.CFPasteboard:entry] CopyData('DefaultAsciiKeyboardLayoutPasteboard' (<CFUUID 0x88d1d4700> 6330DB1A-BE33-4C4B-BE51-41D400525337) gen: -1 item: 1264739405 flavor: 'DefaultAsciiKeyboardLayoutFlavor')
2026-09-09 19:33:22.086 I  PeachCommander[19414:fac3] [com.apple.CFPasteboard:exit] (not-in-cache) - result: -8 generation: 0 null data flags: 0
2026-09-09 19:33:22.090 I  PeachCommander[19414:fac3] [com.apple.AppKit:Window] context (0 -> 61c533c2) for window 3e7
2026-09-09 19:33:22.090 Df PeachCommander[19414:fac3] [com.apple.inputmethodkitClient:Client] +[IMKClient subclass]: chose IMKClient_Modern
2026-09-09 19:33:22.091 Df PeachCommander[19414:fac3] [com.apple.BoardServices:XPCErrors] [C:2] Alloc com.apple.backboard.hid-services.xpc
2026-09-09 19:33:22.091 Df PeachCommander[19414:fac3] [com.apple.xpc:connection] [0x88c5ffac0] activating connection: mach=false listener=false peer=false name=(anonymous)
2026-09-09 19:33:22.091 E  PeachCommander[19414:face] [com.apple.BaseBoard:Common] Unable to obtain a task name port right for pid 167: (os/kern) failure (0x5)
2026-09-09 19:33:22.091 Df PeachCommander[19414:face] [com.apple.xpc:connection] [0x88c5fe940] activating connection: mach=false listener=false peer=false name=com.apple.TextInputUI.xpc.CursorUIViewService
2026-09-09 19:33:22.091 Df PeachCommander[19414:face] [com.apple.xpc:connection] [0x88c5fe940] invalidated after the last release of the connection object
2026-09-09 19:33:22.091 I  PeachCommander[19414:fac3] [com.apple.CFPasteboard:entry] CopyData('DefaultAsciiKeyboardLayoutPasteboard' (<CFUUID 0x88d1d4700> 6330DB1A-BE33-4C4B-BE51-41D400525337) gen: -1 item: 1264739405 flavor: 'DefaultAsciiKeyboardLayoutFlavor')
2026-09-09 19:33:22.091 I  PeachCommander[19414:fac3] [com.apple.CFPasteboard:exit] (not-in-cache) - result: -8 generation: 0 null data flags: 0
2026-09-09 19:33:22.092 Df PeachCommander[19414:fac3] [com.apple.xpc:connection] [0x88c5fe6c0] activating connection: mach=false listener=false peer=false name=(anonymous)
2026-09-09 19:33:22.092 Df PeachCommander[19414:fac3] [com.apple.xpc:connection] [0x88c5fe940] activating connection: mach=false listener=false peer=false name=com.apple.ViewBridgeAuxiliary
2026-09-09 19:33:22.092 Df PeachCommander[19414:fac3] [com.apple.xpc:connection] [0x88c5fe1c0] activating connection: mach=false listener=false peer=false name=(anonymous)
2026-09-09 19:33:22.092 Df PeachCommander[19414:fac3] [com.apple.xpc:connection] [0x88c5fe940] invalidated after the last release of the connection object
2026-09-09 19:33:22.107 Df PeachCommander[19414:fac3] [com.apple.TextInputUI:CursorUI] -[TUINSCursorUIController activate:]_block_invoke: Create CursorUIViewService: TUINSRemoteViewController
2026-09-09 19:33:22.107 I  PeachCommander[19414:fac3] [com.apple.AppKit:Window] window <TUINSWindow: 0x88c05a300> windowNumber=3e7 finishing close
2026-09-09 19:33:22.107 I  PeachCommander[19414:fac3] [com.apple.AppKit:Window] order window: 3e7 op: 0 relative: 0 related: 0
2026-09-09 19:33:22.109 A  PeachCommander[19414:fad5] (CoreFoundation) Loading Preferences From System CFPrefsD
2026-09-09 19:33:22.192 Df PeachCommander[19414:fac3] [com.apple.BoardServices:XPCErrors] [C:3] Alloc com.apple.backboard.hid-services.xpc
2026-09-09 19:33:22.192 Df PeachCommander[19414:fac3] [com.apple.xpc:connection] [0x88c5fde00] activating connection: mach=false listener=false peer=false name=(anonymous)
2026-09-09 19:33:22.193 Df PeachCommander[19414:fad0] [com.apple.BackBoard:EventDelivery] BKSHIDEventDeliveryManager - connection activation
2026-09-09 19:33:22.207 I  PeachCommander[19414:fac3] [com.apple.iconservices:foundation] layer data size zero
2026-09-09 19:33:22.208 A  PeachCommander[19414:fac3] (CoreFoundation) Loading Preferences From User CFPrefsD
2026-09-09 19:33:22.208 I  PeachCommander[19414:fac3] [com.apple.CoreAnalytics:client] Dropping "com.apple.ImageIO.readerSelection" as it isn't used in any transform (not in the config or budgeted?)
2026-09-09 19:33:22.226 A  PeachCommander[19414:fad0] (libsystem_info.dylib) Retrieve Group by ID
2026-09-09 19:33:22.226 I  PeachCommander[19414:fac3] [com.peachcommander:PCFoundation] Session restored
2026-09-09 19:33:22.226 Df PeachCommander[19414:fac3] (Foundation) <private>
2026-09-09 19:33:22.226 I  PeachCommander[19414:fac3] [com.peachcommander:PCFoundation] [automation] running /Users/admin/auto.txt
2026-09-09 19:33:22.226 Df PeachCommander[19414:fac3] (Foundation) <private>
2026-09-09 19:33:22.226 I  PeachCommander[19414:fac3] [com.peachcommander:PCFoundation] [automation] > probe /Users/admin/tabgone-seed.txt|mkdir -p ~/pc-tabs/keep ~/pc-tabs/doomed/deeper && touch ~/pc-tabs/keep/k.txt ~/pc-tabs/doomed/deeper/x.txt && echo built
2026-09-09 19:33:22.237 Df PeachCommander[19414:fac3] (Foundation) <private>
2026-09-09 19:33:22.237 I  PeachCommander[19414:fac3] [com.peachcommander:PCFoundation] [automation] > active left
2026-09-09 19:33:22.237 Df PeachCommander[19414:fac3] (Foundation) <private>
2026-09-09 19:33:22.237 I  PeachCommander[19414:fac3] [com.peachcommander:PCFoundation] [automation] > left /Users/admin/pc-tabs/keep
2026-09-09 19:33:22.300 I  PeachCommander[19414:fac3] [com.apple.CoreAnalytics:client] Dropping "com.apple.appkit.app_config" as it isn't used in any transform (not in the config or budgeted?)
2026-09-09 19:33:22.301 I  PeachCommander[19414:fac3] [com.apple.launchservices:datasep] application record search init. Node: <FSNode 0x88dfd45e0> { isDir = y, path = <private> } bundleID: (null) itemID: 0
2026-09-09 19:33:22.301 I  PeachCommander[19414:fac3] [com.apple.launchservices:datasep] application record search init. Node: <FSNode 0x88dfd45e0> { isDir = y, path = <private> } bundleID: (null) itemID: 0
2026-09-09 19:33:22.302 I  PeachCommander[19414:fac3] [com.apple.SafariPlatformSupport:SafariPlatformSupport] -[SFSafariPlatformSupport credentialSelected:] with nil credential
2026-09-09 19:33:22.302 I  PeachCommander[19414:fac3] [com.apple.SafariPlatformSupport:SafariPlatformSupport] -[SFSafariPlatformSupport oneTimeCodeSelected:] with nil code
2026-09-09 19:33:22.311 I  PeachCommander[19414:faca] [com.apple.AppKit:WindowTab] Indexing 1 items
2026-09-09 19:33:22.311 A  PeachCommander[19414:faca] (CoreSpotlight) end-index-batch
2026-09-09 19:33:22.311 Df PeachCommander[19414:faca] [com.apple.corespotlight:index] *warn* MailCS ======%%% _setMailMessageAttributes skip:1
2026-09-09 19:33:22.311 A  PeachCommander[19414:faca] (CoreSpotlight) index-items
2026-09-09 19:33:22.311 Df PeachCommander[19414:faca] [com.apple.corespotlight:index] CSInlineDonation:<private>: Skipping donation (feature flag disabled)
2026-09-09 19:33:22.312 Df PeachCommander[19414:faca] [com.apple.corespotlight:index] CSInlineDonation:<private>: Skipping donation (feature flag disabled)
2026-09-09 19:33:22.433 I  PeachCommander[19414:fac3] [com.apple.HIToolbox:MBDisplays] <private>
2026-09-09 19:33:22.433 I  PeachCommander[19414:fac3] [com.apple.HIToolbox:MBDisplays] <private>
2026-09-09 19:33:22.715 Df PeachCommander[19414:fad5] [com.apple.xpc:connection] [0x88c5fe300] activating connection: mach=false listener=false peer=false name=com.apple.SafariPlatformSupport.Helper
2026-09-09 19:33:22.735 Df PeachCommander[19414:fac3] (Foundation) <private>
2026-09-09 19:33:22.735 I  PeachCommander[19414:fac3] [com.peachcommander:PCFoundation] [automation] > wait 900
2026-09-09 19:33:22.747 I  PeachCommander[19414:fac3] [com.apple.AppKit:Image] ISImage reported a placeholder, image rep is providing a placeholder image for <private>
2026-09-09 19:33:22.747 I  PeachCommander[19414:fac3] [com.apple.AppKit:Image] ISImage reported a placeholder, image rep is providing a placeholder image for <private>
2026-09-09 19:33:22.748 I  PeachCommander[19414:facf] [com.apple.iconservices:foundation] layer data size zero
2026-09-09 19:33:22.750 I  PeachCommander[19414:face] [com.apple.iconservices:foundation] layer data size zero
2026-09-09 19:33:22.758 I  PeachCommander[19414:fac3] [com.apple.iconservices:foundation] layer data size zero
2026-09-09 19:33:22.758 I  PeachCommander[19414:fac3] [com.apple.AppKit:Image] ISImage reported a placeholder, image rep is providing a placeholder image for <private>
2026-09-09 19:33:22.775 Df PeachCommander[19414:fac9] [com.apple.xpc:connection] [0x88c5fe300] invalidated after the last release of the connection object
2026-09-09 19:33:22.776 I  PeachCommander[19414:fac3] [com.apple.launchservices:cas] Removing cached information for app [ 0x0-0xf20f2]  "PeachCommander", as its seed is different from that in shared memory ( 535 vs 537)
2026-09-09 19:33:22.776 Df PeachCommander[19414:fac3] [com.apple.xpc:connection] [0x88c5ff0c0] activating connection: mach=false listener=false peer=false name=(anonymous)
2026-09-09 19:33:22.777 Df PeachCommander[19414:fac3] [com.apple.xpc:connection] [0x88c5fe300] activating connection: mach=false listener=false peer=false name=(anonymous)
2026-09-09 19:33:22.816 I  PeachCommander[19414:fac3] [com.apple.iconservices:foundation] layer data size zero
2026-09-09 19:33:22.907 I  PeachCommander[19414:fac3] [com.apple.SafariPlatformSupport:SafariPlatformSupport] -[SPSafariPlatformSupport completionListPreferredContentSizeDidUpdate] with size {0, 0}, in window that is visible
2026-09-09 19:33:23.012 I  PeachCommander[19414:fac9] [com.apple.AppKit:WindowTab] Indexing 1 items
2026-09-09 19:33:23.012 A  PeachCommander[19414:fac9] (CoreSpotlight) end-index-batch
2026-09-09 19:33:23.012 A  PeachCommander[19414:fac9] (CoreSpotlight) index-items
2026-09-09 19:33:23.012 Df PeachCommander[19414:fac9] [com.apple.corespotlight:index] CSInlineDonation:<private>: Skipping donation (feature flag disabled)
2026-09-09 19:33:23.012 Df PeachCommander[19414:fac9] [com.apple.corespotlight:index] CSInlineDonation:<private>: Skipping donation (feature flag disabled)
2026-09-09 19:33:23.656 Df PeachCommander[19414:fac3] (Foundation) <private>
2026-09-09 19:33:23.656 I  PeachCommander[19414:fac3] [com.peachcommander:PCFoundation] [automation] > cmd cm_OpenNewTab
2026-09-09 19:33:23.656 Df PeachCommander[19414:fac3] (Foundation) <private>
2026-09-09 19:33:23.656 I  PeachCommander[19414:fac3] [com.peachcommander:PCFoundation] [automation] > wait 900
2026-09-09 19:33:24.624 Df PeachCommander[19414:fac3] (Foundation) <private>
2026-09-09 19:33:24.624 I  PeachCommander[19414:fac3] [com.peachcommander:PCFoundation] [automation] > left /Users/admin/pc-tabs/doomed/deeper
2026-09-09 19:33:24.629 Df PeachCommander[19414:fac3] (Foundation) <private>
2026-09-09 19:33:24.629 I  PeachCommander[19414:fac3] [com.peachcommander:PCFoundation] [automation] > wait 900
2026-09-09 19:33:24.767 I  PeachCommander[19414:fad0] [com.apple.AppKit:WindowTab] Indexing 1 items
2026-09-09 19:33:24.767 A  PeachCommander[19414:fad0] (CoreSpotlight) end-index-batch
2026-09-09 19:33:24.767 A  PeachCommander[19414:fad0] (CoreSpotlight) index-items
2026-09-09 19:33:24.767 Df PeachCommander[19414:fad0] [com.apple.corespotlight:index] CSInlineDonation:<private>: Skipping donation (feature flag disabled)
2026-09-09 19:33:24.767 Df PeachCommander[19414:fad0] [com.apple.corespotlight:index] CSInlineDonation:<private>: Skipping donation (feature flag disabled)
2026-09-09 19:33:25.580 Df PeachCommander[19414:fac3] (Foundation) <private>
2026-09-09 19:33:25.580 I  PeachCommander[19414:fac3] [com.peachcommander:PCFoundation] [automation] > cmd cm_NextTab
2026-09-09 19:33:25.581 Df PeachCommander[19414:fac3] (Foundation) <private>
2026-09-09 19:33:25.581 I  PeachCommander[19414:fac3] [com.peachcommander:PCFoundation] [automation] > wait 900
2026-09-09 19:33:25.695 I  PeachCommander[19414:facf] [com.apple.AppKit:WindowTab] Indexing 1 items
2026-09-09 19:33:25.695 A  PeachCommander[19414:facf] (CoreSpotlight) end-index-batch
2026-09-09 19:33:25.695 A  PeachCommander[19414:facf] (CoreSpotlight) index-items
2026-09-09 19:33:25.695 Df PeachCommander[19414:facf] [com.apple.corespotlight:index] CSInlineDonation:<private>: Skipping donation (feature flag disabled)
2026-09-09 19:33:25.695 Df PeachCommander[19414:facf] [com.apple.corespotlight:index] CSInlineDonation:<private>: Skipping donation (feature flag disabled)
2026-09-09 19:33:26.500 Df PeachCommander[19414:fac3] (Foundation) <private>
2026-09-09 19:33:26.500 I  PeachCommander[19414:fac3] [com.peachcommander:PCFoundation] [automation] > probe /Users/admin/tabgone-rm.txt|rm -rf ~/pc-tabs/doomed && echo removed
2026-09-09 19:33:26.580 Df PeachCommander[19414:fac3] (Foundation) <private>
2026-09-09 19:33:26.580 I  PeachCommander[19414:fac3] [com.peachcommander:PCFoundation] [automation] > wait 400
2026-09-09 19:33:27.015 Df PeachCommander[19414:fac3] (Foundation) <private>
2026-09-09 19:33:27.015 I  PeachCommander[19414:fac3] [com.peachcommander:PCFoundation] [automation] > cmd cm_NextTab
2026-09-09 19:33:27.015 Df PeachCommander[19414:fac3] (Foundation) <private>
2026-09-09 19:33:27.015 I  PeachCommander[19414:fac3] [com.peachcommander:PCFoundation] [automation] > wait 2000
2026-09-09 19:33:27.016 E  PeachCommander[19414:fac3] [com.peachcommander:PCFoundation] Failed to load directory <private>: Error Domain=PCVFS.VFSError Code=0
2026-09-09 19:33:27.016 E  PeachCommander[19414:fac3] [com.peachcommander:PCFoundation] Failed to load directory <private>: Error Domain=PCVFS.VFSError Code=0
2026-09-09 19:33:27.127 I  PeachCommander[19414:fad0] [com.apple.AppKit:WindowTab] Indexing 1 items
2026-09-09 19:33:27.127 A  PeachCommander[19414:fad0] (CoreSpotlight) end-index-batch
2026-09-09 19:33:27.127 A  PeachCommander[19414:fad0] (CoreSpotlight) index-items
2026-09-09 19:33:27.127 Df PeachCommander[19414:fad0] [com.apple.corespotlight:index] CSInlineDonation:<private>: Skipping donation (feature flag disabled)
2026-09-09 19:33:27.127 Df PeachCommander[19414:fad0] [com.apple.corespotlight:index] CSInlineDonation:<private>: Skipping donation (feature flag disabled)
2026-09-09 19:33:29.156 Df PeachCommander[19414:fac3] (Foundation) <private>
2026-09-09 19:33:29.156 I  PeachCommander[19414:fac3] [com.peachcommander:PCFoundation] [automation] > drivebardump /Users/admin/tab-path-gone.txt
2026-09-09 19:33:29.158 Df PeachCommander[19414:fac3] (Foundation) <private>
2026-09-09 19:33:29.158 I  PeachCommander[19414:fac3] [com.peachcommander:PCFoundation] [automation] done
