Timestamp               Ty Process[PID:TID]
2026-09-16 15:54:33.853 A  PeachCommander[25191:1419a] (libsystem_info.dylib) Retrieve User by ID
2026-09-16 15:54:33.854 Df PeachCommander[25191:1419a] [com.apple.xpc:connection] [0x10628e4d0] activating connection: mach=true listener=false peer=false name=com.apple.cfprefsd.daemon
2026-09-16 15:54:33.854 Df PeachCommander[25191:141a0] [com.apple.xpc:connection] [0x10628f5d0] activating connection: mach=true listener=false peer=false name=com.apple.cfprefsd.agent
2026-09-16 15:54:33.855 Df PeachCommander[25191:1419a] [com.apple.xpc:connection] [0x106293c30] activating connection: mach=true listener=false peer=false name=com.apple.coreservices.launchservicesd
2026-09-16 15:54:33.856 I  PeachCommander[25191:1419a] [com.apple.launchservices:cas] Registering for notification <private> on default queue, to re-boostrap client connection.
2026-09-16 15:54:33.856 Df PeachCommander[25191:1419a] [com.apple.xpc:connection] [0x932c80000] activating connection: mach=true listener=false peer=false name=com.apple.pasteboard.1
2026-09-16 15:54:33.856 Df PeachCommander[25191:1419a] [com.apple.xpc:connection] [0x932c80140] activating connection: mach=true listener=false peer=false name=com.apple.distributed_notifications@Uv3
2026-09-16 15:54:33.858 Df PeachCommander[25191:1419a] [com.apple.AppKit:AutomaticTermination] void _NSDisableAutomaticTerminationAndLog(NSString *) No windows open yet
2026-09-16 15:54:33.858 A  PeachCommander[25191:1419a] (TCC) TCCAccessRequest() IPC
2026-09-16 15:54:33.858 Df PeachCommander[25191:1419a] [com.apple.xpc:connection] [0x932c80280] activating connection: mach=true listener=false peer=false name=com.apple.tccd.system
2026-09-16 15:54:33.858 I  PeachCommander[25191:1419a] [com.apple.TCC:access] SEND: 0/7 synchronous to com.apple.tccd.system: request: msgID=25191.1, function=TCCAccessRequest, service=kTCCServiceListenEvent,
2026-09-16 15:54:33.860 I  PeachCommander[25191:1419a] [com.apple.TCC:access] RECV: synchronous reply <dictionary: 0x932c50000> { count = 5, transaction: 0, voucher = 0x0, contents =
	"prompt_type" => <uint64: 0x8ce04910967c43cf>: 1
	"auth_value" => <uint64: 0x8ce04910967c43cf>: 1
	"preflight_unknown" => <bool: 0x1f3191190>: true
	"auth_version" => <uint64: 0x8ce04910967c43cf>: 1
	"auth_reason" => <uint64: 0x8ce04910967c43ef>: 5
}
2026-09-16 15:54:33.860 Df PeachCommander[25191:1419a] [com.apple.xpc:connection] [0x932c80280] invalidated after the last release of the connection object
2026-09-16 15:54:33.860 Df PeachCommander[25191:1419a] [com.apple.SkyLight:default] server port 0x00002f0b, session port 0x00002f0b
2026-09-16 15:54:33.863 Df PeachCommander[25191:1419a] [com.apple.SkyLight:default] New connection 0x42bfb main
2026-09-16 15:54:33.863 I  PeachCommander[25191:141a0] [com.apple.SkyLight:processes] 0[outside of RPC]: First connection id 273403 mapped to ctx = 0x932c30f80
2026-09-16 15:54:33.864 I  PeachCommander[25191:1419a] [com.apple.hiservices:processmgr] Checking in with CAS, pid=25191
2026-09-16 15:54:33.864 I  PeachCommander[25191:1419a] [com.apple.launchservices:cas] LSApplicationCheckIn(), app being registered is:"/Users/admin/pc-test/PeachCommander.app/Contents/MacOS/PeachCommander"
2026-09-16 15:54:33.865 I  PeachCommander[25191:1419a] [com.apple.launchservices:cas]  { "ApplicationType"="Foreground", "BuildMachineOSBuild"="25E246", "CFBundleDevelopmentRegion"="en", "CFBundleDocumentTypes"=( { "CFBundleTypeName"="Peach Commander Plugin Package", "CFBundleTypeRole"="Viewer", "LSHandlerRank"="Owner", "LSItemContentTypes"=( "com.peachcommander.plugin-package") }, { "CFBundleTypeName"="Peach Commander Workspace", "CFBundleTypeRole"="Viewer", "LSHandlerRank"="Owner", "LSItemContentTypes"=( "com.peachcommander.workspace") }), "CFBundleExecutable"="PeachCommander", "CFBundleExecutablePath"="/Users/admin/pc-test/PeachCommander.app/Contents/MacOS/PeachCommander", "CFBundleHelpBookFolder"="PeachCommander.help", "CFBundleHelpBookName"="Peach Commander Help", "CFBundleIconFile"="AppIcon", "CFBundleIconName"="AppIcon", "CFBundleIdentifier"="com.peachcommander.app", "CFBundleInfoDictionaryVersion"="6.0", "CFBundleName"="PeachCommander", "CFBundleNumericVersion"=419463168, "CFBundlePackageType"="APPL", "CFBundleShortVersionString"="0.9.1", "CFBundleSignature"="?????", "CFBundleS<…>
2026-09-16 15:54:33.865 Df PeachCommander[25191:1419a] [com.apple.processmanager:front-35286506] CHECKIN: pid=25191
2026-09-16 15:54:33.866 Df PeachCommander[25191:1419a] [com.apple.processmanager:front-35286506] CHECKEDIN: pid=25191 asn=0x0-0x11e11e foreground=1
2026-09-16 15:54:33.866 I  PeachCommander[25191:1419a] [com.apple.launchservices:cas] Setting processControlState to default PROC_SETPC_SUSPEND because application does not have LSProcessControlValue key
2026-09-16 15:54:33.866 Df PeachCommander[25191:1419a] [com.apple.xpc:connection] [0x932c80280] activating connection: mach=false listener=true peer=false name=(anonymous)
2026-09-16 15:54:33.866 Df PeachCommander[25191:1419a] [com.apple.xpc:connection] [0x932c80280] Connection returned listener port: 0x5303
2026-09-16 15:54:33.867 Df PeachCommander[25191:141a1] [com.apple.xpc:connection] [0x933088300] activating connection: mach=false listener=false peer=true name=com.apple.xpc.anonymous.0x932c80280.peer[131].0x933088300
2026-09-16 15:54:33.867 Df PeachCommander[25191:1419a] [com.apple.processmanager:front-35286506] FRONTLOGGING: version 1
2026-09-16 15:54:33.867 Df PeachCommander[25191:1419a] [com.apple.processmanager:front-35286506] Registered, pid=25191 ASN=0x0,0x11e11e
2026-09-16 15:54:33.867 Df PeachCommander[25191:1419a] [com.apple.xpc:connection] [0x932c803c0] activating connection: mach=true listener=false peer=false name=com.apple.analyticsd
2026-09-16 15:54:33.867 I  PeachCommander[25191:1419a] [com.apple.CoreAnalytics:client] Daemon status changed from 0 to 1
2026-09-16 15:54:33.867 I  PeachCommander[25191:141a1] [com.apple.CarbonCore:coreservicesdaemon] SCSession():SCSession( id=100, this=0x0x10629b670 option=65538) created, forUID=501 mach_port_t=0x4d03.
2026-09-16 15:54:33.867 I  PeachCommander[25191:141a1] [com.apple.CarbonCore:coreservicesdaemon] SCSession():SCSession( id=101, this=0x0x10629b7b0 option=65538) created, forUID=501 mach_port_t=0x4103.
2026-09-16 15:54:33.867 I  PeachCommander[25191:141a1] [com.apple.CarbonCore:coreservicesdaemon] connectToCoreServicesD():Instantiating server (coreservicesd based) SCSession, port=0x4d03 serverOptions=0x10002.
2026-09-16 15:54:33.867 I  PeachCommander[25191:1419a] [com.apple.hiservices:processmgr] _RegisterApplication( pid 25191 => 0x0,0x11e11e) type=foreground
2026-09-16 15:54:33.867 Df PeachCommander[25191:1419a] [com.apple.xpc:connection] [0x932c80280] Connection returned listener port: 0x5303
2026-09-16 15:54:33.868 I  PeachCommander[25191:1419a] [com.apple.launchservices:cas] CFArrayRef _LSCopyLaunchModifiers(LSSessionID, LSASNRef _Nonnull), result for psn [ kLSCurrentApp ASN, 0x0,0x2]  is 1 items.
2026-09-16 15:54:33.868 Df PeachCommander[25191:1419a] [com.apple.processmanager:front-35286506] BringForward: pid=25191 asn=0x0-0x11e11e bringForward=1 foreground=1 uiElement=0 launchedByLS=1 modifiersCount=1 allDisabled=1
2026-09-16 15:54:33.868 Df PeachCommander[25191:1419a] [com.apple.processmanager:front-35286506] BringFrontModifier: pid=25191 asn=0x0-0x11e11e Modifier 0 hideAfter=0 hideOthers=0 dontMakeFrontmost=0 mouseDown=0/0 seed=0/0
2026-09-16 15:54:33.868 Df PeachCommander[25191:1419a] [com.apple.processmanager:front-35286506] BringForward: pid=25191 asn=0x0-0x11e11e
2026-09-16 15:54:33.868 Df PeachCommander[25191:1419a] [com.apple.processmanager:front-35286506] SetFrontProcess: asn=0x0-0x11e11e options=0
2026-09-16 15:54:33.868 I  PeachCommander[25191:1419a] [com.apple.SkyLight:processes] 0[outside of RPC]: SLPSetFrontProcess(0x0-0x11e11e window=0 options=0x0
2026-09-16 15:54:33.868 Df PeachCommander[25191:141a1] [com.apple.xpc:connection] [0x932c80500] activating connection: mach=true listener=false peer=false name=com.apple.lsd.mapdb
2026-09-16 15:54:33.870 Df PeachCommander[25191:1419a] [com.apple.AppKit:Appearance] Current system appearance, (HLTB: 1), (SLS: 0)
2026-09-16 15:54:33.871 Df PeachCommander[25191:1419a] (libMobileGestalt.dylib) No persisted cache on this platform.
2026-09-16 15:54:33.871 I  PeachCommander[25191:141a5] [com.apple.launchservices:cas] information in shared memory for 0x0-0x11e11e with seed 533 was still valid, so using cached info { "ApplicationType"="Foreground", "BuildMachineOSBuild"="25E246", "BundleIdentifierLowerCase"="com.peachcommander.app", "CFBundleDevelopmentRegion"="en", "CFBundleDocumentTypes"=( { "CFBundleTypeName"="Peach Commander Plugin Package", "CFBundleTypeRole"="Viewer", "LSHandlerRank"="Owner", "LSItemContentTypes"=( "com.peachcommander.plugin-package") }, { "CFBundleTypeName"="Peach Commander Workspace", "CFBundleTypeRole"="Viewer", "LSHandlerRank"="Owner", "LSItemContentTypes"=( "com.peachcommander.workspace") }), "CFBundleExecutable"="PeachCommander", "CFBundleExecutablePath"="/Users/admin/pc-test/PeachCommander.app/Contents/MacOS/PeachCommander", "CFBundleExecutablePathDeviceID"=16777225, "CFBundleExecutablePathINode"=488203, "CFBundleHelpBookFolder"="PeachCommander.help", "CFBundleHelpBookName"="Peach Commander Help", "CFBundleIconFile"="AppIcon", "CFBundleIconName"="AppIcon", "CFBundleIdentifier"="com.peachcommander.app", "CFBundleInfoDictionaryVersion"="6.0", "CFBundleName"="PeachCo<…>
2026-09-16 15:54:33.872 Df PeachCommander[25191:1419a] (libMobileGestalt.dylib) Could not get size of EAN data (IOConnectCallScalarMethod kAppleNVMeEANGetSize returned 0xE00002E2)
2026-09-16 15:54:33.872 Df PeachCommander[25191:1419a] (libMobileGestalt.dylib) Failed to copy 'aptk' from EAN
2026-09-16 15:54:33.872 Df PeachCommander[25191:1419a] (libMobileGestalt.dylib) Failed to copy APTicket properties. Falling back to default policy.
2026-09-16 15:54:33.872 Df PeachCommander[25191:1419a] (libMobileGestalt.dylib) Creating default MGSysConfigPolicy
2026-09-16 15:54:33.872 I  PeachCommander[25191:141a1] [com.apple.launchservices:db] LaunchServices database schema version: 20971544
2026-09-16 15:54:33.872 Df PeachCommander[25191:1419a] (libMobileGestalt.dylib) CFDictionaryRef copySyscfgDictionary(void) enumeration of <private> failed.
2026-09-16 15:54:33.872 Df PeachCommander[25191:1419a] (libMobileGestalt.dylib) Failed to find key <private>
2026-09-16 15:54:33.873 Df PeachCommander[25191:1419a] [com.apple.AppKit:Appearance] Current system appearance, (HLTB: 1), (SLS: 0)
2026-09-16 15:54:33.873 Df PeachCommander[25191:1419a] [com.apple.AppKit:Appearance] Post-registration system appearance: (HLTB: 1)
2026-09-16 15:54:33.875 Df PeachCommander[25191:141a5] [com.apple.CoreAnalytics:client] Received configuration update from daemon (initial)
2026-09-16 15:54:33.875 I  PeachCommander[25191:141a1] [com.apple.launchservices:default] Unable to load Info.plist exceptions (eGPUOverrides)
2026-09-16 15:54:33.875 I  PeachCommander[25191:141a1] [com.apple.launchservices:default] Unable to load Info.plist exceptions (gameModeOverrides)
2026-09-16 15:54:33.875 I  PeachCommander[25191:141a1] [com.apple.launchservices:default] Unable to load Info.plist exceptions (identifiedGameOverrides)
2026-09-16 15:54:33.875 I  PeachCommander[25191:141a1] [com.apple.launchservices:default] Unable to load Info.plist exceptions (SystemHiddenPreferred)
2026-09-16 15:54:33.876 Df PeachCommander[25191:1419a] [com.apple.FrontBoard:Common] FBSWorkspace: endpoint monitoring is disabled.
2026-09-16 15:54:33.876 Df PeachCommander[25191:1419a] [com.apple.FrontBoard:Common] FBSWorkspace: default shell endpoint is disabled.
2026-09-16 15:54:33.876 Df PeachCommander[25191:1419a] [com.apple.runningboard:connection] Initializing connection
2026-09-16 15:54:33.876 Df PeachCommander[25191:1419a] [com.apple.runningboard:process] Removing all cached process handles
2026-09-16 15:54:33.876 Df PeachCommander[25191:141a0] [com.apple.runningboard:connection] Sending handshake request attempt #1 to server
2026-09-16 15:54:33.876 Df PeachCommander[25191:141a0] [com.apple.runningboard:connection] Creating connection to com.apple.runningboard
2026-09-16 15:54:33.876 Df PeachCommander[25191:141a0] [com.apple.xpc:connection] [0x932c80640] activating connection: mach=true listener=false peer=false name=com.apple.runningboard
2026-09-16 15:54:33.877 Df PeachCommander[25191:1419a] [com.apple.xpc:connection] [0x932c80280] Connection returned listener port: 0x5303
2026-09-16 15:54:33.877 A  PeachCommander[25191:141a5] (RunningBoardServices) didChangeInheritances
2026-09-16 15:54:33.877 I  PeachCommander[25191:1419a] [com.apple.launchservices:cas] information in shared memory for 0x0-0x11e11e with seed 533 was still valid, so using cached info { "ApplicationType"="Foreground", "BuildMachineOSBuild"="25E246", "BundleIdentifierLowerCase"="com.peachcommander.app", "CFBundleDevelopmentRegion"="en", "CFBundleDocumentTypes"=( { "CFBundleTypeName"="Peach Commander Plugin Package", "CFBundleTypeRole"="Viewer", "LSHandlerRank"="Owner", "LSItemContentTypes"=( "com.peachcommander.plugin-package") }, { "CFBundleTypeName"="Peach Commander Workspace", "CFBundleTypeRole"="Viewer", "LSHandlerRank"="Owner", "LSItemContentTypes"=( "com.peachcommander.workspace") }), "CFBundleExecutable"="PeachCommander", "CFBundleExecutablePath"="/Users/admin/pc-test/PeachCommander.app/Contents/MacOS/PeachCommander", "CFBundleExecutablePathDeviceID"=16777225, "CFBundleExecutablePathINode"=488203, "CFBundleHelpBookFolder"="PeachCommander.help", "CFBundleHelpBookName"="Peach Commander Help", "CFBundleIconFile"="AppIcon", "CFBundleIconName"="AppIcon", "CFBundleIdentifier"="com.peachcommander.app", "CFBundleInfoDictionaryVersion"="6.0", "CFBundleName"="PeachCo<…>
2026-09-16 15:54:33.877 Df PeachCommander[25191:141a0] [com.apple.runningboard:connection] Handshake succeeded
2026-09-16 15:54:33.877 Df PeachCommander[25191:141a0] [com.apple.runningboard:connection] Identity resolved as app<application.com.peachcommander.app.487009.488203(501)>
2026-09-16 15:54:33.879 Df PeachCommander[25191:1419a] [com.apple.xpc:connection] [0x932c80280] Connection returned listener port: 0x5303
2026-09-16 15:54:33.880 A  PeachCommander[25191:141a6] (AppIntents) appintents:register process
2026-09-16 15:54:33.880 Df PeachCommander[25191:141a6] [com.apple.appintents:Connection] Created a new Process Instance Registry XPC connection (inactive)
2026-09-16 15:54:33.880 Df PeachCommander[25191:141a6] [com.apple.xpc:connection] [0x932c80780] activating connection: mach=true listener=false peer=false name=com.apple.linkd.autoShortcut
2026-09-16 15:54:33.880 Df PeachCommander[25191:141a6] [com.apple.appintents:Connection] Activated connection to linkd (ApplicationService)
2026-09-16 15:54:33.880 Df PeachCommander[25191:141a6] [com.apple.xpc:connection] [0x932c80a00] activating connection: mach=false listener=true peer=false name=(anonymous)
2026-09-16 15:54:33.880 I  PeachCommander[25191:1419a] [com.apple.launchservices:cas] information in shared memory for 0x0-0x11e11e with seed 533 was still valid, so using cached info { "ApplicationType"="Foreground", "BuildMachineOSBuild"="25E246", "BundleIdentifierLowerCase"="com.peachcommander.app", "CFBundleDevelopmentRegion"="en", "CFBundleDocumentTypes"=( { "CFBundleTypeName"="Peach Commander Plugin Package", "CFBundleTypeRole"="Viewer", "LSHandlerRank"="Owner", "LSItemContentTypes"=( "com.peachcommander.plugin-package") }, { "CFBundleTypeName"="Peach Commander Workspace", "CFBundleTypeRole"="Viewer", "LSHandlerRank"="Owner", "LSItemContentTypes"=( "com.peachcommander.workspace") }), "CFBundleExecutable"="PeachCommander", "CFBundleExecutablePath"="/Users/admin/pc-test/PeachCommander.app/Contents/MacOS/PeachCommander", "CFBundleExecutablePathDeviceID"=16777225, "CFBundleExecutablePathINode"=488203, "CFBundleHelpBookFolder"="PeachCommander.help", "CFBundleHelpBookName"="Peach Commander Help", "CFBundleIconFile"="AppIcon", "CFBundleIconName"="AppIcon", "CFBundleIdentifier"="com.peachcommander.app", "CFBundleInfoDictionaryVersion"="6.0", "CFBundleName"="PeachCo<…>
2026-09-16 15:54:33.880 I  PeachCommander[25191:1419a] [com.apple.hiservices:processmgr] TransformProcessType(0x0,0x2 => 1 wasFront=1 pickNew=0)
2026-09-16 15:54:33.881 I  PeachCommander[25191:1419a] [com.apple.CoreAnalytics:client] Dropping "com.apple.appkit.app_config" as it isn't used in any transform (not in the config or budgeted?)
2026-09-16 15:54:33.881 I  PeachCommander[25191:141a6] [com.apple.appintents:Execution] LNAppConnectionListener instantiated
2026-09-16 15:54:33.881 Df PeachCommander[25191:141a6] [com.apple.xpc:connection] [0x932c80a00] Connection returned listener port: 0x6b03
2026-09-16 15:54:33.881 Df PeachCommander[25191:1419a] [com.apple.dt.xctest:Default] Registering for test daemon availability notify post.
2026-09-16 15:54:33.881 Df PeachCommander[25191:1419a] [com.apple.dt.xctest:Default] notify_get_state check indicated test daemon not ready.
2026-09-16 15:54:33.882 Df PeachCommander[25191:141a5] [com.apple.xpc:connection] [0x932c80780] Re-initialization successful; calling out to event handler with XPC_ERROR_CONNECTION_INTERRUPTED
2026-09-16 15:54:33.882 Df PeachCommander[25191:141a5] [com.apple.appintents:Connection] Process Instance Registry XPC connection has been interrupted
2026-09-16 15:54:33.882 Df PeachCommander[25191:1419a] [com.apple.dt.xctest:Default] notify_get_state check indicated test daemon not ready.
2026-09-16 15:54:33.882 Df PeachCommander[25191:1419a] [com.apple.dt.xctest:Default] notify_get_state check indicated test daemon not ready.
2026-09-16 15:54:33.882 Df PeachCommander[25191:141a5] [com.apple.appintents:Connection] Created a new Process Instance Registry XPC connection (inactive)
2026-09-16 15:54:33.882 A  PeachCommander[25191:141a5] (AppIntents) appintents:register process
2026-09-16 15:54:33.882 Df PeachCommander[25191:141a5] [com.apple.appintents:Connection] Created a new Process Instance Registry XPC connection (inactive)
2026-09-16 15:54:33.882 Df PeachCommander[25191:141a5] [com.apple.xpc:connection] [0x932c80c80] activating connection: mach=true listener=false peer=false name=com.apple.linkd.autoShortcut
2026-09-16 15:54:33.882 Df PeachCommander[25191:141a5] [com.apple.appintents:Connection] Activated connection to linkd (ApplicationService)
2026-09-16 15:54:33.882 Df PeachCommander[25191:141a5] [com.apple.xpc:connection] [0x932c80a00] Connection returned listener port: 0x6b03
2026-09-16 15:54:33.882 E  PeachCommander[25191:141a6] [com.apple.appintents:Connection] Unable to get synchronousRemoteObjectProxy, error: Error Domain=NSCocoaErrorDomain Code=4097 "connection to service named com.apple.linkd.autoShortcut" UserInfo={NSDebugDescription=connection to service named com.apple.linkd.autoShortcut}
2026-09-16 15:54:33.882 E  PeachCommander[25191:141a6] [com.apple.AppKit:Application] Error registering app with intents framework: Error Domain=NSCocoaErrorDomain Code=4097 UserInfo={NSDebugDescription=<private>}
2026-09-16 15:54:33.882 Df PeachCommander[25191:141a0] [com.apple.xpc:connection] [0x932c80c80] Re-initialization successful; calling out to event handler with XPC_ERROR_CONNECTION_INTERRUPTED
2026-09-16 15:54:33.882 Df PeachCommander[25191:141a0] [com.apple.appintents:Connection] Process Instance Registry XPC connection has been interrupted
2026-09-16 15:54:33.882 E  PeachCommander[25191:141a5] [com.apple.appintents:Connection] Unable to get synchronousRemoteObjectProxy, error: Error Domain=NSCocoaErrorDomain Code=4097 "connection to service named com.apple.linkd.autoShortcut" UserInfo={NSDebugDescription=connection to service named com.apple.linkd.autoShortcut}
2026-09-16 15:54:33.882 E  PeachCommander[25191:141a5] [com.apple.appintents:Connection] Unable to re-register with Process Instance Registry, error: Error Domain=NSCocoaErrorDomain Code=4097 "connection to service named com.apple.linkd.autoShortcut" UserInfo={NSDebugDescription=connection to service named com.apple.linkd.autoShortcut}
2026-09-16 15:54:33.882 Df PeachCommander[25191:141a0] [com.apple.appintents:Connection] Created a new Process Instance Registry XPC connection (inactive)
2026-09-16 15:54:33.882 A  PeachCommander[25191:141a0] (AppIntents) appintents:register process
2026-09-16 15:54:33.882 Df PeachCommander[25191:141a0] [com.apple.appintents:Connection] Created a new Process Instance Registry XPC connection (inactive)
2026-09-16 15:54:33.882 Df PeachCommander[25191:141a0] [com.apple.xpc:connection] [0x932c812c0] activating connection: mach=true listener=false peer=false name=com.apple.linkd.autoShortcut
2026-09-16 15:54:33.882 Df PeachCommander[25191:141a0] [com.apple.appintents:Connection] Activated connection to linkd (ApplicationService)
2026-09-16 15:54:33.882 Df PeachCommander[25191:141a0] [com.apple.xpc:connection] [0x932c80a00] Connection returned listener port: 0x6b03
2026-09-16 15:54:33.882 Df PeachCommander[25191:141a5] [com.apple.xpc:connection] [0x932c812c0] Re-initialization successful; calling out to event handler with XPC_ERROR_CONNECTION_INTERRUPTED
2026-09-16 15:54:33.882 Df PeachCommander[25191:141a5] [com.apple.appintents:Connection] Process Instance Registry XPC connection has been interrupted
2026-09-16 15:54:33.883 E  PeachCommander[25191:141a0] [com.apple.appintents:Connection] Unable to get synchronousRemoteObjectProxy, error: Error Domain=NSCocoaErrorDomain Code=4097 "connection to service named com.apple.linkd.autoShortcut" UserInfo={NSDebugDescription=connection to service named com.apple.linkd.autoShortcut}
2026-09-16 15:54:33.883 E  PeachCommander[25191:141a0] [com.apple.appintents:Connection] Unable to re-register with Process Instance Registry, error: Error Domain=NSCocoaErrorDomain Code=4097 "connection to service named com.apple.linkd.autoShortcut" UserInfo={NSDebugDescription=connection to service named com.apple.linkd.autoShortcut}
2026-09-16 15:54:33.883 Df PeachCommander[25191:141a6] [com.apple.appintents:Connection] Created a new Process Instance Registry XPC connection (inactive)
2026-09-16 15:54:33.883 A  PeachCommander[25191:141a6] (AppIntents) appintents:register process
2026-09-16 15:54:33.883 Df PeachCommander[25191:141a6] [com.apple.appintents:Connection] Created a new Process Instance Registry XPC connection (inactive)
2026-09-16 15:54:33.883 Df PeachCommander[25191:141a6] [com.apple.xpc:connection] [0x932c81540] activating connection: mach=true listener=false peer=false name=com.apple.linkd.autoShortcut
2026-09-16 15:54:33.883 Df PeachCommander[25191:141a6] [com.apple.appintents:Connection] Activated connection to linkd (ApplicationService)
2026-09-16 15:54:33.883 Df PeachCommander[25191:141a6] [com.apple.xpc:connection] [0x932c80a00] Connection returned listener port: 0x6b03
2026-09-16 15:54:33.883 Df PeachCommander[25191:141a0] [com.apple.xpc:connection] [0x932c81540] Re-initialization successful; calling out to event handler with XPC_ERROR_CONNECTION_INTERRUPTED
2026-09-16 15:54:33.883 Df PeachCommander[25191:141a0] [com.apple.appintents:Connection] Process Instance Registry XPC connection has been interrupted
2026-09-16 15:54:33.883 E  PeachCommander[25191:141a0] [com.apple.appintents:Connection] Will NOT re-try to establish the connection
2026-09-16 15:54:33.883 E  PeachCommander[25191:141a6] [com.apple.appintents:Connection] Unable to get synchronousRemoteObjectProxy, error: Error Domain=NSCocoaErrorDomain Code=4097 "connection to service named com.apple.linkd.autoShortcut" UserInfo={NSDebugDescription=connection to service named com.apple.linkd.autoShortcut}
2026-09-16 15:54:33.883 E  PeachCommander[25191:141a6] [com.apple.appintents:Connection] Unable to re-register with Process Instance Registry, error: Error Domain=NSCocoaErrorDomain Code=4097 "connection to service named com.apple.linkd.autoShortcut" UserInfo={NSDebugDescription=connection to service named com.apple.linkd.autoShortcut}
2026-09-16 15:54:33.887 A  PeachCommander[25191:1419a] (CoreFoundation) Loading Preferences From System CFPrefsD
2026-09-16 15:54:33.887 Df PeachCommander[25191:1419a] (libMobileGestalt.dylib) couldn't load support library
2026-09-16 15:54:33.887 Df PeachCommander[25191:1419a] (libMobileGestalt.dylib) called dummy function!
2026-09-16 15:54:33.888 I  PeachCommander[25191:1419a] [com.apple.GenerativeModels:availability] Current availability state: unavailable, use cases: com.apple.WritingTools, language: <any>, api: <private>
2026-09-16 15:54:33.888 Df PeachCommander[25191:1419a] [com.apple.GenerativeModels:availability] registering darwin observer for name: com.apple.gms.availability.notification
2026-09-16 15:54:33.888 Df PeachCommander[25191:1419a] [com.apple.GenerativeModels:availability] registering darwin observer for name: com.apple.os-eligibility-domain.change.greymatter
2026-09-16 15:54:33.888 Df PeachCommander[25191:1419a] [com.apple.GenerativeModels:availability] registering darwin observer for name: com.apple.language.changed
2026-09-16 15:54:33.888 Df PeachCommander[25191:1419a] [com.apple.WritingTools:Default] isAvailable value changed: isMDMAllowed = true, gmAvailable (current) = false
2026-09-16 15:54:33.891 I  PeachCommander[25191:1419a] [com.apple.CoreAnalytics:client] Dropping "com.apple.appkit.app_config" as it isn't used in any transform (not in the config or budgeted?)
2026-09-16 15:54:33.895 Df PeachCommander[25191:1419a] [com.apple.AppKit:Appearance] NSApp cache appearance:
-NSRequiresAquaSystemAppearance: 0
-appearance: (null)
-effectiveAppearance: <NSCompositeAppearance: 0x933070500
 (
    "<NSAquaAppearance: 0x933070460>",
    "<NSSystemAppearance: 0x933070780>"
)>
2026-09-16 15:54:33.899 A  PeachCommander[25191:1419a] (CoreFoundation) Loading Preferences From User CFPrefsD
2026-09-16 15:54:33.899 A  PeachCommander[25191:1419a] (CoreFoundation) Loading Preferences From User CFPrefsD
2026-09-16 15:54:33.906 A  PeachCommander[25191:141a6] (libsystem_info.dylib) Membership API: translate identifier
2026-09-16 15:54:33.909 I  PeachCommander[25191:1419a] [com.apple.CoreAnalytics:client] Dropping "com.apple.appkit.app_config" as it isn't used in any transform (not in the config or budgeted?)
2026-09-16 15:54:33.909 I  PeachCommander[25191:1419a] [com.apple.CoreAnalytics:client] Dropping "com.apple.appkit.app_config" as it isn't used in any transform (not in the config or budgeted?)
2026-09-16 15:54:33.911 Df PeachCommander[25191:141a6] [com.apple.xpc:connection] [0x932c81a40] activating connection: mach=true listener=false peer=false name=com.apple.dock.fullscreen
2026-09-16 15:54:33.913 Df PeachCommander[25191:1419a] [com.apple.xpc:connection] [0x932c81b80] activating connection: mach=true listener=false peer=false name=com.apple.fonts
2026-09-16 15:54:33.915 I  PeachCommander[25191:1419a] [com.apple.launchservices:cas] information in shared memory for 0x0-0x11e11e with seed 533 was still valid, so using cached info { "ApplicationType"="Foreground", "BuildMachineOSBuild"="25E246", "BundleIdentifierLowerCase"="com.peachcommander.app", "CFBundleDevelopmentRegion"="en", "CFBundleDocumentTypes"=( { "CFBundleTypeName"="Peach Commander Plugin Package", "CFBundleTypeRole"="Viewer", "LSHandlerRank"="Owner", "LSItemContentTypes"=( "com.peachcommander.plugin-package") }, { "CFBundleTypeName"="Peach Commander Workspace", "CFBundleTypeRole"="Viewer", "LSHandlerRank"="Owner", "LSItemContentTypes"=( "com.peachcommander.workspace") }), "CFBundleExecutable"="PeachCommander", "CFBundleExecutablePath"="/Users/admin/pc-test/PeachCommander.app/Contents/MacOS/PeachCommander", "CFBundleExecutablePathDeviceID"=16777225, "CFBundleExecutablePathINode"=488203, "CFBundleHelpBookFolder"="PeachCommander.help", "CFBundleHelpBookName"="Peach Commander Help", "CFBundleIconFile"="AppIcon", "CFBundleIconName"="AppIcon", "CFBundleIdentifier"="com.peachcommander.app", "CFBundleInfoDictionaryVersion"="6.0", "CFBundleName"="PeachCo<…>
2026-09-16 15:54:33.916 I  PeachCommander[25191:1419a] [com.apple.CoreAnalytics:client] Dropping "com.apple.appkit.app_config" as it isn't used in any transform (not in the config or budgeted?)
2026-09-16 15:54:33.916 Df PeachCommander[25191:1419a] [com.apple.AppKit:AutomaticTermination] -[NSApplication(NSAppssassination) _checkForAutomaticTerminationSupportPossiblyEnablingIt]_block_invoke Enabling automatic termination support.
2026-09-16 15:54:33.916 Df PeachCommander[25191:1419a] [com.apple.xpc:connection] [0x932c80f00] activating connection: mach=true listener=false peer=false name=com.apple.appkit.restoration_storage
2026-09-16 15:54:33.918 I  PeachCommander[25191:1419a] [com.apple.launchservices:cas] information in shared memory for 0x0-0x11e11e with seed 533 was still valid, so using cached info { "ApplicationType"="Foreground", "BuildMachineOSBuild"="25E246", "BundleIdentifierLowerCase"="com.peachcommander.app", "CFBundleDevelopmentRegion"="en", "CFBundleDocumentTypes"=( { "CFBundleTypeName"="Peach Commander Plugin Package", "CFBundleTypeRole"="Viewer", "LSHandlerRank"="Owner", "LSItemContentTypes"=( "com.peachcommander.plugin-package") }, { "CFBundleTypeName"="Peach Commander Workspace", "CFBundleTypeRole"="Viewer", "LSHandlerRank"="Owner", "LSItemContentTypes"=( "com.peachcommander.workspace") }), "CFBundleExecutable"="PeachCommander", "CFBundleExecutablePath"="/Users/admin/pc-test/PeachCommander.app/Contents/MacOS/PeachCommander", "CFBundleExecutablePathDeviceID"=16777225, "CFBundleExecutablePathINode"=488203, "CFBundleHelpBookFolder"="PeachCommander.help", "CFBundleHelpBookName"="Peach Commander Help", "CFBundleIconFile"="AppIcon", "CFBundleIconName"="AppIcon", "CFBundleIdentifier"="com.peachcommander.app", "CFBundleInfoDictionaryVersion"="6.0", "CFBundleName"="PeachCo<…>
2026-09-16 15:54:33.918 Df PeachCommander[25191:1419a] [com.apple.xpc:connection] [0x932c81040] activating connection: mach=true listener=false peer=false name=com.apple.coreservices.appleevents
2026-09-16 15:54:33.919 I  PeachCommander[25191:1419a] [com.apple.appleevents:main] _AEGetRegisteredMachPort() created default port (port:63235/0xf703 rcv:1 send:1 limit:5) and registered it with server
2026-09-16 15:54:33.919 Df PeachCommander[25191:1419a] [com.apple.xpc:connection] [0x932c80280] Connection returned listener port: 0x5303
2026-09-16 15:54:33.919 I  PeachCommander[25191:1419a] [com.apple.launchservices:cas] information in shared memory for 0x0-0x11e11e with seed 533 was still valid, so using cached info { "ApplicationType"="Foreground", "BuildMachineOSBuild"="25E246", "BundleIdentifierLowerCase"="com.peachcommander.app", "CFBundleDevelopmentRegion"="en", "CFBundleDocumentTypes"=( { "CFBundleTypeName"="Peach Commander Plugin Package", "CFBundleTypeRole"="Viewer", "LSHandlerRank"="Owner", "LSItemContentTypes"=( "com.peachcommander.plugin-package") }, { "CFBundleTypeName"="Peach Commander Workspace", "CFBundleTypeRole"="Viewer", "LSHandlerRank"="Owner", "LSItemContentTypes"=( "com.peachcommander.workspace") }), "CFBundleExecutable"="PeachCommander", "CFBundleExecutablePath"="/Users/admin/pc-test/PeachCommander.app/Contents/MacOS/PeachCommander", "CFBundleExecutablePathDeviceID"=16777225, "CFBundleExecutablePathINode"=488203, "CFBundleHelpBookFolder"="PeachCommander.help", "CFBundleHelpBookName"="Peach Commander Help", "CFBundleIconFile"="AppIcon", "CFBundleIconName"="AppIcon", "CFBundleIdentifier"="com.peachcommander.app", "CFBundleInfoDictionaryVersion"="6.0", "CFBundleName"="PeachCo<…>
2026-09-16 15:54:33.919 Df PeachCommander[25191:1419a] [com.apple.processmanager:front-35286506] SignalReady: pid=25191 asn=0x0-0x11e11e
2026-09-16 15:54:33.919 Df PeachCommander[25191:1419a] [com.apple.processmanager:front-35286506] SIGNAL: pid=25191 asn=0x0x-0x11e11e
2026-09-16 15:54:33.919 I  PeachCommander[25191:1419a] [com.apple.appleevents:main] aeGenerateFakeFirstOAPPEventIfNecessary()
2026-09-16 15:54:33.919 I  PeachCommander[25191:1419a] [com.apple.appleevents:main] aeGenerateFakeFirstOAPPEventIfNecessary(), needToCreateFakeOAPPEventIfFirstEvent == true
2026-09-16 15:54:33.919 I  PeachCommander[25191:1419a] [com.apple.launchservices:cas] Removing cached information for app [ 0x0-0x11e11e]  "PeachCommander", as its seed is different from that in shared memory ( 533 vs 535)
2026-09-16 15:54:33.920 I  PeachCommander[25191:1419a] [com.apple.CFPasteboard:entry] CopyData('DefaultAsciiKeyboardLayoutPasteboard' (<CFUUID 0x932f3a820> 5A7453B7-3489-4096-A36A-CF3D84F3B5EF) gen: -1 item: 1264739405 flavor: 'DefaultAsciiKeyboardLayoutFlavor')
2026-09-16 15:54:33.920 I  PeachCommander[25191:1419a] [com.apple.CFPasteboard:cache] Rebuilding cache for 'DefaultAsciiKeyboardLayoutPasteboard' (<CFUUID 0x932f3a820> 5A7453B7-3489-4096-A36A-CF3D84F3B5EF)
2026-09-16 15:54:33.921 I  PeachCommander[25191:1419a] [com.apple.CFPasteboard:exit] (not-in-cache) - result: -8 generation: 0 null data flags: 0
2026-09-16 15:54:33.921 A  PeachCommander[25191:1419a] (CoreFoundation) Loading Preferences From User CFPrefsD
2026-09-16 15:54:33.921 A  PeachCommander[25191:1419a] (CoreFoundation) Loading Preferences From System CFPrefsD
2026-09-16 15:54:33.921 I  PeachCommander[25191:1419a] [com.apple.CFPasteboard:entry] CopyData('AppleIntlFileCacheModificationDatePasteboard' (<CFUUID 0x932f3a720> FD7E0F1E-8F80-421D-8B01-6447360F8EDA) gen: -1 item: 1 flavor: '-32766 1768845414')
2026-09-16 15:54:33.921 I  PeachCommander[25191:1419a] [com.apple.CFPasteboard:cache] Rebuilding cache for 'AppleIntlFileCacheModificationDatePasteboard' (<CFUUID 0x932f3a720> FD7E0F1E-8F80-421D-8B01-6447360F8EDA)
2026-09-16 15:54:33.922 I  PeachCommander[25191:1419a] [com.apple.CFPasteboard:general] Will request data from daemon
2026-09-16 15:54:33.922 I  PeachCommander[25191:1419a] [com.apple.CFPasteboard:exit] (not-in-cache) - result: 0 generation: 1 data (310 bytes) flags: 0
2026-09-16 15:54:33.922 I  PeachCommander[25191:1419a] [com.apple.CFPasteboard:entry] CopyData('AppleIntlFileCacheModificationDatePasteboard' (<CFUUID 0x932f3a720> FD7E0F1E-8F80-421D-8B01-6447360F8EDA) gen: -1 item: 1 flavor: '-32765 1802264953')
2026-09-16 15:54:33.922 I  PeachCommander[25191:1419a] [com.apple.CFPasteboard:general] Will request data from daemon
2026-09-16 15:54:33.922 I  PeachCommander[25191:1419a] [com.apple.CFPasteboard:exit] (not-in-cache) - result: 0 generation: 1 data (306 bytes) flags: 0
2026-09-16 15:54:33.922 I  PeachCommander[25191:1419a] [com.apple.CFPasteboard:entry] CopyData('AppleIntlFileCacheModificationDatePasteboard' (<CFUUID 0x932f3a720> FD7E0F1E-8F80-421D-8B01-6447360F8EDA) gen: -1 item: 1 flavor: '-32764 1802264953')
2026-09-16 15:54:33.922 I  PeachCommander[25191:1419a] [com.apple.CFPasteboard:general] Will request data from daemon
2026-09-16 15:54:33.922 I  PeachCommander[25191:1419a] [com.apple.CFPasteboard:exit] (not-in-cache) - result: 0 generation: 1 data (281 bytes) flags: 0
2026-09-16 15:54:33.922 I  PeachCommander[25191:1419a] [com.apple.CFPasteboard:entry] CopyData('AppleIntlFileCacheModificationDatePasteboard' (<CFUUID 0x932f3a720> FD7E0F1E-8F80-421D-8B01-6447360F8EDA) gen: -1 item: 1 flavor: '-32763 1802264953')
2026-09-16 15:54:33.922 I  PeachCommander[25191:1419a] [com.apple.CFPasteboard:general] Will request data from daemon
2026-09-16 15:54:33.922 I  PeachCommander[25191:1419a] [com.apple.CFPasteboard:exit] (not-in-cache) - result: 0 generation: 1 data (318 bytes) flags: 0
2026-09-16 15:54:33.922 I  PeachCommander[25191:1419a] [com.apple.CFPasteboard:entry] CopyData('AppleIntlFileCacheModificationDatePasteboard' (<CFUUID 0x932f3a720> FD7E0F1E-8F80-421D-8B01-6447360F8EDA) gen: -1 item: 1 flavor: '-32765 1768845414')
2026-09-16 15:54:33.922 I  PeachCommander[25191:1419a] [com.apple.CFPasteboard:general] Will request data from daemon
2026-09-16 15:54:33.922 I  PeachCommander[25191:1419a] [com.apple.CFPasteboard:exit] (not-in-cache) - result: 0 generation: 1 data (303 bytes) flags: 0
2026-09-16 15:54:33.922 I  PeachCommander[25191:1419a] [com.apple.CFPasteboard:entry] CopyData('AppleIntlFileCacheModificationDatePasteboard' (<CFUUID 0x932f3a720> FD7E0F1E-8F80-421D-8B01-6447360F8EDA) gen: -1 item: 1 flavor: '-32763 1768845414')
2026-09-16 15:54:33.922 I  PeachCommander[25191:1419a] [com.apple.CFPasteboard:general] Will request data from daemon
2026-09-16 15:54:33.922 I  PeachCommander[25191:1419a] [com.apple.CFPasteboard:exit] (not-in-cache) - result: 0 generation: 1 data (315 bytes) flags: 0
2026-09-16 15:54:33.924 I  PeachCommander[25191:1419a] [com.apple.launchservices:cas] information in shared memory for 0x0-0x11e11e with seed 535 was still valid, so using cached info { "ApplicationType"="Foreground", "BuildMachineOSBuild"="25E246", "BundleIdentifierLowerCase"="com.peachcommander.app", "CFBundleDevelopmentRegion"="en", "CFBundleDocumentTypes"=( { "CFBundleTypeName"="Peach Commander Plugin Package", "CFBundleTypeRole"="Viewer", "LSHandlerRank"="Owner", "LSItemContentTypes"=( "com.peachcommander.plugin-package") }, { "CFBundleTypeName"="Peach Commander Workspace", "CFBundleTypeRole"="Viewer", "LSHandlerRank"="Owner", "LSItemContentTypes"=( "com.peachcommander.workspace") }), "CFBundleExecutable"="PeachCommander", "CFBundleExecutablePath"="/Users/admin/pc-test/PeachCommander.app/Contents/MacOS/PeachCommander", "CFBundleExecutablePathDeviceID"=16777225, "CFBundleExecutablePathINode"=488203, "CFBundleHelpBookFolder"="PeachCommander.help", "CFBundleHelpBookName"="Peach Commander Help", "CFBundleIconFile"="AppIcon", "CFBundleIconName"="AppIcon", "CFBundleIdentifier"="com.peachcommander.app", "CFBundleInfoDictionaryVersion"="6.0", "CFBundleName"="PeachCo<…>
2026-09-16 15:54:33.924 Df PeachCommander[25191:1419a] [com.apple.xpc:connection] [0x932c81e00] activating connection: mach=false listener=false peer=false name=com.apple.ViewBridgeAuxiliary
2026-09-16 15:54:33.930 Df PeachCommander[25191:1419a] [com.apple.xpc:connection] [0x932c81cc0] activating connection: mach=false listener=false peer=false name=(anonymous)
2026-09-16 15:54:33.930 Df PeachCommander[25191:1419a] [com.apple.xpc:connection] [0x932c81f40] activating connection: mach=false listener=true peer=false name=(anonymous)
2026-09-16 15:54:33.930 Df PeachCommander[25191:1419a] [com.apple.xpc:connection] [0x932c81f40] Connection returned listener port: 0xed03
2026-09-16 15:54:33.930 Df PeachCommander[25191:1419a] [com.apple.xpc:connection] [0x932c81e00] invalidated after the last release of the connection object
2026-09-16 15:54:33.931 I  PeachCommander[25191:1419a] [com.apple.runningboard:assertion] Acquiring assertion: <RBSAssertionDescriptor| "AppNap adapter assertion" ID:(null) target:25191>
2026-09-16 15:54:33.935 I  PeachCommander[25191:1419a] [com.apple.showhide:pr-59900543] SHOWHIDE: SHOW id=548 0x0-0x11E11E, err=0 eventTime=1805220252541 windowID=0
2026-09-16 15:54:33.935 I  PeachCommander[25191:1419a] [com.apple.CarbonCore:coreservicesdaemon] findOrCreateCacheable():findOrCreateCacheable(), factoryName=3 cacheableName=<private> fCacheables.size()=0
2026-09-16 15:54:33.935 I  PeachCommander[25191:1419a] [com.apple.CarbonCore:coreservicesdaemon] findOrCreateCacheable():findOrCreateCacheable(), result = 0x932c489c0 (should be non-NULL)
2026-09-16 15:54:33.935 Df PeachCommander[25191:1419a] [com.apple.AppKit:AutomaticTermination] void _NSDisableAutomaticTerminationAndLog(NSString *) Restoring windows
2026-09-16 15:54:33.935 Df PeachCommander[25191:1419a] [com.apple.AppKit:StateRestoration] -[NSApplication _reopenWindowsAsNecessaryIncludingRestorableState:withFullFidelity:completionHandler:] shouldRestoreState=1 hasPersistentStateToRestore=0 shouldStillRestoreStateAfterPrompting=0
2026-09-16 15:54:33.935 Df PeachCommander[25191:1419a] [com.apple.xpc:connection] [0x932c81e00] activating connection: mach=true listener=false peer=false name=com.apple.window_proxies
2026-09-16 15:54:33.935 Df PeachCommander[25191:1419a] [com.apple.xpc:connection] [0x932c81e00] invalidated because the current process cancelled the connection by calling xpc_connection_cancel()
2026-09-16 15:54:33.936 I  PeachCommander[25191:1419a] [com.apple.SkyLight:processes] 0[outside of RPC]: SLSSetFrontProcessWithInfo(0x0-0x2 window=0 options=0x1
2026-09-16 15:54:33.936 I  PeachCommander[25191:1419a] [com.apple.CoreAnalytics:client] Dropping "com.apple.appkit.app_config" as it isn't used in any transform (not in the config or budgeted?)
2026-09-16 15:54:33.936 Df PeachCommander[25191:1419a] [com.apple.AppKit:AutomaticTermination] void _NSEnableAutomaticTerminationAndLog(NSString *) Restoring windows
2026-09-16 15:54:33.940 I  PeachCommander[25191:1419a] [com.apple.CoreAnalytics:client] Dropping "com.apple.appkit.app_config" as it isn't used in any transform (not in the config or budgeted?)
2026-09-16 15:54:33.940 I  PeachCommander[25191:1419a] [com.apple.CoreAnalytics:client] Dropping "com.apple.appkit.app_config" as it isn't used in any transform (not in the config or budgeted?)
2026-09-16 15:54:33.941 A  PeachCommander[25191:141a6] (RunningBoardServices) didChangeInheritances
2026-09-16 15:54:33.956 A  PeachCommander[25191:1419a] (CoreFoundation) Loading Preferences From User CFPrefsD
2026-09-16 15:54:33.963 I  PeachCommander[25191:1419a] [com.peachcommander:PCFoundation] VolumeManager initialized
2026-09-16 15:54:33.991 Df PeachCommander[25191:1419a] [com.apple.BoardServices:XPCErrors] [C:1] Alloc <private>
2026-09-16 15:54:33.991 Df PeachCommander[25191:1419a] [com.apple.xpc:connection] [0x932429540] activating connection: mach=false listener=false peer=false name=(anonymous)
2026-09-16 15:54:33.993 I  PeachCommander[25191:1419a] [com.apple.AppKit:Window] context (0 -> d21471f) for window 49e
2026-09-16 15:54:33.994 Df PeachCommander[25191:141a6] [com.apple.corespotlight:index] (<private>) deleteSearchableItemsWithDomainIdentifiers, protectionClass:(null), domainIdentifiers number:1
2026-09-16 15:54:33.994 A  PeachCommander[25191:141a6] (CoreSpotlight) delete-domains
2026-09-16 15:54:33.994 Df PeachCommander[25191:141a6] [com.apple.corespotlight:index] CSInlineDonation:<private>: Skipping donation (feature flag disabled)
2026-09-16 15:54:33.994 Df PeachCommander[25191:141a6] (CoreSpotlight) sConnectionName: com.apple.spotlight.IndexAgent
2026-09-16 15:54:33.994 Df PeachCommander[25191:141a6] (CoreSpotlight) Start service name com.apple.spotlight.IndexAgent
2026-09-16 15:54:33.994 I  PeachCommander[25191:1419a] [com.peachcommander:PCFoundation] MainWindowController initialized (config: <private>)
2026-09-16 15:54:33.994 Df PeachCommander[25191:141a6] [com.apple.xpc:connection] [0x9324297c0] activating connection: mach=true listener=false peer=false name=com.apple.spotlight.IndexAgent
2026-09-16 15:54:33.994 I  PeachCommander[25191:1419a] [com.peachcommander:PCFoundation] SelectionState initialized
2026-09-16 15:54:33.994 I  PeachCommander[25191:1419a] [com.peachcommander:PCFoundation] DirectoryModel initialized
2026-09-16 15:54:33.994 I  PeachCommander[25191:1419a] [com.peachcommander:PCFoundation] VolumeManager initialized
2026-09-16 15:54:33.994 I  PeachCommander[25191:1419a] [com.peachcommander:PCFoundation] PanelController initialized for <private> panel
2026-09-16 15:54:33.995 I  PeachCommander[25191:1419a] [com.peachcommander:PCFoundation] SelectionState initialized
2026-09-16 15:54:33.995 I  PeachCommander[25191:1419a] [com.peachcommander:PCFoundation] DirectoryModel initialized
2026-09-16 15:54:33.995 I  PeachCommander[25191:1419a] [com.peachcommander:PCFoundation] VolumeManager initialized
2026-09-16 15:54:33.995 I  PeachCommander[25191:1419a] [com.peachcommander:PCFoundation] PanelController initialized for <private> panel
2026-09-16 15:54:34.000 I  PeachCommander[25191:1419a] [com.apple.AppKit:Animation] Running new animation: <private>
2026-09-16 15:54:34.000 I  PeachCommander[25191:1419a] [com.apple.AppKit:Animation] Running new animation: <private>
2026-09-16 15:54:34.000 I  PeachCommander[25191:1419a] [com.apple.AppKit:Animation] Running new animation: <private>
2026-09-16 15:54:34.000 I  PeachCommander[25191:1419a] [com.apple.AppKit:Animation] Running new animation: <private>
2026-09-16 15:54:34.000 I  PeachCommander[25191:1419a] [com.apple.AppKit:Animation] Running new animation: <private>
2026-09-16 15:54:34.004 I  PeachCommander[25191:1419a] [com.apple.AppKit:Animation] Running new animation: <private>
2026-09-16 15:54:34.004 I  PeachCommander[25191:1419a] [com.apple.AppKit:Animation] Running new animation: <private>
2026-09-16 15:54:34.004 I  PeachCommander[25191:1419a] [com.apple.AppKit:Animation] Running new animation: <private>
2026-09-16 15:54:34.004 I  PeachCommander[25191:1419a] [com.apple.AppKit:Animation] Running new animation: <private>
2026-09-16 15:54:34.004 I  PeachCommander[25191:1419a] [com.apple.AppKit:Animation] Running new animation: <private>
2026-09-16 15:54:34.013 I  PeachCommander[25191:1419a] [com.apple.CoreAnalytics:client] Dropping "com.apple.appkit.app_config" as it isn't used in any transform (not in the config or budgeted?)
2026-09-16 15:54:34.016 I  PeachCommander[25191:1419a] [com.apple.CoreAnalytics:client] Dropping "com.apple.appkit.app_config" as it isn't used in any transform (not in the config or budgeted?)
2026-09-16 15:54:34.023 I  PeachCommander[25191:1419a] [com.apple.launchservices:datasep] application record search init. Node: <FSNode 0x933543aa0> { isDir = ?, path = <private> } bundleID: (null) itemID: 0
2026-09-16 15:54:34.025 I  PeachCommander[25191:1419a] [com.apple.GenerativeModels:availability] Current availability state: unavailable, use cases: com.apple.Settings.AppleIntelligence,com.apple.Siri.NLRouter, language: en, api: <private>
2026-09-16 15:54:34.025 Df PeachCommander[25191:1419a] [com.apple.GenerativeModels:availability] isOkayToHaveAsset: False
2026-09-16 15:54:34.025 E  PeachCommander[25191:1419a] [com.apple.siri:Utility] AFIsDeviceGreymatterEligible Missing entitlements for os_eligibility lookup
2026-09-16 15:54:34.025 I  PeachCommander[25191:1419a] [com.apple.GenerativeModels:availability] Current availability state: unavailable, use cases: com.apple.Settings.AppleIntelligence, language: en, api: <private>
2026-09-16 15:54:34.025 Df PeachCommander[25191:1419a] [com.apple.GenerativeModels:availability] isOkayToHaveAsset: False
2026-09-16 15:54:34.025 Df PeachCommander[25191:1419a] [com.apple.siri:Utility] -[AFSystemAssistantExperienceStatusManager fetchGenerativeModelsAvailability] #SAEStatus #cacheUpdate Updating cache:
deviceSupportsSAE: 0 (0)
       saeEnabled: 0 (0)
     saeAvailable: 0 (0)
      swaiEnabled: 0 (0)
        viEnabled: 0 (0)
        siriAvailability:
        <private>
        ((null))
2026-09-16 15:54:34.025 Df PeachCommander[25191:1419a] [com.apple.xpc:connection] [0x93261c500] activating connection: mach=true listener=false peer=false name=com.apple.iconservices
2026-09-16 15:54:34.025 Df PeachCommander[25191:1419a] [com.apple.xpc:connection] [0x93261c640] activating connection: mach=true listener=false peer=false name=com.apple.iconservices.store
2026-09-16 15:54:34.032 I  PeachCommander[25191:1419a] [com.peachcommander:Theme] no user themes in /Users/admin/pc-cfg/themes
2026-09-16 15:54:34.032 Df PeachCommander[25191:1419a] [com.apple.AppKit:Appearance] Invalidate NSApp effectiveAppearance
2026-09-16 15:54:34.032 Df PeachCommander[25191:1419a] [com.apple.AppKit:Appearance] NSApp cache appearance:
-NSRequiresAquaSystemAppearance: 0
-appearance: <NSCompositeAppearance: 0x9330719a0
 (
    "<NSDarkAquaAppearance: 0x933071a40>",
    "<NSSystemAppearance: 0x933070780>"
)>
-effectiveAppearance: <NSCompositeAppearance: 0x9330719a0
 (
    "<NSDarkAquaAppearance: 0x933071a40>",
    "<NSSystemAppearance: 0x933070780>"
)>
2026-09-16 15:54:34.033 A  PeachCommander[25191:141a0] (libsystem_info.dylib) Retrieve Group by ID
2026-09-16 15:54:34.036 I  PeachCommander[25191:1419a] [com.peachcommander:PCFoundation] Theme applied: id=norton, appearance=dark, dark=true, background=#0000AA
2026-09-16 15:54:34.075 I  PeachCommander[25191:1419a] [com.apple.iconservices:foundation] layer data size zero
2026-09-16 15:54:34.075 I  PeachCommander[25191:1419a] [com.apple.CoreAnalytics:client] Dropping "com.apple.appkit.app_config" as it isn't used in any transform (not in the config or budgeted?)
2026-09-16 15:54:34.079 I  PeachCommander[25191:1419a] [com.apple.AppKit:Animation] Running new animation: <private>
2026-09-16 15:54:34.080 I  PeachCommander[25191:1419a] [com.apple.AppKit:Animation] Running new animation: <private>
2026-09-16 15:54:34.080 I  PeachCommander[25191:1419a] [com.apple.AppKit:Animation] Running new animation: <private>
2026-09-16 15:54:34.080 I  PeachCommander[25191:1419a] [com.apple.AppKit:Animation] Running new animation: <private>
2026-09-16 15:54:34.080 I  PeachCommander[25191:1419a] [com.apple.AppKit:Animation] Running new animation: <private>
2026-09-16 15:54:34.080 I  PeachCommander[25191:1419a] [com.apple.AppKit:Animation] Running new animation: <private>
2026-09-16 15:54:34.080 I  PeachCommander[25191:1419a] [com.apple.AppKit:Animation] Running new animation: <private>
2026-09-16 15:54:34.080 I  PeachCommander[25191:1419a] [com.apple.AppKit:Animation] Running new animation: <private>
2026-09-16 15:54:34.080 I  PeachCommander[25191:1419a] [com.apple.AppKit:Animation] Running new animation: <private>
2026-09-16 15:54:34.080 I  PeachCommander[25191:1419a] [com.apple.AppKit:Animation] Running new animation: <private>
2026-09-16 15:54:34.083 I  PeachCommander[25191:1419a] [com.peachcommander:PCFoundation] Keymap loaded: scheme=<private>, 82 effective bindings
2026-09-16 15:54:34.091 I  PeachCommander[25191:1419a] [com.apple.CoreAnalytics:client] Dropping "<private>" as it isn't used in any transform (not in the config or budgeted?)
2026-09-16 15:54:34.091 I  PeachCommander[25191:1419a] [com.apple.CoreAnalytics:client] Dropping "<private>" as it isn't used in any transform (not in the config or budgeted?)
2026-09-16 15:54:34.092 I  PeachCommander[25191:1419a] [com.apple.CoreAnalytics:client] Dropping "<private>" as it isn't used in any transform (not in the config or budgeted?)
2026-09-16 15:54:34.092 I  PeachCommander[25191:1419a] [com.peachcommander:PCFoundation] MainWindowController window loaded
2026-09-16 15:54:34.093 I  PeachCommander[25191:1419a] [com.apple.launchservices:cas] information in shared memory for 0x0-0x11e11e with seed 535 was still valid, so using cached info { "ApplicationType"="Foreground", "BuildMachineOSBuild"="25E246", "BundleIdentifierLowerCase"="com.peachcommander.app", "CFBundleDevelopmentRegion"="en", "CFBundleDocumentTypes"=( { "CFBundleTypeName"="Peach Commander Plugin Package", "CFBundleTypeRole"="Viewer", "LSHandlerRank"="Owner", "LSItemContentTypes"=( "com.peachcommander.plugin-package") }, { "CFBundleTypeName"="Peach Commander Workspace", "CFBundleTypeRole"="Viewer", "LSHandlerRank"="Owner", "LSItemContentTypes"=( "com.peachcommander.workspace") }), "CFBundleExecutable"="PeachCommander", "CFBundleExecutablePath"="/Users/admin/pc-test/PeachCommander.app/Contents/MacOS/PeachCommander", "CFBundleExecutablePathDeviceID"=16777225, "CFBundleExecutablePathINode"=488203, "CFBundleHelpBookFolder"="PeachCommander.help", "CFBundleHelpBookName"="Peach Commander Help", "CFBundleIconFile"="AppIcon", "CFBundleIconName"="AppIcon", "CFBundleIdentifier"="com.peachcommander.app", "CFBundleInfoDictionaryVersion"="6.0", "CFBundleName"="PeachCo<…>
2026-09-16 15:54:34.093 I  PeachCommander[25191:1419a] [com.apple.launchservices:cas] information in shared memory for 0x0-0x11e11e with seed 535 was still valid, so using cached info { "ApplicationType"="Foreground", "BuildMachineOSBuild"="25E246", "BundleIdentifierLowerCase"="com.peachcommander.app", "CFBundleDevelopmentRegion"="en", "CFBundleDocumentTypes"=( { "CFBundleTypeName"="Peach Commander Plugin Package", "CFBundleTypeRole"="Viewer", "LSHandlerRank"="Owner", "LSItemContentTypes"=( "com.peachcommander.plugin-package") }, { "CFBundleTypeName"="Peach Commander Workspace", "CFBundleTypeRole"="Viewer", "LSHandlerRank"="Owner", "LSItemContentTypes"=( "com.peachcommander.workspace") }), "CFBundleExecutable"="PeachCommander", "CFBundleExecutablePath"="/Users/admin/pc-test/PeachCommander.app/Contents/MacOS/PeachCommander", "CFBundleExecutablePathDeviceID"=16777225, "CFBundleExecutablePathINode"=488203, "CFBundleHelpBookFolder"="PeachCommander.help", "CFBundleHelpBookName"="Peach Commander Help", "CFBundleIconFile"="AppIcon", "CFBundleIconName"="AppIcon", "CFBundleIdentifier"="com.peachcommander.app", "CFBundleInfoDictionaryVersion"="6.0", "CFBundleName"="PeachCo<…>
2026-09-16 15:54:34.110 I  PeachCommander[25191:1419a] [com.apple.AppKit:Window] order window front conditionally: 49e related: 0
2026-09-16 15:54:34.110 Df PeachCommander[25191:1419a] [com.apple.AppKit:AutomaticTermination] void _NSEnableAutomaticTerminationAndLog(NSString *) No windows open yet
2026-09-16 15:54:34.110 I  PeachCommander[25191:1419a] [com.apple.AppKit:Intelligence] starting collection observation
2026-09-16 15:54:34.110 Df PeachCommander[25191:141a0] [com.apple.UIIntelligenceSupport:xpc] establishing connection to agent
2026-09-16 15:54:34.110 Df PeachCommander[25191:141a0] [com.apple.xpc:session] [0x9321d3660] Session created.
2026-09-16 15:54:34.110 Df PeachCommander[25191:141a0] [com.apple.xpc:session] [0x9321d3660] Session created from connection [0x93261ebc0]
2026-09-16 15:54:34.110 Df PeachCommander[25191:141a0] [com.apple.xpc:connection] [0x93261ebc0] activating connection: mach=true listener=false peer=false name=com.apple.uiintelligencesupport.agent
2026-09-16 15:54:34.111 Df PeachCommander[25191:141a0] [com.apple.xpc:session] [0x9321d3660] Session activated
2026-09-16 15:54:34.111 I  PeachCommander[25191:1419a] [com.apple.SkyLight:processes] 0[outside of RPC]: SLSSetFrontProcessWithInfo(0x0-0x2 window=0 options=0x1
2026-09-16 15:54:34.111 Df PeachCommander[25191:141a5] [com.apple.UIIntelligenceSupport:xpc] Connection established with agent PID: 1211
2026-09-16 15:54:34.111 I  PeachCommander[25191:1419a] [com.apple.launchservices:cas] information in shared memory for 0x0-0x11e11e with seed 535 was still valid, so using cached info { "ApplicationType"="Foreground", "BuildMachineOSBuild"="25E246", "BundleIdentifierLowerCase"="com.peachcommander.app", "CFBundleDevelopmentRegion"="en", "CFBundleDocumentTypes"=( { "CFBundleTypeName"="Peach Commander Plugin Package", "CFBundleTypeRole"="Viewer", "LSHandlerRank"="Owner", "LSItemContentTypes"=( "com.peachcommander.plugin-package") }, { "CFBundleTypeName"="Peach Commander Workspace", "CFBundleTypeRole"="Viewer", "LSHandlerRank"="Owner", "LSItemContentTypes"=( "com.peachcommander.workspace") }), "CFBundleExecutable"="PeachCommander", "CFBundleExecutablePath"="/Users/admin/pc-test/PeachCommander.app/Contents/MacOS/PeachCommander", "CFBundleExecutablePathDeviceID"=16777225, "CFBundleExecutablePathINode"=488203, "CFBundleHelpBookFolder"="PeachCommander.help", "CFBundleHelpBookName"="Peach Commander Help", "CFBundleIconFile"="AppIcon", "CFBundleIconName"="AppIcon", "CFBundleIdentifier"="com.peachcommander.app", "CFBundleInfoDictionaryVersion"="6.0", "CFBundleName"="PeachCo<…>
2026-09-16 15:54:34.112 Df PeachCommander[25191:1419a] [com.apple.xpc:connection] [0x93261ed00] activating connection: mach=true listener=false peer=false name=com.apple.FileCoordination
2026-09-16 15:54:34.112 Df PeachCommander[25191:141a5] [com.apple.foundation.filecoordination:presenter] Adding presenter 1389F903-AE82-4E8B-8972-ECA63B7996D7 for URL: <private>
2026-09-16 15:54:34.112 I  PeachCommander[25191:1419a] [com.apple.launchservices:cas] information in shared memory for 0x0-0x11e11e with seed 535 was still valid, so using cached info { "ApplicationType"="Foreground", "BuildMachineOSBuild"="25E246", "BundleIdentifierLowerCase"="com.peachcommander.app", "CFBundleDevelopmentRegion"="en", "CFBundleDocumentTypes"=( { "CFBundleTypeName"="Peach Commander Plugin Package", "CFBundleTypeRole"="Viewer", "LSHandlerRank"="Owner", "LSItemContentTypes"=( "com.peachcommander.plugin-package") }, { "CFBundleTypeName"="Peach Commander Workspace", "CFBundleTypeRole"="Viewer", "LSHandlerRank"="Owner", "LSItemContentTypes"=( "com.peachcommander.workspace") }), "CFBundleExecutable"="PeachCommander", "CFBundleExecutablePath"="/Users/admin/pc-test/PeachCommander.app/Contents/MacOS/PeachCommander", "CFBundleExecutablePathDeviceID"=16777225, "CFBundleExecutablePathINode"=488203, "CFBundleHelpBookFolder"="PeachCommander.help", "CFBundleHelpBookName"="Peach Commander Help", "CFBundleIconFile"="AppIcon", "CFBundleIconName"="AppIcon", "CFBundleIdentifier"="com.peachcommander.app", "CFBundleInfoDictionaryVersion"="6.0", "CFBundleName"="PeachCo<…>
2026-09-16 15:54:34.116 I  PeachCommander[25191:1419a] [com.apple.AppKit:Window] order all windows front 1805220252541
2026-09-16 15:54:34.116 I  PeachCommander[25191:1419a] [com.apple.launchservices:cas] information in shared memory for 0x0-0x11e11e with seed 535 was still valid, so using cached info { "ApplicationType"="Foreground", "BuildMachineOSBuild"="25E246", "BundleIdentifierLowerCase"="com.peachcommander.app", "CFBundleDevelopmentRegion"="en", "CFBundleDocumentTypes"=( { "CFBundleTypeName"="Peach Commander Plugin Package", "CFBundleTypeRole"="Viewer", "LSHandlerRank"="Owner", "LSItemContentTypes"=( "com.peachcommander.plugin-package") }, { "CFBundleTypeName"="Peach Commander Workspace", "CFBundleTypeRole"="Viewer", "LSHandlerRank"="Owner", "LSItemContentTypes"=( "com.peachcommander.workspace") }), "CFBundleExecutable"="PeachCommander", "CFBundleExecutablePath"="/Users/admin/pc-test/PeachCommander.app/Contents/MacOS/PeachCommander", "CFBundleExecutablePathDeviceID"=16777225, "CFBundleExecutablePathINode"=488203, "CFBundleHelpBookFolder"="PeachCommander.help", "CFBundleHelpBookName"="Peach Commander Help", "CFBundleIconFile"="AppIcon", "CFBundleIconName"="AppIcon", "CFBundleIdentifier"="com.peachcommander.app", "CFBundleInfoDictionaryVersion"="6.0", "CFBundleName"="PeachCo<…>
2026-09-16 15:54:34.116 I  PeachCommander[25191:1419a] [com.apple.showhide:pr-59900543] SHOWHIDE: CONFIRM, id=548, err=0
2026-09-16 15:54:34.116 I  PeachCommander[25191:1419a] [com.apple.AppKit:Window] context (0 -> 4df4d45f) for window 49d
2026-09-16 15:54:34.116 I  PeachCommander[25191:1419a] [com.apple.AppKit:Window] context (0 -> 3c1e370e) for window 49c
2026-09-16 15:54:34.116 I  PeachCommander[25191:1419a] [com.apple.AppKit:Window] context (0 -> cccd7a7f) for window 49b
2026-09-16 15:54:34.116 I  PeachCommander[25191:1419a] [com.apple.AppKit:Window] context (0 -> 81913d61) for window 49a
2026-09-16 15:54:34.141 I  PeachCommander[25191:1419a] [com.apple.iconservices:foundation] layer data size zero
2026-09-16 15:54:34.152 Df PeachCommander[25191:1419a] [com.apple.AppKit:AutomaticTermination] void _updateToReflectAutomaticTerminationState(void) Setting _kLSApplicationWouldBeTerminatedByTALKey=0
2026-09-16 15:54:34.188 A  PeachCommander[25191:141ab] (RunningBoardServices) didChangeInheritances
2026-09-16 15:54:34.237 Df PeachCommander[25191:1419a] [com.apple.libsystem.libdispatch:] DEPRECATED USE in libdispatch client: dispatch source activated with no event handler set; set a breakpoint on _dispatch_bug_deprecated to debug
2026-09-16 15:54:34.380 I  PeachCommander[25191:1419a] [com.apple.CarbonCore:gestalt] SetGestaltValuesBulk SetGestaltValuesBulk( count=22 tuples=0x189a82650
2026-09-16 15:54:34.380 I  PeachCommander[25191:1419a] [com.apple.CarbonCore:gestalt] SetGestaltValue SetGestaltValue(alis 1C9) => 0
2026-09-16 15:54:34.380 I  PeachCommander[25191:1419a] [com.apple.CarbonCore:gestalt] SetGestaltValue SetGestaltValue(os   FE) => 0
2026-09-16 15:54:34.380 I  PeachCommander[25191:1419a] [com.apple.CarbonCore:gestalt] SetGestaltValue SetGestaltValue(addr 7) => 0
2026-09-16 15:54:34.380 I  PeachCommander[25191:1419a] [com.apple.CarbonCore:gestalt] SetGestaltValue SetGestaltValue(fs   3D332) => 0
2026-09-16 15:54:34.380 I  PeachCommander[25191:1419a] [com.apple.CarbonCore:gestalt] SetGestaltValue SetGestaltValue(fold 11) => 0
2026-09-16 15:54:34.380 I  PeachCommander[25191:1419a] [com.apple.CarbonCore:gestalt] SetGestaltValue SetGestaltValue(lram 7FFFF000) => 0
2026-09-16 15:54:34.380 I  PeachCommander[25191:1419a] [com.apple.CarbonCore:gestalt] SetGestaltValue SetGestaltValue(mmap 1) => 0
2026-09-16 15:54:34.380 I  PeachCommander[25191:1419a] [com.apple.CarbonCore:gestalt] SetGestaltValue SetGestaltValue(cfrg 1) => 0
2026-09-16 15:54:34.380 I  PeachCommander[25191:1419a] [com.apple.CarbonCore:gestalt] SetGestaltValue SetGestaltValue(thds 7) => 0
2026-09-16 15:54:34.380 I  PeachCommander[25191:1419a] [com.apple.CarbonCore:gestalt] SetGestaltValue SetGestaltValue(tmgr E) => 0
2026-09-16 15:54:34.380 I  PeachCommander[25191:1419a] [com.apple.CarbonCore:gestalt] SetGestaltValue SetGestaltValue(vers 7) => 0
2026-09-16 15:54:34.380 I  PeachCommander[25191:1419a] [com.apple.CarbonCore:gestalt] SetGestaltValue SetGestaltValue(cbon 160) => 0
2026-09-16 15:54:34.380 I  PeachCommander[25191:1419a] [com.apple.CarbonCore:gestalt] SetGestaltValue SetGestaltValue(cltn 1108000) => 0
2026-09-16 15:54:34.380 I  PeachCommander[25191:1419a] [com.apple.CarbonCore:gestalt] SetGestaltValue SetGestaltValue(cpnt 8) => 0
2026-09-16 15:54:34.380 I  PeachCommander[25191:1419a] [com.apple.CarbonCore:gestalt] SetGestaltValue SetGestaltValue(rsrc 3) => 0
2026-09-16 15:54:34.380 I  PeachCommander[25191:1419a] [com.apple.CarbonCore:gestalt] SetGestaltValue SetGestaltValue(rmbg 11F) => 0
2026-09-16 15:54:34.380 I  PeachCommander[25191:1419a] [com.apple.CarbonCore:gestalt] SetGestaltValue SetGestaltValue(vm   11) => 0
2026-09-16 15:54:34.380 I  PeachCommander[25191:1419a] [com.apple.CarbonCore:gestalt] SetGestaltValue SetGestaltValue(srad 4170706C) => 0
2026-09-16 15:54:34.380 I  PeachCommander[25191:1419a] [com.apple.CarbonCore:gestalt] SetGestaltValue SetGestaltValue(sysa 14) => 0
2026-09-16 15:54:34.380 I  PeachCommander[25191:1419a] [com.apple.CarbonCore:gestalt] SetGestaltValue SetGestaltValue(copl 9) => 0
2026-09-16 15:54:34.380 I  PeachCommander[25191:1419a] [com.apple.CarbonCore:gestalt] SetGestaltValue SetGestaltValue(xlat 0) => 0
2026-09-16 15:54:34.380 I  PeachCommander[25191:1419a] [com.apple.CarbonCore:gestalt] SetGestaltValue SetGestaltValue(stdf 0) => 0
2026-09-16 15:54:34.380 I  PeachCommander[25191:1419a] [com.apple.CarbonCore:gestalt] _NewGestalt _NewGestalt(ram  0x1899fb644) => 0
2026-09-16 15:54:34.380 I  PeachCommander[25191:1419a] [com.apple.CarbonCore:gestalt] _NewGestalt _NewGestalt(ramm 0x1899fb644) => 0
2026-09-16 15:54:34.380 I  PeachCommander[25191:1419a] [com.apple.CarbonCore:gestalt] _NewGestalt _NewGestalt(cput 0x1899fb734) => 0
2026-09-16 15:54:34.380 I  PeachCommander[25191:1419a] [com.apple.CarbonCore:gestalt] _NewGestalt _NewGestalt(cpuf 0x1899fb764) => 0
2026-09-16 15:54:34.380 I  PeachCommander[25191:1419a] [com.apple.CarbonCore:gestalt] _NewGestalt _NewGestalt(bclk 0x1899fb794) => 0
2026-09-16 15:54:34.380 I  PeachCommander[25191:1419a] [com.apple.CarbonCore:gestalt] _NewGestalt _NewGestalt(bclm 0x1899fb794) => 0
2026-09-16 15:54:34.380 I  PeachCommander[25191:1419a] [com.apple.CarbonCore:gestalt] _NewGestalt _NewGestalt(pclk 0x1899fb834) => 0
2026-09-16 15:54:34.380 I  PeachCommander[25191:1419a] [com.apple.CarbonCore:gestalt] _NewGestalt _NewGestalt(mclk 0x1899fb834) => 0
2026-09-16 15:54:34.380 I  PeachCommander[25191:1419a] [com.apple.CarbonCore:gestalt] _NewGestalt _NewGestalt(a/ux 0x1899fb94c) => 0
2026-09-16 15:54:34.380 I  PeachCommander[25191:1419a] [com.apple.CarbonCore:gestalt] _NewGestalt _NewGestalt(pgsz 0x1899fb954) => 0
2026-09-16 15:54:34.380 I  PeachCommander[25191:1419a] [com.apple.CarbonCore:gestalt] _NewGestalt _NewGestalt(csiz 0x1899fb994) => 0
2026-09-16 15:54:34.380 I  PeachCommander[25191:1419a] [com.apple.CarbonCore:gestalt] _NewGestalt _NewGestalt(sysv 0x1899a6dfc) => 0
2026-09-16 15:54:34.380 I  PeachCommander[25191:1419a] [com.apple.CarbonCore:gestalt] _NewGestalt _NewGestalt(sys1 0x1899a6dfc) => 0
2026-09-16 15:54:34.380 I  PeachCommander[25191:1419a] [com.apple.CarbonCore:gestalt] _NewGestalt _NewGestalt(sys2 0x1899a6dfc) => 0
2026-09-16 15:54:34.380 I  PeachCommander[25191:1419a] [com.apple.CarbonCore:gestalt] _NewGestalt _NewGestalt(sys3 0x1899a6dfc) => 0
2026-09-16 15:54:34.380 I  PeachCommander[25191:1419a] [com.apple.CarbonCore:gestalt] _NewGestalt _NewGestalt(cdfl 0x1899fb9d4) => 0
2026-09-16 15:54:34.380 I  PeachCommander[25191:1419a] [com.apple.CarbonCore:gestalt] _NewGestalt _NewGestalt(cdrm 0x1899fbc30) => 0
2026-09-16 15:54:34.380 I  PeachCommander[25191:1419a] [com.apple.CarbonCore:gestalt] _NewGestalt _NewGestalt(cpus 0x1899fbc78) => 0
2026-09-16 15:54:34.380 I  PeachCommander[25191:1419a] [com.apple.CarbonCore:gestalt] SetGestaltValue SetGestaltValue(swex 1) => 0
2026-09-16 15:54:34.380 Df PeachCommander[25191:1419a] [com.apple.xpc:connection] [0x93261e800] activating connection: mach=false listener=false peer=false name=com.apple.hiservices-xpcservice
2026-09-16 15:54:34.381 I  PeachCommander[25191:1419a] [com.apple.CFPasteboard:entry] CopyData('ApplePerContextInputPasteboard' (<CFUUID 0x9318a54e0> 1824392A-CBEC-4629-9EC6-C8E9E4C57A13) gen: -1 item: 1264739405 flavor: 'ApplePerContextInputFlavor')
2026-09-16 15:54:34.381 I  PeachCommander[25191:1419a] [com.apple.CFPasteboard:cache] Rebuilding cache for 'ApplePerContextInputPasteboard' (<CFUUID 0x9318a54e0> 1824392A-CBEC-4629-9EC6-C8E9E4C57A13)
2026-09-16 15:54:34.381 I  PeachCommander[25191:1419a] [com.apple.CFPasteboard:general] Will request data from daemon
2026-09-16 15:54:34.381 I  PeachCommander[25191:1419a] [com.apple.CFPasteboard:exit] (not-in-cache) - result: 0 generation: 1 data (182 bytes) flags: 0
2026-09-16 15:54:34.381 I  PeachCommander[25191:1419a] [com.apple.CFPasteboard:entry] CopyData('DefaultAsciiKeyboardLayoutPasteboard' (<CFUUID 0x932f3a820> 5A7453B7-3489-4096-A36A-CF3D84F3B5EF) gen: -1 item: 1264739405 flavor: 'DefaultAsciiKeyboardLayoutFlavor')
2026-09-16 15:54:34.381 I  PeachCommander[25191:1419a] [com.apple.CFPasteboard:exit] (not-in-cache) - result: -8 generation: 0 null data flags: 0
2026-09-16 15:54:34.395 A  PeachCommander[25191:141a6] (CoreFoundation) Loading Preferences From System CFPrefsD
2026-09-16 15:54:34.491 I  PeachCommander[25191:1419a] [com.apple.iconservices:foundation] layer data size zero
2026-09-16 15:54:34.492 A  PeachCommander[25191:1419a] (CoreFoundation) Loading Preferences From User CFPrefsD
2026-09-16 15:54:34.492 I  PeachCommander[25191:1419a] [com.apple.CoreAnalytics:client] Dropping "com.apple.ImageIO.readerSelection" as it isn't used in any transform (not in the config or budgeted?)
2026-09-16 15:54:34.508 I  PeachCommander[25191:1419a] [com.apple.coreanimation:Utilities] IOSurface Compression Enabled: NO
2026-09-16 15:54:34.509 Df PeachCommander[25191:141a6] [com.apple.coreanimation:Metal] Precompiled pipelines disabled on unsupported hardware.
2026-09-16 15:54:34.517 I  PeachCommander[25191:141a0] [com.apple.AppKit:WindowTab] Indexing 1 items
2026-09-16 15:54:34.517 A  PeachCommander[25191:141a0] (CoreSpotlight) end-index-batch
2026-09-16 15:54:34.517 Df PeachCommander[25191:141a0] [com.apple.corespotlight:index] *warn* MailCS ======%%% _setMailMessageAttributes skip:1
2026-09-16 15:54:34.517 A  PeachCommander[25191:141a0] (CoreSpotlight) index-items
2026-09-16 15:54:34.518 Df PeachCommander[25191:141a6] [com.apple.corespotlight:index] CSInlineDonation:<private>: Skipping donation (feature flag disabled)
2026-09-16 15:54:34.519 Df PeachCommander[25191:141a6] [com.apple.corespotlight:index] CSInlineDonation:<private>: Skipping donation (feature flag disabled)
2026-09-16 15:54:34.560 I  PeachCommander[25191:1419a] [com.apple.HIToolbox:MBDisplays] <private>
2026-09-16 15:54:34.560 I  PeachCommander[25191:1419a] [com.apple.HIToolbox:MBDisplays] <private>
2026-09-16 15:54:35.036 I  PeachCommander[25191:1419a] [com.peachcommander:PCFoundation] Session restored
2026-09-16 15:54:35.036 Df PeachCommander[25191:1419a] (Foundation) <private>
2026-09-16 15:54:35.036 I  PeachCommander[25191:1419a] [com.peachcommander:PCFoundation] [automation] running /Users/admin/auto.txt
2026-09-16 15:54:35.036 Df PeachCommander[25191:1419a] (Foundation) <private>
2026-09-16 15:54:35.036 I  PeachCommander[25191:1419a] [com.peachcommander:PCFoundation] [automation] > active left
2026-09-16 15:54:35.036 Df PeachCommander[25191:1419a] (Foundation) <private>
2026-09-16 15:54:35.036 I  PeachCommander[25191:1419a] [com.peachcommander:PCFoundation] [automation] > left /Users/admin/pc-tc
2026-09-16 15:54:35.190 Df PeachCommander[25191:1419a] (Foundation) <private>
2026-09-16 15:54:35.190 I  PeachCommander[25191:1419a] [com.peachcommander:PCFoundation] [automation] > wait 1200
2026-09-16 15:54:35.221 I  PeachCommander[25191:1419a] [com.apple.AppKit:Image] ISImage reported a placeholder, image rep is providing a placeholder image for <private>
2026-09-16 15:54:35.221 I  PeachCommander[25191:1419a] [com.apple.AppKit:Image] ISImage reported a placeholder, image rep is providing a placeholder image for <private>
2026-09-16 15:54:35.222 I  PeachCommander[25191:141a1] [com.apple.iconservices:foundation] layer data size zero
2026-09-16 15:54:35.225 I  PeachCommander[25191:1419a] [com.apple.AppKit:Image] ISImage reported a placeholder, image rep is providing a placeholder image for <private>
2026-09-16 15:54:35.225 I  PeachCommander[25191:1419a] [com.apple.AppKit:Image] ISImage reported a placeholder, image rep is providing a placeholder image for <private>
2026-09-16 15:54:35.227 I  PeachCommander[25191:1419a] [com.apple.AppKit:Image] ISImage reported a placeholder, image rep is providing a placeholder image for <private>
2026-09-16 15:54:35.227 I  PeachCommander[25191:1419a] [com.apple.AppKit:Image] ISImage reported a placeholder, image rep is providing a placeholder image for <private>
2026-09-16 15:54:35.229 I  PeachCommander[25191:141a1] [com.apple.iconservices:foundation] layer data size zero
2026-09-16 15:54:35.253 I  PeachCommander[25191:1419a] [com.apple.AppKit:Image] ISImage reported a placeholder, image rep is providing a placeholder image for <private>
2026-09-16 15:54:35.253 I  PeachCommander[25191:1419a] [com.apple.AppKit:Image] ISImage reported a placeholder, image rep is providing a placeholder image for <private>
2026-09-16 15:54:35.253 I  PeachCommander[25191:1419a] [com.apple.AppKit:Image] ISImage reported a placeholder, image rep is providing a placeholder image for <private>
2026-09-16 15:54:35.254 I  PeachCommander[25191:1419a] [com.apple.iconservices:foundation] layer data size zero
2026-09-16 15:54:35.254 I  PeachCommander[25191:141ab] [com.apple.iconservices:foundation] layer data size zero
2026-09-16 15:54:35.254 I  PeachCommander[25191:1419a] [com.apple.AppKit:Image] ISImage reported a placeholder, image rep is providing a placeholder image for <private>
2026-09-16 15:54:35.254 I  PeachCommander[25191:1419a] [com.apple.AppKit:Image] ISImage reported a placeholder, image rep is providing a placeholder image for <private>
2026-09-16 15:54:35.256 I  PeachCommander[25191:1419a] [com.apple.iconservices:foundation] layer data size zero
2026-09-16 15:54:35.268 I  PeachCommander[25191:1419a] [com.apple.AppKit:Image] ISImage reported a placeholder, image rep is providing a placeholder image for <private>
2026-09-16 15:54:35.272 I  PeachCommander[25191:1419a] [com.apple.AppKit:Image] ISImage reported a placeholder, image rep is providing a placeholder image for <private>
2026-09-16 15:54:35.272 I  PeachCommander[25191:1419a] [com.apple.AppKit:Image] ISImage reported a placeholder, image rep is providing a placeholder image for <private>
2026-09-16 15:54:35.272 I  PeachCommander[25191:14233] [com.apple.iconservices:foundation] layer data size zero
2026-09-16 15:54:35.292 I  PeachCommander[25191:141a1] [com.apple.AppKit:WindowTab] Indexing 1 items
2026-09-16 15:54:35.292 A  PeachCommander[25191:141a1] (CoreSpotlight) end-index-batch
2026-09-16 15:54:35.292 A  PeachCommander[25191:141a1] (CoreSpotlight) index-items
2026-09-16 15:54:35.292 Df PeachCommander[25191:141a1] [com.apple.corespotlight:index] CSInlineDonation:<private>: Skipping donation (feature flag disabled)
2026-09-16 15:54:35.293 Df PeachCommander[25191:141a1] [com.apple.corespotlight:index] CSInlineDonation:<private>: Skipping donation (feature flag disabled)
2026-09-16 15:54:36.410 Df PeachCommander[25191:1419a] (Foundation) <private>
2026-09-16 15:54:36.410 I  PeachCommander[25191:1419a] [com.peachcommander:PCFoundation] [automation] > cmd cm_SrcLong
2026-09-16 15:54:36.410 Df PeachCommander[25191:1419a] (Foundation) <private>
2026-09-16 15:54:36.410 I  PeachCommander[25191:1419a] [com.peachcommander:PCFoundation] [automation] > wait 600
2026-09-16 15:54:37.038 Df PeachCommander[25191:1419a] (Foundation) <private>
2026-09-16 15:54:37.038 I  PeachCommander[25191:1419a] [com.peachcommander:PCFoundation] [automation] > column comment
2026-09-16 15:54:37.038 Df PeachCommander[25191:1419a] (Foundation) <private>
2026-09-16 15:54:37.038 I  PeachCommander[25191:1419a] [com.peachcommander:PCFoundation] [automation] > widenleft
2026-09-16 15:54:37.040 Df PeachCommander[25191:1419a] (Foundation) <private>
2026-09-16 15:54:37.040 I  PeachCommander[25191:1419a] [com.peachcommander:PCFoundation] [automation] > wait 600
2026-09-16 15:54:37.649 Df PeachCommander[25191:1419a] (Foundation) <private>
2026-09-16 15:54:37.649 I  PeachCommander[25191:1419a] [com.peachcommander:PCFoundation] [automation] > tccomment /Users/admin/pc-tc|/Users/admin/tc.txt
2026-09-16 15:54:37.662 I  PeachCommander[25191:1419a] [com.apple.AppKit:Image] ISImage reported a placeholder, image rep is providing a placeholder image for <private>
2026-09-16 15:54:37.664 I  PeachCommander[25191:1419a] [com.apple.AppKit:Image] ISImage reported a placeholder, image rep is providing a placeholder image for <private>
2026-09-16 15:54:37.664 I  PeachCommander[25191:1419a] [com.apple.AppKit:Image] ISImage reported a placeholder, image rep is providing a placeholder image for <private>
2026-09-16 15:54:37.694 I  PeachCommander[25191:1419a] [com.apple.AppKit:Image] ISImage reported a placeholder, image rep is providing a placeholder image for <private>
2026-09-16 15:54:37.703 I  PeachCommander[25191:1419a] [com.apple.AppKit:Image] ISImage reported a placeholder, image rep is providing a placeholder image for <private>
2026-09-16 15:54:37.703 I  PeachCommander[25191:1419a] [com.apple.AppKit:Image] ISImage reported a placeholder, image rep is providing a placeholder image for <private>
2026-09-16 15:54:38.301 I  PeachCommander[25191:1419a] [com.apple.AppKit:Image] ISImage reported a placeholder, image rep is providing a placeholder image for <private>
2026-09-16 15:54:38.304 I  PeachCommander[25191:1419a] [com.apple.AppKit:Image] ISImage reported a placeholder, image rep is providing a placeholder image for <private>
2026-09-16 15:54:38.304 I  PeachCommander[25191:1419a] [com.apple.AppKit:Image] ISImage reported a placeholder, image rep is providing a placeholder image for <private>
2026-09-16 15:54:38.333 I  PeachCommander[25191:1419a] [com.apple.AppKit:Image] ISImage reported a placeholder, image rep is providing a placeholder image for <private>
2026-09-16 15:54:38.336 I  PeachCommander[25191:1419a] [com.apple.AppKit:Image] ISImage reported a placeholder, image rep is providing a placeholder image for <private>
2026-09-16 15:54:38.336 I  PeachCommander[25191:1419a] [com.apple.AppKit:Image] ISImage reported a placeholder, image rep is providing a placeholder image for <private>
2026-09-16 15:54:38.370 I  PeachCommander[25191:1419a] [com.apple.AppKit:Image] ISImage reported a placeholder, image rep is providing a placeholder image for <private>
2026-09-16 15:54:38.374 I  PeachCommander[25191:1419a] [com.apple.AppKit:Image] ISImage reported a placeholder, image rep is providing a placeholder image for <private>
2026-09-16 15:54:38.374 I  PeachCommander[25191:1419a] [com.apple.AppKit:Image] ISImage reported a placeholder, image rep is providing a placeholder image for <private>
2026-09-16 15:54:38.400 I  PeachCommander[25191:1419a] [com.apple.AppKit:Image] ISImage reported a placeholder, image rep is providing a placeholder image for <private>
2026-09-16 15:54:38.404 I  PeachCommander[25191:1419a] [com.apple.AppKit:Image] ISImage reported a placeholder, image rep is providing a placeholder image for <private>
2026-09-16 15:54:38.404 I  PeachCommander[25191:1419a] [com.apple.AppKit:Image] ISImage reported a placeholder, image rep is providing a placeholder image for <private>
2026-09-16 15:54:38.434 I  PeachCommander[25191:1419a] [com.apple.AppKit:Image] ISImage reported a placeholder, image rep is providing a placeholder image for <private>
2026-09-16 15:54:38.438 I  PeachCommander[25191:1419a] [com.apple.AppKit:Image] ISImage reported a placeholder, image rep is providing a placeholder image for <private>
2026-09-16 15:54:38.438 I  PeachCommander[25191:1419a] [com.apple.AppKit:Image] ISImage reported a placeholder, image rep is providing a placeholder image for <private>
2026-09-16 15:54:38.513 I  PeachCommander[25191:1419a] [com.apple.quicklook:Preview Loading] start loading item <private>
2026-09-16 15:54:38.513 I  PeachCommander[25191:1419a] [com.apple.quicklook:Preview Loading] created <private> (customView: (null))
2026-09-16 15:54:38.513 I  PeachCommander[25191:1419a] [com.apple.quicklook:Preview Loading] start loading <private> with forced displayBundleID (null)
2026-09-16 15:54:38.514 Df PeachCommander[25191:14233] [com.apple.foundation.filecoordination:claims] Read options: 200000 -- URL: <private> -- purposeID: 6161BD82-689A-4A67-AFB3-00831C566DC9 -- claimID: BC4A42B2-F429-4BC6-ADB3-6DB5D409F730
2026-09-16 15:54:38.515 Df PeachCommander[25191:14233] [com.apple.foundation.filecoordination:claims] Claim BC4A42B2-F429-4BC6-ADB3-6DB5D409F730 granted in client
2026-09-16 15:54:38.515 Df PeachCommander[25191:14233] [com.apple.foundation.filecoordination:claims] Claim BC4A42B2-F429-4BC6-ADB3-6DB5D409F730 invoked in client
2026-09-16 15:54:38.515 I  PeachCommander[25191:14233] [com.apple.quicklook:Preview Loading] got displayBundleID com.apple.qldisplay.Text for <private>
2026-09-16 15:54:38.518 I  PeachCommander[25191:1419a] [com.apple.quicklook:Preview Loading] document <private> got display bundle <private>
2026-09-16 15:54:38.518 I  PeachCommander[25191:141a1] [com.apple.quicklook:General] presentedItemURL: <private>
2026-09-16 15:54:38.518 I  PeachCommander[25191:141a1] [com.apple.quicklook:General] presentedItemOperationQueue: <private>
2026-09-16 15:54:38.518 Df PeachCommander[25191:141a1] [com.apple.foundation.filecoordination:presenter] Adding presenter 51739C44-1BF3-4025-911F-2563168EE3A5 for URL: <private>
2026-09-16 15:54:38.518 Df PeachCommander[25191:14288] [com.apple.foundation.filecoordination:claims] Read options: 0 -- URL: <private> -- purposeID: 74026EFB-71F9-4617-8D3D-F51F0EFE7BFF -- claimID: B154A196-6375-4A57-9D09-535473EF5049
2026-09-16 15:54:38.519 Df PeachCommander[25191:141a1] [com.apple.foundation.filecoordination:claims] Claim B154A196-6375-4A57-9D09-535473EF5049 granted in client
2026-09-16 15:54:38.519 Df PeachCommander[25191:141a1] [com.apple.foundation.filecoordination:claims] Claim B154A196-6375-4A57-9D09-535473EF5049 invoked in client
2026-09-16 15:54:38.520 I  PeachCommander[25191:14288] [com.apple.quicklook:default] Getting <private> for 'Text Loading Options' from UTI '<private>' #UTI
2026-09-16 15:54:38.521 I  PeachCommander[25191:1419a] [com.apple.inputAnalytics.client:IATextInputActions] initWithAnalyticsMetadataObserver service
2026-09-16 15:54:38.521 I  PeachCommander[25191:1419a] [com.apple.quicklook:General] DID LOAD <private>
2026-09-16 15:54:38.522 I  PeachCommander[25191:1419a] [com.apple.quicklook:Preview Loading] document <private> did load
2026-09-16 15:54:38.522 I  PeachCommander[25191:1419a] [com.apple.quicklook:Preview Loading] setting displayable from (null) to <private>
2026-09-16 15:54:38.877 I  PeachCommander[25191:1419a] [com.apple.AppKit:Image] ISImage reported a placeholder, image rep is providing a placeholder image for <private>
2026-09-16 15:54:38.880 I  PeachCommander[25191:1419a] [com.apple.AppKit:Image] ISImage reported a placeholder, image rep is providing a placeholder image for <private>
2026-09-16 15:54:38.880 I  PeachCommander[25191:1419a] [com.apple.AppKit:Image] ISImage reported a placeholder, image rep is providing a placeholder image for <private>
2026-09-16 15:54:39.379 Df PeachCommander[25191:1419a] (Foundation) <private>
2026-09-16 15:54:39.379 I  PeachCommander[25191:1419a] [com.peachcommander:PCFoundation] [automation] > wait 1200
2026-09-16 15:54:40.660 Df PeachCommander[25191:1419a] (Foundation) <private>
2026-09-16 15:54:40.660 I  PeachCommander[25191:1419a] [com.peachcommander:PCFoundation] [automation] done
