Timestamp               Ty Process[PID:TID]
2026-09-14 10:39:36.322 A  PeachCommander[24527:13c3c] (libsystem_info.dylib) Retrieve User by ID
2026-09-14 10:39:36.322 Df PeachCommander[24527:13c3c] [com.apple.xpc:connection] [0x105e90400] activating connection: mach=true listener=false peer=false name=com.apple.cfprefsd.daemon
2026-09-14 10:39:36.322 Df PeachCommander[24527:13c42] [com.apple.xpc:connection] [0x105e93ac0] activating connection: mach=true listener=false peer=false name=com.apple.cfprefsd.agent
2026-09-14 10:39:36.324 Df PeachCommander[24527:13c3c] [com.apple.xpc:connection] [0x105e96370] activating connection: mach=true listener=false peer=false name=com.apple.coreservices.launchservicesd
2026-09-14 10:39:36.324 I  PeachCommander[24527:13c3c] [com.apple.launchservices:cas] Registering for notification <private> on default queue, to re-boostrap client connection.
2026-09-14 10:39:36.324 Df PeachCommander[24527:13c3c] [com.apple.xpc:connection] [0xad4ca8000] activating connection: mach=true listener=false peer=false name=com.apple.pasteboard.1
2026-09-14 10:39:36.324 Df PeachCommander[24527:13c3c] [com.apple.xpc:connection] [0xad4ca8140] activating connection: mach=true listener=false peer=false name=com.apple.distributed_notifications@Uv3
2026-09-14 10:39:36.325 Df PeachCommander[24527:13c3c] [com.apple.AppKit:AutomaticTermination] void _NSDisableAutomaticTerminationAndLog(NSString *) No windows open yet
2026-09-14 10:39:36.326 A  PeachCommander[24527:13c3c] (TCC) TCCAccessRequest() IPC
2026-09-14 10:39:36.326 Df PeachCommander[24527:13c3c] [com.apple.xpc:connection] [0xad4ca8280] activating connection: mach=true listener=false peer=false name=com.apple.tccd.system
2026-09-14 10:39:36.326 I  PeachCommander[24527:13c3c] [com.apple.TCC:access] SEND: 0/7 synchronous to com.apple.tccd.system: request: msgID=24527.1, function=TCCAccessRequest, service=kTCCServiceListenEvent,
2026-09-14 10:39:36.327 I  PeachCommander[24527:13c3c] [com.apple.TCC:access] RECV: synchronous reply <dictionary: 0xad4c98000> { count = 5, transaction: 0, voucher = 0x0, contents =
	"prompt_type" => <uint64: 0x88d05514a31c480f>: 1
	"auth_value" => <uint64: 0x88d05514a31c480f>: 1
	"preflight_unknown" => <bool: 0x1f720d190>: true
	"auth_version" => <uint64: 0x88d05514a31c480f>: 1
	"auth_reason" => <uint64: 0x88d05514a31c482f>: 5
}
2026-09-14 10:39:36.327 Df PeachCommander[24527:13c3c] [com.apple.xpc:connection] [0xad4ca8280] invalidated after the last release of the connection object
2026-09-14 10:39:36.327 Df PeachCommander[24527:13c3c] [com.apple.SkyLight:default] server port 0x00003807, session port 0x00003807
2026-09-14 10:39:36.329 I  PeachCommander[24527:13c42] [com.apple.SkyLight:processes] 0[outside of RPC]: First connection id 303579 mapped to ctx = 0xad4c9c700
2026-09-14 10:39:36.329 Df PeachCommander[24527:13c3c] [com.apple.SkyLight:default] New connection 0x4a1db main
2026-09-14 10:39:36.330 I  PeachCommander[24527:13c3c] [com.apple.hiservices:processmgr] Checking in with CAS, pid=24527
2026-09-14 10:39:36.330 I  PeachCommander[24527:13c3c] [com.apple.launchservices:cas] LSApplicationCheckIn(), app being registered is:"/Users/admin/pc-test/PeachCommander.app/Contents/MacOS/PeachCommander"
2026-09-14 10:39:36.330 I  PeachCommander[24527:13c3c] [com.apple.launchservices:cas]  { "ApplicationType"="Foreground", "BuildMachineOSBuild"="25E246", "CFBundleDevelopmentRegion"="en", "CFBundleDocumentTypes"=( { "CFBundleTypeName"="Peach Commander Plugin Package", "CFBundleTypeRole"="Viewer", "LSHandlerRank"="Owner", "LSItemContentTypes"=( "com.peachcommander.plugin-package") }), "CFBundleExecutable"="PeachCommander", "CFBundleExecutablePath"="/Users/admin/pc-test/PeachCommander.app/Contents/MacOS/PeachCommander", "CFBundleHelpBookFolder"="PeachCommander.help", "CFBundleHelpBookName"="Peach Commander Help", "CFBundleIconFile"="AppIcon", "CFBundleIconName"="AppIcon", "CFBundleIdentifier"="com.peachcommander.app", "CFBundleInfoDictionaryVersion"="6.0", "CFBundleName"="PeachCommander", "CFBundleNumericVersion"=402685952, "CFBundlePackageType"="APPL", "CFBundleShortVersionString"="0.9.0", "CFBundleSignature"="?????", "CFBundleSupportedPlatforms"=( "MacOSX"), "CFBundleVersion"="18", "DTCompiler"="com.apple.compilers.llvm.clang.1_0", "DTPlatformBuild"="25F70", "DTPlatformName"="macosx", "<…>
2026-09-14 10:39:36.330 Df PeachCommander[24527:13c3c] [com.apple.processmanager:front-35286506] CHECKIN: pid=24527
2026-09-14 10:39:36.332 Df PeachCommander[24527:13c3c] [com.apple.processmanager:front-35286506] CHECKEDIN: pid=24527 asn=0x0-0x146146 foreground=1
2026-09-14 10:39:36.332 I  PeachCommander[24527:13c3c] [com.apple.launchservices:cas] Setting processControlState to default PROC_SETPC_SUSPEND because application does not have LSProcessControlValue key
2026-09-14 10:39:36.332 Df PeachCommander[24527:13c3c] [com.apple.xpc:connection] [0xad4ca8280] activating connection: mach=false listener=true peer=false name=(anonymous)
2026-09-14 10:39:36.332 Df PeachCommander[24527:13c3c] [com.apple.xpc:connection] [0xad4ca8280] Connection returned listener port: 0x5303
2026-09-14 10:39:36.332 Df PeachCommander[24527:13c43] [com.apple.xpc:connection] [0xad5080300] activating connection: mach=false listener=false peer=true name=com.apple.xpc.anonymous.0xad4ca8280.peer[131].0xad5080300
2026-09-14 10:39:36.332 Df PeachCommander[24527:13c3c] [com.apple.processmanager:front-35286506] FRONTLOGGING: version 1
2026-09-14 10:39:36.332 Df PeachCommander[24527:13c3c] [com.apple.processmanager:front-35286506] Registered, pid=24527 ASN=0x0,0x146146
2026-09-14 10:39:36.332 Df PeachCommander[24527:13c3c] [com.apple.xpc:connection] [0xad4ca83c0] activating connection: mach=true listener=false peer=false name=com.apple.analyticsd
2026-09-14 10:39:36.332 I  PeachCommander[24527:13c3c] [com.apple.CoreAnalytics:client] Daemon status changed from 0 to 1
2026-09-14 10:39:36.333 I  PeachCommander[24527:13c43] [com.apple.CarbonCore:coreservicesdaemon] SCSession():SCSession( id=100, this=0x0x105e9dc50 option=65538) created, forUID=501 mach_port_t=0x4403.
2026-09-14 10:39:36.333 I  PeachCommander[24527:13c43] [com.apple.CarbonCore:coreservicesdaemon] SCSession():SCSession( id=101, this=0x0x105e9dd90 option=65538) created, forUID=501 mach_port_t=0x5003.
2026-09-14 10:39:36.333 I  PeachCommander[24527:13c43] [com.apple.CarbonCore:coreservicesdaemon] connectToCoreServicesD():Instantiating server (coreservicesd based) SCSession, port=0x4403 serverOptions=0x10002.
2026-09-14 10:39:36.333 I  PeachCommander[24527:13c3c] [com.apple.hiservices:processmgr] _RegisterApplication( pid 24527 => 0x0,0x146146) type=foreground
2026-09-14 10:39:36.333 Df PeachCommander[24527:13c3c] [com.apple.xpc:connection] [0xad4ca8280] Connection returned listener port: 0x5303
2026-09-14 10:39:36.333 I  PeachCommander[24527:13c3c] [com.apple.launchservices:cas] CFArrayRef _LSCopyLaunchModifiers(LSSessionID, LSASNRef _Nonnull), result for psn [ kLSCurrentApp ASN, 0x0,0x2]  is 1 items.
2026-09-14 10:39:36.333 Df PeachCommander[24527:13c3c] [com.apple.processmanager:front-35286506] BringForward: pid=24527 asn=0x0-0x146146 bringForward=1 foreground=1 uiElement=0 launchedByLS=1 modifiersCount=1 allDisabled=1
2026-09-14 10:39:36.333 Df PeachCommander[24527:13c3c] [com.apple.processmanager:front-35286506] BringFrontModifier: pid=24527 asn=0x0-0x146146 Modifier 0 hideAfter=0 hideOthers=0 dontMakeFrontmost=0 mouseDown=0/0 seed=0/0
2026-09-14 10:39:36.333 Df PeachCommander[24527:13c3c] [com.apple.processmanager:front-35286506] BringForward: pid=24527 asn=0x0-0x146146
2026-09-14 10:39:36.333 Df PeachCommander[24527:13c3c] [com.apple.processmanager:front-35286506] SetFrontProcess: asn=0x0-0x146146 options=0
2026-09-14 10:39:36.333 I  PeachCommander[24527:13c3c] [com.apple.SkyLight:processes] 0[outside of RPC]: SLPSetFrontProcess(0x0-0x146146 window=0 options=0x0
2026-09-14 10:39:36.333 Df PeachCommander[24527:13c43] [com.apple.xpc:connection] [0xad4ca8500] activating connection: mach=true listener=false peer=false name=com.apple.lsd.mapdb
2026-09-14 10:39:36.333 Df PeachCommander[24527:13c42] [com.apple.CoreAnalytics:client] Received configuration update from daemon (initial)
2026-09-14 10:39:36.335 Df PeachCommander[24527:13c3c] [com.apple.AppKit:Appearance] Current system appearance, (HLTB: 1), (SLS: 0)
2026-09-14 10:39:36.335 Df PeachCommander[24527:13c3c] (libMobileGestalt.dylib) No persisted cache on this platform.
2026-09-14 10:39:36.336 I  PeachCommander[24527:13c42] [com.apple.launchservices:cas] information in shared memory for 0x0-0x146146 with seed 533 was still valid, so using cached info { "ApplicationType"="Foreground", "BuildMachineOSBuild"="25E246", "BundleIdentifierLowerCase"="com.peachcommander.app", "CFBundleDevelopmentRegion"="en", "CFBundleDocumentTypes"=( { "CFBundleTypeName"="Peach Commander Plugin Package", "CFBundleTypeRole"="Viewer", "LSHandlerRank"="Owner", "LSItemContentTypes"=( "com.peachcommander.plugin-package") }), "CFBundleExecutable"="PeachCommander", "CFBundleExecutablePath"="/Users/admin/pc-test/PeachCommander.app/Contents/MacOS/PeachCommander", "CFBundleExecutablePathDeviceID"=16777225, "CFBundleExecutablePathINode"=488026, "CFBundleHelpBookFolder"="PeachCommander.help", "CFBundleHelpBookName"="Peach Commander Help", "CFBundleIconFile"="AppIcon", "CFBundleIconName"="AppIcon", "CFBundleIdentifier"="com.peachcommander.app", "CFBundleInfoDictionaryVersion"="6.0", "CFBundleName"="PeachCommander", "CFBundleNameLowerCase"="peachcommander", "CFBundleNumericVersion"=402685952, "CFBundlePackageType"="APPL", "CFBundleShortVersionString"="0.9.0", "CFBun<…>
2026-09-14 10:39:36.336 Df PeachCommander[24527:13c3c] (libMobileGestalt.dylib) Could not get size of EAN data (IOConnectCallScalarMethod kAppleNVMeEANGetSize returned 0xE00002E2)
2026-09-14 10:39:36.336 Df PeachCommander[24527:13c3c] (libMobileGestalt.dylib) Failed to copy 'aptk' from EAN
2026-09-14 10:39:36.336 Df PeachCommander[24527:13c3c] (libMobileGestalt.dylib) Failed to copy APTicket properties. Falling back to default policy.
2026-09-14 10:39:36.336 Df PeachCommander[24527:13c3c] (libMobileGestalt.dylib) Creating default MGSysConfigPolicy
2026-09-14 10:39:36.336 Df PeachCommander[24527:13c3c] (libMobileGestalt.dylib) CFDictionaryRef copySyscfgDictionary(void) enumeration of <private> failed.
2026-09-14 10:39:36.336 Df PeachCommander[24527:13c3c] (libMobileGestalt.dylib) Failed to find key <private>
2026-09-14 10:39:36.336 I  PeachCommander[24527:13c43] [com.apple.launchservices:db] LaunchServices database schema version: 20971544
2026-09-14 10:39:36.337 Df PeachCommander[24527:13c3c] [com.apple.AppKit:Appearance] Current system appearance, (HLTB: 1), (SLS: 0)
2026-09-14 10:39:36.337 Df PeachCommander[24527:13c3c] [com.apple.AppKit:Appearance] Post-registration system appearance: (HLTB: 1)
2026-09-14 10:39:36.338 I  PeachCommander[24527:13c43] [com.apple.launchservices:default] Unable to load Info.plist exceptions (eGPUOverrides)
2026-09-14 10:39:36.338 I  PeachCommander[24527:13c43] [com.apple.launchservices:default] Unable to load Info.plist exceptions (gameModeOverrides)
2026-09-14 10:39:36.338 I  PeachCommander[24527:13c43] [com.apple.launchservices:default] Unable to load Info.plist exceptions (identifiedGameOverrides)
2026-09-14 10:39:36.338 I  PeachCommander[24527:13c43] [com.apple.launchservices:default] Unable to load Info.plist exceptions (SystemHiddenPreferred)
2026-09-14 10:39:36.338 Df PeachCommander[24527:13c3c] [com.apple.FrontBoard:Common] FBSWorkspace: endpoint monitoring is disabled.
2026-09-14 10:39:36.338 Df PeachCommander[24527:13c3c] [com.apple.FrontBoard:Common] FBSWorkspace: default shell endpoint is disabled.
2026-09-14 10:39:36.339 Df PeachCommander[24527:13c3c] [com.apple.runningboard:connection] Initializing connection
2026-09-14 10:39:36.339 Df PeachCommander[24527:13c3c] [com.apple.runningboard:process] Removing all cached process handles
2026-09-14 10:39:36.339 Df PeachCommander[24527:13c47] [com.apple.runningboard:connection] Sending handshake request attempt #1 to server
2026-09-14 10:39:36.339 Df PeachCommander[24527:13c47] [com.apple.runningboard:connection] Creating connection to com.apple.runningboard
2026-09-14 10:39:36.339 Df PeachCommander[24527:13c47] [com.apple.xpc:connection] [0xad4ca8640] activating connection: mach=true listener=false peer=false name=com.apple.runningboard
2026-09-14 10:39:36.339 A  PeachCommander[24527:13c42] (RunningBoardServices) didChangeInheritances
2026-09-14 10:39:36.339 Df PeachCommander[24527:13c3c] [com.apple.xpc:connection] [0xad4ca8280] Connection returned listener port: 0x5303
2026-09-14 10:39:36.339 I  PeachCommander[24527:13c3c] [com.apple.launchservices:cas] information in shared memory for 0x0-0x146146 with seed 533 was still valid, so using cached info { "ApplicationType"="Foreground", "BuildMachineOSBuild"="25E246", "BundleIdentifierLowerCase"="com.peachcommander.app", "CFBundleDevelopmentRegion"="en", "CFBundleDocumentTypes"=( { "CFBundleTypeName"="Peach Commander Plugin Package", "CFBundleTypeRole"="Viewer", "LSHandlerRank"="Owner", "LSItemContentTypes"=( "com.peachcommander.plugin-package") }), "CFBundleExecutable"="PeachCommander", "CFBundleExecutablePath"="/Users/admin/pc-test/PeachCommander.app/Contents/MacOS/PeachCommander", "CFBundleExecutablePathDeviceID"=16777225, "CFBundleExecutablePathINode"=488026, "CFBundleHelpBookFolder"="PeachCommander.help", "CFBundleHelpBookName"="Peach Commander Help", "CFBundleIconFile"="AppIcon", "CFBundleIconName"="AppIcon", "CFBundleIdentifier"="com.peachcommander.app", "CFBundleInfoDictionaryVersion"="6.0", "CFBundleName"="PeachCommander", "CFBundleNameLowerCase"="peachcommander", "CFBundleNumericVersion"=402685952, "CFBundlePackageType"="APPL", "CFBundleShortVersionString"="0.9.0", "CFBun<…>
2026-09-14 10:39:36.339 Df PeachCommander[24527:13c47] [com.apple.runningboard:connection] Handshake succeeded
2026-09-14 10:39:36.339 Df PeachCommander[24527:13c47] [com.apple.runningboard:connection] Identity resolved as app<application.com.peachcommander.app.486930.488026(501)>
2026-09-14 10:39:36.341 Df PeachCommander[24527:13c3c] [com.apple.xpc:connection] [0xad4ca8280] Connection returned listener port: 0x5303
2026-09-14 10:39:36.341 A  PeachCommander[24527:13c42] (AppIntents) appintents:register process
2026-09-14 10:39:36.341 Df PeachCommander[24527:13c42] [com.apple.appintents:Connection] Created a new Process Instance Registry XPC connection (inactive)
2026-09-14 10:39:36.341 Df PeachCommander[24527:13c42] [com.apple.xpc:connection] [0xad4ca88c0] activating connection: mach=true listener=false peer=false name=com.apple.linkd.autoShortcut
2026-09-14 10:39:36.342 Df PeachCommander[24527:13c42] [com.apple.appintents:Connection] Activated connection to linkd (ApplicationService)
2026-09-14 10:39:36.342 Df PeachCommander[24527:13c42] [com.apple.xpc:connection] [0xad4ca8a00] activating connection: mach=false listener=true peer=false name=(anonymous)
2026-09-14 10:39:36.342 I  PeachCommander[24527:13c3c] [com.apple.launchservices:cas] information in shared memory for 0x0-0x146146 with seed 533 was still valid, so using cached info { "ApplicationType"="Foreground", "BuildMachineOSBuild"="25E246", "BundleIdentifierLowerCase"="com.peachcommander.app", "CFBundleDevelopmentRegion"="en", "CFBundleDocumentTypes"=( { "CFBundleTypeName"="Peach Commander Plugin Package", "CFBundleTypeRole"="Viewer", "LSHandlerRank"="Owner", "LSItemContentTypes"=( "com.peachcommander.plugin-package") }), "CFBundleExecutable"="PeachCommander", "CFBundleExecutablePath"="/Users/admin/pc-test/PeachCommander.app/Contents/MacOS/PeachCommander", "CFBundleExecutablePathDeviceID"=16777225, "CFBundleExecutablePathINode"=488026, "CFBundleHelpBookFolder"="PeachCommander.help", "CFBundleHelpBookName"="Peach Commander Help", "CFBundleIconFile"="AppIcon", "CFBundleIconName"="AppIcon", "CFBundleIdentifier"="com.peachcommander.app", "CFBundleInfoDictionaryVersion"="6.0", "CFBundleName"="PeachCommander", "CFBundleNameLowerCase"="peachcommander", "CFBundleNumericVersion"=402685952, "CFBundlePackageType"="APPL", "CFBundleShortVersionString"="0.9.0", "CFBun<…>
2026-09-14 10:39:36.342 I  PeachCommander[24527:13c3c] [com.apple.hiservices:processmgr] TransformProcessType(0x0,0x2 => 1 wasFront=1 pickNew=0)
2026-09-14 10:39:36.342 I  PeachCommander[24527:13c3c] [com.apple.CoreAnalytics:client] Dropping "com.apple.appkit.app_config" as it isn't used in any transform (not in the config or budgeted?)
2026-09-14 10:39:36.342 I  PeachCommander[24527:13c42] [com.apple.appintents:Execution] LNAppConnectionListener instantiated
2026-09-14 10:39:36.342 Df PeachCommander[24527:13c42] [com.apple.xpc:connection] [0xad4ca8a00] Connection returned listener port: 0x6f03
2026-09-14 10:39:36.342 Df PeachCommander[24527:13c47] [com.apple.xpc:connection] [0xad4ca88c0] Re-initialization successful; calling out to event handler with XPC_ERROR_CONNECTION_INTERRUPTED
2026-09-14 10:39:36.342 Df PeachCommander[24527:13c47] [com.apple.appintents:Connection] Process Instance Registry XPC connection has been interrupted
2026-09-14 10:39:36.342 Df PeachCommander[24527:13c3c] [com.apple.dt.xctest:Default] Registering for test daemon availability notify post.
2026-09-14 10:39:36.342 E  PeachCommander[24527:13c42] [com.apple.appintents:Connection] Unable to get synchronousRemoteObjectProxy, error: Error Domain=NSCocoaErrorDomain Code=4097 "connection to service named com.apple.linkd.autoShortcut" UserInfo={NSDebugDescription=connection to service named com.apple.linkd.autoShortcut}
2026-09-14 10:39:36.342 Df PeachCommander[24527:13c47] [com.apple.appintents:Connection] Created a new Process Instance Registry XPC connection (inactive)
2026-09-14 10:39:36.342 Df PeachCommander[24527:13c3c] [com.apple.dt.xctest:Default] notify_get_state check indicated test daemon not ready.
2026-09-14 10:39:36.342 E  PeachCommander[24527:13c42] [com.apple.AppKit:Application] Error registering app with intents framework: Error Domain=NSCocoaErrorDomain Code=4097 UserInfo={NSDebugDescription=<private>}
2026-09-14 10:39:36.342 A  PeachCommander[24527:13c47] (AppIntents) appintents:register process
2026-09-14 10:39:36.342 Df PeachCommander[24527:13c47] [com.apple.appintents:Connection] Created a new Process Instance Registry XPC connection (inactive)
2026-09-14 10:39:36.342 Df PeachCommander[24527:13c47] [com.apple.xpc:connection] [0xad4ca8c80] activating connection: mach=true listener=false peer=false name=com.apple.linkd.autoShortcut
2026-09-14 10:39:36.342 Df PeachCommander[24527:13c3c] [com.apple.dt.xctest:Default] notify_get_state check indicated test daemon not ready.
2026-09-14 10:39:36.342 Df PeachCommander[24527:13c47] [com.apple.appintents:Connection] Activated connection to linkd (ApplicationService)
2026-09-14 10:39:36.342 Df PeachCommander[24527:13c47] [com.apple.xpc:connection] [0xad4ca8a00] Connection returned listener port: 0x6f03
2026-09-14 10:39:36.342 Df PeachCommander[24527:13c3c] [com.apple.dt.xctest:Default] notify_get_state check indicated test daemon not ready.
2026-09-14 10:39:36.343 Df PeachCommander[24527:13c42] [com.apple.xpc:connection] [0xad4ca8c80] Re-initialization successful; calling out to event handler with XPC_ERROR_CONNECTION_INTERRUPTED
2026-09-14 10:39:36.343 Df PeachCommander[24527:13c42] [com.apple.appintents:Connection] Process Instance Registry XPC connection has been interrupted
2026-09-14 10:39:36.343 E  PeachCommander[24527:13c47] [com.apple.appintents:Connection] Unable to get synchronousRemoteObjectProxy, error: Error Domain=NSCocoaErrorDomain Code=4097 "connection to service named com.apple.linkd.autoShortcut" UserInfo={NSDebugDescription=connection to service named com.apple.linkd.autoShortcut}
2026-09-14 10:39:36.343 E  PeachCommander[24527:13c47] [com.apple.appintents:Connection] Unable to re-register with Process Instance Registry, error: Error Domain=NSCocoaErrorDomain Code=4097 "connection to service named com.apple.linkd.autoShortcut" UserInfo={NSDebugDescription=connection to service named com.apple.linkd.autoShortcut}
2026-09-14 10:39:36.343 Df PeachCommander[24527:13c42] [com.apple.appintents:Connection] Created a new Process Instance Registry XPC connection (inactive)
2026-09-14 10:39:36.343 A  PeachCommander[24527:13c42] (AppIntents) appintents:register process
2026-09-14 10:39:36.343 Df PeachCommander[24527:13c42] [com.apple.appintents:Connection] Created a new Process Instance Registry XPC connection (inactive)
2026-09-14 10:39:36.343 Df PeachCommander[24527:13c42] [com.apple.xpc:connection] [0xad4ca92c0] activating connection: mach=true listener=false peer=false name=com.apple.linkd.autoShortcut
2026-09-14 10:39:36.343 Df PeachCommander[24527:13c42] [com.apple.appintents:Connection] Activated connection to linkd (ApplicationService)
2026-09-14 10:39:36.343 Df PeachCommander[24527:13c42] [com.apple.xpc:connection] [0xad4ca8a00] Connection returned listener port: 0x6f03
2026-09-14 10:39:36.343 Df PeachCommander[24527:13c47] [com.apple.xpc:connection] [0xad4ca92c0] Re-initialization successful; calling out to event handler with XPC_ERROR_CONNECTION_INTERRUPTED
2026-09-14 10:39:36.343 Df PeachCommander[24527:13c47] [com.apple.appintents:Connection] Process Instance Registry XPC connection has been interrupted
2026-09-14 10:39:36.343 Df PeachCommander[24527:13c47] [com.apple.appintents:Connection] Created a new Process Instance Registry XPC connection (inactive)
2026-09-14 10:39:36.343 A  PeachCommander[24527:13c47] (AppIntents) appintents:register process
2026-09-14 10:39:36.343 Df PeachCommander[24527:13c47] [com.apple.appintents:Connection] Created a new Process Instance Registry XPC connection (inactive)
2026-09-14 10:39:36.343 Df PeachCommander[24527:13c47] [com.apple.xpc:connection] [0xad4ca9540] activating connection: mach=true listener=false peer=false name=com.apple.linkd.autoShortcut
2026-09-14 10:39:36.344 E  PeachCommander[24527:13c42] [com.apple.appintents:Connection] Unable to get synchronousRemoteObjectProxy, error: Error Domain=NSCocoaErrorDomain Code=4097 "connection to service named com.apple.linkd.autoShortcut" UserInfo={NSDebugDescription=connection to service named com.apple.linkd.autoShortcut}
2026-09-14 10:39:36.344 E  PeachCommander[24527:13c42] [com.apple.appintents:Connection] Unable to re-register with Process Instance Registry, error: Error Domain=NSCocoaErrorDomain Code=4097 "connection to service named com.apple.linkd.autoShortcut" UserInfo={NSDebugDescription=connection to service named com.apple.linkd.autoShortcut}
2026-09-14 10:39:36.344 Df PeachCommander[24527:13c47] [com.apple.appintents:Connection] Activated connection to linkd (ApplicationService)
2026-09-14 10:39:36.344 Df PeachCommander[24527:13c47] [com.apple.xpc:connection] [0xad4ca8a00] Connection returned listener port: 0x6f03
2026-09-14 10:39:36.344 Df PeachCommander[24527:13c42] [com.apple.xpc:connection] [0xad4ca9540] Re-initialization successful; calling out to event handler with XPC_ERROR_CONNECTION_INTERRUPTED
2026-09-14 10:39:36.344 Df PeachCommander[24527:13c42] [com.apple.appintents:Connection] Process Instance Registry XPC connection has been interrupted
2026-09-14 10:39:36.344 E  PeachCommander[24527:13c42] [com.apple.appintents:Connection] Will NOT re-try to establish the connection
2026-09-14 10:39:36.344 E  PeachCommander[24527:13c47] [com.apple.appintents:Connection] Unable to get synchronousRemoteObjectProxy, error: Error Domain=NSCocoaErrorDomain Code=4097 "connection to service named com.apple.linkd.autoShortcut" UserInfo={NSDebugDescription=connection to service named com.apple.linkd.autoShortcut}
2026-09-14 10:39:36.344 E  PeachCommander[24527:13c47] [com.apple.appintents:Connection] Unable to re-register with Process Instance Registry, error: Error Domain=NSCocoaErrorDomain Code=4097 "connection to service named com.apple.linkd.autoShortcut" UserInfo={NSDebugDescription=connection to service named com.apple.linkd.autoShortcut}
2026-09-14 10:39:36.346 A  PeachCommander[24527:13c3c] (CoreFoundation) Loading Preferences From System CFPrefsD
2026-09-14 10:39:36.346 Df PeachCommander[24527:13c3c] (libMobileGestalt.dylib) couldn't load support library
2026-09-14 10:39:36.346 Df PeachCommander[24527:13c3c] (libMobileGestalt.dylib) called dummy function!
2026-09-14 10:39:36.346 I  PeachCommander[24527:13c3c] [com.apple.GenerativeModels:availability] Current availability state: unavailable, use cases: com.apple.WritingTools, language: <any>, api: <private>
2026-09-14 10:39:36.346 Df PeachCommander[24527:13c3c] [com.apple.GenerativeModels:availability] registering darwin observer for name: com.apple.gms.availability.notification
2026-09-14 10:39:36.346 Df PeachCommander[24527:13c3c] [com.apple.GenerativeModels:availability] registering darwin observer for name: com.apple.os-eligibility-domain.change.greymatter
2026-09-14 10:39:36.346 Df PeachCommander[24527:13c3c] [com.apple.GenerativeModels:availability] registering darwin observer for name: com.apple.language.changed
2026-09-14 10:39:36.346 Df PeachCommander[24527:13c3c] [com.apple.WritingTools:Default] isAvailable value changed: isMDMAllowed = true, gmAvailable (current) = false
2026-09-14 10:39:36.349 I  PeachCommander[24527:13c3c] [com.apple.CoreAnalytics:client] Dropping "com.apple.appkit.app_config" as it isn't used in any transform (not in the config or budgeted?)
2026-09-14 10:39:36.351 Df PeachCommander[24527:13c3c] [com.apple.AppKit:Appearance] NSApp cache appearance:
-NSRequiresAquaSystemAppearance: 0
-appearance: (null)
-effectiveAppearance: <NSCompositeAppearance: 0xad5024500
 (
    "<NSAquaAppearance: 0xad5024460>",
    "<NSSystemAppearance: 0xad5024780>"
)>
2026-09-14 10:39:36.353 A  PeachCommander[24527:13c3c] (CoreFoundation) Loading Preferences From User CFPrefsD
2026-09-14 10:39:36.353 A  PeachCommander[24527:13c3c] (CoreFoundation) Loading Preferences From User CFPrefsD
2026-09-14 10:39:36.356 A  PeachCommander[24527:13c43] (libsystem_info.dylib) Membership API: translate identifier
2026-09-14 10:39:36.358 I  PeachCommander[24527:13c3c] [com.apple.CoreAnalytics:client] Dropping "com.apple.appkit.app_config" as it isn't used in any transform (not in the config or budgeted?)
2026-09-14 10:39:36.358 I  PeachCommander[24527:13c3c] [com.apple.CoreAnalytics:client] Dropping "com.apple.appkit.app_config" as it isn't used in any transform (not in the config or budgeted?)
2026-09-14 10:39:36.360 Df PeachCommander[24527:13c42] [com.apple.xpc:connection] [0xad4ca9a40] activating connection: mach=true listener=false peer=false name=com.apple.dock.fullscreen
2026-09-14 10:39:36.361 Df PeachCommander[24527:13c3c] [com.apple.xpc:connection] [0xad4ca9b80] activating connection: mach=true listener=false peer=false name=com.apple.fonts
2026-09-14 10:39:36.363 I  PeachCommander[24527:13c3c] [com.apple.launchservices:cas] information in shared memory for 0x0-0x146146 with seed 533 was still valid, so using cached info { "ApplicationType"="Foreground", "BuildMachineOSBuild"="25E246", "BundleIdentifierLowerCase"="com.peachcommander.app", "CFBundleDevelopmentRegion"="en", "CFBundleDocumentTypes"=( { "CFBundleTypeName"="Peach Commander Plugin Package", "CFBundleTypeRole"="Viewer", "LSHandlerRank"="Owner", "LSItemContentTypes"=( "com.peachcommander.plugin-package") }), "CFBundleExecutable"="PeachCommander", "CFBundleExecutablePath"="/Users/admin/pc-test/PeachCommander.app/Contents/MacOS/PeachCommander", "CFBundleExecutablePathDeviceID"=16777225, "CFBundleExecutablePathINode"=488026, "CFBundleHelpBookFolder"="PeachCommander.help", "CFBundleHelpBookName"="Peach Commander Help", "CFBundleIconFile"="AppIcon", "CFBundleIconName"="AppIcon", "CFBundleIdentifier"="com.peachcommander.app", "CFBundleInfoDictionaryVersion"="6.0", "CFBundleName"="PeachCommander", "CFBundleNameLowerCase"="peachcommander", "CFBundleNumericVersion"=402685952, "CFBundlePackageType"="APPL", "CFBundleShortVersionString"="0.9.0", "CFBun<…>
2026-09-14 10:39:36.363 I  PeachCommander[24527:13c3c] [com.apple.CoreAnalytics:client] Dropping "com.apple.appkit.app_config" as it isn't used in any transform (not in the config or budgeted?)
2026-09-14 10:39:36.363 Df PeachCommander[24527:13c3c] [com.apple.AppKit:AutomaticTermination] -[NSApplication(NSAppssassination) _checkForAutomaticTerminationSupportPossiblyEnablingIt]_block_invoke Enabling automatic termination support.
2026-09-14 10:39:36.363 Df PeachCommander[24527:13c3c] [com.apple.xpc:connection] [0xad4ca8dc0] activating connection: mach=true listener=false peer=false name=com.apple.appkit.restoration_storage
2026-09-14 10:39:36.364 I  PeachCommander[24527:13c3c] [com.apple.launchservices:cas] information in shared memory for 0x0-0x146146 with seed 533 was still valid, so using cached info { "ApplicationType"="Foreground", "BuildMachineOSBuild"="25E246", "BundleIdentifierLowerCase"="com.peachcommander.app", "CFBundleDevelopmentRegion"="en", "CFBundleDocumentTypes"=( { "CFBundleTypeName"="Peach Commander Plugin Package", "CFBundleTypeRole"="Viewer", "LSHandlerRank"="Owner", "LSItemContentTypes"=( "com.peachcommander.plugin-package") }), "CFBundleExecutable"="PeachCommander", "CFBundleExecutablePath"="/Users/admin/pc-test/PeachCommander.app/Contents/MacOS/PeachCommander", "CFBundleExecutablePathDeviceID"=16777225, "CFBundleExecutablePathINode"=488026, "CFBundleHelpBookFolder"="PeachCommander.help", "CFBundleHelpBookName"="Peach Commander Help", "CFBundleIconFile"="AppIcon", "CFBundleIconName"="AppIcon", "CFBundleIdentifier"="com.peachcommander.app", "CFBundleInfoDictionaryVersion"="6.0", "CFBundleName"="PeachCommander", "CFBundleNameLowerCase"="peachcommander", "CFBundleNumericVersion"=402685952, "CFBundlePackageType"="APPL", "CFBundleShortVersionString"="0.9.0", "CFBun<…>
2026-09-14 10:39:36.364 Df PeachCommander[24527:13c3c] [com.apple.xpc:connection] [0xad4ca8f00] activating connection: mach=true listener=false peer=false name=com.apple.coreservices.appleevents
2026-09-14 10:39:36.364 I  PeachCommander[24527:13c3c] [com.apple.appleevents:main] _AEGetRegisteredMachPort() created default port (port:64771/0xfd03 rcv:1 send:1 limit:5) and registered it with server
2026-09-14 10:39:36.364 Df PeachCommander[24527:13c3c] [com.apple.xpc:connection] [0xad4ca8280] Connection returned listener port: 0x5303
2026-09-14 10:39:36.364 I  PeachCommander[24527:13c3c] [com.apple.launchservices:cas] information in shared memory for 0x0-0x146146 with seed 533 was still valid, so using cached info { "ApplicationType"="Foreground", "BuildMachineOSBuild"="25E246", "BundleIdentifierLowerCase"="com.peachcommander.app", "CFBundleDevelopmentRegion"="en", "CFBundleDocumentTypes"=( { "CFBundleTypeName"="Peach Commander Plugin Package", "CFBundleTypeRole"="Viewer", "LSHandlerRank"="Owner", "LSItemContentTypes"=( "com.peachcommander.plugin-package") }), "CFBundleExecutable"="PeachCommander", "CFBundleExecutablePath"="/Users/admin/pc-test/PeachCommander.app/Contents/MacOS/PeachCommander", "CFBundleExecutablePathDeviceID"=16777225, "CFBundleExecutablePathINode"=488026, "CFBundleHelpBookFolder"="PeachCommander.help", "CFBundleHelpBookName"="Peach Commander Help", "CFBundleIconFile"="AppIcon", "CFBundleIconName"="AppIcon", "CFBundleIdentifier"="com.peachcommander.app", "CFBundleInfoDictionaryVersion"="6.0", "CFBundleName"="PeachCommander", "CFBundleNameLowerCase"="peachcommander", "CFBundleNumericVersion"=402685952, "CFBundlePackageType"="APPL", "CFBundleShortVersionString"="0.9.0", "CFBun<…>
2026-09-14 10:39:36.364 Df PeachCommander[24527:13c3c] [com.apple.processmanager:front-35286506] SignalReady: pid=24527 asn=0x0-0x146146
2026-09-14 10:39:36.364 Df PeachCommander[24527:13c3c] [com.apple.processmanager:front-35286506] SIGNAL: pid=24527 asn=0x0x-0x146146
2026-09-14 10:39:36.364 I  PeachCommander[24527:13c3c] [com.apple.appleevents:main] aeGenerateFakeFirstOAPPEventIfNecessary()
2026-09-14 10:39:36.364 I  PeachCommander[24527:13c3c] [com.apple.appleevents:main] aeGenerateFakeFirstOAPPEventIfNecessary(), needToCreateFakeOAPPEventIfFirstEvent == true
2026-09-14 10:39:36.364 I  PeachCommander[24527:13c3c] [com.apple.launchservices:cas] Removing cached information for app [ 0x0-0x146146]  "PeachCommander", as its seed is different from that in shared memory ( 533 vs 535)
2026-09-14 10:39:36.365 I  PeachCommander[24527:13c3c] [com.apple.CFPasteboard:entry] CopyData('DefaultAsciiKeyboardLayoutPasteboard' (<CFUUID 0xad4e727a0> 85381DE0-F014-430C-8E21-97E8B58374A9) gen: -1 item: 1264739405 flavor: 'DefaultAsciiKeyboardLayoutFlavor')
2026-09-14 10:39:36.365 I  PeachCommander[24527:13c3c] [com.apple.CFPasteboard:cache] Rebuilding cache for 'DefaultAsciiKeyboardLayoutPasteboard' (<CFUUID 0xad4e727a0> 85381DE0-F014-430C-8E21-97E8B58374A9)
2026-09-14 10:39:36.365 I  PeachCommander[24527:13c3c] [com.apple.CFPasteboard:exit] (not-in-cache) - result: -8 generation: 0 null data flags: 0
2026-09-14 10:39:36.365 A  PeachCommander[24527:13c3c] (CoreFoundation) Loading Preferences From User CFPrefsD
2026-09-14 10:39:36.365 A  PeachCommander[24527:13c3c] (CoreFoundation) Loading Preferences From System CFPrefsD
2026-09-14 10:39:36.366 I  PeachCommander[24527:13c3c] [com.apple.CFPasteboard:entry] CopyData('AppleIntlFileCacheModificationDatePasteboard' (<CFUUID 0xad4e726c0> A98EE878-33BD-43D1-A562-F9D2456C1479) gen: -1 item: 1 flavor: '-32766 1768845414')
2026-09-14 10:39:36.366 I  PeachCommander[24527:13c3c] [com.apple.CFPasteboard:cache] Rebuilding cache for 'AppleIntlFileCacheModificationDatePasteboard' (<CFUUID 0xad4e726c0> A98EE878-33BD-43D1-A562-F9D2456C1479)
2026-09-14 10:39:36.366 I  PeachCommander[24527:13c3c] [com.apple.CFPasteboard:general] Will request data from daemon
2026-09-14 10:39:36.366 I  PeachCommander[24527:13c3c] [com.apple.CFPasteboard:exit] (not-in-cache) - result: 0 generation: 1 data (310 bytes) flags: 0
2026-09-14 10:39:36.366 I  PeachCommander[24527:13c3c] [com.apple.CFPasteboard:entry] CopyData('AppleIntlFileCacheModificationDatePasteboard' (<CFUUID 0xad4e726c0> A98EE878-33BD-43D1-A562-F9D2456C1479) gen: -1 item: 1 flavor: '-32765 1802264953')
2026-09-14 10:39:36.366 I  PeachCommander[24527:13c3c] [com.apple.CFPasteboard:general] Will request data from daemon
2026-09-14 10:39:36.366 I  PeachCommander[24527:13c3c] [com.apple.CFPasteboard:exit] (not-in-cache) - result: 0 generation: 1 data (306 bytes) flags: 0
2026-09-14 10:39:36.366 I  PeachCommander[24527:13c3c] [com.apple.CFPasteboard:entry] CopyData('AppleIntlFileCacheModificationDatePasteboard' (<CFUUID 0xad4e726c0> A98EE878-33BD-43D1-A562-F9D2456C1479) gen: -1 item: 1 flavor: '-32764 1802264953')
2026-09-14 10:39:36.366 I  PeachCommander[24527:13c3c] [com.apple.CFPasteboard:general] Will request data from daemon
2026-09-14 10:39:36.366 I  PeachCommander[24527:13c3c] [com.apple.CFPasteboard:exit] (not-in-cache) - result: 0 generation: 1 data (281 bytes) flags: 0
2026-09-14 10:39:36.366 I  PeachCommander[24527:13c3c] [com.apple.CFPasteboard:entry] CopyData('AppleIntlFileCacheModificationDatePasteboard' (<CFUUID 0xad4e726c0> A98EE878-33BD-43D1-A562-F9D2456C1479) gen: -1 item: 1 flavor: '-32763 1802264953')
2026-09-14 10:39:36.366 I  PeachCommander[24527:13c3c] [com.apple.CFPasteboard:general] Will request data from daemon
2026-09-14 10:39:36.366 I  PeachCommander[24527:13c3c] [com.apple.CFPasteboard:exit] (not-in-cache) - result: 0 generation: 1 data (318 bytes) flags: 0
2026-09-14 10:39:36.366 I  PeachCommander[24527:13c3c] [com.apple.CFPasteboard:entry] CopyData('AppleIntlFileCacheModificationDatePasteboard' (<CFUUID 0xad4e726c0> A98EE878-33BD-43D1-A562-F9D2456C1479) gen: -1 item: 1 flavor: '-32765 1768845414')
2026-09-14 10:39:36.366 I  PeachCommander[24527:13c3c] [com.apple.CFPasteboard:general] Will request data from daemon
2026-09-14 10:39:36.366 I  PeachCommander[24527:13c3c] [com.apple.CFPasteboard:exit] (not-in-cache) - result: 0 generation: 1 data (303 bytes) flags: 0
2026-09-14 10:39:36.366 I  PeachCommander[24527:13c3c] [com.apple.CFPasteboard:entry] CopyData('AppleIntlFileCacheModificationDatePasteboard' (<CFUUID 0xad4e726c0> A98EE878-33BD-43D1-A562-F9D2456C1479) gen: -1 item: 1 flavor: '-32763 1768845414')
2026-09-14 10:39:36.366 I  PeachCommander[24527:13c3c] [com.apple.CFPasteboard:general] Will request data from daemon
2026-09-14 10:39:36.366 I  PeachCommander[24527:13c3c] [com.apple.CFPasteboard:exit] (not-in-cache) - result: 0 generation: 1 data (315 bytes) flags: 0
2026-09-14 10:39:36.367 I  PeachCommander[24527:13c3c] [com.apple.launchservices:cas] information in shared memory for 0x0-0x146146 with seed 535 was still valid, so using cached info { "ApplicationType"="Foreground", "BuildMachineOSBuild"="25E246", "BundleIdentifierLowerCase"="com.peachcommander.app", "CFBundleDevelopmentRegion"="en", "CFBundleDocumentTypes"=( { "CFBundleTypeName"="Peach Commander Plugin Package", "CFBundleTypeRole"="Viewer", "LSHandlerRank"="Owner", "LSItemContentTypes"=( "com.peachcommander.plugin-package") }), "CFBundleExecutable"="PeachCommander", "CFBundleExecutablePath"="/Users/admin/pc-test/PeachCommander.app/Contents/MacOS/PeachCommander", "CFBundleExecutablePathDeviceID"=16777225, "CFBundleExecutablePathINode"=488026, "CFBundleHelpBookFolder"="PeachCommander.help", "CFBundleHelpBookName"="Peach Commander Help", "CFBundleIconFile"="AppIcon", "CFBundleIconName"="AppIcon", "CFBundleIdentifier"="com.peachcommander.app", "CFBundleInfoDictionaryVersion"="6.0", "CFBundleName"="PeachCommander", "CFBundleNameLowerCase"="peachcommander", "CFBundleNumericVersion"=402685952, "CFBundlePackageType"="APPL", "CFBundleShortVersionString"="0.9.0", "CFBun<…>
2026-09-14 10:39:36.368 Df PeachCommander[24527:13c3c] [com.apple.xpc:connection] [0xad4ca9e00] activating connection: mach=false listener=false peer=false name=com.apple.ViewBridgeAuxiliary
2026-09-14 10:39:36.372 Df PeachCommander[24527:13c3c] [com.apple.xpc:connection] [0xad4ca9cc0] activating connection: mach=false listener=false peer=false name=(anonymous)
2026-09-14 10:39:36.372 Df PeachCommander[24527:13c3c] [com.apple.xpc:connection] [0xad4ca9f40] activating connection: mach=false listener=true peer=false name=(anonymous)
2026-09-14 10:39:36.372 Df PeachCommander[24527:13c3c] [com.apple.xpc:connection] [0xad4ca9f40] Connection returned listener port: 0xf603
2026-09-14 10:39:36.372 Df PeachCommander[24527:13c3c] [com.apple.xpc:connection] [0xad4ca9e00] invalidated after the last release of the connection object
2026-09-14 10:39:36.373 I  PeachCommander[24527:13c3c] [com.apple.showhide:pr-59900543] SHOWHIDE: SHOW id=544 0x0-0x146146, err=0 eventTime=1657823650041 windowID=0
2026-09-14 10:39:36.373 I  PeachCommander[24527:13c3c] [com.apple.CarbonCore:coreservicesdaemon] findOrCreateCacheable():findOrCreateCacheable(), factoryName=3 cacheableName=<private> fCacheables.size()=0
2026-09-14 10:39:36.373 I  PeachCommander[24527:13c3c] [com.apple.CarbonCore:coreservicesdaemon] findOrCreateCacheable():findOrCreateCacheable(), result = 0xad536d640 (should be non-NULL)
2026-09-14 10:39:36.373 Df PeachCommander[24527:13c3c] [com.apple.AppKit:AutomaticTermination] void _NSDisableAutomaticTerminationAndLog(NSString *) Restoring windows
2026-09-14 10:39:36.373 Df PeachCommander[24527:13c3c] [com.apple.AppKit:StateRestoration] -[NSApplication _reopenWindowsAsNecessaryIncludingRestorableState:withFullFidelity:completionHandler:] shouldRestoreState=1 hasPersistentStateToRestore=0 shouldStillRestoreStateAfterPrompting=0
2026-09-14 10:39:36.373 Df PeachCommander[24527:13c3c] [com.apple.xpc:connection] [0xad4ca9e00] activating connection: mach=true listener=false peer=false name=com.apple.window_proxies
2026-09-14 10:39:36.373 Df PeachCommander[24527:13c3c] [com.apple.xpc:connection] [0xad4ca9e00] invalidated because the current process cancelled the connection by calling xpc_connection_cancel()
2026-09-14 10:39:36.373 I  PeachCommander[24527:13c3c] [com.apple.SkyLight:processes] 0[outside of RPC]: SLSSetFrontProcessWithInfo(0x0-0x2 window=0 options=0x1
2026-09-14 10:39:36.373 I  PeachCommander[24527:13c3c] [com.apple.CoreAnalytics:client] Dropping "com.apple.appkit.app_config" as it isn't used in any transform (not in the config or budgeted?)
2026-09-14 10:39:36.373 Df PeachCommander[24527:13c3c] [com.apple.AppKit:AutomaticTermination] void _NSEnableAutomaticTerminationAndLog(NSString *) Restoring windows
2026-09-14 10:39:36.376 I  PeachCommander[24527:13c3c] [com.apple.CoreAnalytics:client] Dropping "com.apple.appkit.app_config" as it isn't used in any transform (not in the config or budgeted?)
2026-09-14 10:39:36.376 I  PeachCommander[24527:13c3c] [com.apple.CoreAnalytics:client] Dropping "com.apple.appkit.app_config" as it isn't used in any transform (not in the config or budgeted?)
2026-09-14 10:39:36.384 A  PeachCommander[24527:13c3c] (CoreFoundation) Loading Preferences From User CFPrefsD
2026-09-14 10:39:36.390 I  PeachCommander[24527:13c3c] [com.peachcommander:PCFoundation] VolumeManager initialized
2026-09-14 10:39:36.406 Df PeachCommander[24527:13c3c] [com.apple.BoardServices:XPCErrors] [C:1] Alloc <private>
2026-09-14 10:39:36.406 Df PeachCommander[24527:13c3c] [com.apple.xpc:connection] [0xad4f25180] activating connection: mach=false listener=false peer=false name=(anonymous)
2026-09-14 10:39:36.408 I  PeachCommander[24527:13c3c] [com.apple.AppKit:Window] context (0 -> ea6582a7) for window 51d
2026-09-14 10:39:36.409 Df PeachCommander[24527:13c42] [com.apple.corespotlight:index] (<private>) deleteSearchableItemsWithDomainIdentifiers, protectionClass:(null), domainIdentifiers number:1
2026-09-14 10:39:36.409 A  PeachCommander[24527:13c42] (CoreSpotlight) delete-domains
2026-09-14 10:39:36.409 Df PeachCommander[24527:13c42] [com.apple.corespotlight:index] CSInlineDonation:<private>: Skipping donation (feature flag disabled)
2026-09-14 10:39:36.409 Df PeachCommander[24527:13c42] (CoreSpotlight) sConnectionName: com.apple.spotlight.IndexAgent
2026-09-14 10:39:36.409 Df PeachCommander[24527:13c42] (CoreSpotlight) Start service name com.apple.spotlight.IndexAgent
2026-09-14 10:39:36.409 Df PeachCommander[24527:13c42] [com.apple.xpc:connection] [0xad4f25400] activating connection: mach=true listener=false peer=false name=com.apple.spotlight.IndexAgent
2026-09-14 10:39:36.409 I  PeachCommander[24527:13c3c] [com.peachcommander:PCFoundation] MainWindowController initialized (config: <private>)
2026-09-14 10:39:36.409 I  PeachCommander[24527:13c3c] [com.peachcommander:PCFoundation] SelectionState initialized
2026-09-14 10:39:36.409 I  PeachCommander[24527:13c3c] [com.peachcommander:PCFoundation] DirectoryModel initialized
2026-09-14 10:39:36.409 I  PeachCommander[24527:13c3c] [com.peachcommander:PCFoundation] VolumeManager initialized
2026-09-14 10:39:36.409 I  PeachCommander[24527:13c3c] [com.peachcommander:PCFoundation] PanelController initialized for <private> panel
2026-09-14 10:39:36.410 I  PeachCommander[24527:13c3c] [com.peachcommander:PCFoundation] SelectionState initialized
2026-09-14 10:39:36.410 I  PeachCommander[24527:13c3c] [com.peachcommander:PCFoundation] DirectoryModel initialized
2026-09-14 10:39:36.410 I  PeachCommander[24527:13c3c] [com.peachcommander:PCFoundation] VolumeManager initialized
2026-09-14 10:39:36.410 I  PeachCommander[24527:13c3c] [com.peachcommander:PCFoundation] PanelController initialized for <private> panel
2026-09-14 10:39:36.413 I  PeachCommander[24527:13c3c] [com.apple.AppKit:Animation] Running new animation: <private>
2026-09-14 10:39:36.413 I  PeachCommander[24527:13c3c] [com.apple.AppKit:Animation] Running new animation: <private>
2026-09-14 10:39:36.413 I  PeachCommander[24527:13c3c] [com.apple.AppKit:Animation] Running new animation: <private>
2026-09-14 10:39:36.413 I  PeachCommander[24527:13c3c] [com.apple.AppKit:Animation] Running new animation: <private>
2026-09-14 10:39:36.413 I  PeachCommander[24527:13c3c] [com.apple.AppKit:Animation] Running new animation: <private>
2026-09-14 10:39:36.415 A  PeachCommander[24527:13c43] (RunningBoardServices) didChangeInheritances
2026-09-14 10:39:36.416 I  PeachCommander[24527:13c3c] [com.apple.AppKit:Animation] Running new animation: <private>
2026-09-14 10:39:36.416 I  PeachCommander[24527:13c3c] [com.apple.AppKit:Animation] Running new animation: <private>
2026-09-14 10:39:36.416 I  PeachCommander[24527:13c3c] [com.apple.AppKit:Animation] Running new animation: <private>
2026-09-14 10:39:36.416 I  PeachCommander[24527:13c3c] [com.apple.AppKit:Animation] Running new animation: <private>
2026-09-14 10:39:36.416 I  PeachCommander[24527:13c3c] [com.apple.AppKit:Animation] Running new animation: <private>
2026-09-14 10:39:36.421 I  PeachCommander[24527:13c3c] [com.apple.CoreAnalytics:client] Dropping "com.apple.appkit.app_config" as it isn't used in any transform (not in the config or budgeted?)
2026-09-14 10:39:36.423 I  PeachCommander[24527:13c3c] [com.apple.CoreAnalytics:client] Dropping "com.apple.appkit.app_config" as it isn't used in any transform (not in the config or budgeted?)
2026-09-14 10:39:36.426 I  PeachCommander[24527:13c3c] [com.apple.launchservices:datasep] application record search init. Node: <FSNode 0xad56c6b20> { isDir = ?, path = <private> } bundleID: (null) itemID: 0
2026-09-14 10:39:36.427 I  PeachCommander[24527:13c3c] [com.apple.GenerativeModels:availability] Current availability state: unavailable, use cases: com.apple.Settings.AppleIntelligence,com.apple.Siri.NLRouter, language: en, api: <private>
2026-09-14 10:39:36.427 Df PeachCommander[24527:13c3c] [com.apple.GenerativeModels:availability] isOkayToHaveAsset: False
2026-09-14 10:39:36.427 E  PeachCommander[24527:13c3c] [com.apple.siri:Utility] AFIsDeviceGreymatterEligible Missing entitlements for os_eligibility lookup
2026-09-14 10:39:36.427 I  PeachCommander[24527:13c3c] [com.apple.GenerativeModels:availability] Current availability state: unavailable, use cases: com.apple.Settings.AppleIntelligence, language: en, api: <private>
2026-09-14 10:39:36.427 Df PeachCommander[24527:13c3c] [com.apple.GenerativeModels:availability] isOkayToHaveAsset: False
2026-09-14 10:39:36.427 Df PeachCommander[24527:13c3c] [com.apple.siri:Utility] -[AFSystemAssistantExperienceStatusManager fetchGenerativeModelsAvailability] #SAEStatus #cacheUpdate Updating cache:
deviceSupportsSAE: 0 (0)
       saeEnabled: 0 (0)
     saeAvailable: 0 (0)
      swaiEnabled: 0 (0)
        viEnabled: 0 (0)
        siriAvailability:
        <private>
        ((null))
2026-09-14 10:39:36.427 Df PeachCommander[24527:13c3c] [com.apple.xpc:connection] [0xad44e0140] activating connection: mach=true listener=false peer=false name=com.apple.iconservices
2026-09-14 10:39:36.428 Df PeachCommander[24527:13c3c] [com.apple.xpc:connection] [0xad44e0280] activating connection: mach=true listener=false peer=false name=com.apple.iconservices.store
2026-09-14 10:39:36.433 I  PeachCommander[24527:13c3c] [com.peachcommander:Theme] no user themes in /Users/admin/pc-cfg/themes
2026-09-14 10:39:36.433 Df PeachCommander[24527:13c3c] [com.apple.AppKit:Appearance] Invalidate NSApp effectiveAppearance
2026-09-14 10:39:36.434 Df PeachCommander[24527:13c3c] [com.apple.AppKit:Appearance] NSApp cache appearance:
-NSRequiresAquaSystemAppearance: 0
-appearance: <NSCompositeAppearance: 0xad50259a0
 (
    "<NSDarkAquaAppearance: 0xad5025a40>",
    "<NSSystemAppearance: 0xad5024780>"
)>
-effectiveAppearance: <NSCompositeAppearance: 0xad50259a0
 (
    "<NSDarkAquaAppearance: 0xad5025a40>",
    "<NSSystemAppearance: 0xad5024780>"
)>
2026-09-14 10:39:36.434 A  PeachCommander[24527:13c42] (libsystem_info.dylib) Retrieve Group by ID
2026-09-14 10:39:36.435 I  PeachCommander[24527:13c3c] [com.peachcommander:PCFoundation] Theme applied: id=norton, appearance=dark, dark=true, background=#0000AA
2026-09-14 10:39:36.458 I  PeachCommander[24527:13c3c] [com.apple.iconservices:foundation] layer data size zero
2026-09-14 10:39:36.458 I  PeachCommander[24527:13c3c] [com.apple.CoreAnalytics:client] Dropping "com.apple.appkit.app_config" as it isn't used in any transform (not in the config or budgeted?)
2026-09-14 10:39:36.462 I  PeachCommander[24527:13c3c] [com.peachcommander:PCFoundation] Keymap loaded: scheme=<private>, 82 effective bindings
2026-09-14 10:39:36.463 I  PeachCommander[24527:13c3c] [com.apple.AppKit:Animation] Running new animation: <private>
2026-09-14 10:39:36.463 I  PeachCommander[24527:13c3c] [com.apple.AppKit:Animation] Running new animation: <private>
2026-09-14 10:39:36.463 I  PeachCommander[24527:13c3c] [com.apple.AppKit:Animation] Running new animation: <private>
2026-09-14 10:39:36.463 I  PeachCommander[24527:13c3c] [com.apple.AppKit:Animation] Running new animation: <private>
2026-09-14 10:39:36.463 I  PeachCommander[24527:13c3c] [com.apple.AppKit:Animation] Running new animation: <private>
2026-09-14 10:39:36.463 I  PeachCommander[24527:13c3c] [com.apple.AppKit:Animation] Running new animation: <private>
2026-09-14 10:39:36.463 I  PeachCommander[24527:13c3c] [com.apple.AppKit:Animation] Running new animation: <private>
2026-09-14 10:39:36.463 I  PeachCommander[24527:13c3c] [com.apple.AppKit:Animation] Running new animation: <private>
2026-09-14 10:39:36.463 I  PeachCommander[24527:13c3c] [com.apple.AppKit:Animation] Running new animation: <private>
2026-09-14 10:39:36.463 I  PeachCommander[24527:13c3c] [com.apple.AppKit:Animation] Running new animation: <private>
2026-09-14 10:39:36.466 I  PeachCommander[24527:13c3c] [com.apple.CoreAnalytics:client] Dropping "<private>" as it isn't used in any transform (not in the config or budgeted?)
2026-09-14 10:39:36.467 I  PeachCommander[24527:13c3c] [com.apple.CoreAnalytics:client] Dropping "<private>" as it isn't used in any transform (not in the config or budgeted?)
2026-09-14 10:39:36.467 I  PeachCommander[24527:13c3c] [com.apple.CoreAnalytics:client] Dropping "<private>" as it isn't used in any transform (not in the config or budgeted?)
2026-09-14 10:39:36.467 I  PeachCommander[24527:13c3c] [com.peachcommander:PCFoundation] MainWindowController window loaded
2026-09-14 10:39:36.467 I  PeachCommander[24527:13c3c] [com.apple.launchservices:cas] information in shared memory for 0x0-0x146146 with seed 535 was still valid, so using cached info { "ApplicationType"="Foreground", "BuildMachineOSBuild"="25E246", "BundleIdentifierLowerCase"="com.peachcommander.app", "CFBundleDevelopmentRegion"="en", "CFBundleDocumentTypes"=( { "CFBundleTypeName"="Peach Commander Plugin Package", "CFBundleTypeRole"="Viewer", "LSHandlerRank"="Owner", "LSItemContentTypes"=( "com.peachcommander.plugin-package") }), "CFBundleExecutable"="PeachCommander", "CFBundleExecutablePath"="/Users/admin/pc-test/PeachCommander.app/Contents/MacOS/PeachCommander", "CFBundleExecutablePathDeviceID"=16777225, "CFBundleExecutablePathINode"=488026, "CFBundleHelpBookFolder"="PeachCommander.help", "CFBundleHelpBookName"="Peach Commander Help", "CFBundleIconFile"="AppIcon", "CFBundleIconName"="AppIcon", "CFBundleIdentifier"="com.peachcommander.app", "CFBundleInfoDictionaryVersion"="6.0", "CFBundleName"="PeachCommander", "CFBundleNameLowerCase"="peachcommander", "CFBundleNumericVersion"=402685952, "CFBundlePackageType"="APPL", "CFBundleShortVersionString"="0.9.0", "CFBun<…>
2026-09-14 10:39:36.468 I  PeachCommander[24527:13c3c] [com.apple.launchservices:cas] information in shared memory for 0x0-0x146146 with seed 535 was still valid, so using cached info { "ApplicationType"="Foreground", "BuildMachineOSBuild"="25E246", "BundleIdentifierLowerCase"="com.peachcommander.app", "CFBundleDevelopmentRegion"="en", "CFBundleDocumentTypes"=( { "CFBundleTypeName"="Peach Commander Plugin Package", "CFBundleTypeRole"="Viewer", "LSHandlerRank"="Owner", "LSItemContentTypes"=( "com.peachcommander.plugin-package") }), "CFBundleExecutable"="PeachCommander", "CFBundleExecutablePath"="/Users/admin/pc-test/PeachCommander.app/Contents/MacOS/PeachCommander", "CFBundleExecutablePathDeviceID"=16777225, "CFBundleExecutablePathINode"=488026, "CFBundleHelpBookFolder"="PeachCommander.help", "CFBundleHelpBookName"="Peach Commander Help", "CFBundleIconFile"="AppIcon", "CFBundleIconName"="AppIcon", "CFBundleIdentifier"="com.peachcommander.app", "CFBundleInfoDictionaryVersion"="6.0", "CFBundleName"="PeachCommander", "CFBundleNameLowerCase"="peachcommander", "CFBundleNumericVersion"=402685952, "CFBundlePackageType"="APPL", "CFBundleShortVersionString"="0.9.0", "CFBun<…>
2026-09-14 10:39:36.475 I  PeachCommander[24527:13c3c] [com.apple.AppKit:Window] order window front conditionally: 51d related: 0
2026-09-14 10:39:36.475 Df PeachCommander[24527:13c3c] [com.apple.AppKit:AutomaticTermination] void _NSEnableAutomaticTerminationAndLog(NSString *) No windows open yet
2026-09-14 10:39:36.476 I  PeachCommander[24527:13c3c] [com.apple.AppKit:Intelligence] starting collection observation
2026-09-14 10:39:36.476 Df PeachCommander[24527:13c47] [com.apple.UIIntelligenceSupport:xpc] establishing connection to agent
2026-09-14 10:39:36.476 Df PeachCommander[24527:13c47] [com.apple.xpc:session] [0xad47555e0] Session created.
2026-09-14 10:39:36.476 Df PeachCommander[24527:13c47] [com.apple.xpc:session] [0xad47555e0] Session created from connection [0xad44e2440]
2026-09-14 10:39:36.476 Df PeachCommander[24527:13c47] [com.apple.xpc:connection] [0xad44e2440] activating connection: mach=true listener=false peer=false name=com.apple.uiintelligencesupport.agent
2026-09-14 10:39:36.476 I  PeachCommander[24527:13c3c] [com.apple.SkyLight:processes] 0[outside of RPC]: SLSSetFrontProcessWithInfo(0x0-0x2 window=0 options=0x1
2026-09-14 10:39:36.476 Df PeachCommander[24527:13c47] [com.apple.xpc:session] [0xad47555e0] Session activated
2026-09-14 10:39:36.476 Df PeachCommander[24527:13c43] [com.apple.UIIntelligenceSupport:xpc] Connection established with agent PID: 1217
2026-09-14 10:39:36.476 I  PeachCommander[24527:13c3c] [com.apple.launchservices:cas] information in shared memory for 0x0-0x146146 with seed 535 was still valid, so using cached info { "ApplicationType"="Foreground", "BuildMachineOSBuild"="25E246", "BundleIdentifierLowerCase"="com.peachcommander.app", "CFBundleDevelopmentRegion"="en", "CFBundleDocumentTypes"=( { "CFBundleTypeName"="Peach Commander Plugin Package", "CFBundleTypeRole"="Viewer", "LSHandlerRank"="Owner", "LSItemContentTypes"=( "com.peachcommander.plugin-package") }), "CFBundleExecutable"="PeachCommander", "CFBundleExecutablePath"="/Users/admin/pc-test/PeachCommander.app/Contents/MacOS/PeachCommander", "CFBundleExecutablePathDeviceID"=16777225, "CFBundleExecutablePathINode"=488026, "CFBundleHelpBookFolder"="PeachCommander.help", "CFBundleHelpBookName"="Peach Commander Help", "CFBundleIconFile"="AppIcon", "CFBundleIconName"="AppIcon", "CFBundleIdentifier"="com.peachcommander.app", "CFBundleInfoDictionaryVersion"="6.0", "CFBundleName"="PeachCommander", "CFBundleNameLowerCase"="peachcommander", "CFBundleNumericVersion"=402685952, "CFBundlePackageType"="APPL", "CFBundleShortVersionString"="0.9.0", "CFBun<…>
2026-09-14 10:39:36.477 Df PeachCommander[24527:13c3c] [com.apple.xpc:connection] [0xad44e2580] activating connection: mach=true listener=false peer=false name=com.apple.FileCoordination
2026-09-14 10:39:36.477 Df PeachCommander[24527:13c43] [com.apple.foundation.filecoordination:presenter] Adding presenter 16A589D9-6CAA-4A69-AAD3-68473E8D0EA4 for URL: <private>
2026-09-14 10:39:36.477 I  PeachCommander[24527:13c3c] [com.apple.launchservices:cas] information in shared memory for 0x0-0x146146 with seed 535 was still valid, so using cached info { "ApplicationType"="Foreground", "BuildMachineOSBuild"="25E246", "BundleIdentifierLowerCase"="com.peachcommander.app", "CFBundleDevelopmentRegion"="en", "CFBundleDocumentTypes"=( { "CFBundleTypeName"="Peach Commander Plugin Package", "CFBundleTypeRole"="Viewer", "LSHandlerRank"="Owner", "LSItemContentTypes"=( "com.peachcommander.plugin-package") }), "CFBundleExecutable"="PeachCommander", "CFBundleExecutablePath"="/Users/admin/pc-test/PeachCommander.app/Contents/MacOS/PeachCommander", "CFBundleExecutablePathDeviceID"=16777225, "CFBundleExecutablePathINode"=488026, "CFBundleHelpBookFolder"="PeachCommander.help", "CFBundleHelpBookName"="Peach Commander Help", "CFBundleIconFile"="AppIcon", "CFBundleIconName"="AppIcon", "CFBundleIdentifier"="com.peachcommander.app", "CFBundleInfoDictionaryVersion"="6.0", "CFBundleName"="PeachCommander", "CFBundleNameLowerCase"="peachcommander", "CFBundleNumericVersion"=402685952, "CFBundlePackageType"="APPL", "CFBundleShortVersionString"="0.9.0", "CFBun<…>
2026-09-14 10:39:36.480 I  PeachCommander[24527:13c3c] [com.apple.AppKit:Window] order all windows front 1657823650041
2026-09-14 10:39:36.480 I  PeachCommander[24527:13c3c] [com.apple.launchservices:cas] information in shared memory for 0x0-0x146146 with seed 535 was still valid, so using cached info { "ApplicationType"="Foreground", "BuildMachineOSBuild"="25E246", "BundleIdentifierLowerCase"="com.peachcommander.app", "CFBundleDevelopmentRegion"="en", "CFBundleDocumentTypes"=( { "CFBundleTypeName"="Peach Commander Plugin Package", "CFBundleTypeRole"="Viewer", "LSHandlerRank"="Owner", "LSItemContentTypes"=( "com.peachcommander.plugin-package") }), "CFBundleExecutable"="PeachCommander", "CFBundleExecutablePath"="/Users/admin/pc-test/PeachCommander.app/Contents/MacOS/PeachCommander", "CFBundleExecutablePathDeviceID"=16777225, "CFBundleExecutablePathINode"=488026, "CFBundleHelpBookFolder"="PeachCommander.help", "CFBundleHelpBookName"="Peach Commander Help", "CFBundleIconFile"="AppIcon", "CFBundleIconName"="AppIcon", "CFBundleIdentifier"="com.peachcommander.app", "CFBundleInfoDictionaryVersion"="6.0", "CFBundleName"="PeachCommander", "CFBundleNameLowerCase"="peachcommander", "CFBundleNumericVersion"=402685952, "CFBundlePackageType"="APPL", "CFBundleShortVersionString"="0.9.0", "CFBun<…>
2026-09-14 10:39:36.480 I  PeachCommander[24527:13c3c] [com.apple.showhide:pr-59900543] SHOWHIDE: CONFIRM, id=544, err=0
2026-09-14 10:39:36.480 I  PeachCommander[24527:13c3c] [com.apple.AppKit:Window] context (0 -> 18810b01) for window 51c
2026-09-14 10:39:36.480 I  PeachCommander[24527:13c3c] [com.apple.AppKit:Window] context (0 -> dba00a7f) for window 51b
2026-09-14 10:39:36.480 I  PeachCommander[24527:13c3c] [com.apple.AppKit:Window] context (0 -> e41462d5) for window 51a
2026-09-14 10:39:36.480 I  PeachCommander[24527:13c3c] [com.apple.AppKit:Window] context (0 -> 60a7fcd6) for window 519
2026-09-14 10:39:36.497 I  PeachCommander[24527:13c3c] [com.apple.iconservices:foundation] layer data size zero
2026-09-14 10:39:36.506 Df PeachCommander[24527:13c3c] [com.apple.AppKit:AutomaticTermination] void _updateToReflectAutomaticTerminationState(void) Setting _kLSApplicationWouldBeTerminatedByTALKey=0
2026-09-14 10:39:36.506 I  PeachCommander[24527:13c3c] [com.apple.runningboard:assertion] Acquiring assertion: <RBSAssertionDescriptor| "AppNap adapter assertion" ID:(null) target:24527>
2026-09-14 10:39:36.540 A  PeachCommander[24527:13c4d] (RunningBoardServices) didChangeInheritances
2026-09-14 10:39:36.561 Df PeachCommander[24527:13c3c] [com.apple.libsystem.libdispatch:] DEPRECATED USE in libdispatch client: dispatch source activated with no event handler set; set a breakpoint on _dispatch_bug_deprecated to debug
2026-09-14 10:39:36.659 I  PeachCommander[24527:13c3c] [com.apple.coreanimation:Utilities] IOSurface Compression Enabled: NO
2026-09-14 10:39:36.660 Df PeachCommander[24527:13c48] [com.apple.coreanimation:Metal] Precompiled pipelines disabled on unsupported hardware.
2026-09-14 10:39:36.671 I  PeachCommander[24527:13c3c] [com.apple.CarbonCore:gestalt] SetGestaltValuesBulk SetGestaltValuesBulk( count=22 tuples=0x18dafe650
2026-09-14 10:39:36.671 I  PeachCommander[24527:13c3c] [com.apple.CarbonCore:gestalt] SetGestaltValue SetGestaltValue(alis 1C9) => 0
2026-09-14 10:39:36.671 I  PeachCommander[24527:13c3c] [com.apple.CarbonCore:gestalt] SetGestaltValue SetGestaltValue(os   FE) => 0
2026-09-14 10:39:36.671 I  PeachCommander[24527:13c3c] [com.apple.CarbonCore:gestalt] SetGestaltValue SetGestaltValue(addr 7) => 0
2026-09-14 10:39:36.671 I  PeachCommander[24527:13c3c] [com.apple.CarbonCore:gestalt] SetGestaltValue SetGestaltValue(fs   3D332) => 0
2026-09-14 10:39:36.671 I  PeachCommander[24527:13c3c] [com.apple.CarbonCore:gestalt] SetGestaltValue SetGestaltValue(fold 11) => 0
2026-09-14 10:39:36.671 I  PeachCommander[24527:13c3c] [com.apple.CarbonCore:gestalt] SetGestaltValue SetGestaltValue(lram 7FFFF000) => 0
2026-09-14 10:39:36.671 I  PeachCommander[24527:13c3c] [com.apple.CarbonCore:gestalt] SetGestaltValue SetGestaltValue(mmap 1) => 0
2026-09-14 10:39:36.671 I  PeachCommander[24527:13c3c] [com.apple.CarbonCore:gestalt] SetGestaltValue SetGestaltValue(cfrg 1) => 0
2026-09-14 10:39:36.671 I  PeachCommander[24527:13c3c] [com.apple.CarbonCore:gestalt] SetGestaltValue SetGestaltValue(thds 7) => 0
2026-09-14 10:39:36.671 I  PeachCommander[24527:13c3c] [com.apple.CarbonCore:gestalt] SetGestaltValue SetGestaltValue(tmgr E) => 0
2026-09-14 10:39:36.671 I  PeachCommander[24527:13c3c] [com.apple.CarbonCore:gestalt] SetGestaltValue SetGestaltValue(vers 7) => 0
2026-09-14 10:39:36.671 I  PeachCommander[24527:13c3c] [com.apple.CarbonCore:gestalt] SetGestaltValue SetGestaltValue(cbon 160) => 0
2026-09-14 10:39:36.671 I  PeachCommander[24527:13c3c] [com.apple.CarbonCore:gestalt] SetGestaltValue SetGestaltValue(cltn 1108000) => 0
2026-09-14 10:39:36.671 I  PeachCommander[24527:13c3c] [com.apple.CarbonCore:gestalt] SetGestaltValue SetGestaltValue(cpnt 8) => 0
2026-09-14 10:39:36.671 I  PeachCommander[24527:13c3c] [com.apple.CarbonCore:gestalt] SetGestaltValue SetGestaltValue(rsrc 3) => 0
2026-09-14 10:39:36.671 I  PeachCommander[24527:13c3c] [com.apple.CarbonCore:gestalt] SetGestaltValue SetGestaltValue(rmbg 11F) => 0
2026-09-14 10:39:36.671 I  PeachCommander[24527:13c3c] [com.apple.CarbonCore:gestalt] SetGestaltValue SetGestaltValue(vm   11) => 0
2026-09-14 10:39:36.671 I  PeachCommander[24527:13c3c] [com.apple.CarbonCore:gestalt] SetGestaltValue SetGestaltValue(srad 4170706C) => 0
2026-09-14 10:39:36.671 I  PeachCommander[24527:13c3c] [com.apple.CarbonCore:gestalt] SetGestaltValue SetGestaltValue(sysa 14) => 0
2026-09-14 10:39:36.671 I  PeachCommander[24527:13c3c] [com.apple.CarbonCore:gestalt] SetGestaltValue SetGestaltValue(copl 9) => 0
2026-09-14 10:39:36.671 I  PeachCommander[24527:13c3c] [com.apple.CarbonCore:gestalt] SetGestaltValue SetGestaltValue(xlat 0) => 0
2026-09-14 10:39:36.671 I  PeachCommander[24527:13c3c] [com.apple.CarbonCore:gestalt] SetGestaltValue SetGestaltValue(stdf 0) => 0
2026-09-14 10:39:36.671 I  PeachCommander[24527:13c3c] [com.apple.CarbonCore:gestalt] _NewGestalt _NewGestalt(ram  0x18da77644) => 0
2026-09-14 10:39:36.671 I  PeachCommander[24527:13c3c] [com.apple.CarbonCore:gestalt] _NewGestalt _NewGestalt(ramm 0x18da77644) => 0
2026-09-14 10:39:36.671 I  PeachCommander[24527:13c3c] [com.apple.CarbonCore:gestalt] _NewGestalt _NewGestalt(cput 0x18da77734) => 0
2026-09-14 10:39:36.671 I  PeachCommander[24527:13c3c] [com.apple.CarbonCore:gestalt] _NewGestalt _NewGestalt(cpuf 0x18da77764) => 0
2026-09-14 10:39:36.671 I  PeachCommander[24527:13c3c] [com.apple.CarbonCore:gestalt] _NewGestalt _NewGestalt(bclk 0x18da77794) => 0
2026-09-14 10:39:36.671 I  PeachCommander[24527:13c3c] [com.apple.CarbonCore:gestalt] _NewGestalt _NewGestalt(bclm 0x18da77794) => 0
2026-09-14 10:39:36.671 I  PeachCommander[24527:13c3c] [com.apple.CarbonCore:gestalt] _NewGestalt _NewGestalt(pclk 0x18da77834) => 0
2026-09-14 10:39:36.671 I  PeachCommander[24527:13c3c] [com.apple.CarbonCore:gestalt] _NewGestalt _NewGestalt(mclk 0x18da77834) => 0
2026-09-14 10:39:36.671 I  PeachCommander[24527:13c3c] [com.apple.CarbonCore:gestalt] _NewGestalt _NewGestalt(a/ux 0x18da7794c) => 0
2026-09-14 10:39:36.671 I  PeachCommander[24527:13c3c] [com.apple.CarbonCore:gestalt] _NewGestalt _NewGestalt(pgsz 0x18da77954) => 0
2026-09-14 10:39:36.671 I  PeachCommander[24527:13c3c] [com.apple.CarbonCore:gestalt] _NewGestalt _NewGestalt(csiz 0x18da77994) => 0
2026-09-14 10:39:36.671 I  PeachCommander[24527:13c3c] [com.apple.CarbonCore:gestalt] _NewGestalt _NewGestalt(sysv 0x18da22dfc) => 0
2026-09-14 10:39:36.671 I  PeachCommander[24527:13c3c] [com.apple.CarbonCore:gestalt] _NewGestalt _NewGestalt(sys1 0x18da22dfc) => 0
2026-09-14 10:39:36.671 I  PeachCommander[24527:13c3c] [com.apple.CarbonCore:gestalt] _NewGestalt _NewGestalt(sys2 0x18da22dfc) => 0
2026-09-14 10:39:36.671 I  PeachCommander[24527:13c3c] [com.apple.CarbonCore:gestalt] _NewGestalt _NewGestalt(sys3 0x18da22dfc) => 0
2026-09-14 10:39:36.671 I  PeachCommander[24527:13c3c] [com.apple.CarbonCore:gestalt] _NewGestalt _NewGestalt(cdfl 0x18da779d4) => 0
2026-09-14 10:39:36.671 I  PeachCommander[24527:13c3c] [com.apple.CarbonCore:gestalt] _NewGestalt _NewGestalt(cdrm 0x18da77c30) => 0
2026-09-14 10:39:36.671 I  PeachCommander[24527:13c3c] [com.apple.CarbonCore:gestalt] _NewGestalt _NewGestalt(cpus 0x18da77c78) => 0
2026-09-14 10:39:36.671 I  PeachCommander[24527:13c3c] [com.apple.CarbonCore:gestalt] SetGestaltValue SetGestaltValue(swex 1) => 0
2026-09-14 10:39:36.671 Df PeachCommander[24527:13c3c] [com.apple.xpc:connection] [0xad44e3980] activating connection: mach=false listener=false peer=false name=com.apple.hiservices-xpcservice
2026-09-14 10:39:36.672 I  PeachCommander[24527:13c3c] [com.apple.CFPasteboard:entry] CopyData('ApplePerContextInputPasteboard' (<CFUUID 0xad4fb3ca0> 2BB970DB-0772-4F27-BE18-CE519B390C2D) gen: -1 item: 1264739405 flavor: 'ApplePerContextInputFlavor')
2026-09-14 10:39:36.672 I  PeachCommander[24527:13c3c] [com.apple.CFPasteboard:cache] Rebuilding cache for 'ApplePerContextInputPasteboard' (<CFUUID 0xad4fb3ca0> 2BB970DB-0772-4F27-BE18-CE519B390C2D)
2026-09-14 10:39:36.672 I  PeachCommander[24527:13c3c] [com.apple.CFPasteboard:general] Will request data from daemon
2026-09-14 10:39:36.672 I  PeachCommander[24527:13c3c] [com.apple.CFPasteboard:exit] (not-in-cache) - result: 0 generation: 1 data (182 bytes) flags: 0
2026-09-14 10:39:36.672 I  PeachCommander[24527:13c3c] [com.apple.CFPasteboard:entry] CopyData('DefaultAsciiKeyboardLayoutPasteboard' (<CFUUID 0xad4e727a0> 85381DE0-F014-430C-8E21-97E8B58374A9) gen: -1 item: 1264739405 flavor: 'DefaultAsciiKeyboardLayoutFlavor')
2026-09-14 10:39:36.672 I  PeachCommander[24527:13c3c] [com.apple.CFPasteboard:exit] (not-in-cache) - result: -8 generation: 0 null data flags: 0
2026-09-14 10:39:36.674 I  PeachCommander[24527:13c3c] [com.apple.AppKit:Window] context (0 -> 2eb111ce) for window 51e
2026-09-14 10:39:36.674 Df PeachCommander[24527:13c3c] [com.apple.inputmethodkitClient:Client] +[IMKClient subclass]: chose IMKClient_Modern
2026-09-14 10:39:36.674 Df PeachCommander[24527:13c3c] [com.apple.BoardServices:XPCErrors] [C:2] Alloc com.apple.backboard.hid-services.xpc
2026-09-14 10:39:36.674 Df PeachCommander[24527:13c3c] [com.apple.xpc:connection] [0xad44e3ac0] activating connection: mach=false listener=false peer=false name=(anonymous)
2026-09-14 10:39:36.675 E  PeachCommander[24527:13c4e] [com.apple.BaseBoard:Common] Unable to obtain a task name port right for pid 169: (os/kern) failure (0x5)
2026-09-14 10:39:36.675 Df PeachCommander[24527:13c4e] [com.apple.xpc:connection] [0xad44e2940] activating connection: mach=false listener=false peer=false name=com.apple.TextInputUI.xpc.CursorUIViewService
2026-09-14 10:39:36.675 Df PeachCommander[24527:13c4e] [com.apple.xpc:connection] [0xad44e2940] invalidated after the last release of the connection object
2026-09-14 10:39:36.675 I  PeachCommander[24527:13c3c] [com.apple.CFPasteboard:entry] CopyData('DefaultAsciiKeyboardLayoutPasteboard' (<CFUUID 0xad4e727a0> 85381DE0-F014-430C-8E21-97E8B58374A9) gen: -1 item: 1264739405 flavor: 'DefaultAsciiKeyboardLayoutFlavor')
2026-09-14 10:39:36.675 I  PeachCommander[24527:13c3c] [com.apple.CFPasteboard:exit] (not-in-cache) - result: -8 generation: 0 null data flags: 0
2026-09-14 10:39:36.675 Df PeachCommander[24527:13c3c] [com.apple.xpc:connection] [0xad44e26c0] activating connection: mach=false listener=false peer=false name=(anonymous)
2026-09-14 10:39:36.675 Df PeachCommander[24527:13c3c] [com.apple.xpc:connection] [0xad44e2940] activating connection: mach=false listener=false peer=false name=com.apple.ViewBridgeAuxiliary
2026-09-14 10:39:36.676 Df PeachCommander[24527:13c3c] [com.apple.xpc:connection] [0xad44e21c0] activating connection: mach=false listener=false peer=false name=(anonymous)
2026-09-14 10:39:36.676 Df PeachCommander[24527:13c3c] [com.apple.xpc:connection] [0xad44e2940] invalidated after the last release of the connection object
2026-09-14 10:39:36.691 Df PeachCommander[24527:13c3c] [com.apple.TextInputUI:CursorUI] -[TUINSCursorUIController activate:]_block_invoke: Create CursorUIViewService: TUINSRemoteViewController
2026-09-14 10:39:36.691 I  PeachCommander[24527:13c3c] [com.apple.AppKit:Window] window <TUINSWindow: 0xad5a3a300> windowNumber=51e finishing close
2026-09-14 10:39:36.691 I  PeachCommander[24527:13c3c] [com.apple.AppKit:Window] order window: 51e op: 0 relative: 0 related: 0
2026-09-14 10:39:36.692 A  PeachCommander[24527:13c47] (CoreFoundation) Loading Preferences From System CFPrefsD
2026-09-14 10:39:36.695 I  PeachCommander[24527:13c3c] [com.apple.iconservices:foundation] layer data size zero
2026-09-14 10:39:36.696 A  PeachCommander[24527:13c3c] (CoreFoundation) Loading Preferences From User CFPrefsD
2026-09-14 10:39:36.696 I  PeachCommander[24527:13c3c] [com.apple.CoreAnalytics:client] Dropping "com.apple.ImageIO.readerSelection" as it isn't used in any transform (not in the config or budgeted?)
2026-09-14 10:39:36.776 Df PeachCommander[24527:13c3c] [com.apple.BoardServices:XPCErrors] [C:3] Alloc com.apple.backboard.hid-services.xpc
2026-09-14 10:39:36.776 Df PeachCommander[24527:13c3c] [com.apple.xpc:connection] [0xad44e1e00] activating connection: mach=false listener=false peer=false name=(anonymous)
2026-09-14 10:39:36.777 Df PeachCommander[24527:13c4d] [com.apple.BackBoard:EventDelivery] BKSHIDEventDeliveryManager - connection activation
2026-09-14 10:39:36.804 I  PeachCommander[24527:13c3c] [com.peachcommander:PCFoundation] Session restored
2026-09-14 10:39:36.804 Df PeachCommander[24527:13c3c] (Foundation) <private>
2026-09-14 10:39:36.804 I  PeachCommander[24527:13c3c] [com.peachcommander:PCFoundation] [automation] running /Users/admin/auto.txt
2026-09-14 10:39:36.804 Df PeachCommander[24527:13c3c] (Foundation) <private>
2026-09-14 10:39:36.804 I  PeachCommander[24527:13c3c] [com.peachcommander:PCFoundation] [automation] > active left
2026-09-14 10:39:36.804 Df PeachCommander[24527:13c3c] (Foundation) <private>
2026-09-14 10:39:36.804 I  PeachCommander[24527:13c3c] [com.peachcommander:PCFoundation] [automation] > left /Users/admin/pc-demo
2026-09-14 10:39:36.879 I  PeachCommander[24527:13c3c] [com.apple.CoreAnalytics:client] Dropping "com.apple.appkit.app_config" as it isn't used in any transform (not in the config or budgeted?)
2026-09-14 10:39:36.880 I  PeachCommander[24527:13c3c] [com.apple.launchservices:datasep] application record search init. Node: <FSNode 0xad563a0c0> { isDir = y, path = <private> } bundleID: (null) itemID: 0
2026-09-14 10:39:36.880 I  PeachCommander[24527:13c3c] [com.apple.launchservices:datasep] application record search init. Node: <FSNode 0xad563a0c0> { isDir = y, path = <private> } bundleID: (null) itemID: 0
2026-09-14 10:39:36.880 I  PeachCommander[24527:13c3c] [com.apple.SafariPlatformSupport:SafariPlatformSupport] -[SFSafariPlatformSupport credentialSelected:] with nil credential
2026-09-14 10:39:36.880 I  PeachCommander[24527:13c3c] [com.apple.SafariPlatformSupport:SafariPlatformSupport] -[SFSafariPlatformSupport oneTimeCodeSelected:] with nil code
2026-09-14 10:39:36.911 I  PeachCommander[24527:13c42] [com.apple.AppKit:WindowTab] Indexing 1 items
2026-09-14 10:39:36.911 A  PeachCommander[24527:13c42] (CoreSpotlight) end-index-batch
2026-09-14 10:39:36.911 Df PeachCommander[24527:13c42] [com.apple.corespotlight:index] *warn* MailCS ======%%% _setMailMessageAttributes skip:1
2026-09-14 10:39:36.912 A  PeachCommander[24527:13c42] (CoreSpotlight) index-items
2026-09-14 10:39:36.912 Df PeachCommander[24527:13c42] [com.apple.corespotlight:index] CSInlineDonation:<private>: Skipping donation (feature flag disabled)
2026-09-14 10:39:36.912 Df PeachCommander[24527:13c42] [com.apple.corespotlight:index] CSInlineDonation:<private>: Skipping donation (feature flag disabled)
2026-09-14 10:39:37.027 I  PeachCommander[24527:13c3c] [com.apple.HIToolbox:MBDisplays] <private>
2026-09-14 10:39:37.027 I  PeachCommander[24527:13c3c] [com.apple.HIToolbox:MBDisplays] <private>
2026-09-14 10:39:37.287 Df PeachCommander[24527:13c4e] [com.apple.xpc:connection] [0xad44e2300] activating connection: mach=false listener=false peer=false name=com.apple.SafariPlatformSupport.Helper
2026-09-14 10:39:37.315 Df PeachCommander[24527:13c3c] (Foundation) <private>
2026-09-14 10:39:37.315 I  PeachCommander[24527:13c3c] [com.peachcommander:PCFoundation] [automation] > wait 1200
2026-09-14 10:39:37.340 I  PeachCommander[24527:13c3c] [com.apple.AppKit:Image] ISImage reported a placeholder, image rep is providing a placeholder image for <private>
2026-09-14 10:39:37.341 I  PeachCommander[24527:13c3c] [com.apple.AppKit:Image] ISImage reported a placeholder, image rep is providing a placeholder image for <private>
2026-09-14 10:39:37.341 I  PeachCommander[24527:13c48] [com.apple.iconservices:foundation] layer data size zero
2026-09-14 10:39:37.342 I  PeachCommander[24527:13c3c] [com.apple.AppKit:Image] ISImage reported a placeholder, image rep is providing a placeholder image for <private>
2026-09-14 10:39:37.342 I  PeachCommander[24527:13c3c] [com.apple.AppKit:Image] ISImage reported a placeholder, image rep is providing a placeholder image for <private>
2026-09-14 10:39:37.344 I  PeachCommander[24527:13c3c] [com.apple.AppKit:Image] ISImage reported a placeholder, image rep is providing a placeholder image for <private>
2026-09-14 10:39:37.344 I  PeachCommander[24527:13c3c] [com.apple.AppKit:Image] ISImage reported a placeholder, image rep is providing a placeholder image for <private>
2026-09-14 10:39:37.345 I  PeachCommander[24527:13c3c] [com.apple.AppKit:Image] ISImage reported a placeholder, image rep is providing a placeholder image for <private>
2026-09-14 10:39:37.345 I  PeachCommander[24527:13c3c] [com.apple.AppKit:Image] ISImage reported a placeholder, image rep is providing a placeholder image for <private>
2026-09-14 10:39:37.346 I  PeachCommander[24527:13c3c] [com.apple.AppKit:Image] ISImage reported a placeholder, image rep is providing a placeholder image for <private>
2026-09-14 10:39:37.346 I  PeachCommander[24527:13c3c] [com.apple.AppKit:Image] ISImage reported a placeholder, image rep is providing a placeholder image for <private>
2026-09-14 10:39:37.348 I  PeachCommander[24527:13c3c] [com.apple.AppKit:Image] ISImage reported a placeholder, image rep is providing a placeholder image for <private>
2026-09-14 10:39:37.348 I  PeachCommander[24527:13c3c] [com.apple.AppKit:Image] ISImage reported a placeholder, image rep is providing a placeholder image for <private>
2026-09-14 10:39:37.353 I  PeachCommander[24527:13cda] [com.apple.iconservices:foundation] layer data size zero
2026-09-14 10:39:37.356 Df PeachCommander[24527:13cda] [com.apple.xpc:connection] [0xad44e2300] invalidated after the last release of the connection object
2026-09-14 10:39:37.379 I  PeachCommander[24527:13c3c] [com.apple.launchservices:cas] Removing cached information for app [ 0x0-0x146146]  "PeachCommander", as its seed is different from that in shared memory ( 535 vs 537)
2026-09-14 10:39:37.380 Df PeachCommander[24527:13c3c] [com.apple.xpc:connection] [0xad44e3200] activating connection: mach=false listener=false peer=false name=(anonymous)
2026-09-14 10:39:37.380 Df PeachCommander[24527:13c3c] [com.apple.xpc:connection] [0xad44e2300] activating connection: mach=false listener=false peer=false name=(anonymous)
2026-09-14 10:39:37.381 I  PeachCommander[24527:13c3c] [com.apple.iconservices:foundation] layer data size zero
2026-09-14 10:39:37.381 I  PeachCommander[24527:13c3c] [com.apple.AppKit:Image] ISImage reported a placeholder, image rep is providing a placeholder image for <private>
2026-09-14 10:39:37.382 I  PeachCommander[24527:13c3c] [com.apple.iconservices:foundation] layer data size zero
2026-09-14 10:39:37.382 I  PeachCommander[24527:13c3c] [com.apple.AppKit:Image] ISImage reported a placeholder, image rep is providing a placeholder image for <private>
2026-09-14 10:39:37.382 I  PeachCommander[24527:13c3c] [com.apple.iconservices:foundation] layer data size zero
2026-09-14 10:39:37.382 I  PeachCommander[24527:13c3c] [com.apple.AppKit:Image] ISImage reported a placeholder, image rep is providing a placeholder image for <private>
2026-09-14 10:39:37.382 I  PeachCommander[24527:13c3c] [com.apple.AppKit:Image] ISImage reported a placeholder, image rep is providing a placeholder image for <private>
2026-09-14 10:39:37.385 I  PeachCommander[24527:13c3c] [com.apple.AppKit:Image] ISImage reported a placeholder, image rep is providing a placeholder image for <private>
2026-09-14 10:39:37.385 I  PeachCommander[24527:13c3c] [com.apple.AppKit:Image] ISImage reported a placeholder, image rep is providing a placeholder image for <private>
2026-09-14 10:39:37.385 I  PeachCommander[24527:13c3c] [com.apple.AppKit:Image] ISImage reported a placeholder, image rep is providing a placeholder image for <private>
2026-09-14 10:39:37.386 I  PeachCommander[24527:13c3c] [com.apple.AppKit:Image] ISImage reported a placeholder, image rep is providing a placeholder image for <private>
2026-09-14 10:39:37.396 I  PeachCommander[24527:13c3c] [com.apple.iconservices:foundation] layer data size zero
2026-09-14 10:39:37.396 I  PeachCommander[24527:13c3c] [com.apple.iconservices:foundation] layer data size zero
2026-09-14 10:39:37.396 I  PeachCommander[24527:13c3c] [com.apple.iconservices:foundation] layer data size zero
2026-09-14 10:39:37.396 I  PeachCommander[24527:13c3c] [com.apple.iconservices:foundation] layer data size zero
2026-09-14 10:39:37.612 I  PeachCommander[24527:13c3c] [com.apple.AppKit:Image] ISImage reported a placeholder, image rep is providing a placeholder image for <private>
2026-09-14 10:39:37.636 I  PeachCommander[24527:13c3c] [com.apple.AppKit:Image] ISImage reported a placeholder, image rep is providing a placeholder image for <private>
2026-09-14 10:39:37.636 I  PeachCommander[24527:13c3c] [com.apple.AppKit:Image] ISImage reported a placeholder, image rep is providing a placeholder image for <private>
2026-09-14 10:39:37.636 I  PeachCommander[24527:13cda] [com.apple.iconservices:foundation] layer data size zero
2026-09-14 10:39:37.670 I  PeachCommander[24527:13c3c] [com.apple.SafariPlatformSupport:SafariPlatformSupport] -[SPSafariPlatformSupport completionListPreferredContentSizeDidUpdate] with size {0, 0}, in window that is visible
2026-09-14 10:39:37.783 I  PeachCommander[24527:13c43] [com.apple.AppKit:WindowTab] Indexing 1 items
2026-09-14 10:39:37.783 A  PeachCommander[24527:13c43] (CoreSpotlight) end-index-batch
2026-09-14 10:39:37.783 A  PeachCommander[24527:13c43] (CoreSpotlight) index-items
2026-09-14 10:39:37.783 Df PeachCommander[24527:13c43] [com.apple.corespotlight:index] CSInlineDonation:<private>: Skipping donation (feature flag disabled)
2026-09-14 10:39:37.783 Df PeachCommander[24527:13cda] [com.apple.corespotlight:index] CSInlineDonation:<private>: Skipping donation (feature flag disabled)
2026-09-14 10:39:38.596 Df PeachCommander[24527:13c3c] (Foundation) <private>
2026-09-14 10:39:38.596 I  PeachCommander[24527:13c3c] [com.peachcommander:PCFoundation] [automation] > setstring Colors.Appearance|system
2026-09-14 10:39:38.626 I  PeachCommander[24527:13c3c] [com.peachcommander:PCFoundation] Theme applied: id=norton, appearance=system, dark=true, background=#0000AA
2026-09-14 10:39:38.626 Df PeachCommander[24527:13c3c] (Foundation) <private>
2026-09-14 10:39:38.626 I  PeachCommander[24527:13c3c] [com.peachcommander:PCFoundation] [automation] > wait 600
2026-09-14 10:39:38.637 I  PeachCommander[24527:13c3c] [com.apple.AppKit:Image] ISImage reported a placeholder, image rep is providing a placeholder image for <private>
2026-09-14 10:39:38.659 I  PeachCommander[24527:13c3c] [com.apple.AppKit:Image] ISImage reported a placeholder, image rep is providing a placeholder image for <private>
2026-09-14 10:39:38.659 I  PeachCommander[24527:13c3c] [com.apple.AppKit:Image] ISImage reported a placeholder, image rep is providing a placeholder image for <private>
2026-09-14 10:39:39.232 Df PeachCommander[24527:13c3c] (Foundation) <private>
2026-09-14 10:39:39.232 I  PeachCommander[24527:13c3c] [com.peachcommander:PCFoundation] [automation] > settingspage Colors
2026-09-14 10:39:39.233 Df PeachCommander[24527:13c3c] (Foundation) <private>
2026-09-14 10:39:39.233 I  PeachCommander[24527:13c3c] [com.peachcommander:PCFoundation] [automation] > wait 1200
2026-09-14 10:39:39.235 A  PeachCommander[24527:13c3c] (Security) SecItemCopyMatching
2026-09-14 10:39:39.235 A  PeachCommander[24527:13c3c] (Security) SecItemCopyMatching_ios
2026-09-14 10:39:39.235 Df PeachCommander[24527:13c3c] [com.apple.securityd:secitemratelimit] Not internal release, disabling SIRL
2026-09-14 10:39:39.235 Df PeachCommander[24527:13c3c] [com.apple.securityd:thread-local-client-debug] SecSecurityClientGet new thread!
2026-09-14 10:39:39.235 Df PeachCommander[24527:13c3c] [com.apple.securityd:keychain] Enabling System Keychain Always due to platform
2026-09-14 10:39:39.235 Df PeachCommander[24527:13c3c] [com.apple.xpc:connection] [0xad44e35c0] activating connection: mach=true listener=false peer=false name=com.apple.securityd.xpc
2026-09-14 10:39:39.236 A  PeachCommander[24527:13c3c] (CoreFoundation) Loading Preferences From System CFPrefsD
2026-09-14 10:39:39.238 Df PeachCommander[24527:13c3c] [com.apple.securityd:MDSStaticDatabase] [updateDataBases]: Databases already exist; Nothing to Update
2026-09-14 10:39:39.293 I  PeachCommander[24527:13c3c] [com.apple.AppKit:Window] context (0 -> b2fb2315) for window 521
2026-09-14 10:39:39.338 I  PeachCommander[24527:13c3c] [com.apple.CFPasteboard:entry] CopyData('DefaultAsciiKeyboardLayoutPasteboard' (<CFUUID 0xad4e727a0> 85381DE0-F014-430C-8E21-97E8B58374A9) gen: -1 item: 1264739405 flavor: 'DefaultAsciiKeyboardLayoutFlavor')
2026-09-14 10:39:39.338 I  PeachCommander[24527:13c3c] [com.apple.CFPasteboard:exit] (not-in-cache) - result: -8 generation: 0 null data flags: 0
2026-09-14 10:39:39.345 I  PeachCommander[24527:13c3c] [com.apple.AppKit:Window] order window front conditionally: 521 related: 0
2026-09-14 10:39:39.345 I  PeachCommander[24527:13c3c] [com.apple.AppKit:Window] order window front conditionally: 521 related: 0
2026-09-14 10:39:39.413 I  PeachCommander[24527:13c43] [com.apple.AppKit:WindowTab] Indexing 2 items
2026-09-14 10:39:39.413 A  PeachCommander[24527:13c43] (CoreSpotlight) end-index-batch
2026-09-14 10:39:39.413 A  PeachCommander[24527:13c43] (CoreSpotlight) index-items
2026-09-14 10:39:39.413 Df PeachCommander[24527:13c43] [com.apple.corespotlight:index] CSInlineDonation:<private>: Skipping donation (feature flag disabled)
2026-09-14 10:39:39.413 Df PeachCommander[24527:13c43] [com.apple.corespotlight:index] CSInlineDonation:<private>: Skipping donation (feature flag disabled)
2026-09-14 10:39:39.451 Df PeachCommander[24527:13c3c] [com.apple.AppKit:Layout] View <private> returned a baseline offset that is not integral in pixels (16.500000).  The developer should always make sure -firstBaselineOffsetFromTop and -lastBaselineOffsetFromBottom are pixel-integral.
2026-09-14 10:39:40.471 Df PeachCommander[24527:13c3c] (Foundation) <private>
2026-09-14 10:39:40.471 I  PeachCommander[24527:13c3c] [com.peachcommander:PCFoundation] [automation] > theme light
2026-09-14 10:39:40.471 Df PeachCommander[24527:13c3c] [com.apple.AppKit:Appearance] Invalidate NSApp effectiveAppearance
2026-09-14 10:39:40.475 Df PeachCommander[24527:13c3c] [com.apple.AppKit:Appearance] NSApp cache appearance:
-NSRequiresAquaSystemAppearance: 0
-appearance: <NSCompositeAppearance: 0xad5024500
 (
    "<NSAquaAppearance: 0xad5024460>",
    "<NSSystemAppearance: 0xad5024780>"
)>
-effectiveAppearance: <NSCompositeAppearance: 0xad5024500
 (
    "<NSAquaAppearance: 0xad5024460>",
    "<NSSystemAppearance: 0xad5024780>"
)>
2026-09-14 10:39:40.519 I  PeachCommander[24527:13c3c] [com.peachcommander:PCFoundation] Theme applied: id=light, appearance=system, dark=false, background=#FFFFFF
2026-09-14 10:39:40.519 Df PeachCommander[24527:13c3c] (Foundation) <private>
2026-09-14 10:39:40.519 I  PeachCommander[24527:13c3c] [com.peachcommander:PCFoundation] [automation] > wait 600
2026-09-14 10:39:40.537 I  PeachCommander[24527:13c3c] [com.apple.AppKit:Image] ISImage reported a placeholder, image rep is providing a placeholder image for <private>
2026-09-14 10:39:40.571 I  PeachCommander[24527:13c3c] [com.apple.AppKit:Image] ISImage reported a placeholder, image rep is providing a placeholder image for <private>
2026-09-14 10:39:40.571 I  PeachCommander[24527:13c3c] [com.apple.AppKit:Image] ISImage reported a placeholder, image rep is providing a placeholder image for <private>
2026-09-14 10:39:40.624 I  PeachCommander[24527:13c48] [com.apple.iconservices:foundation] layer data size zero
2026-09-14 10:39:40.648 I  PeachCommander[24527:13c4e] [com.apple.iconservices:foundation] layer data size zero
2026-09-14 10:39:40.649 I  PeachCommander[24527:13cda] [com.apple.iconservices:foundation] layer data size zero
2026-09-14 10:39:40.656 I  PeachCommander[24527:13c3c] [com.apple.iconservices:foundation] layer data size zero
2026-09-14 10:39:41.162 Df PeachCommander[24527:13c3c] (Foundation) <private>
2026-09-14 10:39:41.162 I  PeachCommander[24527:13c3c] [com.peachcommander:PCFoundation] [automation] > theme midnight
2026-09-14 10:39:41.162 Df PeachCommander[24527:13c3c] [com.apple.AppKit:Appearance] Invalidate NSApp effectiveAppearance
2026-09-14 10:39:41.164 Df PeachCommander[24527:13c3c] [com.apple.AppKit:Appearance] NSApp cache appearance:
-NSRequiresAquaSystemAppearance: 0
-appearance: <NSCompositeAppearance: 0xad50259a0
 (
    "<NSDarkAquaAppearance: 0xad5025a40>",
    "<NSSystemAppearance: 0xad5024780>"
)>
-effectiveAppearance: <NSCompositeAppearance: 0xad50259a0
 (
    "<NSDarkAquaAppearance: 0xad5025a40>",
    "<NSSystemAppearance: 0xad5024780>"
)>
2026-09-14 10:39:41.187 I  PeachCommander[24527:13c3c] [com.peachcommander:PCFoundation] Theme applied: id=midnight, appearance=system, dark=true, background=#101020
2026-09-14 10:39:41.187 Df PeachCommander[24527:13c3c] (Foundation) <private>
2026-09-14 10:39:41.187 I  PeachCommander[24527:13c3c] [com.peachcommander:PCFoundation] [automation] > wait 600
2026-09-14 10:39:41.812 Df PeachCommander[24527:13c3c] (Foundation) <private>
2026-09-14 10:39:41.812 I  PeachCommander[24527:13c3c] [com.peachcommander:PCFoundation] [automation] > themestate /Users/admin/theme-midnight.txt
2026-09-14 10:39:41.815 Df PeachCommander[24527:13c3c] (Foundation) <private>
2026-09-14 10:39:41.815 I  PeachCommander[24527:13c3c] [com.peachcommander:PCFoundation] [automation] > wait 400
2026-09-14 10:39:42.240 Df PeachCommander[24527:13c3c] (Foundation) <private>
2026-09-14 10:39:42.240 I  PeachCommander[24527:13c3c] [com.peachcommander:PCFoundation] [automation] > theme system
2026-09-14 10:39:42.240 Df PeachCommander[24527:13c3c] [com.apple.AppKit:Appearance] Invalidate NSApp effectiveAppearance
2026-09-14 10:39:42.241 Df PeachCommander[24527:13c3c] [com.apple.AppKit:Appearance] NSApp cache appearance:
-NSRequiresAquaSystemAppearance: 0
-appearance: (null)
-effectiveAppearance: <NSCompositeAppearance: 0xad5024500
 (
    "<NSAquaAppearance: 0xad5024460>",
    "<NSSystemAppearance: 0xad5024780>"
)>
2026-09-14 10:39:42.254 I  PeachCommander[24527:13c3c] [com.peachcommander:PCFoundation] Theme applied: id=system, appearance=system, dark=false, background=#FFFFFF
2026-09-14 10:39:42.254 Df PeachCommander[24527:13c3c] (Foundation) <private>
2026-09-14 10:39:42.254 I  PeachCommander[24527:13c3c] [com.peachcommander:PCFoundation] [automation] > wait 900
2026-09-14 10:39:43.170 Df PeachCommander[24527:13c3c] (Foundation) <private>
2026-09-14 10:39:43.170 I  PeachCommander[24527:13c3c] [com.peachcommander:PCFoundation] [automation] > settingspagedump /Users/admin/theme-page.txt
2026-09-14 10:39:43.173 Df PeachCommander[24527:13c3c] (Foundation) <private>
2026-09-14 10:39:43.173 I  PeachCommander[24527:13c3c] [com.peachcommander:PCFoundation] [automation] > wait 400
2026-09-14 10:39:43.586 Df PeachCommander[24527:13c3c] (Foundation) <private>
2026-09-14 10:39:43.586 I  PeachCommander[24527:13c3c] [com.peachcommander:PCFoundation] [automation] > themestate /Users/admin/theme-system.txt
2026-09-14 10:39:43.588 Df PeachCommander[24527:13c3c] (Foundation) <private>
2026-09-14 10:39:43.588 I  PeachCommander[24527:13c3c] [com.peachcommander:PCFoundation] [automation] > wait 600
2026-09-14 10:39:44.195 Df PeachCommander[24527:13c3c] (Foundation) <private>
2026-09-14 10:39:44.195 I  PeachCommander[24527:13c3c] [com.peachcommander:PCFoundation] [automation] done
2026-09-14 10:39:44.565 I  PeachCommander[24527:13c43] [com.apple.CoreAnalytics:client] Dropping "com.apple.security.LegacyAPICounts" as it isn't used in any transform (not in the config or budgeted?)
2026-09-14 10:39:44.566 I  PeachCommander[24527:13c43] [com.apple.CoreAnalytics:client] Dropping "com.apple.security.LegacyAPICounts" as it isn't used in any transform (not in the config or budgeted?)
