Timestamp               Ty Process[PID:TID]
2026-09-09 19:34:26.833 A  PeachCommander[20367:106d9] (libsystem_info.dylib) Retrieve User by ID
2026-09-09 19:34:26.834 Df PeachCommander[20367:106d9] [com.apple.xpc:connection] [0x101de5b50] activating connection: mach=true listener=false peer=false name=com.apple.cfprefsd.daemon
2026-09-09 19:34:26.834 Df PeachCommander[20367:106df] [com.apple.xpc:connection] [0x101de6c00] activating connection: mach=true listener=false peer=false name=com.apple.cfprefsd.agent
2026-09-09 19:34:26.835 Df PeachCommander[20367:106d9] [com.apple.xpc:connection] [0x101de7e70] activating connection: mach=true listener=false peer=false name=com.apple.coreservices.launchservicesd
2026-09-09 19:34:26.835 I  PeachCommander[20367:106d9] [com.apple.launchservices:cas] Registering for notification <private> on default queue, to re-boostrap client connection.
2026-09-09 19:34:26.835 Df PeachCommander[20367:106d9] [com.apple.xpc:connection] [0x986cc0000] activating connection: mach=true listener=false peer=false name=com.apple.pasteboard.1
2026-09-09 19:34:26.836 Df PeachCommander[20367:106d9] [com.apple.xpc:connection] [0x986cc0140] activating connection: mach=true listener=false peer=false name=com.apple.distributed_notifications@Uv3
2026-09-09 19:34:26.837 Df PeachCommander[20367:106d9] [com.apple.AppKit:AutomaticTermination] void _NSDisableAutomaticTerminationAndLog(NSString *) No windows open yet
2026-09-09 19:34:26.837 A  PeachCommander[20367:106d9] (TCC) TCCAccessRequest() IPC
2026-09-09 19:34:26.837 Df PeachCommander[20367:106d9] [com.apple.xpc:connection] [0x986cc0280] activating connection: mach=true listener=false peer=false name=com.apple.tccd.system
2026-09-09 19:34:26.837 I  PeachCommander[20367:106d9] [com.apple.TCC:access] SEND: 0/7 synchronous to com.apple.tccd.system: request: msgID=20367.1, function=TCCAccessRequest, service=kTCCServiceListenEvent,
2026-09-09 19:34:26.838 I  PeachCommander[20367:106d9] [com.apple.TCC:access] RECV: synchronous reply <dictionary: 0x986c84000> { count = 5, transaction: 0, voucher = 0x0, contents =
	"prompt_type" => <uint64: 0x8a32b77c1d8d6eb7>: 1
	"auth_value" => <uint64: 0x8a32b77c1d8d6eb7>: 1
	"preflight_unknown" => <bool: 0x1f1059190>: true
	"auth_version" => <uint64: 0x8a32b77c1d8d6eb7>: 1
	"auth_reason" => <uint64: 0x8a32b77c1d8d6e97>: 5
}
2026-09-09 19:34:26.838 Df PeachCommander[20367:106d9] [com.apple.xpc:connection] [0x986cc0280] invalidated after the last release of the connection object
2026-09-09 19:34:26.838 Df PeachCommander[20367:106d9] [com.apple.SkyLight:default] server port 0x00002f13, session port 0x00002f13
2026-09-09 19:34:26.840 Df PeachCommander[20367:106d9] [com.apple.SkyLight:default] New connection 0xe7e3 main
2026-09-09 19:34:26.840 I  PeachCommander[20367:106df] [com.apple.SkyLight:processes] 0[outside of RPC]: First connection id 59363 mapped to ctx = 0x987020680
2026-09-09 19:34:26.841 I  PeachCommander[20367:106d9] [com.apple.hiservices:processmgr] Checking in with CAS, pid=20367
2026-09-09 19:34:26.841 I  PeachCommander[20367:106d9] [com.apple.launchservices:cas] LSApplicationCheckIn(), app being registered is:"/Users/admin/pc-test/PeachCommander.app/Contents/MacOS/PeachCommander"
2026-09-09 19:34:26.841 I  PeachCommander[20367:106d9] [com.apple.launchservices:cas]  { "ApplicationType"="Foreground", "BuildMachineOSBuild"="25E246", "CFBundleDevelopmentRegion"="en", "CFBundleDocumentTypes"=( { "CFBundleTypeName"="Peach Commander Plugin Package", "CFBundleTypeRole"="Viewer", "LSHandlerRank"="Owner", "LSItemContentTypes"=( "com.peachcommander.plugin-package") }), "CFBundleExecutable"="PeachCommander", "CFBundleExecutablePath"="/Users/admin/pc-test/PeachCommander.app/Contents/MacOS/PeachCommander", "CFBundleHelpBookFolder"="PeachCommander.help", "CFBundleHelpBookName"="Peach Commander Help", "CFBundleIconFile"="AppIcon", "CFBundleIconName"="AppIcon", "CFBundleIdentifier"="com.peachcommander.app", "CFBundleInfoDictionaryVersion"="6.0", "CFBundleName"="PeachCommander", "CFBundleNumericVersion"=402685952, "CFBundlePackageType"="APPL", "CFBundleShortVersionString"="0.9.0", "CFBundleSignature"="?????", "CFBundleSupportedPlatforms"=( "MacOSX"), "CFBundleVersion"="18", "DTCompiler"="com.apple.compilers.llvm.clang.1_0", "DTPlatformBuild"="25F70", "DTPlatformName"="macosx", "<…>
2026-09-09 19:34:26.841 Df PeachCommander[20367:106d9] [com.apple.processmanager:front-35286506] CHECKIN: pid=20367
2026-09-09 19:34:26.842 Df PeachCommander[20367:106d9] [com.apple.processmanager:front-35286506] CHECKEDIN: pid=20367 asn=0x0-0xff0ff foreground=1
2026-09-09 19:34:26.842 I  PeachCommander[20367:106d9] [com.apple.launchservices:cas] Setting processControlState to default PROC_SETPC_SUSPEND because application does not have LSProcessControlValue key
2026-09-09 19:34:26.842 Df PeachCommander[20367:106d9] [com.apple.xpc:connection] [0x986cc0280] activating connection: mach=false listener=true peer=false name=(anonymous)
2026-09-09 19:34:26.842 Df PeachCommander[20367:106d9] [com.apple.xpc:connection] [0x986cc0280] Connection returned listener port: 0x5403
2026-09-09 19:34:26.842 Df PeachCommander[20367:106e0] [com.apple.xpc:connection] [0x98708c300] activating connection: mach=false listener=false peer=true name=com.apple.xpc.anonymous.0x986cc0280.peer[131].0x98708c300
2026-09-09 19:34:26.843 Df PeachCommander[20367:106d9] [com.apple.processmanager:front-35286506] FRONTLOGGING: version 1
2026-09-09 19:34:26.843 Df PeachCommander[20367:106d9] [com.apple.processmanager:front-35286506] Registered, pid=20367 ASN=0x0,0xff0ff
2026-09-09 19:34:26.843 Df PeachCommander[20367:106d9] [com.apple.xpc:connection] [0x986cc03c0] activating connection: mach=true listener=false peer=false name=com.apple.analyticsd
2026-09-09 19:34:26.843 I  PeachCommander[20367:106d9] [com.apple.CoreAnalytics:client] Daemon status changed from 0 to 1
2026-09-09 19:34:26.843 I  PeachCommander[20367:106e0] [com.apple.CarbonCore:coreservicesdaemon] SCSession():SCSession( id=100, this=0x0x101de9830 option=65538) created, forUID=501 mach_port_t=0x5003.
2026-09-09 19:34:26.843 I  PeachCommander[20367:106e0] [com.apple.CarbonCore:coreservicesdaemon] SCSession():SCSession( id=101, this=0x0x101de9970 option=65538) created, forUID=501 mach_port_t=0x5103.
2026-09-09 19:34:26.843 I  PeachCommander[20367:106e0] [com.apple.CarbonCore:coreservicesdaemon] connectToCoreServicesD():Instantiating server (coreservicesd based) SCSession, port=0x5003 serverOptions=0x10002.
2026-09-09 19:34:26.843 I  PeachCommander[20367:106d9] [com.apple.hiservices:processmgr] _RegisterApplication( pid 20367 => 0x0,0xff0ff) type=foreground
2026-09-09 19:34:26.843 Df PeachCommander[20367:106d9] [com.apple.xpc:connection] [0x986cc0280] Connection returned listener port: 0x5403
2026-09-09 19:34:26.843 I  PeachCommander[20367:106d9] [com.apple.launchservices:cas] CFArrayRef _LSCopyLaunchModifiers(LSSessionID, LSASNRef _Nonnull), result for psn [ kLSCurrentApp ASN, 0x0,0x2]  is 1 items.
2026-09-09 19:34:26.844 Df PeachCommander[20367:106d9] [com.apple.processmanager:front-35286506] BringForward: pid=20367 asn=0x0-0xff0ff bringForward=1 foreground=1 uiElement=0 launchedByLS=1 modifiersCount=1 allDisabled=1
2026-09-09 19:34:26.844 Df PeachCommander[20367:106d9] [com.apple.processmanager:front-35286506] BringFrontModifier: pid=20367 asn=0x0-0xff0ff Modifier 0 hideAfter=0 hideOthers=0 dontMakeFrontmost=0 mouseDown=0/0 seed=0/0
2026-09-09 19:34:26.844 Df PeachCommander[20367:106d9] [com.apple.processmanager:front-35286506] BringForward: pid=20367 asn=0x0-0xff0ff
2026-09-09 19:34:26.844 Df PeachCommander[20367:106d9] [com.apple.processmanager:front-35286506] SetFrontProcess: asn=0x0-0xff0ff options=0
2026-09-09 19:34:26.844 I  PeachCommander[20367:106d9] [com.apple.SkyLight:processes] 0[outside of RPC]: SLPSetFrontProcess(0x0-0xff0ff window=0 options=0x0
2026-09-09 19:34:26.844 Df PeachCommander[20367:106e0] [com.apple.xpc:connection] [0x986cc0500] activating connection: mach=true listener=false peer=false name=com.apple.lsd.mapdb
2026-09-09 19:34:26.844 Df PeachCommander[20367:106df] [com.apple.CoreAnalytics:client] Received configuration update from daemon (initial)
2026-09-09 19:34:26.845 Df PeachCommander[20367:106d9] [com.apple.AppKit:Appearance] Current system appearance, (HLTB: 1), (SLS: 0)
2026-09-09 19:34:26.846 Df PeachCommander[20367:106d9] (libMobileGestalt.dylib) No persisted cache on this platform.
2026-09-09 19:34:26.846 I  PeachCommander[20367:106e4] [com.apple.launchservices:cas] information in shared memory for 0x0-0xff0ff with seed 533 was still valid, so using cached info { "ApplicationType"="Foreground", "BuildMachineOSBuild"="25E246", "BundleIdentifierLowerCase"="com.peachcommander.app", "CFBundleDevelopmentRegion"="en", "CFBundleDocumentTypes"=( { "CFBundleTypeName"="Peach Commander Plugin Package", "CFBundleTypeRole"="Viewer", "LSHandlerRank"="Owner", "LSItemContentTypes"=( "com.peachcommander.plugin-package") }), "CFBundleExecutable"="PeachCommander", "CFBundleExecutablePath"="/Users/admin/pc-test/PeachCommander.app/Contents/MacOS/PeachCommander", "CFBundleExecutablePathDeviceID"=16777229, "CFBundleExecutablePathINode"=487885, "CFBundleHelpBookFolder"="PeachCommander.help", "CFBundleHelpBookName"="Peach Commander Help", "CFBundleIconFile"="AppIcon", "CFBundleIconName"="AppIcon", "CFBundleIdentifier"="com.peachcommander.app", "CFBundleInfoDictionaryVersion"="6.0", "CFBundleName"="PeachCommander", "CFBundleNameLowerCase"="peachcommander", "CFBundleNumericVersion"=402685952, "CFBundlePackageType"="APPL", "CFBundleShortVersionString"="0.9.0", "CFBun<…>
2026-09-09 19:34:26.846 Df PeachCommander[20367:106d9] (libMobileGestalt.dylib) Could not get size of EAN data (IOConnectCallScalarMethod kAppleNVMeEANGetSize returned 0xE00002E2)
2026-09-09 19:34:26.846 Df PeachCommander[20367:106d9] (libMobileGestalt.dylib) Failed to copy 'aptk' from EAN
2026-09-09 19:34:26.846 Df PeachCommander[20367:106d9] (libMobileGestalt.dylib) Failed to copy APTicket properties. Falling back to default policy.
2026-09-09 19:34:26.846 Df PeachCommander[20367:106d9] (libMobileGestalt.dylib) Creating default MGSysConfigPolicy
2026-09-09 19:34:26.846 Df PeachCommander[20367:106d9] (libMobileGestalt.dylib) CFDictionaryRef copySyscfgDictionary(void) enumeration of <private> failed.
2026-09-09 19:34:26.846 Df PeachCommander[20367:106d9] (libMobileGestalt.dylib) Failed to find key <private>
2026-09-09 19:34:26.846 I  PeachCommander[20367:106e0] [com.apple.launchservices:db] LaunchServices database schema version: 20971544
2026-09-09 19:34:26.847 Df PeachCommander[20367:106d9] [com.apple.AppKit:Appearance] Current system appearance, (HLTB: 1), (SLS: 0)
2026-09-09 19:34:26.847 Df PeachCommander[20367:106d9] [com.apple.AppKit:Appearance] Post-registration system appearance: (HLTB: 1)
2026-09-09 19:34:26.848 I  PeachCommander[20367:106e0] [com.apple.launchservices:default] Unable to load Info.plist exceptions (eGPUOverrides)
2026-09-09 19:34:26.848 I  PeachCommander[20367:106e0] [com.apple.launchservices:default] Unable to load Info.plist exceptions (gameModeOverrides)
2026-09-09 19:34:26.848 I  PeachCommander[20367:106e0] [com.apple.launchservices:default] Unable to load Info.plist exceptions (identifiedGameOverrides)
2026-09-09 19:34:26.848 I  PeachCommander[20367:106e0] [com.apple.launchservices:default] Unable to load Info.plist exceptions (SystemHiddenPreferred)
2026-09-09 19:34:26.848 Df PeachCommander[20367:106d9] [com.apple.FrontBoard:Common] FBSWorkspace: endpoint monitoring is disabled.
2026-09-09 19:34:26.848 Df PeachCommander[20367:106d9] [com.apple.FrontBoard:Common] FBSWorkspace: default shell endpoint is disabled.
2026-09-09 19:34:26.848 Df PeachCommander[20367:106d9] [com.apple.runningboard:connection] Initializing connection
2026-09-09 19:34:26.848 Df PeachCommander[20367:106d9] [com.apple.runningboard:process] Removing all cached process handles
2026-09-09 19:34:26.848 Df PeachCommander[20367:106e0] [com.apple.runningboard:connection] Sending handshake request attempt #1 to server
2026-09-09 19:34:26.848 Df PeachCommander[20367:106e0] [com.apple.runningboard:connection] Creating connection to com.apple.runningboard
2026-09-09 19:34:26.848 Df PeachCommander[20367:106e0] [com.apple.xpc:connection] [0x986cc0640] activating connection: mach=true listener=false peer=false name=com.apple.runningboard
2026-09-09 19:34:26.849 A  PeachCommander[20367:106df] (RunningBoardServices) didChangeInheritances
2026-09-09 19:34:26.849 Df PeachCommander[20367:106e0] [com.apple.runningboard:connection] Handshake succeeded
2026-09-09 19:34:26.849 Df PeachCommander[20367:106e0] [com.apple.runningboard:connection] Identity resolved as app<application.com.peachcommander.app.486897.487885(501)>
2026-09-09 19:34:26.849 Df PeachCommander[20367:106d9] [com.apple.xpc:connection] [0x986cc0280] Connection returned listener port: 0x5403
2026-09-09 19:34:26.849 I  PeachCommander[20367:106d9] [com.apple.launchservices:cas] information in shared memory for 0x0-0xff0ff with seed 533 was still valid, so using cached info { "ApplicationType"="Foreground", "BuildMachineOSBuild"="25E246", "BundleIdentifierLowerCase"="com.peachcommander.app", "CFBundleDevelopmentRegion"="en", "CFBundleDocumentTypes"=( { "CFBundleTypeName"="Peach Commander Plugin Package", "CFBundleTypeRole"="Viewer", "LSHandlerRank"="Owner", "LSItemContentTypes"=( "com.peachcommander.plugin-package") }), "CFBundleExecutable"="PeachCommander", "CFBundleExecutablePath"="/Users/admin/pc-test/PeachCommander.app/Contents/MacOS/PeachCommander", "CFBundleExecutablePathDeviceID"=16777229, "CFBundleExecutablePathINode"=487885, "CFBundleHelpBookFolder"="PeachCommander.help", "CFBundleHelpBookName"="Peach Commander Help", "CFBundleIconFile"="AppIcon", "CFBundleIconName"="AppIcon", "CFBundleIdentifier"="com.peachcommander.app", "CFBundleInfoDictionaryVersion"="6.0", "CFBundleName"="PeachCommander", "CFBundleNameLowerCase"="peachcommander", "CFBundleNumericVersion"=402685952, "CFBundlePackageType"="APPL", "CFBundleShortVersionString"="0.9.0", "CFBun<…>
2026-09-09 19:34:26.852 Df PeachCommander[20367:106d9] [com.apple.xpc:connection] [0x986cc0280] Connection returned listener port: 0x5403
2026-09-09 19:34:26.852 A  PeachCommander[20367:106e0] (AppIntents) appintents:register process
2026-09-09 19:34:26.853 Df PeachCommander[20367:106e0] [com.apple.appintents:Connection] Created a new Process Instance Registry XPC connection (inactive)
2026-09-09 19:34:26.853 Df PeachCommander[20367:106e0] [com.apple.xpc:connection] [0x986cc0780] activating connection: mach=true listener=false peer=false name=com.apple.linkd.autoShortcut
2026-09-09 19:34:26.853 Df PeachCommander[20367:106e0] [com.apple.appintents:Connection] Activated connection to linkd (ApplicationService)
2026-09-09 19:34:26.853 Df PeachCommander[20367:106e0] [com.apple.xpc:connection] [0x986cc0a00] activating connection: mach=false listener=true peer=false name=(anonymous)
2026-09-09 19:34:26.853 I  PeachCommander[20367:106d9] [com.apple.launchservices:cas] information in shared memory for 0x0-0xff0ff with seed 533 was still valid, so using cached info { "ApplicationType"="Foreground", "BuildMachineOSBuild"="25E246", "BundleIdentifierLowerCase"="com.peachcommander.app", "CFBundleDevelopmentRegion"="en", "CFBundleDocumentTypes"=( { "CFBundleTypeName"="Peach Commander Plugin Package", "CFBundleTypeRole"="Viewer", "LSHandlerRank"="Owner", "LSItemContentTypes"=( "com.peachcommander.plugin-package") }), "CFBundleExecutable"="PeachCommander", "CFBundleExecutablePath"="/Users/admin/pc-test/PeachCommander.app/Contents/MacOS/PeachCommander", "CFBundleExecutablePathDeviceID"=16777229, "CFBundleExecutablePathINode"=487885, "CFBundleHelpBookFolder"="PeachCommander.help", "CFBundleHelpBookName"="Peach Commander Help", "CFBundleIconFile"="AppIcon", "CFBundleIconName"="AppIcon", "CFBundleIdentifier"="com.peachcommander.app", "CFBundleInfoDictionaryVersion"="6.0", "CFBundleName"="PeachCommander", "CFBundleNameLowerCase"="peachcommander", "CFBundleNumericVersion"=402685952, "CFBundlePackageType"="APPL", "CFBundleShortVersionString"="0.9.0", "CFBun<…>
2026-09-09 19:34:26.853 I  PeachCommander[20367:106d9] [com.apple.hiservices:processmgr] TransformProcessType(0x0,0x2 => 1 wasFront=1 pickNew=0)
2026-09-09 19:34:26.853 I  PeachCommander[20367:106d9] [com.apple.CoreAnalytics:client] Dropping "com.apple.appkit.app_config" as it isn't used in any transform (not in the config or budgeted?)
2026-09-09 19:34:26.853 Df PeachCommander[20367:106d9] [com.apple.dt.xctest:Default] Registering for test daemon availability notify post.
2026-09-09 19:34:26.854 Df PeachCommander[20367:106d9] [com.apple.dt.xctest:Default] notify_get_state check indicated test daemon not ready.
2026-09-09 19:34:26.854 Df PeachCommander[20367:106d9] [com.apple.dt.xctest:Default] notify_get_state check indicated test daemon not ready.
2026-09-09 19:34:26.854 Df PeachCommander[20367:106d9] [com.apple.dt.xctest:Default] notify_get_state check indicated test daemon not ready.
2026-09-09 19:34:26.854 I  PeachCommander[20367:106e0] [com.apple.appintents:Execution] LNAppConnectionListener instantiated
2026-09-09 19:34:26.854 Df PeachCommander[20367:106e0] [com.apple.xpc:connection] [0x986cc0a00] Connection returned listener port: 0x6903
2026-09-09 19:34:26.854 Df PeachCommander[20367:106e4] [com.apple.xpc:connection] [0x986cc0780] Re-initialization successful; calling out to event handler with XPC_ERROR_CONNECTION_INTERRUPTED
2026-09-09 19:34:26.854 Df PeachCommander[20367:106e4] [com.apple.appintents:Connection] Process Instance Registry XPC connection has been interrupted
2026-09-09 19:34:26.854 E  PeachCommander[20367:106e0] [com.apple.appintents:Connection] Unable to get synchronousRemoteObjectProxy, error: Error Domain=NSCocoaErrorDomain Code=4097 "connection to service named com.apple.linkd.autoShortcut" UserInfo={NSDebugDescription=connection to service named com.apple.linkd.autoShortcut}
2026-09-09 19:34:26.854 E  PeachCommander[20367:106e0] [com.apple.AppKit:Application] Error registering app with intents framework: Error Domain=NSCocoaErrorDomain Code=4097 UserInfo={NSDebugDescription=<private>}
2026-09-09 19:34:26.855 Df PeachCommander[20367:106e4] [com.apple.appintents:Connection] Created a new Process Instance Registry XPC connection (inactive)
2026-09-09 19:34:26.855 A  PeachCommander[20367:106e4] (AppIntents) appintents:register process
2026-09-09 19:34:26.855 Df PeachCommander[20367:106e4] [com.apple.appintents:Connection] Created a new Process Instance Registry XPC connection (inactive)
2026-09-09 19:34:26.855 Df PeachCommander[20367:106e4] [com.apple.xpc:connection] [0x986cc1040] activating connection: mach=true listener=false peer=false name=com.apple.linkd.autoShortcut
2026-09-09 19:34:26.855 Df PeachCommander[20367:106e4] [com.apple.appintents:Connection] Activated connection to linkd (ApplicationService)
2026-09-09 19:34:26.855 Df PeachCommander[20367:106e4] [com.apple.xpc:connection] [0x986cc0a00] Connection returned listener port: 0x6903
2026-09-09 19:34:26.857 Df PeachCommander[20367:106e0] [com.apple.xpc:connection] [0x986cc1040] Re-initialization successful; calling out to event handler with XPC_ERROR_CONNECTION_INTERRUPTED
2026-09-09 19:34:26.857 Df PeachCommander[20367:106e0] [com.apple.appintents:Connection] Process Instance Registry XPC connection has been interrupted
2026-09-09 19:34:26.858 E  PeachCommander[20367:106e4] [com.apple.appintents:Connection] Unable to get synchronousRemoteObjectProxy, error: Error Domain=NSCocoaErrorDomain Code=4097 "connection to service named com.apple.linkd.autoShortcut" UserInfo={NSDebugDescription=connection to service named com.apple.linkd.autoShortcut}
2026-09-09 19:34:26.858 E  PeachCommander[20367:106e4] [com.apple.appintents:Connection] Unable to re-register with Process Instance Registry, error: Error Domain=NSCocoaErrorDomain Code=4097 "connection to service named com.apple.linkd.autoShortcut" UserInfo={NSDebugDescription=connection to service named com.apple.linkd.autoShortcut}
2026-09-09 19:34:26.858 Df PeachCommander[20367:106e0] [com.apple.appintents:Connection] Created a new Process Instance Registry XPC connection (inactive)
2026-09-09 19:34:26.858 A  PeachCommander[20367:106e0] (AppIntents) appintents:register process
2026-09-09 19:34:26.858 Df PeachCommander[20367:106e0] [com.apple.appintents:Connection] Created a new Process Instance Registry XPC connection (inactive)
2026-09-09 19:34:26.858 Df PeachCommander[20367:106e0] [com.apple.xpc:connection] [0x986cc12c0] activating connection: mach=true listener=false peer=false name=com.apple.linkd.autoShortcut
2026-09-09 19:34:26.858 Df PeachCommander[20367:106e0] [com.apple.appintents:Connection] Activated connection to linkd (ApplicationService)
2026-09-09 19:34:26.858 Df PeachCommander[20367:106e0] [com.apple.xpc:connection] [0x986cc0a00] Connection returned listener port: 0x6903
2026-09-09 19:34:26.858 A  PeachCommander[20367:106d9] (CoreFoundation) Loading Preferences From System CFPrefsD
2026-09-09 19:34:26.859 Df PeachCommander[20367:106e4] [com.apple.xpc:connection] [0x986cc12c0] Re-initialization successful; calling out to event handler with XPC_ERROR_CONNECTION_INTERRUPTED
2026-09-09 19:34:26.859 Df PeachCommander[20367:106e4] [com.apple.appintents:Connection] Process Instance Registry XPC connection has been interrupted
2026-09-09 19:34:26.859 E  PeachCommander[20367:106e0] [com.apple.appintents:Connection] Unable to get synchronousRemoteObjectProxy, error: Error Domain=NSCocoaErrorDomain Code=4097 "connection to service named com.apple.linkd.autoShortcut" UserInfo={NSDebugDescription=connection to service named com.apple.linkd.autoShortcut}
2026-09-09 19:34:26.859 E  PeachCommander[20367:106e0] [com.apple.appintents:Connection] Unable to re-register with Process Instance Registry, error: Error Domain=NSCocoaErrorDomain Code=4097 "connection to service named com.apple.linkd.autoShortcut" UserInfo={NSDebugDescription=connection to service named com.apple.linkd.autoShortcut}
2026-09-09 19:34:26.859 Df PeachCommander[20367:106e4] [com.apple.appintents:Connection] Created a new Process Instance Registry XPC connection (inactive)
2026-09-09 19:34:26.859 A  PeachCommander[20367:106e4] (AppIntents) appintents:register process
2026-09-09 19:34:26.859 Df PeachCommander[20367:106e4] [com.apple.appintents:Connection] Created a new Process Instance Registry XPC connection (inactive)
2026-09-09 19:34:26.859 Df PeachCommander[20367:106e4] [com.apple.xpc:connection] [0x986cc1540] activating connection: mach=true listener=false peer=false name=com.apple.linkd.autoShortcut
2026-09-09 19:34:26.859 Df PeachCommander[20367:106e4] [com.apple.appintents:Connection] Activated connection to linkd (ApplicationService)
2026-09-09 19:34:26.859 Df PeachCommander[20367:106e4] [com.apple.xpc:connection] [0x986cc0a00] Connection returned listener port: 0x6903
2026-09-09 19:34:26.859 Df PeachCommander[20367:106d9] (libMobileGestalt.dylib) couldn't load support library
2026-09-09 19:34:26.859 Df PeachCommander[20367:106d9] (libMobileGestalt.dylib) called dummy function!
2026-09-09 19:34:26.859 Df PeachCommander[20367:106e0] [com.apple.xpc:connection] [0x986cc1540] Re-initialization successful; calling out to event handler with XPC_ERROR_CONNECTION_INTERRUPTED
2026-09-09 19:34:26.859 Df PeachCommander[20367:106e0] [com.apple.appintents:Connection] Process Instance Registry XPC connection has been interrupted
2026-09-09 19:34:26.859 E  PeachCommander[20367:106e0] [com.apple.appintents:Connection] Will NOT re-try to establish the connection
2026-09-09 19:34:26.859 E  PeachCommander[20367:106e4] [com.apple.appintents:Connection] Unable to get synchronousRemoteObjectProxy, error: Error Domain=NSCocoaErrorDomain Code=4097 "connection to service named com.apple.linkd.autoShortcut" UserInfo={NSDebugDescription=connection to service named com.apple.linkd.autoShortcut}
2026-09-09 19:34:26.859 E  PeachCommander[20367:106e4] [com.apple.appintents:Connection] Unable to re-register with Process Instance Registry, error: Error Domain=NSCocoaErrorDomain Code=4097 "connection to service named com.apple.linkd.autoShortcut" UserInfo={NSDebugDescription=connection to service named com.apple.linkd.autoShortcut}
2026-09-09 19:34:26.859 I  PeachCommander[20367:106d9] [com.apple.GenerativeModels:availability] Current availability state: unavailable, use cases: com.apple.WritingTools, language: <any>, api: <private>
2026-09-09 19:34:26.859 Df PeachCommander[20367:106d9] [com.apple.GenerativeModels:availability] registering darwin observer for name: com.apple.gms.availability.notification
2026-09-09 19:34:26.859 Df PeachCommander[20367:106d9] [com.apple.GenerativeModels:availability] registering darwin observer for name: com.apple.os-eligibility-domain.change.greymatter
2026-09-09 19:34:26.859 Df PeachCommander[20367:106d9] [com.apple.GenerativeModels:availability] registering darwin observer for name: com.apple.language.changed
2026-09-09 19:34:26.859 Df PeachCommander[20367:106d9] [com.apple.WritingTools:Default] isAvailable value changed: isMDMAllowed = true, gmAvailable (current) = false
2026-09-09 19:34:26.861 I  PeachCommander[20367:106d9] [com.apple.CoreAnalytics:client] Dropping "com.apple.appkit.app_config" as it isn't used in any transform (not in the config or budgeted?)
2026-09-09 19:34:26.864 Df PeachCommander[20367:106d9] [com.apple.AppKit:Appearance] NSApp cache appearance:
-NSRequiresAquaSystemAppearance: 0
-appearance: (null)
-effectiveAppearance: <NSCompositeAppearance: 0x987034780
 (
    "<NSAquaAppearance: 0x987034460>",
    "<NSSystemAppearance: 0x9870346e0>"
)>
2026-09-09 19:34:26.866 A  PeachCommander[20367:106d9] (CoreFoundation) Loading Preferences From User CFPrefsD
2026-09-09 19:34:26.866 A  PeachCommander[20367:106d9] (CoreFoundation) Loading Preferences From User CFPrefsD
2026-09-09 19:34:26.869 A  PeachCommander[20367:106e0] (libsystem_info.dylib) Membership API: translate identifier
2026-09-09 19:34:26.872 I  PeachCommander[20367:106d9] [com.apple.CoreAnalytics:client] Dropping "com.apple.appkit.app_config" as it isn't used in any transform (not in the config or budgeted?)
2026-09-09 19:34:26.872 I  PeachCommander[20367:106d9] [com.apple.CoreAnalytics:client] Dropping "com.apple.appkit.app_config" as it isn't used in any transform (not in the config or budgeted?)
2026-09-09 19:34:26.873 Df PeachCommander[20367:106e4] [com.apple.xpc:connection] [0x986cc1a40] activating connection: mach=true listener=false peer=false name=com.apple.dock.fullscreen
2026-09-09 19:34:26.875 Df PeachCommander[20367:106d9] [com.apple.xpc:connection] [0x986cc1b80] activating connection: mach=true listener=false peer=false name=com.apple.fonts
2026-09-09 19:34:26.877 I  PeachCommander[20367:106d9] [com.apple.launchservices:cas] information in shared memory for 0x0-0xff0ff with seed 533 was still valid, so using cached info { "ApplicationType"="Foreground", "BuildMachineOSBuild"="25E246", "BundleIdentifierLowerCase"="com.peachcommander.app", "CFBundleDevelopmentRegion"="en", "CFBundleDocumentTypes"=( { "CFBundleTypeName"="Peach Commander Plugin Package", "CFBundleTypeRole"="Viewer", "LSHandlerRank"="Owner", "LSItemContentTypes"=( "com.peachcommander.plugin-package") }), "CFBundleExecutable"="PeachCommander", "CFBundleExecutablePath"="/Users/admin/pc-test/PeachCommander.app/Contents/MacOS/PeachCommander", "CFBundleExecutablePathDeviceID"=16777229, "CFBundleExecutablePathINode"=487885, "CFBundleHelpBookFolder"="PeachCommander.help", "CFBundleHelpBookName"="Peach Commander Help", "CFBundleIconFile"="AppIcon", "CFBundleIconName"="AppIcon", "CFBundleIdentifier"="com.peachcommander.app", "CFBundleInfoDictionaryVersion"="6.0", "CFBundleName"="PeachCommander", "CFBundleNameLowerCase"="peachcommander", "CFBundleNumericVersion"=402685952, "CFBundlePackageType"="APPL", "CFBundleShortVersionString"="0.9.0", "CFBun<…>
2026-09-09 19:34:26.878 I  PeachCommander[20367:106d9] [com.apple.CoreAnalytics:client] Dropping "com.apple.appkit.app_config" as it isn't used in any transform (not in the config or budgeted?)
2026-09-09 19:34:26.878 Df PeachCommander[20367:106d9] [com.apple.AppKit:AutomaticTermination] -[NSApplication(NSAppssassination) _checkForAutomaticTerminationSupportPossiblyEnablingIt]_block_invoke Enabling automatic termination support.
2026-09-09 19:34:26.878 Df PeachCommander[20367:106d9] [com.apple.xpc:connection] [0x986cc0b40] activating connection: mach=true listener=false peer=false name=com.apple.appkit.restoration_storage
2026-09-09 19:34:26.878 I  PeachCommander[20367:106d9] [com.apple.launchservices:cas] information in shared memory for 0x0-0xff0ff with seed 533 was still valid, so using cached info { "ApplicationType"="Foreground", "BuildMachineOSBuild"="25E246", "BundleIdentifierLowerCase"="com.peachcommander.app", "CFBundleDevelopmentRegion"="en", "CFBundleDocumentTypes"=( { "CFBundleTypeName"="Peach Commander Plugin Package", "CFBundleTypeRole"="Viewer", "LSHandlerRank"="Owner", "LSItemContentTypes"=( "com.peachcommander.plugin-package") }), "CFBundleExecutable"="PeachCommander", "CFBundleExecutablePath"="/Users/admin/pc-test/PeachCommander.app/Contents/MacOS/PeachCommander", "CFBundleExecutablePathDeviceID"=16777229, "CFBundleExecutablePathINode"=487885, "CFBundleHelpBookFolder"="PeachCommander.help", "CFBundleHelpBookName"="Peach Commander Help", "CFBundleIconFile"="AppIcon", "CFBundleIconName"="AppIcon", "CFBundleIdentifier"="com.peachcommander.app", "CFBundleInfoDictionaryVersion"="6.0", "CFBundleName"="PeachCommander", "CFBundleNameLowerCase"="peachcommander", "CFBundleNumericVersion"=402685952, "CFBundlePackageType"="APPL", "CFBundleShortVersionString"="0.9.0", "CFBun<…>
2026-09-09 19:34:26.878 Df PeachCommander[20367:106d9] [com.apple.xpc:connection] [0x986cc0c80] activating connection: mach=true listener=false peer=false name=com.apple.coreservices.appleevents
2026-09-09 19:34:26.878 I  PeachCommander[20367:106d9] [com.apple.appleevents:main] _AEGetRegisteredMachPort() created default port (port:44291/0xad03 rcv:1 send:1 limit:5) and registered it with server
2026-09-09 19:34:26.878 Df PeachCommander[20367:106d9] [com.apple.xpc:connection] [0x986cc0280] Connection returned listener port: 0x5403
2026-09-09 19:34:26.878 I  PeachCommander[20367:106d9] [com.apple.launchservices:cas] information in shared memory for 0x0-0xff0ff with seed 533 was still valid, so using cached info { "ApplicationType"="Foreground", "BuildMachineOSBuild"="25E246", "BundleIdentifierLowerCase"="com.peachcommander.app", "CFBundleDevelopmentRegion"="en", "CFBundleDocumentTypes"=( { "CFBundleTypeName"="Peach Commander Plugin Package", "CFBundleTypeRole"="Viewer", "LSHandlerRank"="Owner", "LSItemContentTypes"=( "com.peachcommander.plugin-package") }), "CFBundleExecutable"="PeachCommander", "CFBundleExecutablePath"="/Users/admin/pc-test/PeachCommander.app/Contents/MacOS/PeachCommander", "CFBundleExecutablePathDeviceID"=16777229, "CFBundleExecutablePathINode"=487885, "CFBundleHelpBookFolder"="PeachCommander.help", "CFBundleHelpBookName"="Peach Commander Help", "CFBundleIconFile"="AppIcon", "CFBundleIconName"="AppIcon", "CFBundleIdentifier"="com.peachcommander.app", "CFBundleInfoDictionaryVersion"="6.0", "CFBundleName"="PeachCommander", "CFBundleNameLowerCase"="peachcommander", "CFBundleNumericVersion"=402685952, "CFBundlePackageType"="APPL", "CFBundleShortVersionString"="0.9.0", "CFBun<…>
2026-09-09 19:34:26.878 Df PeachCommander[20367:106d9] [com.apple.processmanager:front-35286506] SignalReady: pid=20367 asn=0x0-0xff0ff
2026-09-09 19:34:26.879 Df PeachCommander[20367:106d9] [com.apple.processmanager:front-35286506] SIGNAL: pid=20367 asn=0x0x-0xff0ff
2026-09-09 19:34:26.879 I  PeachCommander[20367:106d9] [com.apple.appleevents:main] aeGenerateFakeFirstOAPPEventIfNecessary()
2026-09-09 19:34:26.879 I  PeachCommander[20367:106d9] [com.apple.appleevents:main] aeGenerateFakeFirstOAPPEventIfNecessary(), needToCreateFakeOAPPEventIfFirstEvent == true
2026-09-09 19:34:26.879 I  PeachCommander[20367:106d9] [com.apple.launchservices:cas] Removing cached information for app [ 0x0-0xff0ff]  "PeachCommander", as its seed is different from that in shared memory ( 533 vs 535)
2026-09-09 19:34:26.879 I  PeachCommander[20367:106d9] [com.apple.CFPasteboard:entry] CopyData('DefaultAsciiKeyboardLayoutPasteboard' (<CFUUID 0x9871d4940> 482E20A8-13CA-4693-B3C9-2C3BF9E98B83) gen: -1 item: 1264739405 flavor: 'DefaultAsciiKeyboardLayoutFlavor')
2026-09-09 19:34:26.879 I  PeachCommander[20367:106d9] [com.apple.CFPasteboard:cache] Rebuilding cache for 'DefaultAsciiKeyboardLayoutPasteboard' (<CFUUID 0x9871d4940> 482E20A8-13CA-4693-B3C9-2C3BF9E98B83)
2026-09-09 19:34:26.879 I  PeachCommander[20367:106d9] [com.apple.CFPasteboard:exit] (not-in-cache) - result: -8 generation: 0 null data flags: 0
2026-09-09 19:34:26.879 A  PeachCommander[20367:106d9] (CoreFoundation) Loading Preferences From User CFPrefsD
2026-09-09 19:34:26.880 A  PeachCommander[20367:106d9] (CoreFoundation) Loading Preferences From System CFPrefsD
2026-09-09 19:34:26.880 I  PeachCommander[20367:106d9] [com.apple.CFPasteboard:entry] CopyData('AppleIntlFileCacheModificationDatePasteboard' (<CFUUID 0x9871d5300> 91ED113B-7637-43FD-B45C-39E52F2335BD) gen: -1 item: 1 flavor: '-32766 1768845414')
2026-09-09 19:34:26.880 I  PeachCommander[20367:106d9] [com.apple.CFPasteboard:cache] Rebuilding cache for 'AppleIntlFileCacheModificationDatePasteboard' (<CFUUID 0x9871d5300> 91ED113B-7637-43FD-B45C-39E52F2335BD)
2026-09-09 19:34:26.880 I  PeachCommander[20367:106d9] [com.apple.CFPasteboard:general] Will request data from daemon
2026-09-09 19:34:26.880 I  PeachCommander[20367:106d9] [com.apple.CFPasteboard:exit] (not-in-cache) - result: 0 generation: 1 data (310 bytes) flags: 0
2026-09-09 19:34:26.880 I  PeachCommander[20367:106d9] [com.apple.CFPasteboard:entry] CopyData('AppleIntlFileCacheModificationDatePasteboard' (<CFUUID 0x9871d5300> 91ED113B-7637-43FD-B45C-39E52F2335BD) gen: -1 item: 1 flavor: '-32765 1802264953')
2026-09-09 19:34:26.880 I  PeachCommander[20367:106d9] [com.apple.CFPasteboard:general] Will request data from daemon
2026-09-09 19:34:26.880 I  PeachCommander[20367:106d9] [com.apple.CFPasteboard:exit] (not-in-cache) - result: 0 generation: 1 data (306 bytes) flags: 0
2026-09-09 19:34:26.880 I  PeachCommander[20367:106d9] [com.apple.CFPasteboard:entry] CopyData('AppleIntlFileCacheModificationDatePasteboard' (<CFUUID 0x9871d5300> 91ED113B-7637-43FD-B45C-39E52F2335BD) gen: -1 item: 1 flavor: '-32764 1802264953')
2026-09-09 19:34:26.880 I  PeachCommander[20367:106d9] [com.apple.CFPasteboard:general] Will request data from daemon
2026-09-09 19:34:26.880 I  PeachCommander[20367:106d9] [com.apple.CFPasteboard:exit] (not-in-cache) - result: 0 generation: 1 data (281 bytes) flags: 0
2026-09-09 19:34:26.880 I  PeachCommander[20367:106d9] [com.apple.CFPasteboard:entry] CopyData('AppleIntlFileCacheModificationDatePasteboard' (<CFUUID 0x9871d5300> 91ED113B-7637-43FD-B45C-39E52F2335BD) gen: -1 item: 1 flavor: '-32763 1802264953')
2026-09-09 19:34:26.880 I  PeachCommander[20367:106d9] [com.apple.CFPasteboard:general] Will request data from daemon
2026-09-09 19:34:26.881 I  PeachCommander[20367:106d9] [com.apple.CFPasteboard:exit] (not-in-cache) - result: 0 generation: 1 data (318 bytes) flags: 0
2026-09-09 19:34:26.881 I  PeachCommander[20367:106d9] [com.apple.CFPasteboard:entry] CopyData('AppleIntlFileCacheModificationDatePasteboard' (<CFUUID 0x9871d5300> 91ED113B-7637-43FD-B45C-39E52F2335BD) gen: -1 item: 1 flavor: '-32765 1768845414')
2026-09-09 19:34:26.881 I  PeachCommander[20367:106d9] [com.apple.CFPasteboard:general] Will request data from daemon
2026-09-09 19:34:26.881 I  PeachCommander[20367:106d9] [com.apple.CFPasteboard:exit] (not-in-cache) - result: 0 generation: 1 data (303 bytes) flags: 0
2026-09-09 19:34:26.881 I  PeachCommander[20367:106d9] [com.apple.CFPasteboard:entry] CopyData('AppleIntlFileCacheModificationDatePasteboard' (<CFUUID 0x9871d5300> 91ED113B-7637-43FD-B45C-39E52F2335BD) gen: -1 item: 1 flavor: '-32763 1768845414')
2026-09-09 19:34:26.881 I  PeachCommander[20367:106d9] [com.apple.CFPasteboard:general] Will request data from daemon
2026-09-09 19:34:26.881 I  PeachCommander[20367:106d9] [com.apple.CFPasteboard:exit] (not-in-cache) - result: 0 generation: 1 data (315 bytes) flags: 0
2026-09-09 19:34:26.882 I  PeachCommander[20367:106d9] [com.apple.launchservices:cas] information in shared memory for 0x0-0xff0ff with seed 535 was still valid, so using cached info { "ApplicationType"="Foreground", "BuildMachineOSBuild"="25E246", "BundleIdentifierLowerCase"="com.peachcommander.app", "CFBundleDevelopmentRegion"="en", "CFBundleDocumentTypes"=( { "CFBundleTypeName"="Peach Commander Plugin Package", "CFBundleTypeRole"="Viewer", "LSHandlerRank"="Owner", "LSItemContentTypes"=( "com.peachcommander.plugin-package") }), "CFBundleExecutable"="PeachCommander", "CFBundleExecutablePath"="/Users/admin/pc-test/PeachCommander.app/Contents/MacOS/PeachCommander", "CFBundleExecutablePathDeviceID"=16777229, "CFBundleExecutablePathINode"=487885, "CFBundleHelpBookFolder"="PeachCommander.help", "CFBundleHelpBookName"="Peach Commander Help", "CFBundleIconFile"="AppIcon", "CFBundleIconName"="AppIcon", "CFBundleIdentifier"="com.peachcommander.app", "CFBundleInfoDictionaryVersion"="6.0", "CFBundleName"="PeachCommander", "CFBundleNameLowerCase"="peachcommander", "CFBundleNumericVersion"=402685952, "CFBundlePackageType"="APPL", "CFBundleShortVersionString"="0.9.0", "CFBun<…>
2026-09-09 19:34:26.882 Df PeachCommander[20367:106d9] [com.apple.xpc:connection] [0x986cc1e00] activating connection: mach=false listener=false peer=false name=com.apple.ViewBridgeAuxiliary
2026-09-09 19:34:26.888 Df PeachCommander[20367:106d9] [com.apple.xpc:connection] [0x986cc1cc0] activating connection: mach=false listener=false peer=false name=(anonymous)
2026-09-09 19:34:26.888 Df PeachCommander[20367:106d9] [com.apple.xpc:connection] [0x986cc1f40] activating connection: mach=false listener=true peer=false name=(anonymous)
2026-09-09 19:34:26.888 Df PeachCommander[20367:106d9] [com.apple.xpc:connection] [0x986cc1f40] Connection returned listener port: 0xb503
2026-09-09 19:34:26.888 Df PeachCommander[20367:106d9] [com.apple.xpc:connection] [0x986cc1e00] invalidated after the last release of the connection object
2026-09-09 19:34:26.889 I  PeachCommander[20367:106d9] [com.apple.showhide:pr-59900543] SHOWHIDE: SHOW id=440 0x0-0xFF0FF, err=0 eventTime=1370508535375 windowID=0
2026-09-09 19:34:26.889 I  PeachCommander[20367:106d9] [com.apple.CarbonCore:coreservicesdaemon] findOrCreateCacheable():findOrCreateCacheable(), factoryName=3 cacheableName=<private> fCacheables.size()=0
2026-09-09 19:34:26.889 I  PeachCommander[20367:106d9] [com.apple.CarbonCore:coreservicesdaemon] findOrCreateCacheable():findOrCreateCacheable(), result = 0x986f16180 (should be non-NULL)
2026-09-09 19:34:26.889 Df PeachCommander[20367:106d9] [com.apple.AppKit:AutomaticTermination] void _NSDisableAutomaticTerminationAndLog(NSString *) Restoring windows
2026-09-09 19:34:26.889 Df PeachCommander[20367:106d9] [com.apple.AppKit:StateRestoration] -[NSApplication _reopenWindowsAsNecessaryIncludingRestorableState:withFullFidelity:completionHandler:] shouldRestoreState=1 hasPersistentStateToRestore=0 shouldStillRestoreStateAfterPrompting=0
2026-09-09 19:34:26.889 Df PeachCommander[20367:106d9] [com.apple.xpc:connection] [0x986cc1e00] activating connection: mach=true listener=false peer=false name=com.apple.window_proxies
2026-09-09 19:34:26.889 Df PeachCommander[20367:106d9] [com.apple.xpc:connection] [0x986cc1e00] invalidated because the current process cancelled the connection by calling xpc_connection_cancel()
2026-09-09 19:34:26.889 I  PeachCommander[20367:106d9] [com.apple.SkyLight:processes] 0[outside of RPC]: SLSSetFrontProcessWithInfo(0x0-0x2 window=0 options=0x1
2026-09-09 19:34:26.890 I  PeachCommander[20367:106d9] [com.apple.CoreAnalytics:client] Dropping "com.apple.appkit.app_config" as it isn't used in any transform (not in the config or budgeted?)
2026-09-09 19:34:26.890 Df PeachCommander[20367:106d9] [com.apple.AppKit:AutomaticTermination] void _NSEnableAutomaticTerminationAndLog(NSString *) Restoring windows
2026-09-09 19:34:26.892 I  PeachCommander[20367:106d9] [com.apple.CoreAnalytics:client] Dropping "com.apple.appkit.app_config" as it isn't used in any transform (not in the config or budgeted?)
2026-09-09 19:34:26.893 I  PeachCommander[20367:106d9] [com.apple.CoreAnalytics:client] Dropping "com.apple.appkit.app_config" as it isn't used in any transform (not in the config or budgeted?)
2026-09-09 19:34:26.902 A  PeachCommander[20367:106d9] (CoreFoundation) Loading Preferences From User CFPrefsD
2026-09-09 19:34:26.909 I  PeachCommander[20367:106d9] [com.peachcommander:PCFoundation] VolumeManager initialized
2026-09-09 19:34:26.920 A  PeachCommander[20367:106e0] (RunningBoardServices) didChangeInheritances
2026-09-09 19:34:26.927 Df PeachCommander[20367:106d9] [com.apple.BoardServices:XPCErrors] [C:1] Alloc <private>
2026-09-09 19:34:26.927 Df PeachCommander[20367:106d9] [com.apple.xpc:connection] [0x986fe9180] activating connection: mach=false listener=false peer=false name=(anonymous)
2026-09-09 19:34:26.928 I  PeachCommander[20367:106d9] [com.apple.AppKit:Window] context (0 -> d57f6582) for window 41d
2026-09-09 19:34:26.929 Df PeachCommander[20367:106e4] [com.apple.corespotlight:index] (<private>) deleteSearchableItemsWithDomainIdentifiers, protectionClass:(null), domainIdentifiers number:1
2026-09-09 19:34:26.929 A  PeachCommander[20367:106e4] (CoreSpotlight) delete-domains
2026-09-09 19:34:26.929 Df PeachCommander[20367:106e4] [com.apple.corespotlight:index] CSInlineDonation:<private>: Skipping donation (feature flag disabled)
2026-09-09 19:34:26.929 Df PeachCommander[20367:106e4] (CoreSpotlight) sConnectionName: com.apple.spotlight.IndexAgent
2026-09-09 19:34:26.929 Df PeachCommander[20367:106e4] (CoreSpotlight) Start service name com.apple.spotlight.IndexAgent
2026-09-09 19:34:26.929 Df PeachCommander[20367:106e4] [com.apple.xpc:connection] [0x986fe9400] activating connection: mach=true listener=false peer=false name=com.apple.spotlight.IndexAgent
2026-09-09 19:34:26.929 I  PeachCommander[20367:106d9] [com.peachcommander:PCFoundation] MainWindowController initialized (config: <private>)
2026-09-09 19:34:26.929 I  PeachCommander[20367:106d9] [com.peachcommander:PCFoundation] SelectionState initialized
2026-09-09 19:34:26.929 I  PeachCommander[20367:106d9] [com.peachcommander:PCFoundation] DirectoryModel initialized
2026-09-09 19:34:26.929 I  PeachCommander[20367:106d9] [com.peachcommander:PCFoundation] VolumeManager initialized
2026-09-09 19:34:26.929 I  PeachCommander[20367:106d9] [com.peachcommander:PCFoundation] PanelController initialized for <private> panel
2026-09-09 19:34:26.930 I  PeachCommander[20367:106d9] [com.peachcommander:PCFoundation] SelectionState initialized
2026-09-09 19:34:26.930 I  PeachCommander[20367:106d9] [com.peachcommander:PCFoundation] DirectoryModel initialized
2026-09-09 19:34:26.930 I  PeachCommander[20367:106d9] [com.peachcommander:PCFoundation] VolumeManager initialized
2026-09-09 19:34:26.930 I  PeachCommander[20367:106d9] [com.peachcommander:PCFoundation] PanelController initialized for <private> panel
2026-09-09 19:34:26.933 I  PeachCommander[20367:106d9] [com.apple.AppKit:Animation] Running new animation: <private>
2026-09-09 19:34:26.933 I  PeachCommander[20367:106d9] [com.apple.AppKit:Animation] Running new animation: <private>
2026-09-09 19:34:26.933 I  PeachCommander[20367:106d9] [com.apple.AppKit:Animation] Running new animation: <private>
2026-09-09 19:34:26.933 I  PeachCommander[20367:106d9] [com.apple.AppKit:Animation] Running new animation: <private>
2026-09-09 19:34:26.933 I  PeachCommander[20367:106d9] [com.apple.AppKit:Animation] Running new animation: <private>
2026-09-09 19:34:26.935 I  PeachCommander[20367:106d9] [com.apple.AppKit:Animation] Running new animation: <private>
2026-09-09 19:34:26.935 I  PeachCommander[20367:106d9] [com.apple.AppKit:Animation] Running new animation: <private>
2026-09-09 19:34:26.935 I  PeachCommander[20367:106d9] [com.apple.AppKit:Animation] Running new animation: <private>
2026-09-09 19:34:26.935 I  PeachCommander[20367:106d9] [com.apple.AppKit:Animation] Running new animation: <private>
2026-09-09 19:34:26.935 I  PeachCommander[20367:106d9] [com.apple.AppKit:Animation] Running new animation: <private>
2026-09-09 19:34:26.942 I  PeachCommander[20367:106d9] [com.apple.CoreAnalytics:client] Dropping "com.apple.appkit.app_config" as it isn't used in any transform (not in the config or budgeted?)
2026-09-09 19:34:26.944 I  PeachCommander[20367:106d9] [com.apple.CoreAnalytics:client] Dropping "com.apple.appkit.app_config" as it isn't used in any transform (not in the config or budgeted?)
2026-09-09 19:34:26.948 I  PeachCommander[20367:106d9] [com.apple.launchservices:datasep] application record search init. Node: <FSNode 0x987662bc0> { isDir = ?, path = <private> } bundleID: (null) itemID: 0
2026-09-09 19:34:26.949 I  PeachCommander[20367:106d9] [com.apple.GenerativeModels:availability] Current availability state: unavailable, use cases: com.apple.Settings.AppleIntelligence,com.apple.Siri.NLRouter, language: en, api: <private>
2026-09-09 19:34:26.949 Df PeachCommander[20367:106d9] [com.apple.GenerativeModels:availability] isOkayToHaveAsset: False
2026-09-09 19:34:26.949 E  PeachCommander[20367:106d9] [com.apple.siri:Utility] AFIsDeviceGreymatterEligible Missing entitlements for os_eligibility lookup
2026-09-09 19:34:26.949 I  PeachCommander[20367:106d9] [com.apple.GenerativeModels:availability] Current availability state: unavailable, use cases: com.apple.Settings.AppleIntelligence, language: en, api: <private>
2026-09-09 19:34:26.949 Df PeachCommander[20367:106d9] [com.apple.GenerativeModels:availability] isOkayToHaveAsset: False
2026-09-09 19:34:26.949 Df PeachCommander[20367:106d9] [com.apple.siri:Utility] -[AFSystemAssistantExperienceStatusManager fetchGenerativeModelsAvailability] #SAEStatus #cacheUpdate Updating cache:
deviceSupportsSAE: 0 (0)
       saeEnabled: 0 (0)
     saeAvailable: 0 (0)
      swaiEnabled: 0 (0)
        viEnabled: 0 (0)
        siriAvailability:
        <private>
        ((null))
2026-09-09 19:34:26.949 Df PeachCommander[20367:106d9] [com.apple.xpc:connection] [0x986620140] activating connection: mach=true listener=false peer=false name=com.apple.iconservices
2026-09-09 19:34:26.949 Df PeachCommander[20367:106d9] [com.apple.xpc:connection] [0x986620280] activating connection: mach=true listener=false peer=false name=com.apple.iconservices.store
2026-09-09 19:34:26.954 I  PeachCommander[20367:106d9] [com.peachcommander:Theme] no user themes in /Users/admin/pc-cfg/themes
2026-09-09 19:34:26.954 Df PeachCommander[20367:106d9] [com.apple.AppKit:Appearance] Invalidate NSApp effectiveAppearance
2026-09-09 19:34:26.955 Df PeachCommander[20367:106d9] [com.apple.AppKit:Appearance] NSApp cache appearance:
-NSRequiresAquaSystemAppearance: 0
-appearance: <NSCompositeAppearance: 0x9870359a0
 (
    "<NSDarkAquaAppearance: 0x987035a40>",
    "<NSSystemAppearance: 0x9870346e0>"
)>
-effectiveAppearance: <NSCompositeAppearance: 0x9870359a0
 (
    "<NSDarkAquaAppearance: 0x987035a40>",
    "<NSSystemAppearance: 0x9870346e0>"
)>
2026-09-09 19:34:26.958 I  PeachCommander[20367:106d9] [com.peachcommander:PCFoundation] Theme applied: id=norton, appearance=dark, dark=true, background=#0000AA
2026-09-09 19:34:26.984 I  PeachCommander[20367:106d9] [com.apple.iconservices:foundation] layer data size zero
2026-09-09 19:34:26.984 I  PeachCommander[20367:106d9] [com.apple.CoreAnalytics:client] Dropping "com.apple.appkit.app_config" as it isn't used in any transform (not in the config or budgeted?)
2026-09-09 19:34:26.988 I  PeachCommander[20367:106d9] [com.peachcommander:PCFoundation] Keymap loaded: scheme=<private>, 82 effective bindings
2026-09-09 19:34:26.989 I  PeachCommander[20367:106d9] [com.apple.AppKit:Animation] Running new animation: <private>
2026-09-09 19:34:26.989 I  PeachCommander[20367:106d9] [com.apple.AppKit:Animation] Running new animation: <private>
2026-09-09 19:34:26.989 I  PeachCommander[20367:106d9] [com.apple.AppKit:Animation] Running new animation: <private>
2026-09-09 19:34:26.989 I  PeachCommander[20367:106d9] [com.apple.AppKit:Animation] Running new animation: <private>
2026-09-09 19:34:26.989 I  PeachCommander[20367:106d9] [com.apple.AppKit:Animation] Running new animation: <private>
2026-09-09 19:34:26.990 I  PeachCommander[20367:106d9] [com.apple.AppKit:Animation] Running new animation: <private>
2026-09-09 19:34:26.990 I  PeachCommander[20367:106d9] [com.apple.AppKit:Animation] Running new animation: <private>
2026-09-09 19:34:26.990 I  PeachCommander[20367:106d9] [com.apple.AppKit:Animation] Running new animation: <private>
2026-09-09 19:34:26.990 I  PeachCommander[20367:106d9] [com.apple.AppKit:Animation] Running new animation: <private>
2026-09-09 19:34:26.990 I  PeachCommander[20367:106d9] [com.apple.AppKit:Animation] Running new animation: <private>
2026-09-09 19:34:26.993 I  PeachCommander[20367:106d9] [com.apple.CoreAnalytics:client] Dropping "<private>" as it isn't used in any transform (not in the config or budgeted?)
2026-09-09 19:34:26.994 I  PeachCommander[20367:106d9] [com.apple.CoreAnalytics:client] Dropping "<private>" as it isn't used in any transform (not in the config or budgeted?)
2026-09-09 19:34:26.994 I  PeachCommander[20367:106d9] [com.apple.CoreAnalytics:client] Dropping "<private>" as it isn't used in any transform (not in the config or budgeted?)
2026-09-09 19:34:26.994 I  PeachCommander[20367:106d9] [com.peachcommander:PCFoundation] MainWindowController window loaded
2026-09-09 19:34:26.994 I  PeachCommander[20367:106d9] [com.apple.launchservices:cas] information in shared memory for 0x0-0xff0ff with seed 535 was still valid, so using cached info { "ApplicationType"="Foreground", "BuildMachineOSBuild"="25E246", "BundleIdentifierLowerCase"="com.peachcommander.app", "CFBundleDevelopmentRegion"="en", "CFBundleDocumentTypes"=( { "CFBundleTypeName"="Peach Commander Plugin Package", "CFBundleTypeRole"="Viewer", "LSHandlerRank"="Owner", "LSItemContentTypes"=( "com.peachcommander.plugin-package") }), "CFBundleExecutable"="PeachCommander", "CFBundleExecutablePath"="/Users/admin/pc-test/PeachCommander.app/Contents/MacOS/PeachCommander", "CFBundleExecutablePathDeviceID"=16777229, "CFBundleExecutablePathINode"=487885, "CFBundleHelpBookFolder"="PeachCommander.help", "CFBundleHelpBookName"="Peach Commander Help", "CFBundleIconFile"="AppIcon", "CFBundleIconName"="AppIcon", "CFBundleIdentifier"="com.peachcommander.app", "CFBundleInfoDictionaryVersion"="6.0", "CFBundleName"="PeachCommander", "CFBundleNameLowerCase"="peachcommander", "CFBundleNumericVersion"=402685952, "CFBundlePackageType"="APPL", "CFBundleShortVersionString"="0.9.0", "CFBun<…>
2026-09-09 19:34:26.995 I  PeachCommander[20367:106d9] [com.apple.launchservices:cas] information in shared memory for 0x0-0xff0ff with seed 535 was still valid, so using cached info { "ApplicationType"="Foreground", "BuildMachineOSBuild"="25E246", "BundleIdentifierLowerCase"="com.peachcommander.app", "CFBundleDevelopmentRegion"="en", "CFBundleDocumentTypes"=( { "CFBundleTypeName"="Peach Commander Plugin Package", "CFBundleTypeRole"="Viewer", "LSHandlerRank"="Owner", "LSItemContentTypes"=( "com.peachcommander.plugin-package") }), "CFBundleExecutable"="PeachCommander", "CFBundleExecutablePath"="/Users/admin/pc-test/PeachCommander.app/Contents/MacOS/PeachCommander", "CFBundleExecutablePathDeviceID"=16777229, "CFBundleExecutablePathINode"=487885, "CFBundleHelpBookFolder"="PeachCommander.help", "CFBundleHelpBookName"="Peach Commander Help", "CFBundleIconFile"="AppIcon", "CFBundleIconName"="AppIcon", "CFBundleIdentifier"="com.peachcommander.app", "CFBundleInfoDictionaryVersion"="6.0", "CFBundleName"="PeachCommander", "CFBundleNameLowerCase"="peachcommander", "CFBundleNumericVersion"=402685952, "CFBundlePackageType"="APPL", "CFBundleShortVersionString"="0.9.0", "CFBun<…>
2026-09-09 19:34:27.004 I  PeachCommander[20367:106d9] [com.apple.AppKit:Window] order window front conditionally: 41d related: 0
2026-09-09 19:34:27.004 Df PeachCommander[20367:106d9] [com.apple.AppKit:AutomaticTermination] void _NSEnableAutomaticTerminationAndLog(NSString *) No windows open yet
2026-09-09 19:34:27.004 I  PeachCommander[20367:106d9] [com.apple.AppKit:Intelligence] starting collection observation
2026-09-09 19:34:27.004 Df PeachCommander[20367:106df] [com.apple.UIIntelligenceSupport:xpc] establishing connection to agent
2026-09-09 19:34:27.004 I  PeachCommander[20367:106d9] [com.apple.SkyLight:processes] 0[outside of RPC]: SLSSetFrontProcessWithInfo(0x0-0x2 window=0 options=0x1
2026-09-09 19:34:27.004 Df PeachCommander[20367:106df] [com.apple.xpc:session] [0x9860a9680] Session created.
2026-09-09 19:34:27.004 Df PeachCommander[20367:106df] [com.apple.xpc:session] [0x9860a9680] Session created from connection [0x986622440]
2026-09-09 19:34:27.004 Df PeachCommander[20367:106df] [com.apple.xpc:connection] [0x986622440] activating connection: mach=true listener=false peer=false name=com.apple.uiintelligencesupport.agent
2026-09-09 19:34:27.005 Df PeachCommander[20367:106df] [com.apple.xpc:session] [0x9860a9680] Session activated
2026-09-09 19:34:27.005 I  PeachCommander[20367:106d9] [com.apple.launchservices:cas] information in shared memory for 0x0-0xff0ff with seed 535 was still valid, so using cached info { "ApplicationType"="Foreground", "BuildMachineOSBuild"="25E246", "BundleIdentifierLowerCase"="com.peachcommander.app", "CFBundleDevelopmentRegion"="en", "CFBundleDocumentTypes"=( { "CFBundleTypeName"="Peach Commander Plugin Package", "CFBundleTypeRole"="Viewer", "LSHandlerRank"="Owner", "LSItemContentTypes"=( "com.peachcommander.plugin-package") }), "CFBundleExecutable"="PeachCommander", "CFBundleExecutablePath"="/Users/admin/pc-test/PeachCommander.app/Contents/MacOS/PeachCommander", "CFBundleExecutablePathDeviceID"=16777229, "CFBundleExecutablePathINode"=487885, "CFBundleHelpBookFolder"="PeachCommander.help", "CFBundleHelpBookName"="Peach Commander Help", "CFBundleIconFile"="AppIcon", "CFBundleIconName"="AppIcon", "CFBundleIdentifier"="com.peachcommander.app", "CFBundleInfoDictionaryVersion"="6.0", "CFBundleName"="PeachCommander", "CFBundleNameLowerCase"="peachcommander", "CFBundleNumericVersion"=402685952, "CFBundlePackageType"="APPL", "CFBundleShortVersionString"="0.9.0", "CFBun<…>
2026-09-09 19:34:27.006 Df PeachCommander[20367:106e4] [com.apple.UIIntelligenceSupport:xpc] Connection established with agent PID: 1128
2026-09-09 19:34:27.006 Df PeachCommander[20367:106d9] [com.apple.xpc:connection] [0x986622580] activating connection: mach=true listener=false peer=false name=com.apple.FileCoordination
2026-09-09 19:34:27.006 Df PeachCommander[20367:106e4] [com.apple.foundation.filecoordination:presenter] Adding presenter 20BF273D-E55F-41F8-B1FB-DF1CA38A570D for URL: <private>
2026-09-09 19:34:27.006 I  PeachCommander[20367:106d9] [com.apple.launchservices:cas] information in shared memory for 0x0-0xff0ff with seed 535 was still valid, so using cached info { "ApplicationType"="Foreground", "BuildMachineOSBuild"="25E246", "BundleIdentifierLowerCase"="com.peachcommander.app", "CFBundleDevelopmentRegion"="en", "CFBundleDocumentTypes"=( { "CFBundleTypeName"="Peach Commander Plugin Package", "CFBundleTypeRole"="Viewer", "LSHandlerRank"="Owner", "LSItemContentTypes"=( "com.peachcommander.plugin-package") }), "CFBundleExecutable"="PeachCommander", "CFBundleExecutablePath"="/Users/admin/pc-test/PeachCommander.app/Contents/MacOS/PeachCommander", "CFBundleExecutablePathDeviceID"=16777229, "CFBundleExecutablePathINode"=487885, "CFBundleHelpBookFolder"="PeachCommander.help", "CFBundleHelpBookName"="Peach Commander Help", "CFBundleIconFile"="AppIcon", "CFBundleIconName"="AppIcon", "CFBundleIdentifier"="com.peachcommander.app", "CFBundleInfoDictionaryVersion"="6.0", "CFBundleName"="PeachCommander", "CFBundleNameLowerCase"="peachcommander", "CFBundleNumericVersion"=402685952, "CFBundlePackageType"="APPL", "CFBundleShortVersionString"="0.9.0", "CFBun<…>
2026-09-09 19:34:27.010 I  PeachCommander[20367:106d9] [com.apple.AppKit:Window] order all windows front 1370508535375
2026-09-09 19:34:27.010 I  PeachCommander[20367:106d9] [com.apple.launchservices:cas] information in shared memory for 0x0-0xff0ff with seed 535 was still valid, so using cached info { "ApplicationType"="Foreground", "BuildMachineOSBuild"="25E246", "BundleIdentifierLowerCase"="com.peachcommander.app", "CFBundleDevelopmentRegion"="en", "CFBundleDocumentTypes"=( { "CFBundleTypeName"="Peach Commander Plugin Package", "CFBundleTypeRole"="Viewer", "LSHandlerRank"="Owner", "LSItemContentTypes"=( "com.peachcommander.plugin-package") }), "CFBundleExecutable"="PeachCommander", "CFBundleExecutablePath"="/Users/admin/pc-test/PeachCommander.app/Contents/MacOS/PeachCommander", "CFBundleExecutablePathDeviceID"=16777229, "CFBundleExecutablePathINode"=487885, "CFBundleHelpBookFolder"="PeachCommander.help", "CFBundleHelpBookName"="Peach Commander Help", "CFBundleIconFile"="AppIcon", "CFBundleIconName"="AppIcon", "CFBundleIdentifier"="com.peachcommander.app", "CFBundleInfoDictionaryVersion"="6.0", "CFBundleName"="PeachCommander", "CFBundleNameLowerCase"="peachcommander", "CFBundleNumericVersion"=402685952, "CFBundlePackageType"="APPL", "CFBundleShortVersionString"="0.9.0", "CFBun<…>
2026-09-09 19:34:27.010 I  PeachCommander[20367:106d9] [com.apple.showhide:pr-59900543] SHOWHIDE: CONFIRM, id=440, err=0
2026-09-09 19:34:27.010 I  PeachCommander[20367:106d9] [com.apple.AppKit:Window] context (0 -> e61a6048) for window 41c
2026-09-09 19:34:27.010 I  PeachCommander[20367:106d9] [com.apple.AppKit:Window] context (0 -> 9204b2cf) for window 41b
2026-09-09 19:34:27.010 I  PeachCommander[20367:106d9] [com.apple.AppKit:Window] context (0 -> 6c4a122c) for window 41a
2026-09-09 19:34:27.010 I  PeachCommander[20367:106d9] [com.apple.AppKit:Window] context (0 -> e5a05ca5) for window 419
2026-09-09 19:34:27.030 I  PeachCommander[20367:106d9] [com.apple.iconservices:foundation] layer data size zero
2026-09-09 19:34:27.038 Df PeachCommander[20367:106d9] [com.apple.AppKit:AutomaticTermination] void _updateToReflectAutomaticTerminationState(void) Setting _kLSApplicationWouldBeTerminatedByTALKey=0
2026-09-09 19:34:27.039 I  PeachCommander[20367:106d9] [com.apple.runningboard:assertion] Acquiring assertion: <RBSAssertionDescriptor| "AppNap adapter assertion" ID:(null) target:20367>
2026-09-09 19:34:27.073 A  PeachCommander[20367:106df] (RunningBoardServices) didChangeInheritances
2026-09-09 19:34:27.103 Df PeachCommander[20367:106d9] [com.apple.libsystem.libdispatch:] DEPRECATED USE in libdispatch client: dispatch source activated with no event handler set; set a breakpoint on _dispatch_bug_deprecated to debug
2026-09-09 19:34:27.206 I  PeachCommander[20367:106d9] [com.apple.coreanimation:Utilities] IOSurface Compression Enabled: NO
2026-09-09 19:34:27.208 Df PeachCommander[20367:106df] [com.apple.coreanimation:Metal] Precompiled pipelines disabled on unsupported hardware.
2026-09-09 19:34:27.221 I  PeachCommander[20367:106d9] [com.apple.CarbonCore:gestalt] SetGestaltValuesBulk SetGestaltValuesBulk( count=22 tuples=0x18794a650
2026-09-09 19:34:27.221 I  PeachCommander[20367:106d9] [com.apple.CarbonCore:gestalt] SetGestaltValue SetGestaltValue(alis 1C9) => 0
2026-09-09 19:34:27.221 I  PeachCommander[20367:106d9] [com.apple.CarbonCore:gestalt] SetGestaltValue SetGestaltValue(os   FE) => 0
2026-09-09 19:34:27.221 I  PeachCommander[20367:106d9] [com.apple.CarbonCore:gestalt] SetGestaltValue SetGestaltValue(addr 7) => 0
2026-09-09 19:34:27.221 I  PeachCommander[20367:106d9] [com.apple.CarbonCore:gestalt] SetGestaltValue SetGestaltValue(fs   3D332) => 0
2026-09-09 19:34:27.221 I  PeachCommander[20367:106d9] [com.apple.CarbonCore:gestalt] SetGestaltValue SetGestaltValue(fold 11) => 0
2026-09-09 19:34:27.221 I  PeachCommander[20367:106d9] [com.apple.CarbonCore:gestalt] SetGestaltValue SetGestaltValue(lram 7FFFF000) => 0
2026-09-09 19:34:27.221 I  PeachCommander[20367:106d9] [com.apple.CarbonCore:gestalt] SetGestaltValue SetGestaltValue(mmap 1) => 0
2026-09-09 19:34:27.221 I  PeachCommander[20367:106d9] [com.apple.CarbonCore:gestalt] SetGestaltValue SetGestaltValue(cfrg 1) => 0
2026-09-09 19:34:27.221 I  PeachCommander[20367:106d9] [com.apple.CarbonCore:gestalt] SetGestaltValue SetGestaltValue(thds 7) => 0
2026-09-09 19:34:27.221 I  PeachCommander[20367:106d9] [com.apple.CarbonCore:gestalt] SetGestaltValue SetGestaltValue(tmgr E) => 0
2026-09-09 19:34:27.221 I  PeachCommander[20367:106d9] [com.apple.CarbonCore:gestalt] SetGestaltValue SetGestaltValue(vers 7) => 0
2026-09-09 19:34:27.221 I  PeachCommander[20367:106d9] [com.apple.CarbonCore:gestalt] SetGestaltValue SetGestaltValue(cbon 160) => 0
2026-09-09 19:34:27.221 I  PeachCommander[20367:106d9] [com.apple.CarbonCore:gestalt] SetGestaltValue SetGestaltValue(cltn 1108000) => 0
2026-09-09 19:34:27.221 I  PeachCommander[20367:106d9] [com.apple.CarbonCore:gestalt] SetGestaltValue SetGestaltValue(cpnt 8) => 0
2026-09-09 19:34:27.221 I  PeachCommander[20367:106d9] [com.apple.CarbonCore:gestalt] SetGestaltValue SetGestaltValue(rsrc 3) => 0
2026-09-09 19:34:27.221 I  PeachCommander[20367:106d9] [com.apple.CarbonCore:gestalt] SetGestaltValue SetGestaltValue(rmbg 11F) => 0
2026-09-09 19:34:27.221 I  PeachCommander[20367:106d9] [com.apple.CarbonCore:gestalt] SetGestaltValue SetGestaltValue(vm   11) => 0
2026-09-09 19:34:27.221 I  PeachCommander[20367:106d9] [com.apple.CarbonCore:gestalt] SetGestaltValue SetGestaltValue(srad 4170706C) => 0
2026-09-09 19:34:27.221 I  PeachCommander[20367:106d9] [com.apple.CarbonCore:gestalt] SetGestaltValue SetGestaltValue(sysa 14) => 0
2026-09-09 19:34:27.221 I  PeachCommander[20367:106d9] [com.apple.CarbonCore:gestalt] SetGestaltValue SetGestaltValue(copl 9) => 0
2026-09-09 19:34:27.221 I  PeachCommander[20367:106d9] [com.apple.CarbonCore:gestalt] SetGestaltValue SetGestaltValue(xlat 0) => 0
2026-09-09 19:34:27.221 I  PeachCommander[20367:106d9] [com.apple.CarbonCore:gestalt] SetGestaltValue SetGestaltValue(stdf 0) => 0
2026-09-09 19:34:27.221 I  PeachCommander[20367:106d9] [com.apple.CarbonCore:gestalt] _NewGestalt _NewGestalt(ram  0x1878c3644) => 0
2026-09-09 19:34:27.221 I  PeachCommander[20367:106d9] [com.apple.CarbonCore:gestalt] _NewGestalt _NewGestalt(ramm 0x1878c3644) => 0
2026-09-09 19:34:27.221 I  PeachCommander[20367:106d9] [com.apple.CarbonCore:gestalt] _NewGestalt _NewGestalt(cput 0x1878c3734) => 0
2026-09-09 19:34:27.221 I  PeachCommander[20367:106d9] [com.apple.CarbonCore:gestalt] _NewGestalt _NewGestalt(cpuf 0x1878c3764) => 0
2026-09-09 19:34:27.221 I  PeachCommander[20367:106d9] [com.apple.CarbonCore:gestalt] _NewGestalt _NewGestalt(bclk 0x1878c3794) => 0
2026-09-09 19:34:27.221 I  PeachCommander[20367:106d9] [com.apple.CarbonCore:gestalt] _NewGestalt _NewGestalt(bclm 0x1878c3794) => 0
2026-09-09 19:34:27.221 I  PeachCommander[20367:106d9] [com.apple.CarbonCore:gestalt] _NewGestalt _NewGestalt(pclk 0x1878c3834) => 0
2026-09-09 19:34:27.221 I  PeachCommander[20367:106d9] [com.apple.CarbonCore:gestalt] _NewGestalt _NewGestalt(mclk 0x1878c3834) => 0
2026-09-09 19:34:27.221 I  PeachCommander[20367:106d9] [com.apple.CarbonCore:gestalt] _NewGestalt _NewGestalt(a/ux 0x1878c394c) => 0
2026-09-09 19:34:27.221 I  PeachCommander[20367:106d9] [com.apple.CarbonCore:gestalt] _NewGestalt _NewGestalt(pgsz 0x1878c3954) => 0
2026-09-09 19:34:27.221 I  PeachCommander[20367:106d9] [com.apple.CarbonCore:gestalt] _NewGestalt _NewGestalt(csiz 0x1878c3994) => 0
2026-09-09 19:34:27.221 I  PeachCommander[20367:106d9] [com.apple.CarbonCore:gestalt] _NewGestalt _NewGestalt(sysv 0x18786edfc) => 0
2026-09-09 19:34:27.221 I  PeachCommander[20367:106d9] [com.apple.CarbonCore:gestalt] _NewGestalt _NewGestalt(sys1 0x18786edfc) => 0
2026-09-09 19:34:27.221 I  PeachCommander[20367:106d9] [com.apple.CarbonCore:gestalt] _NewGestalt _NewGestalt(sys2 0x18786edfc) => 0
2026-09-09 19:34:27.221 I  PeachCommander[20367:106d9] [com.apple.CarbonCore:gestalt] _NewGestalt _NewGestalt(sys3 0x18786edfc) => 0
2026-09-09 19:34:27.221 I  PeachCommander[20367:106d9] [com.apple.CarbonCore:gestalt] _NewGestalt _NewGestalt(cdfl 0x1878c39d4) => 0
2026-09-09 19:34:27.221 I  PeachCommander[20367:106d9] [com.apple.CarbonCore:gestalt] _NewGestalt _NewGestalt(cdrm 0x1878c3c30) => 0
2026-09-09 19:34:27.221 I  PeachCommander[20367:106d9] [com.apple.CarbonCore:gestalt] _NewGestalt _NewGestalt(cpus 0x1878c3c78) => 0
2026-09-09 19:34:27.221 I  PeachCommander[20367:106d9] [com.apple.CarbonCore:gestalt] SetGestaltValue SetGestaltValue(swex 1) => 0
2026-09-09 19:34:27.221 Df PeachCommander[20367:106d9] [com.apple.xpc:connection] [0x986623980] activating connection: mach=false listener=false peer=false name=com.apple.hiservices-xpcservice
2026-09-09 19:34:27.222 I  PeachCommander[20367:106d9] [com.apple.CFPasteboard:entry] CopyData('ApplePerContextInputPasteboard' (<CFUUID 0x987017600> CB2C4D17-BE2E-48AF-A5A4-DDAE3F1941CB) gen: -1 item: 1264739405 flavor: 'ApplePerContextInputFlavor')
2026-09-09 19:34:27.222 I  PeachCommander[20367:106d9] [com.apple.CFPasteboard:cache] Rebuilding cache for 'ApplePerContextInputPasteboard' (<CFUUID 0x987017600> CB2C4D17-BE2E-48AF-A5A4-DDAE3F1941CB)
2026-09-09 19:34:27.222 I  PeachCommander[20367:106d9] [com.apple.CFPasteboard:general] Will request data from daemon
2026-09-09 19:34:27.222 I  PeachCommander[20367:106d9] [com.apple.CFPasteboard:exit] (not-in-cache) - result: 0 generation: 1 data (182 bytes) flags: 0
2026-09-09 19:34:27.222 I  PeachCommander[20367:106d9] [com.apple.CFPasteboard:entry] CopyData('DefaultAsciiKeyboardLayoutPasteboard' (<CFUUID 0x9871d4940> 482E20A8-13CA-4693-B3C9-2C3BF9E98B83) gen: -1 item: 1264739405 flavor: 'DefaultAsciiKeyboardLayoutFlavor')
2026-09-09 19:34:27.222 I  PeachCommander[20367:106d9] [com.apple.CFPasteboard:exit] (not-in-cache) - result: -8 generation: 0 null data flags: 0
2026-09-09 19:34:27.224 I  PeachCommander[20367:106d9] [com.apple.AppKit:Window] context (0 -> ad458ae) for window 41e
2026-09-09 19:34:27.224 Df PeachCommander[20367:106d9] [com.apple.inputmethodkitClient:Client] +[IMKClient subclass]: chose IMKClient_Modern
2026-09-09 19:34:27.225 Df PeachCommander[20367:106d9] [com.apple.BoardServices:XPCErrors] [C:2] Alloc com.apple.backboard.hid-services.xpc
2026-09-09 19:34:27.225 Df PeachCommander[20367:106d9] [com.apple.xpc:connection] [0x986623ac0] activating connection: mach=false listener=false peer=false name=(anonymous)
2026-09-09 19:34:27.225 E  PeachCommander[20367:106e0] [com.apple.BaseBoard:Common] Unable to obtain a task name port right for pid 167: (os/kern) failure (0x5)
2026-09-09 19:34:27.225 Df PeachCommander[20367:106e9] [com.apple.xpc:connection] [0x986622940] activating connection: mach=false listener=false peer=false name=com.apple.TextInputUI.xpc.CursorUIViewService
2026-09-09 19:34:27.225 Df PeachCommander[20367:106e0] [com.apple.xpc:connection] [0x986622940] invalidated after the last release of the connection object
2026-09-09 19:34:27.226 I  PeachCommander[20367:106d9] [com.apple.CFPasteboard:entry] CopyData('DefaultAsciiKeyboardLayoutPasteboard' (<CFUUID 0x9871d4940> 482E20A8-13CA-4693-B3C9-2C3BF9E98B83) gen: -1 item: 1264739405 flavor: 'DefaultAsciiKeyboardLayoutFlavor')
2026-09-09 19:34:27.226 I  PeachCommander[20367:106d9] [com.apple.CFPasteboard:exit] (not-in-cache) - result: -8 generation: 0 null data flags: 0
2026-09-09 19:34:27.226 Df PeachCommander[20367:106d9] [com.apple.xpc:connection] [0x9866226c0] activating connection: mach=false listener=false peer=false name=(anonymous)
2026-09-09 19:34:27.226 Df PeachCommander[20367:106d9] [com.apple.xpc:connection] [0x986622940] activating connection: mach=false listener=false peer=false name=com.apple.ViewBridgeAuxiliary
2026-09-09 19:34:27.226 Df PeachCommander[20367:106d9] [com.apple.xpc:connection] [0x9866221c0] activating connection: mach=false listener=false peer=false name=(anonymous)
2026-09-09 19:34:27.226 Df PeachCommander[20367:106d9] [com.apple.xpc:connection] [0x986622940] invalidated after the last release of the connection object
2026-09-09 19:34:27.242 Df PeachCommander[20367:106d9] [com.apple.TextInputUI:CursorUI] -[TUINSCursorUIController activate:]_block_invoke: Create CursorUIViewService: TUINSRemoteViewController
2026-09-09 19:34:27.242 I  PeachCommander[20367:106d9] [com.apple.AppKit:Window] window <TUINSWindow: 0x986072300> windowNumber=41e finishing close
2026-09-09 19:34:27.242 I  PeachCommander[20367:106d9] [com.apple.AppKit:Window] order window: 41e op: 0 relative: 0 related: 0
2026-09-09 19:34:27.243 A  PeachCommander[20367:106e8] (CoreFoundation) Loading Preferences From System CFPrefsD
2026-09-09 19:34:27.301 I  PeachCommander[20367:106d9] [com.apple.iconservices:foundation] layer data size zero
2026-09-09 19:34:27.302 A  PeachCommander[20367:106d9] (CoreFoundation) Loading Preferences From User CFPrefsD
2026-09-09 19:34:27.303 I  PeachCommander[20367:106d9] [com.apple.CoreAnalytics:client] Dropping "com.apple.ImageIO.readerSelection" as it isn't used in any transform (not in the config or budgeted?)
2026-09-09 19:34:27.315 A  PeachCommander[20367:106e9] (libsystem_info.dylib) Retrieve Group by ID
2026-09-09 19:34:27.372 I  PeachCommander[20367:106d9] [com.apple.CoreAnalytics:client] Dropping "com.apple.appkit.app_config" as it isn't used in any transform (not in the config or budgeted?)
2026-09-09 19:34:27.373 I  PeachCommander[20367:106d9] [com.apple.SafariPlatformSupport:SafariPlatformSupport] -[SFSafariPlatformSupport credentialSelected:] with nil credential
2026-09-09 19:34:27.373 I  PeachCommander[20367:106d9] [com.apple.SafariPlatformSupport:SafariPlatformSupport] -[SFSafariPlatformSupport oneTimeCodeSelected:] with nil code
2026-09-09 19:34:27.432 I  PeachCommander[20367:10777] [com.apple.AppKit:WindowTab] Indexing 1 items
2026-09-09 19:34:27.432 A  PeachCommander[20367:10777] (CoreSpotlight) end-index-batch
2026-09-09 19:34:27.432 Df PeachCommander[20367:10777] [com.apple.corespotlight:index] *warn* MailCS ======%%% _setMailMessageAttributes skip:1
2026-09-09 19:34:27.433 A  PeachCommander[20367:10777] (CoreSpotlight) index-items
2026-09-09 19:34:27.433 Df PeachCommander[20367:10777] [com.apple.corespotlight:index] CSInlineDonation:<private>: Skipping donation (feature flag disabled)
2026-09-09 19:34:27.433 Df PeachCommander[20367:10777] [com.apple.corespotlight:index] CSInlineDonation:<private>: Skipping donation (feature flag disabled)
2026-09-09 19:34:27.533 I  PeachCommander[20367:106d9] [com.apple.HIToolbox:MBDisplays] <private>
2026-09-09 19:34:27.533 I  PeachCommander[20367:106d9] [com.apple.HIToolbox:MBDisplays] <private>
2026-09-09 19:34:27.804 Df PeachCommander[20367:106e9] [com.apple.xpc:connection] [0x986622300] activating connection: mach=false listener=false peer=false name=com.apple.SafariPlatformSupport.Helper
2026-09-09 19:34:27.824 Df PeachCommander[20367:106d9] [com.apple.BoardServices:XPCErrors] [C:3] Alloc com.apple.backboard.hid-services.xpc
2026-09-09 19:34:27.824 Df PeachCommander[20367:106d9] [com.apple.xpc:connection] [0x986621e00] activating connection: mach=false listener=false peer=false name=(anonymous)
2026-09-09 19:34:27.825 Df PeachCommander[20367:106e9] [com.apple.BackBoard:EventDelivery] BKSHIDEventDeliveryManager - connection activation
2026-09-09 19:34:27.826 I  PeachCommander[20367:106d9] [com.peachcommander:PCFoundation] Session restored
2026-09-09 19:34:27.826 Df PeachCommander[20367:106d9] (Foundation) <private>
2026-09-09 19:34:27.826 I  PeachCommander[20367:106d9] [com.peachcommander:PCFoundation] [automation] running /Users/admin/auto.txt
2026-09-09 19:34:27.826 Df PeachCommander[20367:106d9] (Foundation) <private>
2026-09-09 19:34:27.826 I  PeachCommander[20367:106d9] [com.peachcommander:PCFoundation] [automation] > active left
2026-09-09 19:34:27.826 Df PeachCommander[20367:106d9] (Foundation) <private>
2026-09-09 19:34:27.826 I  PeachCommander[20367:106d9] [com.peachcommander:PCFoundation] [automation] > left /Users/admin/pc-demo
2026-09-09 19:34:27.868 Df PeachCommander[20367:106e9] [com.apple.xpc:connection] [0x986622300] invalidated after the last release of the connection object
2026-09-09 19:34:27.892 I  PeachCommander[20367:106d9] [com.apple.launchservices:cas] Removing cached information for app [ 0x0-0xff0ff]  "PeachCommander", as its seed is different from that in shared memory ( 535 vs 537)
2026-09-09 19:34:27.892 Df PeachCommander[20367:106d9] [com.apple.xpc:connection] [0x986621cc0] activating connection: mach=false listener=false peer=false name=(anonymous)
2026-09-09 19:34:27.892 Df PeachCommander[20367:106d9] [com.apple.xpc:connection] [0x986622300] activating connection: mach=false listener=false peer=false name=(anonymous)
2026-09-09 19:34:27.903 Df PeachCommander[20367:106d9] (Foundation) <private>
2026-09-09 19:34:27.903 I  PeachCommander[20367:106d9] [com.peachcommander:PCFoundation] [automation] > wait 1200
2026-09-09 19:34:27.926 I  PeachCommander[20367:106d9] [com.apple.AppKit:Image] ISImage reported a placeholder, image rep is providing a placeholder image for <private>
2026-09-09 19:34:27.926 I  PeachCommander[20367:106d9] [com.apple.AppKit:Image] ISImage reported a placeholder, image rep is providing a placeholder image for <private>
2026-09-09 19:34:27.927 I  PeachCommander[20367:106df] [com.apple.iconservices:foundation] layer data size zero
2026-09-09 19:34:27.928 I  PeachCommander[20367:106d9] [com.apple.AppKit:Image] ISImage reported a placeholder, image rep is providing a placeholder image for <private>
2026-09-09 19:34:27.928 I  PeachCommander[20367:106d9] [com.apple.AppKit:Image] ISImage reported a placeholder, image rep is providing a placeholder image for <private>
2026-09-09 19:34:27.929 I  PeachCommander[20367:106d9] [com.apple.AppKit:Image] ISImage reported a placeholder, image rep is providing a placeholder image for <private>
2026-09-09 19:34:27.929 I  PeachCommander[20367:106d9] [com.apple.AppKit:Image] ISImage reported a placeholder, image rep is providing a placeholder image for <private>
2026-09-09 19:34:27.930 I  PeachCommander[20367:106d9] [com.apple.AppKit:Image] ISImage reported a placeholder, image rep is providing a placeholder image for <private>
2026-09-09 19:34:27.930 I  PeachCommander[20367:106d9] [com.apple.AppKit:Image] ISImage reported a placeholder, image rep is providing a placeholder image for <private>
2026-09-09 19:34:27.931 I  PeachCommander[20367:106d9] [com.apple.AppKit:Image] ISImage reported a placeholder, image rep is providing a placeholder image for <private>
2026-09-09 19:34:27.931 I  PeachCommander[20367:106d9] [com.apple.AppKit:Image] ISImage reported a placeholder, image rep is providing a placeholder image for <private>
2026-09-09 19:34:27.932 I  PeachCommander[20367:106d9] [com.apple.AppKit:Image] ISImage reported a placeholder, image rep is providing a placeholder image for <private>
2026-09-09 19:34:27.933 I  PeachCommander[20367:106d9] [com.apple.AppKit:Image] ISImage reported a placeholder, image rep is providing a placeholder image for <private>
2026-09-09 19:34:27.937 I  PeachCommander[20367:106df] [com.apple.iconservices:foundation] layer data size zero
2026-09-09 19:34:27.969 I  PeachCommander[20367:106d9] [com.apple.launchservices:datasep] application record search init. Node: <FSNode 0x987d6c280> { isDir = y, path = <private> } bundleID: (null) itemID: 0
2026-09-09 19:34:27.969 I  PeachCommander[20367:106d9] [com.apple.launchservices:datasep] application record search init. Node: <FSNode 0x987d6c280> { isDir = y, path = <private> } bundleID: (null) itemID: 0
2026-09-09 19:34:27.969 I  PeachCommander[20367:106d9] [com.apple.SafariPlatformSupport:SafariPlatformSupport] -[SFSafariPlatformSupport credentialSelected:] with nil credential
2026-09-09 19:34:27.969 I  PeachCommander[20367:106d9] [com.apple.SafariPlatformSupport:SafariPlatformSupport] -[SFSafariPlatformSupport oneTimeCodeSelected:] with nil code
2026-09-09 19:34:27.969 I  PeachCommander[20367:106d9] [com.apple.iconservices:foundation] layer data size zero
2026-09-09 19:34:27.969 I  PeachCommander[20367:106d9] [com.apple.AppKit:Image] ISImage reported a placeholder, image rep is providing a placeholder image for <private>
2026-09-09 19:34:27.970 I  PeachCommander[20367:106d9] [com.apple.iconservices:foundation] layer data size zero
2026-09-09 19:34:27.970 I  PeachCommander[20367:106d9] [com.apple.AppKit:Image] ISImage reported a placeholder, image rep is providing a placeholder image for <private>
2026-09-09 19:34:27.970 I  PeachCommander[20367:106d9] [com.apple.iconservices:foundation] layer data size zero
2026-09-09 19:34:27.970 I  PeachCommander[20367:106d9] [com.apple.AppKit:Image] ISImage reported a placeholder, image rep is providing a placeholder image for <private>
2026-09-09 19:34:27.970 I  PeachCommander[20367:106d9] [com.apple.AppKit:Image] ISImage reported a placeholder, image rep is providing a placeholder image for <private>
2026-09-09 19:34:27.970 I  PeachCommander[20367:106d9] [com.apple.AppKit:Image] ISImage reported a placeholder, image rep is providing a placeholder image for <private>
2026-09-09 19:34:27.970 I  PeachCommander[20367:106d9] [com.apple.iconservices:foundation] layer data size zero
2026-09-09 19:34:27.970 I  PeachCommander[20367:106d9] [com.apple.AppKit:Image] ISImage reported a placeholder, image rep is providing a placeholder image for <private>
2026-09-09 19:34:27.973 I  PeachCommander[20367:106d9] [com.apple.iconservices:foundation] layer data size zero
2026-09-09 19:34:27.973 I  PeachCommander[20367:106d9] [com.apple.iconservices:foundation] layer data size zero
2026-09-09 19:34:27.973 I  PeachCommander[20367:106d9] [com.apple.iconservices:foundation] layer data size zero
2026-09-09 19:34:27.973 I  PeachCommander[20367:106d9] [com.apple.iconservices:foundation] layer data size zero
2026-09-09 19:34:27.976 I  PeachCommander[20367:106d9] [com.apple.SafariPlatformSupport:SafariPlatformSupport] -[SPSafariPlatformSupport completionListPreferredContentSizeDidUpdate] with size {0, 0}, in window that is visible
2026-09-09 19:34:28.472 I  PeachCommander[20367:106e0] [com.apple.AppKit:WindowTab] Indexing 1 items
2026-09-09 19:34:28.472 A  PeachCommander[20367:106e0] (CoreSpotlight) end-index-batch
2026-09-09 19:34:28.472 A  PeachCommander[20367:106e0] (CoreSpotlight) index-items
2026-09-09 19:34:28.472 Df PeachCommander[20367:106e0] [com.apple.corespotlight:index] CSInlineDonation:<private>: Skipping donation (feature flag disabled)
2026-09-09 19:34:28.473 Df PeachCommander[20367:106e0] [com.apple.corespotlight:index] CSInlineDonation:<private>: Skipping donation (feature flag disabled)
2026-09-09 19:34:29.151 Df PeachCommander[20367:106d9] (Foundation) <private>
2026-09-09 19:34:29.151 I  PeachCommander[20367:106d9] [com.peachcommander:PCFoundation] [automation] > cmd cm_SrcThumbs
2026-09-09 19:34:29.151 Df PeachCommander[20367:106d9] (Foundation) <private>
2026-09-09 19:34:29.151 I  PeachCommander[20367:106d9] [com.peachcommander:PCFoundation] [automation] > wait 2500
2026-09-09 19:34:29.162 I  PeachCommander[20367:106d9] [com.apple.AppKit:Animation] Running new animation: <private>
2026-09-09 19:34:29.162 I  PeachCommander[20367:106d9] [com.apple.AppKit:Animation] Running new animation: <private>
2026-09-09 19:34:29.162 I  PeachCommander[20367:106d9] [com.apple.AppKit:Animation] Running new animation: <private>
2026-09-09 19:34:29.162 I  PeachCommander[20367:106d9] [com.apple.AppKit:Animation] Running new animation: <private>
2026-09-09 19:34:29.163 I  PeachCommander[20367:106d9] [com.apple.AppKit:Animation] Running new animation: <private>
2026-09-09 19:34:29.170 I  PeachCommander[20367:106d9] [com.apple.iconservices:foundation] layer data size zero
2026-09-09 19:34:31.787 Df PeachCommander[20367:106d9] (Foundation) <private>
2026-09-09 19:34:31.787 I  PeachCommander[20367:106d9] [com.peachcommander:PCFoundation] [automation] > dump /Users/admin/thumbs.txt
2026-09-09 19:34:31.788 Df PeachCommander[20367:106d9] (Foundation) <private>
2026-09-09 19:34:31.789 Df PeachCommander[20367:106d9] (Foundation) <private>
2026-09-09 19:34:31.789 I  PeachCommander[20367:106d9] [com.peachcommander:PCFoundation] [automation] > wait 400
2026-09-09 19:34:32.195 Df PeachCommander[20367:106d9] (Foundation) <private>
2026-09-09 19:34:32.195 I  PeachCommander[20367:106d9] [com.peachcommander:PCFoundation] [automation] done
