Timestamp               Ty Process[PID:TID]
2026-09-14 18:11:59.210 A  PeachCommander[20687:10cff] (libsystem_info.dylib) Retrieve User by ID
2026-09-14 18:11:59.211 Df PeachCommander[20687:10cff] [com.apple.xpc:connection] [0x10446a620] activating connection: mach=true listener=false peer=false name=com.apple.cfprefsd.daemon
2026-09-14 18:11:59.211 Df PeachCommander[20687:10d03] [com.apple.xpc:connection] [0x10446ad20] activating connection: mach=true listener=false peer=false name=com.apple.cfprefsd.agent
2026-09-14 18:11:59.212 Df PeachCommander[20687:10cff] [com.apple.xpc:connection] [0x104471360] activating connection: mach=true listener=false peer=false name=com.apple.coreservices.launchservicesd
2026-09-14 18:11:59.212 I  PeachCommander[20687:10cff] [com.apple.launchservices:cas] Registering for notification <private> on default queue, to re-boostrap client connection.
2026-09-14 18:11:59.212 Df PeachCommander[20687:10cff] [com.apple.xpc:connection] [0xb2ec48000] activating connection: mach=true listener=false peer=false name=com.apple.pasteboard.1
2026-09-14 18:11:59.213 Df PeachCommander[20687:10cff] [com.apple.xpc:connection] [0xb2ec48140] activating connection: mach=true listener=false peer=false name=com.apple.distributed_notifications@Uv3
2026-09-14 18:11:59.214 Df PeachCommander[20687:10cff] [com.apple.AppKit:AutomaticTermination] void _NSDisableAutomaticTerminationAndLog(NSString *) No windows open yet
2026-09-14 18:11:59.214 A  PeachCommander[20687:10cff] (TCC) TCCAccessRequest() IPC
2026-09-14 18:11:59.214 Df PeachCommander[20687:10cff] [com.apple.xpc:connection] [0xb2ec48280] activating connection: mach=true listener=false peer=false name=com.apple.tccd.system
2026-09-14 18:11:59.214 I  PeachCommander[20687:10cff] [com.apple.TCC:access] SEND: 0/7 synchronous to com.apple.tccd.system: request: msgID=20687.1, function=TCCAccessRequest, service=kTCCServiceListenEvent,
2026-09-14 18:11:59.216 I  PeachCommander[20687:10cff] [com.apple.TCC:access] RECV: synchronous reply <dictionary: 0xb2f078000> { count = 5, transaction: 0, voucher = 0x0, contents =
	"prompt_type" => <uint64: 0xad213efbd48dd517>: 1
	"auth_value" => <uint64: 0xad213efbd48dd517>: 1
	"preflight_unknown" => <bool: 0x1f4c0d190>: true
	"auth_version" => <uint64: 0xad213efbd48dd517>: 1
	"auth_reason" => <uint64: 0xad213efbd48dd537>: 5
}
2026-09-14 18:11:59.216 Df PeachCommander[20687:10cff] [com.apple.xpc:connection] [0xb2ec48280] invalidated after the last release of the connection object
2026-09-14 18:11:59.216 Df PeachCommander[20687:10cff] [com.apple.SkyLight:default] server port 0x0000370b, session port 0x0000370b
2026-09-14 18:11:59.219 Df PeachCommander[20687:10cff] [com.apple.SkyLight:default] New connection 0x451b3 main
2026-09-14 18:11:59.219 I  PeachCommander[20687:10d04] [com.apple.SkyLight:processes] 0[outside of RPC]: First connection id 283059 mapped to ctx = 0xb2f07c800
2026-09-14 18:11:59.219 I  PeachCommander[20687:10cff] [com.apple.hiservices:processmgr] Checking in with CAS, pid=20687
2026-09-14 18:11:59.219 I  PeachCommander[20687:10cff] [com.apple.launchservices:cas] LSApplicationCheckIn(), app being registered is:"/Users/admin/pc-test/PeachCommander.app/Contents/MacOS/PeachCommander"
2026-09-14 18:11:59.220 I  PeachCommander[20687:10cff] [com.apple.launchservices:cas]  { "ApplicationType"="Foreground", "BuildMachineOSBuild"="25E246", "CFBundleDevelopmentRegion"="en", "CFBundleDocumentTypes"=( { "CFBundleTypeName"="Peach Commander Plugin Package", "CFBundleTypeRole"="Viewer", "LSHandlerRank"="Owner", "LSItemContentTypes"=( "com.peachcommander.plugin-package") }), "CFBundleExecutable"="PeachCommander", "CFBundleExecutablePath"="/Users/admin/pc-test/PeachCommander.app/Contents/MacOS/PeachCommander", "CFBundleHelpBookFolder"="PeachCommander.help", "CFBundleHelpBookName"="Peach Commander Help", "CFBundleIconFile"="AppIcon", "CFBundleIconName"="AppIcon", "CFBundleIdentifier"="com.peachcommander.app", "CFBundleInfoDictionaryVersion"="6.0", "CFBundleName"="PeachCommander", "CFBundleNumericVersion"=402685952, "CFBundlePackageType"="APPL", "CFBundleShortVersionString"="0.9.0", "CFBundleSignature"="?????", "CFBundleSupportedPlatforms"=( "MacOSX"), "CFBundleVersion"="18", "DTCompiler"="com.apple.compilers.llvm.clang.1_0", "DTPlatformBuild"="25F70", "DTPlatformName"="macosx", "<…>
2026-09-14 18:11:59.220 Df PeachCommander[20687:10cff] [com.apple.processmanager:front-35286506] CHECKIN: pid=20687
2026-09-14 18:11:59.221 Df PeachCommander[20687:10cff] [com.apple.processmanager:front-35286506] CHECKEDIN: pid=20687 asn=0x0-0x106106 foreground=1
2026-09-14 18:11:59.221 I  PeachCommander[20687:10cff] [com.apple.launchservices:cas] Setting processControlState to default PROC_SETPC_SUSPEND because application does not have LSProcessControlValue key
2026-09-14 18:11:59.221 Df PeachCommander[20687:10cff] [com.apple.xpc:connection] [0xb2ec48280] activating connection: mach=false listener=true peer=false name=(anonymous)
2026-09-14 18:11:59.221 Df PeachCommander[20687:10cff] [com.apple.xpc:connection] [0xb2ec48280] Connection returned listener port: 0x4103
2026-09-14 18:11:59.222 Df PeachCommander[20687:10d03] [com.apple.xpc:connection] [0xb2f124300] activating connection: mach=false listener=false peer=true name=com.apple.xpc.anonymous.0xb2ec48280.peer[131].0xb2f124300
2026-09-14 18:11:59.222 Df PeachCommander[20687:10cff] [com.apple.processmanager:front-35286506] FRONTLOGGING: version 1
2026-09-14 18:11:59.222 Df PeachCommander[20687:10cff] [com.apple.processmanager:front-35286506] Registered, pid=20687 ASN=0x0,0x106106
2026-09-14 18:11:59.222 Df PeachCommander[20687:10cff] [com.apple.xpc:connection] [0xb2ec483c0] activating connection: mach=true listener=false peer=false name=com.apple.analyticsd
2026-09-14 18:11:59.222 I  PeachCommander[20687:10cff] [com.apple.CoreAnalytics:client] Daemon status changed from 0 to 1
2026-09-14 18:11:59.222 I  PeachCommander[20687:10d03] [com.apple.CarbonCore:coreservicesdaemon] SCSession():SCSession( id=100, this=0x0x104477660 option=65538) created, forUID=501 mach_port_t=0x5103.
2026-09-14 18:11:59.222 I  PeachCommander[20687:10d03] [com.apple.CarbonCore:coreservicesdaemon] SCSession():SCSession( id=101, this=0x0x104478020 option=65538) created, forUID=501 mach_port_t=0x5203.
2026-09-14 18:11:59.222 I  PeachCommander[20687:10d03] [com.apple.CarbonCore:coreservicesdaemon] connectToCoreServicesD():Instantiating server (coreservicesd based) SCSession, port=0x5103 serverOptions=0x10002.
2026-09-14 18:11:59.223 I  PeachCommander[20687:10cff] [com.apple.hiservices:processmgr] _RegisterApplication( pid 20687 => 0x0,0x106106) type=foreground
2026-09-14 18:11:59.223 Df PeachCommander[20687:10cff] [com.apple.xpc:connection] [0xb2ec48280] Connection returned listener port: 0x4103
2026-09-14 18:11:59.223 I  PeachCommander[20687:10cff] [com.apple.launchservices:cas] CFArrayRef _LSCopyLaunchModifiers(LSSessionID, LSASNRef _Nonnull), result for psn [ kLSCurrentApp ASN, 0x0,0x2]  is 1 items.
2026-09-14 18:11:59.223 Df PeachCommander[20687:10cff] [com.apple.processmanager:front-35286506] BringForward: pid=20687 asn=0x0-0x106106 bringForward=1 foreground=1 uiElement=0 launchedByLS=1 modifiersCount=1 allDisabled=1
2026-09-14 18:11:59.223 Df PeachCommander[20687:10cff] [com.apple.processmanager:front-35286506] BringFrontModifier: pid=20687 asn=0x0-0x106106 Modifier 0 hideAfter=0 hideOthers=0 dontMakeFrontmost=0 mouseDown=0/0 seed=0/0
2026-09-14 18:11:59.223 Df PeachCommander[20687:10cff] [com.apple.processmanager:front-35286506] BringForward: pid=20687 asn=0x0-0x106106
2026-09-14 18:11:59.223 Df PeachCommander[20687:10cff] [com.apple.processmanager:front-35286506] SetFrontProcess: asn=0x0-0x106106 options=0
2026-09-14 18:11:59.223 I  PeachCommander[20687:10cff] [com.apple.SkyLight:processes] 0[outside of RPC]: SLPSetFrontProcess(0x0-0x106106 window=0 options=0x0
2026-09-14 18:11:59.223 Df PeachCommander[20687:10d03] [com.apple.xpc:connection] [0xb2ec48500] activating connection: mach=true listener=false peer=false name=com.apple.lsd.mapdb
2026-09-14 18:11:59.225 Df PeachCommander[20687:10cff] [com.apple.AppKit:Appearance] Current system appearance, (HLTB: 1), (SLS: 0)
2026-09-14 18:11:59.226 Df PeachCommander[20687:10cff] (libMobileGestalt.dylib) No persisted cache on this platform.
2026-09-14 18:11:59.226 I  PeachCommander[20687:10d04] [com.apple.launchservices:cas] information in shared memory for 0x0-0x106106 with seed 533 was still valid, so using cached info { "ApplicationType"="Foreground", "BuildMachineOSBuild"="25E246", "BundleIdentifierLowerCase"="com.peachcommander.app", "CFBundleDevelopmentRegion"="en", "CFBundleDocumentTypes"=( { "CFBundleTypeName"="Peach Commander Plugin Package", "CFBundleTypeRole"="Viewer", "LSHandlerRank"="Owner", "LSItemContentTypes"=( "com.peachcommander.plugin-package") }), "CFBundleExecutable"="PeachCommander", "CFBundleExecutablePath"="/Users/admin/pc-test/PeachCommander.app/Contents/MacOS/PeachCommander", "CFBundleExecutablePathDeviceID"=16777229, "CFBundleExecutablePathINode"=487524, "CFBundleHelpBookFolder"="PeachCommander.help", "CFBundleHelpBookName"="Peach Commander Help", "CFBundleIconFile"="AppIcon", "CFBundleIconName"="AppIcon", "CFBundleIdentifier"="com.peachcommander.app", "CFBundleInfoDictionaryVersion"="6.0", "CFBundleName"="PeachCommander", "CFBundleNameLowerCase"="peachcommander", "CFBundleNumericVersion"=402685952, "CFBundlePackageType"="APPL", "CFBundleShortVersionString"="0.9.0", "CFBun<…>
2026-09-14 18:11:59.226 Df PeachCommander[20687:10cff] (libMobileGestalt.dylib) Could not get size of EAN data (IOConnectCallScalarMethod kAppleNVMeEANGetSize returned 0xE00002E2)
2026-09-14 18:11:59.226 Df PeachCommander[20687:10cff] (libMobileGestalt.dylib) Failed to copy 'aptk' from EAN
2026-09-14 18:11:59.226 Df PeachCommander[20687:10cff] (libMobileGestalt.dylib) Failed to copy APTicket properties. Falling back to default policy.
2026-09-14 18:11:59.226 Df PeachCommander[20687:10cff] (libMobileGestalt.dylib) Creating default MGSysConfigPolicy
2026-09-14 18:11:59.227 Df PeachCommander[20687:10cff] (libMobileGestalt.dylib) CFDictionaryRef copySyscfgDictionary(void) enumeration of <private> failed.
2026-09-14 18:11:59.227 I  PeachCommander[20687:10d03] [com.apple.launchservices:db] LaunchServices database schema version: 20971544
2026-09-14 18:11:59.227 Df PeachCommander[20687:10cff] (libMobileGestalt.dylib) Failed to find key <private>
2026-09-14 18:11:59.228 I  PeachCommander[20687:10d03] [com.apple.launchservices:default] Unable to load Info.plist exceptions (eGPUOverrides)
2026-09-14 18:11:59.228 I  PeachCommander[20687:10d03] [com.apple.launchservices:default] Unable to load Info.plist exceptions (gameModeOverrides)
2026-09-14 18:11:59.228 I  PeachCommander[20687:10d03] [com.apple.launchservices:default] Unable to load Info.plist exceptions (identifiedGameOverrides)
2026-09-14 18:11:59.228 I  PeachCommander[20687:10d03] [com.apple.launchservices:default] Unable to load Info.plist exceptions (SystemHiddenPreferred)
2026-09-14 18:11:59.228 Df PeachCommander[20687:10d03] [com.apple.CoreAnalytics:client] Received configuration update from daemon (initial)
2026-09-14 18:11:59.228 Df PeachCommander[20687:10cff] [com.apple.AppKit:Appearance] Current system appearance, (HLTB: 1), (SLS: 0)
2026-09-14 18:11:59.229 Df PeachCommander[20687:10cff] [com.apple.AppKit:Appearance] Post-registration system appearance: (HLTB: 1)
2026-09-14 18:11:59.230 Df PeachCommander[20687:10cff] [com.apple.FrontBoard:Common] FBSWorkspace: endpoint monitoring is disabled.
2026-09-14 18:11:59.230 Df PeachCommander[20687:10cff] [com.apple.FrontBoard:Common] FBSWorkspace: default shell endpoint is disabled.
2026-09-14 18:11:59.230 Df PeachCommander[20687:10cff] [com.apple.runningboard:connection] Initializing connection
2026-09-14 18:11:59.230 Df PeachCommander[20687:10cff] [com.apple.runningboard:process] Removing all cached process handles
2026-09-14 18:11:59.230 Df PeachCommander[20687:10d03] [com.apple.runningboard:connection] Sending handshake request attempt #1 to server
2026-09-14 18:11:59.230 Df PeachCommander[20687:10d03] [com.apple.runningboard:connection] Creating connection to com.apple.runningboard
2026-09-14 18:11:59.230 Df PeachCommander[20687:10d03] [com.apple.xpc:connection] [0xb2ec48640] activating connection: mach=true listener=false peer=false name=com.apple.runningboard
2026-09-14 18:11:59.231 Df PeachCommander[20687:10cff] [com.apple.xpc:connection] [0xb2ec48280] Connection returned listener port: 0x4103
2026-09-14 18:11:59.231 A  PeachCommander[20687:10d08] (RunningBoardServices) didChangeInheritances
2026-09-14 18:11:59.231 I  PeachCommander[20687:10cff] [com.apple.launchservices:cas] information in shared memory for 0x0-0x106106 with seed 533 was still valid, so using cached info { "ApplicationType"="Foreground", "BuildMachineOSBuild"="25E246", "BundleIdentifierLowerCase"="com.peachcommander.app", "CFBundleDevelopmentRegion"="en", "CFBundleDocumentTypes"=( { "CFBundleTypeName"="Peach Commander Plugin Package", "CFBundleTypeRole"="Viewer", "LSHandlerRank"="Owner", "LSItemContentTypes"=( "com.peachcommander.plugin-package") }), "CFBundleExecutable"="PeachCommander", "CFBundleExecutablePath"="/Users/admin/pc-test/PeachCommander.app/Contents/MacOS/PeachCommander", "CFBundleExecutablePathDeviceID"=16777229, "CFBundleExecutablePathINode"=487524, "CFBundleHelpBookFolder"="PeachCommander.help", "CFBundleHelpBookName"="Peach Commander Help", "CFBundleIconFile"="AppIcon", "CFBundleIconName"="AppIcon", "CFBundleIdentifier"="com.peachcommander.app", "CFBundleInfoDictionaryVersion"="6.0", "CFBundleName"="PeachCommander", "CFBundleNameLowerCase"="peachcommander", "CFBundleNumericVersion"=402685952, "CFBundlePackageType"="APPL", "CFBundleShortVersionString"="0.9.0", "CFBun<…>
2026-09-14 18:11:59.231 Df PeachCommander[20687:10d03] [com.apple.runningboard:connection] Handshake succeeded
2026-09-14 18:11:59.231 Df PeachCommander[20687:10d03] [com.apple.runningboard:connection] Identity resolved as app<application.com.peachcommander.app.486777.487524(501)>
2026-09-14 18:11:59.232 Df PeachCommander[20687:10cff] [com.apple.xpc:connection] [0xb2ec48280] Connection returned listener port: 0x4103
2026-09-14 18:11:59.233 A  PeachCommander[20687:10d08] (AppIntents) appintents:register process
2026-09-14 18:11:59.234 Df PeachCommander[20687:10d08] [com.apple.appintents:Connection] Created a new Process Instance Registry XPC connection (inactive)
2026-09-14 18:11:59.234 Df PeachCommander[20687:10d08] [com.apple.xpc:connection] [0xb2ec48780] activating connection: mach=true listener=false peer=false name=com.apple.linkd.autoShortcut
2026-09-14 18:11:59.234 Df PeachCommander[20687:10d08] [com.apple.appintents:Connection] Activated connection to linkd (ApplicationService)
2026-09-14 18:11:59.234 Df PeachCommander[20687:10d08] [com.apple.xpc:connection] [0xb2ec48a00] activating connection: mach=false listener=true peer=false name=(anonymous)
2026-09-14 18:11:59.234 I  PeachCommander[20687:10cff] [com.apple.launchservices:cas] information in shared memory for 0x0-0x106106 with seed 533 was still valid, so using cached info { "ApplicationType"="Foreground", "BuildMachineOSBuild"="25E246", "BundleIdentifierLowerCase"="com.peachcommander.app", "CFBundleDevelopmentRegion"="en", "CFBundleDocumentTypes"=( { "CFBundleTypeName"="Peach Commander Plugin Package", "CFBundleTypeRole"="Viewer", "LSHandlerRank"="Owner", "LSItemContentTypes"=( "com.peachcommander.plugin-package") }), "CFBundleExecutable"="PeachCommander", "CFBundleExecutablePath"="/Users/admin/pc-test/PeachCommander.app/Contents/MacOS/PeachCommander", "CFBundleExecutablePathDeviceID"=16777229, "CFBundleExecutablePathINode"=487524, "CFBundleHelpBookFolder"="PeachCommander.help", "CFBundleHelpBookName"="Peach Commander Help", "CFBundleIconFile"="AppIcon", "CFBundleIconName"="AppIcon", "CFBundleIdentifier"="com.peachcommander.app", "CFBundleInfoDictionaryVersion"="6.0", "CFBundleName"="PeachCommander", "CFBundleNameLowerCase"="peachcommander", "CFBundleNumericVersion"=402685952, "CFBundlePackageType"="APPL", "CFBundleShortVersionString"="0.9.0", "CFBun<…>
2026-09-14 18:11:59.234 I  PeachCommander[20687:10cff] [com.apple.hiservices:processmgr] TransformProcessType(0x0,0x2 => 1 wasFront=1 pickNew=0)
2026-09-14 18:11:59.234 I  PeachCommander[20687:10cff] [com.apple.CoreAnalytics:client] Dropping "com.apple.appkit.app_config" as it isn't used in any transform (not in the config or budgeted?)
2026-09-14 18:11:59.234 I  PeachCommander[20687:10d08] [com.apple.appintents:Execution] LNAppConnectionListener instantiated
2026-09-14 18:11:59.234 Df PeachCommander[20687:10d08] [com.apple.xpc:connection] [0xb2ec48a00] Connection returned listener port: 0x6603
2026-09-14 18:11:59.235 Df PeachCommander[20687:10cff] [com.apple.dt.xctest:Default] Registering for test daemon availability notify post.
2026-09-14 18:11:59.235 Df PeachCommander[20687:10d04] [com.apple.xpc:connection] [0xb2ec48780] Re-initialization successful; calling out to event handler with XPC_ERROR_CONNECTION_INTERRUPTED
2026-09-14 18:11:59.235 Df PeachCommander[20687:10d04] [com.apple.appintents:Connection] Process Instance Registry XPC connection has been interrupted
2026-09-14 18:11:59.235 Df PeachCommander[20687:10cff] [com.apple.dt.xctest:Default] notify_get_state check indicated test daemon not ready.
2026-09-14 18:11:59.235 E  PeachCommander[20687:10d08] [com.apple.appintents:Connection] Unable to get synchronousRemoteObjectProxy, error: Error Domain=NSCocoaErrorDomain Code=4097 "connection to service named com.apple.linkd.autoShortcut" UserInfo={NSDebugDescription=connection to service named com.apple.linkd.autoShortcut}
2026-09-14 18:11:59.235 E  PeachCommander[20687:10d08] [com.apple.AppKit:Application] Error registering app with intents framework: Error Domain=NSCocoaErrorDomain Code=4097 UserInfo={NSDebugDescription=<private>}
2026-09-14 18:11:59.235 Df PeachCommander[20687:10cff] [com.apple.dt.xctest:Default] notify_get_state check indicated test daemon not ready.
2026-09-14 18:11:59.235 Df PeachCommander[20687:10d04] [com.apple.appintents:Connection] Created a new Process Instance Registry XPC connection (inactive)
2026-09-14 18:11:59.235 A  PeachCommander[20687:10d04] (AppIntents) appintents:register process
2026-09-14 18:11:59.235 Df PeachCommander[20687:10d04] [com.apple.appintents:Connection] Created a new Process Instance Registry XPC connection (inactive)
2026-09-14 18:11:59.235 Df PeachCommander[20687:10d04] [com.apple.xpc:connection] [0xb2ec48c80] activating connection: mach=true listener=false peer=false name=com.apple.linkd.autoShortcut
2026-09-14 18:11:59.235 Df PeachCommander[20687:10cff] [com.apple.dt.xctest:Default] notify_get_state check indicated test daemon not ready.
2026-09-14 18:11:59.235 Df PeachCommander[20687:10d04] [com.apple.appintents:Connection] Activated connection to linkd (ApplicationService)
2026-09-14 18:11:59.235 Df PeachCommander[20687:10d04] [com.apple.xpc:connection] [0xb2ec48a00] Connection returned listener port: 0x6603
2026-09-14 18:11:59.235 Df PeachCommander[20687:10d08] [com.apple.xpc:connection] [0xb2ec48c80] Re-initialization successful; calling out to event handler with XPC_ERROR_CONNECTION_INTERRUPTED
2026-09-14 18:11:59.235 Df PeachCommander[20687:10d08] [com.apple.appintents:Connection] Process Instance Registry XPC connection has been interrupted
2026-09-14 18:11:59.235 E  PeachCommander[20687:10d04] [com.apple.appintents:Connection] Unable to get synchronousRemoteObjectProxy, error: Error Domain=NSCocoaErrorDomain Code=4097 "connection to service named com.apple.linkd.autoShortcut" UserInfo={NSDebugDescription=connection to service named com.apple.linkd.autoShortcut}
2026-09-14 18:11:59.235 E  PeachCommander[20687:10d04] [com.apple.appintents:Connection] Unable to re-register with Process Instance Registry, error: Error Domain=NSCocoaErrorDomain Code=4097 "connection to service named com.apple.linkd.autoShortcut" UserInfo={NSDebugDescription=connection to service named com.apple.linkd.autoShortcut}
2026-09-14 18:11:59.235 Df PeachCommander[20687:10d08] [com.apple.appintents:Connection] Created a new Process Instance Registry XPC connection (inactive)
2026-09-14 18:11:59.235 A  PeachCommander[20687:10d08] (AppIntents) appintents:register process
2026-09-14 18:11:59.235 Df PeachCommander[20687:10d08] [com.apple.appintents:Connection] Created a new Process Instance Registry XPC connection (inactive)
2026-09-14 18:11:59.235 Df PeachCommander[20687:10d08] [com.apple.xpc:connection] [0xb2ec492c0] activating connection: mach=true listener=false peer=false name=com.apple.linkd.autoShortcut
2026-09-14 18:11:59.235 Df PeachCommander[20687:10d08] [com.apple.appintents:Connection] Activated connection to linkd (ApplicationService)
2026-09-14 18:11:59.235 Df PeachCommander[20687:10d08] [com.apple.xpc:connection] [0xb2ec48a00] Connection returned listener port: 0x6603
2026-09-14 18:11:59.235 Df PeachCommander[20687:10d04] [com.apple.xpc:connection] [0xb2ec492c0] Re-initialization successful; calling out to event handler with XPC_ERROR_CONNECTION_INTERRUPTED
2026-09-14 18:11:59.235 Df PeachCommander[20687:10d04] [com.apple.appintents:Connection] Process Instance Registry XPC connection has been interrupted
2026-09-14 18:11:59.235 E  PeachCommander[20687:10d08] [com.apple.appintents:Connection] Unable to get synchronousRemoteObjectProxy, error: Error Domain=NSCocoaErrorDomain Code=4097 "connection to service named com.apple.linkd.autoShortcut" UserInfo={NSDebugDescription=connection to service named com.apple.linkd.autoShortcut}
2026-09-14 18:11:59.235 E  PeachCommander[20687:10d08] [com.apple.appintents:Connection] Unable to re-register with Process Instance Registry, error: Error Domain=NSCocoaErrorDomain Code=4097 "connection to service named com.apple.linkd.autoShortcut" UserInfo={NSDebugDescription=connection to service named com.apple.linkd.autoShortcut}
2026-09-14 18:11:59.235 Df PeachCommander[20687:10d04] [com.apple.appintents:Connection] Created a new Process Instance Registry XPC connection (inactive)
2026-09-14 18:11:59.235 A  PeachCommander[20687:10d04] (AppIntents) appintents:register process
2026-09-14 18:11:59.235 Df PeachCommander[20687:10d04] [com.apple.appintents:Connection] Created a new Process Instance Registry XPC connection (inactive)
2026-09-14 18:11:59.235 Df PeachCommander[20687:10d04] [com.apple.xpc:connection] [0xb2ec49540] activating connection: mach=true listener=false peer=false name=com.apple.linkd.autoShortcut
2026-09-14 18:11:59.235 Df PeachCommander[20687:10d04] [com.apple.appintents:Connection] Activated connection to linkd (ApplicationService)
2026-09-14 18:11:59.235 Df PeachCommander[20687:10d04] [com.apple.xpc:connection] [0xb2ec48a00] Connection returned listener port: 0x6603
2026-09-14 18:11:59.236 Df PeachCommander[20687:10d08] [com.apple.xpc:connection] [0xb2ec49540] Re-initialization successful; calling out to event handler with XPC_ERROR_CONNECTION_INTERRUPTED
2026-09-14 18:11:59.236 Df PeachCommander[20687:10d08] [com.apple.appintents:Connection] Process Instance Registry XPC connection has been interrupted
2026-09-14 18:11:59.236 E  PeachCommander[20687:10d08] [com.apple.appintents:Connection] Will NOT re-try to establish the connection
2026-09-14 18:11:59.236 E  PeachCommander[20687:10d04] [com.apple.appintents:Connection] Unable to get synchronousRemoteObjectProxy, error: Error Domain=NSCocoaErrorDomain Code=4097 "connection to service named com.apple.linkd.autoShortcut" UserInfo={NSDebugDescription=connection to service named com.apple.linkd.autoShortcut}
2026-09-14 18:11:59.236 E  PeachCommander[20687:10d04] [com.apple.appintents:Connection] Unable to re-register with Process Instance Registry, error: Error Domain=NSCocoaErrorDomain Code=4097 "connection to service named com.apple.linkd.autoShortcut" UserInfo={NSDebugDescription=connection to service named com.apple.linkd.autoShortcut}
2026-09-14 18:11:59.239 A  PeachCommander[20687:10cff] (CoreFoundation) Loading Preferences From System CFPrefsD
2026-09-14 18:11:59.240 Df PeachCommander[20687:10cff] (libMobileGestalt.dylib) couldn't load support library
2026-09-14 18:11:59.240 Df PeachCommander[20687:10cff] (libMobileGestalt.dylib) called dummy function!
2026-09-14 18:11:59.240 I  PeachCommander[20687:10cff] [com.apple.GenerativeModels:availability] Current availability state: unavailable, use cases: com.apple.WritingTools, language: <any>, api: <private>
2026-09-14 18:11:59.240 Df PeachCommander[20687:10cff] [com.apple.GenerativeModels:availability] registering darwin observer for name: com.apple.gms.availability.notification
2026-09-14 18:11:59.240 Df PeachCommander[20687:10cff] [com.apple.GenerativeModels:availability] registering darwin observer for name: com.apple.os-eligibility-domain.change.greymatter
2026-09-14 18:11:59.240 Df PeachCommander[20687:10cff] [com.apple.GenerativeModels:availability] registering darwin observer for name: com.apple.language.changed
2026-09-14 18:11:59.240 Df PeachCommander[20687:10cff] [com.apple.WritingTools:Default] isAvailable value changed: isMDMAllowed = true, gmAvailable (current) = false
2026-09-14 18:11:59.243 I  PeachCommander[20687:10cff] [com.apple.CoreAnalytics:client] Dropping "com.apple.appkit.app_config" as it isn't used in any transform (not in the config or budgeted?)
2026-09-14 18:11:59.246 Df PeachCommander[20687:10cff] [com.apple.AppKit:Appearance] NSApp cache appearance:
-NSRequiresAquaSystemAppearance: 0
-appearance: (null)
-effectiveAppearance: <NSCompositeAppearance: 0xb2f080460
 (
    "<NSAquaAppearance: 0xb2f0806e0>",
    "<NSSystemAppearance: 0xb2f080780>"
)>
2026-09-14 18:11:59.249 A  PeachCommander[20687:10cff] (CoreFoundation) Loading Preferences From User CFPrefsD
2026-09-14 18:11:59.249 A  PeachCommander[20687:10cff] (CoreFoundation) Loading Preferences From User CFPrefsD
2026-09-14 18:11:59.253 A  PeachCommander[20687:10d08] (libsystem_info.dylib) Membership API: translate identifier
2026-09-14 18:11:59.257 I  PeachCommander[20687:10cff] [com.apple.CoreAnalytics:client] Dropping "com.apple.appkit.app_config" as it isn't used in any transform (not in the config or budgeted?)
2026-09-14 18:11:59.257 I  PeachCommander[20687:10cff] [com.apple.CoreAnalytics:client] Dropping "com.apple.appkit.app_config" as it isn't used in any transform (not in the config or budgeted?)
2026-09-14 18:11:59.259 Df PeachCommander[20687:10d04] [com.apple.xpc:connection] [0xb2ec49a40] activating connection: mach=true listener=false peer=false name=com.apple.dock.fullscreen
2026-09-14 18:11:59.260 Df PeachCommander[20687:10cff] [com.apple.xpc:connection] [0xb2ec49b80] activating connection: mach=true listener=false peer=false name=com.apple.fonts
2026-09-14 18:11:59.262 I  PeachCommander[20687:10cff] [com.apple.launchservices:cas] information in shared memory for 0x0-0x106106 with seed 533 was still valid, so using cached info { "ApplicationType"="Foreground", "BuildMachineOSBuild"="25E246", "BundleIdentifierLowerCase"="com.peachcommander.app", "CFBundleDevelopmentRegion"="en", "CFBundleDocumentTypes"=( { "CFBundleTypeName"="Peach Commander Plugin Package", "CFBundleTypeRole"="Viewer", "LSHandlerRank"="Owner", "LSItemContentTypes"=( "com.peachcommander.plugin-package") }), "CFBundleExecutable"="PeachCommander", "CFBundleExecutablePath"="/Users/admin/pc-test/PeachCommander.app/Contents/MacOS/PeachCommander", "CFBundleExecutablePathDeviceID"=16777229, "CFBundleExecutablePathINode"=487524, "CFBundleHelpBookFolder"="PeachCommander.help", "CFBundleHelpBookName"="Peach Commander Help", "CFBundleIconFile"="AppIcon", "CFBundleIconName"="AppIcon", "CFBundleIdentifier"="com.peachcommander.app", "CFBundleInfoDictionaryVersion"="6.0", "CFBundleName"="PeachCommander", "CFBundleNameLowerCase"="peachcommander", "CFBundleNumericVersion"=402685952, "CFBundlePackageType"="APPL", "CFBundleShortVersionString"="0.9.0", "CFBun<…>
2026-09-14 18:11:59.263 I  PeachCommander[20687:10cff] [com.apple.CoreAnalytics:client] Dropping "com.apple.appkit.app_config" as it isn't used in any transform (not in the config or budgeted?)
2026-09-14 18:11:59.263 Df PeachCommander[20687:10cff] [com.apple.AppKit:AutomaticTermination] -[NSApplication(NSAppssassination) _checkForAutomaticTerminationSupportPossiblyEnablingIt]_block_invoke Enabling automatic termination support.
2026-09-14 18:11:59.263 Df PeachCommander[20687:10cff] [com.apple.xpc:connection] [0xb2ec48dc0] activating connection: mach=true listener=false peer=false name=com.apple.appkit.restoration_storage
2026-09-14 18:11:59.264 I  PeachCommander[20687:10cff] [com.apple.launchservices:cas] information in shared memory for 0x0-0x106106 with seed 533 was still valid, so using cached info { "ApplicationType"="Foreground", "BuildMachineOSBuild"="25E246", "BundleIdentifierLowerCase"="com.peachcommander.app", "CFBundleDevelopmentRegion"="en", "CFBundleDocumentTypes"=( { "CFBundleTypeName"="Peach Commander Plugin Package", "CFBundleTypeRole"="Viewer", "LSHandlerRank"="Owner", "LSItemContentTypes"=( "com.peachcommander.plugin-package") }), "CFBundleExecutable"="PeachCommander", "CFBundleExecutablePath"="/Users/admin/pc-test/PeachCommander.app/Contents/MacOS/PeachCommander", "CFBundleExecutablePathDeviceID"=16777229, "CFBundleExecutablePathINode"=487524, "CFBundleHelpBookFolder"="PeachCommander.help", "CFBundleHelpBookName"="Peach Commander Help", "CFBundleIconFile"="AppIcon", "CFBundleIconName"="AppIcon", "CFBundleIdentifier"="com.peachcommander.app", "CFBundleInfoDictionaryVersion"="6.0", "CFBundleName"="PeachCommander", "CFBundleNameLowerCase"="peachcommander", "CFBundleNumericVersion"=402685952, "CFBundlePackageType"="APPL", "CFBundleShortVersionString"="0.9.0", "CFBun<…>
2026-09-14 18:11:59.264 Df PeachCommander[20687:10cff] [com.apple.xpc:connection] [0xb2ec48f00] activating connection: mach=true listener=false peer=false name=com.apple.coreservices.appleevents
2026-09-14 18:11:59.264 I  PeachCommander[20687:10cff] [com.apple.appleevents:main] _AEGetRegisteredMachPort() created default port (port:64003/0xfa03 rcv:1 send:1 limit:5) and registered it with server
2026-09-14 18:11:59.264 Df PeachCommander[20687:10cff] [com.apple.xpc:connection] [0xb2ec48280] Connection returned listener port: 0x4103
2026-09-14 18:11:59.264 I  PeachCommander[20687:10cff] [com.apple.launchservices:cas] information in shared memory for 0x0-0x106106 with seed 533 was still valid, so using cached info { "ApplicationType"="Foreground", "BuildMachineOSBuild"="25E246", "BundleIdentifierLowerCase"="com.peachcommander.app", "CFBundleDevelopmentRegion"="en", "CFBundleDocumentTypes"=( { "CFBundleTypeName"="Peach Commander Plugin Package", "CFBundleTypeRole"="Viewer", "LSHandlerRank"="Owner", "LSItemContentTypes"=( "com.peachcommander.plugin-package") }), "CFBundleExecutable"="PeachCommander", "CFBundleExecutablePath"="/Users/admin/pc-test/PeachCommander.app/Contents/MacOS/PeachCommander", "CFBundleExecutablePathDeviceID"=16777229, "CFBundleExecutablePathINode"=487524, "CFBundleHelpBookFolder"="PeachCommander.help", "CFBundleHelpBookName"="Peach Commander Help", "CFBundleIconFile"="AppIcon", "CFBundleIconName"="AppIcon", "CFBundleIdentifier"="com.peachcommander.app", "CFBundleInfoDictionaryVersion"="6.0", "CFBundleName"="PeachCommander", "CFBundleNameLowerCase"="peachcommander", "CFBundleNumericVersion"=402685952, "CFBundlePackageType"="APPL", "CFBundleShortVersionString"="0.9.0", "CFBun<…>
2026-09-14 18:11:59.264 Df PeachCommander[20687:10cff] [com.apple.processmanager:front-35286506] SignalReady: pid=20687 asn=0x0-0x106106
2026-09-14 18:11:59.264 Df PeachCommander[20687:10cff] [com.apple.processmanager:front-35286506] SIGNAL: pid=20687 asn=0x0x-0x106106
2026-09-14 18:11:59.264 I  PeachCommander[20687:10cff] [com.apple.appleevents:main] aeGenerateFakeFirstOAPPEventIfNecessary()
2026-09-14 18:11:59.264 I  PeachCommander[20687:10cff] [com.apple.appleevents:main] aeGenerateFakeFirstOAPPEventIfNecessary(), needToCreateFakeOAPPEventIfFirstEvent == true
2026-09-14 18:11:59.264 I  PeachCommander[20687:10cff] [com.apple.launchservices:cas] Removing cached information for app [ 0x0-0x106106]  "PeachCommander", as its seed is different from that in shared memory ( 533 vs 535)
2026-09-14 18:11:59.265 I  PeachCommander[20687:10cff] [com.apple.CFPasteboard:entry] CopyData('DefaultAsciiKeyboardLayoutPasteboard' (<CFUUID 0xb2ec7ba20> C8CB1CBF-6A2A-4365-8991-32D33CC772B5) gen: -1 item: 1264739405 flavor: 'DefaultAsciiKeyboardLayoutFlavor')
2026-09-14 18:11:59.265 I  PeachCommander[20687:10cff] [com.apple.CFPasteboard:cache] Rebuilding cache for 'DefaultAsciiKeyboardLayoutPasteboard' (<CFUUID 0xb2ec7ba20> C8CB1CBF-6A2A-4365-8991-32D33CC772B5)
2026-09-14 18:11:59.265 I  PeachCommander[20687:10cff] [com.apple.CFPasteboard:exit] (not-in-cache) - result: -8 generation: 0 null data flags: 0
2026-09-14 18:11:59.265 A  PeachCommander[20687:10cff] (CoreFoundation) Loading Preferences From User CFPrefsD
2026-09-14 18:11:59.266 A  PeachCommander[20687:10cff] (CoreFoundation) Loading Preferences From System CFPrefsD
2026-09-14 18:11:59.266 I  PeachCommander[20687:10cff] [com.apple.CFPasteboard:entry] CopyData('AppleIntlFileCacheModificationDatePasteboard' (<CFUUID 0xb2ec7ba60> 8236D1C9-4BAB-4E4D-BC33-8F2B342FE8E0) gen: -1 item: 1 flavor: '-32766 1768845414')
2026-09-14 18:11:59.266 I  PeachCommander[20687:10cff] [com.apple.CFPasteboard:cache] Rebuilding cache for 'AppleIntlFileCacheModificationDatePasteboard' (<CFUUID 0xb2ec7ba60> 8236D1C9-4BAB-4E4D-BC33-8F2B342FE8E0)
2026-09-14 18:11:59.266 I  PeachCommander[20687:10cff] [com.apple.CFPasteboard:general] Will request data from daemon
2026-09-14 18:11:59.266 I  PeachCommander[20687:10cff] [com.apple.CFPasteboard:exit] (not-in-cache) - result: 0 generation: 2 data (310 bytes) flags: 0
2026-09-14 18:11:59.266 I  PeachCommander[20687:10cff] [com.apple.CFPasteboard:entry] CopyData('AppleIntlFileCacheModificationDatePasteboard' (<CFUUID 0xb2ec7ba60> 8236D1C9-4BAB-4E4D-BC33-8F2B342FE8E0) gen: -1 item: 1 flavor: '-32765 1802264953')
2026-09-14 18:11:59.266 I  PeachCommander[20687:10cff] [com.apple.CFPasteboard:general] Will request data from daemon
2026-09-14 18:11:59.267 I  PeachCommander[20687:10cff] [com.apple.CFPasteboard:exit] (not-in-cache) - result: 0 generation: 2 data (306 bytes) flags: 0
2026-09-14 18:11:59.267 I  PeachCommander[20687:10cff] [com.apple.CFPasteboard:entry] CopyData('AppleIntlFileCacheModificationDatePasteboard' (<CFUUID 0xb2ec7ba60> 8236D1C9-4BAB-4E4D-BC33-8F2B342FE8E0) gen: -1 item: 1 flavor: '-32764 1802264953')
2026-09-14 18:11:59.267 I  PeachCommander[20687:10cff] [com.apple.CFPasteboard:general] Will request data from daemon
2026-09-14 18:11:59.267 I  PeachCommander[20687:10cff] [com.apple.CFPasteboard:exit] (not-in-cache) - result: 0 generation: 2 data (281 bytes) flags: 0
2026-09-14 18:11:59.267 I  PeachCommander[20687:10cff] [com.apple.CFPasteboard:entry] CopyData('AppleIntlFileCacheModificationDatePasteboard' (<CFUUID 0xb2ec7ba60> 8236D1C9-4BAB-4E4D-BC33-8F2B342FE8E0) gen: -1 item: 1 flavor: '-32763 1802264953')
2026-09-14 18:11:59.267 I  PeachCommander[20687:10cff] [com.apple.CFPasteboard:general] Will request data from daemon
2026-09-14 18:11:59.267 I  PeachCommander[20687:10cff] [com.apple.CFPasteboard:exit] (not-in-cache) - result: 0 generation: 2 data (318 bytes) flags: 0
2026-09-14 18:11:59.267 I  PeachCommander[20687:10cff] [com.apple.CFPasteboard:entry] CopyData('AppleIntlFileCacheModificationDatePasteboard' (<CFUUID 0xb2ec7ba60> 8236D1C9-4BAB-4E4D-BC33-8F2B342FE8E0) gen: -1 item: 1 flavor: '-32765 1768845414')
2026-09-14 18:11:59.267 I  PeachCommander[20687:10cff] [com.apple.CFPasteboard:general] Will request data from daemon
2026-09-14 18:11:59.267 I  PeachCommander[20687:10cff] [com.apple.CFPasteboard:exit] (not-in-cache) - result: 0 generation: 2 data (303 bytes) flags: 0
2026-09-14 18:11:59.267 I  PeachCommander[20687:10cff] [com.apple.CFPasteboard:entry] CopyData('AppleIntlFileCacheModificationDatePasteboard' (<CFUUID 0xb2ec7ba60> 8236D1C9-4BAB-4E4D-BC33-8F2B342FE8E0) gen: -1 item: 1 flavor: '-32763 1768845414')
2026-09-14 18:11:59.267 I  PeachCommander[20687:10cff] [com.apple.CFPasteboard:general] Will request data from daemon
2026-09-14 18:11:59.267 I  PeachCommander[20687:10cff] [com.apple.CFPasteboard:exit] (not-in-cache) - result: 0 generation: 2 data (315 bytes) flags: 0
2026-09-14 18:11:59.268 I  PeachCommander[20687:10cff] [com.apple.launchservices:cas] information in shared memory for 0x0-0x106106 with seed 535 was still valid, so using cached info { "ApplicationType"="Foreground", "BuildMachineOSBuild"="25E246", "BundleIdentifierLowerCase"="com.peachcommander.app", "CFBundleDevelopmentRegion"="en", "CFBundleDocumentTypes"=( { "CFBundleTypeName"="Peach Commander Plugin Package", "CFBundleTypeRole"="Viewer", "LSHandlerRank"="Owner", "LSItemContentTypes"=( "com.peachcommander.plugin-package") }), "CFBundleExecutable"="PeachCommander", "CFBundleExecutablePath"="/Users/admin/pc-test/PeachCommander.app/Contents/MacOS/PeachCommander", "CFBundleExecutablePathDeviceID"=16777229, "CFBundleExecutablePathINode"=487524, "CFBundleHelpBookFolder"="PeachCommander.help", "CFBundleHelpBookName"="Peach Commander Help", "CFBundleIconFile"="AppIcon", "CFBundleIconName"="AppIcon", "CFBundleIdentifier"="com.peachcommander.app", "CFBundleInfoDictionaryVersion"="6.0", "CFBundleName"="PeachCommander", "CFBundleNameLowerCase"="peachcommander", "CFBundleNumericVersion"=402685952, "CFBundlePackageType"="APPL", "CFBundleShortVersionString"="0.9.0", "CFBun<…>
2026-09-14 18:11:59.269 Df PeachCommander[20687:10cff] [com.apple.xpc:connection] [0xb2ec49e00] activating connection: mach=false listener=false peer=false name=com.apple.ViewBridgeAuxiliary
2026-09-14 18:11:59.274 Df PeachCommander[20687:10cff] [com.apple.xpc:connection] [0xb2ec49cc0] activating connection: mach=false listener=false peer=false name=(anonymous)
2026-09-14 18:11:59.274 Df PeachCommander[20687:10cff] [com.apple.xpc:connection] [0xb2ec49f40] activating connection: mach=false listener=true peer=false name=(anonymous)
2026-09-14 18:11:59.274 Df PeachCommander[20687:10cff] [com.apple.xpc:connection] [0xb2ec49f40] Connection returned listener port: 0xf203
2026-09-14 18:11:59.274 Df PeachCommander[20687:10cff] [com.apple.xpc:connection] [0xb2ec49e00] invalidated after the last release of the connection object
2026-09-14 18:11:59.275 I  PeachCommander[20687:10cff] [com.apple.showhide:pr-59900543] SHOWHIDE: SHOW id=452 0x0-0x106106, err=0 eventTime=1424385505375 windowID=0
2026-09-14 18:11:59.275 I  PeachCommander[20687:10cff] [com.apple.CarbonCore:coreservicesdaemon] findOrCreateCacheable():findOrCreateCacheable(), factoryName=3 cacheableName=<private> fCacheables.size()=0
2026-09-14 18:11:59.275 I  PeachCommander[20687:10cff] [com.apple.CarbonCore:coreservicesdaemon] findOrCreateCacheable():findOrCreateCacheable(), result = 0xb2ec3bb80 (should be non-NULL)
2026-09-14 18:11:59.275 Df PeachCommander[20687:10cff] [com.apple.AppKit:AutomaticTermination] void _NSDisableAutomaticTerminationAndLog(NSString *) Restoring windows
2026-09-14 18:11:59.275 Df PeachCommander[20687:10cff] [com.apple.AppKit:StateRestoration] -[NSApplication _reopenWindowsAsNecessaryIncludingRestorableState:withFullFidelity:completionHandler:] shouldRestoreState=1 hasPersistentStateToRestore=0 shouldStillRestoreStateAfterPrompting=0
2026-09-14 18:11:59.275 Df PeachCommander[20687:10cff] [com.apple.xpc:connection] [0xb2ec49e00] activating connection: mach=true listener=false peer=false name=com.apple.window_proxies
2026-09-14 18:11:59.275 Df PeachCommander[20687:10cff] [com.apple.xpc:connection] [0xb2ec49e00] invalidated because the current process cancelled the connection by calling xpc_connection_cancel()
2026-09-14 18:11:59.275 I  PeachCommander[20687:10cff] [com.apple.SkyLight:processes] 0[outside of RPC]: SLSSetFrontProcessWithInfo(0x0-0x2 window=0 options=0x1
2026-09-14 18:11:59.276 I  PeachCommander[20687:10cff] [com.apple.CoreAnalytics:client] Dropping "com.apple.appkit.app_config" as it isn't used in any transform (not in the config or budgeted?)
2026-09-14 18:11:59.276 Df PeachCommander[20687:10cff] [com.apple.AppKit:AutomaticTermination] void _NSEnableAutomaticTerminationAndLog(NSString *) Restoring windows
2026-09-14 18:11:59.279 I  PeachCommander[20687:10cff] [com.apple.CoreAnalytics:client] Dropping "com.apple.appkit.app_config" as it isn't used in any transform (not in the config or budgeted?)
2026-09-14 18:11:59.279 I  PeachCommander[20687:10cff] [com.apple.CoreAnalytics:client] Dropping "com.apple.appkit.app_config" as it isn't used in any transform (not in the config or budgeted?)
2026-09-14 18:11:59.292 A  PeachCommander[20687:10cff] (CoreFoundation) Loading Preferences From User CFPrefsD
2026-09-14 18:11:59.298 A  PeachCommander[20687:10d0e] (RunningBoardServices) didChangeInheritances
2026-09-14 18:11:59.299 I  PeachCommander[20687:10cff] [com.peachcommander:PCFoundation] VolumeManager initialized
2026-09-14 18:11:59.321 Df PeachCommander[20687:10cff] [com.apple.BoardServices:XPCErrors] [C:1] Alloc <private>
2026-09-14 18:11:59.321 Df PeachCommander[20687:10cff] [com.apple.xpc:connection] [0xb2eefd180] activating connection: mach=false listener=false peer=false name=(anonymous)
2026-09-14 18:11:59.324 I  PeachCommander[20687:10cff] [com.apple.AppKit:Window] context (0 -> 91d5cec6) for window 43b
2026-09-14 18:11:59.325 Df PeachCommander[20687:10d0e] [com.apple.corespotlight:index] (<private>) deleteSearchableItemsWithDomainIdentifiers, protectionClass:(null), domainIdentifiers number:1
2026-09-14 18:11:59.325 A  PeachCommander[20687:10d0e] (CoreSpotlight) delete-domains
2026-09-14 18:11:59.325 Df PeachCommander[20687:10d04] [com.apple.corespotlight:index] CSInlineDonation:<private>: Skipping donation (feature flag disabled)
2026-09-14 18:11:59.325 Df PeachCommander[20687:10d04] (CoreSpotlight) sConnectionName: com.apple.spotlight.IndexAgent
2026-09-14 18:11:59.325 Df PeachCommander[20687:10d04] (CoreSpotlight) Start service name com.apple.spotlight.IndexAgent
2026-09-14 18:11:59.325 I  PeachCommander[20687:10cff] [com.peachcommander:PCFoundation] MainWindowController initialized (config: <private>)
2026-09-14 18:11:59.325 Df PeachCommander[20687:10d04] [com.apple.xpc:connection] [0xb2eefd400] activating connection: mach=true listener=false peer=false name=com.apple.spotlight.IndexAgent
2026-09-14 18:11:59.325 I  PeachCommander[20687:10cff] [com.peachcommander:PCFoundation] SelectionState initialized
2026-09-14 18:11:59.325 I  PeachCommander[20687:10cff] [com.peachcommander:PCFoundation] DirectoryModel initialized
2026-09-14 18:11:59.325 I  PeachCommander[20687:10cff] [com.peachcommander:PCFoundation] VolumeManager initialized
2026-09-14 18:11:59.325 I  PeachCommander[20687:10cff] [com.peachcommander:PCFoundation] PanelController initialized for <private> panel
2026-09-14 18:11:59.326 I  PeachCommander[20687:10cff] [com.peachcommander:PCFoundation] SelectionState initialized
2026-09-14 18:11:59.326 I  PeachCommander[20687:10cff] [com.peachcommander:PCFoundation] DirectoryModel initialized
2026-09-14 18:11:59.326 I  PeachCommander[20687:10cff] [com.peachcommander:PCFoundation] VolumeManager initialized
2026-09-14 18:11:59.326 I  PeachCommander[20687:10cff] [com.peachcommander:PCFoundation] PanelController initialized for <private> panel
2026-09-14 18:11:59.331 I  PeachCommander[20687:10cff] [com.apple.AppKit:Animation] Running new animation: <private>
2026-09-14 18:11:59.331 I  PeachCommander[20687:10cff] [com.apple.AppKit:Animation] Running new animation: <private>
2026-09-14 18:11:59.331 I  PeachCommander[20687:10cff] [com.apple.AppKit:Animation] Running new animation: <private>
2026-09-14 18:11:59.331 I  PeachCommander[20687:10cff] [com.apple.AppKit:Animation] Running new animation: <private>
2026-09-14 18:11:59.331 I  PeachCommander[20687:10cff] [com.apple.AppKit:Animation] Running new animation: <private>
2026-09-14 18:11:59.333 I  PeachCommander[20687:10cff] [com.apple.AppKit:Animation] Running new animation: <private>
2026-09-14 18:11:59.333 I  PeachCommander[20687:10cff] [com.apple.AppKit:Animation] Running new animation: <private>
2026-09-14 18:11:59.333 I  PeachCommander[20687:10cff] [com.apple.AppKit:Animation] Running new animation: <private>
2026-09-14 18:11:59.333 I  PeachCommander[20687:10cff] [com.apple.AppKit:Animation] Running new animation: <private>
2026-09-14 18:11:59.334 I  PeachCommander[20687:10cff] [com.apple.AppKit:Animation] Running new animation: <private>
2026-09-14 18:11:59.341 I  PeachCommander[20687:10cff] [com.apple.CoreAnalytics:client] Dropping "com.apple.appkit.app_config" as it isn't used in any transform (not in the config or budgeted?)
2026-09-14 18:11:59.344 I  PeachCommander[20687:10cff] [com.apple.CoreAnalytics:client] Dropping "com.apple.appkit.app_config" as it isn't used in any transform (not in the config or budgeted?)
2026-09-14 18:11:59.348 I  PeachCommander[20687:10cff] [com.apple.launchservices:datasep] application record search init. Node: <FSNode 0xb2e982ba0> { isDir = ?, path = <private> } bundleID: (null) itemID: 0
2026-09-14 18:11:59.350 I  PeachCommander[20687:10cff] [com.apple.GenerativeModels:availability] Current availability state: unavailable, use cases: com.apple.Settings.AppleIntelligence,com.apple.Siri.NLRouter, language: en, api: <private>
2026-09-14 18:11:59.350 Df PeachCommander[20687:10cff] [com.apple.GenerativeModels:availability] isOkayToHaveAsset: False
2026-09-14 18:11:59.350 E  PeachCommander[20687:10cff] [com.apple.siri:Utility] AFIsDeviceGreymatterEligible Missing entitlements for os_eligibility lookup
2026-09-14 18:11:59.350 I  PeachCommander[20687:10cff] [com.apple.GenerativeModels:availability] Current availability state: unavailable, use cases: com.apple.Settings.AppleIntelligence, language: en, api: <private>
2026-09-14 18:11:59.350 Df PeachCommander[20687:10cff] [com.apple.GenerativeModels:availability] isOkayToHaveAsset: False
2026-09-14 18:11:59.350 Df PeachCommander[20687:10cff] [com.apple.siri:Utility] -[AFSystemAssistantExperienceStatusManager fetchGenerativeModelsAvailability] #SAEStatus #cacheUpdate Updating cache:
deviceSupportsSAE: 0 (0)
       saeEnabled: 0 (0)
     saeAvailable: 0 (0)
      swaiEnabled: 0 (0)
        viEnabled: 0 (0)
        siriAvailability:
        <private>
        ((null))
2026-09-14 18:11:59.350 Df PeachCommander[20687:10cff] [com.apple.xpc:connection] [0xb2ea18140] activating connection: mach=true listener=false peer=false name=com.apple.iconservices
2026-09-14 18:11:59.351 Df PeachCommander[20687:10cff] [com.apple.xpc:connection] [0xb2ea18280] activating connection: mach=true listener=false peer=false name=com.apple.iconservices.store
2026-09-14 18:11:59.357 I  PeachCommander[20687:10cff] [com.peachcommander:Theme] no user themes in /Users/admin/pc-cfg/themes
2026-09-14 18:11:59.357 Df PeachCommander[20687:10cff] [com.apple.AppKit:Appearance] Invalidate NSApp effectiveAppearance
2026-09-14 18:11:59.357 Df PeachCommander[20687:10cff] [com.apple.AppKit:Appearance] NSApp cache appearance:
-NSRequiresAquaSystemAppearance: 0
-appearance: <NSCompositeAppearance: 0xb2f0819a0
 (
    "<NSDarkAquaAppearance: 0xb2f081a40>",
    "<NSSystemAppearance: 0xb2f080780>"
)>
-effectiveAppearance: <NSCompositeAppearance: 0xb2f0819a0
 (
    "<NSDarkAquaAppearance: 0xb2f081a40>",
    "<NSSystemAppearance: 0xb2f080780>"
)>
2026-09-14 18:11:59.360 I  PeachCommander[20687:10cff] [com.peachcommander:PCFoundation] Theme applied: id=norton, appearance=dark, dark=true, background=#0000AA
2026-09-14 18:11:59.393 I  PeachCommander[20687:10cff] [com.apple.iconservices:foundation] layer data size zero
2026-09-14 18:11:59.393 I  PeachCommander[20687:10cff] [com.apple.CoreAnalytics:client] Dropping "com.apple.appkit.app_config" as it isn't used in any transform (not in the config or budgeted?)
2026-09-14 18:11:59.398 I  PeachCommander[20687:10cff] [com.peachcommander:PCFoundation] Keymap loaded: scheme=<private>, 82 effective bindings
2026-09-14 18:11:59.400 I  PeachCommander[20687:10cff] [com.apple.AppKit:Animation] Running new animation: <private>
2026-09-14 18:11:59.400 I  PeachCommander[20687:10cff] [com.apple.AppKit:Animation] Running new animation: <private>
2026-09-14 18:11:59.400 I  PeachCommander[20687:10cff] [com.apple.AppKit:Animation] Running new animation: <private>
2026-09-14 18:11:59.400 I  PeachCommander[20687:10cff] [com.apple.AppKit:Animation] Running new animation: <private>
2026-09-14 18:11:59.400 I  PeachCommander[20687:10cff] [com.apple.AppKit:Animation] Running new animation: <private>
2026-09-14 18:11:59.400 I  PeachCommander[20687:10cff] [com.apple.AppKit:Animation] Running new animation: <private>
2026-09-14 18:11:59.400 I  PeachCommander[20687:10cff] [com.apple.AppKit:Animation] Running new animation: <private>
2026-09-14 18:11:59.400 I  PeachCommander[20687:10cff] [com.apple.AppKit:Animation] Running new animation: <private>
2026-09-14 18:11:59.400 I  PeachCommander[20687:10cff] [com.apple.AppKit:Animation] Running new animation: <private>
2026-09-14 18:11:59.400 I  PeachCommander[20687:10cff] [com.apple.AppKit:Animation] Running new animation: <private>
2026-09-14 18:11:59.404 I  PeachCommander[20687:10cff] [com.apple.CoreAnalytics:client] Dropping "<private>" as it isn't used in any transform (not in the config or budgeted?)
2026-09-14 18:11:59.404 I  PeachCommander[20687:10cff] [com.apple.CoreAnalytics:client] Dropping "<private>" as it isn't used in any transform (not in the config or budgeted?)
2026-09-14 18:11:59.404 I  PeachCommander[20687:10cff] [com.apple.CoreAnalytics:client] Dropping "<private>" as it isn't used in any transform (not in the config or budgeted?)
2026-09-14 18:11:59.405 I  PeachCommander[20687:10cff] [com.peachcommander:PCFoundation] MainWindowController window loaded
2026-09-14 18:11:59.405 I  PeachCommander[20687:10cff] [com.apple.launchservices:cas] information in shared memory for 0x0-0x106106 with seed 535 was still valid, so using cached info { "ApplicationType"="Foreground", "BuildMachineOSBuild"="25E246", "BundleIdentifierLowerCase"="com.peachcommander.app", "CFBundleDevelopmentRegion"="en", "CFBundleDocumentTypes"=( { "CFBundleTypeName"="Peach Commander Plugin Package", "CFBundleTypeRole"="Viewer", "LSHandlerRank"="Owner", "LSItemContentTypes"=( "com.peachcommander.plugin-package") }), "CFBundleExecutable"="PeachCommander", "CFBundleExecutablePath"="/Users/admin/pc-test/PeachCommander.app/Contents/MacOS/PeachCommander", "CFBundleExecutablePathDeviceID"=16777229, "CFBundleExecutablePathINode"=487524, "CFBundleHelpBookFolder"="PeachCommander.help", "CFBundleHelpBookName"="Peach Commander Help", "CFBundleIconFile"="AppIcon", "CFBundleIconName"="AppIcon", "CFBundleIdentifier"="com.peachcommander.app", "CFBundleInfoDictionaryVersion"="6.0", "CFBundleName"="PeachCommander", "CFBundleNameLowerCase"="peachcommander", "CFBundleNumericVersion"=402685952, "CFBundlePackageType"="APPL", "CFBundleShortVersionString"="0.9.0", "CFBun<…>
2026-09-14 18:11:59.405 I  PeachCommander[20687:10cff] [com.apple.launchservices:cas] information in shared memory for 0x0-0x106106 with seed 535 was still valid, so using cached info { "ApplicationType"="Foreground", "BuildMachineOSBuild"="25E246", "BundleIdentifierLowerCase"="com.peachcommander.app", "CFBundleDevelopmentRegion"="en", "CFBundleDocumentTypes"=( { "CFBundleTypeName"="Peach Commander Plugin Package", "CFBundleTypeRole"="Viewer", "LSHandlerRank"="Owner", "LSItemContentTypes"=( "com.peachcommander.plugin-package") }), "CFBundleExecutable"="PeachCommander", "CFBundleExecutablePath"="/Users/admin/pc-test/PeachCommander.app/Contents/MacOS/PeachCommander", "CFBundleExecutablePathDeviceID"=16777229, "CFBundleExecutablePathINode"=487524, "CFBundleHelpBookFolder"="PeachCommander.help", "CFBundleHelpBookName"="Peach Commander Help", "CFBundleIconFile"="AppIcon", "CFBundleIconName"="AppIcon", "CFBundleIdentifier"="com.peachcommander.app", "CFBundleInfoDictionaryVersion"="6.0", "CFBundleName"="PeachCommander", "CFBundleNameLowerCase"="peachcommander", "CFBundleNumericVersion"=402685952, "CFBundlePackageType"="APPL", "CFBundleShortVersionString"="0.9.0", "CFBun<…>
2026-09-14 18:11:59.417 I  PeachCommander[20687:10cff] [com.apple.AppKit:Window] order window front conditionally: 43b related: 0
2026-09-14 18:11:59.417 Df PeachCommander[20687:10cff] [com.apple.AppKit:AutomaticTermination] void _NSEnableAutomaticTerminationAndLog(NSString *) No windows open yet
2026-09-14 18:11:59.417 I  PeachCommander[20687:10cff] [com.apple.AppKit:Intelligence] starting collection observation
2026-09-14 18:11:59.417 Df PeachCommander[20687:10d03] [com.apple.UIIntelligenceSupport:xpc] establishing connection to agent
2026-09-14 18:11:59.417 Df PeachCommander[20687:10d03] [com.apple.xpc:session] [0xb2fd01590] Session created.
2026-09-14 18:11:59.417 Df PeachCommander[20687:10d03] [com.apple.xpc:session] [0xb2fd01590] Session created from connection [0xb2ea1a440]
2026-09-14 18:11:59.417 Df PeachCommander[20687:10d03] [com.apple.xpc:connection] [0xb2ea1a440] activating connection: mach=true listener=false peer=false name=com.apple.uiintelligencesupport.agent
2026-09-14 18:11:59.417 Df PeachCommander[20687:10d03] [com.apple.xpc:session] [0xb2fd01590] Session activated
2026-09-14 18:11:59.418 I  PeachCommander[20687:10cff] [com.apple.SkyLight:processes] 0[outside of RPC]: SLSSetFrontProcessWithInfo(0x0-0x2 window=0 options=0x1
2026-09-14 18:11:59.418 Df PeachCommander[20687:10d04] [com.apple.UIIntelligenceSupport:xpc] Connection established with agent PID: 1211
2026-09-14 18:11:59.418 I  PeachCommander[20687:10cff] [com.apple.launchservices:cas] information in shared memory for 0x0-0x106106 with seed 535 was still valid, so using cached info { "ApplicationType"="Foreground", "BuildMachineOSBuild"="25E246", "BundleIdentifierLowerCase"="com.peachcommander.app", "CFBundleDevelopmentRegion"="en", "CFBundleDocumentTypes"=( { "CFBundleTypeName"="Peach Commander Plugin Package", "CFBundleTypeRole"="Viewer", "LSHandlerRank"="Owner", "LSItemContentTypes"=( "com.peachcommander.plugin-package") }), "CFBundleExecutable"="PeachCommander", "CFBundleExecutablePath"="/Users/admin/pc-test/PeachCommander.app/Contents/MacOS/PeachCommander", "CFBundleExecutablePathDeviceID"=16777229, "CFBundleExecutablePathINode"=487524, "CFBundleHelpBookFolder"="PeachCommander.help", "CFBundleHelpBookName"="Peach Commander Help", "CFBundleIconFile"="AppIcon", "CFBundleIconName"="AppIcon", "CFBundleIdentifier"="com.peachcommander.app", "CFBundleInfoDictionaryVersion"="6.0", "CFBundleName"="PeachCommander", "CFBundleNameLowerCase"="peachcommander", "CFBundleNumericVersion"=402685952, "CFBundlePackageType"="APPL", "CFBundleShortVersionString"="0.9.0", "CFBun<…>
2026-09-14 18:11:59.419 Df PeachCommander[20687:10cff] [com.apple.xpc:connection] [0xb2ea1a580] activating connection: mach=true listener=false peer=false name=com.apple.FileCoordination
2026-09-14 18:11:59.419 Df PeachCommander[20687:10d04] [com.apple.foundation.filecoordination:presenter] Adding presenter F99DAEB8-BBF2-4BAE-8CD1-8153A435E9E7 for URL: <private>
2026-09-14 18:11:59.419 I  PeachCommander[20687:10cff] [com.apple.launchservices:cas] information in shared memory for 0x0-0x106106 with seed 535 was still valid, so using cached info { "ApplicationType"="Foreground", "BuildMachineOSBuild"="25E246", "BundleIdentifierLowerCase"="com.peachcommander.app", "CFBundleDevelopmentRegion"="en", "CFBundleDocumentTypes"=( { "CFBundleTypeName"="Peach Commander Plugin Package", "CFBundleTypeRole"="Viewer", "LSHandlerRank"="Owner", "LSItemContentTypes"=( "com.peachcommander.plugin-package") }), "CFBundleExecutable"="PeachCommander", "CFBundleExecutablePath"="/Users/admin/pc-test/PeachCommander.app/Contents/MacOS/PeachCommander", "CFBundleExecutablePathDeviceID"=16777229, "CFBundleExecutablePathINode"=487524, "CFBundleHelpBookFolder"="PeachCommander.help", "CFBundleHelpBookName"="Peach Commander Help", "CFBundleIconFile"="AppIcon", "CFBundleIconName"="AppIcon", "CFBundleIdentifier"="com.peachcommander.app", "CFBundleInfoDictionaryVersion"="6.0", "CFBundleName"="PeachCommander", "CFBundleNameLowerCase"="peachcommander", "CFBundleNumericVersion"=402685952, "CFBundlePackageType"="APPL", "CFBundleShortVersionString"="0.9.0", "CFBun<…>
2026-09-14 18:11:59.424 I  PeachCommander[20687:10cff] [com.apple.AppKit:Window] order all windows front 1424385505375
2026-09-14 18:11:59.424 I  PeachCommander[20687:10cff] [com.apple.launchservices:cas] information in shared memory for 0x0-0x106106 with seed 535 was still valid, so using cached info { "ApplicationType"="Foreground", "BuildMachineOSBuild"="25E246", "BundleIdentifierLowerCase"="com.peachcommander.app", "CFBundleDevelopmentRegion"="en", "CFBundleDocumentTypes"=( { "CFBundleTypeName"="Peach Commander Plugin Package", "CFBundleTypeRole"="Viewer", "LSHandlerRank"="Owner", "LSItemContentTypes"=( "com.peachcommander.plugin-package") }), "CFBundleExecutable"="PeachCommander", "CFBundleExecutablePath"="/Users/admin/pc-test/PeachCommander.app/Contents/MacOS/PeachCommander", "CFBundleExecutablePathDeviceID"=16777229, "CFBundleExecutablePathINode"=487524, "CFBundleHelpBookFolder"="PeachCommander.help", "CFBundleHelpBookName"="Peach Commander Help", "CFBundleIconFile"="AppIcon", "CFBundleIconName"="AppIcon", "CFBundleIdentifier"="com.peachcommander.app", "CFBundleInfoDictionaryVersion"="6.0", "CFBundleName"="PeachCommander", "CFBundleNameLowerCase"="peachcommander", "CFBundleNumericVersion"=402685952, "CFBundlePackageType"="APPL", "CFBundleShortVersionString"="0.9.0", "CFBun<…>
2026-09-14 18:11:59.424 I  PeachCommander[20687:10cff] [com.apple.showhide:pr-59900543] SHOWHIDE: CONFIRM, id=452, err=0
2026-09-14 18:11:59.424 I  PeachCommander[20687:10cff] [com.apple.AppKit:Window] context (0 -> bc803b9d) for window 43a
2026-09-14 18:11:59.424 I  PeachCommander[20687:10cff] [com.apple.AppKit:Window] context (0 -> 79bb9a57) for window 439
2026-09-14 18:11:59.424 I  PeachCommander[20687:10cff] [com.apple.AppKit:Window] context (0 -> d87e9403) for window 438
2026-09-14 18:11:59.424 I  PeachCommander[20687:10cff] [com.apple.AppKit:Window] context (0 -> c16249b7) for window 437
2026-09-14 18:11:59.447 I  PeachCommander[20687:10cff] [com.apple.iconservices:foundation] layer data size zero
2026-09-14 18:11:59.460 Df PeachCommander[20687:10cff] [com.apple.AppKit:AutomaticTermination] void _updateToReflectAutomaticTerminationState(void) Setting _kLSApplicationWouldBeTerminatedByTALKey=0
2026-09-14 18:11:59.461 I  PeachCommander[20687:10cff] [com.apple.runningboard:assertion] Acquiring assertion: <RBSAssertionDescriptor| "AppNap adapter assertion" ID:(null) target:20687>
2026-09-14 18:11:59.492 A  PeachCommander[20687:10d08] (RunningBoardServices) didChangeInheritances
2026-09-14 18:11:59.536 Df PeachCommander[20687:10cff] [com.apple.libsystem.libdispatch:] DEPRECATED USE in libdispatch client: dispatch source activated with no event handler set; set a breakpoint on _dispatch_bug_deprecated to debug
2026-09-14 18:11:59.668 I  PeachCommander[20687:10cff] [com.apple.coreanimation:Utilities] IOSurface Compression Enabled: NO
2026-09-14 18:11:59.669 Df PeachCommander[20687:10d08] [com.apple.coreanimation:Metal] Precompiled pipelines disabled on unsupported hardware.
2026-09-14 18:11:59.676 I  PeachCommander[20687:10cff] [com.apple.CarbonCore:gestalt] SetGestaltValuesBulk SetGestaltValuesBulk( count=22 tuples=0x18b4fe650
2026-09-14 18:11:59.676 I  PeachCommander[20687:10cff] [com.apple.CarbonCore:gestalt] SetGestaltValue SetGestaltValue(alis 1C9) => 0
2026-09-14 18:11:59.676 I  PeachCommander[20687:10cff] [com.apple.CarbonCore:gestalt] SetGestaltValue SetGestaltValue(os   FE) => 0
2026-09-14 18:11:59.676 I  PeachCommander[20687:10cff] [com.apple.CarbonCore:gestalt] SetGestaltValue SetGestaltValue(addr 7) => 0
2026-09-14 18:11:59.676 I  PeachCommander[20687:10cff] [com.apple.CarbonCore:gestalt] SetGestaltValue SetGestaltValue(fs   3D332) => 0
2026-09-14 18:11:59.676 I  PeachCommander[20687:10cff] [com.apple.CarbonCore:gestalt] SetGestaltValue SetGestaltValue(fold 11) => 0
2026-09-14 18:11:59.676 I  PeachCommander[20687:10cff] [com.apple.CarbonCore:gestalt] SetGestaltValue SetGestaltValue(lram 7FFFF000) => 0
2026-09-14 18:11:59.676 I  PeachCommander[20687:10cff] [com.apple.CarbonCore:gestalt] SetGestaltValue SetGestaltValue(mmap 1) => 0
2026-09-14 18:11:59.676 I  PeachCommander[20687:10cff] [com.apple.CarbonCore:gestalt] SetGestaltValue SetGestaltValue(cfrg 1) => 0
2026-09-14 18:11:59.676 I  PeachCommander[20687:10cff] [com.apple.CarbonCore:gestalt] SetGestaltValue SetGestaltValue(thds 7) => 0
2026-09-14 18:11:59.676 I  PeachCommander[20687:10cff] [com.apple.CarbonCore:gestalt] SetGestaltValue SetGestaltValue(tmgr E) => 0
2026-09-14 18:11:59.676 I  PeachCommander[20687:10cff] [com.apple.CarbonCore:gestalt] SetGestaltValue SetGestaltValue(vers 7) => 0
2026-09-14 18:11:59.676 I  PeachCommander[20687:10cff] [com.apple.CarbonCore:gestalt] SetGestaltValue SetGestaltValue(cbon 160) => 0
2026-09-14 18:11:59.676 I  PeachCommander[20687:10cff] [com.apple.CarbonCore:gestalt] SetGestaltValue SetGestaltValue(cltn 1108000) => 0
2026-09-14 18:11:59.676 I  PeachCommander[20687:10cff] [com.apple.CarbonCore:gestalt] SetGestaltValue SetGestaltValue(cpnt 8) => 0
2026-09-14 18:11:59.676 I  PeachCommander[20687:10cff] [com.apple.CarbonCore:gestalt] SetGestaltValue SetGestaltValue(rsrc 3) => 0
2026-09-14 18:11:59.676 I  PeachCommander[20687:10cff] [com.apple.CarbonCore:gestalt] SetGestaltValue SetGestaltValue(rmbg 11F) => 0
2026-09-14 18:11:59.676 I  PeachCommander[20687:10cff] [com.apple.CarbonCore:gestalt] SetGestaltValue SetGestaltValue(vm   11) => 0
2026-09-14 18:11:59.676 I  PeachCommander[20687:10cff] [com.apple.CarbonCore:gestalt] SetGestaltValue SetGestaltValue(srad 4170706C) => 0
2026-09-14 18:11:59.676 I  PeachCommander[20687:10cff] [com.apple.CarbonCore:gestalt] SetGestaltValue SetGestaltValue(sysa 14) => 0
2026-09-14 18:11:59.676 I  PeachCommander[20687:10cff] [com.apple.CarbonCore:gestalt] SetGestaltValue SetGestaltValue(copl 9) => 0
2026-09-14 18:11:59.676 I  PeachCommander[20687:10cff] [com.apple.CarbonCore:gestalt] SetGestaltValue SetGestaltValue(xlat 0) => 0
2026-09-14 18:11:59.676 I  PeachCommander[20687:10cff] [com.apple.CarbonCore:gestalt] SetGestaltValue SetGestaltValue(stdf 0) => 0
2026-09-14 18:11:59.676 I  PeachCommander[20687:10cff] [com.apple.CarbonCore:gestalt] _NewGestalt _NewGestalt(ram  0x18b477644) => 0
2026-09-14 18:11:59.676 I  PeachCommander[20687:10cff] [com.apple.CarbonCore:gestalt] _NewGestalt _NewGestalt(ramm 0x18b477644) => 0
2026-09-14 18:11:59.676 I  PeachCommander[20687:10cff] [com.apple.CarbonCore:gestalt] _NewGestalt _NewGestalt(cput 0x18b477734) => 0
2026-09-14 18:11:59.676 I  PeachCommander[20687:10cff] [com.apple.CarbonCore:gestalt] _NewGestalt _NewGestalt(cpuf 0x18b477764) => 0
2026-09-14 18:11:59.676 I  PeachCommander[20687:10cff] [com.apple.CarbonCore:gestalt] _NewGestalt _NewGestalt(bclk 0x18b477794) => 0
2026-09-14 18:11:59.676 I  PeachCommander[20687:10cff] [com.apple.CarbonCore:gestalt] _NewGestalt _NewGestalt(bclm 0x18b477794) => 0
2026-09-14 18:11:59.676 I  PeachCommander[20687:10cff] [com.apple.CarbonCore:gestalt] _NewGestalt _NewGestalt(pclk 0x18b477834) => 0
2026-09-14 18:11:59.676 I  PeachCommander[20687:10cff] [com.apple.CarbonCore:gestalt] _NewGestalt _NewGestalt(mclk 0x18b477834) => 0
2026-09-14 18:11:59.676 I  PeachCommander[20687:10cff] [com.apple.CarbonCore:gestalt] _NewGestalt _NewGestalt(a/ux 0x18b47794c) => 0
2026-09-14 18:11:59.676 I  PeachCommander[20687:10cff] [com.apple.CarbonCore:gestalt] _NewGestalt _NewGestalt(pgsz 0x18b477954) => 0
2026-09-14 18:11:59.676 I  PeachCommander[20687:10cff] [com.apple.CarbonCore:gestalt] _NewGestalt _NewGestalt(csiz 0x18b477994) => 0
2026-09-14 18:11:59.676 I  PeachCommander[20687:10cff] [com.apple.CarbonCore:gestalt] _NewGestalt _NewGestalt(sysv 0x18b422dfc) => 0
2026-09-14 18:11:59.676 I  PeachCommander[20687:10cff] [com.apple.CarbonCore:gestalt] _NewGestalt _NewGestalt(sys1 0x18b422dfc) => 0
2026-09-14 18:11:59.676 I  PeachCommander[20687:10cff] [com.apple.CarbonCore:gestalt] _NewGestalt _NewGestalt(sys2 0x18b422dfc) => 0
2026-09-14 18:11:59.676 I  PeachCommander[20687:10cff] [com.apple.CarbonCore:gestalt] _NewGestalt _NewGestalt(sys3 0x18b422dfc) => 0
2026-09-14 18:11:59.676 I  PeachCommander[20687:10cff] [com.apple.CarbonCore:gestalt] _NewGestalt _NewGestalt(cdfl 0x18b4779d4) => 0
2026-09-14 18:11:59.676 I  PeachCommander[20687:10cff] [com.apple.CarbonCore:gestalt] _NewGestalt _NewGestalt(cdrm 0x18b477c30) => 0
2026-09-14 18:11:59.676 I  PeachCommander[20687:10cff] [com.apple.CarbonCore:gestalt] _NewGestalt _NewGestalt(cpus 0x18b477c78) => 0
2026-09-14 18:11:59.676 I  PeachCommander[20687:10cff] [com.apple.CarbonCore:gestalt] SetGestaltValue SetGestaltValue(swex 1) => 0
2026-09-14 18:11:59.676 Df PeachCommander[20687:10cff] [com.apple.xpc:connection] [0xb2ec4bc00] activating connection: mach=false listener=false peer=false name=com.apple.hiservices-xpcservice
2026-09-14 18:11:59.678 I  PeachCommander[20687:10cff] [com.apple.CFPasteboard:entry] CopyData('ApplePerContextInputPasteboard' (<CFUUID 0xb2ef68dc0> 118FB587-CCF1-4C7B-A5E9-0BC54F6CEDD8) gen: -1 item: 1264739405 flavor: 'ApplePerContextInputFlavor')
2026-09-14 18:11:59.678 I  PeachCommander[20687:10cff] [com.apple.CFPasteboard:cache] Rebuilding cache for 'ApplePerContextInputPasteboard' (<CFUUID 0xb2ef68dc0> 118FB587-CCF1-4C7B-A5E9-0BC54F6CEDD8)
2026-09-14 18:11:59.678 I  PeachCommander[20687:10cff] [com.apple.CFPasteboard:general] Will request data from daemon
2026-09-14 18:11:59.678 I  PeachCommander[20687:10cff] [com.apple.CFPasteboard:exit] (not-in-cache) - result: 0 generation: 1 data (182 bytes) flags: 0
2026-09-14 18:11:59.678 I  PeachCommander[20687:10cff] [com.apple.CFPasteboard:entry] CopyData('DefaultAsciiKeyboardLayoutPasteboard' (<CFUUID 0xb2ec7ba20> C8CB1CBF-6A2A-4365-8991-32D33CC772B5) gen: -1 item: 1264739405 flavor: 'DefaultAsciiKeyboardLayoutFlavor')
2026-09-14 18:11:59.678 I  PeachCommander[20687:10cff] [com.apple.CFPasteboard:exit] (not-in-cache) - result: -8 generation: 0 null data flags: 0
2026-09-14 18:11:59.697 I  PeachCommander[20687:10cff] [com.apple.AppKit:Window] context (0 -> 12f5ceef) for window 43c
2026-09-14 18:11:59.698 Df PeachCommander[20687:10cff] [com.apple.inputmethodkitClient:Client] +[IMKClient subclass]: chose IMKClient_Modern
2026-09-14 18:11:59.698 Df PeachCommander[20687:10cff] [com.apple.BoardServices:XPCErrors] [C:2] Alloc com.apple.backboard.hid-services.xpc
2026-09-14 18:11:59.698 Df PeachCommander[20687:10cff] [com.apple.xpc:connection] [0xb2ea1bac0] activating connection: mach=false listener=false peer=false name=(anonymous)
2026-09-14 18:11:59.698 E  PeachCommander[20687:10d11] [com.apple.BaseBoard:Common] Unable to obtain a task name port right for pid 165: (os/kern) failure (0x5)
2026-09-14 18:11:59.698 Df PeachCommander[20687:10d11] [com.apple.xpc:connection] [0xb2ea1bc00] activating connection: mach=false listener=false peer=false name=com.apple.TextInputUI.xpc.CursorUIViewService
2026-09-14 18:11:59.698 Df PeachCommander[20687:10d11] [com.apple.xpc:connection] [0xb2ea1bc00] invalidated after the last release of the connection object
2026-09-14 18:11:59.699 I  PeachCommander[20687:10cff] [com.apple.CFPasteboard:entry] CopyData('DefaultAsciiKeyboardLayoutPasteboard' (<CFUUID 0xb2ec7ba20> C8CB1CBF-6A2A-4365-8991-32D33CC772B5) gen: -1 item: 1264739405 flavor: 'DefaultAsciiKeyboardLayoutFlavor')
2026-09-14 18:11:59.699 I  PeachCommander[20687:10cff] [com.apple.CFPasteboard:exit] (not-in-cache) - result: -8 generation: 0 null data flags: 0
2026-09-14 18:11:59.699 Df PeachCommander[20687:10cff] [com.apple.xpc:connection] [0xb2ea1a800] activating connection: mach=false listener=false peer=false name=(anonymous)
2026-09-14 18:11:59.699 Df PeachCommander[20687:10cff] [com.apple.xpc:connection] [0xb2ea1bc00] activating connection: mach=false listener=false peer=false name=com.apple.ViewBridgeAuxiliary
2026-09-14 18:11:59.700 Df PeachCommander[20687:10cff] [com.apple.xpc:connection] [0xb2ea1a6c0] activating connection: mach=false listener=false peer=false name=(anonymous)
2026-09-14 18:11:59.700 Df PeachCommander[20687:10cff] [com.apple.xpc:connection] [0xb2ea1bc00] invalidated after the last release of the connection object
2026-09-14 18:11:59.720 Df PeachCommander[20687:10cff] [com.apple.TextInputUI:CursorUI] -[TUINSCursorUIController activate:]_block_invoke: Create CursorUIViewService: TUINSRemoteViewController
2026-09-14 18:11:59.721 I  PeachCommander[20687:10cff] [com.apple.AppKit:Window] window <TUINSWindow: 0xb2fcb2080> windowNumber=43c finishing close
2026-09-14 18:11:59.721 I  PeachCommander[20687:10cff] [com.apple.AppKit:Window] order window: 43c op: 0 relative: 0 related: 0
2026-09-14 18:11:59.722 A  PeachCommander[20687:10d0e] (CoreFoundation) Loading Preferences From System CFPrefsD
2026-09-14 18:11:59.728 A  PeachCommander[20687:10cff] (CoreFoundation) Loading Preferences From User CFPrefsD
2026-09-14 18:11:59.729 I  PeachCommander[20687:10cff] [com.apple.CoreAnalytics:client] Dropping "com.apple.ImageIO.readerSelection" as it isn't used in any transform (not in the config or budgeted?)
2026-09-14 18:11:59.794 I  PeachCommander[20687:10cff] [com.apple.iconservices:foundation] layer data size zero
2026-09-14 18:11:59.806 I  PeachCommander[20687:10cff] [com.apple.CoreAnalytics:client] Dropping "com.apple.appkit.app_config" as it isn't used in any transform (not in the config or budgeted?)
2026-09-14 18:11:59.806 Df PeachCommander[20687:10d0e] [com.apple.xpc:connection] [0xb2ea1bc00] activating connection: mach=false listener=false peer=false name=com.apple.SafariPlatformSupport.Helper
2026-09-14 18:11:59.806 I  PeachCommander[20687:10cff] [com.apple.SafariPlatformSupport:SafariPlatformSupport] -[SFSafariPlatformSupport credentialSelected:] with nil credential
2026-09-14 18:11:59.806 I  PeachCommander[20687:10cff] [com.apple.SafariPlatformSupport:SafariPlatformSupport] -[SFSafariPlatformSupport oneTimeCodeSelected:] with nil code
2026-09-14 18:11:59.806 A  PeachCommander[20687:10d04] (libsystem_info.dylib) Retrieve Group by ID
2026-09-14 18:11:59.891 Df PeachCommander[20687:10cff] [com.apple.xpc:connection] [0xb2ea1a940] activating connection: mach=false listener=false peer=false name=(anonymous)
2026-09-14 18:11:59.891 Df PeachCommander[20687:10cff] [com.apple.xpc:connection] [0xb2ea19e00] activating connection: mach=false listener=false peer=false name=(anonymous)
2026-09-14 18:11:59.891 I  PeachCommander[20687:10dc0] [com.apple.AppKit:WindowTab] Indexing 1 items
2026-09-14 18:11:59.891 A  PeachCommander[20687:10dc0] (CoreSpotlight) end-index-batch
2026-09-14 18:11:59.891 Df PeachCommander[20687:10dc0] [com.apple.corespotlight:index] *warn* MailCS ======%%% _setMailMessageAttributes skip:1
2026-09-14 18:11:59.892 A  PeachCommander[20687:10dc0] (CoreSpotlight) index-items
2026-09-14 18:11:59.892 Df PeachCommander[20687:10dc0] [com.apple.corespotlight:index] CSInlineDonation:<private>: Skipping donation (feature flag disabled)
2026-09-14 18:11:59.892 Df PeachCommander[20687:10dc0] [com.apple.corespotlight:index] CSInlineDonation:<private>: Skipping donation (feature flag disabled)
2026-09-14 18:11:59.911 I  PeachCommander[20687:10cff] [com.apple.HIToolbox:MBDisplays] <private>
2026-09-14 18:11:59.911 I  PeachCommander[20687:10cff] [com.apple.HIToolbox:MBDisplays] <private>
2026-09-14 18:11:59.949 Df PeachCommander[20687:10d08] [com.apple.xpc:connection] [0xb2ea1bc00] invalidated after the last release of the connection object
2026-09-14 18:11:59.949 I  PeachCommander[20687:10cff] [com.apple.launchservices:cas] Removing cached information for app [ 0x0-0x106106]  "PeachCommander", as its seed is different from that in shared memory ( 535 vs 537)
2026-09-14 18:11:59.950 Df PeachCommander[20687:10cff] [com.apple.BoardServices:XPCErrors] [C:3] Alloc com.apple.backboard.hid-services.xpc
2026-09-14 18:11:59.950 Df PeachCommander[20687:10cff] [com.apple.xpc:connection] [0xb2ea19cc0] activating connection: mach=false listener=false peer=false name=(anonymous)
2026-09-14 18:11:59.950 Df PeachCommander[20687:10d08] [com.apple.BackBoard:EventDelivery] BKSHIDEventDeliveryManager - connection activation
2026-09-14 18:11:59.964 I  PeachCommander[20687:10cff] [com.peachcommander:PCFoundation] Session restored
2026-09-14 18:11:59.964 Df PeachCommander[20687:10cff] (Foundation) <private>
2026-09-14 18:11:59.964 I  PeachCommander[20687:10cff] [com.peachcommander:PCFoundation] [automation] running /Users/admin/auto.txt
2026-09-14 18:11:59.964 Df PeachCommander[20687:10cff] (Foundation) <private>
2026-09-14 18:11:59.964 I  PeachCommander[20687:10cff] [com.peachcommander:PCFoundation] [automation] > active left
2026-09-14 18:11:59.965 Df PeachCommander[20687:10cff] (Foundation) <private>
2026-09-14 18:11:59.965 I  PeachCommander[20687:10cff] [com.peachcommander:PCFoundation] [automation] > left /Users/admin/pc-demo
2026-09-14 18:12:00.057 Df PeachCommander[20687:10cff] (Foundation) <private>
2026-09-14 18:12:00.057 I  PeachCommander[20687:10cff] [com.peachcommander:PCFoundation] [automation] > wait 1200
2026-09-14 18:12:00.072 I  PeachCommander[20687:10cff] [com.apple.launchservices:datasep] application record search init. Node: <FSNode 0xb2dec0ca0> { isDir = y, path = <private> } bundleID: (null) itemID: 0
2026-09-14 18:12:00.072 I  PeachCommander[20687:10cff] [com.apple.launchservices:datasep] application record search init. Node: <FSNode 0xb2dec0ca0> { isDir = y, path = <private> } bundleID: (null) itemID: 0
2026-09-14 18:12:00.072 I  PeachCommander[20687:10cff] [com.apple.SafariPlatformSupport:SafariPlatformSupport] -[SFSafariPlatformSupport credentialSelected:] with nil credential
2026-09-14 18:12:00.072 I  PeachCommander[20687:10cff] [com.apple.SafariPlatformSupport:SafariPlatformSupport] -[SFSafariPlatformSupport oneTimeCodeSelected:] with nil code
2026-09-14 18:12:00.072 I  PeachCommander[20687:10cff] [com.apple.SafariPlatformSupport:SafariPlatformSupport] -[SPSafariPlatformSupport completionListPreferredContentSizeDidUpdate] with size {0, 0}, in window that is visible
2026-09-14 18:12:00.086 I  PeachCommander[20687:10cff] [com.apple.AppKit:Image] ISImage reported a placeholder, image rep is providing a placeholder image for <private>
2026-09-14 18:12:00.086 I  PeachCommander[20687:10cff] [com.apple.AppKit:Image] ISImage reported a placeholder, image rep is providing a placeholder image for <private>
2026-09-14 18:12:00.087 I  PeachCommander[20687:10d08] [com.apple.iconservices:foundation] layer data size zero
2026-09-14 18:12:00.088 I  PeachCommander[20687:10cff] [com.apple.AppKit:Image] ISImage reported a placeholder, image rep is providing a placeholder image for <private>
2026-09-14 18:12:00.088 I  PeachCommander[20687:10cff] [com.apple.AppKit:Image] ISImage reported a placeholder, image rep is providing a placeholder image for <private>
2026-09-14 18:12:00.090 I  PeachCommander[20687:10cff] [com.apple.AppKit:Image] ISImage reported a placeholder, image rep is providing a placeholder image for <private>
2026-09-14 18:12:00.090 I  PeachCommander[20687:10cff] [com.apple.AppKit:Image] ISImage reported a placeholder, image rep is providing a placeholder image for <private>
2026-09-14 18:12:00.091 I  PeachCommander[20687:10cff] [com.apple.AppKit:Image] ISImage reported a placeholder, image rep is providing a placeholder image for <private>
2026-09-14 18:12:00.091 I  PeachCommander[20687:10cff] [com.apple.AppKit:Image] ISImage reported a placeholder, image rep is providing a placeholder image for <private>
2026-09-14 18:12:00.093 I  PeachCommander[20687:10cff] [com.apple.AppKit:Image] ISImage reported a placeholder, image rep is providing a placeholder image for <private>
2026-09-14 18:12:00.093 I  PeachCommander[20687:10cff] [com.apple.AppKit:Image] ISImage reported a placeholder, image rep is providing a placeholder image for <private>
2026-09-14 18:12:00.094 I  PeachCommander[20687:10cff] [com.apple.AppKit:Image] ISImage reported a placeholder, image rep is providing a placeholder image for <private>
2026-09-14 18:12:00.094 I  PeachCommander[20687:10cff] [com.apple.AppKit:Image] ISImage reported a placeholder, image rep is providing a placeholder image for <private>
2026-09-14 18:12:00.100 I  PeachCommander[20687:10d0e] [com.apple.iconservices:foundation] layer data size zero
2026-09-14 18:12:00.137 I  PeachCommander[20687:10cff] [com.apple.iconservices:foundation] layer data size zero
2026-09-14 18:12:00.137 I  PeachCommander[20687:10cff] [com.apple.AppKit:Image] ISImage reported a placeholder, image rep is providing a placeholder image for <private>
2026-09-14 18:12:00.137 I  PeachCommander[20687:10cff] [com.apple.iconservices:foundation] layer data size zero
2026-09-14 18:12:00.138 I  PeachCommander[20687:10cff] [com.apple.AppKit:Image] ISImage reported a placeholder, image rep is providing a placeholder image for <private>
2026-09-14 18:12:00.138 I  PeachCommander[20687:10cff] [com.apple.iconservices:foundation] layer data size zero
2026-09-14 18:12:00.138 I  PeachCommander[20687:10cff] [com.apple.AppKit:Image] ISImage reported a placeholder, image rep is providing a placeholder image for <private>
2026-09-14 18:12:00.138 I  PeachCommander[20687:10cff] [com.apple.AppKit:Image] ISImage reported a placeholder, image rep is providing a placeholder image for <private>
2026-09-14 18:12:00.138 I  PeachCommander[20687:10cff] [com.apple.AppKit:Image] ISImage reported a placeholder, image rep is providing a placeholder image for <private>
2026-09-14 18:12:00.138 I  PeachCommander[20687:10cff] [com.apple.iconservices:foundation] layer data size zero
2026-09-14 18:12:00.138 I  PeachCommander[20687:10cff] [com.apple.AppKit:Image] ISImage reported a placeholder, image rep is providing a placeholder image for <private>
2026-09-14 18:12:00.204 I  PeachCommander[20687:10cff] [com.apple.iconservices:foundation] layer data size zero
2026-09-14 18:12:00.204 I  PeachCommander[20687:10cff] [com.apple.iconservices:foundation] layer data size zero
2026-09-14 18:12:00.205 I  PeachCommander[20687:10cff] [com.apple.iconservices:foundation] layer data size zero
2026-09-14 18:12:00.205 I  PeachCommander[20687:10cff] [com.apple.iconservices:foundation] layer data size zero
2026-09-14 18:12:00.344 I  PeachCommander[20687:10d04] [com.apple.AppKit:WindowTab] Indexing 1 items
2026-09-14 18:12:00.344 A  PeachCommander[20687:10d04] (CoreSpotlight) end-index-batch
2026-09-14 18:12:00.344 A  PeachCommander[20687:10d04] (CoreSpotlight) index-items
2026-09-14 18:12:00.344 Df PeachCommander[20687:10d04] [com.apple.corespotlight:index] CSInlineDonation:<private>: Skipping donation (feature flag disabled)
2026-09-14 18:12:00.344 Df PeachCommander[20687:10d04] [com.apple.corespotlight:index] CSInlineDonation:<private>: Skipping donation (feature flag disabled)
2026-09-14 18:12:01.287 Df PeachCommander[20687:10cff] (Foundation) <private>
2026-09-14 18:12:01.287 I  PeachCommander[20687:10cff] [com.peachcommander:PCFoundation] [automation] > focus sub
2026-09-14 18:12:01.304 Df PeachCommander[20687:10cff] (Foundation) <private>
2026-09-14 18:12:01.304 I  PeachCommander[20687:10cff] [com.peachcommander:PCFoundation] [automation] > wait 400
2026-09-14 18:12:01.401 I  PeachCommander[20687:10cff] [com.apple.iconservices:foundation] layer data size zero
2026-09-14 18:12:01.733 Df PeachCommander[20687:10cff] (Foundation) <private>
2026-09-14 18:12:01.733 I  PeachCommander[20687:10cff] [com.peachcommander:PCFoundation] [automation] > cmd cm_TransferRight
2026-09-14 18:12:01.733 Df PeachCommander[20687:10cff] (Foundation) <private>
2026-09-14 18:12:01.733 I  PeachCommander[20687:10cff] [com.peachcommander:PCFoundation] [automation] > wait 1200
2026-09-14 18:12:02.954 Df PeachCommander[20687:10cff] (Foundation) <private>
2026-09-14 18:12:02.954 I  PeachCommander[20687:10cff] [com.peachcommander:PCFoundation] [automation] > active right
2026-09-14 18:12:02.955 Df PeachCommander[20687:10cff] (Foundation) <private>
2026-09-14 18:12:02.955 I  PeachCommander[20687:10cff] [com.peachcommander:PCFoundation] [automation] > wait 400
2026-09-14 18:12:03.016 I  PeachCommander[20687:10d08] [com.apple.AppKit:WindowTab] Indexing 1 items
2026-09-14 18:12:03.016 A  PeachCommander[20687:10d08] (CoreSpotlight) end-index-batch
2026-09-14 18:12:03.016 A  PeachCommander[20687:10d08] (CoreSpotlight) index-items
2026-09-14 18:12:03.016 Df PeachCommander[20687:10d08] [com.apple.corespotlight:index] CSInlineDonation:<private>: Skipping donation (feature flag disabled)
2026-09-14 18:12:03.016 Df PeachCommander[20687:10d08] [com.apple.corespotlight:index] CSInlineDonation:<private>: Skipping donation (feature flag disabled)
2026-09-14 18:12:03.386 Df PeachCommander[20687:10cff] (Foundation) <private>
2026-09-14 18:12:03.386 I  PeachCommander[20687:10cff] [com.peachcommander:PCFoundation] [automation] > dump /Users/admin/transfer.txt
2026-09-14 18:12:03.387 Df PeachCommander[20687:10cff] (Foundation) <private>
2026-09-14 18:12:03.388 Df PeachCommander[20687:10cff] (Foundation) <private>
2026-09-14 18:12:03.388 I  PeachCommander[20687:10cff] [com.peachcommander:PCFoundation] [automation] > wait 400
2026-09-14 18:12:03.807 Df PeachCommander[20687:10cff] (Foundation) <private>
2026-09-14 18:12:03.807 I  PeachCommander[20687:10cff] [com.peachcommander:PCFoundation] [automation] done
