Timestamp               Ty Process[PID:TID]
2026-09-14 15:30:13.939 A  PeachCommander[25124:14317] (libsystem_info.dylib) Retrieve User by ID
2026-09-14 15:30:13.940 Df PeachCommander[25124:14317] [com.apple.xpc:connection] [0x105d2e860] activating connection: mach=true listener=false peer=false name=com.apple.cfprefsd.daemon
2026-09-14 15:30:13.940 Df PeachCommander[25124:1431d] [com.apple.xpc:connection] [0x105d2f960] activating connection: mach=true listener=false peer=false name=com.apple.cfprefsd.agent
2026-09-14 15:30:13.941 Df PeachCommander[25124:14317] [com.apple.xpc:connection] [0x105d32620] activating connection: mach=true listener=false peer=false name=com.apple.coreservices.launchservicesd
2026-09-14 15:30:13.941 I  PeachCommander[25124:14317] [com.apple.launchservices:cas] Registering for notification <private> on default queue, to re-boostrap client connection.
2026-09-14 15:30:13.941 Df PeachCommander[25124:14317] [com.apple.xpc:connection] [0x86cc48000] activating connection: mach=true listener=false peer=false name=com.apple.pasteboard.1
2026-09-14 15:30:13.942 Df PeachCommander[25124:14317] [com.apple.xpc:connection] [0x86cc48140] activating connection: mach=true listener=false peer=false name=com.apple.distributed_notifications@Uv3
2026-09-14 15:30:13.943 Df PeachCommander[25124:14317] [com.apple.AppKit:AutomaticTermination] void _NSDisableAutomaticTerminationAndLog(NSString *) No windows open yet
2026-09-14 15:30:13.943 A  PeachCommander[25124:14317] (TCC) TCCAccessRequest() IPC
2026-09-14 15:30:13.943 Df PeachCommander[25124:14317] [com.apple.xpc:connection] [0x86cc48280] activating connection: mach=true listener=false peer=false name=com.apple.tccd.system
2026-09-14 15:30:13.943 I  PeachCommander[25124:14317] [com.apple.TCC:access] SEND: 0/7 synchronous to com.apple.tccd.system: request: msgID=25124.1, function=TCCAccessRequest, service=kTCCServiceListenEvent,
2026-09-14 15:30:13.944 I  PeachCommander[25124:14317] [com.apple.TCC:access] RECV: synchronous reply <dictionary: 0x86cc38000> { count = 5, transaction: 0, voucher = 0x0, contents =
	"prompt_type" => <uint64: 0x8bb5ac33c564ad17>: 1
	"auth_value" => <uint64: 0x8bb5ac33c564ad17>: 1
	"preflight_unknown" => <bool: 0x1ef2a5190>: true
	"auth_version" => <uint64: 0x8bb5ac33c564ad17>: 1
	"auth_reason" => <uint64: 0x8bb5ac33c564ad37>: 5
}
2026-09-14 15:30:13.944 Df PeachCommander[25124:14317] [com.apple.xpc:connection] [0x86cc48280] invalidated after the last release of the connection object
2026-09-14 15:30:13.945 Df PeachCommander[25124:14317] [com.apple.SkyLight:default] server port 0x0000370b, session port 0x0000370b
2026-09-14 15:30:13.947 Df PeachCommander[25124:14317] [com.apple.SkyLight:default] New connection 0x4a083 main
2026-09-14 15:30:13.947 I  PeachCommander[25124:1431e] [com.apple.SkyLight:processes] 0[outside of RPC]: First connection id 303235 mapped to ctx = 0x86d044280
2026-09-14 15:30:13.947 I  PeachCommander[25124:14317] [com.apple.hiservices:processmgr] Checking in with CAS, pid=25124
2026-09-14 15:30:13.947 I  PeachCommander[25124:14317] [com.apple.launchservices:cas] LSApplicationCheckIn(), app being registered is:"/Users/admin/pc-test/PeachCommander.app/Contents/MacOS/PeachCommander"
2026-09-14 15:30:13.948 I  PeachCommander[25124:14317] [com.apple.launchservices:cas]  { "ApplicationType"="Foreground", "BuildMachineOSBuild"="25E246", "CFBundleDevelopmentRegion"="en", "CFBundleDocumentTypes"=( { "CFBundleTypeName"="Peach Commander Plugin Package", "CFBundleTypeRole"="Viewer", "LSHandlerRank"="Owner", "LSItemContentTypes"=( "com.peachcommander.plugin-package") }), "CFBundleExecutable"="PeachCommander", "CFBundleExecutablePath"="/Users/admin/pc-test/PeachCommander.app/Contents/MacOS/PeachCommander", "CFBundleHelpBookFolder"="PeachCommander.help", "CFBundleHelpBookName"="Peach Commander Help", "CFBundleIconFile"="AppIcon", "CFBundleIconName"="AppIcon", "CFBundleIdentifier"="com.peachcommander.app", "CFBundleInfoDictionaryVersion"="6.0", "CFBundleName"="PeachCommander", "CFBundleNumericVersion"=402685952, "CFBundlePackageType"="APPL", "CFBundleShortVersionString"="0.9.0", "CFBundleSignature"="?????", "CFBundleSupportedPlatforms"=( "MacOSX"), "CFBundleVersion"="18", "DTCompiler"="com.apple.compilers.llvm.clang.1_0", "DTPlatformBuild"="25F70", "DTPlatformName"="macosx", "<…>
2026-09-14 15:30:13.948 Df PeachCommander[25124:14317] [com.apple.processmanager:front-35286506] CHECKIN: pid=25124
2026-09-14 15:30:13.949 Df PeachCommander[25124:14317] [com.apple.processmanager:front-35286506] CHECKEDIN: pid=25124 asn=0x0-0x14e14e foreground=1
2026-09-14 15:30:13.949 I  PeachCommander[25124:14317] [com.apple.launchservices:cas] Setting processControlState to default PROC_SETPC_SUSPEND because application does not have LSProcessControlValue key
2026-09-14 15:30:13.949 Df PeachCommander[25124:14317] [com.apple.xpc:connection] [0x86cc48280] activating connection: mach=false listener=true peer=false name=(anonymous)
2026-09-14 15:30:13.949 Df PeachCommander[25124:14317] [com.apple.xpc:connection] [0x86cc48280] Connection returned listener port: 0x5403
2026-09-14 15:30:13.949 Df PeachCommander[25124:1431d] [com.apple.xpc:connection] [0x86d0e0300] activating connection: mach=false listener=false peer=true name=com.apple.xpc.anonymous.0x86cc48280.peer[131].0x86d0e0300
2026-09-14 15:30:13.949 Df PeachCommander[25124:14317] [com.apple.processmanager:front-35286506] FRONTLOGGING: version 1
2026-09-14 15:30:13.949 Df PeachCommander[25124:14317] [com.apple.processmanager:front-35286506] Registered, pid=25124 ASN=0x0,0x14e14e
2026-09-14 15:30:13.949 Df PeachCommander[25124:14317] [com.apple.xpc:connection] [0x86cc483c0] activating connection: mach=true listener=false peer=false name=com.apple.analyticsd
2026-09-14 15:30:13.950 I  PeachCommander[25124:14317] [com.apple.CoreAnalytics:client] Daemon status changed from 0 to 1
2026-09-14 15:30:13.950 I  PeachCommander[25124:1431d] [com.apple.CarbonCore:coreservicesdaemon] SCSession():SCSession( id=100, this=0x0x105d380f0 option=65538) created, forUID=501 mach_port_t=0x4403.
2026-09-14 15:30:13.950 I  PeachCommander[25124:1431d] [com.apple.CarbonCore:coreservicesdaemon] SCSession():SCSession( id=101, this=0x0x105d38230 option=65538) created, forUID=501 mach_port_t=0x5103.
2026-09-14 15:30:13.950 I  PeachCommander[25124:1431d] [com.apple.CarbonCore:coreservicesdaemon] connectToCoreServicesD():Instantiating server (coreservicesd based) SCSession, port=0x4403 serverOptions=0x10002.
2026-09-14 15:30:13.950 Df PeachCommander[25124:1431e] [com.apple.CoreAnalytics:client] Received configuration update from daemon (initial)
2026-09-14 15:30:13.950 I  PeachCommander[25124:14317] [com.apple.hiservices:processmgr] _RegisterApplication( pid 25124 => 0x0,0x14e14e) type=foreground
2026-09-14 15:30:13.950 Df PeachCommander[25124:14317] [com.apple.xpc:connection] [0x86cc48280] Connection returned listener port: 0x5403
2026-09-14 15:30:13.950 Df PeachCommander[25124:1431d] [com.apple.xpc:connection] [0x86cc48500] activating connection: mach=true listener=false peer=false name=com.apple.lsd.mapdb
2026-09-14 15:30:13.950 I  PeachCommander[25124:14317] [com.apple.launchservices:cas] CFArrayRef _LSCopyLaunchModifiers(LSSessionID, LSASNRef _Nonnull), result for psn [ kLSCurrentApp ASN, 0x0,0x2]  is 1 items.
2026-09-14 15:30:13.950 Df PeachCommander[25124:14317] [com.apple.processmanager:front-35286506] BringForward: pid=25124 asn=0x0-0x14e14e bringForward=1 foreground=1 uiElement=0 launchedByLS=1 modifiersCount=1 allDisabled=1
2026-09-14 15:30:13.950 Df PeachCommander[25124:14317] [com.apple.processmanager:front-35286506] BringFrontModifier: pid=25124 asn=0x0-0x14e14e Modifier 0 hideAfter=0 hideOthers=0 dontMakeFrontmost=0 mouseDown=0/0 seed=0/0
2026-09-14 15:30:13.950 Df PeachCommander[25124:14317] [com.apple.processmanager:front-35286506] BringForward: pid=25124 asn=0x0-0x14e14e
2026-09-14 15:30:13.950 Df PeachCommander[25124:14317] [com.apple.processmanager:front-35286506] SetFrontProcess: asn=0x0-0x14e14e options=0
2026-09-14 15:30:13.950 I  PeachCommander[25124:14317] [com.apple.SkyLight:processes] 0[outside of RPC]: SLPSetFrontProcess(0x0-0x14e14e window=0 options=0x0
2026-09-14 15:30:13.951 I  PeachCommander[25124:1431d] [com.apple.launchservices:db] LaunchServices database schema version: 20971544
2026-09-14 15:30:13.952 Df PeachCommander[25124:14317] [com.apple.AppKit:Appearance] Current system appearance, (HLTB: 1), (SLS: 0)
2026-09-14 15:30:13.952 I  PeachCommander[25124:1431e] [com.apple.launchservices:cas] information in shared memory for 0x0-0x14e14e with seed 533 was still valid, so using cached info { "ApplicationType"="Foreground", "BuildMachineOSBuild"="25E246", "BundleIdentifierLowerCase"="com.peachcommander.app", "CFBundleDevelopmentRegion"="en", "CFBundleDocumentTypes"=( { "CFBundleTypeName"="Peach Commander Plugin Package", "CFBundleTypeRole"="Viewer", "LSHandlerRank"="Owner", "LSItemContentTypes"=( "com.peachcommander.plugin-package") }), "CFBundleExecutable"="PeachCommander", "CFBundleExecutablePath"="/Users/admin/pc-test/PeachCommander.app/Contents/MacOS/PeachCommander", "CFBundleExecutablePathDeviceID"=16777229, "CFBundleExecutablePathINode"=487591, "CFBundleHelpBookFolder"="PeachCommander.help", "CFBundleHelpBookName"="Peach Commander Help", "CFBundleIconFile"="AppIcon", "CFBundleIconName"="AppIcon", "CFBundleIdentifier"="com.peachcommander.app", "CFBundleInfoDictionaryVersion"="6.0", "CFBundleName"="PeachCommander", "CFBundleNameLowerCase"="peachcommander", "CFBundleNumericVersion"=402685952, "CFBundlePackageType"="APPL", "CFBundleShortVersionString"="0.9.0", "CFBun<…>
2026-09-14 15:30:13.952 Df PeachCommander[25124:14317] (libMobileGestalt.dylib) No persisted cache on this platform.
2026-09-14 15:30:13.953 Df PeachCommander[25124:14317] (libMobileGestalt.dylib) Could not get size of EAN data (IOConnectCallScalarMethod kAppleNVMeEANGetSize returned 0xE00002E2)
2026-09-14 15:30:13.953 Df PeachCommander[25124:14317] (libMobileGestalt.dylib) Failed to copy 'aptk' from EAN
2026-09-14 15:30:13.953 Df PeachCommander[25124:14317] (libMobileGestalt.dylib) Failed to copy APTicket properties. Falling back to default policy.
2026-09-14 15:30:13.953 Df PeachCommander[25124:14317] (libMobileGestalt.dylib) Creating default MGSysConfigPolicy
2026-09-14 15:30:13.953 Df PeachCommander[25124:14317] (libMobileGestalt.dylib) CFDictionaryRef copySyscfgDictionary(void) enumeration of <private> failed.
2026-09-14 15:30:13.953 Df PeachCommander[25124:14317] (libMobileGestalt.dylib) Failed to find key <private>
2026-09-14 15:30:13.953 I  PeachCommander[25124:1431d] [com.apple.launchservices:default] Unable to load Info.plist exceptions (eGPUOverrides)
2026-09-14 15:30:13.953 I  PeachCommander[25124:1431d] [com.apple.launchservices:default] Unable to load Info.plist exceptions (gameModeOverrides)
2026-09-14 15:30:13.953 I  PeachCommander[25124:1431d] [com.apple.launchservices:default] Unable to load Info.plist exceptions (identifiedGameOverrides)
2026-09-14 15:30:13.953 I  PeachCommander[25124:1431d] [com.apple.launchservices:default] Unable to load Info.plist exceptions (SystemHiddenPreferred)
2026-09-14 15:30:13.954 Df PeachCommander[25124:14317] [com.apple.AppKit:Appearance] Current system appearance, (HLTB: 1), (SLS: 0)
2026-09-14 15:30:13.955 Df PeachCommander[25124:14317] [com.apple.AppKit:Appearance] Post-registration system appearance: (HLTB: 1)
2026-09-14 15:30:13.956 Df PeachCommander[25124:14317] [com.apple.FrontBoard:Common] FBSWorkspace: endpoint monitoring is disabled.
2026-09-14 15:30:13.956 Df PeachCommander[25124:14317] [com.apple.FrontBoard:Common] FBSWorkspace: default shell endpoint is disabled.
2026-09-14 15:30:13.956 Df PeachCommander[25124:14317] [com.apple.runningboard:connection] Initializing connection
2026-09-14 15:30:13.956 Df PeachCommander[25124:14317] [com.apple.runningboard:process] Removing all cached process handles
2026-09-14 15:30:13.956 Df PeachCommander[25124:1431e] [com.apple.runningboard:connection] Sending handshake request attempt #1 to server
2026-09-14 15:30:13.956 Df PeachCommander[25124:1431e] [com.apple.runningboard:connection] Creating connection to com.apple.runningboard
2026-09-14 15:30:13.956 Df PeachCommander[25124:1431e] [com.apple.xpc:connection] [0x86cc48640] activating connection: mach=true listener=false peer=false name=com.apple.runningboard
2026-09-14 15:30:13.956 Df PeachCommander[25124:14317] [com.apple.xpc:connection] [0x86cc48280] Connection returned listener port: 0x5403
2026-09-14 15:30:13.956 I  PeachCommander[25124:14317] [com.apple.launchservices:cas] information in shared memory for 0x0-0x14e14e with seed 533 was still valid, so using cached info { "ApplicationType"="Foreground", "BuildMachineOSBuild"="25E246", "BundleIdentifierLowerCase"="com.peachcommander.app", "CFBundleDevelopmentRegion"="en", "CFBundleDocumentTypes"=( { "CFBundleTypeName"="Peach Commander Plugin Package", "CFBundleTypeRole"="Viewer", "LSHandlerRank"="Owner", "LSItemContentTypes"=( "com.peachcommander.plugin-package") }), "CFBundleExecutable"="PeachCommander", "CFBundleExecutablePath"="/Users/admin/pc-test/PeachCommander.app/Contents/MacOS/PeachCommander", "CFBundleExecutablePathDeviceID"=16777229, "CFBundleExecutablePathINode"=487591, "CFBundleHelpBookFolder"="PeachCommander.help", "CFBundleHelpBookName"="Peach Commander Help", "CFBundleIconFile"="AppIcon", "CFBundleIconName"="AppIcon", "CFBundleIdentifier"="com.peachcommander.app", "CFBundleInfoDictionaryVersion"="6.0", "CFBundleName"="PeachCommander", "CFBundleNameLowerCase"="peachcommander", "CFBundleNumericVersion"=402685952, "CFBundlePackageType"="APPL", "CFBundleShortVersionString"="0.9.0", "CFBun<…>
2026-09-14 15:30:13.956 A  PeachCommander[25124:1431f] (RunningBoardServices) didChangeInheritances
2026-09-14 15:30:13.957 Df PeachCommander[25124:1431e] [com.apple.runningboard:connection] Handshake succeeded
2026-09-14 15:30:13.957 Df PeachCommander[25124:1431e] [com.apple.runningboard:connection] Identity resolved as app<application.com.peachcommander.app.486730.487591(501)>
2026-09-14 15:30:13.958 Df PeachCommander[25124:14317] [com.apple.xpc:connection] [0x86cc48280] Connection returned listener port: 0x5403
2026-09-14 15:30:13.958 A  PeachCommander[25124:1431e] (AppIntents) appintents:register process
2026-09-14 15:30:13.958 Df PeachCommander[25124:1431e] [com.apple.appintents:Connection] Created a new Process Instance Registry XPC connection (inactive)
2026-09-14 15:30:13.958 Df PeachCommander[25124:1431e] [com.apple.xpc:connection] [0x86cc488c0] activating connection: mach=true listener=false peer=false name=com.apple.linkd.autoShortcut
2026-09-14 15:30:13.959 Df PeachCommander[25124:1431e] [com.apple.appintents:Connection] Activated connection to linkd (ApplicationService)
2026-09-14 15:30:13.959 Df PeachCommander[25124:1431e] [com.apple.xpc:connection] [0x86cc48a00] activating connection: mach=false listener=true peer=false name=(anonymous)
2026-09-14 15:30:13.959 I  PeachCommander[25124:14317] [com.apple.launchservices:cas] information in shared memory for 0x0-0x14e14e with seed 533 was still valid, so using cached info { "ApplicationType"="Foreground", "BuildMachineOSBuild"="25E246", "BundleIdentifierLowerCase"="com.peachcommander.app", "CFBundleDevelopmentRegion"="en", "CFBundleDocumentTypes"=( { "CFBundleTypeName"="Peach Commander Plugin Package", "CFBundleTypeRole"="Viewer", "LSHandlerRank"="Owner", "LSItemContentTypes"=( "com.peachcommander.plugin-package") }), "CFBundleExecutable"="PeachCommander", "CFBundleExecutablePath"="/Users/admin/pc-test/PeachCommander.app/Contents/MacOS/PeachCommander", "CFBundleExecutablePathDeviceID"=16777229, "CFBundleExecutablePathINode"=487591, "CFBundleHelpBookFolder"="PeachCommander.help", "CFBundleHelpBookName"="Peach Commander Help", "CFBundleIconFile"="AppIcon", "CFBundleIconName"="AppIcon", "CFBundleIdentifier"="com.peachcommander.app", "CFBundleInfoDictionaryVersion"="6.0", "CFBundleName"="PeachCommander", "CFBundleNameLowerCase"="peachcommander", "CFBundleNumericVersion"=402685952, "CFBundlePackageType"="APPL", "CFBundleShortVersionString"="0.9.0", "CFBun<…>
2026-09-14 15:30:13.959 I  PeachCommander[25124:14317] [com.apple.hiservices:processmgr] TransformProcessType(0x0,0x2 => 1 wasFront=1 pickNew=0)
2026-09-14 15:30:13.959 I  PeachCommander[25124:14317] [com.apple.CoreAnalytics:client] Dropping "com.apple.appkit.app_config" as it isn't used in any transform (not in the config or budgeted?)
2026-09-14 15:30:13.959 I  PeachCommander[25124:1431e] [com.apple.appintents:Execution] LNAppConnectionListener instantiated
2026-09-14 15:30:13.959 Df PeachCommander[25124:1431e] [com.apple.xpc:connection] [0x86cc48a00] Connection returned listener port: 0x6c03
2026-09-14 15:30:13.959 Df PeachCommander[25124:14320] [com.apple.xpc:connection] [0x86cc488c0] Re-initialization successful; calling out to event handler with XPC_ERROR_CONNECTION_INTERRUPTED
2026-09-14 15:30:13.959 Df PeachCommander[25124:14320] [com.apple.appintents:Connection] Process Instance Registry XPC connection has been interrupted
2026-09-14 15:30:13.959 Df PeachCommander[25124:14317] [com.apple.dt.xctest:Default] Registering for test daemon availability notify post.
2026-09-14 15:30:13.959 E  PeachCommander[25124:1431e] [com.apple.appintents:Connection] Unable to get synchronousRemoteObjectProxy, error: Error Domain=NSCocoaErrorDomain Code=4097 "connection to service named com.apple.linkd.autoShortcut" UserInfo={NSDebugDescription=connection to service named com.apple.linkd.autoShortcut}
2026-09-14 15:30:13.959 Df PeachCommander[25124:14317] [com.apple.dt.xctest:Default] notify_get_state check indicated test daemon not ready.
2026-09-14 15:30:13.959 E  PeachCommander[25124:1431e] [com.apple.AppKit:Application] Error registering app with intents framework: Error Domain=NSCocoaErrorDomain Code=4097 UserInfo={NSDebugDescription=<private>}
2026-09-14 15:30:13.959 Df PeachCommander[25124:14320] [com.apple.appintents:Connection] Created a new Process Instance Registry XPC connection (inactive)
2026-09-14 15:30:13.959 A  PeachCommander[25124:14320] (AppIntents) appintents:register process
2026-09-14 15:30:13.959 Df PeachCommander[25124:14317] [com.apple.dt.xctest:Default] notify_get_state check indicated test daemon not ready.
2026-09-14 15:30:13.959 Df PeachCommander[25124:14320] [com.apple.appintents:Connection] Created a new Process Instance Registry XPC connection (inactive)
2026-09-14 15:30:13.959 Df PeachCommander[25124:14320] [com.apple.xpc:connection] [0x86cc48c80] activating connection: mach=true listener=false peer=false name=com.apple.linkd.autoShortcut
2026-09-14 15:30:13.959 Df PeachCommander[25124:14320] [com.apple.appintents:Connection] Activated connection to linkd (ApplicationService)
2026-09-14 15:30:13.959 Df PeachCommander[25124:14320] [com.apple.xpc:connection] [0x86cc48a00] Connection returned listener port: 0x6c03
2026-09-14 15:30:13.959 Df PeachCommander[25124:14317] [com.apple.dt.xctest:Default] notify_get_state check indicated test daemon not ready.
2026-09-14 15:30:13.960 Df PeachCommander[25124:1431e] [com.apple.xpc:connection] [0x86cc48c80] Re-initialization successful; calling out to event handler with XPC_ERROR_CONNECTION_INTERRUPTED
2026-09-14 15:30:13.960 Df PeachCommander[25124:1431e] [com.apple.appintents:Connection] Process Instance Registry XPC connection has been interrupted
2026-09-14 15:30:13.960 Df PeachCommander[25124:1431e] [com.apple.appintents:Connection] Created a new Process Instance Registry XPC connection (inactive)
2026-09-14 15:30:13.960 A  PeachCommander[25124:1431e] (AppIntents) appintents:register process
2026-09-14 15:30:13.960 Df PeachCommander[25124:1431e] [com.apple.appintents:Connection] Created a new Process Instance Registry XPC connection (inactive)
2026-09-14 15:30:13.960 Df PeachCommander[25124:1431e] [com.apple.xpc:connection] [0x86cc492c0] activating connection: mach=true listener=false peer=false name=com.apple.linkd.autoShortcut
2026-09-14 15:30:13.960 E  PeachCommander[25124:14320] [com.apple.appintents:Connection] Unable to get synchronousRemoteObjectProxy, error: Error Domain=NSCocoaErrorDomain Code=4097 "connection to service named com.apple.linkd.autoShortcut" UserInfo={NSDebugDescription=connection to service named com.apple.linkd.autoShortcut}
2026-09-14 15:30:13.960 E  PeachCommander[25124:14320] [com.apple.appintents:Connection] Unable to re-register with Process Instance Registry, error: Error Domain=NSCocoaErrorDomain Code=4097 "connection to service named com.apple.linkd.autoShortcut" UserInfo={NSDebugDescription=connection to service named com.apple.linkd.autoShortcut}
2026-09-14 15:30:13.960 Df PeachCommander[25124:1431e] [com.apple.appintents:Connection] Activated connection to linkd (ApplicationService)
2026-09-14 15:30:13.960 Df PeachCommander[25124:1431e] [com.apple.xpc:connection] [0x86cc48a00] Connection returned listener port: 0x6c03
2026-09-14 15:30:13.961 Df PeachCommander[25124:14320] [com.apple.xpc:connection] [0x86cc492c0] Re-initialization successful; calling out to event handler with XPC_ERROR_CONNECTION_INTERRUPTED
2026-09-14 15:30:13.961 Df PeachCommander[25124:14320] [com.apple.appintents:Connection] Process Instance Registry XPC connection has been interrupted
2026-09-14 15:30:13.961 E  PeachCommander[25124:1431e] [com.apple.appintents:Connection] Unable to get synchronousRemoteObjectProxy, error: Error Domain=NSCocoaErrorDomain Code=4097 "connection to service named com.apple.linkd.autoShortcut" UserInfo={NSDebugDescription=connection to service named com.apple.linkd.autoShortcut}
2026-09-14 15:30:13.961 E  PeachCommander[25124:1431e] [com.apple.appintents:Connection] Unable to re-register with Process Instance Registry, error: Error Domain=NSCocoaErrorDomain Code=4097 "connection to service named com.apple.linkd.autoShortcut" UserInfo={NSDebugDescription=connection to service named com.apple.linkd.autoShortcut}
2026-09-14 15:30:13.961 Df PeachCommander[25124:14320] [com.apple.appintents:Connection] Created a new Process Instance Registry XPC connection (inactive)
2026-09-14 15:30:13.961 A  PeachCommander[25124:14320] (AppIntents) appintents:register process
2026-09-14 15:30:13.961 Df PeachCommander[25124:14320] [com.apple.appintents:Connection] Created a new Process Instance Registry XPC connection (inactive)
2026-09-14 15:30:13.961 Df PeachCommander[25124:14320] [com.apple.xpc:connection] [0x86cc49540] activating connection: mach=true listener=false peer=false name=com.apple.linkd.autoShortcut
2026-09-14 15:30:13.961 Df PeachCommander[25124:14320] [com.apple.appintents:Connection] Activated connection to linkd (ApplicationService)
2026-09-14 15:30:13.961 Df PeachCommander[25124:14320] [com.apple.xpc:connection] [0x86cc48a00] Connection returned listener port: 0x6c03
2026-09-14 15:30:13.961 Df PeachCommander[25124:1431e] [com.apple.xpc:connection] [0x86cc49540] Re-initialization successful; calling out to event handler with XPC_ERROR_CONNECTION_INTERRUPTED
2026-09-14 15:30:13.961 Df PeachCommander[25124:1431e] [com.apple.appintents:Connection] Process Instance Registry XPC connection has been interrupted
2026-09-14 15:30:13.961 E  PeachCommander[25124:1431e] [com.apple.appintents:Connection] Will NOT re-try to establish the connection
2026-09-14 15:30:13.961 E  PeachCommander[25124:14320] [com.apple.appintents:Connection] Unable to get synchronousRemoteObjectProxy, error: Error Domain=NSCocoaErrorDomain Code=4097 "connection to service named com.apple.linkd.autoShortcut" UserInfo={NSDebugDescription=connection to service named com.apple.linkd.autoShortcut}
2026-09-14 15:30:13.961 E  PeachCommander[25124:14320] [com.apple.appintents:Connection] Unable to re-register with Process Instance Registry, error: Error Domain=NSCocoaErrorDomain Code=4097 "connection to service named com.apple.linkd.autoShortcut" UserInfo={NSDebugDescription=connection to service named com.apple.linkd.autoShortcut}
2026-09-14 15:30:13.963 A  PeachCommander[25124:14317] (CoreFoundation) Loading Preferences From System CFPrefsD
2026-09-14 15:30:13.963 Df PeachCommander[25124:14317] (libMobileGestalt.dylib) couldn't load support library
2026-09-14 15:30:13.963 Df PeachCommander[25124:14317] (libMobileGestalt.dylib) called dummy function!
2026-09-14 15:30:13.963 I  PeachCommander[25124:14317] [com.apple.GenerativeModels:availability] Current availability state: unavailable, use cases: com.apple.WritingTools, language: <any>, api: <private>
2026-09-14 15:30:13.963 Df PeachCommander[25124:14317] [com.apple.GenerativeModels:availability] registering darwin observer for name: com.apple.gms.availability.notification
2026-09-14 15:30:13.963 Df PeachCommander[25124:14317] [com.apple.GenerativeModels:availability] registering darwin observer for name: com.apple.os-eligibility-domain.change.greymatter
2026-09-14 15:30:13.963 Df PeachCommander[25124:14317] [com.apple.GenerativeModels:availability] registering darwin observer for name: com.apple.language.changed
2026-09-14 15:30:13.963 Df PeachCommander[25124:14317] [com.apple.WritingTools:Default] isAvailable value changed: isMDMAllowed = true, gmAvailable (current) = false
2026-09-14 15:30:13.966 I  PeachCommander[25124:14317] [com.apple.CoreAnalytics:client] Dropping "com.apple.appkit.app_config" as it isn't used in any transform (not in the config or budgeted?)
2026-09-14 15:30:13.968 Df PeachCommander[25124:14317] [com.apple.AppKit:Appearance] NSApp cache appearance:
-NSRequiresAquaSystemAppearance: 0
-appearance: (null)
-effectiveAppearance: <NSCompositeAppearance: 0x86cc3c780
 (
    "<NSAquaAppearance: 0x86cc3c500>",
    "<NSSystemAppearance: 0x86cc3c460>"
)>
2026-09-14 15:30:13.970 A  PeachCommander[25124:14317] (CoreFoundation) Loading Preferences From User CFPrefsD
2026-09-14 15:30:13.970 A  PeachCommander[25124:14317] (CoreFoundation) Loading Preferences From User CFPrefsD
2026-09-14 15:30:13.974 A  PeachCommander[25124:1431e] (libsystem_info.dylib) Membership API: translate identifier
2026-09-14 15:30:13.976 I  PeachCommander[25124:14317] [com.apple.CoreAnalytics:client] Dropping "com.apple.appkit.app_config" as it isn't used in any transform (not in the config or budgeted?)
2026-09-14 15:30:13.976 I  PeachCommander[25124:14317] [com.apple.CoreAnalytics:client] Dropping "com.apple.appkit.app_config" as it isn't used in any transform (not in the config or budgeted?)
2026-09-14 15:30:13.977 Df PeachCommander[25124:1431d] [com.apple.xpc:connection] [0x86cc49a40] activating connection: mach=true listener=false peer=false name=com.apple.dock.fullscreen
2026-09-14 15:30:13.978 Df PeachCommander[25124:14317] [com.apple.xpc:connection] [0x86cc49b80] activating connection: mach=true listener=false peer=false name=com.apple.fonts
2026-09-14 15:30:13.980 I  PeachCommander[25124:14317] [com.apple.launchservices:cas] information in shared memory for 0x0-0x14e14e with seed 533 was still valid, so using cached info { "ApplicationType"="Foreground", "BuildMachineOSBuild"="25E246", "BundleIdentifierLowerCase"="com.peachcommander.app", "CFBundleDevelopmentRegion"="en", "CFBundleDocumentTypes"=( { "CFBundleTypeName"="Peach Commander Plugin Package", "CFBundleTypeRole"="Viewer", "LSHandlerRank"="Owner", "LSItemContentTypes"=( "com.peachcommander.plugin-package") }), "CFBundleExecutable"="PeachCommander", "CFBundleExecutablePath"="/Users/admin/pc-test/PeachCommander.app/Contents/MacOS/PeachCommander", "CFBundleExecutablePathDeviceID"=16777229, "CFBundleExecutablePathINode"=487591, "CFBundleHelpBookFolder"="PeachCommander.help", "CFBundleHelpBookName"="Peach Commander Help", "CFBundleIconFile"="AppIcon", "CFBundleIconName"="AppIcon", "CFBundleIdentifier"="com.peachcommander.app", "CFBundleInfoDictionaryVersion"="6.0", "CFBundleName"="PeachCommander", "CFBundleNameLowerCase"="peachcommander", "CFBundleNumericVersion"=402685952, "CFBundlePackageType"="APPL", "CFBundleShortVersionString"="0.9.0", "CFBun<…>
2026-09-14 15:30:13.980 I  PeachCommander[25124:14317] [com.apple.CoreAnalytics:client] Dropping "com.apple.appkit.app_config" as it isn't used in any transform (not in the config or budgeted?)
2026-09-14 15:30:13.980 Df PeachCommander[25124:14317] [com.apple.AppKit:AutomaticTermination] -[NSApplication(NSAppssassination) _checkForAutomaticTerminationSupportPossiblyEnablingIt]_block_invoke Enabling automatic termination support.
2026-09-14 15:30:13.980 Df PeachCommander[25124:14317] [com.apple.xpc:connection] [0x86cc48dc0] activating connection: mach=true listener=false peer=false name=com.apple.appkit.restoration_storage
2026-09-14 15:30:13.980 I  PeachCommander[25124:14317] [com.apple.launchservices:cas] information in shared memory for 0x0-0x14e14e with seed 533 was still valid, so using cached info { "ApplicationType"="Foreground", "BuildMachineOSBuild"="25E246", "BundleIdentifierLowerCase"="com.peachcommander.app", "CFBundleDevelopmentRegion"="en", "CFBundleDocumentTypes"=( { "CFBundleTypeName"="Peach Commander Plugin Package", "CFBundleTypeRole"="Viewer", "LSHandlerRank"="Owner", "LSItemContentTypes"=( "com.peachcommander.plugin-package") }), "CFBundleExecutable"="PeachCommander", "CFBundleExecutablePath"="/Users/admin/pc-test/PeachCommander.app/Contents/MacOS/PeachCommander", "CFBundleExecutablePathDeviceID"=16777229, "CFBundleExecutablePathINode"=487591, "CFBundleHelpBookFolder"="PeachCommander.help", "CFBundleHelpBookName"="Peach Commander Help", "CFBundleIconFile"="AppIcon", "CFBundleIconName"="AppIcon", "CFBundleIdentifier"="com.peachcommander.app", "CFBundleInfoDictionaryVersion"="6.0", "CFBundleName"="PeachCommander", "CFBundleNameLowerCase"="peachcommander", "CFBundleNumericVersion"=402685952, "CFBundlePackageType"="APPL", "CFBundleShortVersionString"="0.9.0", "CFBun<…>
2026-09-14 15:30:13.980 Df PeachCommander[25124:14317] [com.apple.xpc:connection] [0x86cc48f00] activating connection: mach=true listener=false peer=false name=com.apple.coreservices.appleevents
2026-09-14 15:30:13.981 I  PeachCommander[25124:14317] [com.apple.appleevents:main] _AEGetRegisteredMachPort() created default port (port:44291/0xad03 rcv:1 send:1 limit:5) and registered it with server
2026-09-14 15:30:13.981 Df PeachCommander[25124:14317] [com.apple.xpc:connection] [0x86cc48280] Connection returned listener port: 0x5403
2026-09-14 15:30:13.981 I  PeachCommander[25124:14317] [com.apple.launchservices:cas] information in shared memory for 0x0-0x14e14e with seed 533 was still valid, so using cached info { "ApplicationType"="Foreground", "BuildMachineOSBuild"="25E246", "BundleIdentifierLowerCase"="com.peachcommander.app", "CFBundleDevelopmentRegion"="en", "CFBundleDocumentTypes"=( { "CFBundleTypeName"="Peach Commander Plugin Package", "CFBundleTypeRole"="Viewer", "LSHandlerRank"="Owner", "LSItemContentTypes"=( "com.peachcommander.plugin-package") }), "CFBundleExecutable"="PeachCommander", "CFBundleExecutablePath"="/Users/admin/pc-test/PeachCommander.app/Contents/MacOS/PeachCommander", "CFBundleExecutablePathDeviceID"=16777229, "CFBundleExecutablePathINode"=487591, "CFBundleHelpBookFolder"="PeachCommander.help", "CFBundleHelpBookName"="Peach Commander Help", "CFBundleIconFile"="AppIcon", "CFBundleIconName"="AppIcon", "CFBundleIdentifier"="com.peachcommander.app", "CFBundleInfoDictionaryVersion"="6.0", "CFBundleName"="PeachCommander", "CFBundleNameLowerCase"="peachcommander", "CFBundleNumericVersion"=402685952, "CFBundlePackageType"="APPL", "CFBundleShortVersionString"="0.9.0", "CFBun<…>
2026-09-14 15:30:13.981 Df PeachCommander[25124:14317] [com.apple.processmanager:front-35286506] SignalReady: pid=25124 asn=0x0-0x14e14e
2026-09-14 15:30:13.981 Df PeachCommander[25124:14317] [com.apple.processmanager:front-35286506] SIGNAL: pid=25124 asn=0x0x-0x14e14e
2026-09-14 15:30:13.981 I  PeachCommander[25124:14317] [com.apple.appleevents:main] aeGenerateFakeFirstOAPPEventIfNecessary()
2026-09-14 15:30:13.981 I  PeachCommander[25124:14317] [com.apple.appleevents:main] aeGenerateFakeFirstOAPPEventIfNecessary(), needToCreateFakeOAPPEventIfFirstEvent == true
2026-09-14 15:30:13.981 I  PeachCommander[25124:14317] [com.apple.launchservices:cas] Removing cached information for app [ 0x0-0x14e14e]  "PeachCommander", as its seed is different from that in shared memory ( 533 vs 535)
2026-09-14 15:30:13.982 I  PeachCommander[25124:14317] [com.apple.CFPasteboard:entry] CopyData('DefaultAsciiKeyboardLayoutPasteboard' (<CFUUID 0x86cdd0140> DC65A6D8-DE39-474A-8C16-0E19F6AB91E0) gen: -1 item: 1264739405 flavor: 'DefaultAsciiKeyboardLayoutFlavor')
2026-09-14 15:30:13.982 I  PeachCommander[25124:14317] [com.apple.CFPasteboard:cache] Rebuilding cache for 'DefaultAsciiKeyboardLayoutPasteboard' (<CFUUID 0x86cdd0140> DC65A6D8-DE39-474A-8C16-0E19F6AB91E0)
2026-09-14 15:30:13.982 I  PeachCommander[25124:14317] [com.apple.CFPasteboard:exit] (not-in-cache) - result: -8 generation: 0 null data flags: 0
2026-09-14 15:30:13.982 A  PeachCommander[25124:14317] (CoreFoundation) Loading Preferences From User CFPrefsD
2026-09-14 15:30:13.982 A  PeachCommander[25124:14317] (CoreFoundation) Loading Preferences From System CFPrefsD
2026-09-14 15:30:13.982 I  PeachCommander[25124:14317] [com.apple.CFPasteboard:entry] CopyData('AppleIntlFileCacheModificationDatePasteboard' (<CFUUID 0x86cdd0180> 3244D425-D406-4D71-8B9C-535A2002FB4B) gen: -1 item: 1 flavor: '-32766 1768845414')
2026-09-14 15:30:13.982 I  PeachCommander[25124:14317] [com.apple.CFPasteboard:cache] Rebuilding cache for 'AppleIntlFileCacheModificationDatePasteboard' (<CFUUID 0x86cdd0180> 3244D425-D406-4D71-8B9C-535A2002FB4B)
2026-09-14 15:30:13.983 I  PeachCommander[25124:14317] [com.apple.CFPasteboard:general] Will request data from daemon
2026-09-14 15:30:13.983 I  PeachCommander[25124:14317] [com.apple.CFPasteboard:exit] (not-in-cache) - result: 0 generation: 1 data (310 bytes) flags: 0
2026-09-14 15:30:13.983 I  PeachCommander[25124:14317] [com.apple.CFPasteboard:entry] CopyData('AppleIntlFileCacheModificationDatePasteboard' (<CFUUID 0x86cdd0180> 3244D425-D406-4D71-8B9C-535A2002FB4B) gen: -1 item: 1 flavor: '-32765 1802264953')
2026-09-14 15:30:13.983 I  PeachCommander[25124:14317] [com.apple.CFPasteboard:general] Will request data from daemon
2026-09-14 15:30:13.983 I  PeachCommander[25124:14317] [com.apple.CFPasteboard:exit] (not-in-cache) - result: 0 generation: 1 data (306 bytes) flags: 0
2026-09-14 15:30:13.983 I  PeachCommander[25124:14317] [com.apple.CFPasteboard:entry] CopyData('AppleIntlFileCacheModificationDatePasteboard' (<CFUUID 0x86cdd0180> 3244D425-D406-4D71-8B9C-535A2002FB4B) gen: -1 item: 1 flavor: '-32764 1802264953')
2026-09-14 15:30:13.983 I  PeachCommander[25124:14317] [com.apple.CFPasteboard:general] Will request data from daemon
2026-09-14 15:30:13.983 I  PeachCommander[25124:14317] [com.apple.CFPasteboard:exit] (not-in-cache) - result: 0 generation: 1 data (281 bytes) flags: 0
2026-09-14 15:30:13.983 I  PeachCommander[25124:14317] [com.apple.CFPasteboard:entry] CopyData('AppleIntlFileCacheModificationDatePasteboard' (<CFUUID 0x86cdd0180> 3244D425-D406-4D71-8B9C-535A2002FB4B) gen: -1 item: 1 flavor: '-32763 1802264953')
2026-09-14 15:30:13.983 I  PeachCommander[25124:14317] [com.apple.CFPasteboard:general] Will request data from daemon
2026-09-14 15:30:13.983 I  PeachCommander[25124:14317] [com.apple.CFPasteboard:exit] (not-in-cache) - result: 0 generation: 1 data (318 bytes) flags: 0
2026-09-14 15:30:13.983 I  PeachCommander[25124:14317] [com.apple.CFPasteboard:entry] CopyData('AppleIntlFileCacheModificationDatePasteboard' (<CFUUID 0x86cdd0180> 3244D425-D406-4D71-8B9C-535A2002FB4B) gen: -1 item: 1 flavor: '-32765 1768845414')
2026-09-14 15:30:13.983 I  PeachCommander[25124:14317] [com.apple.CFPasteboard:general] Will request data from daemon
2026-09-14 15:30:13.983 I  PeachCommander[25124:14317] [com.apple.CFPasteboard:exit] (not-in-cache) - result: 0 generation: 1 data (303 bytes) flags: 0
2026-09-14 15:30:13.983 I  PeachCommander[25124:14317] [com.apple.CFPasteboard:entry] CopyData('AppleIntlFileCacheModificationDatePasteboard' (<CFUUID 0x86cdd0180> 3244D425-D406-4D71-8B9C-535A2002FB4B) gen: -1 item: 1 flavor: '-32763 1768845414')
2026-09-14 15:30:13.983 I  PeachCommander[25124:14317] [com.apple.CFPasteboard:general] Will request data from daemon
2026-09-14 15:30:13.983 I  PeachCommander[25124:14317] [com.apple.CFPasteboard:exit] (not-in-cache) - result: 0 generation: 1 data (315 bytes) flags: 0
2026-09-14 15:30:13.984 I  PeachCommander[25124:14317] [com.apple.launchservices:cas] information in shared memory for 0x0-0x14e14e with seed 535 was still valid, so using cached info { "ApplicationType"="Foreground", "BuildMachineOSBuild"="25E246", "BundleIdentifierLowerCase"="com.peachcommander.app", "CFBundleDevelopmentRegion"="en", "CFBundleDocumentTypes"=( { "CFBundleTypeName"="Peach Commander Plugin Package", "CFBundleTypeRole"="Viewer", "LSHandlerRank"="Owner", "LSItemContentTypes"=( "com.peachcommander.plugin-package") }), "CFBundleExecutable"="PeachCommander", "CFBundleExecutablePath"="/Users/admin/pc-test/PeachCommander.app/Contents/MacOS/PeachCommander", "CFBundleExecutablePathDeviceID"=16777229, "CFBundleExecutablePathINode"=487591, "CFBundleHelpBookFolder"="PeachCommander.help", "CFBundleHelpBookName"="Peach Commander Help", "CFBundleIconFile"="AppIcon", "CFBundleIconName"="AppIcon", "CFBundleIdentifier"="com.peachcommander.app", "CFBundleInfoDictionaryVersion"="6.0", "CFBundleName"="PeachCommander", "CFBundleNameLowerCase"="peachcommander", "CFBundleNumericVersion"=402685952, "CFBundlePackageType"="APPL", "CFBundleShortVersionString"="0.9.0", "CFBun<…>
2026-09-14 15:30:13.984 Df PeachCommander[25124:14317] [com.apple.xpc:connection] [0x86cc49e00] activating connection: mach=false listener=false peer=false name=com.apple.ViewBridgeAuxiliary
2026-09-14 15:30:13.989 Df PeachCommander[25124:14317] [com.apple.xpc:connection] [0x86cc49cc0] activating connection: mach=false listener=false peer=false name=(anonymous)
2026-09-14 15:30:13.989 Df PeachCommander[25124:14317] [com.apple.xpc:connection] [0x86cc49f40] activating connection: mach=false listener=true peer=false name=(anonymous)
2026-09-14 15:30:13.989 Df PeachCommander[25124:14317] [com.apple.xpc:connection] [0x86cc49f40] Connection returned listener port: 0xf203
2026-09-14 15:30:13.989 Df PeachCommander[25124:14317] [com.apple.xpc:connection] [0x86cc49e00] invalidated after the last release of the connection object
2026-09-14 15:30:13.989 I  PeachCommander[25124:14317] [com.apple.showhide:pr-59900543] SHOWHIDE: SHOW id=556 0x0-0x14E14E, err=0 eventTime=1690831872083 windowID=0
2026-09-14 15:30:13.989 I  PeachCommander[25124:14317] [com.apple.CarbonCore:coreservicesdaemon] findOrCreateCacheable():findOrCreateCacheable(), factoryName=3 cacheableName=<private> fCacheables.size()=0
2026-09-14 15:30:13.989 I  PeachCommander[25124:14317] [com.apple.CarbonCore:coreservicesdaemon] findOrCreateCacheable():findOrCreateCacheable(), result = 0x86d3c0400 (should be non-NULL)
2026-09-14 15:30:13.990 Df PeachCommander[25124:14317] [com.apple.AppKit:AutomaticTermination] void _NSDisableAutomaticTerminationAndLog(NSString *) Restoring windows
2026-09-14 15:30:13.990 Df PeachCommander[25124:14317] [com.apple.AppKit:StateRestoration] -[NSApplication _reopenWindowsAsNecessaryIncludingRestorableState:withFullFidelity:completionHandler:] shouldRestoreState=1 hasPersistentStateToRestore=0 shouldStillRestoreStateAfterPrompting=0
2026-09-14 15:30:13.990 Df PeachCommander[25124:14317] [com.apple.xpc:connection] [0x86cc49e00] activating connection: mach=true listener=false peer=false name=com.apple.window_proxies
2026-09-14 15:30:13.990 Df PeachCommander[25124:14317] [com.apple.xpc:connection] [0x86cc49e00] invalidated because the current process cancelled the connection by calling xpc_connection_cancel()
2026-09-14 15:30:13.990 I  PeachCommander[25124:14317] [com.apple.SkyLight:processes] 0[outside of RPC]: SLSSetFrontProcessWithInfo(0x0-0x2 window=0 options=0x1
2026-09-14 15:30:13.990 I  PeachCommander[25124:14317] [com.apple.CoreAnalytics:client] Dropping "com.apple.appkit.app_config" as it isn't used in any transform (not in the config or budgeted?)
2026-09-14 15:30:13.990 Df PeachCommander[25124:14317] [com.apple.AppKit:AutomaticTermination] void _NSEnableAutomaticTerminationAndLog(NSString *) Restoring windows
2026-09-14 15:30:13.992 I  PeachCommander[25124:14317] [com.apple.CoreAnalytics:client] Dropping "com.apple.appkit.app_config" as it isn't used in any transform (not in the config or budgeted?)
2026-09-14 15:30:13.993 I  PeachCommander[25124:14317] [com.apple.CoreAnalytics:client] Dropping "com.apple.appkit.app_config" as it isn't used in any transform (not in the config or budgeted?)
2026-09-14 15:30:14.001 A  PeachCommander[25124:14317] (CoreFoundation) Loading Preferences From User CFPrefsD
2026-09-14 15:30:14.006 I  PeachCommander[25124:14317] [com.peachcommander:PCFoundation] VolumeManager initialized
2026-09-14 15:30:14.022 Df PeachCommander[25124:14317] [com.apple.BoardServices:XPCErrors] [C:1] Alloc <private>
2026-09-14 15:30:14.022 Df PeachCommander[25124:14317] [com.apple.xpc:connection] [0x86cf4d180] activating connection: mach=false listener=false peer=false name=(anonymous)
2026-09-14 15:30:14.023 I  PeachCommander[25124:14317] [com.apple.AppKit:Window] context (0 -> 6c7d37f8) for window 540
2026-09-14 15:30:14.024 Df PeachCommander[25124:1431e] [com.apple.corespotlight:index] (<private>) deleteSearchableItemsWithDomainIdentifiers, protectionClass:(null), domainIdentifiers number:1
2026-09-14 15:30:14.024 A  PeachCommander[25124:1431e] (CoreSpotlight) delete-domains
2026-09-14 15:30:14.024 Df PeachCommander[25124:14320] [com.apple.corespotlight:index] CSInlineDonation:<private>: Skipping donation (feature flag disabled)
2026-09-14 15:30:14.024 Df PeachCommander[25124:14320] (CoreSpotlight) sConnectionName: com.apple.spotlight.IndexAgent
2026-09-14 15:30:14.024 Df PeachCommander[25124:14320] (CoreSpotlight) Start service name com.apple.spotlight.IndexAgent
2026-09-14 15:30:14.024 Df PeachCommander[25124:14320] [com.apple.xpc:connection] [0x86cf4d400] activating connection: mach=true listener=false peer=false name=com.apple.spotlight.IndexAgent
2026-09-14 15:30:14.024 I  PeachCommander[25124:14317] [com.peachcommander:PCFoundation] MainWindowController initialized (config: <private>)
2026-09-14 15:30:14.025 I  PeachCommander[25124:14317] [com.peachcommander:PCFoundation] SelectionState initialized
2026-09-14 15:30:14.025 I  PeachCommander[25124:14317] [com.peachcommander:PCFoundation] DirectoryModel initialized
2026-09-14 15:30:14.025 I  PeachCommander[25124:14317] [com.peachcommander:PCFoundation] VolumeManager initialized
2026-09-14 15:30:14.025 I  PeachCommander[25124:14317] [com.peachcommander:PCFoundation] PanelController initialized for <private> panel
2026-09-14 15:30:14.025 I  PeachCommander[25124:14317] [com.peachcommander:PCFoundation] SelectionState initialized
2026-09-14 15:30:14.025 I  PeachCommander[25124:14317] [com.peachcommander:PCFoundation] DirectoryModel initialized
2026-09-14 15:30:14.025 I  PeachCommander[25124:14317] [com.peachcommander:PCFoundation] VolumeManager initialized
2026-09-14 15:30:14.025 I  PeachCommander[25124:14317] [com.peachcommander:PCFoundation] PanelController initialized for <private> panel
2026-09-14 15:30:14.028 I  PeachCommander[25124:14317] [com.apple.AppKit:Animation] Running new animation: <private>
2026-09-14 15:30:14.028 I  PeachCommander[25124:14317] [com.apple.AppKit:Animation] Running new animation: <private>
2026-09-14 15:30:14.029 I  PeachCommander[25124:14317] [com.apple.AppKit:Animation] Running new animation: <private>
2026-09-14 15:30:14.029 I  PeachCommander[25124:14317] [com.apple.AppKit:Animation] Running new animation: <private>
2026-09-14 15:30:14.029 I  PeachCommander[25124:14317] [com.apple.AppKit:Animation] Running new animation: <private>
2026-09-14 15:30:14.030 I  PeachCommander[25124:14317] [com.apple.AppKit:Animation] Running new animation: <private>
2026-09-14 15:30:14.030 I  PeachCommander[25124:14317] [com.apple.AppKit:Animation] Running new animation: <private>
2026-09-14 15:30:14.030 I  PeachCommander[25124:14317] [com.apple.AppKit:Animation] Running new animation: <private>
2026-09-14 15:30:14.030 I  PeachCommander[25124:14317] [com.apple.AppKit:Animation] Running new animation: <private>
2026-09-14 15:30:14.030 I  PeachCommander[25124:14317] [com.apple.AppKit:Animation] Running new animation: <private>
2026-09-14 15:30:14.033 A  PeachCommander[25124:1431e] (RunningBoardServices) didChangeInheritances
2026-09-14 15:30:14.035 I  PeachCommander[25124:14317] [com.apple.CoreAnalytics:client] Dropping "com.apple.appkit.app_config" as it isn't used in any transform (not in the config or budgeted?)
2026-09-14 15:30:14.037 I  PeachCommander[25124:14317] [com.apple.CoreAnalytics:client] Dropping "com.apple.appkit.app_config" as it isn't used in any transform (not in the config or budgeted?)
2026-09-14 15:30:14.041 I  PeachCommander[25124:14317] [com.apple.launchservices:datasep] application record search init. Node: <FSNode 0x86d6d6b60> { isDir = ?, path = <private> } bundleID: (null) itemID: 0
2026-09-14 15:30:14.043 I  PeachCommander[25124:14317] [com.apple.GenerativeModels:availability] Current availability state: unavailable, use cases: com.apple.Settings.AppleIntelligence,com.apple.Siri.NLRouter, language: en, api: <private>
2026-09-14 15:30:14.043 Df PeachCommander[25124:14317] [com.apple.GenerativeModels:availability] isOkayToHaveAsset: False
2026-09-14 15:30:14.043 E  PeachCommander[25124:14317] [com.apple.siri:Utility] AFIsDeviceGreymatterEligible Missing entitlements for os_eligibility lookup
2026-09-14 15:30:14.043 I  PeachCommander[25124:14317] [com.apple.GenerativeModels:availability] Current availability state: unavailable, use cases: com.apple.Settings.AppleIntelligence, language: en, api: <private>
2026-09-14 15:30:14.043 Df PeachCommander[25124:14317] [com.apple.GenerativeModels:availability] isOkayToHaveAsset: False
2026-09-14 15:30:14.043 Df PeachCommander[25124:14317] [com.apple.siri:Utility] -[AFSystemAssistantExperienceStatusManager fetchGenerativeModelsAvailability] #SAEStatus #cacheUpdate Updating cache:
deviceSupportsSAE: 0 (0)
       saeEnabled: 0 (0)
     saeAvailable: 0 (0)
      swaiEnabled: 0 (0)
        viEnabled: 0 (0)
        siriAvailability:
        <private>
        ((null))
2026-09-14 15:30:14.043 Df PeachCommander[25124:14317] [com.apple.xpc:connection] [0x86c520140] activating connection: mach=true listener=false peer=false name=com.apple.iconservices
2026-09-14 15:30:14.043 Df PeachCommander[25124:14317] [com.apple.xpc:connection] [0x86c520280] activating connection: mach=true listener=false peer=false name=com.apple.iconservices.store
2026-09-14 15:30:14.047 I  PeachCommander[25124:14317] [com.peachcommander:Theme] no user themes in /Users/admin/pc-cfg/themes
2026-09-14 15:30:14.047 Df PeachCommander[25124:14317] [com.apple.AppKit:Appearance] Invalidate NSApp effectiveAppearance
2026-09-14 15:30:14.047 Df PeachCommander[25124:14317] [com.apple.AppKit:Appearance] NSApp cache appearance:
-NSRequiresAquaSystemAppearance: 0
-appearance: (null)
-effectiveAppearance: <NSCompositeAppearance: 0x86cc3c780
 (
    "<NSAquaAppearance: 0x86cc3c500>",
    "<NSSystemAppearance: 0x86cc3c460>"
)>
2026-09-14 15:30:14.048 A  PeachCommander[25124:14320] (libsystem_info.dylib) Retrieve Group by ID
2026-09-14 15:30:14.048 I  PeachCommander[25124:14317] [com.peachcommander:PCFoundation] Theme applied: id=system, appearance=system, dark=false, background=#FFFFFF
2026-09-14 15:30:14.070 I  PeachCommander[25124:14317] [com.apple.iconservices:foundation] layer data size zero
2026-09-14 15:30:14.070 I  PeachCommander[25124:14317] [com.apple.CoreAnalytics:client] Dropping "com.apple.appkit.app_config" as it isn't used in any transform (not in the config or budgeted?)
2026-09-14 15:30:14.074 I  PeachCommander[25124:14317] [com.peachcommander:PCFoundation] Keymap loaded: scheme=<private>, 82 effective bindings
2026-09-14 15:30:14.075 I  PeachCommander[25124:14317] [com.apple.AppKit:Animation] Running new animation: <private>
2026-09-14 15:30:14.075 I  PeachCommander[25124:14317] [com.apple.AppKit:Animation] Running new animation: <private>
2026-09-14 15:30:14.075 I  PeachCommander[25124:14317] [com.apple.AppKit:Animation] Running new animation: <private>
2026-09-14 15:30:14.075 I  PeachCommander[25124:14317] [com.apple.AppKit:Animation] Running new animation: <private>
2026-09-14 15:30:14.075 I  PeachCommander[25124:14317] [com.apple.AppKit:Animation] Running new animation: <private>
2026-09-14 15:30:14.075 I  PeachCommander[25124:14317] [com.apple.AppKit:Animation] Running new animation: <private>
2026-09-14 15:30:14.075 I  PeachCommander[25124:14317] [com.apple.AppKit:Animation] Running new animation: <private>
2026-09-14 15:30:14.075 I  PeachCommander[25124:14317] [com.apple.AppKit:Animation] Running new animation: <private>
2026-09-14 15:30:14.075 I  PeachCommander[25124:14317] [com.apple.AppKit:Animation] Running new animation: <private>
2026-09-14 15:30:14.075 I  PeachCommander[25124:14317] [com.apple.AppKit:Animation] Running new animation: <private>
2026-09-14 15:30:14.078 I  PeachCommander[25124:14317] [com.apple.CoreAnalytics:client] Dropping "<private>" as it isn't used in any transform (not in the config or budgeted?)
2026-09-14 15:30:14.078 I  PeachCommander[25124:14317] [com.apple.CoreAnalytics:client] Dropping "<private>" as it isn't used in any transform (not in the config or budgeted?)
2026-09-14 15:30:14.078 I  PeachCommander[25124:14317] [com.apple.CoreAnalytics:client] Dropping "<private>" as it isn't used in any transform (not in the config or budgeted?)
2026-09-14 15:30:14.078 I  PeachCommander[25124:14317] [com.peachcommander:PCFoundation] MainWindowController window loaded
2026-09-14 15:30:14.079 I  PeachCommander[25124:14317] [com.apple.launchservices:cas] information in shared memory for 0x0-0x14e14e with seed 535 was still valid, so using cached info { "ApplicationType"="Foreground", "BuildMachineOSBuild"="25E246", "BundleIdentifierLowerCase"="com.peachcommander.app", "CFBundleDevelopmentRegion"="en", "CFBundleDocumentTypes"=( { "CFBundleTypeName"="Peach Commander Plugin Package", "CFBundleTypeRole"="Viewer", "LSHandlerRank"="Owner", "LSItemContentTypes"=( "com.peachcommander.plugin-package") }), "CFBundleExecutable"="PeachCommander", "CFBundleExecutablePath"="/Users/admin/pc-test/PeachCommander.app/Contents/MacOS/PeachCommander", "CFBundleExecutablePathDeviceID"=16777229, "CFBundleExecutablePathINode"=487591, "CFBundleHelpBookFolder"="PeachCommander.help", "CFBundleHelpBookName"="Peach Commander Help", "CFBundleIconFile"="AppIcon", "CFBundleIconName"="AppIcon", "CFBundleIdentifier"="com.peachcommander.app", "CFBundleInfoDictionaryVersion"="6.0", "CFBundleName"="PeachCommander", "CFBundleNameLowerCase"="peachcommander", "CFBundleNumericVersion"=402685952, "CFBundlePackageType"="APPL", "CFBundleShortVersionString"="0.9.0", "CFBun<…>
2026-09-14 15:30:14.079 I  PeachCommander[25124:14317] [com.apple.launchservices:cas] information in shared memory for 0x0-0x14e14e with seed 535 was still valid, so using cached info { "ApplicationType"="Foreground", "BuildMachineOSBuild"="25E246", "BundleIdentifierLowerCase"="com.peachcommander.app", "CFBundleDevelopmentRegion"="en", "CFBundleDocumentTypes"=( { "CFBundleTypeName"="Peach Commander Plugin Package", "CFBundleTypeRole"="Viewer", "LSHandlerRank"="Owner", "LSItemContentTypes"=( "com.peachcommander.plugin-package") }), "CFBundleExecutable"="PeachCommander", "CFBundleExecutablePath"="/Users/admin/pc-test/PeachCommander.app/Contents/MacOS/PeachCommander", "CFBundleExecutablePathDeviceID"=16777229, "CFBundleExecutablePathINode"=487591, "CFBundleHelpBookFolder"="PeachCommander.help", "CFBundleHelpBookName"="Peach Commander Help", "CFBundleIconFile"="AppIcon", "CFBundleIconName"="AppIcon", "CFBundleIdentifier"="com.peachcommander.app", "CFBundleInfoDictionaryVersion"="6.0", "CFBundleName"="PeachCommander", "CFBundleNameLowerCase"="peachcommander", "CFBundleNumericVersion"=402685952, "CFBundlePackageType"="APPL", "CFBundleShortVersionString"="0.9.0", "CFBun<…>
2026-09-14 15:30:14.086 I  PeachCommander[25124:14317] [com.apple.AppKit:Window] order window front conditionally: 540 related: 0
2026-09-14 15:30:14.086 Df PeachCommander[25124:14317] [com.apple.AppKit:AutomaticTermination] void _NSEnableAutomaticTerminationAndLog(NSString *) No windows open yet
2026-09-14 15:30:14.088 I  PeachCommander[25124:14317] [com.apple.AppKit:Intelligence] starting collection observation
2026-09-14 15:30:14.088 Df PeachCommander[25124:14320] [com.apple.UIIntelligenceSupport:xpc] establishing connection to agent
2026-09-14 15:30:14.088 Df PeachCommander[25124:14320] [com.apple.xpc:session] [0x86c765130] Session created.
2026-09-14 15:30:14.088 Df PeachCommander[25124:14320] [com.apple.xpc:session] [0x86c765130] Session created from connection [0x86c522300]
2026-09-14 15:30:14.088 Df PeachCommander[25124:14320] [com.apple.xpc:connection] [0x86c522300] activating connection: mach=true listener=false peer=false name=com.apple.uiintelligencesupport.agent
2026-09-14 15:30:14.088 Df PeachCommander[25124:14320] [com.apple.xpc:session] [0x86c765130] Session activated
2026-09-14 15:30:14.088 I  PeachCommander[25124:14317] [com.apple.SkyLight:processes] 0[outside of RPC]: SLSSetFrontProcessWithInfo(0x0-0x2 window=0 options=0x1
2026-09-14 15:30:14.088 I  PeachCommander[25124:14317] [com.apple.launchservices:cas] information in shared memory for 0x0-0x14e14e with seed 535 was still valid, so using cached info { "ApplicationType"="Foreground", "BuildMachineOSBuild"="25E246", "BundleIdentifierLowerCase"="com.peachcommander.app", "CFBundleDevelopmentRegion"="en", "CFBundleDocumentTypes"=( { "CFBundleTypeName"="Peach Commander Plugin Package", "CFBundleTypeRole"="Viewer", "LSHandlerRank"="Owner", "LSItemContentTypes"=( "com.peachcommander.plugin-package") }), "CFBundleExecutable"="PeachCommander", "CFBundleExecutablePath"="/Users/admin/pc-test/PeachCommander.app/Contents/MacOS/PeachCommander", "CFBundleExecutablePathDeviceID"=16777229, "CFBundleExecutablePathINode"=487591, "CFBundleHelpBookFolder"="PeachCommander.help", "CFBundleHelpBookName"="Peach Commander Help", "CFBundleIconFile"="AppIcon", "CFBundleIconName"="AppIcon", "CFBundleIdentifier"="com.peachcommander.app", "CFBundleInfoDictionaryVersion"="6.0", "CFBundleName"="PeachCommander", "CFBundleNameLowerCase"="peachcommander", "CFBundleNumericVersion"=402685952, "CFBundlePackageType"="APPL", "CFBundleShortVersionString"="0.9.0", "CFBun<…>
2026-09-14 15:30:14.089 Df PeachCommander[25124:1431f] [com.apple.UIIntelligenceSupport:xpc] Connection established with agent PID: 1207
2026-09-14 15:30:14.089 Df PeachCommander[25124:14317] [com.apple.xpc:connection] [0x86c522440] activating connection: mach=true listener=false peer=false name=com.apple.FileCoordination
2026-09-14 15:30:14.089 Df PeachCommander[25124:1431f] [com.apple.foundation.filecoordination:presenter] Adding presenter 2CE6A16C-081D-4FD7-AA91-6159F935D15F for URL: <private>
2026-09-14 15:30:14.089 I  PeachCommander[25124:14317] [com.apple.launchservices:cas] information in shared memory for 0x0-0x14e14e with seed 535 was still valid, so using cached info { "ApplicationType"="Foreground", "BuildMachineOSBuild"="25E246", "BundleIdentifierLowerCase"="com.peachcommander.app", "CFBundleDevelopmentRegion"="en", "CFBundleDocumentTypes"=( { "CFBundleTypeName"="Peach Commander Plugin Package", "CFBundleTypeRole"="Viewer", "LSHandlerRank"="Owner", "LSItemContentTypes"=( "com.peachcommander.plugin-package") }), "CFBundleExecutable"="PeachCommander", "CFBundleExecutablePath"="/Users/admin/pc-test/PeachCommander.app/Contents/MacOS/PeachCommander", "CFBundleExecutablePathDeviceID"=16777229, "CFBundleExecutablePathINode"=487591, "CFBundleHelpBookFolder"="PeachCommander.help", "CFBundleHelpBookName"="Peach Commander Help", "CFBundleIconFile"="AppIcon", "CFBundleIconName"="AppIcon", "CFBundleIdentifier"="com.peachcommander.app", "CFBundleInfoDictionaryVersion"="6.0", "CFBundleName"="PeachCommander", "CFBundleNameLowerCase"="peachcommander", "CFBundleNumericVersion"=402685952, "CFBundlePackageType"="APPL", "CFBundleShortVersionString"="0.9.0", "CFBun<…>
2026-09-14 15:30:14.092 I  PeachCommander[25124:14317] [com.apple.AppKit:Window] order all windows front 1690831872083
2026-09-14 15:30:14.092 I  PeachCommander[25124:14317] [com.apple.launchservices:cas] information in shared memory for 0x0-0x14e14e with seed 535 was still valid, so using cached info { "ApplicationType"="Foreground", "BuildMachineOSBuild"="25E246", "BundleIdentifierLowerCase"="com.peachcommander.app", "CFBundleDevelopmentRegion"="en", "CFBundleDocumentTypes"=( { "CFBundleTypeName"="Peach Commander Plugin Package", "CFBundleTypeRole"="Viewer", "LSHandlerRank"="Owner", "LSItemContentTypes"=( "com.peachcommander.plugin-package") }), "CFBundleExecutable"="PeachCommander", "CFBundleExecutablePath"="/Users/admin/pc-test/PeachCommander.app/Contents/MacOS/PeachCommander", "CFBundleExecutablePathDeviceID"=16777229, "CFBundleExecutablePathINode"=487591, "CFBundleHelpBookFolder"="PeachCommander.help", "CFBundleHelpBookName"="Peach Commander Help", "CFBundleIconFile"="AppIcon", "CFBundleIconName"="AppIcon", "CFBundleIdentifier"="com.peachcommander.app", "CFBundleInfoDictionaryVersion"="6.0", "CFBundleName"="PeachCommander", "CFBundleNameLowerCase"="peachcommander", "CFBundleNumericVersion"=402685952, "CFBundlePackageType"="APPL", "CFBundleShortVersionString"="0.9.0", "CFBun<…>
2026-09-14 15:30:14.092 I  PeachCommander[25124:14317] [com.apple.showhide:pr-59900543] SHOWHIDE: CONFIRM, id=556, err=0
2026-09-14 15:30:14.093 I  PeachCommander[25124:14317] [com.apple.AppKit:Window] context (0 -> 5c75426b) for window 53f
2026-09-14 15:30:14.093 I  PeachCommander[25124:14317] [com.apple.AppKit:Window] context (0 -> 8d07d10b) for window 53e
2026-09-14 15:30:14.093 I  PeachCommander[25124:14317] [com.apple.AppKit:Window] context (0 -> e5a4d056) for window 53d
2026-09-14 15:30:14.093 I  PeachCommander[25124:14317] [com.apple.AppKit:Window] context (0 -> 4540b42b) for window 53c
2026-09-14 15:30:14.117 Df PeachCommander[25124:14317] [com.apple.AppKit:AutomaticTermination] void _updateToReflectAutomaticTerminationState(void) Setting _kLSApplicationWouldBeTerminatedByTALKey=0
2026-09-14 15:30:14.117 I  PeachCommander[25124:14317] [com.apple.runningboard:assertion] Acquiring assertion: <RBSAssertionDescriptor| "AppNap adapter assertion" ID:(null) target:25124>
2026-09-14 15:30:14.151 A  PeachCommander[25124:1431f] (RunningBoardServices) didChangeInheritances
2026-09-14 15:30:14.177 Df PeachCommander[25124:14317] [com.apple.libsystem.libdispatch:] DEPRECATED USE in libdispatch client: dispatch source activated with no event handler set; set a breakpoint on _dispatch_bug_deprecated to debug
2026-09-14 15:30:14.265 I  PeachCommander[25124:14317] [com.apple.coreanimation:Utilities] IOSurface Compression Enabled: NO
2026-09-14 15:30:14.266 Df PeachCommander[25124:1431f] [com.apple.coreanimation:Metal] Precompiled pipelines disabled on unsupported hardware.
2026-09-14 15:30:14.276 I  PeachCommander[25124:14317] [com.apple.CarbonCore:gestalt] SetGestaltValuesBulk SetGestaltValuesBulk( count=22 tuples=0x185b96650
2026-09-14 15:30:14.276 I  PeachCommander[25124:14317] [com.apple.CarbonCore:gestalt] SetGestaltValue SetGestaltValue(alis 1C9) => 0
2026-09-14 15:30:14.276 I  PeachCommander[25124:14317] [com.apple.CarbonCore:gestalt] SetGestaltValue SetGestaltValue(os   FE) => 0
2026-09-14 15:30:14.276 I  PeachCommander[25124:14317] [com.apple.CarbonCore:gestalt] SetGestaltValue SetGestaltValue(addr 7) => 0
2026-09-14 15:30:14.276 I  PeachCommander[25124:14317] [com.apple.CarbonCore:gestalt] SetGestaltValue SetGestaltValue(fs   3D332) => 0
2026-09-14 15:30:14.276 I  PeachCommander[25124:14317] [com.apple.CarbonCore:gestalt] SetGestaltValue SetGestaltValue(fold 11) => 0
2026-09-14 15:30:14.276 I  PeachCommander[25124:14317] [com.apple.CarbonCore:gestalt] SetGestaltValue SetGestaltValue(lram 7FFFF000) => 0
2026-09-14 15:30:14.276 I  PeachCommander[25124:14317] [com.apple.CarbonCore:gestalt] SetGestaltValue SetGestaltValue(mmap 1) => 0
2026-09-14 15:30:14.276 I  PeachCommander[25124:14317] [com.apple.CarbonCore:gestalt] SetGestaltValue SetGestaltValue(cfrg 1) => 0
2026-09-14 15:30:14.276 I  PeachCommander[25124:14317] [com.apple.CarbonCore:gestalt] SetGestaltValue SetGestaltValue(thds 7) => 0
2026-09-14 15:30:14.276 I  PeachCommander[25124:14317] [com.apple.CarbonCore:gestalt] SetGestaltValue SetGestaltValue(tmgr E) => 0
2026-09-14 15:30:14.276 I  PeachCommander[25124:14317] [com.apple.CarbonCore:gestalt] SetGestaltValue SetGestaltValue(vers 7) => 0
2026-09-14 15:30:14.276 I  PeachCommander[25124:14317] [com.apple.CarbonCore:gestalt] SetGestaltValue SetGestaltValue(cbon 160) => 0
2026-09-14 15:30:14.276 I  PeachCommander[25124:14317] [com.apple.CarbonCore:gestalt] SetGestaltValue SetGestaltValue(cltn 1108000) => 0
2026-09-14 15:30:14.276 I  PeachCommander[25124:14317] [com.apple.CarbonCore:gestalt] SetGestaltValue SetGestaltValue(cpnt 8) => 0
2026-09-14 15:30:14.276 I  PeachCommander[25124:14317] [com.apple.CarbonCore:gestalt] SetGestaltValue SetGestaltValue(rsrc 3) => 0
2026-09-14 15:30:14.276 I  PeachCommander[25124:14317] [com.apple.CarbonCore:gestalt] SetGestaltValue SetGestaltValue(rmbg 11F) => 0
2026-09-14 15:30:14.276 I  PeachCommander[25124:14317] [com.apple.CarbonCore:gestalt] SetGestaltValue SetGestaltValue(vm   11) => 0
2026-09-14 15:30:14.276 I  PeachCommander[25124:14317] [com.apple.CarbonCore:gestalt] SetGestaltValue SetGestaltValue(srad 4170706C) => 0
2026-09-14 15:30:14.276 I  PeachCommander[25124:14317] [com.apple.CarbonCore:gestalt] SetGestaltValue SetGestaltValue(sysa 14) => 0
2026-09-14 15:30:14.276 I  PeachCommander[25124:14317] [com.apple.CarbonCore:gestalt] SetGestaltValue SetGestaltValue(copl 9) => 0
2026-09-14 15:30:14.276 I  PeachCommander[25124:14317] [com.apple.CarbonCore:gestalt] SetGestaltValue SetGestaltValue(xlat 0) => 0
2026-09-14 15:30:14.276 I  PeachCommander[25124:14317] [com.apple.CarbonCore:gestalt] SetGestaltValue SetGestaltValue(stdf 0) => 0
2026-09-14 15:30:14.276 I  PeachCommander[25124:14317] [com.apple.CarbonCore:gestalt] _NewGestalt _NewGestalt(ram  0x185b0f644) => 0
2026-09-14 15:30:14.276 I  PeachCommander[25124:14317] [com.apple.CarbonCore:gestalt] _NewGestalt _NewGestalt(ramm 0x185b0f644) => 0
2026-09-14 15:30:14.276 I  PeachCommander[25124:14317] [com.apple.CarbonCore:gestalt] _NewGestalt _NewGestalt(cput 0x185b0f734) => 0
2026-09-14 15:30:14.276 I  PeachCommander[25124:14317] [com.apple.CarbonCore:gestalt] _NewGestalt _NewGestalt(cpuf 0x185b0f764) => 0
2026-09-14 15:30:14.276 I  PeachCommander[25124:14317] [com.apple.CarbonCore:gestalt] _NewGestalt _NewGestalt(bclk 0x185b0f794) => 0
2026-09-14 15:30:14.276 I  PeachCommander[25124:14317] [com.apple.CarbonCore:gestalt] _NewGestalt _NewGestalt(bclm 0x185b0f794) => 0
2026-09-14 15:30:14.276 I  PeachCommander[25124:14317] [com.apple.CarbonCore:gestalt] _NewGestalt _NewGestalt(pclk 0x185b0f834) => 0
2026-09-14 15:30:14.276 I  PeachCommander[25124:14317] [com.apple.CarbonCore:gestalt] _NewGestalt _NewGestalt(mclk 0x185b0f834) => 0
2026-09-14 15:30:14.276 I  PeachCommander[25124:14317] [com.apple.CarbonCore:gestalt] _NewGestalt _NewGestalt(a/ux 0x185b0f94c) => 0
2026-09-14 15:30:14.276 I  PeachCommander[25124:14317] [com.apple.CarbonCore:gestalt] _NewGestalt _NewGestalt(pgsz 0x185b0f954) => 0
2026-09-14 15:30:14.276 I  PeachCommander[25124:14317] [com.apple.CarbonCore:gestalt] _NewGestalt _NewGestalt(csiz 0x185b0f994) => 0
2026-09-14 15:30:14.276 I  PeachCommander[25124:14317] [com.apple.CarbonCore:gestalt] _NewGestalt _NewGestalt(sysv 0x185abadfc) => 0
2026-09-14 15:30:14.276 I  PeachCommander[25124:14317] [com.apple.CarbonCore:gestalt] _NewGestalt _NewGestalt(sys1 0x185abadfc) => 0
2026-09-14 15:30:14.276 I  PeachCommander[25124:14317] [com.apple.CarbonCore:gestalt] _NewGestalt _NewGestalt(sys2 0x185abadfc) => 0
2026-09-14 15:30:14.276 I  PeachCommander[25124:14317] [com.apple.CarbonCore:gestalt] _NewGestalt _NewGestalt(sys3 0x185abadfc) => 0
2026-09-14 15:30:14.276 I  PeachCommander[25124:14317] [com.apple.CarbonCore:gestalt] _NewGestalt _NewGestalt(cdfl 0x185b0f9d4) => 0
2026-09-14 15:30:14.276 I  PeachCommander[25124:14317] [com.apple.CarbonCore:gestalt] _NewGestalt _NewGestalt(cdrm 0x185b0fc30) => 0
2026-09-14 15:30:14.276 I  PeachCommander[25124:14317] [com.apple.CarbonCore:gestalt] _NewGestalt _NewGestalt(cpus 0x185b0fc78) => 0
2026-09-14 15:30:14.276 I  PeachCommander[25124:14317] [com.apple.CarbonCore:gestalt] SetGestaltValue SetGestaltValue(swex 1) => 0
2026-09-14 15:30:14.276 Df PeachCommander[25124:14317] [com.apple.xpc:connection] [0x86c523980] activating connection: mach=false listener=false peer=false name=com.apple.hiservices-xpcservice
2026-09-14 15:30:14.277 I  PeachCommander[25124:14317] [com.apple.CFPasteboard:entry] CopyData('ApplePerContextInputPasteboard' (<CFUUID 0x86c194560> C458E830-6E02-4D6E-880D-0E8DC58F088D) gen: -1 item: 1264739405 flavor: 'ApplePerContextInputFlavor')
2026-09-14 15:30:14.277 I  PeachCommander[25124:14317] [com.apple.CFPasteboard:cache] Rebuilding cache for 'ApplePerContextInputPasteboard' (<CFUUID 0x86c194560> C458E830-6E02-4D6E-880D-0E8DC58F088D)
2026-09-14 15:30:14.277 I  PeachCommander[25124:14317] [com.apple.CFPasteboard:general] Will request data from daemon
2026-09-14 15:30:14.277 I  PeachCommander[25124:14317] [com.apple.CFPasteboard:exit] (not-in-cache) - result: 0 generation: 1 data (182 bytes) flags: 0
2026-09-14 15:30:14.277 I  PeachCommander[25124:14317] [com.apple.CFPasteboard:entry] CopyData('DefaultAsciiKeyboardLayoutPasteboard' (<CFUUID 0x86cdd0140> DC65A6D8-DE39-474A-8C16-0E19F6AB91E0) gen: -1 item: 1264739405 flavor: 'DefaultAsciiKeyboardLayoutFlavor')
2026-09-14 15:30:14.277 I  PeachCommander[25124:14317] [com.apple.CFPasteboard:exit] (not-in-cache) - result: -8 generation: 0 null data flags: 0
2026-09-14 15:30:14.279 I  PeachCommander[25124:14317] [com.apple.AppKit:Window] context (0 -> 59c75f40) for window 541
2026-09-14 15:30:14.279 Df PeachCommander[25124:14317] [com.apple.inputmethodkitClient:Client] +[IMKClient subclass]: chose IMKClient_Modern
2026-09-14 15:30:14.279 Df PeachCommander[25124:14317] [com.apple.BoardServices:XPCErrors] [C:2] Alloc com.apple.backboard.hid-services.xpc
2026-09-14 15:30:14.279 Df PeachCommander[25124:14317] [com.apple.xpc:connection] [0x86c523ac0] activating connection: mach=false listener=false peer=false name=(anonymous)
2026-09-14 15:30:14.280 E  PeachCommander[25124:1431f] [com.apple.BaseBoard:Common] Unable to obtain a task name port right for pid 163: (os/kern) failure (0x5)
2026-09-14 15:30:14.280 Df PeachCommander[25124:1431f] [com.apple.xpc:connection] [0x86c522940] activating connection: mach=false listener=false peer=false name=com.apple.TextInputUI.xpc.CursorUIViewService
2026-09-14 15:30:14.280 Df PeachCommander[25124:1431e] [com.apple.xpc:connection] [0x86c522940] invalidated after the last release of the connection object
2026-09-14 15:30:14.280 I  PeachCommander[25124:14317] [com.apple.CFPasteboard:entry] CopyData('DefaultAsciiKeyboardLayoutPasteboard' (<CFUUID 0x86cdd0140> DC65A6D8-DE39-474A-8C16-0E19F6AB91E0) gen: -1 item: 1264739405 flavor: 'DefaultAsciiKeyboardLayoutFlavor')
2026-09-14 15:30:14.280 I  PeachCommander[25124:14317] [com.apple.CFPasteboard:exit] (not-in-cache) - result: -8 generation: 0 null data flags: 0
2026-09-14 15:30:14.280 Df PeachCommander[25124:14317] [com.apple.xpc:connection] [0x86c5226c0] activating connection: mach=false listener=false peer=false name=(anonymous)
2026-09-14 15:30:14.280 Df PeachCommander[25124:14317] [com.apple.xpc:connection] [0x86c522940] activating connection: mach=false listener=false peer=false name=com.apple.ViewBridgeAuxiliary
2026-09-14 15:30:14.281 Df PeachCommander[25124:14317] [com.apple.xpc:connection] [0x86c522580] activating connection: mach=false listener=false peer=false name=(anonymous)
2026-09-14 15:30:14.281 Df PeachCommander[25124:14317] [com.apple.xpc:connection] [0x86c522940] invalidated after the last release of the connection object
2026-09-14 15:30:14.295 Df PeachCommander[25124:14317] [com.apple.TextInputUI:CursorUI] -[TUINSCursorUIController activate:]_block_invoke: Create CursorUIViewService: TUINSRemoteViewController
2026-09-14 15:30:14.295 I  PeachCommander[25124:14317] [com.apple.AppKit:Window] window <TUINSWindow: 0x86dd40a00> windowNumber=541 finishing close
2026-09-14 15:30:14.295 I  PeachCommander[25124:14317] [com.apple.AppKit:Window] order window: 541 op: 0 relative: 0 related: 0
2026-09-14 15:30:14.300 A  PeachCommander[25124:1431f] (CoreFoundation) Loading Preferences From System CFPrefsD
2026-09-14 15:30:14.342 I  PeachCommander[25124:14317] [com.apple.iconservices:foundation] layer data size zero
2026-09-14 15:30:14.343 A  PeachCommander[25124:14317] (CoreFoundation) Loading Preferences From User CFPrefsD
2026-09-14 15:30:14.343 I  PeachCommander[25124:14317] [com.apple.CoreAnalytics:client] Dropping "com.apple.ImageIO.readerSelection" as it isn't used in any transform (not in the config or budgeted?)
2026-09-14 15:30:14.412 I  PeachCommander[25124:14317] [com.apple.CoreAnalytics:client] Dropping "com.apple.appkit.app_config" as it isn't used in any transform (not in the config or budgeted?)
2026-09-14 15:30:14.412 I  PeachCommander[25124:14317] [com.apple.SafariPlatformSupport:SafariPlatformSupport] -[SFSafariPlatformSupport credentialSelected:] with nil credential
2026-09-14 15:30:14.412 I  PeachCommander[25124:14317] [com.apple.SafariPlatformSupport:SafariPlatformSupport] -[SFSafariPlatformSupport oneTimeCodeSelected:] with nil code
2026-09-14 15:30:14.525 I  PeachCommander[25124:143ab] [com.apple.AppKit:WindowTab] Indexing 1 items
2026-09-14 15:30:14.525 A  PeachCommander[25124:143ab] (CoreSpotlight) end-index-batch
2026-09-14 15:30:14.525 Df PeachCommander[25124:143ab] [com.apple.corespotlight:index] *warn* MailCS ======%%% _setMailMessageAttributes skip:1
2026-09-14 15:30:14.525 A  PeachCommander[25124:143ab] (CoreSpotlight) index-items
2026-09-14 15:30:14.525 Df PeachCommander[25124:143ab] [com.apple.corespotlight:index] CSInlineDonation:<private>: Skipping donation (feature flag disabled)
2026-09-14 15:30:14.525 Df PeachCommander[25124:143ab] [com.apple.corespotlight:index] CSInlineDonation:<private>: Skipping donation (feature flag disabled)
2026-09-14 15:30:14.646 I  PeachCommander[25124:14317] [com.apple.HIToolbox:MBDisplays] <private>
2026-09-14 15:30:14.646 I  PeachCommander[25124:14317] [com.apple.HIToolbox:MBDisplays] <private>
2026-09-14 15:30:14.693 Df PeachCommander[25124:1431e] [com.apple.xpc:connection] [0x86c5221c0] activating connection: mach=false listener=false peer=false name=com.apple.SafariPlatformSupport.Helper
2026-09-14 15:30:14.711 Df PeachCommander[25124:14317] [com.apple.BoardServices:XPCErrors] [C:3] Alloc com.apple.backboard.hid-services.xpc
2026-09-14 15:30:14.711 Df PeachCommander[25124:14317] [com.apple.xpc:connection] [0x86c522080] activating connection: mach=false listener=false peer=false name=(anonymous)
2026-09-14 15:30:14.712 Df PeachCommander[25124:14320] [com.apple.BackBoard:EventDelivery] BKSHIDEventDeliveryManager - connection activation
2026-09-14 15:30:14.713 I  PeachCommander[25124:14317] [com.peachcommander:PCFoundation] Session restored
2026-09-14 15:30:14.713 Df PeachCommander[25124:14317] (Foundation) <private>
2026-09-14 15:30:14.713 I  PeachCommander[25124:14317] [com.peachcommander:PCFoundation] [automation] running /Users/admin/auto.txt
2026-09-14 15:30:14.713 Df PeachCommander[25124:14317] (Foundation) <private>
2026-09-14 15:30:14.713 I  PeachCommander[25124:14317] [com.peachcommander:PCFoundation] [automation] > active left
2026-09-14 15:30:14.713 Df PeachCommander[25124:14317] (Foundation) <private>
2026-09-14 15:30:14.713 I  PeachCommander[25124:14317] [com.peachcommander:PCFoundation] [automation] > left /Users/admin/pc-demo
2026-09-14 15:30:14.750 Df PeachCommander[25124:143ab] [com.apple.xpc:connection] [0x86c5221c0] invalidated after the last release of the connection object
2026-09-14 15:30:14.770 I  PeachCommander[25124:14317] [com.apple.launchservices:cas] Removing cached information for app [ 0x0-0x14e14e]  "PeachCommander", as its seed is different from that in shared memory ( 535 vs 537)
2026-09-14 15:30:14.771 Df PeachCommander[25124:14317] [com.apple.xpc:connection] [0x86c521cc0] activating connection: mach=false listener=false peer=false name=(anonymous)
2026-09-14 15:30:14.771 Df PeachCommander[25124:14317] [com.apple.xpc:connection] [0x86c5221c0] activating connection: mach=false listener=false peer=false name=(anonymous)
2026-09-14 15:30:14.779 Df PeachCommander[25124:14317] (Foundation) <private>
2026-09-14 15:30:14.779 I  PeachCommander[25124:14317] [com.peachcommander:PCFoundation] [automation] > wait 1200
2026-09-14 15:30:14.797 I  PeachCommander[25124:14317] [com.apple.iconservices:foundation] layer data size zero
2026-09-14 15:30:14.830 I  PeachCommander[25124:14317] [com.apple.launchservices:datasep] application record search init. Node: <FSNode 0x86da06460> { isDir = y, path = <private> } bundleID: (null) itemID: 0
2026-09-14 15:30:14.830 I  PeachCommander[25124:14317] [com.apple.launchservices:datasep] application record search init. Node: <FSNode 0x86da06460> { isDir = y, path = <private> } bundleID: (null) itemID: 0
2026-09-14 15:30:14.830 I  PeachCommander[25124:14317] [com.apple.SafariPlatformSupport:SafariPlatformSupport] -[SFSafariPlatformSupport credentialSelected:] with nil credential
2026-09-14 15:30:14.830 I  PeachCommander[25124:14317] [com.apple.SafariPlatformSupport:SafariPlatformSupport] -[SFSafariPlatformSupport oneTimeCodeSelected:] with nil code
2026-09-14 15:30:14.831 I  PeachCommander[25124:14317] [com.apple.iconservices:foundation] layer data size zero
2026-09-14 15:30:14.831 I  PeachCommander[25124:14317] [com.apple.iconservices:foundation] layer data size zero
2026-09-14 15:30:14.831 I  PeachCommander[25124:14317] [com.apple.iconservices:foundation] layer data size zero
2026-09-14 15:30:14.831 I  PeachCommander[25124:14317] [com.apple.iconservices:foundation] layer data size zero
2026-09-14 15:30:14.839 I  PeachCommander[25124:14317] [com.apple.SafariPlatformSupport:SafariPlatformSupport] -[SPSafariPlatformSupport completionListPreferredContentSizeDidUpdate] with size {0, 0}, in window that is visible
2026-09-14 15:30:15.260 I  PeachCommander[25124:14320] [com.apple.AppKit:WindowTab] Indexing 1 items
2026-09-14 15:30:15.260 A  PeachCommander[25124:14320] (CoreSpotlight) end-index-batch
2026-09-14 15:30:15.260 A  PeachCommander[25124:14320] (CoreSpotlight) index-items
2026-09-14 15:30:15.260 Df PeachCommander[25124:14320] [com.apple.corespotlight:index] CSInlineDonation:<private>: Skipping donation (feature flag disabled)
2026-09-14 15:30:15.260 Df PeachCommander[25124:14320] [com.apple.corespotlight:index] CSInlineDonation:<private>: Skipping donation (feature flag disabled)
2026-09-14 15:30:15.987 Df PeachCommander[25124:14317] (Foundation) <private>
2026-09-14 15:30:15.987 I  PeachCommander[25124:14317] [com.peachcommander:PCFoundation] [automation] > focus annotated.txt
2026-09-14 15:30:16.007 Df PeachCommander[25124:14317] (Foundation) <private>
2026-09-14 15:30:16.007 I  PeachCommander[25124:14317] [com.peachcommander:PCFoundation] [automation] > wait 400
2026-09-14 15:30:16.274 I  PeachCommander[25124:14317] [com.apple.quicklook:Preview Loading] start loading item <private>
2026-09-14 15:30:16.275 I  PeachCommander[25124:14317] [com.apple.quicklook:Preview Loading] created <private> (customView: (null))
2026-09-14 15:30:16.275 I  PeachCommander[25124:14317] [com.apple.quicklook:Preview Loading] start loading <private> with forced displayBundleID (null)
2026-09-14 15:30:16.275 Df PeachCommander[25124:14320] [com.apple.foundation.filecoordination:claims] Read options: 200000 -- URL: <private> -- purposeID: D1383FF2-2F33-4CA9-A28B-33CC02BD6161 -- claimID: 8314C8E5-9D43-4106-80D7-75849DEB5ACA
2026-09-14 15:30:16.276 Df PeachCommander[25124:14320] [com.apple.foundation.filecoordination:claims] Claim 8314C8E5-9D43-4106-80D7-75849DEB5ACA granted in client
2026-09-14 15:30:16.276 Df PeachCommander[25124:14320] [com.apple.foundation.filecoordination:claims] Claim 8314C8E5-9D43-4106-80D7-75849DEB5ACA invoked in client
2026-09-14 15:30:16.276 I  PeachCommander[25124:14320] [com.apple.quicklook:Preview Loading] got displayBundleID com.apple.qldisplay.Text for <private>
2026-09-14 15:30:16.279 I  PeachCommander[25124:14317] [com.apple.quicklook:Preview Loading] document <private> got display bundle <private>
2026-09-14 15:30:16.279 I  PeachCommander[25124:1431d] [com.apple.quicklook:General] presentedItemURL: <private>
2026-09-14 15:30:16.279 I  PeachCommander[25124:1431d] [com.apple.quicklook:General] presentedItemOperationQueue: <private>
2026-09-14 15:30:16.279 Df PeachCommander[25124:1431d] [com.apple.foundation.filecoordination:presenter] Adding presenter 47BB4426-DC39-4B01-B52C-F597437B7988 for URL: <private>
2026-09-14 15:30:16.279 Df PeachCommander[25124:143fd] [com.apple.foundation.filecoordination:claims] Read options: 0 -- URL: <private> -- purposeID: 6C89FB6C-959B-405E-BBE3-93402F796F47 -- claimID: ADF90FCF-F30C-443F-8E22-E9EFE444293E
2026-09-14 15:30:16.280 Df PeachCommander[25124:1431d] [com.apple.foundation.filecoordination:claims] Claim ADF90FCF-F30C-443F-8E22-E9EFE444293E granted in client
2026-09-14 15:30:16.280 Df PeachCommander[25124:1431d] [com.apple.foundation.filecoordination:claims] Claim ADF90FCF-F30C-443F-8E22-E9EFE444293E invoked in client
2026-09-14 15:30:16.281 I  PeachCommander[25124:143fd] [com.apple.quicklook:default] Getting <private> for 'Text Loading Options' from UTI '<private>' #UTI
2026-09-14 15:30:16.282 I  PeachCommander[25124:14317] [com.apple.inputAnalytics.client:IATextInputActions] initWithAnalyticsMetadataObserver service
2026-09-14 15:30:16.282 I  PeachCommander[25124:14317] [com.apple.quicklook:General] DID LOAD <private>
2026-09-14 15:30:16.283 I  PeachCommander[25124:14317] [com.apple.quicklook:Preview Loading] document <private> did load
2026-09-14 15:30:16.283 I  PeachCommander[25124:14317] [com.apple.quicklook:Preview Loading] setting displayable from (null) to <private>
2026-09-14 15:30:16.416 Df PeachCommander[25124:14317] (Foundation) <private>
2026-09-14 15:30:16.416 I  PeachCommander[25124:14317] [com.peachcommander:PCFoundation] [automation] > cmd cm_List
2026-09-14 15:30:16.416 Df PeachCommander[25124:14317] (Foundation) <private>
2026-09-14 15:30:16.416 I  PeachCommander[25124:14317] [com.peachcommander:PCFoundation] [automation] > wait 2500
2026-09-14 15:30:16.434 I  PeachCommander[25124:14317] [com.apple.AppKit:Animation] Running new animation: <private>
2026-09-14 15:30:16.434 I  PeachCommander[25124:14317] [com.apple.AppKit:Animation] Running new animation: <private>
2026-09-14 15:30:16.434 I  PeachCommander[25124:14317] [com.apple.AppKit:Animation] Running new animation: <private>
2026-09-14 15:30:16.434 I  PeachCommander[25124:14317] [com.apple.AppKit:Animation] Running new animation: <private>
2026-09-14 15:30:16.434 I  PeachCommander[25124:14317] [com.apple.AppKit:Animation] Running new animation: <private>
2026-09-14 15:30:16.441 I  PeachCommander[25124:14317] [com.apple.AppKit:Window] context (0 -> df9aa272) for window 544
2026-09-14 15:30:16.446 I  PeachCommander[25124:14317] [com.apple.AppKit:Animation] Running new animation: <private>
2026-09-14 15:30:16.446 I  PeachCommander[25124:14317] [com.apple.AppKit:Animation] Running new animation: <private>
2026-09-14 15:30:16.446 I  PeachCommander[25124:14317] [com.apple.AppKit:Animation] Running new animation: <private>
2026-09-14 15:30:16.446 I  PeachCommander[25124:14317] [com.apple.AppKit:Animation] Running new animation: <private>
2026-09-14 15:30:16.446 I  PeachCommander[25124:14317] [com.apple.AppKit:Animation] Running new animation: <private>
2026-09-14 15:30:16.472 I  PeachCommander[25124:14317] [com.apple.CFPasteboard:entry] CopyItemsAndFlavors('Apple CFPasteboard find (<CFUUID 0x86b0e8220> ABC51413-4DE6-4478-B974-F0E19A66799E)' gen: -1)
2026-09-14 15:30:16.472 I  PeachCommander[25124:14317] [com.apple.CFPasteboard:cache] Rebuilding cache for 'Apple CFPasteboard find' (<CFUUID 0x86b0e8220> ABC51413-4DE6-4478-B974-F0E19A66799E)
2026-09-14 15:30:16.472 I  PeachCommander[25124:14317] [com.apple.CFPasteboard:exit] result: 0, gen: -1 item-count: 2 flavor-count: 2 (-1 means nil)
2026-09-14 15:30:16.472 I  PeachCommander[25124:14317] [com.apple.CFPasteboard:entry] GetDataFlags('Apple CFPasteboard find' (<CFUUID 0x86b0e8220> ABC51413-4DE6-4478-B974-F0E19A66799E) gen: -1  item: 789514, flavor: 'public.utf8-plain-text')
2026-09-14 15:30:16.472 I  PeachCommander[25124:14317] [com.apple.CFPasteboard:exit] result: 0 flags: 20000000
2026-09-14 15:30:16.472 I  PeachCommander[25124:14317] [com.apple.CFPasteboard:entry] GetDataFlags('Apple CFPasteboard find' (<CFUUID 0x86b0e8220> ABC51413-4DE6-4478-B974-F0E19A66799E) gen: -1  item: 789514, flavor: 'com.apple.cocoa.pasteboard.find-panel-search-options')
2026-09-14 15:30:16.472 I  PeachCommander[25124:14317] [com.apple.CFPasteboard:exit] result: 0 flags: 20000000
2026-09-14 15:30:16.472 Df PeachCommander[25124:14317] [com.apple.AppKit:Pasteboard] NSPasteboard (name: Apple CFPasteboard find): data requested for type NSStringPboardType at index 0
2026-09-14 15:30:16.472 I  PeachCommander[25124:14317] [com.apple.CFPasteboard:entry] GetItemCount('Apple CFPasteboard find' (<CFUUID 0x86b0e8220> ABC51413-4DE6-4478-B974-F0E19A66799E) gen: -1)
2026-09-14 15:30:16.472 I  PeachCommander[25124:14317] [com.apple.CFPasteboard:exit] result: 0 gen: 4 count: 1
2026-09-14 15:30:16.472 I  PeachCommander[25124:14317] [com.apple.CFPasteboard:entry] CopyItemsAndFlavors('Apple CFPasteboard find (<CFUUID 0x86b0e8220> ABC51413-4DE6-4478-B974-F0E19A66799E)' gen: -1)
2026-09-14 15:30:16.472 I  PeachCommander[25124:14317] [com.apple.CFPasteboard:exit] result: 0, gen: -1 item-count: 2 flavor-count: 2 (-1 means nil)
2026-09-14 15:30:16.472 I  PeachCommander[25124:14317] [com.apple.CFPasteboard:entry] CopyData('Apple CFPasteboard find' (<CFUUID 0x86b0e8220> ABC51413-4DE6-4478-B974-F0E19A66799E) gen: 4 item: 789514 flavor: 'public.utf8-plain-text')
2026-09-14 15:30:16.472 I  PeachCommander[25124:14317] [com.apple.CFPasteboard:general] Will request data from daemon
2026-09-14 15:30:16.472 I  PeachCommander[25124:14317] [com.apple.CFPasteboard:exit] (not-in-cache) - result: 0 generation: 4 data (7 bytes) flags: 20000000
2026-09-14 15:30:16.472 Df PeachCommander[25124:14317] [com.apple.AppKit:Pasteboard] NSPasteboard (name: Apple CFPasteboard find): data requested for type com.apple.cocoa.pasteboard.find-panel-search-options at index 0
2026-09-14 15:30:16.473 I  PeachCommander[25124:14317] [com.apple.CFPasteboard:entry] CopyItemsAndFlavors('Apple CFPasteboard find (<CFUUID 0x86b0e8220> ABC51413-4DE6-4478-B974-F0E19A66799E)' gen: -1)
2026-09-14 15:30:16.473 I  PeachCommander[25124:14317] [com.apple.CFPasteboard:exit] result: 0, gen: -1 item-count: 2 flavor-count: 2 (-1 means nil)
2026-09-14 15:30:16.473 I  PeachCommander[25124:14317] [com.apple.CFPasteboard:entry] CopyData('Apple CFPasteboard find' (<CFUUID 0x86b0e8220> ABC51413-4DE6-4478-B974-F0E19A66799E) gen: 4 item: 789514 flavor: 'com.apple.cocoa.pasteboard.find-panel-search-options')
2026-09-14 15:30:16.473 I  PeachCommander[25124:14317] [com.apple.CFPasteboard:general] Will request data from daemon
2026-09-14 15:30:16.473 I  PeachCommander[25124:14317] [com.apple.CFPasteboard:exit] (not-in-cache) - result: 0 generation: 4 data (116 bytes) flags: 20000000
2026-09-14 15:30:16.474 I  PeachCommander[25124:14317] [com.apple.CFPasteboard:entry] CopyData('DefaultAsciiKeyboardLayoutPasteboard' (<CFUUID 0x86cdd0140> DC65A6D8-DE39-474A-8C16-0E19F6AB91E0) gen: -1 item: 1264739405 flavor: 'DefaultAsciiKeyboardLayoutFlavor')
2026-09-14 15:30:16.474 I  PeachCommander[25124:14317] [com.apple.CFPasteboard:exit] (not-in-cache) - result: -8 generation: 0 null data flags: 0
2026-09-14 15:30:16.502 I  PeachCommander[25124:14317] [com.apple.AppKit:Animation] Running new animation: <private>
2026-09-14 15:30:16.502 I  PeachCommander[25124:14317] [com.apple.AppKit:Animation] Running new animation: <private>
2026-09-14 15:30:16.502 I  PeachCommander[25124:14317] [com.apple.AppKit:Animation] Running new animation: <private>
2026-09-14 15:30:16.502 I  PeachCommander[25124:14317] [com.apple.AppKit:Animation] Running new animation: <private>
2026-09-14 15:30:16.502 I  PeachCommander[25124:14317] [com.apple.AppKit:Animation] Running new animation: <private>
2026-09-14 15:30:16.503 I  PeachCommander[25124:14317] [com.apple.AppKit:Window] order window front conditionally: 544 related: 0
2026-09-14 15:30:16.503 I  PeachCommander[25124:14317] [com.apple.AppKit:Window] order window front conditionally: 544 related: 0
2026-09-14 15:30:16.673 I  PeachCommander[25124:1431e] [com.apple.AppKit:WindowTab] Indexing 2 items
2026-09-14 15:30:16.673 A  PeachCommander[25124:1431e] (CoreSpotlight) end-index-batch
2026-09-14 15:30:16.673 A  PeachCommander[25124:1431e] (CoreSpotlight) index-items
2026-09-14 15:30:16.673 Df PeachCommander[25124:1431e] [com.apple.corespotlight:index] CSInlineDonation:<private>: Skipping donation (feature flag disabled)
2026-09-14 15:30:16.674 Df PeachCommander[25124:1431e] [com.apple.corespotlight:index] CSInlineDonation:<private>: Skipping donation (feature flag disabled)
2026-09-14 15:30:17.021 Df PeachCommander[25124:143b3] [com.apple.libsystem.libdispatch:] BUG in libdispatch client: mach_recv, monitored resource vanished before the source cancel handler was invoked { 0x86b210d80[source], ident: 76467 / 0x12ab3, handler: 0x18838c8d8 }
2026-09-14 15:30:17.496 Df PeachCommander[25124:14317] [com.apple.xpc:connection] [0x86b14a080] activating connection: mach=true listener=false peer=false name=com.apple.pbs.fetch_services
2026-09-14 15:30:17.498 Df PeachCommander[25124:14317] [com.apple.xpc:connection] [0x86b14a080] invalidated after the last release of the connection object
2026-09-14 15:30:17.498 A  PeachCommander[25124:14317] (CoreFoundation) Loading Preferences From User CFPrefsD
2026-09-14 15:30:17.506 A  PeachCommander[25124:14317] (CoreFoundation) Updating Key-Value Observers Of Preferences
2026-09-14 15:30:19.030 Df PeachCommander[25124:14317] (Foundation) <private>
2026-09-14 15:30:19.030 I  PeachCommander[25124:14317] [com.peachcommander:PCFoundation] [automation] > listermarks
2026-09-14 15:30:19.050 Df PeachCommander[25124:14317] (Foundation) <private>
2026-09-14 15:30:19.050 I  PeachCommander[25124:14317] [com.peachcommander:PCFoundation] [automation] > wait 800
2026-09-14 15:30:19.906 Df PeachCommander[25124:14317] (Foundation) <private>
2026-09-14 15:30:19.906 I  PeachCommander[25124:14317] [com.peachcommander:PCFoundation] [automation] > listerdump /Users/admin/note-lines.txt
2026-09-14 15:30:19.909 Df PeachCommander[25124:14317] (Foundation) <private>
2026-09-14 15:30:19.909 I  PeachCommander[25124:14317] [com.peachcommander:PCFoundation] [automation] > wait 500
2026-09-14 15:30:20.445 Df PeachCommander[25124:14317] (Foundation) <private>
2026-09-14 15:30:20.445 I  PeachCommander[25124:14317] [com.peachcommander:PCFoundation] [automation] done
