Timestamp               Ty Process[PID:TID]
2026-09-14 12:01:40.709 A  PeachCommander[21122:1104f] (libsystem_info.dylib) Retrieve User by ID
2026-09-14 12:01:40.709 Df PeachCommander[21122:1104f] [com.apple.xpc:connection] [0x106001d90] activating connection: mach=true listener=false peer=false name=com.apple.cfprefsd.daemon
2026-09-14 12:01:40.709 Df PeachCommander[21122:11053] [com.apple.xpc:connection] [0x106002490] activating connection: mach=true listener=false peer=false name=com.apple.cfprefsd.agent
2026-09-14 12:01:40.711 Df PeachCommander[21122:1104f] [com.apple.xpc:connection] [0x1060074b0] activating connection: mach=true listener=false peer=false name=com.apple.coreservices.launchservicesd
2026-09-14 12:01:40.711 I  PeachCommander[21122:1104f] [com.apple.launchservices:cas] Registering for notification <private> on default queue, to re-boostrap client connection.
2026-09-14 12:01:40.711 Df PeachCommander[21122:1104f] [com.apple.xpc:connection] [0xb2ecb4000] activating connection: mach=true listener=false peer=false name=com.apple.pasteboard.1
2026-09-14 12:01:40.711 Df PeachCommander[21122:1104f] [com.apple.xpc:connection] [0xb2ecb4140] activating connection: mach=true listener=false peer=false name=com.apple.distributed_notifications@Uv3
2026-09-14 12:01:40.713 Df PeachCommander[21122:1104f] [com.apple.AppKit:AutomaticTermination] void _NSDisableAutomaticTerminationAndLog(NSString *) No windows open yet
2026-09-14 12:01:40.713 A  PeachCommander[21122:1104f] (TCC) TCCAccessRequest() IPC
2026-09-14 12:01:40.713 Df PeachCommander[21122:1104f] [com.apple.xpc:connection] [0xb2ecb4280] activating connection: mach=true listener=false peer=false name=com.apple.tccd.system
2026-09-14 12:01:40.713 I  PeachCommander[21122:1104f] [com.apple.TCC:access] SEND: 0/7 synchronous to com.apple.tccd.system: request: msgID=21122.1, function=TCCAccessRequest, service=kTCCServiceListenEvent,
2026-09-14 12:01:40.714 I  PeachCommander[21122:1104f] [com.apple.TCC:access] RECV: synchronous reply <dictionary: 0xb2ec78000> { count = 5, transaction: 0, voucher = 0x0, contents =
	"prompt_type" => <uint64: 0x863ce981a0ba5baf>: 1
	"auth_value" => <uint64: 0x863ce981a0ba5baf>: 1
	"preflight_unknown" => <bool: 0x1f7121190>: true
	"auth_version" => <uint64: 0x863ce981a0ba5baf>: 1
	"auth_reason" => <uint64: 0x863ce981a0ba5b8f>: 5
}
2026-09-14 12:01:40.714 Df PeachCommander[21122:1104f] [com.apple.xpc:connection] [0xb2ecb4280] invalidated after the last release of the connection object
2026-09-14 12:01:40.714 Df PeachCommander[21122:1104f] [com.apple.SkyLight:default] server port 0x00002e07, session port 0x00002e07
2026-09-14 12:01:40.716 Df PeachCommander[21122:1104f] [com.apple.SkyLight:default] New connection 0x4ddbb main
2026-09-14 12:01:40.716 I  PeachCommander[21122:11054] [com.apple.SkyLight:processes] 0[outside of RPC]: First connection id 318907 mapped to ctx = 0xb2f01d000
2026-09-14 12:01:40.717 I  PeachCommander[21122:1104f] [com.apple.hiservices:processmgr] Checking in with CAS, pid=21122
2026-09-14 12:01:40.717 I  PeachCommander[21122:1104f] [com.apple.launchservices:cas] LSApplicationCheckIn(), app being registered is:"/Users/admin/pc-test/PeachCommander.app/Contents/MacOS/PeachCommander"
2026-09-14 12:01:40.717 I  PeachCommander[21122:1104f] [com.apple.launchservices:cas]  { "ApplicationType"="Foreground", "BuildMachineOSBuild"="25E246", "CFBundleDevelopmentRegion"="en", "CFBundleDocumentTypes"=( { "CFBundleTypeName"="Peach Commander Plugin Package", "CFBundleTypeRole"="Viewer", "LSHandlerRank"="Owner", "LSItemContentTypes"=( "com.peachcommander.plugin-package") }), "CFBundleExecutable"="PeachCommander", "CFBundleExecutablePath"="/Users/admin/pc-test/PeachCommander.app/Contents/MacOS/PeachCommander", "CFBundleHelpBookFolder"="PeachCommander.help", "CFBundleHelpBookName"="Peach Commander Help", "CFBundleIconFile"="AppIcon", "CFBundleIconName"="AppIcon", "CFBundleIdentifier"="com.peachcommander.app", "CFBundleInfoDictionaryVersion"="6.0", "CFBundleName"="PeachCommander", "CFBundleNumericVersion"=402685952, "CFBundlePackageType"="APPL", "CFBundleShortVersionString"="0.9.0", "CFBundleSignature"="?????", "CFBundleSupportedPlatforms"=( "MacOSX"), "CFBundleVersion"="18", "DTCompiler"="com.apple.compilers.llvm.clang.1_0", "DTPlatformBuild"="25F70", "DTPlatformName"="macosx", "<…>
2026-09-14 12:01:40.717 Df PeachCommander[21122:1104f] [com.apple.processmanager:front-35286506] CHECKIN: pid=21122
2026-09-14 12:01:40.719 Df PeachCommander[21122:1104f] [com.apple.processmanager:front-35286506] CHECKEDIN: pid=21122 asn=0x0-0x108108 foreground=1
2026-09-14 12:01:40.719 I  PeachCommander[21122:1104f] [com.apple.launchservices:cas] Setting processControlState to default PROC_SETPC_SUSPEND because application does not have LSProcessControlValue key
2026-09-14 12:01:40.719 Df PeachCommander[21122:1104f] [com.apple.xpc:connection] [0xb2ecb4280] activating connection: mach=false listener=true peer=false name=(anonymous)
2026-09-14 12:01:40.719 Df PeachCommander[21122:1104f] [com.apple.xpc:connection] [0xb2ecb4280] Connection returned listener port: 0x4103
2026-09-14 12:01:40.719 Df PeachCommander[21122:11053] [com.apple.xpc:connection] [0xb2f0b8300] activating connection: mach=false listener=false peer=true name=com.apple.xpc.anonymous.0xb2ecb4280.peer[131].0xb2f0b8300
2026-09-14 12:01:40.719 Df PeachCommander[21122:1104f] [com.apple.processmanager:front-35286506] FRONTLOGGING: version 1
2026-09-14 12:01:40.719 Df PeachCommander[21122:1104f] [com.apple.processmanager:front-35286506] Registered, pid=21122 ASN=0x0,0x108108
2026-09-14 12:01:40.719 Df PeachCommander[21122:1104f] [com.apple.xpc:connection] [0xb2ecb43c0] activating connection: mach=true listener=false peer=false name=com.apple.analyticsd
2026-09-14 12:01:40.719 I  PeachCommander[21122:1104f] [com.apple.CoreAnalytics:client] Daemon status changed from 0 to 1
2026-09-14 12:01:40.720 I  PeachCommander[21122:11053] [com.apple.CarbonCore:coreservicesdaemon] SCSession():SCSession( id=100, this=0x0x106010790 option=65538) created, forUID=501 mach_port_t=0x5003.
2026-09-14 12:01:40.720 I  PeachCommander[21122:11053] [com.apple.CarbonCore:coreservicesdaemon] SCSession():SCSession( id=101, this=0x0x106005c30 option=65538) created, forUID=501 mach_port_t=0x4303.
2026-09-14 12:01:40.720 I  PeachCommander[21122:11053] [com.apple.CarbonCore:coreservicesdaemon] connectToCoreServicesD():Instantiating server (coreservicesd based) SCSession, port=0x5003 serverOptions=0x10002.
2026-09-14 12:01:40.720 I  PeachCommander[21122:1104f] [com.apple.hiservices:processmgr] _RegisterApplication( pid 21122 => 0x0,0x108108) type=foreground
2026-09-14 12:01:40.720 Df PeachCommander[21122:1104f] [com.apple.xpc:connection] [0xb2ecb4280] Connection returned listener port: 0x4103
2026-09-14 12:01:40.720 Df PeachCommander[21122:11053] [com.apple.xpc:connection] [0xb2ecb4500] activating connection: mach=true listener=false peer=false name=com.apple.lsd.mapdb
2026-09-14 12:01:40.720 I  PeachCommander[21122:1104f] [com.apple.launchservices:cas] CFArrayRef _LSCopyLaunchModifiers(LSSessionID, LSASNRef _Nonnull), result for psn [ kLSCurrentApp ASN, 0x0,0x2]  is 1 items.
2026-09-14 12:01:40.720 Df PeachCommander[21122:1104f] [com.apple.processmanager:front-35286506] BringForward: pid=21122 asn=0x0-0x108108 bringForward=1 foreground=1 uiElement=0 launchedByLS=1 modifiersCount=1 allDisabled=1
2026-09-14 12:01:40.720 Df PeachCommander[21122:1104f] [com.apple.processmanager:front-35286506] BringFrontModifier: pid=21122 asn=0x0-0x108108 Modifier 0 hideAfter=0 hideOthers=0 dontMakeFrontmost=0 mouseDown=0/0 seed=0/0
2026-09-14 12:01:40.720 Df PeachCommander[21122:1104f] [com.apple.processmanager:front-35286506] BringForward: pid=21122 asn=0x0-0x108108
2026-09-14 12:01:40.720 Df PeachCommander[21122:1104f] [com.apple.processmanager:front-35286506] SetFrontProcess: asn=0x0-0x108108 options=0
2026-09-14 12:01:40.720 I  PeachCommander[21122:1104f] [com.apple.SkyLight:processes] 0[outside of RPC]: SLPSetFrontProcess(0x0-0x108108 window=0 options=0x0
2026-09-14 12:01:40.720 Df PeachCommander[21122:11058] [com.apple.CoreAnalytics:client] Received configuration update from daemon (initial)
2026-09-14 12:01:40.722 Df PeachCommander[21122:1104f] [com.apple.AppKit:Appearance] Current system appearance, (HLTB: 1), (SLS: 0)
2026-09-14 12:01:40.722 I  PeachCommander[21122:11054] [com.apple.launchservices:cas] information in shared memory for 0x0-0x108108 with seed 533 was still valid, so using cached info { "ApplicationType"="Foreground", "BuildMachineOSBuild"="25E246", "BundleIdentifierLowerCase"="com.peachcommander.app", "CFBundleDevelopmentRegion"="en", "CFBundleDocumentTypes"=( { "CFBundleTypeName"="Peach Commander Plugin Package", "CFBundleTypeRole"="Viewer", "LSHandlerRank"="Owner", "LSItemContentTypes"=( "com.peachcommander.plugin-package") }), "CFBundleExecutable"="PeachCommander", "CFBundleExecutablePath"="/Users/admin/pc-test/PeachCommander.app/Contents/MacOS/PeachCommander", "CFBundleExecutablePathDeviceID"=16777228, "CFBundleExecutablePathINode"=487690, "CFBundleHelpBookFolder"="PeachCommander.help", "CFBundleHelpBookName"="Peach Commander Help", "CFBundleIconFile"="AppIcon", "CFBundleIconName"="AppIcon", "CFBundleIdentifier"="com.peachcommander.app", "CFBundleInfoDictionaryVersion"="6.0", "CFBundleName"="PeachCommander", "CFBundleNameLowerCase"="peachcommander", "CFBundleNumericVersion"=402685952, "CFBundlePackageType"="APPL", "CFBundleShortVersionString"="0.9.0", "CFBun<…>
2026-09-14 12:01:40.722 I  PeachCommander[21122:11053] [com.apple.launchservices:db] LaunchServices database schema version: 20971544
2026-09-14 12:01:40.722 Df PeachCommander[21122:1104f] (libMobileGestalt.dylib) No persisted cache on this platform.
2026-09-14 12:01:40.723 Df PeachCommander[21122:1104f] (libMobileGestalt.dylib) Could not get size of EAN data (IOConnectCallScalarMethod kAppleNVMeEANGetSize returned 0xE00002E2)
2026-09-14 12:01:40.723 Df PeachCommander[21122:1104f] (libMobileGestalt.dylib) Failed to copy 'aptk' from EAN
2026-09-14 12:01:40.723 Df PeachCommander[21122:1104f] (libMobileGestalt.dylib) Failed to copy APTicket properties. Falling back to default policy.
2026-09-14 12:01:40.723 Df PeachCommander[21122:1104f] (libMobileGestalt.dylib) Creating default MGSysConfigPolicy
2026-09-14 12:01:40.723 Df PeachCommander[21122:1104f] (libMobileGestalt.dylib) CFDictionaryRef copySyscfgDictionary(void) enumeration of <private> failed.
2026-09-14 12:01:40.723 Df PeachCommander[21122:1104f] (libMobileGestalt.dylib) Failed to find key <private>
2026-09-14 12:01:40.725 Df PeachCommander[21122:1104f] [com.apple.AppKit:Appearance] Current system appearance, (HLTB: 1), (SLS: 0)
2026-09-14 12:01:40.725 Df PeachCommander[21122:1104f] [com.apple.AppKit:Appearance] Post-registration system appearance: (HLTB: 1)
2026-09-14 12:01:40.726 I  PeachCommander[21122:11053] [com.apple.launchservices:default] Unable to load Info.plist exceptions (eGPUOverrides)
2026-09-14 12:01:40.726 I  PeachCommander[21122:11053] [com.apple.launchservices:default] Unable to load Info.plist exceptions (gameModeOverrides)
2026-09-14 12:01:40.726 I  PeachCommander[21122:11053] [com.apple.launchservices:default] Unable to load Info.plist exceptions (identifiedGameOverrides)
2026-09-14 12:01:40.726 I  PeachCommander[21122:11053] [com.apple.launchservices:default] Unable to load Info.plist exceptions (SystemHiddenPreferred)
2026-09-14 12:01:40.727 Df PeachCommander[21122:1104f] [com.apple.FrontBoard:Common] FBSWorkspace: endpoint monitoring is disabled.
2026-09-14 12:01:40.727 Df PeachCommander[21122:1104f] [com.apple.FrontBoard:Common] FBSWorkspace: default shell endpoint is disabled.
2026-09-14 12:01:40.727 Df PeachCommander[21122:1104f] [com.apple.runningboard:connection] Initializing connection
2026-09-14 12:01:40.727 Df PeachCommander[21122:1104f] [com.apple.runningboard:process] Removing all cached process handles
2026-09-14 12:01:40.727 Df PeachCommander[21122:11059] [com.apple.runningboard:connection] Sending handshake request attempt #1 to server
2026-09-14 12:01:40.727 Df PeachCommander[21122:11059] [com.apple.runningboard:connection] Creating connection to com.apple.runningboard
2026-09-14 12:01:40.727 Df PeachCommander[21122:11059] [com.apple.xpc:connection] [0xb2ecb4640] activating connection: mach=true listener=false peer=false name=com.apple.runningboard
2026-09-14 12:01:40.727 Df PeachCommander[21122:1104f] [com.apple.xpc:connection] [0xb2ecb4280] Connection returned listener port: 0x4103
2026-09-14 12:01:40.727 A  PeachCommander[21122:11054] (RunningBoardServices) didChangeInheritances
2026-09-14 12:01:40.727 I  PeachCommander[21122:1104f] [com.apple.launchservices:cas] information in shared memory for 0x0-0x108108 with seed 533 was still valid, so using cached info { "ApplicationType"="Foreground", "BuildMachineOSBuild"="25E246", "BundleIdentifierLowerCase"="com.peachcommander.app", "CFBundleDevelopmentRegion"="en", "CFBundleDocumentTypes"=( { "CFBundleTypeName"="Peach Commander Plugin Package", "CFBundleTypeRole"="Viewer", "LSHandlerRank"="Owner", "LSItemContentTypes"=( "com.peachcommander.plugin-package") }), "CFBundleExecutable"="PeachCommander", "CFBundleExecutablePath"="/Users/admin/pc-test/PeachCommander.app/Contents/MacOS/PeachCommander", "CFBundleExecutablePathDeviceID"=16777228, "CFBundleExecutablePathINode"=487690, "CFBundleHelpBookFolder"="PeachCommander.help", "CFBundleHelpBookName"="Peach Commander Help", "CFBundleIconFile"="AppIcon", "CFBundleIconName"="AppIcon", "CFBundleIdentifier"="com.peachcommander.app", "CFBundleInfoDictionaryVersion"="6.0", "CFBundleName"="PeachCommander", "CFBundleNameLowerCase"="peachcommander", "CFBundleNumericVersion"=402685952, "CFBundlePackageType"="APPL", "CFBundleShortVersionString"="0.9.0", "CFBun<…>
2026-09-14 12:01:40.728 Df PeachCommander[21122:11059] [com.apple.runningboard:connection] Handshake succeeded
2026-09-14 12:01:40.728 Df PeachCommander[21122:11059] [com.apple.runningboard:connection] Identity resolved as app<application.com.peachcommander.app.486404.487690(501)>
2026-09-14 12:01:40.729 Df PeachCommander[21122:1104f] [com.apple.xpc:connection] [0xb2ecb4280] Connection returned listener port: 0x4103
2026-09-14 12:01:40.730 A  PeachCommander[21122:11058] (AppIntents) appintents:register process
2026-09-14 12:01:40.730 Df PeachCommander[21122:11058] [com.apple.appintents:Connection] Created a new Process Instance Registry XPC connection (inactive)
2026-09-14 12:01:40.730 Df PeachCommander[21122:11058] [com.apple.xpc:connection] [0xb2ecb4780] activating connection: mach=true listener=false peer=false name=com.apple.linkd.autoShortcut
2026-09-14 12:01:40.730 Df PeachCommander[21122:11058] [com.apple.appintents:Connection] Activated connection to linkd (ApplicationService)
2026-09-14 12:01:40.730 Df PeachCommander[21122:11058] [com.apple.xpc:connection] [0xb2ecb4a00] activating connection: mach=false listener=true peer=false name=(anonymous)
2026-09-14 12:01:40.730 I  PeachCommander[21122:1104f] [com.apple.launchservices:cas] information in shared memory for 0x0-0x108108 with seed 533 was still valid, so using cached info { "ApplicationType"="Foreground", "BuildMachineOSBuild"="25E246", "BundleIdentifierLowerCase"="com.peachcommander.app", "CFBundleDevelopmentRegion"="en", "CFBundleDocumentTypes"=( { "CFBundleTypeName"="Peach Commander Plugin Package", "CFBundleTypeRole"="Viewer", "LSHandlerRank"="Owner", "LSItemContentTypes"=( "com.peachcommander.plugin-package") }), "CFBundleExecutable"="PeachCommander", "CFBundleExecutablePath"="/Users/admin/pc-test/PeachCommander.app/Contents/MacOS/PeachCommander", "CFBundleExecutablePathDeviceID"=16777228, "CFBundleExecutablePathINode"=487690, "CFBundleHelpBookFolder"="PeachCommander.help", "CFBundleHelpBookName"="Peach Commander Help", "CFBundleIconFile"="AppIcon", "CFBundleIconName"="AppIcon", "CFBundleIdentifier"="com.peachcommander.app", "CFBundleInfoDictionaryVersion"="6.0", "CFBundleName"="PeachCommander", "CFBundleNameLowerCase"="peachcommander", "CFBundleNumericVersion"=402685952, "CFBundlePackageType"="APPL", "CFBundleShortVersionString"="0.9.0", "CFBun<…>
2026-09-14 12:01:40.730 I  PeachCommander[21122:1104f] [com.apple.hiservices:processmgr] TransformProcessType(0x0,0x2 => 1 wasFront=1 pickNew=0)
2026-09-14 12:01:40.730 I  PeachCommander[21122:1104f] [com.apple.CoreAnalytics:client] Dropping "com.apple.appkit.app_config" as it isn't used in any transform (not in the config or budgeted?)
2026-09-14 12:01:40.730 I  PeachCommander[21122:11058] [com.apple.appintents:Execution] LNAppConnectionListener instantiated
2026-09-14 12:01:40.730 Df PeachCommander[21122:11058] [com.apple.xpc:connection] [0xb2ecb4a00] Connection returned listener port: 0x6803
2026-09-14 12:01:40.731 Df PeachCommander[21122:1104f] [com.apple.dt.xctest:Default] Registering for test daemon availability notify post.
2026-09-14 12:01:40.731 Df PeachCommander[21122:1104f] [com.apple.dt.xctest:Default] notify_get_state check indicated test daemon not ready.
2026-09-14 12:01:40.731 Df PeachCommander[21122:1104f] [com.apple.dt.xctest:Default] notify_get_state check indicated test daemon not ready.
2026-09-14 12:01:40.731 Df PeachCommander[21122:1104f] [com.apple.dt.xctest:Default] notify_get_state check indicated test daemon not ready.
2026-09-14 12:01:40.731 Df PeachCommander[21122:11059] [com.apple.xpc:connection] [0xb2ecb4780] Re-initialization successful; calling out to event handler with XPC_ERROR_CONNECTION_INTERRUPTED
2026-09-14 12:01:40.731 Df PeachCommander[21122:11059] [com.apple.appintents:Connection] Process Instance Registry XPC connection has been interrupted
2026-09-14 12:01:40.731 Df PeachCommander[21122:11059] [com.apple.appintents:Connection] Created a new Process Instance Registry XPC connection (inactive)
2026-09-14 12:01:40.731 A  PeachCommander[21122:11059] (AppIntents) appintents:register process
2026-09-14 12:01:40.731 Df PeachCommander[21122:11059] [com.apple.appintents:Connection] Created a new Process Instance Registry XPC connection (inactive)
2026-09-14 12:01:40.731 Df PeachCommander[21122:11059] [com.apple.xpc:connection] [0xb2ecb5040] activating connection: mach=true listener=false peer=false name=com.apple.linkd.autoShortcut
2026-09-14 12:01:40.731 E  PeachCommander[21122:11058] [com.apple.appintents:Connection] Unable to get synchronousRemoteObjectProxy, error: Error Domain=NSCocoaErrorDomain Code=4097 "connection to service named com.apple.linkd.autoShortcut" UserInfo={NSDebugDescription=connection to service named com.apple.linkd.autoShortcut}
2026-09-14 12:01:40.731 E  PeachCommander[21122:11058] [com.apple.AppKit:Application] Error registering app with intents framework: Error Domain=NSCocoaErrorDomain Code=4097 UserInfo={NSDebugDescription=<private>}
2026-09-14 12:01:40.731 Df PeachCommander[21122:11059] [com.apple.appintents:Connection] Activated connection to linkd (ApplicationService)
2026-09-14 12:01:40.731 Df PeachCommander[21122:11059] [com.apple.xpc:connection] [0xb2ecb4a00] Connection returned listener port: 0x6803
2026-09-14 12:01:40.732 Df PeachCommander[21122:11058] [com.apple.xpc:connection] [0xb2ecb5040] Re-initialization successful; calling out to event handler with XPC_ERROR_CONNECTION_INTERRUPTED
2026-09-14 12:01:40.732 Df PeachCommander[21122:11058] [com.apple.appintents:Connection] Process Instance Registry XPC connection has been interrupted
2026-09-14 12:01:40.732 Df PeachCommander[21122:11058] [com.apple.appintents:Connection] Created a new Process Instance Registry XPC connection (inactive)
2026-09-14 12:01:40.732 A  PeachCommander[21122:11058] (AppIntents) appintents:register process
2026-09-14 12:01:40.732 Df PeachCommander[21122:11058] [com.apple.appintents:Connection] Created a new Process Instance Registry XPC connection (inactive)
2026-09-14 12:01:40.732 Df PeachCommander[21122:11058] [com.apple.xpc:connection] [0xb2ecb52c0] activating connection: mach=true listener=false peer=false name=com.apple.linkd.autoShortcut
2026-09-14 12:01:40.732 E  PeachCommander[21122:11059] [com.apple.appintents:Connection] Unable to get synchronousRemoteObjectProxy, error: Error Domain=NSCocoaErrorDomain Code=4097 "connection to service named com.apple.linkd.autoShortcut" UserInfo={NSDebugDescription=connection to service named com.apple.linkd.autoShortcut}
2026-09-14 12:01:40.732 E  PeachCommander[21122:11059] [com.apple.appintents:Connection] Unable to re-register with Process Instance Registry, error: Error Domain=NSCocoaErrorDomain Code=4097 "connection to service named com.apple.linkd.autoShortcut" UserInfo={NSDebugDescription=connection to service named com.apple.linkd.autoShortcut}
2026-09-14 12:01:40.732 Df PeachCommander[21122:11058] [com.apple.appintents:Connection] Activated connection to linkd (ApplicationService)
2026-09-14 12:01:40.732 Df PeachCommander[21122:11058] [com.apple.xpc:connection] [0xb2ecb4a00] Connection returned listener port: 0x6803
2026-09-14 12:01:40.732 Df PeachCommander[21122:11054] [com.apple.xpc:connection] [0xb2ecb52c0] Re-initialization successful; calling out to event handler with XPC_ERROR_CONNECTION_INTERRUPTED
2026-09-14 12:01:40.732 Df PeachCommander[21122:11054] [com.apple.appintents:Connection] Process Instance Registry XPC connection has been interrupted
2026-09-14 12:01:40.732 Df PeachCommander[21122:11054] [com.apple.appintents:Connection] Created a new Process Instance Registry XPC connection (inactive)
2026-09-14 12:01:40.732 A  PeachCommander[21122:11054] (AppIntents) appintents:register process
2026-09-14 12:01:40.732 Df PeachCommander[21122:11054] [com.apple.appintents:Connection] Created a new Process Instance Registry XPC connection (inactive)
2026-09-14 12:01:40.732 Df PeachCommander[21122:11054] [com.apple.xpc:connection] [0xb2ecb5540] activating connection: mach=true listener=false peer=false name=com.apple.linkd.autoShortcut
2026-09-14 12:01:40.732 E  PeachCommander[21122:11058] [com.apple.appintents:Connection] Unable to get synchronousRemoteObjectProxy, error: Error Domain=NSCocoaErrorDomain Code=4097 "connection to service named com.apple.linkd.autoShortcut" UserInfo={NSDebugDescription=connection to service named com.apple.linkd.autoShortcut}
2026-09-14 12:01:40.732 E  PeachCommander[21122:11058] [com.apple.appintents:Connection] Unable to re-register with Process Instance Registry, error: Error Domain=NSCocoaErrorDomain Code=4097 "connection to service named com.apple.linkd.autoShortcut" UserInfo={NSDebugDescription=connection to service named com.apple.linkd.autoShortcut}
2026-09-14 12:01:40.732 Df PeachCommander[21122:11054] [com.apple.appintents:Connection] Activated connection to linkd (ApplicationService)
2026-09-14 12:01:40.732 Df PeachCommander[21122:11054] [com.apple.xpc:connection] [0xb2ecb4a00] Connection returned listener port: 0x6803
2026-09-14 12:01:40.732 Df PeachCommander[21122:11058] [com.apple.xpc:connection] [0xb2ecb5540] Re-initialization successful; calling out to event handler with XPC_ERROR_CONNECTION_INTERRUPTED
2026-09-14 12:01:40.732 Df PeachCommander[21122:11058] [com.apple.appintents:Connection] Process Instance Registry XPC connection has been interrupted
2026-09-14 12:01:40.732 E  PeachCommander[21122:11058] [com.apple.appintents:Connection] Will NOT re-try to establish the connection
2026-09-14 12:01:40.732 E  PeachCommander[21122:11054] [com.apple.appintents:Connection] Unable to get synchronousRemoteObjectProxy, error: Error Domain=NSCocoaErrorDomain Code=4097 "connection to service named com.apple.linkd.autoShortcut" UserInfo={NSDebugDescription=connection to service named com.apple.linkd.autoShortcut}
2026-09-14 12:01:40.732 E  PeachCommander[21122:11054] [com.apple.appintents:Connection] Unable to re-register with Process Instance Registry, error: Error Domain=NSCocoaErrorDomain Code=4097 "connection to service named com.apple.linkd.autoShortcut" UserInfo={NSDebugDescription=connection to service named com.apple.linkd.autoShortcut}
2026-09-14 12:01:40.734 A  PeachCommander[21122:1104f] (CoreFoundation) Loading Preferences From System CFPrefsD
2026-09-14 12:01:40.735 Df PeachCommander[21122:1104f] (libMobileGestalt.dylib) couldn't load support library
2026-09-14 12:01:40.735 Df PeachCommander[21122:1104f] (libMobileGestalt.dylib) called dummy function!
2026-09-14 12:01:40.735 I  PeachCommander[21122:1104f] [com.apple.GenerativeModels:availability] Current availability state: unavailable, use cases: com.apple.WritingTools, language: <any>, api: <private>
2026-09-14 12:01:40.735 Df PeachCommander[21122:1104f] [com.apple.GenerativeModels:availability] registering darwin observer for name: com.apple.gms.availability.notification
2026-09-14 12:01:40.735 Df PeachCommander[21122:1104f] [com.apple.GenerativeModels:availability] registering darwin observer for name: com.apple.os-eligibility-domain.change.greymatter
2026-09-14 12:01:40.735 Df PeachCommander[21122:1104f] [com.apple.GenerativeModels:availability] registering darwin observer for name: com.apple.language.changed
2026-09-14 12:01:40.735 Df PeachCommander[21122:1104f] [com.apple.WritingTools:Default] isAvailable value changed: isMDMAllowed = true, gmAvailable (current) = false
2026-09-14 12:01:40.737 I  PeachCommander[21122:1104f] [com.apple.CoreAnalytics:client] Dropping "com.apple.appkit.app_config" as it isn't used in any transform (not in the config or budgeted?)
2026-09-14 12:01:40.740 Df PeachCommander[21122:1104f] [com.apple.AppKit:Appearance] NSApp cache appearance:
-NSRequiresAquaSystemAppearance: 0
-appearance: (null)
-effectiveAppearance: <NSCompositeAppearance: 0xb2ec7c6e0
 (
    "<NSAquaAppearance: 0xb2ec7c5a0>",
    "<NSSystemAppearance: 0xb2ec7c500>"
)>
2026-09-14 12:01:40.743 A  PeachCommander[21122:1104f] (CoreFoundation) Loading Preferences From User CFPrefsD
2026-09-14 12:01:40.743 A  PeachCommander[21122:1104f] (CoreFoundation) Loading Preferences From User CFPrefsD
2026-09-14 12:01:40.746 A  PeachCommander[21122:11058] (libsystem_info.dylib) Membership API: translate identifier
2026-09-14 12:01:40.748 I  PeachCommander[21122:1104f] [com.apple.CoreAnalytics:client] Dropping "com.apple.appkit.app_config" as it isn't used in any transform (not in the config or budgeted?)
2026-09-14 12:01:40.748 I  PeachCommander[21122:1104f] [com.apple.CoreAnalytics:client] Dropping "com.apple.appkit.app_config" as it isn't used in any transform (not in the config or budgeted?)
2026-09-14 12:01:40.749 Df PeachCommander[21122:11054] [com.apple.xpc:connection] [0xb2ecb5a40] activating connection: mach=true listener=false peer=false name=com.apple.dock.fullscreen
2026-09-14 12:01:40.750 Df PeachCommander[21122:1104f] [com.apple.xpc:connection] [0xb2ecb5b80] activating connection: mach=true listener=false peer=false name=com.apple.fonts
2026-09-14 12:01:40.752 I  PeachCommander[21122:1104f] [com.apple.launchservices:cas] information in shared memory for 0x0-0x108108 with seed 533 was still valid, so using cached info { "ApplicationType"="Foreground", "BuildMachineOSBuild"="25E246", "BundleIdentifierLowerCase"="com.peachcommander.app", "CFBundleDevelopmentRegion"="en", "CFBundleDocumentTypes"=( { "CFBundleTypeName"="Peach Commander Plugin Package", "CFBundleTypeRole"="Viewer", "LSHandlerRank"="Owner", "LSItemContentTypes"=( "com.peachcommander.plugin-package") }), "CFBundleExecutable"="PeachCommander", "CFBundleExecutablePath"="/Users/admin/pc-test/PeachCommander.app/Contents/MacOS/PeachCommander", "CFBundleExecutablePathDeviceID"=16777228, "CFBundleExecutablePathINode"=487690, "CFBundleHelpBookFolder"="PeachCommander.help", "CFBundleHelpBookName"="Peach Commander Help", "CFBundleIconFile"="AppIcon", "CFBundleIconName"="AppIcon", "CFBundleIdentifier"="com.peachcommander.app", "CFBundleInfoDictionaryVersion"="6.0", "CFBundleName"="PeachCommander", "CFBundleNameLowerCase"="peachcommander", "CFBundleNumericVersion"=402685952, "CFBundlePackageType"="APPL", "CFBundleShortVersionString"="0.9.0", "CFBun<…>
2026-09-14 12:01:40.752 I  PeachCommander[21122:1104f] [com.apple.CoreAnalytics:client] Dropping "com.apple.appkit.app_config" as it isn't used in any transform (not in the config or budgeted?)
2026-09-14 12:01:40.752 Df PeachCommander[21122:1104f] [com.apple.AppKit:AutomaticTermination] -[NSApplication(NSAppssassination) _checkForAutomaticTerminationSupportPossiblyEnablingIt]_block_invoke Enabling automatic termination support.
2026-09-14 12:01:40.753 Df PeachCommander[21122:1104f] [com.apple.xpc:connection] [0xb2ecb4b40] activating connection: mach=true listener=false peer=false name=com.apple.appkit.restoration_storage
2026-09-14 12:01:40.753 I  PeachCommander[21122:1104f] [com.apple.launchservices:cas] information in shared memory for 0x0-0x108108 with seed 533 was still valid, so using cached info { "ApplicationType"="Foreground", "BuildMachineOSBuild"="25E246", "BundleIdentifierLowerCase"="com.peachcommander.app", "CFBundleDevelopmentRegion"="en", "CFBundleDocumentTypes"=( { "CFBundleTypeName"="Peach Commander Plugin Package", "CFBundleTypeRole"="Viewer", "LSHandlerRank"="Owner", "LSItemContentTypes"=( "com.peachcommander.plugin-package") }), "CFBundleExecutable"="PeachCommander", "CFBundleExecutablePath"="/Users/admin/pc-test/PeachCommander.app/Contents/MacOS/PeachCommander", "CFBundleExecutablePathDeviceID"=16777228, "CFBundleExecutablePathINode"=487690, "CFBundleHelpBookFolder"="PeachCommander.help", "CFBundleHelpBookName"="Peach Commander Help", "CFBundleIconFile"="AppIcon", "CFBundleIconName"="AppIcon", "CFBundleIdentifier"="com.peachcommander.app", "CFBundleInfoDictionaryVersion"="6.0", "CFBundleName"="PeachCommander", "CFBundleNameLowerCase"="peachcommander", "CFBundleNumericVersion"=402685952, "CFBundlePackageType"="APPL", "CFBundleShortVersionString"="0.9.0", "CFBun<…>
2026-09-14 12:01:40.753 Df PeachCommander[21122:1104f] [com.apple.xpc:connection] [0xb2ecb4c80] activating connection: mach=true listener=false peer=false name=com.apple.coreservices.appleevents
2026-09-14 12:01:40.753 I  PeachCommander[21122:1104f] [com.apple.appleevents:main] _AEGetRegisteredMachPort() created default port (port:44547/0xae03 rcv:1 send:1 limit:5) and registered it with server
2026-09-14 12:01:40.753 Df PeachCommander[21122:1104f] [com.apple.xpc:connection] [0xb2ecb4280] Connection returned listener port: 0x4103
2026-09-14 12:01:40.753 I  PeachCommander[21122:1104f] [com.apple.launchservices:cas] information in shared memory for 0x0-0x108108 with seed 533 was still valid, so using cached info { "ApplicationType"="Foreground", "BuildMachineOSBuild"="25E246", "BundleIdentifierLowerCase"="com.peachcommander.app", "CFBundleDevelopmentRegion"="en", "CFBundleDocumentTypes"=( { "CFBundleTypeName"="Peach Commander Plugin Package", "CFBundleTypeRole"="Viewer", "LSHandlerRank"="Owner", "LSItemContentTypes"=( "com.peachcommander.plugin-package") }), "CFBundleExecutable"="PeachCommander", "CFBundleExecutablePath"="/Users/admin/pc-test/PeachCommander.app/Contents/MacOS/PeachCommander", "CFBundleExecutablePathDeviceID"=16777228, "CFBundleExecutablePathINode"=487690, "CFBundleHelpBookFolder"="PeachCommander.help", "CFBundleHelpBookName"="Peach Commander Help", "CFBundleIconFile"="AppIcon", "CFBundleIconName"="AppIcon", "CFBundleIdentifier"="com.peachcommander.app", "CFBundleInfoDictionaryVersion"="6.0", "CFBundleName"="PeachCommander", "CFBundleNameLowerCase"="peachcommander", "CFBundleNumericVersion"=402685952, "CFBundlePackageType"="APPL", "CFBundleShortVersionString"="0.9.0", "CFBun<…>
2026-09-14 12:01:40.753 Df PeachCommander[21122:1104f] [com.apple.processmanager:front-35286506] SignalReady: pid=21122 asn=0x0-0x108108
2026-09-14 12:01:40.753 Df PeachCommander[21122:1104f] [com.apple.processmanager:front-35286506] SIGNAL: pid=21122 asn=0x0x-0x108108
2026-09-14 12:01:40.753 I  PeachCommander[21122:1104f] [com.apple.appleevents:main] aeGenerateFakeFirstOAPPEventIfNecessary()
2026-09-14 12:01:40.753 I  PeachCommander[21122:1104f] [com.apple.appleevents:main] aeGenerateFakeFirstOAPPEventIfNecessary(), needToCreateFakeOAPPEventIfFirstEvent == true
2026-09-14 12:01:40.753 I  PeachCommander[21122:1104f] [com.apple.launchservices:cas] Removing cached information for app [ 0x0-0x108108]  "PeachCommander", as its seed is different from that in shared memory ( 533 vs 535)
2026-09-14 12:01:40.754 I  PeachCommander[21122:1104f] [com.apple.CFPasteboard:entry] CopyData('DefaultAsciiKeyboardLayoutPasteboard' (<CFUUID 0xb2f0b1420> 2C19D86B-346D-4418-9F4F-8466D090057B) gen: -1 item: 1264739405 flavor: 'DefaultAsciiKeyboardLayoutFlavor')
2026-09-14 12:01:40.754 I  PeachCommander[21122:1104f] [com.apple.CFPasteboard:cache] Rebuilding cache for 'DefaultAsciiKeyboardLayoutPasteboard' (<CFUUID 0xb2f0b1420> 2C19D86B-346D-4418-9F4F-8466D090057B)
2026-09-14 12:01:40.754 I  PeachCommander[21122:1104f] [com.apple.CFPasteboard:exit] (not-in-cache) - result: -8 generation: 0 null data flags: 0
2026-09-14 12:01:40.754 A  PeachCommander[21122:1104f] (CoreFoundation) Loading Preferences From User CFPrefsD
2026-09-14 12:01:40.754 A  PeachCommander[21122:1104f] (CoreFoundation) Loading Preferences From System CFPrefsD
2026-09-14 12:01:40.755 I  PeachCommander[21122:1104f] [com.apple.CFPasteboard:entry] CopyData('AppleIntlFileCacheModificationDatePasteboard' (<CFUUID 0xb2f0b13c0> D1B207B0-BB0E-4B96-8573-6086BBEAFB43) gen: -1 item: 1 flavor: '-32766 1768845414')
2026-09-14 12:01:40.755 I  PeachCommander[21122:1104f] [com.apple.CFPasteboard:cache] Rebuilding cache for 'AppleIntlFileCacheModificationDatePasteboard' (<CFUUID 0xb2f0b13c0> D1B207B0-BB0E-4B96-8573-6086BBEAFB43)
2026-09-14 12:01:40.755 I  PeachCommander[21122:1104f] [com.apple.CFPasteboard:general] Will request data from daemon
2026-09-14 12:01:40.755 I  PeachCommander[21122:1104f] [com.apple.CFPasteboard:exit] (not-in-cache) - result: 0 generation: 5 data (310 bytes) flags: 0
2026-09-14 12:01:40.755 I  PeachCommander[21122:1104f] [com.apple.CFPasteboard:entry] CopyData('AppleIntlFileCacheModificationDatePasteboard' (<CFUUID 0xb2f0b13c0> D1B207B0-BB0E-4B96-8573-6086BBEAFB43) gen: -1 item: 1 flavor: '-32765 1802264953')
2026-09-14 12:01:40.755 I  PeachCommander[21122:1104f] [com.apple.CFPasteboard:general] Will request data from daemon
2026-09-14 12:01:40.755 I  PeachCommander[21122:1104f] [com.apple.CFPasteboard:exit] (not-in-cache) - result: 0 generation: 5 data (306 bytes) flags: 0
2026-09-14 12:01:40.755 I  PeachCommander[21122:1104f] [com.apple.CFPasteboard:entry] CopyData('AppleIntlFileCacheModificationDatePasteboard' (<CFUUID 0xb2f0b13c0> D1B207B0-BB0E-4B96-8573-6086BBEAFB43) gen: -1 item: 1 flavor: '-32764 1802264953')
2026-09-14 12:01:40.755 I  PeachCommander[21122:1104f] [com.apple.CFPasteboard:general] Will request data from daemon
2026-09-14 12:01:40.755 I  PeachCommander[21122:1104f] [com.apple.CFPasteboard:exit] (not-in-cache) - result: 0 generation: 5 data (281 bytes) flags: 0
2026-09-14 12:01:40.755 I  PeachCommander[21122:1104f] [com.apple.CFPasteboard:entry] CopyData('AppleIntlFileCacheModificationDatePasteboard' (<CFUUID 0xb2f0b13c0> D1B207B0-BB0E-4B96-8573-6086BBEAFB43) gen: -1 item: 1 flavor: '-32763 1802264953')
2026-09-14 12:01:40.755 I  PeachCommander[21122:1104f] [com.apple.CFPasteboard:general] Will request data from daemon
2026-09-14 12:01:40.755 I  PeachCommander[21122:1104f] [com.apple.CFPasteboard:exit] (not-in-cache) - result: 0 generation: 5 data (318 bytes) flags: 0
2026-09-14 12:01:40.755 I  PeachCommander[21122:1104f] [com.apple.CFPasteboard:entry] CopyData('AppleIntlFileCacheModificationDatePasteboard' (<CFUUID 0xb2f0b13c0> D1B207B0-BB0E-4B96-8573-6086BBEAFB43) gen: -1 item: 1 flavor: '-32765 1768845414')
2026-09-14 12:01:40.755 I  PeachCommander[21122:1104f] [com.apple.CFPasteboard:general] Will request data from daemon
2026-09-14 12:01:40.756 I  PeachCommander[21122:1104f] [com.apple.CFPasteboard:exit] (not-in-cache) - result: 0 generation: 5 data (303 bytes) flags: 0
2026-09-14 12:01:40.756 I  PeachCommander[21122:1104f] [com.apple.CFPasteboard:entry] CopyData('AppleIntlFileCacheModificationDatePasteboard' (<CFUUID 0xb2f0b13c0> D1B207B0-BB0E-4B96-8573-6086BBEAFB43) gen: -1 item: 1 flavor: '-32763 1768845414')
2026-09-14 12:01:40.756 I  PeachCommander[21122:1104f] [com.apple.CFPasteboard:general] Will request data from daemon
2026-09-14 12:01:40.756 I  PeachCommander[21122:1104f] [com.apple.CFPasteboard:exit] (not-in-cache) - result: 0 generation: 5 data (315 bytes) flags: 0
2026-09-14 12:01:40.757 I  PeachCommander[21122:1104f] [com.apple.launchservices:cas] information in shared memory for 0x0-0x108108 with seed 535 was still valid, so using cached info { "ApplicationType"="Foreground", "BuildMachineOSBuild"="25E246", "BundleIdentifierLowerCase"="com.peachcommander.app", "CFBundleDevelopmentRegion"="en", "CFBundleDocumentTypes"=( { "CFBundleTypeName"="Peach Commander Plugin Package", "CFBundleTypeRole"="Viewer", "LSHandlerRank"="Owner", "LSItemContentTypes"=( "com.peachcommander.plugin-package") }), "CFBundleExecutable"="PeachCommander", "CFBundleExecutablePath"="/Users/admin/pc-test/PeachCommander.app/Contents/MacOS/PeachCommander", "CFBundleExecutablePathDeviceID"=16777228, "CFBundleExecutablePathINode"=487690, "CFBundleHelpBookFolder"="PeachCommander.help", "CFBundleHelpBookName"="Peach Commander Help", "CFBundleIconFile"="AppIcon", "CFBundleIconName"="AppIcon", "CFBundleIdentifier"="com.peachcommander.app", "CFBundleInfoDictionaryVersion"="6.0", "CFBundleName"="PeachCommander", "CFBundleNameLowerCase"="peachcommander", "CFBundleNumericVersion"=402685952, "CFBundlePackageType"="APPL", "CFBundleShortVersionString"="0.9.0", "CFBun<…>
2026-09-14 12:01:40.757 Df PeachCommander[21122:1104f] [com.apple.xpc:connection] [0xb2ecb5e00] activating connection: mach=false listener=false peer=false name=com.apple.ViewBridgeAuxiliary
2026-09-14 12:01:40.762 Df PeachCommander[21122:1104f] [com.apple.xpc:connection] [0xb2ecb5cc0] activating connection: mach=false listener=false peer=false name=(anonymous)
2026-09-14 12:01:40.762 Df PeachCommander[21122:1104f] [com.apple.xpc:connection] [0xb2ecb5f40] activating connection: mach=false listener=true peer=false name=(anonymous)
2026-09-14 12:01:40.762 Df PeachCommander[21122:1104f] [com.apple.xpc:connection] [0xb2ecb5f40] Connection returned listener port: 0xf203
2026-09-14 12:01:40.763 Df PeachCommander[21122:1104f] [com.apple.xpc:connection] [0xb2ecb5e00] invalidated after the last release of the connection object
2026-09-14 12:01:40.763 I  PeachCommander[21122:1104f] [com.apple.showhide:pr-59900543] SHOWHIDE: SHOW id=456 0x0-0x108108, err=0 eventTime=1416565526291 windowID=0
2026-09-14 12:01:40.763 I  PeachCommander[21122:1104f] [com.apple.CarbonCore:coreservicesdaemon] findOrCreateCacheable():findOrCreateCacheable(), factoryName=3 cacheableName=<private> fCacheables.size()=0
2026-09-14 12:01:40.763 I  PeachCommander[21122:1104f] [com.apple.CarbonCore:coreservicesdaemon] findOrCreateCacheable():findOrCreateCacheable(), result = 0xb2edcae00 (should be non-NULL)
2026-09-14 12:01:40.763 Df PeachCommander[21122:1104f] [com.apple.AppKit:AutomaticTermination] void _NSDisableAutomaticTerminationAndLog(NSString *) Restoring windows
2026-09-14 12:01:40.763 Df PeachCommander[21122:1104f] [com.apple.AppKit:StateRestoration] -[NSApplication _reopenWindowsAsNecessaryIncludingRestorableState:withFullFidelity:completionHandler:] shouldRestoreState=1 hasPersistentStateToRestore=0 shouldStillRestoreStateAfterPrompting=0
2026-09-14 12:01:40.763 Df PeachCommander[21122:1104f] [com.apple.xpc:connection] [0xb2ecb5e00] activating connection: mach=true listener=false peer=false name=com.apple.window_proxies
2026-09-14 12:01:40.763 Df PeachCommander[21122:1104f] [com.apple.xpc:connection] [0xb2ecb5e00] invalidated because the current process cancelled the connection by calling xpc_connection_cancel()
2026-09-14 12:01:40.764 I  PeachCommander[21122:1104f] [com.apple.SkyLight:processes] 0[outside of RPC]: SLSSetFrontProcessWithInfo(0x0-0x2 window=0 options=0x1
2026-09-14 12:01:40.764 I  PeachCommander[21122:1104f] [com.apple.CoreAnalytics:client] Dropping "com.apple.appkit.app_config" as it isn't used in any transform (not in the config or budgeted?)
2026-09-14 12:01:40.764 Df PeachCommander[21122:1104f] [com.apple.AppKit:AutomaticTermination] void _NSEnableAutomaticTerminationAndLog(NSString *) Restoring windows
2026-09-14 12:01:40.766 I  PeachCommander[21122:1104f] [com.apple.CoreAnalytics:client] Dropping "com.apple.appkit.app_config" as it isn't used in any transform (not in the config or budgeted?)
2026-09-14 12:01:40.767 I  PeachCommander[21122:1104f] [com.apple.CoreAnalytics:client] Dropping "com.apple.appkit.app_config" as it isn't used in any transform (not in the config or budgeted?)
2026-09-14 12:01:40.775 A  PeachCommander[21122:1104f] (CoreFoundation) Loading Preferences From User CFPrefsD
2026-09-14 12:01:40.781 I  PeachCommander[21122:1104f] [com.peachcommander:PCFoundation] VolumeManager initialized
2026-09-14 12:01:40.797 Df PeachCommander[21122:1104f] [com.apple.BoardServices:XPCErrors] [C:1] Alloc <private>
2026-09-14 12:01:40.797 Df PeachCommander[21122:1104f] [com.apple.xpc:connection] [0xb2ef55180] activating connection: mach=false listener=false peer=false name=(anonymous)
2026-09-14 12:01:40.798 I  PeachCommander[21122:1104f] [com.apple.AppKit:Window] context (0 -> c77808e0) for window 44a
2026-09-14 12:01:40.799 Df PeachCommander[21122:11059] [com.apple.corespotlight:index] (<private>) deleteSearchableItemsWithDomainIdentifiers, protectionClass:(null), domainIdentifiers number:1
2026-09-14 12:01:40.799 A  PeachCommander[21122:11059] (CoreSpotlight) delete-domains
2026-09-14 12:01:40.799 Df PeachCommander[21122:11053] [com.apple.corespotlight:index] CSInlineDonation:<private>: Skipping donation (feature flag disabled)
2026-09-14 12:01:40.799 Df PeachCommander[21122:11053] (CoreSpotlight) sConnectionName: com.apple.spotlight.IndexAgent
2026-09-14 12:01:40.799 Df PeachCommander[21122:11053] (CoreSpotlight) Start service name com.apple.spotlight.IndexAgent
2026-09-14 12:01:40.799 Df PeachCommander[21122:11053] [com.apple.xpc:connection] [0xb2ef55400] activating connection: mach=true listener=false peer=false name=com.apple.spotlight.IndexAgent
2026-09-14 12:01:40.799 I  PeachCommander[21122:1104f] [com.peachcommander:PCFoundation] MainWindowController initialized (config: <private>)
2026-09-14 12:01:40.799 I  PeachCommander[21122:1104f] [com.peachcommander:PCFoundation] SelectionState initialized
2026-09-14 12:01:40.799 I  PeachCommander[21122:1104f] [com.peachcommander:PCFoundation] DirectoryModel initialized
2026-09-14 12:01:40.799 I  PeachCommander[21122:1104f] [com.peachcommander:PCFoundation] VolumeManager initialized
2026-09-14 12:01:40.799 I  PeachCommander[21122:1104f] [com.peachcommander:PCFoundation] PanelController initialized for <private> panel
2026-09-14 12:01:40.800 I  PeachCommander[21122:1104f] [com.peachcommander:PCFoundation] SelectionState initialized
2026-09-14 12:01:40.800 I  PeachCommander[21122:1104f] [com.peachcommander:PCFoundation] DirectoryModel initialized
2026-09-14 12:01:40.800 I  PeachCommander[21122:1104f] [com.peachcommander:PCFoundation] VolumeManager initialized
2026-09-14 12:01:40.800 I  PeachCommander[21122:1104f] [com.peachcommander:PCFoundation] PanelController initialized for <private> panel
2026-09-14 12:01:40.803 I  PeachCommander[21122:1104f] [com.apple.AppKit:Animation] Running new animation: <private>
2026-09-14 12:01:40.803 I  PeachCommander[21122:1104f] [com.apple.AppKit:Animation] Running new animation: <private>
2026-09-14 12:01:40.803 I  PeachCommander[21122:1104f] [com.apple.AppKit:Animation] Running new animation: <private>
2026-09-14 12:01:40.803 I  PeachCommander[21122:1104f] [com.apple.AppKit:Animation] Running new animation: <private>
2026-09-14 12:01:40.803 I  PeachCommander[21122:1104f] [com.apple.AppKit:Animation] Running new animation: <private>
2026-09-14 12:01:40.804 A  PeachCommander[21122:11053] (RunningBoardServices) didChangeInheritances
2026-09-14 12:01:40.805 I  PeachCommander[21122:1104f] [com.apple.AppKit:Animation] Running new animation: <private>
2026-09-14 12:01:40.805 I  PeachCommander[21122:1104f] [com.apple.AppKit:Animation] Running new animation: <private>
2026-09-14 12:01:40.805 I  PeachCommander[21122:1104f] [com.apple.AppKit:Animation] Running new animation: <private>
2026-09-14 12:01:40.805 I  PeachCommander[21122:1104f] [com.apple.AppKit:Animation] Running new animation: <private>
2026-09-14 12:01:40.805 I  PeachCommander[21122:1104f] [com.apple.AppKit:Animation] Running new animation: <private>
2026-09-14 12:01:40.811 I  PeachCommander[21122:1104f] [com.apple.CoreAnalytics:client] Dropping "com.apple.appkit.app_config" as it isn't used in any transform (not in the config or budgeted?)
2026-09-14 12:01:40.813 I  PeachCommander[21122:1104f] [com.apple.CoreAnalytics:client] Dropping "com.apple.appkit.app_config" as it isn't used in any transform (not in the config or budgeted?)
2026-09-14 12:01:40.816 I  PeachCommander[21122:1104f] [com.apple.launchservices:datasep] application record search init. Node: <FSNode 0xb2e956b20> { isDir = ?, path = <private> } bundleID: (null) itemID: 0
2026-09-14 12:01:40.817 I  PeachCommander[21122:1104f] [com.apple.GenerativeModels:availability] Current availability state: unavailable, use cases: com.apple.Settings.AppleIntelligence,com.apple.Siri.NLRouter, language: en, api: <private>
2026-09-14 12:01:40.817 Df PeachCommander[21122:1104f] [com.apple.GenerativeModels:availability] isOkayToHaveAsset: False
2026-09-14 12:01:40.817 E  PeachCommander[21122:1104f] [com.apple.siri:Utility] AFIsDeviceGreymatterEligible Missing entitlements for os_eligibility lookup
2026-09-14 12:01:40.817 I  PeachCommander[21122:1104f] [com.apple.GenerativeModels:availability] Current availability state: unavailable, use cases: com.apple.Settings.AppleIntelligence, language: en, api: <private>
2026-09-14 12:01:40.817 Df PeachCommander[21122:1104f] [com.apple.GenerativeModels:availability] isOkayToHaveAsset: False
2026-09-14 12:01:40.817 Df PeachCommander[21122:1104f] [com.apple.siri:Utility] -[AFSystemAssistantExperienceStatusManager fetchGenerativeModelsAvailability] #SAEStatus #cacheUpdate Updating cache:
deviceSupportsSAE: 0 (0)
       saeEnabled: 0 (0)
     saeAvailable: 0 (0)
      swaiEnabled: 0 (0)
        viEnabled: 0 (0)
        siriAvailability:
        <private>
        ((null))
2026-09-14 12:01:40.817 Df PeachCommander[21122:1104f] [com.apple.xpc:connection] [0xb2e9ac140] activating connection: mach=true listener=false peer=false name=com.apple.iconservices
2026-09-14 12:01:40.818 Df PeachCommander[21122:1104f] [com.apple.xpc:connection] [0xb2e9ac280] activating connection: mach=true listener=false peer=false name=com.apple.iconservices.store
2026-09-14 12:01:40.822 I  PeachCommander[21122:1104f] [com.peachcommander:Theme] no user themes in /Users/admin/pc-cfg/themes
2026-09-14 12:01:40.822 Df PeachCommander[21122:1104f] [com.apple.AppKit:Appearance] Invalidate NSApp effectiveAppearance
2026-09-14 12:01:40.822 Df PeachCommander[21122:1104f] [com.apple.AppKit:Appearance] NSApp cache appearance:
-NSRequiresAquaSystemAppearance: 0
-appearance: <NSCompositeAppearance: 0xb2ec7d9a0
 (
    "<NSDarkAquaAppearance: 0xb2ec7da40>",
    "<NSSystemAppearance: 0xb2ec7c500>"
)>
-effectiveAppearance: <NSCompositeAppearance: 0xb2ec7d9a0
 (
    "<NSDarkAquaAppearance: 0xb2ec7da40>",
    "<NSSystemAppearance: 0xb2ec7c500>"
)>
2026-09-14 12:01:40.824 I  PeachCommander[21122:1104f] [com.peachcommander:PCFoundation] Theme applied: id=norton, appearance=dark, dark=true, background=#0000AA
2026-09-14 12:01:40.849 I  PeachCommander[21122:1104f] [com.apple.iconservices:foundation] layer data size zero
2026-09-14 12:01:40.849 I  PeachCommander[21122:1104f] [com.apple.CoreAnalytics:client] Dropping "com.apple.appkit.app_config" as it isn't used in any transform (not in the config or budgeted?)
2026-09-14 12:01:40.852 I  PeachCommander[21122:1104f] [com.peachcommander:PCFoundation] Keymap loaded: scheme=<private>, 82 effective bindings
2026-09-14 12:01:40.853 I  PeachCommander[21122:1104f] [com.apple.AppKit:Animation] Running new animation: <private>
2026-09-14 12:01:40.853 I  PeachCommander[21122:1104f] [com.apple.AppKit:Animation] Running new animation: <private>
2026-09-14 12:01:40.853 I  PeachCommander[21122:1104f] [com.apple.AppKit:Animation] Running new animation: <private>
2026-09-14 12:01:40.853 I  PeachCommander[21122:1104f] [com.apple.AppKit:Animation] Running new animation: <private>
2026-09-14 12:01:40.853 I  PeachCommander[21122:1104f] [com.apple.AppKit:Animation] Running new animation: <private>
2026-09-14 12:01:40.853 I  PeachCommander[21122:1104f] [com.apple.AppKit:Animation] Running new animation: <private>
2026-09-14 12:01:40.853 I  PeachCommander[21122:1104f] [com.apple.AppKit:Animation] Running new animation: <private>
2026-09-14 12:01:40.853 I  PeachCommander[21122:1104f] [com.apple.AppKit:Animation] Running new animation: <private>
2026-09-14 12:01:40.853 I  PeachCommander[21122:1104f] [com.apple.AppKit:Animation] Running new animation: <private>
2026-09-14 12:01:40.853 I  PeachCommander[21122:1104f] [com.apple.AppKit:Animation] Running new animation: <private>
2026-09-14 12:01:40.856 I  PeachCommander[21122:1104f] [com.apple.CoreAnalytics:client] Dropping "<private>" as it isn't used in any transform (not in the config or budgeted?)
2026-09-14 12:01:40.856 I  PeachCommander[21122:1104f] [com.apple.CoreAnalytics:client] Dropping "<private>" as it isn't used in any transform (not in the config or budgeted?)
2026-09-14 12:01:40.856 I  PeachCommander[21122:1104f] [com.apple.CoreAnalytics:client] Dropping "<private>" as it isn't used in any transform (not in the config or budgeted?)
2026-09-14 12:01:40.857 I  PeachCommander[21122:1104f] [com.peachcommander:PCFoundation] MainWindowController window loaded
2026-09-14 12:01:40.857 I  PeachCommander[21122:1104f] [com.apple.launchservices:cas] information in shared memory for 0x0-0x108108 with seed 535 was still valid, so using cached info { "ApplicationType"="Foreground", "BuildMachineOSBuild"="25E246", "BundleIdentifierLowerCase"="com.peachcommander.app", "CFBundleDevelopmentRegion"="en", "CFBundleDocumentTypes"=( { "CFBundleTypeName"="Peach Commander Plugin Package", "CFBundleTypeRole"="Viewer", "LSHandlerRank"="Owner", "LSItemContentTypes"=( "com.peachcommander.plugin-package") }), "CFBundleExecutable"="PeachCommander", "CFBundleExecutablePath"="/Users/admin/pc-test/PeachCommander.app/Contents/MacOS/PeachCommander", "CFBundleExecutablePathDeviceID"=16777228, "CFBundleExecutablePathINode"=487690, "CFBundleHelpBookFolder"="PeachCommander.help", "CFBundleHelpBookName"="Peach Commander Help", "CFBundleIconFile"="AppIcon", "CFBundleIconName"="AppIcon", "CFBundleIdentifier"="com.peachcommander.app", "CFBundleInfoDictionaryVersion"="6.0", "CFBundleName"="PeachCommander", "CFBundleNameLowerCase"="peachcommander", "CFBundleNumericVersion"=402685952, "CFBundlePackageType"="APPL", "CFBundleShortVersionString"="0.9.0", "CFBun<…>
2026-09-14 12:01:40.857 I  PeachCommander[21122:1104f] [com.apple.launchservices:cas] information in shared memory for 0x0-0x108108 with seed 535 was still valid, so using cached info { "ApplicationType"="Foreground", "BuildMachineOSBuild"="25E246", "BundleIdentifierLowerCase"="com.peachcommander.app", "CFBundleDevelopmentRegion"="en", "CFBundleDocumentTypes"=( { "CFBundleTypeName"="Peach Commander Plugin Package", "CFBundleTypeRole"="Viewer", "LSHandlerRank"="Owner", "LSItemContentTypes"=( "com.peachcommander.plugin-package") }), "CFBundleExecutable"="PeachCommander", "CFBundleExecutablePath"="/Users/admin/pc-test/PeachCommander.app/Contents/MacOS/PeachCommander", "CFBundleExecutablePathDeviceID"=16777228, "CFBundleExecutablePathINode"=487690, "CFBundleHelpBookFolder"="PeachCommander.help", "CFBundleHelpBookName"="Peach Commander Help", "CFBundleIconFile"="AppIcon", "CFBundleIconName"="AppIcon", "CFBundleIdentifier"="com.peachcommander.app", "CFBundleInfoDictionaryVersion"="6.0", "CFBundleName"="PeachCommander", "CFBundleNameLowerCase"="peachcommander", "CFBundleNumericVersion"=402685952, "CFBundlePackageType"="APPL", "CFBundleShortVersionString"="0.9.0", "CFBun<…>
2026-09-14 12:01:40.867 I  PeachCommander[21122:1104f] [com.apple.AppKit:Window] order window front conditionally: 44a related: 0
2026-09-14 12:01:40.867 Df PeachCommander[21122:1104f] [com.apple.AppKit:AutomaticTermination] void _NSEnableAutomaticTerminationAndLog(NSString *) No windows open yet
2026-09-14 12:01:40.867 I  PeachCommander[21122:1104f] [com.apple.AppKit:Intelligence] starting collection observation
2026-09-14 12:01:40.867 Df PeachCommander[21122:11059] [com.apple.UIIntelligenceSupport:xpc] establishing connection to agent
2026-09-14 12:01:40.867 Df PeachCommander[21122:11059] [com.apple.xpc:session] [0xb2fd055e0] Session created.
2026-09-14 12:01:40.867 Df PeachCommander[21122:11059] [com.apple.xpc:session] [0xb2fd055e0] Session created from connection [0xb2e9ae440]
2026-09-14 12:01:40.868 Df PeachCommander[21122:11059] [com.apple.xpc:connection] [0xb2e9ae440] activating connection: mach=true listener=false peer=false name=com.apple.uiintelligencesupport.agent
2026-09-14 12:01:40.868 Df PeachCommander[21122:11059] [com.apple.xpc:session] [0xb2fd055e0] Session activated
2026-09-14 12:01:40.868 I  PeachCommander[21122:1104f] [com.apple.SkyLight:processes] 0[outside of RPC]: SLSSetFrontProcessWithInfo(0x0-0x2 window=0 options=0x1
2026-09-14 12:01:40.868 Df PeachCommander[21122:11054] [com.apple.UIIntelligenceSupport:xpc] Connection established with agent PID: 1210
2026-09-14 12:01:40.868 I  PeachCommander[21122:1104f] [com.apple.launchservices:cas] information in shared memory for 0x0-0x108108 with seed 535 was still valid, so using cached info { "ApplicationType"="Foreground", "BuildMachineOSBuild"="25E246", "BundleIdentifierLowerCase"="com.peachcommander.app", "CFBundleDevelopmentRegion"="en", "CFBundleDocumentTypes"=( { "CFBundleTypeName"="Peach Commander Plugin Package", "CFBundleTypeRole"="Viewer", "LSHandlerRank"="Owner", "LSItemContentTypes"=( "com.peachcommander.plugin-package") }), "CFBundleExecutable"="PeachCommander", "CFBundleExecutablePath"="/Users/admin/pc-test/PeachCommander.app/Contents/MacOS/PeachCommander", "CFBundleExecutablePathDeviceID"=16777228, "CFBundleExecutablePathINode"=487690, "CFBundleHelpBookFolder"="PeachCommander.help", "CFBundleHelpBookName"="Peach Commander Help", "CFBundleIconFile"="AppIcon", "CFBundleIconName"="AppIcon", "CFBundleIdentifier"="com.peachcommander.app", "CFBundleInfoDictionaryVersion"="6.0", "CFBundleName"="PeachCommander", "CFBundleNameLowerCase"="peachcommander", "CFBundleNumericVersion"=402685952, "CFBundlePackageType"="APPL", "CFBundleShortVersionString"="0.9.0", "CFBun<…>
2026-09-14 12:01:40.869 Df PeachCommander[21122:1104f] [com.apple.xpc:connection] [0xb2e9ae580] activating connection: mach=true listener=false peer=false name=com.apple.FileCoordination
2026-09-14 12:01:40.869 Df PeachCommander[21122:11054] [com.apple.foundation.filecoordination:presenter] Adding presenter 94A74AA4-1A17-45C2-8468-070DA26A8AC7 for URL: <private>
2026-09-14 12:01:40.869 I  PeachCommander[21122:1104f] [com.apple.launchservices:cas] information in shared memory for 0x0-0x108108 with seed 535 was still valid, so using cached info { "ApplicationType"="Foreground", "BuildMachineOSBuild"="25E246", "BundleIdentifierLowerCase"="com.peachcommander.app", "CFBundleDevelopmentRegion"="en", "CFBundleDocumentTypes"=( { "CFBundleTypeName"="Peach Commander Plugin Package", "CFBundleTypeRole"="Viewer", "LSHandlerRank"="Owner", "LSItemContentTypes"=( "com.peachcommander.plugin-package") }), "CFBundleExecutable"="PeachCommander", "CFBundleExecutablePath"="/Users/admin/pc-test/PeachCommander.app/Contents/MacOS/PeachCommander", "CFBundleExecutablePathDeviceID"=16777228, "CFBundleExecutablePathINode"=487690, "CFBundleHelpBookFolder"="PeachCommander.help", "CFBundleHelpBookName"="Peach Commander Help", "CFBundleIconFile"="AppIcon", "CFBundleIconName"="AppIcon", "CFBundleIdentifier"="com.peachcommander.app", "CFBundleInfoDictionaryVersion"="6.0", "CFBundleName"="PeachCommander", "CFBundleNameLowerCase"="peachcommander", "CFBundleNumericVersion"=402685952, "CFBundlePackageType"="APPL", "CFBundleShortVersionString"="0.9.0", "CFBun<…>
2026-09-14 12:01:40.872 I  PeachCommander[21122:1104f] [com.apple.AppKit:Window] order all windows front 1416565526291
2026-09-14 12:01:40.872 I  PeachCommander[21122:1104f] [com.apple.launchservices:cas] information in shared memory for 0x0-0x108108 with seed 535 was still valid, so using cached info { "ApplicationType"="Foreground", "BuildMachineOSBuild"="25E246", "BundleIdentifierLowerCase"="com.peachcommander.app", "CFBundleDevelopmentRegion"="en", "CFBundleDocumentTypes"=( { "CFBundleTypeName"="Peach Commander Plugin Package", "CFBundleTypeRole"="Viewer", "LSHandlerRank"="Owner", "LSItemContentTypes"=( "com.peachcommander.plugin-package") }), "CFBundleExecutable"="PeachCommander", "CFBundleExecutablePath"="/Users/admin/pc-test/PeachCommander.app/Contents/MacOS/PeachCommander", "CFBundleExecutablePathDeviceID"=16777228, "CFBundleExecutablePathINode"=487690, "CFBundleHelpBookFolder"="PeachCommander.help", "CFBundleHelpBookName"="Peach Commander Help", "CFBundleIconFile"="AppIcon", "CFBundleIconName"="AppIcon", "CFBundleIdentifier"="com.peachcommander.app", "CFBundleInfoDictionaryVersion"="6.0", "CFBundleName"="PeachCommander", "CFBundleNameLowerCase"="peachcommander", "CFBundleNumericVersion"=402685952, "CFBundlePackageType"="APPL", "CFBundleShortVersionString"="0.9.0", "CFBun<…>
2026-09-14 12:01:40.872 I  PeachCommander[21122:1104f] [com.apple.showhide:pr-59900543] SHOWHIDE: CONFIRM, id=456, err=0
2026-09-14 12:01:40.872 I  PeachCommander[21122:1104f] [com.apple.AppKit:Window] context (0 -> 4ad06791) for window 449
2026-09-14 12:01:40.872 I  PeachCommander[21122:1104f] [com.apple.AppKit:Window] context (0 -> c5446127) for window 448
2026-09-14 12:01:40.872 I  PeachCommander[21122:1104f] [com.apple.AppKit:Window] context (0 -> 1aca7975) for window 447
2026-09-14 12:01:40.872 I  PeachCommander[21122:1104f] [com.apple.AppKit:Window] context (0 -> dd5277f4) for window 446
2026-09-14 12:01:40.889 I  PeachCommander[21122:1104f] [com.apple.iconservices:foundation] layer data size zero
2026-09-14 12:01:40.898 Df PeachCommander[21122:1104f] [com.apple.AppKit:AutomaticTermination] void _updateToReflectAutomaticTerminationState(void) Setting _kLSApplicationWouldBeTerminatedByTALKey=0
2026-09-14 12:01:40.899 I  PeachCommander[21122:1104f] [com.apple.runningboard:assertion] Acquiring assertion: <RBSAssertionDescriptor| "AppNap adapter assertion" ID:(null) target:21122>
2026-09-14 12:01:40.933 A  PeachCommander[21122:11053] (RunningBoardServices) didChangeInheritances
2026-09-14 12:01:40.955 Df PeachCommander[21122:1104f] [com.apple.libsystem.libdispatch:] DEPRECATED USE in libdispatch client: dispatch source activated with no event handler set; set a breakpoint on _dispatch_bug_deprecated to debug
2026-09-14 12:01:41.049 I  PeachCommander[21122:1104f] [com.apple.coreanimation:Utilities] IOSurface Compression Enabled: NO
2026-09-14 12:01:41.050 Df PeachCommander[21122:11053] [com.apple.coreanimation:Metal] Precompiled pipelines disabled on unsupported hardware.
2026-09-14 12:01:41.062 I  PeachCommander[21122:1104f] [com.apple.CarbonCore:gestalt] SetGestaltValuesBulk SetGestaltValuesBulk( count=22 tuples=0x18da12650
2026-09-14 12:01:41.062 I  PeachCommander[21122:1104f] [com.apple.CarbonCore:gestalt] SetGestaltValue SetGestaltValue(alis 1C9) => 0
2026-09-14 12:01:41.062 I  PeachCommander[21122:1104f] [com.apple.CarbonCore:gestalt] SetGestaltValue SetGestaltValue(os   FE) => 0
2026-09-14 12:01:41.062 I  PeachCommander[21122:1104f] [com.apple.CarbonCore:gestalt] SetGestaltValue SetGestaltValue(addr 7) => 0
2026-09-14 12:01:41.062 I  PeachCommander[21122:1104f] [com.apple.CarbonCore:gestalt] SetGestaltValue SetGestaltValue(fs   3D332) => 0
2026-09-14 12:01:41.062 I  PeachCommander[21122:1104f] [com.apple.CarbonCore:gestalt] SetGestaltValue SetGestaltValue(fold 11) => 0
2026-09-14 12:01:41.062 I  PeachCommander[21122:1104f] [com.apple.CarbonCore:gestalt] SetGestaltValue SetGestaltValue(lram 7FFFF000) => 0
2026-09-14 12:01:41.062 I  PeachCommander[21122:1104f] [com.apple.CarbonCore:gestalt] SetGestaltValue SetGestaltValue(mmap 1) => 0
2026-09-14 12:01:41.062 I  PeachCommander[21122:1104f] [com.apple.CarbonCore:gestalt] SetGestaltValue SetGestaltValue(cfrg 1) => 0
2026-09-14 12:01:41.062 I  PeachCommander[21122:1104f] [com.apple.CarbonCore:gestalt] SetGestaltValue SetGestaltValue(thds 7) => 0
2026-09-14 12:01:41.062 I  PeachCommander[21122:1104f] [com.apple.CarbonCore:gestalt] SetGestaltValue SetGestaltValue(tmgr E) => 0
2026-09-14 12:01:41.062 I  PeachCommander[21122:1104f] [com.apple.CarbonCore:gestalt] SetGestaltValue SetGestaltValue(vers 7) => 0
2026-09-14 12:01:41.062 I  PeachCommander[21122:1104f] [com.apple.CarbonCore:gestalt] SetGestaltValue SetGestaltValue(cbon 160) => 0
2026-09-14 12:01:41.062 I  PeachCommander[21122:1104f] [com.apple.CarbonCore:gestalt] SetGestaltValue SetGestaltValue(cltn 1108000) => 0
2026-09-14 12:01:41.062 I  PeachCommander[21122:1104f] [com.apple.CarbonCore:gestalt] SetGestaltValue SetGestaltValue(cpnt 8) => 0
2026-09-14 12:01:41.062 I  PeachCommander[21122:1104f] [com.apple.CarbonCore:gestalt] SetGestaltValue SetGestaltValue(rsrc 3) => 0
2026-09-14 12:01:41.062 I  PeachCommander[21122:1104f] [com.apple.CarbonCore:gestalt] SetGestaltValue SetGestaltValue(rmbg 11F) => 0
2026-09-14 12:01:41.062 I  PeachCommander[21122:1104f] [com.apple.CarbonCore:gestalt] SetGestaltValue SetGestaltValue(vm   11) => 0
2026-09-14 12:01:41.062 I  PeachCommander[21122:1104f] [com.apple.CarbonCore:gestalt] SetGestaltValue SetGestaltValue(srad 4170706C) => 0
2026-09-14 12:01:41.062 I  PeachCommander[21122:1104f] [com.apple.CarbonCore:gestalt] SetGestaltValue SetGestaltValue(sysa 14) => 0
2026-09-14 12:01:41.062 I  PeachCommander[21122:1104f] [com.apple.CarbonCore:gestalt] SetGestaltValue SetGestaltValue(copl 9) => 0
2026-09-14 12:01:41.062 I  PeachCommander[21122:1104f] [com.apple.CarbonCore:gestalt] SetGestaltValue SetGestaltValue(xlat 0) => 0
2026-09-14 12:01:41.062 I  PeachCommander[21122:1104f] [com.apple.CarbonCore:gestalt] SetGestaltValue SetGestaltValue(stdf 0) => 0
2026-09-14 12:01:41.062 I  PeachCommander[21122:1104f] [com.apple.CarbonCore:gestalt] _NewGestalt _NewGestalt(ram  0x18d98b644) => 0
2026-09-14 12:01:41.062 I  PeachCommander[21122:1104f] [com.apple.CarbonCore:gestalt] _NewGestalt _NewGestalt(ramm 0x18d98b644) => 0
2026-09-14 12:01:41.062 I  PeachCommander[21122:1104f] [com.apple.CarbonCore:gestalt] _NewGestalt _NewGestalt(cput 0x18d98b734) => 0
2026-09-14 12:01:41.062 I  PeachCommander[21122:1104f] [com.apple.CarbonCore:gestalt] _NewGestalt _NewGestalt(cpuf 0x18d98b764) => 0
2026-09-14 12:01:41.062 I  PeachCommander[21122:1104f] [com.apple.CarbonCore:gestalt] _NewGestalt _NewGestalt(bclk 0x18d98b794) => 0
2026-09-14 12:01:41.062 I  PeachCommander[21122:1104f] [com.apple.CarbonCore:gestalt] _NewGestalt _NewGestalt(bclm 0x18d98b794) => 0
2026-09-14 12:01:41.062 I  PeachCommander[21122:1104f] [com.apple.CarbonCore:gestalt] _NewGestalt _NewGestalt(pclk 0x18d98b834) => 0
2026-09-14 12:01:41.062 I  PeachCommander[21122:1104f] [com.apple.CarbonCore:gestalt] _NewGestalt _NewGestalt(mclk 0x18d98b834) => 0
2026-09-14 12:01:41.062 I  PeachCommander[21122:1104f] [com.apple.CarbonCore:gestalt] _NewGestalt _NewGestalt(a/ux 0x18d98b94c) => 0
2026-09-14 12:01:41.062 I  PeachCommander[21122:1104f] [com.apple.CarbonCore:gestalt] _NewGestalt _NewGestalt(pgsz 0x18d98b954) => 0
2026-09-14 12:01:41.062 I  PeachCommander[21122:1104f] [com.apple.CarbonCore:gestalt] _NewGestalt _NewGestalt(csiz 0x18d98b994) => 0
2026-09-14 12:01:41.062 I  PeachCommander[21122:1104f] [com.apple.CarbonCore:gestalt] _NewGestalt _NewGestalt(sysv 0x18d936dfc) => 0
2026-09-14 12:01:41.062 I  PeachCommander[21122:1104f] [com.apple.CarbonCore:gestalt] _NewGestalt _NewGestalt(sys1 0x18d936dfc) => 0
2026-09-14 12:01:41.062 I  PeachCommander[21122:1104f] [com.apple.CarbonCore:gestalt] _NewGestalt _NewGestalt(sys2 0x18d936dfc) => 0
2026-09-14 12:01:41.062 I  PeachCommander[21122:1104f] [com.apple.CarbonCore:gestalt] _NewGestalt _NewGestalt(sys3 0x18d936dfc) => 0
2026-09-14 12:01:41.062 I  PeachCommander[21122:1104f] [com.apple.CarbonCore:gestalt] _NewGestalt _NewGestalt(cdfl 0x18d98b9d4) => 0
2026-09-14 12:01:41.062 I  PeachCommander[21122:1104f] [com.apple.CarbonCore:gestalt] _NewGestalt _NewGestalt(cdrm 0x18d98bc30) => 0
2026-09-14 12:01:41.062 I  PeachCommander[21122:1104f] [com.apple.CarbonCore:gestalt] _NewGestalt _NewGestalt(cpus 0x18d98bc78) => 0
2026-09-14 12:01:41.062 I  PeachCommander[21122:1104f] [com.apple.CarbonCore:gestalt] SetGestaltValue SetGestaltValue(swex 1) => 0
2026-09-14 12:01:41.062 Df PeachCommander[21122:1104f] [com.apple.xpc:connection] [0xb2e9af980] activating connection: mach=false listener=false peer=false name=com.apple.hiservices-xpcservice
2026-09-14 12:01:41.063 I  PeachCommander[21122:1104f] [com.apple.CFPasteboard:entry] CopyData('ApplePerContextInputPasteboard' (<CFUUID 0xb2fd66020> C041E820-CDE7-4CA9-83B4-BB070B3C1DC9) gen: -1 item: 1264739405 flavor: 'ApplePerContextInputFlavor')
2026-09-14 12:01:41.063 I  PeachCommander[21122:1104f] [com.apple.CFPasteboard:cache] Rebuilding cache for 'ApplePerContextInputPasteboard' (<CFUUID 0xb2fd66020> C041E820-CDE7-4CA9-83B4-BB070B3C1DC9)
2026-09-14 12:01:41.063 I  PeachCommander[21122:1104f] [com.apple.CFPasteboard:general] Will request data from daemon
2026-09-14 12:01:41.063 I  PeachCommander[21122:1104f] [com.apple.CFPasteboard:exit] (not-in-cache) - result: 0 generation: 1 data (182 bytes) flags: 0
2026-09-14 12:01:41.063 I  PeachCommander[21122:1104f] [com.apple.CFPasteboard:entry] CopyData('DefaultAsciiKeyboardLayoutPasteboard' (<CFUUID 0xb2f0b1420> 2C19D86B-346D-4418-9F4F-8466D090057B) gen: -1 item: 1264739405 flavor: 'DefaultAsciiKeyboardLayoutFlavor')
2026-09-14 12:01:41.063 I  PeachCommander[21122:1104f] [com.apple.CFPasteboard:exit] (not-in-cache) - result: -8 generation: 0 null data flags: 0
2026-09-14 12:01:41.065 I  PeachCommander[21122:1104f] [com.apple.AppKit:Window] context (0 -> 3932bea9) for window 44b
2026-09-14 12:01:41.065 Df PeachCommander[21122:1104f] [com.apple.inputmethodkitClient:Client] +[IMKClient subclass]: chose IMKClient_Modern
2026-09-14 12:01:41.066 Df PeachCommander[21122:1104f] [com.apple.BoardServices:XPCErrors] [C:2] Alloc com.apple.backboard.hid-services.xpc
2026-09-14 12:01:41.066 Df PeachCommander[21122:1104f] [com.apple.xpc:connection] [0xb2e9afac0] activating connection: mach=false listener=false peer=false name=(anonymous)
2026-09-14 12:01:41.066 E  PeachCommander[21122:11059] [com.apple.BaseBoard:Common] Unable to obtain a task name port right for pid 169: (os/kern) failure (0x5)
2026-09-14 12:01:41.066 Df PeachCommander[21122:11059] [com.apple.xpc:connection] [0xb2e9ae940] activating connection: mach=false listener=false peer=false name=com.apple.TextInputUI.xpc.CursorUIViewService
2026-09-14 12:01:41.066 Df PeachCommander[21122:11059] [com.apple.xpc:connection] [0xb2e9ae940] invalidated after the last release of the connection object
2026-09-14 12:01:41.066 I  PeachCommander[21122:1104f] [com.apple.CFPasteboard:entry] CopyData('DefaultAsciiKeyboardLayoutPasteboard' (<CFUUID 0xb2f0b1420> 2C19D86B-346D-4418-9F4F-8466D090057B) gen: -1 item: 1264739405 flavor: 'DefaultAsciiKeyboardLayoutFlavor')
2026-09-14 12:01:41.066 I  PeachCommander[21122:1104f] [com.apple.CFPasteboard:exit] (not-in-cache) - result: -8 generation: 0 null data flags: 0
2026-09-14 12:01:41.067 Df PeachCommander[21122:1104f] [com.apple.xpc:connection] [0xb2e9ae6c0] activating connection: mach=false listener=false peer=false name=(anonymous)
2026-09-14 12:01:41.067 Df PeachCommander[21122:1104f] [com.apple.xpc:connection] [0xb2e9ae940] activating connection: mach=false listener=false peer=false name=com.apple.ViewBridgeAuxiliary
2026-09-14 12:01:41.067 Df PeachCommander[21122:1104f] [com.apple.xpc:connection] [0xb2e9ae1c0] activating connection: mach=false listener=false peer=false name=(anonymous)
2026-09-14 12:01:41.067 Df PeachCommander[21122:1104f] [com.apple.xpc:connection] [0xb2e9ae940] invalidated after the last release of the connection object
2026-09-14 12:01:41.082 Df PeachCommander[21122:1104f] [com.apple.TextInputUI:CursorUI] -[TUINSCursorUIController activate:]_block_invoke: Create CursorUIViewService: TUINSRemoteViewController
2026-09-14 12:01:41.082 I  PeachCommander[21122:1104f] [com.apple.AppKit:Window] window <TUINSWindow: 0xb2fc9a300> windowNumber=44b finishing close
2026-09-14 12:01:41.082 I  PeachCommander[21122:1104f] [com.apple.AppKit:Window] order window: 44b op: 0 relative: 0 related: 0
2026-09-14 12:01:41.083 A  PeachCommander[21122:11061] (CoreFoundation) Loading Preferences From System CFPrefsD
2026-09-14 12:01:41.133 I  PeachCommander[21122:1104f] [com.apple.iconservices:foundation] layer data size zero
2026-09-14 12:01:41.134 A  PeachCommander[21122:1104f] (CoreFoundation) Loading Preferences From User CFPrefsD
2026-09-14 12:01:41.134 I  PeachCommander[21122:1104f] [com.apple.CoreAnalytics:client] Dropping "com.apple.ImageIO.readerSelection" as it isn't used in any transform (not in the config or budgeted?)
2026-09-14 12:01:41.144 A  PeachCommander[21122:11053] (libsystem_info.dylib) Retrieve Group by ID
2026-09-14 12:01:41.206 I  PeachCommander[21122:1104f] [com.apple.CoreAnalytics:client] Dropping "com.apple.appkit.app_config" as it isn't used in any transform (not in the config or budgeted?)
2026-09-14 12:01:41.206 I  PeachCommander[21122:1104f] [com.apple.SafariPlatformSupport:SafariPlatformSupport] -[SFSafariPlatformSupport credentialSelected:] with nil credential
2026-09-14 12:01:41.206 I  PeachCommander[21122:1104f] [com.apple.SafariPlatformSupport:SafariPlatformSupport] -[SFSafariPlatformSupport oneTimeCodeSelected:] with nil code
2026-09-14 12:01:41.303 I  PeachCommander[21122:110ef] [com.apple.AppKit:WindowTab] Indexing 1 items
2026-09-14 12:01:41.303 A  PeachCommander[21122:110ef] (CoreSpotlight) end-index-batch
2026-09-14 12:01:41.303 Df PeachCommander[21122:110ef] [com.apple.corespotlight:index] *warn* MailCS ======%%% _setMailMessageAttributes skip:1
2026-09-14 12:01:41.303 A  PeachCommander[21122:110ef] (CoreSpotlight) index-items
2026-09-14 12:01:41.303 Df PeachCommander[21122:110ef] [com.apple.corespotlight:index] CSInlineDonation:<private>: Skipping donation (feature flag disabled)
2026-09-14 12:01:41.303 Df PeachCommander[21122:110ed] [com.apple.corespotlight:index] CSInlineDonation:<private>: Skipping donation (feature flag disabled)
2026-09-14 12:01:41.416 I  PeachCommander[21122:1104f] [com.apple.HIToolbox:MBDisplays] <private>
2026-09-14 12:01:41.416 I  PeachCommander[21122:1104f] [com.apple.HIToolbox:MBDisplays] <private>
2026-09-14 12:01:41.632 Df PeachCommander[21122:11059] [com.apple.xpc:connection] [0xb2e9ae300] activating connection: mach=false listener=false peer=false name=com.apple.SafariPlatformSupport.Helper
2026-09-14 12:01:41.657 Df PeachCommander[21122:1104f] [com.apple.BoardServices:XPCErrors] [C:3] Alloc com.apple.backboard.hid-services.xpc
2026-09-14 12:01:41.657 Df PeachCommander[21122:1104f] [com.apple.xpc:connection] [0xb2e9ade00] activating connection: mach=false listener=false peer=false name=(anonymous)
2026-09-14 12:01:41.658 Df PeachCommander[21122:11054] [com.apple.BackBoard:EventDelivery] BKSHIDEventDeliveryManager - connection activation
2026-09-14 12:01:41.659 I  PeachCommander[21122:1104f] [com.peachcommander:PCFoundation] Session restored
2026-09-14 12:01:41.659 Df PeachCommander[21122:1104f] (Foundation) <private>
2026-09-14 12:01:41.659 I  PeachCommander[21122:1104f] [com.peachcommander:PCFoundation] [automation] running /Users/admin/auto.txt
2026-09-14 12:01:41.659 Df PeachCommander[21122:1104f] (Foundation) <private>
2026-09-14 12:01:41.659 I  PeachCommander[21122:1104f] [com.peachcommander:PCFoundation] [automation] > view /Users/admin/pc-demo-bin.dat
2026-09-14 12:01:41.659 Df PeachCommander[21122:1104f] (Foundation) <private>
2026-09-14 12:01:41.659 I  PeachCommander[21122:1104f] [com.peachcommander:PCFoundation] [automation] > wait 2500
2026-09-14 12:01:41.703 Df PeachCommander[21122:11061] [com.apple.xpc:connection] [0xb2e9ae300] invalidated after the last release of the connection object
2026-09-14 12:01:41.727 I  PeachCommander[21122:1104f] [com.apple.launchservices:cas] Removing cached information for app [ 0x0-0x108108]  "PeachCommander", as its seed is different from that in shared memory ( 535 vs 537)
2026-09-14 12:01:41.727 Df PeachCommander[21122:1104f] [com.apple.xpc:connection] [0xb2e9adcc0] activating connection: mach=false listener=false peer=false name=(anonymous)
2026-09-14 12:01:41.727 Df PeachCommander[21122:1104f] [com.apple.xpc:connection] [0xb2e9ae300] activating connection: mach=false listener=false peer=false name=(anonymous)
2026-09-14 12:01:41.735 I  PeachCommander[21122:1104f] [com.apple.AppKit:Animation] Running new animation: <private>
2026-09-14 12:01:41.735 I  PeachCommander[21122:1104f] [com.apple.AppKit:Animation] Running new animation: <private>
2026-09-14 12:01:41.735 I  PeachCommander[21122:1104f] [com.apple.AppKit:Animation] Running new animation: <private>
2026-09-14 12:01:41.735 I  PeachCommander[21122:1104f] [com.apple.AppKit:Animation] Running new animation: <private>
2026-09-14 12:01:41.735 I  PeachCommander[21122:1104f] [com.apple.AppKit:Animation] Running new animation: <private>
2026-09-14 12:01:41.739 I  PeachCommander[21122:1104f] [com.apple.AppKit:Window] context (0 -> 226031b) for window 44e
2026-09-14 12:01:41.742 I  PeachCommander[21122:1104f] [com.apple.AppKit:Animation] Running new animation: <private>
2026-09-14 12:01:41.742 I  PeachCommander[21122:1104f] [com.apple.AppKit:Animation] Running new animation: <private>
2026-09-14 12:01:41.742 I  PeachCommander[21122:1104f] [com.apple.AppKit:Animation] Running new animation: <private>
2026-09-14 12:01:41.742 I  PeachCommander[21122:1104f] [com.apple.AppKit:Animation] Running new animation: <private>
2026-09-14 12:01:41.742 I  PeachCommander[21122:1104f] [com.apple.AppKit:Animation] Running new animation: <private>
2026-09-14 12:01:41.783 I  PeachCommander[21122:1104f] [com.apple.CFPasteboard:entry] CopyData('DefaultAsciiKeyboardLayoutPasteboard' (<CFUUID 0xb2f0b1420> 2C19D86B-346D-4418-9F4F-8466D090057B) gen: -1 item: 1264739405 flavor: 'DefaultAsciiKeyboardLayoutFlavor')
2026-09-14 12:01:41.783 I  PeachCommander[21122:1104f] [com.apple.CFPasteboard:exit] (not-in-cache) - result: -8 generation: 0 null data flags: 0
2026-09-14 12:01:41.812 I  PeachCommander[21122:1104f] [com.apple.AppKit:Animation] Running new animation: <private>
2026-09-14 12:01:41.812 I  PeachCommander[21122:1104f] [com.apple.AppKit:Animation] Running new animation: <private>
2026-09-14 12:01:41.812 I  PeachCommander[21122:1104f] [com.apple.AppKit:Animation] Running new animation: <private>
2026-09-14 12:01:41.812 I  PeachCommander[21122:1104f] [com.apple.AppKit:Animation] Running new animation: <private>
2026-09-14 12:01:41.812 I  PeachCommander[21122:1104f] [com.apple.AppKit:Animation] Running new animation: <private>
2026-09-14 12:01:41.814 I  PeachCommander[21122:1104f] [com.apple.AppKit:Window] order window front conditionally: 44e related: 0
2026-09-14 12:01:41.814 I  PeachCommander[21122:1104f] [com.apple.AppKit:Window] order window front conditionally: 44e related: 0
2026-09-14 12:01:41.814 Df PeachCommander[21122:1104f] (Foundation) <private>
2026-09-14 12:01:41.846 I  PeachCommander[21122:1104f] [com.apple.launchservices:datasep] application record search init. Node: <FSNode 0xb2e67c0e0> { isDir = y, path = <private> } bundleID: (null) itemID: 0
2026-09-14 12:01:41.846 I  PeachCommander[21122:1104f] [com.apple.launchservices:datasep] application record search init. Node: <FSNode 0xb2e67c0e0> { isDir = y, path = <private> } bundleID: (null) itemID: 0
2026-09-14 12:01:41.846 I  PeachCommander[21122:1104f] [com.apple.SafariPlatformSupport:SafariPlatformSupport] -[SFSafariPlatformSupport credentialSelected:] with nil credential
2026-09-14 12:01:41.846 I  PeachCommander[21122:1104f] [com.apple.SafariPlatformSupport:SafariPlatformSupport] -[SFSafariPlatformSupport oneTimeCodeSelected:] with nil code
2026-09-14 12:01:41.858 I  PeachCommander[21122:1104f] [com.apple.SafariPlatformSupport:SafariPlatformSupport] -[SPSafariPlatformSupport completionListPreferredContentSizeDidUpdate] with size {0, 0}, in window that is visible
2026-09-14 12:01:42.030 I  PeachCommander[21122:110ef] [com.apple.AppKit:WindowTab] Indexing 2 items
2026-09-14 12:01:42.030 A  PeachCommander[21122:110ef] (CoreSpotlight) end-index-batch
2026-09-14 12:01:42.030 A  PeachCommander[21122:110ef] (CoreSpotlight) index-items
2026-09-14 12:01:42.030 Df PeachCommander[21122:110ef] [com.apple.corespotlight:index] CSInlineDonation:<private>: Skipping donation (feature flag disabled)
2026-09-14 12:01:42.030 Df PeachCommander[21122:110ef] [com.apple.corespotlight:index] CSInlineDonation:<private>: Skipping donation (feature flag disabled)
2026-09-14 12:01:44.248 Df PeachCommander[21122:1104f] (Foundation) <private>
2026-09-14 12:01:44.248 I  PeachCommander[21122:1104f] [com.peachcommander:PCFoundation] [automation] > listermode text|/Users/admin/bintext.txt
2026-09-14 12:01:44.282 Df PeachCommander[21122:1104f] (Foundation) <private>
2026-09-14 12:01:44.282 I  PeachCommander[21122:1104f] [com.peachcommander:PCFoundation] [automation] > wait 2000
