Timestamp               Ty Process[PID:TID]
2026-09-14 13:52:51.447 A  PeachCommander[21265:11165] (libsystem_info.dylib) Retrieve User by ID
2026-09-14 13:52:51.447 Df PeachCommander[21265:11165] [com.apple.xpc:connection] [0x1022675c0] activating connection: mach=true listener=false peer=false name=com.apple.cfprefsd.daemon
2026-09-14 13:52:51.447 Df PeachCommander[21265:11168] [com.apple.xpc:connection] [0x102267d00] activating connection: mach=true listener=false peer=false name=com.apple.cfprefsd.agent
2026-09-14 13:52:51.448 Df PeachCommander[21265:11165] [com.apple.xpc:connection] [0x10226dce0] activating connection: mach=true listener=false peer=false name=com.apple.coreservices.launchservicesd
2026-09-14 13:52:51.449 I  PeachCommander[21265:11165] [com.apple.launchservices:cas] Registering for notification <private> on default queue, to re-boostrap client connection.
2026-09-14 13:52:51.449 Df PeachCommander[21265:11165] [com.apple.xpc:connection] [0x754ca0000] activating connection: mach=true listener=false peer=false name=com.apple.pasteboard.1
2026-09-14 13:52:51.449 Df PeachCommander[21265:11165] [com.apple.xpc:connection] [0x754ca0140] activating connection: mach=true listener=false peer=false name=com.apple.distributed_notifications@Uv3
2026-09-14 13:52:51.450 Df PeachCommander[21265:11165] [com.apple.AppKit:AutomaticTermination] void _NSDisableAutomaticTerminationAndLog(NSString *) No windows open yet
2026-09-14 13:52:51.451 A  PeachCommander[21265:11165] (TCC) TCCAccessRequest() IPC
2026-09-14 13:52:51.451 Df PeachCommander[21265:11165] [com.apple.xpc:connection] [0x754ca0280] activating connection: mach=true listener=false peer=false name=com.apple.tccd.system
2026-09-14 13:52:51.451 I  PeachCommander[21265:11165] [com.apple.TCC:access] SEND: 0/7 synchronous to com.apple.tccd.system: request: msgID=21265.1, function=TCCAccessRequest, service=kTCCServiceListenEvent,
2026-09-14 13:52:51.452 I  PeachCommander[21265:11165] [com.apple.TCC:access] RECV: synchronous reply <dictionary: 0x754c88000> { count = 5, transaction: 0, voucher = 0x0, contents =
	"prompt_type" => <uint64: 0x91901475e863a34f>: 1
	"auth_value" => <uint64: 0x91901475e863a34f>: 1
	"preflight_unknown" => <bool: 0x1ee1ad190>: true
	"auth_version" => <uint64: 0x91901475e863a34f>: 1
	"auth_reason" => <uint64: 0x91901475e863a36f>: 5
}
2026-09-14 13:52:51.452 Df PeachCommander[21265:11165] [com.apple.xpc:connection] [0x754ca0280] invalidated after the last release of the connection object
2026-09-14 13:52:51.452 Df PeachCommander[21265:11165] [com.apple.SkyLight:default] server port 0x0000370b, session port 0x0000370b
2026-09-14 13:52:51.454 I  PeachCommander[21265:11169] [com.apple.SkyLight:processes] 0[outside of RPC]: First connection id 316675 mapped to ctx = 0x754c44380
2026-09-14 13:52:51.454 Df PeachCommander[21265:11165] [com.apple.SkyLight:default] New connection 0x4d503 main
2026-09-14 13:52:51.455 I  PeachCommander[21265:11165] [com.apple.hiservices:processmgr] Checking in with CAS, pid=21265
2026-09-14 13:52:51.455 I  PeachCommander[21265:11165] [com.apple.launchservices:cas] LSApplicationCheckIn(), app being registered is:"/Users/admin/pc-test/PeachCommander.app/Contents/MacOS/PeachCommander"
2026-09-14 13:52:51.455 I  PeachCommander[21265:11165] [com.apple.launchservices:cas]  { "ApplicationType"="Foreground", "BuildMachineOSBuild"="25E246", "CFBundleDevelopmentRegion"="en", "CFBundleDocumentTypes"=( { "CFBundleTypeName"="Peach Commander Plugin Package", "CFBundleTypeRole"="Viewer", "LSHandlerRank"="Owner", "LSItemContentTypes"=( "com.peachcommander.plugin-package") }), "CFBundleExecutable"="PeachCommander", "CFBundleExecutablePath"="/Users/admin/pc-test/PeachCommander.app/Contents/MacOS/PeachCommander", "CFBundleHelpBookFolder"="PeachCommander.help", "CFBundleHelpBookName"="Peach Commander Help", "CFBundleIconFile"="AppIcon", "CFBundleIconName"="AppIcon", "CFBundleIdentifier"="com.peachcommander.app", "CFBundleInfoDictionaryVersion"="6.0", "CFBundleName"="PeachCommander", "CFBundleNumericVersion"=402685952, "CFBundlePackageType"="APPL", "CFBundleShortVersionString"="0.9.0", "CFBundleSignature"="?????", "CFBundleSupportedPlatforms"=( "MacOSX"), "CFBundleVersion"="18", "DTCompiler"="com.apple.compilers.llvm.clang.1_0", "DTPlatformBuild"="25F70", "DTPlatformName"="macosx", "<…>
2026-09-14 13:52:51.456 Df PeachCommander[21265:11165] [com.apple.processmanager:front-35286506] CHECKIN: pid=21265
2026-09-14 13:52:51.457 Df PeachCommander[21265:11165] [com.apple.processmanager:front-35286506] CHECKEDIN: pid=21265 asn=0x0-0x10a10a foreground=1
2026-09-14 13:52:51.457 I  PeachCommander[21265:11165] [com.apple.launchservices:cas] Setting processControlState to default PROC_SETPC_SUSPEND because application does not have LSProcessControlValue key
2026-09-14 13:52:51.457 Df PeachCommander[21265:11165] [com.apple.xpc:connection] [0x754ca0280] activating connection: mach=false listener=true peer=false name=(anonymous)
2026-09-14 13:52:51.457 Df PeachCommander[21265:11165] [com.apple.xpc:connection] [0x754ca0280] Connection returned listener port: 0x5403
2026-09-14 13:52:51.457 Df PeachCommander[21265:11168] [com.apple.xpc:connection] [0x755060300] activating connection: mach=false listener=false peer=true name=com.apple.xpc.anonymous.0x754ca0280.peer[131].0x755060300
2026-09-14 13:52:51.457 Df PeachCommander[21265:11165] [com.apple.processmanager:front-35286506] FRONTLOGGING: version 1
2026-09-14 13:52:51.457 Df PeachCommander[21265:11165] [com.apple.processmanager:front-35286506] Registered, pid=21265 ASN=0x0,0x10a10a
2026-09-14 13:52:51.458 Df PeachCommander[21265:11165] [com.apple.xpc:connection] [0x754ca03c0] activating connection: mach=true listener=false peer=false name=com.apple.analyticsd
2026-09-14 13:52:51.458 I  PeachCommander[21265:11165] [com.apple.CoreAnalytics:client] Daemon status changed from 0 to 1
2026-09-14 13:52:51.458 I  PeachCommander[21265:11168] [com.apple.CarbonCore:coreservicesdaemon] SCSession():SCSession( id=100, this=0x0x102277b50 option=65538) created, forUID=501 mach_port_t=0x4603.
2026-09-14 13:52:51.458 I  PeachCommander[21265:11168] [com.apple.CarbonCore:coreservicesdaemon] SCSession():SCSession( id=101, this=0x0x102277c90 option=65538) created, forUID=501 mach_port_t=0x4503.
2026-09-14 13:52:51.458 I  PeachCommander[21265:11168] [com.apple.CarbonCore:coreservicesdaemon] connectToCoreServicesD():Instantiating server (coreservicesd based) SCSession, port=0x4603 serverOptions=0x10002.
2026-09-14 13:52:51.458 I  PeachCommander[21265:11165] [com.apple.hiservices:processmgr] _RegisterApplication( pid 21265 => 0x0,0x10a10a) type=foreground
2026-09-14 13:52:51.458 Df PeachCommander[21265:11165] [com.apple.xpc:connection] [0x754ca0280] Connection returned listener port: 0x5403
2026-09-14 13:52:51.458 Df PeachCommander[21265:1116f] [com.apple.CoreAnalytics:client] Received configuration update from daemon (initial)
2026-09-14 13:52:51.458 I  PeachCommander[21265:11165] [com.apple.launchservices:cas] CFArrayRef _LSCopyLaunchModifiers(LSSessionID, LSASNRef _Nonnull), result for psn [ kLSCurrentApp ASN, 0x0,0x2]  is 1 items.
2026-09-14 13:52:51.458 Df PeachCommander[21265:11165] [com.apple.processmanager:front-35286506] BringForward: pid=21265 asn=0x0-0x10a10a bringForward=1 foreground=1 uiElement=0 launchedByLS=1 modifiersCount=1 allDisabled=1
2026-09-14 13:52:51.458 Df PeachCommander[21265:11165] [com.apple.processmanager:front-35286506] BringFrontModifier: pid=21265 asn=0x0-0x10a10a Modifier 0 hideAfter=0 hideOthers=0 dontMakeFrontmost=0 mouseDown=0/0 seed=0/0
2026-09-14 13:52:51.458 Df PeachCommander[21265:11165] [com.apple.processmanager:front-35286506] BringForward: pid=21265 asn=0x0-0x10a10a
2026-09-14 13:52:51.458 Df PeachCommander[21265:11165] [com.apple.processmanager:front-35286506] SetFrontProcess: asn=0x0-0x10a10a options=0
2026-09-14 13:52:51.458 I  PeachCommander[21265:11165] [com.apple.SkyLight:processes] 0[outside of RPC]: SLPSetFrontProcess(0x0-0x10a10a window=0 options=0x0
2026-09-14 13:52:51.458 Df PeachCommander[21265:11168] [com.apple.xpc:connection] [0x754ca0500] activating connection: mach=true listener=false peer=false name=com.apple.lsd.mapdb
2026-09-14 13:52:51.460 Df PeachCommander[21265:11165] [com.apple.AppKit:Appearance] Current system appearance, (HLTB: 1), (SLS: 0)
2026-09-14 13:52:51.461 Df PeachCommander[21265:11165] (libMobileGestalt.dylib) No persisted cache on this platform.
2026-09-14 13:52:51.461 I  PeachCommander[21265:11169] [com.apple.launchservices:cas] information in shared memory for 0x0-0x10a10a with seed 533 was still valid, so using cached info { "ApplicationType"="Foreground", "BuildMachineOSBuild"="25E246", "BundleIdentifierLowerCase"="com.peachcommander.app", "CFBundleDevelopmentRegion"="en", "CFBundleDocumentTypes"=( { "CFBundleTypeName"="Peach Commander Plugin Package", "CFBundleTypeRole"="Viewer", "LSHandlerRank"="Owner", "LSItemContentTypes"=( "com.peachcommander.plugin-package") }), "CFBundleExecutable"="PeachCommander", "CFBundleExecutablePath"="/Users/admin/pc-test/PeachCommander.app/Contents/MacOS/PeachCommander", "CFBundleExecutablePathDeviceID"=16777227, "CFBundleExecutablePathINode"=488284, "CFBundleHelpBookFolder"="PeachCommander.help", "CFBundleHelpBookName"="Peach Commander Help", "CFBundleIconFile"="AppIcon", "CFBundleIconName"="AppIcon", "CFBundleIdentifier"="com.peachcommander.app", "CFBundleInfoDictionaryVersion"="6.0", "CFBundleName"="PeachCommander", "CFBundleNameLowerCase"="peachcommander", "CFBundleNumericVersion"=402685952, "CFBundlePackageType"="APPL", "CFBundleShortVersionString"="0.9.0", "CFBun<…>
2026-09-14 13:52:51.461 Df PeachCommander[21265:11165] (libMobileGestalt.dylib) Could not get size of EAN data (IOConnectCallScalarMethod kAppleNVMeEANGetSize returned 0xE00002E2)
2026-09-14 13:52:51.461 Df PeachCommander[21265:11165] (libMobileGestalt.dylib) Failed to copy 'aptk' from EAN
2026-09-14 13:52:51.461 Df PeachCommander[21265:11165] (libMobileGestalt.dylib) Failed to copy APTicket properties. Falling back to default policy.
2026-09-14 13:52:51.461 Df PeachCommander[21265:11165] (libMobileGestalt.dylib) Creating default MGSysConfigPolicy
2026-09-14 13:52:51.461 Df PeachCommander[21265:11165] (libMobileGestalt.dylib) CFDictionaryRef copySyscfgDictionary(void) enumeration of <private> failed.
2026-09-14 13:52:51.461 Df PeachCommander[21265:11165] (libMobileGestalt.dylib) Failed to find key <private>
2026-09-14 13:52:51.461 I  PeachCommander[21265:11168] [com.apple.launchservices:db] LaunchServices database schema version: 20971544
2026-09-14 13:52:51.462 Df PeachCommander[21265:11165] [com.apple.AppKit:Appearance] Current system appearance, (HLTB: 1), (SLS: 0)
2026-09-14 13:52:51.462 Df PeachCommander[21265:11165] [com.apple.AppKit:Appearance] Post-registration system appearance: (HLTB: 1)
2026-09-14 13:52:51.464 I  PeachCommander[21265:11168] [com.apple.launchservices:default] Unable to load Info.plist exceptions (eGPUOverrides)
2026-09-14 13:52:51.464 I  PeachCommander[21265:11168] [com.apple.launchservices:default] Unable to load Info.plist exceptions (gameModeOverrides)
2026-09-14 13:52:51.464 I  PeachCommander[21265:11168] [com.apple.launchservices:default] Unable to load Info.plist exceptions (identifiedGameOverrides)
2026-09-14 13:52:51.464 I  PeachCommander[21265:11168] [com.apple.launchservices:default] Unable to load Info.plist exceptions (SystemHiddenPreferred)
2026-09-14 13:52:51.464 Df PeachCommander[21265:11165] [com.apple.FrontBoard:Common] FBSWorkspace: endpoint monitoring is disabled.
2026-09-14 13:52:51.464 Df PeachCommander[21265:11165] [com.apple.FrontBoard:Common] FBSWorkspace: default shell endpoint is disabled.
2026-09-14 13:52:51.464 Df PeachCommander[21265:11165] [com.apple.runningboard:connection] Initializing connection
2026-09-14 13:52:51.465 Df PeachCommander[21265:11165] [com.apple.runningboard:process] Removing all cached process handles
2026-09-14 13:52:51.465 Df PeachCommander[21265:11168] [com.apple.runningboard:connection] Sending handshake request attempt #1 to server
2026-09-14 13:52:51.465 Df PeachCommander[21265:11168] [com.apple.runningboard:connection] Creating connection to com.apple.runningboard
2026-09-14 13:52:51.465 Df PeachCommander[21265:11168] [com.apple.xpc:connection] [0x754ca0640] activating connection: mach=true listener=false peer=false name=com.apple.runningboard
2026-09-14 13:52:51.465 Df PeachCommander[21265:11165] [com.apple.xpc:connection] [0x754ca0280] Connection returned listener port: 0x5403
2026-09-14 13:52:51.465 I  PeachCommander[21265:11165] [com.apple.launchservices:cas] information in shared memory for 0x0-0x10a10a with seed 533 was still valid, so using cached info { "ApplicationType"="Foreground", "BuildMachineOSBuild"="25E246", "BundleIdentifierLowerCase"="com.peachcommander.app", "CFBundleDevelopmentRegion"="en", "CFBundleDocumentTypes"=( { "CFBundleTypeName"="Peach Commander Plugin Package", "CFBundleTypeRole"="Viewer", "LSHandlerRank"="Owner", "LSItemContentTypes"=( "com.peachcommander.plugin-package") }), "CFBundleExecutable"="PeachCommander", "CFBundleExecutablePath"="/Users/admin/pc-test/PeachCommander.app/Contents/MacOS/PeachCommander", "CFBundleExecutablePathDeviceID"=16777227, "CFBundleExecutablePathINode"=488284, "CFBundleHelpBookFolder"="PeachCommander.help", "CFBundleHelpBookName"="Peach Commander Help", "CFBundleIconFile"="AppIcon", "CFBundleIconName"="AppIcon", "CFBundleIdentifier"="com.peachcommander.app", "CFBundleInfoDictionaryVersion"="6.0", "CFBundleName"="PeachCommander", "CFBundleNameLowerCase"="peachcommander", "CFBundleNumericVersion"=402685952, "CFBundlePackageType"="APPL", "CFBundleShortVersionString"="0.9.0", "CFBun<…>
2026-09-14 13:52:51.465 A  PeachCommander[21265:1116f] (RunningBoardServices) didChangeInheritances
2026-09-14 13:52:51.465 Df PeachCommander[21265:11168] [com.apple.runningboard:connection] Handshake succeeded
2026-09-14 13:52:51.465 Df PeachCommander[21265:11168] [com.apple.runningboard:connection] Identity resolved as app<application.com.peachcommander.app.487016.488284(501)>
2026-09-14 13:52:51.466 Df PeachCommander[21265:11165] [com.apple.xpc:connection] [0x754ca0280] Connection returned listener port: 0x5403
2026-09-14 13:52:51.467 A  PeachCommander[21265:11169] (AppIntents) appintents:register process
2026-09-14 13:52:51.467 Df PeachCommander[21265:11169] [com.apple.appintents:Connection] Created a new Process Instance Registry XPC connection (inactive)
2026-09-14 13:52:51.467 Df PeachCommander[21265:11169] [com.apple.xpc:connection] [0x754ca0780] activating connection: mach=true listener=false peer=false name=com.apple.linkd.autoShortcut
2026-09-14 13:52:51.467 Df PeachCommander[21265:11169] [com.apple.appintents:Connection] Activated connection to linkd (ApplicationService)
2026-09-14 13:52:51.467 Df PeachCommander[21265:11169] [com.apple.xpc:connection] [0x754ca0a00] activating connection: mach=false listener=true peer=false name=(anonymous)
2026-09-14 13:52:51.468 I  PeachCommander[21265:11165] [com.apple.launchservices:cas] information in shared memory for 0x0-0x10a10a with seed 533 was still valid, so using cached info { "ApplicationType"="Foreground", "BuildMachineOSBuild"="25E246", "BundleIdentifierLowerCase"="com.peachcommander.app", "CFBundleDevelopmentRegion"="en", "CFBundleDocumentTypes"=( { "CFBundleTypeName"="Peach Commander Plugin Package", "CFBundleTypeRole"="Viewer", "LSHandlerRank"="Owner", "LSItemContentTypes"=( "com.peachcommander.plugin-package") }), "CFBundleExecutable"="PeachCommander", "CFBundleExecutablePath"="/Users/admin/pc-test/PeachCommander.app/Contents/MacOS/PeachCommander", "CFBundleExecutablePathDeviceID"=16777227, "CFBundleExecutablePathINode"=488284, "CFBundleHelpBookFolder"="PeachCommander.help", "CFBundleHelpBookName"="Peach Commander Help", "CFBundleIconFile"="AppIcon", "CFBundleIconName"="AppIcon", "CFBundleIdentifier"="com.peachcommander.app", "CFBundleInfoDictionaryVersion"="6.0", "CFBundleName"="PeachCommander", "CFBundleNameLowerCase"="peachcommander", "CFBundleNumericVersion"=402685952, "CFBundlePackageType"="APPL", "CFBundleShortVersionString"="0.9.0", "CFBun<…>
2026-09-14 13:52:51.468 I  PeachCommander[21265:11165] [com.apple.hiservices:processmgr] TransformProcessType(0x0,0x2 => 1 wasFront=1 pickNew=0)
2026-09-14 13:52:51.468 I  PeachCommander[21265:11165] [com.apple.CoreAnalytics:client] Dropping "com.apple.appkit.app_config" as it isn't used in any transform (not in the config or budgeted?)
2026-09-14 13:52:51.468 I  PeachCommander[21265:11169] [com.apple.appintents:Execution] LNAppConnectionListener instantiated
2026-09-14 13:52:51.468 Df PeachCommander[21265:11169] [com.apple.xpc:connection] [0x754ca0a00] Connection returned listener port: 0x7103
2026-09-14 13:52:51.468 Df PeachCommander[21265:11170] [com.apple.xpc:connection] [0x754ca0780] Re-initialization successful; calling out to event handler with XPC_ERROR_CONNECTION_INTERRUPTED
2026-09-14 13:52:51.468 Df PeachCommander[21265:11165] [com.apple.dt.xctest:Default] Registering for test daemon availability notify post.
2026-09-14 13:52:51.468 Df PeachCommander[21265:11170] [com.apple.appintents:Connection] Process Instance Registry XPC connection has been interrupted
2026-09-14 13:52:51.468 Df PeachCommander[21265:11165] [com.apple.dt.xctest:Default] notify_get_state check indicated test daemon not ready.
2026-09-14 13:52:51.468 Df PeachCommander[21265:11170] [com.apple.appintents:Connection] Created a new Process Instance Registry XPC connection (inactive)
2026-09-14 13:52:51.468 A  PeachCommander[21265:11170] (AppIntents) appintents:register process
2026-09-14 13:52:51.468 Df PeachCommander[21265:11165] [com.apple.dt.xctest:Default] notify_get_state check indicated test daemon not ready.
2026-09-14 13:52:51.468 Df PeachCommander[21265:11170] [com.apple.appintents:Connection] Created a new Process Instance Registry XPC connection (inactive)
2026-09-14 13:52:51.468 Df PeachCommander[21265:11170] [com.apple.xpc:connection] [0x754ca0c80] activating connection: mach=true listener=false peer=false name=com.apple.linkd.autoShortcut
2026-09-14 13:52:51.468 E  PeachCommander[21265:11169] [com.apple.appintents:Connection] Unable to get synchronousRemoteObjectProxy, error: Error Domain=NSCocoaErrorDomain Code=4097 "connection to service named com.apple.linkd.autoShortcut" UserInfo={NSDebugDescription=connection to service named com.apple.linkd.autoShortcut}
2026-09-14 13:52:51.468 E  PeachCommander[21265:11169] [com.apple.AppKit:Application] Error registering app with intents framework: Error Domain=NSCocoaErrorDomain Code=4097 UserInfo={NSDebugDescription=<private>}
2026-09-14 13:52:51.468 Df PeachCommander[21265:11165] [com.apple.dt.xctest:Default] notify_get_state check indicated test daemon not ready.
2026-09-14 13:52:51.468 Df PeachCommander[21265:11170] [com.apple.appintents:Connection] Activated connection to linkd (ApplicationService)
2026-09-14 13:52:51.468 Df PeachCommander[21265:11170] [com.apple.xpc:connection] [0x754ca0a00] Connection returned listener port: 0x7103
2026-09-14 13:52:51.469 Df PeachCommander[21265:11169] [com.apple.xpc:connection] [0x754ca0c80] Re-initialization successful; calling out to event handler with XPC_ERROR_CONNECTION_INTERRUPTED
2026-09-14 13:52:51.469 Df PeachCommander[21265:11169] [com.apple.appintents:Connection] Process Instance Registry XPC connection has been interrupted
2026-09-14 13:52:51.469 E  PeachCommander[21265:11170] [com.apple.appintents:Connection] Unable to get synchronousRemoteObjectProxy, error: Error Domain=NSCocoaErrorDomain Code=4097 "connection to service named com.apple.linkd.autoShortcut" UserInfo={NSDebugDescription=connection to service named com.apple.linkd.autoShortcut}
2026-09-14 13:52:51.469 E  PeachCommander[21265:11170] [com.apple.appintents:Connection] Unable to re-register with Process Instance Registry, error: Error Domain=NSCocoaErrorDomain Code=4097 "connection to service named com.apple.linkd.autoShortcut" UserInfo={NSDebugDescription=connection to service named com.apple.linkd.autoShortcut}
2026-09-14 13:52:51.469 Df PeachCommander[21265:1116f] [com.apple.appintents:Connection] Created a new Process Instance Registry XPC connection (inactive)
2026-09-14 13:52:51.469 A  PeachCommander[21265:1116f] (AppIntents) appintents:register process
2026-09-14 13:52:51.469 Df PeachCommander[21265:1116f] [com.apple.appintents:Connection] Created a new Process Instance Registry XPC connection (inactive)
2026-09-14 13:52:51.469 Df PeachCommander[21265:1116f] [com.apple.xpc:connection] [0x754ca12c0] activating connection: mach=true listener=false peer=false name=com.apple.linkd.autoShortcut
2026-09-14 13:52:51.469 Df PeachCommander[21265:1116f] [com.apple.appintents:Connection] Activated connection to linkd (ApplicationService)
2026-09-14 13:52:51.469 Df PeachCommander[21265:1116f] [com.apple.xpc:connection] [0x754ca0a00] Connection returned listener port: 0x7103
2026-09-14 13:52:51.469 Df PeachCommander[21265:11170] [com.apple.xpc:connection] [0x754ca12c0] Re-initialization successful; calling out to event handler with XPC_ERROR_CONNECTION_INTERRUPTED
2026-09-14 13:52:51.469 Df PeachCommander[21265:11170] [com.apple.appintents:Connection] Process Instance Registry XPC connection has been interrupted
2026-09-14 13:52:51.469 E  PeachCommander[21265:1116f] [com.apple.appintents:Connection] Unable to get synchronousRemoteObjectProxy, error: Error Domain=NSCocoaErrorDomain Code=4097 "connection to service named com.apple.linkd.autoShortcut" UserInfo={NSDebugDescription=connection to service named com.apple.linkd.autoShortcut}
2026-09-14 13:52:51.469 E  PeachCommander[21265:1116f] [com.apple.appintents:Connection] Unable to re-register with Process Instance Registry, error: Error Domain=NSCocoaErrorDomain Code=4097 "connection to service named com.apple.linkd.autoShortcut" UserInfo={NSDebugDescription=connection to service named com.apple.linkd.autoShortcut}
2026-09-14 13:52:51.469 Df PeachCommander[21265:11170] [com.apple.appintents:Connection] Created a new Process Instance Registry XPC connection (inactive)
2026-09-14 13:52:51.469 A  PeachCommander[21265:11170] (AppIntents) appintents:register process
2026-09-14 13:52:51.469 Df PeachCommander[21265:11170] [com.apple.appintents:Connection] Created a new Process Instance Registry XPC connection (inactive)
2026-09-14 13:52:51.469 Df PeachCommander[21265:11170] [com.apple.xpc:connection] [0x754ca1540] activating connection: mach=true listener=false peer=false name=com.apple.linkd.autoShortcut
2026-09-14 13:52:51.469 Df PeachCommander[21265:11170] [com.apple.appintents:Connection] Activated connection to linkd (ApplicationService)
2026-09-14 13:52:51.469 Df PeachCommander[21265:11170] [com.apple.xpc:connection] [0x754ca0a00] Connection returned listener port: 0x7103
2026-09-14 13:52:51.470 Df PeachCommander[21265:1116f] [com.apple.xpc:connection] [0x754ca1540] Re-initialization successful; calling out to event handler with XPC_ERROR_CONNECTION_INTERRUPTED
2026-09-14 13:52:51.470 Df PeachCommander[21265:1116f] [com.apple.appintents:Connection] Process Instance Registry XPC connection has been interrupted
2026-09-14 13:52:51.470 E  PeachCommander[21265:1116f] [com.apple.appintents:Connection] Will NOT re-try to establish the connection
2026-09-14 13:52:51.470 E  PeachCommander[21265:11170] [com.apple.appintents:Connection] Unable to get synchronousRemoteObjectProxy, error: Error Domain=NSCocoaErrorDomain Code=4097 "connection to service named com.apple.linkd.autoShortcut" UserInfo={NSDebugDescription=connection to service named com.apple.linkd.autoShortcut}
2026-09-14 13:52:51.470 E  PeachCommander[21265:11170] [com.apple.appintents:Connection] Unable to re-register with Process Instance Registry, error: Error Domain=NSCocoaErrorDomain Code=4097 "connection to service named com.apple.linkd.autoShortcut" UserInfo={NSDebugDescription=connection to service named com.apple.linkd.autoShortcut}
2026-09-14 13:52:51.472 A  PeachCommander[21265:11165] (CoreFoundation) Loading Preferences From System CFPrefsD
2026-09-14 13:52:51.473 Df PeachCommander[21265:11165] (libMobileGestalt.dylib) couldn't load support library
2026-09-14 13:52:51.473 Df PeachCommander[21265:11165] (libMobileGestalt.dylib) called dummy function!
2026-09-14 13:52:51.473 I  PeachCommander[21265:11165] [com.apple.GenerativeModels:availability] Current availability state: unavailable, use cases: com.apple.WritingTools, language: <any>, api: <private>
2026-09-14 13:52:51.473 Df PeachCommander[21265:11165] [com.apple.GenerativeModels:availability] registering darwin observer for name: com.apple.gms.availability.notification
2026-09-14 13:52:51.473 Df PeachCommander[21265:11165] [com.apple.GenerativeModels:availability] registering darwin observer for name: com.apple.os-eligibility-domain.change.greymatter
2026-09-14 13:52:51.473 Df PeachCommander[21265:11165] [com.apple.GenerativeModels:availability] registering darwin observer for name: com.apple.language.changed
2026-09-14 13:52:51.473 Df PeachCommander[21265:11165] [com.apple.WritingTools:Default] isAvailable value changed: isMDMAllowed = true, gmAvailable (current) = false
2026-09-14 13:52:51.475 I  PeachCommander[21265:11165] [com.apple.CoreAnalytics:client] Dropping "com.apple.appkit.app_config" as it isn't used in any transform (not in the config or budgeted?)
2026-09-14 13:52:51.478 Df PeachCommander[21265:11165] [com.apple.AppKit:Appearance] NSApp cache appearance:
-NSRequiresAquaSystemAppearance: 0
-appearance: (null)
-effectiveAppearance: <NSCompositeAppearance: 0x754c8c780
 (
    "<NSAquaAppearance: 0x754c8c5a0>",
    "<NSSystemAppearance: 0x754c8c6e0>"
)>
2026-09-14 13:52:51.480 A  PeachCommander[21265:11165] (CoreFoundation) Loading Preferences From User CFPrefsD
2026-09-14 13:52:51.480 A  PeachCommander[21265:11165] (CoreFoundation) Loading Preferences From User CFPrefsD
2026-09-14 13:52:51.484 A  PeachCommander[21265:11170] (libsystem_info.dylib) Membership API: translate identifier
2026-09-14 13:52:51.486 I  PeachCommander[21265:11165] [com.apple.CoreAnalytics:client] Dropping "com.apple.appkit.app_config" as it isn't used in any transform (not in the config or budgeted?)
2026-09-14 13:52:51.486 I  PeachCommander[21265:11165] [com.apple.CoreAnalytics:client] Dropping "com.apple.appkit.app_config" as it isn't used in any transform (not in the config or budgeted?)
2026-09-14 13:52:51.487 Df PeachCommander[21265:1116f] [com.apple.xpc:connection] [0x754ca1a40] activating connection: mach=true listener=false peer=false name=com.apple.dock.fullscreen
2026-09-14 13:52:51.488 Df PeachCommander[21265:11165] [com.apple.xpc:connection] [0x754ca1b80] activating connection: mach=true listener=false peer=false name=com.apple.fonts
2026-09-14 13:52:51.490 I  PeachCommander[21265:11165] [com.apple.launchservices:cas] information in shared memory for 0x0-0x10a10a with seed 533 was still valid, so using cached info { "ApplicationType"="Foreground", "BuildMachineOSBuild"="25E246", "BundleIdentifierLowerCase"="com.peachcommander.app", "CFBundleDevelopmentRegion"="en", "CFBundleDocumentTypes"=( { "CFBundleTypeName"="Peach Commander Plugin Package", "CFBundleTypeRole"="Viewer", "LSHandlerRank"="Owner", "LSItemContentTypes"=( "com.peachcommander.plugin-package") }), "CFBundleExecutable"="PeachCommander", "CFBundleExecutablePath"="/Users/admin/pc-test/PeachCommander.app/Contents/MacOS/PeachCommander", "CFBundleExecutablePathDeviceID"=16777227, "CFBundleExecutablePathINode"=488284, "CFBundleHelpBookFolder"="PeachCommander.help", "CFBundleHelpBookName"="Peach Commander Help", "CFBundleIconFile"="AppIcon", "CFBundleIconName"="AppIcon", "CFBundleIdentifier"="com.peachcommander.app", "CFBundleInfoDictionaryVersion"="6.0", "CFBundleName"="PeachCommander", "CFBundleNameLowerCase"="peachcommander", "CFBundleNumericVersion"=402685952, "CFBundlePackageType"="APPL", "CFBundleShortVersionString"="0.9.0", "CFBun<…>
2026-09-14 13:52:51.491 I  PeachCommander[21265:11165] [com.apple.CoreAnalytics:client] Dropping "com.apple.appkit.app_config" as it isn't used in any transform (not in the config or budgeted?)
2026-09-14 13:52:51.491 Df PeachCommander[21265:11165] [com.apple.AppKit:AutomaticTermination] -[NSApplication(NSAppssassination) _checkForAutomaticTerminationSupportPossiblyEnablingIt]_block_invoke Enabling automatic termination support.
2026-09-14 13:52:51.491 Df PeachCommander[21265:11165] [com.apple.xpc:connection] [0x754ca0dc0] activating connection: mach=true listener=false peer=false name=com.apple.appkit.restoration_storage
2026-09-14 13:52:51.491 I  PeachCommander[21265:11165] [com.apple.launchservices:cas] information in shared memory for 0x0-0x10a10a with seed 533 was still valid, so using cached info { "ApplicationType"="Foreground", "BuildMachineOSBuild"="25E246", "BundleIdentifierLowerCase"="com.peachcommander.app", "CFBundleDevelopmentRegion"="en", "CFBundleDocumentTypes"=( { "CFBundleTypeName"="Peach Commander Plugin Package", "CFBundleTypeRole"="Viewer", "LSHandlerRank"="Owner", "LSItemContentTypes"=( "com.peachcommander.plugin-package") }), "CFBundleExecutable"="PeachCommander", "CFBundleExecutablePath"="/Users/admin/pc-test/PeachCommander.app/Contents/MacOS/PeachCommander", "CFBundleExecutablePathDeviceID"=16777227, "CFBundleExecutablePathINode"=488284, "CFBundleHelpBookFolder"="PeachCommander.help", "CFBundleHelpBookName"="Peach Commander Help", "CFBundleIconFile"="AppIcon", "CFBundleIconName"="AppIcon", "CFBundleIdentifier"="com.peachcommander.app", "CFBundleInfoDictionaryVersion"="6.0", "CFBundleName"="PeachCommander", "CFBundleNameLowerCase"="peachcommander", "CFBundleNumericVersion"=402685952, "CFBundlePackageType"="APPL", "CFBundleShortVersionString"="0.9.0", "CFBun<…>
2026-09-14 13:52:51.491 Df PeachCommander[21265:11165] [com.apple.xpc:connection] [0x754ca0f00] activating connection: mach=true listener=false peer=false name=com.apple.coreservices.appleevents
2026-09-14 13:52:51.491 I  PeachCommander[21265:11165] [com.apple.appleevents:main] _AEGetRegisteredMachPort() created default port (port:45827/0xb303 rcv:1 send:1 limit:5) and registered it with server
2026-09-14 13:52:51.491 Df PeachCommander[21265:11165] [com.apple.xpc:connection] [0x754ca0280] Connection returned listener port: 0x5403
2026-09-14 13:52:51.491 I  PeachCommander[21265:11165] [com.apple.launchservices:cas] information in shared memory for 0x0-0x10a10a with seed 533 was still valid, so using cached info { "ApplicationType"="Foreground", "BuildMachineOSBuild"="25E246", "BundleIdentifierLowerCase"="com.peachcommander.app", "CFBundleDevelopmentRegion"="en", "CFBundleDocumentTypes"=( { "CFBundleTypeName"="Peach Commander Plugin Package", "CFBundleTypeRole"="Viewer", "LSHandlerRank"="Owner", "LSItemContentTypes"=( "com.peachcommander.plugin-package") }), "CFBundleExecutable"="PeachCommander", "CFBundleExecutablePath"="/Users/admin/pc-test/PeachCommander.app/Contents/MacOS/PeachCommander", "CFBundleExecutablePathDeviceID"=16777227, "CFBundleExecutablePathINode"=488284, "CFBundleHelpBookFolder"="PeachCommander.help", "CFBundleHelpBookName"="Peach Commander Help", "CFBundleIconFile"="AppIcon", "CFBundleIconName"="AppIcon", "CFBundleIdentifier"="com.peachcommander.app", "CFBundleInfoDictionaryVersion"="6.0", "CFBundleName"="PeachCommander", "CFBundleNameLowerCase"="peachcommander", "CFBundleNumericVersion"=402685952, "CFBundlePackageType"="APPL", "CFBundleShortVersionString"="0.9.0", "CFBun<…>
2026-09-14 13:52:51.491 Df PeachCommander[21265:11165] [com.apple.processmanager:front-35286506] SignalReady: pid=21265 asn=0x0-0x10a10a
2026-09-14 13:52:51.492 Df PeachCommander[21265:11165] [com.apple.processmanager:front-35286506] SIGNAL: pid=21265 asn=0x0x-0x10a10a
2026-09-14 13:52:51.492 I  PeachCommander[21265:11165] [com.apple.appleevents:main] aeGenerateFakeFirstOAPPEventIfNecessary()
2026-09-14 13:52:51.492 I  PeachCommander[21265:11165] [com.apple.appleevents:main] aeGenerateFakeFirstOAPPEventIfNecessary(), needToCreateFakeOAPPEventIfFirstEvent == true
2026-09-14 13:52:51.492 I  PeachCommander[21265:11165] [com.apple.launchservices:cas] Removing cached information for app [ 0x0-0x10a10a]  "PeachCommander", as its seed is different from that in shared memory ( 533 vs 535)
2026-09-14 13:52:51.492 I  PeachCommander[21265:11165] [com.apple.CFPasteboard:entry] CopyData('DefaultAsciiKeyboardLayoutPasteboard' (<CFUUID 0x754d5c9c0> 3DBB0EC5-61DC-48E6-9DA9-2B90735E68B2) gen: -1 item: 1264739405 flavor: 'DefaultAsciiKeyboardLayoutFlavor')
2026-09-14 13:52:51.492 I  PeachCommander[21265:11165] [com.apple.CFPasteboard:cache] Rebuilding cache for 'DefaultAsciiKeyboardLayoutPasteboard' (<CFUUID 0x754d5c9c0> 3DBB0EC5-61DC-48E6-9DA9-2B90735E68B2)
2026-09-14 13:52:51.492 I  PeachCommander[21265:11165] [com.apple.CFPasteboard:exit] (not-in-cache) - result: -8 generation: 0 null data flags: 0
2026-09-14 13:52:51.493 A  PeachCommander[21265:11165] (CoreFoundation) Loading Preferences From User CFPrefsD
2026-09-14 13:52:51.493 A  PeachCommander[21265:11165] (CoreFoundation) Loading Preferences From System CFPrefsD
2026-09-14 13:52:51.493 I  PeachCommander[21265:11165] [com.apple.CFPasteboard:entry] CopyData('AppleIntlFileCacheModificationDatePasteboard' (<CFUUID 0x754d5cc40> F3028ABB-BC32-47D1-B943-9476AFDA2350) gen: -1 item: 1 flavor: '-32766 1768845414')
2026-09-14 13:52:51.493 I  PeachCommander[21265:11165] [com.apple.CFPasteboard:cache] Rebuilding cache for 'AppleIntlFileCacheModificationDatePasteboard' (<CFUUID 0x754d5cc40> F3028ABB-BC32-47D1-B943-9476AFDA2350)
2026-09-14 13:52:51.493 I  PeachCommander[21265:11165] [com.apple.CFPasteboard:general] Will request data from daemon
2026-09-14 13:52:51.493 I  PeachCommander[21265:11165] [com.apple.CFPasteboard:exit] (not-in-cache) - result: 0 generation: 7 data (310 bytes) flags: 0
2026-09-14 13:52:51.493 I  PeachCommander[21265:11165] [com.apple.CFPasteboard:entry] CopyData('AppleIntlFileCacheModificationDatePasteboard' (<CFUUID 0x754d5cc40> F3028ABB-BC32-47D1-B943-9476AFDA2350) gen: -1 item: 1 flavor: '-32765 1802264953')
2026-09-14 13:52:51.493 I  PeachCommander[21265:11165] [com.apple.CFPasteboard:general] Will request data from daemon
2026-09-14 13:52:51.493 I  PeachCommander[21265:11165] [com.apple.CFPasteboard:exit] (not-in-cache) - result: 0 generation: 7 data (306 bytes) flags: 0
2026-09-14 13:52:51.493 I  PeachCommander[21265:11165] [com.apple.CFPasteboard:entry] CopyData('AppleIntlFileCacheModificationDatePasteboard' (<CFUUID 0x754d5cc40> F3028ABB-BC32-47D1-B943-9476AFDA2350) gen: -1 item: 1 flavor: '-32764 1802264953')
2026-09-14 13:52:51.494 I  PeachCommander[21265:11165] [com.apple.CFPasteboard:general] Will request data from daemon
2026-09-14 13:52:51.494 I  PeachCommander[21265:11165] [com.apple.CFPasteboard:exit] (not-in-cache) - result: 0 generation: 7 data (281 bytes) flags: 0
2026-09-14 13:52:51.494 I  PeachCommander[21265:11165] [com.apple.CFPasteboard:entry] CopyData('AppleIntlFileCacheModificationDatePasteboard' (<CFUUID 0x754d5cc40> F3028ABB-BC32-47D1-B943-9476AFDA2350) gen: -1 item: 1 flavor: '-32763 1802264953')
2026-09-14 13:52:51.494 I  PeachCommander[21265:11165] [com.apple.CFPasteboard:general] Will request data from daemon
2026-09-14 13:52:51.494 I  PeachCommander[21265:11165] [com.apple.CFPasteboard:exit] (not-in-cache) - result: 0 generation: 7 data (318 bytes) flags: 0
2026-09-14 13:52:51.494 I  PeachCommander[21265:11165] [com.apple.CFPasteboard:entry] CopyData('AppleIntlFileCacheModificationDatePasteboard' (<CFUUID 0x754d5cc40> F3028ABB-BC32-47D1-B943-9476AFDA2350) gen: -1 item: 1 flavor: '-32765 1768845414')
2026-09-14 13:52:51.494 I  PeachCommander[21265:11165] [com.apple.CFPasteboard:general] Will request data from daemon
2026-09-14 13:52:51.494 I  PeachCommander[21265:11165] [com.apple.CFPasteboard:exit] (not-in-cache) - result: 0 generation: 7 data (303 bytes) flags: 0
2026-09-14 13:52:51.494 I  PeachCommander[21265:11165] [com.apple.CFPasteboard:entry] CopyData('AppleIntlFileCacheModificationDatePasteboard' (<CFUUID 0x754d5cc40> F3028ABB-BC32-47D1-B943-9476AFDA2350) gen: -1 item: 1 flavor: '-32763 1768845414')
2026-09-14 13:52:51.494 I  PeachCommander[21265:11165] [com.apple.CFPasteboard:general] Will request data from daemon
2026-09-14 13:52:51.494 I  PeachCommander[21265:11165] [com.apple.CFPasteboard:exit] (not-in-cache) - result: 0 generation: 7 data (315 bytes) flags: 0
2026-09-14 13:52:51.495 I  PeachCommander[21265:11165] [com.apple.launchservices:cas] information in shared memory for 0x0-0x10a10a with seed 535 was still valid, so using cached info { "ApplicationType"="Foreground", "BuildMachineOSBuild"="25E246", "BundleIdentifierLowerCase"="com.peachcommander.app", "CFBundleDevelopmentRegion"="en", "CFBundleDocumentTypes"=( { "CFBundleTypeName"="Peach Commander Plugin Package", "CFBundleTypeRole"="Viewer", "LSHandlerRank"="Owner", "LSItemContentTypes"=( "com.peachcommander.plugin-package") }), "CFBundleExecutable"="PeachCommander", "CFBundleExecutablePath"="/Users/admin/pc-test/PeachCommander.app/Contents/MacOS/PeachCommander", "CFBundleExecutablePathDeviceID"=16777227, "CFBundleExecutablePathINode"=488284, "CFBundleHelpBookFolder"="PeachCommander.help", "CFBundleHelpBookName"="Peach Commander Help", "CFBundleIconFile"="AppIcon", "CFBundleIconName"="AppIcon", "CFBundleIdentifier"="com.peachcommander.app", "CFBundleInfoDictionaryVersion"="6.0", "CFBundleName"="PeachCommander", "CFBundleNameLowerCase"="peachcommander", "CFBundleNumericVersion"=402685952, "CFBundlePackageType"="APPL", "CFBundleShortVersionString"="0.9.0", "CFBun<…>
2026-09-14 13:52:51.495 Df PeachCommander[21265:11165] [com.apple.xpc:connection] [0x754ca1e00] activating connection: mach=false listener=false peer=false name=com.apple.ViewBridgeAuxiliary
2026-09-14 13:52:51.503 Df PeachCommander[21265:11165] [com.apple.xpc:connection] [0x754ca1cc0] activating connection: mach=false listener=false peer=false name=(anonymous)
2026-09-14 13:52:51.503 Df PeachCommander[21265:11165] [com.apple.xpc:connection] [0x754ca1f40] activating connection: mach=false listener=true peer=false name=(anonymous)
2026-09-14 13:52:51.503 Df PeachCommander[21265:11165] [com.apple.xpc:connection] [0x754ca1f40] Connection returned listener port: 0xf503
2026-09-14 13:52:51.503 Df PeachCommander[21265:11165] [com.apple.xpc:connection] [0x754ca1e00] invalidated after the last release of the connection object
2026-09-14 13:52:51.504 I  PeachCommander[21265:11165] [com.apple.showhide:pr-59900543] SHOWHIDE: SHOW id=460 0x0-0x10A10A, err=0 eventTime=1425164095375 windowID=0
2026-09-14 13:52:51.504 I  PeachCommander[21265:11165] [com.apple.CarbonCore:coreservicesdaemon] findOrCreateCacheable():findOrCreateCacheable(), factoryName=3 cacheableName=<private> fCacheables.size()=0
2026-09-14 13:52:51.504 I  PeachCommander[21265:11165] [com.apple.CarbonCore:coreservicesdaemon] findOrCreateCacheable():findOrCreateCacheable(), result = 0x755148c40 (should be non-NULL)
2026-09-14 13:52:51.504 Df PeachCommander[21265:11165] [com.apple.AppKit:AutomaticTermination] void _NSDisableAutomaticTerminationAndLog(NSString *) Restoring windows
2026-09-14 13:52:51.504 Df PeachCommander[21265:11165] [com.apple.AppKit:StateRestoration] -[NSApplication _reopenWindowsAsNecessaryIncludingRestorableState:withFullFidelity:completionHandler:] shouldRestoreState=1 hasPersistentStateToRestore=0 shouldStillRestoreStateAfterPrompting=0
2026-09-14 13:52:51.504 Df PeachCommander[21265:11165] [com.apple.xpc:connection] [0x754ca1e00] activating connection: mach=true listener=false peer=false name=com.apple.window_proxies
2026-09-14 13:52:51.504 Df PeachCommander[21265:11165] [com.apple.xpc:connection] [0x754ca1e00] invalidated because the current process cancelled the connection by calling xpc_connection_cancel()
2026-09-14 13:52:51.504 I  PeachCommander[21265:11165] [com.apple.SkyLight:processes] 0[outside of RPC]: SLSSetFrontProcessWithInfo(0x0-0x2 window=0 options=0x1
2026-09-14 13:52:51.504 I  PeachCommander[21265:11165] [com.apple.CoreAnalytics:client] Dropping "com.apple.appkit.app_config" as it isn't used in any transform (not in the config or budgeted?)
2026-09-14 13:52:51.504 Df PeachCommander[21265:11165] [com.apple.AppKit:AutomaticTermination] void _NSEnableAutomaticTerminationAndLog(NSString *) Restoring windows
2026-09-14 13:52:51.507 I  PeachCommander[21265:11165] [com.apple.CoreAnalytics:client] Dropping "com.apple.appkit.app_config" as it isn't used in any transform (not in the config or budgeted?)
2026-09-14 13:52:51.507 I  PeachCommander[21265:11165] [com.apple.CoreAnalytics:client] Dropping "com.apple.appkit.app_config" as it isn't used in any transform (not in the config or budgeted?)
2026-09-14 13:52:51.517 A  PeachCommander[21265:11165] (CoreFoundation) Loading Preferences From User CFPrefsD
2026-09-14 13:52:51.522 I  PeachCommander[21265:11165] [com.peachcommander:PCFoundation] VolumeManager initialized
2026-09-14 13:52:51.537 A  PeachCommander[21265:11170] (RunningBoardServices) didChangeInheritances
2026-09-14 13:52:51.538 Df PeachCommander[21265:11165] [com.apple.BoardServices:XPCErrors] [C:1] Alloc <private>
2026-09-14 13:52:51.538 Df PeachCommander[21265:11165] [com.apple.xpc:connection] [0x754ff5180] activating connection: mach=false listener=false peer=false name=(anonymous)
2026-09-14 13:52:51.539 I  PeachCommander[21265:11165] [com.apple.AppKit:Window] context (0 -> 10a17bee) for window 44e
2026-09-14 13:52:51.540 Df PeachCommander[21265:11170] [com.apple.corespotlight:index] (<private>) deleteSearchableItemsWithDomainIdentifiers, protectionClass:(null), domainIdentifiers number:1
2026-09-14 13:52:51.540 A  PeachCommander[21265:11170] (CoreSpotlight) delete-domains
2026-09-14 13:52:51.540 Df PeachCommander[21265:1116e] [com.apple.corespotlight:index] CSInlineDonation:<private>: Skipping donation (feature flag disabled)
2026-09-14 13:52:51.540 Df PeachCommander[21265:1116e] (CoreSpotlight) sConnectionName: com.apple.spotlight.IndexAgent
2026-09-14 13:52:51.540 Df PeachCommander[21265:1116e] (CoreSpotlight) Start service name com.apple.spotlight.IndexAgent
2026-09-14 13:52:51.540 Df PeachCommander[21265:1116e] [com.apple.xpc:connection] [0x754ff5400] activating connection: mach=true listener=false peer=false name=com.apple.spotlight.IndexAgent
2026-09-14 13:52:51.540 I  PeachCommander[21265:11165] [com.peachcommander:PCFoundation] MainWindowController initialized (config: <private>)
2026-09-14 13:52:51.540 I  PeachCommander[21265:11165] [com.peachcommander:PCFoundation] SelectionState initialized
2026-09-14 13:52:51.540 I  PeachCommander[21265:11165] [com.peachcommander:PCFoundation] DirectoryModel initialized
2026-09-14 13:52:51.540 I  PeachCommander[21265:11165] [com.peachcommander:PCFoundation] VolumeManager initialized
2026-09-14 13:52:51.540 I  PeachCommander[21265:11165] [com.peachcommander:PCFoundation] PanelController initialized for <private> panel
2026-09-14 13:52:51.541 I  PeachCommander[21265:11165] [com.peachcommander:PCFoundation] SelectionState initialized
2026-09-14 13:52:51.541 I  PeachCommander[21265:11165] [com.peachcommander:PCFoundation] DirectoryModel initialized
2026-09-14 13:52:51.541 I  PeachCommander[21265:11165] [com.peachcommander:PCFoundation] VolumeManager initialized
2026-09-14 13:52:51.541 I  PeachCommander[21265:11165] [com.peachcommander:PCFoundation] PanelController initialized for <private> panel
2026-09-14 13:52:51.544 I  PeachCommander[21265:11165] [com.apple.AppKit:Animation] Running new animation: <private>
2026-09-14 13:52:51.544 I  PeachCommander[21265:11165] [com.apple.AppKit:Animation] Running new animation: <private>
2026-09-14 13:52:51.544 I  PeachCommander[21265:11165] [com.apple.AppKit:Animation] Running new animation: <private>
2026-09-14 13:52:51.544 I  PeachCommander[21265:11165] [com.apple.AppKit:Animation] Running new animation: <private>
2026-09-14 13:52:51.544 I  PeachCommander[21265:11165] [com.apple.AppKit:Animation] Running new animation: <private>
2026-09-14 13:52:51.546 I  PeachCommander[21265:11165] [com.apple.AppKit:Animation] Running new animation: <private>
2026-09-14 13:52:51.546 I  PeachCommander[21265:11165] [com.apple.AppKit:Animation] Running new animation: <private>
2026-09-14 13:52:51.546 I  PeachCommander[21265:11165] [com.apple.AppKit:Animation] Running new animation: <private>
2026-09-14 13:52:51.546 I  PeachCommander[21265:11165] [com.apple.AppKit:Animation] Running new animation: <private>
2026-09-14 13:52:51.546 I  PeachCommander[21265:11165] [com.apple.AppKit:Animation] Running new animation: <private>
2026-09-14 13:52:51.552 I  PeachCommander[21265:11165] [com.apple.CoreAnalytics:client] Dropping "com.apple.appkit.app_config" as it isn't used in any transform (not in the config or budgeted?)
2026-09-14 13:52:51.554 I  PeachCommander[21265:11165] [com.apple.CoreAnalytics:client] Dropping "com.apple.appkit.app_config" as it isn't used in any transform (not in the config or budgeted?)
2026-09-14 13:52:51.557 I  PeachCommander[21265:11165] [com.apple.launchservices:datasep] application record search init. Node: <FSNode 0x755956be0> { isDir = ?, path = <private> } bundleID: (null) itemID: 0
2026-09-14 13:52:51.558 I  PeachCommander[21265:11165] [com.apple.GenerativeModels:availability] Current availability state: unavailable, use cases: com.apple.Settings.AppleIntelligence,com.apple.Siri.NLRouter, language: en, api: <private>
2026-09-14 13:52:51.558 Df PeachCommander[21265:11165] [com.apple.GenerativeModels:availability] isOkayToHaveAsset: False
2026-09-14 13:52:51.558 E  PeachCommander[21265:11165] [com.apple.siri:Utility] AFIsDeviceGreymatterEligible Missing entitlements for os_eligibility lookup
2026-09-14 13:52:51.558 I  PeachCommander[21265:11165] [com.apple.GenerativeModels:availability] Current availability state: unavailable, use cases: com.apple.Settings.AppleIntelligence, language: en, api: <private>
2026-09-14 13:52:51.558 Df PeachCommander[21265:11165] [com.apple.GenerativeModels:availability] isOkayToHaveAsset: False
2026-09-14 13:52:51.558 Df PeachCommander[21265:11165] [com.apple.siri:Utility] -[AFSystemAssistantExperienceStatusManager fetchGenerativeModelsAvailability] #SAEStatus #cacheUpdate Updating cache:
deviceSupportsSAE: 0 (0)
       saeEnabled: 0 (0)
     saeAvailable: 0 (0)
      swaiEnabled: 0 (0)
        viEnabled: 0 (0)
        siriAvailability:
        <private>
        ((null))
2026-09-14 13:52:51.558 Df PeachCommander[21265:11165] [com.apple.xpc:connection] [0x754ac8140] activating connection: mach=true listener=false peer=false name=com.apple.iconservices
2026-09-14 13:52:51.559 Df PeachCommander[21265:11165] [com.apple.xpc:connection] [0x754ac8280] activating connection: mach=true listener=false peer=false name=com.apple.iconservices.store
2026-09-14 13:52:51.563 I  PeachCommander[21265:11165] [com.peachcommander:Theme] no user themes in /Users/admin/pc-cfg/themes
2026-09-14 13:52:51.563 Df PeachCommander[21265:11165] [com.apple.AppKit:Appearance] Invalidate NSApp effectiveAppearance
2026-09-14 13:52:51.564 Df PeachCommander[21265:11165] [com.apple.AppKit:Appearance] NSApp cache appearance:
-NSRequiresAquaSystemAppearance: 0
-appearance: <NSCompositeAppearance: 0x754c8d9a0
 (
    "<NSDarkAquaAppearance: 0x754c8da40>",
    "<NSSystemAppearance: 0x754c8c6e0>"
)>
-effectiveAppearance: <NSCompositeAppearance: 0x754c8d9a0
 (
    "<NSDarkAquaAppearance: 0x754c8da40>",
    "<NSSystemAppearance: 0x754c8c6e0>"
)>
2026-09-14 13:52:51.566 I  PeachCommander[21265:11165] [com.peachcommander:PCFoundation] Theme applied: id=norton, appearance=dark, dark=true, background=#0000AA
2026-09-14 13:52:51.591 I  PeachCommander[21265:11165] [com.apple.iconservices:foundation] layer data size zero
2026-09-14 13:52:51.591 I  PeachCommander[21265:11165] [com.apple.CoreAnalytics:client] Dropping "com.apple.appkit.app_config" as it isn't used in any transform (not in the config or budgeted?)
2026-09-14 13:52:51.594 I  PeachCommander[21265:11165] [com.peachcommander:PCFoundation] Keymap loaded: scheme=<private>, 82 effective bindings
2026-09-14 13:52:51.595 I  PeachCommander[21265:11165] [com.apple.AppKit:Animation] Running new animation: <private>
2026-09-14 13:52:51.595 I  PeachCommander[21265:11165] [com.apple.AppKit:Animation] Running new animation: <private>
2026-09-14 13:52:51.595 I  PeachCommander[21265:11165] [com.apple.AppKit:Animation] Running new animation: <private>
2026-09-14 13:52:51.595 I  PeachCommander[21265:11165] [com.apple.AppKit:Animation] Running new animation: <private>
2026-09-14 13:52:51.595 I  PeachCommander[21265:11165] [com.apple.AppKit:Animation] Running new animation: <private>
2026-09-14 13:52:51.595 I  PeachCommander[21265:11165] [com.apple.AppKit:Animation] Running new animation: <private>
2026-09-14 13:52:51.595 I  PeachCommander[21265:11165] [com.apple.AppKit:Animation] Running new animation: <private>
2026-09-14 13:52:51.595 I  PeachCommander[21265:11165] [com.apple.AppKit:Animation] Running new animation: <private>
2026-09-14 13:52:51.595 I  PeachCommander[21265:11165] [com.apple.AppKit:Animation] Running new animation: <private>
2026-09-14 13:52:51.595 I  PeachCommander[21265:11165] [com.apple.AppKit:Animation] Running new animation: <private>
2026-09-14 13:52:51.599 I  PeachCommander[21265:11165] [com.apple.CoreAnalytics:client] Dropping "<private>" as it isn't used in any transform (not in the config or budgeted?)
2026-09-14 13:52:51.600 I  PeachCommander[21265:11165] [com.apple.CoreAnalytics:client] Dropping "<private>" as it isn't used in any transform (not in the config or budgeted?)
2026-09-14 13:52:51.600 I  PeachCommander[21265:11165] [com.apple.CoreAnalytics:client] Dropping "<private>" as it isn't used in any transform (not in the config or budgeted?)
2026-09-14 13:52:51.600 I  PeachCommander[21265:11165] [com.peachcommander:PCFoundation] MainWindowController window loaded
2026-09-14 13:52:51.600 I  PeachCommander[21265:11165] [com.apple.launchservices:cas] information in shared memory for 0x0-0x10a10a with seed 535 was still valid, so using cached info { "ApplicationType"="Foreground", "BuildMachineOSBuild"="25E246", "BundleIdentifierLowerCase"="com.peachcommander.app", "CFBundleDevelopmentRegion"="en", "CFBundleDocumentTypes"=( { "CFBundleTypeName"="Peach Commander Plugin Package", "CFBundleTypeRole"="Viewer", "LSHandlerRank"="Owner", "LSItemContentTypes"=( "com.peachcommander.plugin-package") }), "CFBundleExecutable"="PeachCommander", "CFBundleExecutablePath"="/Users/admin/pc-test/PeachCommander.app/Contents/MacOS/PeachCommander", "CFBundleExecutablePathDeviceID"=16777227, "CFBundleExecutablePathINode"=488284, "CFBundleHelpBookFolder"="PeachCommander.help", "CFBundleHelpBookName"="Peach Commander Help", "CFBundleIconFile"="AppIcon", "CFBundleIconName"="AppIcon", "CFBundleIdentifier"="com.peachcommander.app", "CFBundleInfoDictionaryVersion"="6.0", "CFBundleName"="PeachCommander", "CFBundleNameLowerCase"="peachcommander", "CFBundleNumericVersion"=402685952, "CFBundlePackageType"="APPL", "CFBundleShortVersionString"="0.9.0", "CFBun<…>
2026-09-14 13:52:51.601 I  PeachCommander[21265:11165] [com.apple.launchservices:cas] information in shared memory for 0x0-0x10a10a with seed 535 was still valid, so using cached info { "ApplicationType"="Foreground", "BuildMachineOSBuild"="25E246", "BundleIdentifierLowerCase"="com.peachcommander.app", "CFBundleDevelopmentRegion"="en", "CFBundleDocumentTypes"=( { "CFBundleTypeName"="Peach Commander Plugin Package", "CFBundleTypeRole"="Viewer", "LSHandlerRank"="Owner", "LSItemContentTypes"=( "com.peachcommander.plugin-package") }), "CFBundleExecutable"="PeachCommander", "CFBundleExecutablePath"="/Users/admin/pc-test/PeachCommander.app/Contents/MacOS/PeachCommander", "CFBundleExecutablePathDeviceID"=16777227, "CFBundleExecutablePathINode"=488284, "CFBundleHelpBookFolder"="PeachCommander.help", "CFBundleHelpBookName"="Peach Commander Help", "CFBundleIconFile"="AppIcon", "CFBundleIconName"="AppIcon", "CFBundleIdentifier"="com.peachcommander.app", "CFBundleInfoDictionaryVersion"="6.0", "CFBundleName"="PeachCommander", "CFBundleNameLowerCase"="peachcommander", "CFBundleNumericVersion"=402685952, "CFBundlePackageType"="APPL", "CFBundleShortVersionString"="0.9.0", "CFBun<…>
2026-09-14 13:52:51.609 I  PeachCommander[21265:11165] [com.apple.AppKit:Window] order window front conditionally: 44e related: 0
2026-09-14 13:52:51.609 Df PeachCommander[21265:11165] [com.apple.AppKit:AutomaticTermination] void _NSEnableAutomaticTerminationAndLog(NSString *) No windows open yet
2026-09-14 13:52:51.609 I  PeachCommander[21265:11165] [com.apple.AppKit:Intelligence] starting collection observation
2026-09-14 13:52:51.609 Df PeachCommander[21265:1116e] [com.apple.UIIntelligenceSupport:xpc] establishing connection to agent
2026-09-14 13:52:51.609 Df PeachCommander[21265:1116e] [com.apple.xpc:session] [0x75447d5e0] Session created.
2026-09-14 13:52:51.609 Df PeachCommander[21265:1116e] [com.apple.xpc:session] [0x75447d5e0] Session created from connection [0x754aca440]
2026-09-14 13:52:51.609 Df PeachCommander[21265:1116e] [com.apple.xpc:connection] [0x754aca440] activating connection: mach=true listener=false peer=false name=com.apple.uiintelligencesupport.agent
2026-09-14 13:52:51.609 Df PeachCommander[21265:1116e] [com.apple.xpc:session] [0x75447d5e0] Session activated
2026-09-14 13:52:51.609 I  PeachCommander[21265:11165] [com.apple.SkyLight:processes] 0[outside of RPC]: SLSSetFrontProcessWithInfo(0x0-0x2 window=0 options=0x1
2026-09-14 13:52:51.610 Df PeachCommander[21265:11170] [com.apple.UIIntelligenceSupport:xpc] Connection established with agent PID: 1213
2026-09-14 13:52:51.610 I  PeachCommander[21265:11165] [com.apple.launchservices:cas] information in shared memory for 0x0-0x10a10a with seed 535 was still valid, so using cached info { "ApplicationType"="Foreground", "BuildMachineOSBuild"="25E246", "BundleIdentifierLowerCase"="com.peachcommander.app", "CFBundleDevelopmentRegion"="en", "CFBundleDocumentTypes"=( { "CFBundleTypeName"="Peach Commander Plugin Package", "CFBundleTypeRole"="Viewer", "LSHandlerRank"="Owner", "LSItemContentTypes"=( "com.peachcommander.plugin-package") }), "CFBundleExecutable"="PeachCommander", "CFBundleExecutablePath"="/Users/admin/pc-test/PeachCommander.app/Contents/MacOS/PeachCommander", "CFBundleExecutablePathDeviceID"=16777227, "CFBundleExecutablePathINode"=488284, "CFBundleHelpBookFolder"="PeachCommander.help", "CFBundleHelpBookName"="Peach Commander Help", "CFBundleIconFile"="AppIcon", "CFBundleIconName"="AppIcon", "CFBundleIdentifier"="com.peachcommander.app", "CFBundleInfoDictionaryVersion"="6.0", "CFBundleName"="PeachCommander", "CFBundleNameLowerCase"="peachcommander", "CFBundleNumericVersion"=402685952, "CFBundlePackageType"="APPL", "CFBundleShortVersionString"="0.9.0", "CFBun<…>
2026-09-14 13:52:51.610 Df PeachCommander[21265:11165] [com.apple.xpc:connection] [0x754aca580] activating connection: mach=true listener=false peer=false name=com.apple.FileCoordination
2026-09-14 13:52:51.610 Df PeachCommander[21265:11170] [com.apple.foundation.filecoordination:presenter] Adding presenter 45446776-C6C5-4E79-8FB7-9338528C6C84 for URL: <private>
2026-09-14 13:52:51.610 I  PeachCommander[21265:11165] [com.apple.launchservices:cas] information in shared memory for 0x0-0x10a10a with seed 535 was still valid, so using cached info { "ApplicationType"="Foreground", "BuildMachineOSBuild"="25E246", "BundleIdentifierLowerCase"="com.peachcommander.app", "CFBundleDevelopmentRegion"="en", "CFBundleDocumentTypes"=( { "CFBundleTypeName"="Peach Commander Plugin Package", "CFBundleTypeRole"="Viewer", "LSHandlerRank"="Owner", "LSItemContentTypes"=( "com.peachcommander.plugin-package") }), "CFBundleExecutable"="PeachCommander", "CFBundleExecutablePath"="/Users/admin/pc-test/PeachCommander.app/Contents/MacOS/PeachCommander", "CFBundleExecutablePathDeviceID"=16777227, "CFBundleExecutablePathINode"=488284, "CFBundleHelpBookFolder"="PeachCommander.help", "CFBundleHelpBookName"="Peach Commander Help", "CFBundleIconFile"="AppIcon", "CFBundleIconName"="AppIcon", "CFBundleIdentifier"="com.peachcommander.app", "CFBundleInfoDictionaryVersion"="6.0", "CFBundleName"="PeachCommander", "CFBundleNameLowerCase"="peachcommander", "CFBundleNumericVersion"=402685952, "CFBundlePackageType"="APPL", "CFBundleShortVersionString"="0.9.0", "CFBun<…>
2026-09-14 13:52:51.614 I  PeachCommander[21265:11165] [com.apple.AppKit:Window] order all windows front 1425164095375
2026-09-14 13:52:51.614 I  PeachCommander[21265:11165] [com.apple.launchservices:cas] information in shared memory for 0x0-0x10a10a with seed 535 was still valid, so using cached info { "ApplicationType"="Foreground", "BuildMachineOSBuild"="25E246", "BundleIdentifierLowerCase"="com.peachcommander.app", "CFBundleDevelopmentRegion"="en", "CFBundleDocumentTypes"=( { "CFBundleTypeName"="Peach Commander Plugin Package", "CFBundleTypeRole"="Viewer", "LSHandlerRank"="Owner", "LSItemContentTypes"=( "com.peachcommander.plugin-package") }), "CFBundleExecutable"="PeachCommander", "CFBundleExecutablePath"="/Users/admin/pc-test/PeachCommander.app/Contents/MacOS/PeachCommander", "CFBundleExecutablePathDeviceID"=16777227, "CFBundleExecutablePathINode"=488284, "CFBundleHelpBookFolder"="PeachCommander.help", "CFBundleHelpBookName"="Peach Commander Help", "CFBundleIconFile"="AppIcon", "CFBundleIconName"="AppIcon", "CFBundleIdentifier"="com.peachcommander.app", "CFBundleInfoDictionaryVersion"="6.0", "CFBundleName"="PeachCommander", "CFBundleNameLowerCase"="peachcommander", "CFBundleNumericVersion"=402685952, "CFBundlePackageType"="APPL", "CFBundleShortVersionString"="0.9.0", "CFBun<…>
2026-09-14 13:52:51.614 I  PeachCommander[21265:11165] [com.apple.showhide:pr-59900543] SHOWHIDE: CONFIRM, id=460, err=0
2026-09-14 13:52:51.614 I  PeachCommander[21265:11165] [com.apple.AppKit:Window] context (0 -> ae7b94af) for window 44d
2026-09-14 13:52:51.614 I  PeachCommander[21265:11165] [com.apple.AppKit:Window] context (0 -> 75ac2f74) for window 44c
2026-09-14 13:52:51.614 I  PeachCommander[21265:11165] [com.apple.AppKit:Window] context (0 -> 4a4d5363) for window 44b
2026-09-14 13:52:51.614 I  PeachCommander[21265:11165] [com.apple.AppKit:Window] context (0 -> 62a8320c) for window 44a
2026-09-14 13:52:51.631 I  PeachCommander[21265:11165] [com.apple.iconservices:foundation] layer data size zero
2026-09-14 13:52:51.640 Df PeachCommander[21265:11165] [com.apple.AppKit:AutomaticTermination] void _updateToReflectAutomaticTerminationState(void) Setting _kLSApplicationWouldBeTerminatedByTALKey=0
2026-09-14 13:52:51.641 I  PeachCommander[21265:11165] [com.apple.runningboard:assertion] Acquiring assertion: <RBSAssertionDescriptor| "AppNap adapter assertion" ID:(null) target:21265>
2026-09-14 13:52:51.675 A  PeachCommander[21265:11169] (RunningBoardServices) didChangeInheritances
2026-09-14 13:52:51.701 Df PeachCommander[21265:11165] [com.apple.libsystem.libdispatch:] DEPRECATED USE in libdispatch client: dispatch source activated with no event handler set; set a breakpoint on _dispatch_bug_deprecated to debug
2026-09-14 13:52:51.796 I  PeachCommander[21265:11165] [com.apple.coreanimation:Utilities] IOSurface Compression Enabled: NO
2026-09-14 13:52:51.797 Df PeachCommander[21265:1116f] [com.apple.coreanimation:Metal] Precompiled pipelines disabled on unsupported hardware.
2026-09-14 13:52:51.809 I  PeachCommander[21265:11165] [com.apple.CarbonCore:gestalt] SetGestaltValuesBulk SetGestaltValuesBulk( count=22 tuples=0x184a9e650
2026-09-14 13:52:51.809 I  PeachCommander[21265:11165] [com.apple.CarbonCore:gestalt] SetGestaltValue SetGestaltValue(alis 1C9) => 0
2026-09-14 13:52:51.809 I  PeachCommander[21265:11165] [com.apple.CarbonCore:gestalt] SetGestaltValue SetGestaltValue(os   FE) => 0
2026-09-14 13:52:51.809 I  PeachCommander[21265:11165] [com.apple.CarbonCore:gestalt] SetGestaltValue SetGestaltValue(addr 7) => 0
2026-09-14 13:52:51.809 I  PeachCommander[21265:11165] [com.apple.CarbonCore:gestalt] SetGestaltValue SetGestaltValue(fs   3D332) => 0
2026-09-14 13:52:51.809 I  PeachCommander[21265:11165] [com.apple.CarbonCore:gestalt] SetGestaltValue SetGestaltValue(fold 11) => 0
2026-09-14 13:52:51.809 I  PeachCommander[21265:11165] [com.apple.CarbonCore:gestalt] SetGestaltValue SetGestaltValue(lram 7FFFF000) => 0
2026-09-14 13:52:51.809 I  PeachCommander[21265:11165] [com.apple.CarbonCore:gestalt] SetGestaltValue SetGestaltValue(mmap 1) => 0
2026-09-14 13:52:51.809 I  PeachCommander[21265:11165] [com.apple.CarbonCore:gestalt] SetGestaltValue SetGestaltValue(cfrg 1) => 0
2026-09-14 13:52:51.809 I  PeachCommander[21265:11165] [com.apple.CarbonCore:gestalt] SetGestaltValue SetGestaltValue(thds 7) => 0
2026-09-14 13:52:51.809 I  PeachCommander[21265:11165] [com.apple.CarbonCore:gestalt] SetGestaltValue SetGestaltValue(tmgr E) => 0
2026-09-14 13:52:51.809 I  PeachCommander[21265:11165] [com.apple.CarbonCore:gestalt] SetGestaltValue SetGestaltValue(vers 7) => 0
2026-09-14 13:52:51.809 I  PeachCommander[21265:11165] [com.apple.CarbonCore:gestalt] SetGestaltValue SetGestaltValue(cbon 160) => 0
2026-09-14 13:52:51.809 I  PeachCommander[21265:11165] [com.apple.CarbonCore:gestalt] SetGestaltValue SetGestaltValue(cltn 1108000) => 0
2026-09-14 13:52:51.809 I  PeachCommander[21265:11165] [com.apple.CarbonCore:gestalt] SetGestaltValue SetGestaltValue(cpnt 8) => 0
2026-09-14 13:52:51.809 I  PeachCommander[21265:11165] [com.apple.CarbonCore:gestalt] SetGestaltValue SetGestaltValue(rsrc 3) => 0
2026-09-14 13:52:51.809 I  PeachCommander[21265:11165] [com.apple.CarbonCore:gestalt] SetGestaltValue SetGestaltValue(rmbg 11F) => 0
2026-09-14 13:52:51.809 I  PeachCommander[21265:11165] [com.apple.CarbonCore:gestalt] SetGestaltValue SetGestaltValue(vm   11) => 0
2026-09-14 13:52:51.809 I  PeachCommander[21265:11165] [com.apple.CarbonCore:gestalt] SetGestaltValue SetGestaltValue(srad 4170706C) => 0
2026-09-14 13:52:51.809 I  PeachCommander[21265:11165] [com.apple.CarbonCore:gestalt] SetGestaltValue SetGestaltValue(sysa 14) => 0
2026-09-14 13:52:51.809 I  PeachCommander[21265:11165] [com.apple.CarbonCore:gestalt] SetGestaltValue SetGestaltValue(copl 9) => 0
2026-09-14 13:52:51.809 I  PeachCommander[21265:11165] [com.apple.CarbonCore:gestalt] SetGestaltValue SetGestaltValue(xlat 0) => 0
2026-09-14 13:52:51.809 I  PeachCommander[21265:11165] [com.apple.CarbonCore:gestalt] SetGestaltValue SetGestaltValue(stdf 0) => 0
2026-09-14 13:52:51.809 I  PeachCommander[21265:11165] [com.apple.CarbonCore:gestalt] _NewGestalt _NewGestalt(ram  0x184a17644) => 0
2026-09-14 13:52:51.809 I  PeachCommander[21265:11165] [com.apple.CarbonCore:gestalt] _NewGestalt _NewGestalt(ramm 0x184a17644) => 0
2026-09-14 13:52:51.809 I  PeachCommander[21265:11165] [com.apple.CarbonCore:gestalt] _NewGestalt _NewGestalt(cput 0x184a17734) => 0
2026-09-14 13:52:51.809 I  PeachCommander[21265:11165] [com.apple.CarbonCore:gestalt] _NewGestalt _NewGestalt(cpuf 0x184a17764) => 0
2026-09-14 13:52:51.809 I  PeachCommander[21265:11165] [com.apple.CarbonCore:gestalt] _NewGestalt _NewGestalt(bclk 0x184a17794) => 0
2026-09-14 13:52:51.809 I  PeachCommander[21265:11165] [com.apple.CarbonCore:gestalt] _NewGestalt _NewGestalt(bclm 0x184a17794) => 0
2026-09-14 13:52:51.809 I  PeachCommander[21265:11165] [com.apple.CarbonCore:gestalt] _NewGestalt _NewGestalt(pclk 0x184a17834) => 0
2026-09-14 13:52:51.809 I  PeachCommander[21265:11165] [com.apple.CarbonCore:gestalt] _NewGestalt _NewGestalt(mclk 0x184a17834) => 0
2026-09-14 13:52:51.809 I  PeachCommander[21265:11165] [com.apple.CarbonCore:gestalt] _NewGestalt _NewGestalt(a/ux 0x184a1794c) => 0
2026-09-14 13:52:51.809 I  PeachCommander[21265:11165] [com.apple.CarbonCore:gestalt] _NewGestalt _NewGestalt(pgsz 0x184a17954) => 0
2026-09-14 13:52:51.809 I  PeachCommander[21265:11165] [com.apple.CarbonCore:gestalt] _NewGestalt _NewGestalt(csiz 0x184a17994) => 0
2026-09-14 13:52:51.809 I  PeachCommander[21265:11165] [com.apple.CarbonCore:gestalt] _NewGestalt _NewGestalt(sysv 0x1849c2dfc) => 0
2026-09-14 13:52:51.809 I  PeachCommander[21265:11165] [com.apple.CarbonCore:gestalt] _NewGestalt _NewGestalt(sys1 0x1849c2dfc) => 0
2026-09-14 13:52:51.809 I  PeachCommander[21265:11165] [com.apple.CarbonCore:gestalt] _NewGestalt _NewGestalt(sys2 0x1849c2dfc) => 0
2026-09-14 13:52:51.809 I  PeachCommander[21265:11165] [com.apple.CarbonCore:gestalt] _NewGestalt _NewGestalt(sys3 0x1849c2dfc) => 0
2026-09-14 13:52:51.809 I  PeachCommander[21265:11165] [com.apple.CarbonCore:gestalt] _NewGestalt _NewGestalt(cdfl 0x184a179d4) => 0
2026-09-14 13:52:51.809 I  PeachCommander[21265:11165] [com.apple.CarbonCore:gestalt] _NewGestalt _NewGestalt(cdrm 0x184a17c30) => 0
2026-09-14 13:52:51.809 I  PeachCommander[21265:11165] [com.apple.CarbonCore:gestalt] _NewGestalt _NewGestalt(cpus 0x184a17c78) => 0
2026-09-14 13:52:51.809 I  PeachCommander[21265:11165] [com.apple.CarbonCore:gestalt] SetGestaltValue SetGestaltValue(swex 1) => 0
2026-09-14 13:52:51.809 Df PeachCommander[21265:11165] [com.apple.xpc:connection] [0x754acb980] activating connection: mach=false listener=false peer=false name=com.apple.hiservices-xpcservice
2026-09-14 13:52:51.810 I  PeachCommander[21265:11165] [com.apple.CFPasteboard:entry] CopyData('ApplePerContextInputPasteboard' (<CFUUID 0x754058e60> C4BCD17A-AAF6-4C41-80D3-6258DCC7B571) gen: -1 item: 1264739405 flavor: 'ApplePerContextInputFlavor')
2026-09-14 13:52:51.810 I  PeachCommander[21265:11165] [com.apple.CFPasteboard:cache] Rebuilding cache for 'ApplePerContextInputPasteboard' (<CFUUID 0x754058e60> C4BCD17A-AAF6-4C41-80D3-6258DCC7B571)
2026-09-14 13:52:51.810 I  PeachCommander[21265:11165] [com.apple.CFPasteboard:general] Will request data from daemon
2026-09-14 13:52:51.810 I  PeachCommander[21265:11165] [com.apple.CFPasteboard:exit] (not-in-cache) - result: 0 generation: 1 data (182 bytes) flags: 0
2026-09-14 13:52:51.810 I  PeachCommander[21265:11165] [com.apple.CFPasteboard:entry] CopyData('DefaultAsciiKeyboardLayoutPasteboard' (<CFUUID 0x754d5c9c0> 3DBB0EC5-61DC-48E6-9DA9-2B90735E68B2) gen: -1 item: 1264739405 flavor: 'DefaultAsciiKeyboardLayoutFlavor')
2026-09-14 13:52:51.810 I  PeachCommander[21265:11165] [com.apple.CFPasteboard:exit] (not-in-cache) - result: -8 generation: 0 null data flags: 0
2026-09-14 13:52:51.812 I  PeachCommander[21265:11165] [com.apple.AppKit:Window] context (0 -> 9916cee8) for window 44f
2026-09-14 13:52:51.812 Df PeachCommander[21265:11165] [com.apple.inputmethodkitClient:Client] +[IMKClient subclass]: chose IMKClient_Modern
2026-09-14 13:52:51.812 Df PeachCommander[21265:11165] [com.apple.BoardServices:XPCErrors] [C:2] Alloc com.apple.backboard.hid-services.xpc
2026-09-14 13:52:51.812 Df PeachCommander[21265:11165] [com.apple.xpc:connection] [0x754acbac0] activating connection: mach=false listener=false peer=false name=(anonymous)
2026-09-14 13:52:51.813 E  PeachCommander[21265:1116f] [com.apple.BaseBoard:Common] Unable to obtain a task name port right for pid 168: (os/kern) failure (0x5)
2026-09-14 13:52:51.813 Df PeachCommander[21265:1116f] [com.apple.xpc:connection] [0x754aca940] activating connection: mach=false listener=false peer=false name=com.apple.TextInputUI.xpc.CursorUIViewService
2026-09-14 13:52:51.813 Df PeachCommander[21265:1116f] [com.apple.xpc:connection] [0x754aca940] invalidated after the last release of the connection object
2026-09-14 13:52:51.813 I  PeachCommander[21265:11165] [com.apple.CFPasteboard:entry] CopyData('DefaultAsciiKeyboardLayoutPasteboard' (<CFUUID 0x754d5c9c0> 3DBB0EC5-61DC-48E6-9DA9-2B90735E68B2) gen: -1 item: 1264739405 flavor: 'DefaultAsciiKeyboardLayoutFlavor')
2026-09-14 13:52:51.813 I  PeachCommander[21265:11165] [com.apple.CFPasteboard:exit] (not-in-cache) - result: -8 generation: 0 null data flags: 0
2026-09-14 13:52:51.813 Df PeachCommander[21265:11165] [com.apple.xpc:connection] [0x754aca6c0] activating connection: mach=false listener=false peer=false name=(anonymous)
2026-09-14 13:52:51.813 Df PeachCommander[21265:11165] [com.apple.xpc:connection] [0x754aca940] activating connection: mach=false listener=false peer=false name=com.apple.ViewBridgeAuxiliary
2026-09-14 13:52:51.814 Df PeachCommander[21265:11165] [com.apple.xpc:connection] [0x754aca1c0] activating connection: mach=false listener=false peer=false name=(anonymous)
2026-09-14 13:52:51.814 Df PeachCommander[21265:11165] [com.apple.xpc:connection] [0x754aca940] invalidated after the last release of the connection object
2026-09-14 13:52:51.829 Df PeachCommander[21265:11165] [com.apple.TextInputUI:CursorUI] -[TUINSCursorUIController activate:]_block_invoke: Create CursorUIViewService: TUINSRemoteViewController
2026-09-14 13:52:51.829 I  PeachCommander[21265:11165] [com.apple.AppKit:Window] window <TUINSWindow: 0x754466300> windowNumber=44f finishing close
2026-09-14 13:52:51.829 I  PeachCommander[21265:11165] [com.apple.AppKit:Window] order window: 44f op: 0 relative: 0 related: 0
2026-09-14 13:52:51.832 A  PeachCommander[21265:11168] (CoreFoundation) Loading Preferences From System CFPrefsD
2026-09-14 13:52:51.916 Df PeachCommander[21265:11165] [com.apple.BoardServices:XPCErrors] [C:3] Alloc com.apple.backboard.hid-services.xpc
2026-09-14 13:52:51.916 Df PeachCommander[21265:11165] [com.apple.xpc:connection] [0x754ac9e00] activating connection: mach=false listener=false peer=false name=(anonymous)
2026-09-14 13:52:51.916 Df PeachCommander[21265:11168] [com.apple.BackBoard:EventDelivery] BKSHIDEventDeliveryManager - connection activation
2026-09-14 13:52:51.929 I  PeachCommander[21265:11165] [com.apple.iconservices:foundation] layer data size zero
2026-09-14 13:52:51.929 A  PeachCommander[21265:11165] (CoreFoundation) Loading Preferences From User CFPrefsD
2026-09-14 13:52:51.930 I  PeachCommander[21265:11165] [com.apple.CoreAnalytics:client] Dropping "com.apple.ImageIO.readerSelection" as it isn't used in any transform (not in the config or budgeted?)
2026-09-14 13:52:51.945 A  PeachCommander[21265:1116f] (libsystem_info.dylib) Retrieve Group by ID
2026-09-14 13:52:51.945 I  PeachCommander[21265:11165] [com.peachcommander:PCFoundation] Session restored
2026-09-14 13:52:51.945 Df PeachCommander[21265:11165] (Foundation) <private>
2026-09-14 13:52:51.945 I  PeachCommander[21265:11165] [com.peachcommander:PCFoundation] [automation] running /Users/admin/auto.txt
2026-09-14 13:52:51.945 Df PeachCommander[21265:11165] (Foundation) <private>
2026-09-14 13:52:51.945 I  PeachCommander[21265:11165] [com.peachcommander:PCFoundation] [automation] > view /Users/admin/pc-big.txt
2026-09-14 13:52:51.945 Df PeachCommander[21265:11165] (Foundation) <private>
2026-09-14 13:52:51.945 I  PeachCommander[21265:11165] [com.peachcommander:PCFoundation] [automation] > wait 6000
2026-09-14 13:52:52.017 I  PeachCommander[21265:11165] [com.apple.CoreAnalytics:client] Dropping "com.apple.appkit.app_config" as it isn't used in any transform (not in the config or budgeted?)
2026-09-14 13:52:52.018 I  PeachCommander[21265:11165] [com.apple.launchservices:datasep] application record search init. Node: <FSNode 0x756c60a20> { isDir = y, path = <private> } bundleID: (null) itemID: 0
2026-09-14 13:52:52.018 I  PeachCommander[21265:11165] [com.apple.launchservices:datasep] application record search init. Node: <FSNode 0x756c60a20> { isDir = y, path = <private> } bundleID: (null) itemID: 0
2026-09-14 13:52:52.018 I  PeachCommander[21265:11165] [com.apple.SafariPlatformSupport:SafariPlatformSupport] -[SFSafariPlatformSupport credentialSelected:] with nil credential
2026-09-14 13:52:52.018 I  PeachCommander[21265:11165] [com.apple.SafariPlatformSupport:SafariPlatformSupport] -[SFSafariPlatformSupport oneTimeCodeSelected:] with nil code
2026-09-14 13:52:52.043 I  PeachCommander[21265:11169] [com.apple.AppKit:WindowTab] Indexing 1 items
2026-09-14 13:52:52.043 A  PeachCommander[21265:11169] (CoreSpotlight) end-index-batch
2026-09-14 13:52:52.043 Df PeachCommander[21265:11169] [com.apple.corespotlight:index] *warn* MailCS ======%%% _setMailMessageAttributes skip:1
2026-09-14 13:52:52.043 A  PeachCommander[21265:11169] (CoreSpotlight) index-items
2026-09-14 13:52:52.043 Df PeachCommander[21265:11169] [com.apple.corespotlight:index] CSInlineDonation:<private>: Skipping donation (feature flag disabled)
2026-09-14 13:52:52.043 Df PeachCommander[21265:11169] [com.apple.corespotlight:index] CSInlineDonation:<private>: Skipping donation (feature flag disabled)
2026-09-14 13:52:52.154 I  PeachCommander[21265:11165] [com.apple.HIToolbox:MBDisplays] <private>
2026-09-14 13:52:52.154 I  PeachCommander[21265:11165] [com.apple.HIToolbox:MBDisplays] <private>
2026-09-14 13:52:52.293 Df PeachCommander[21265:11168] [com.apple.xpc:connection] [0x754aca300] activating connection: mach=false listener=false peer=false name=com.apple.SafariPlatformSupport.Helper
2026-09-14 13:52:52.310 I  PeachCommander[21265:11165] [com.apple.AppKit:Animation] Running new animation: <private>
2026-09-14 13:52:52.310 I  PeachCommander[21265:11165] [com.apple.AppKit:Animation] Running new animation: <private>
2026-09-14 13:52:52.310 I  PeachCommander[21265:11165] [com.apple.AppKit:Animation] Running new animation: <private>
2026-09-14 13:52:52.310 I  PeachCommander[21265:11165] [com.apple.AppKit:Animation] Running new animation: <private>
2026-09-14 13:52:52.310 I  PeachCommander[21265:11165] [com.apple.AppKit:Animation] Running new animation: <private>
2026-09-14 13:52:52.314 I  PeachCommander[21265:11165] [com.apple.AppKit:Window] context (0 -> 1f0b7911) for window 451
2026-09-14 13:52:52.317 I  PeachCommander[21265:11165] [com.apple.AppKit:Animation] Running new animation: <private>
2026-09-14 13:52:52.317 I  PeachCommander[21265:11165] [com.apple.AppKit:Animation] Running new animation: <private>
2026-09-14 13:52:52.317 I  PeachCommander[21265:11165] [com.apple.AppKit:Animation] Running new animation: <private>
2026-09-14 13:52:52.317 I  PeachCommander[21265:11165] [com.apple.AppKit:Animation] Running new animation: <private>
2026-09-14 13:52:52.317 I  PeachCommander[21265:11165] [com.apple.AppKit:Animation] Running new animation: <private>
2026-09-14 13:52:52.353 Df PeachCommander[21265:11168] [com.apple.xpc:connection] [0x754aca300] invalidated after the last release of the connection object
2026-09-14 13:52:53.141 I  PeachCommander[21265:11165] [com.apple.CFPasteboard:entry] CopyData('DefaultAsciiKeyboardLayoutPasteboard' (<CFUUID 0x754d5c9c0> 3DBB0EC5-61DC-48E6-9DA9-2B90735E68B2) gen: -1 item: 1264739405 flavor: 'DefaultAsciiKeyboardLayoutFlavor')
2026-09-14 13:52:53.141 I  PeachCommander[21265:11165] [com.apple.CFPasteboard:exit] (not-in-cache) - result: -8 generation: 0 null data flags: 0
2026-09-14 13:52:53.172 I  PeachCommander[21265:11165] [com.apple.AppKit:Animation] Running new animation: <private>
2026-09-14 13:52:53.172 I  PeachCommander[21265:11165] [com.apple.AppKit:Animation] Running new animation: <private>
2026-09-14 13:52:53.172 I  PeachCommander[21265:11165] [com.apple.AppKit:Animation] Running new animation: <private>
2026-09-14 13:52:53.172 I  PeachCommander[21265:11165] [com.apple.AppKit:Animation] Running new animation: <private>
2026-09-14 13:52:53.172 I  PeachCommander[21265:11165] [com.apple.AppKit:Animation] Running new animation: <private>
2026-09-14 13:52:53.174 I  PeachCommander[21265:11165] [com.apple.AppKit:Window] order window front conditionally: 451 related: 0
2026-09-14 13:52:53.174 I  PeachCommander[21265:11165] [com.apple.AppKit:Window] order window front conditionally: 451 related: 0
2026-09-14 13:52:53.174 Df PeachCommander[21265:11165] (Foundation) <private>
2026-09-14 13:52:53.176 I  PeachCommander[21265:11165] [com.apple.launchservices:cas] Removing cached information for app [ 0x0-0x10a10a]  "PeachCommander", as its seed is different from that in shared memory ( 535 vs 537)
2026-09-14 13:52:53.177 Df PeachCommander[21265:11165] [com.apple.xpc:connection] [0x753eff0c0] activating connection: mach=false listener=false peer=false name=(anonymous)
2026-09-14 13:52:53.177 Df PeachCommander[21265:11165] [com.apple.xpc:connection] [0x7538bc000] activating connection: mach=false listener=false peer=false name=(anonymous)
2026-09-14 13:52:53.195 I  PeachCommander[21265:11168] [com.apple.AppKit:WindowTab] Indexing 2 items
2026-09-14 13:52:53.195 A  PeachCommander[21265:11168] (CoreSpotlight) end-index-batch
2026-09-14 13:52:53.195 A  PeachCommander[21265:11168] (CoreSpotlight) index-items
2026-09-14 13:52:53.195 Df PeachCommander[21265:11168] [com.apple.corespotlight:index] CSInlineDonation:<private>: Skipping donation (feature flag disabled)
2026-09-14 13:52:53.195 Df PeachCommander[21265:11170] [com.apple.corespotlight:index] CSInlineDonation:<private>: Skipping donation (feature flag disabled)
2026-09-14 13:52:53.233 I  PeachCommander[21265:11165] [com.apple.SafariPlatformSupport:SafariPlatformSupport] -[SPSafariPlatformSupport completionListPreferredContentSizeDidUpdate] with size {0, 0}, in window that is visible
2026-09-14 13:52:58.381 Df PeachCommander[21265:11165] (Foundation) <private>
2026-09-14 13:52:58.382 I  PeachCommander[21265:11165] [com.peachcommander:PCFoundation] [automation] > listermode text|/Users/admin/bigmem.txt
2026-09-14 13:52:58.957 Df PeachCommander[21265:11165] (Foundation) <private>
2026-09-14 13:52:58.957 I  PeachCommander[21265:11165] [com.peachcommander:PCFoundation] [automation] > wait 4000
2026-09-14 13:53:01.797 Df PeachCommander[21265:111fe] [com.apple.launchservices:default] LSExceptions shared instance invalidated for timeout.
2026-09-14 13:53:02.988 Df PeachCommander[21265:11165] (Foundation) <private>
2026-09-14 13:53:02.988 I  PeachCommander[21265:11165] [com.peachcommander:PCFoundation] [automation] > memdump /Users/admin/bigmem-rss.txt
2026-09-14 13:53:02.991 Df PeachCommander[21265:11165] (Foundation) <private>
2026-09-14 13:53:02.991 I  PeachCommander[21265:11165] [com.peachcommander:PCFoundation] [automation] > wait 500
2026-09-14 13:53:03.528 Df PeachCommander[21265:11165] (Foundation) <private>
2026-09-14 13:53:03.528 I  PeachCommander[21265:11165] [com.peachcommander:PCFoundation] [automation] done
