Timestamp               Ty Process[PID:TID]
2026-09-14 13:57:28.819 A  PeachCommander[25236:144b9] (libsystem_info.dylib) Retrieve User by ID
2026-09-14 13:57:28.819 Df PeachCommander[25236:144b9] [com.apple.xpc:connection] [0x10693f5c0] activating connection: mach=true listener=false peer=false name=com.apple.cfprefsd.daemon
2026-09-14 13:57:28.819 Df PeachCommander[25236:144bf] [com.apple.xpc:connection] [0x10693fd00] activating connection: mach=true listener=false peer=false name=com.apple.cfprefsd.agent
2026-09-14 13:57:28.820 Df PeachCommander[25236:144b9] [com.apple.xpc:connection] [0x106945ce0] activating connection: mach=true listener=false peer=false name=com.apple.coreservices.launchservicesd
2026-09-14 13:57:28.820 I  PeachCommander[25236:144b9] [com.apple.launchservices:cas] Registering for notification <private> on default queue, to re-boostrap client connection.
2026-09-14 13:57:28.820 Df PeachCommander[25236:144b9] [com.apple.xpc:connection] [0xbd0ca0000] activating connection: mach=true listener=false peer=false name=com.apple.pasteboard.1
2026-09-14 13:57:28.821 Df PeachCommander[25236:144b9] [com.apple.xpc:connection] [0xbd0ca0140] activating connection: mach=true listener=false peer=false name=com.apple.distributed_notifications@Uv3
2026-09-14 13:57:28.822 Df PeachCommander[25236:144b9] [com.apple.AppKit:AutomaticTermination] void _NSDisableAutomaticTerminationAndLog(NSString *) No windows open yet
2026-09-14 13:57:28.822 A  PeachCommander[25236:144b9] (TCC) TCCAccessRequest() IPC
2026-09-14 13:57:28.822 Df PeachCommander[25236:144b9] [com.apple.xpc:connection] [0xbd0ca0280] activating connection: mach=true listener=false peer=false name=com.apple.tccd.system
2026-09-14 13:57:28.822 I  PeachCommander[25236:144b9] [com.apple.TCC:access] SEND: 0/7 synchronous to com.apple.tccd.system: request: msgID=25236.1, function=TCCAccessRequest, service=kTCCServiceListenEvent,
2026-09-14 13:57:28.823 I  PeachCommander[25236:144b9] [com.apple.TCC:access] RECV: synchronous reply <dictionary: 0xbd0c88000> { count = 5, transaction: 0, voucher = 0x0, contents =
	"prompt_type" => <uint64: 0xa03d68b025baa657>: 1
	"auth_value" => <uint64: 0xa03d68b025baa657>: 1
	"preflight_unknown" => <bool: 0x1ee1ad190>: true
	"auth_version" => <uint64: 0xa03d68b025baa657>: 1
	"auth_reason" => <uint64: 0xa03d68b025baa677>: 5
}
2026-09-14 13:57:28.823 Df PeachCommander[25236:144b9] [com.apple.xpc:connection] [0xbd0ca0280] invalidated after the last release of the connection object
2026-09-14 13:57:28.824 Df PeachCommander[25236:144b9] [com.apple.SkyLight:default] server port 0x00003607, session port 0x00003607
2026-09-14 13:57:28.825 I  PeachCommander[25236:144c0] [com.apple.SkyLight:processes] 0[outside of RPC]: First connection id 337275 mapped to ctx = 0xbd0c44380
2026-09-14 13:57:28.825 Df PeachCommander[25236:144b9] [com.apple.SkyLight:default] New connection 0x5257b main
2026-09-14 13:57:28.826 I  PeachCommander[25236:144b9] [com.apple.hiservices:processmgr] Checking in with CAS, pid=25236
2026-09-14 13:57:28.826 I  PeachCommander[25236:144b9] [com.apple.launchservices:cas] LSApplicationCheckIn(), app being registered is:"/Users/admin/pc-test/PeachCommander.app/Contents/MacOS/PeachCommander"
2026-09-14 13:57:28.826 I  PeachCommander[25236:144b9] [com.apple.launchservices:cas]  { "ApplicationType"="Foreground", "BuildMachineOSBuild"="25E246", "CFBundleDevelopmentRegion"="en", "CFBundleDocumentTypes"=( { "CFBundleTypeName"="Peach Commander Plugin Package", "CFBundleTypeRole"="Viewer", "LSHandlerRank"="Owner", "LSItemContentTypes"=( "com.peachcommander.plugin-package") }), "CFBundleExecutable"="PeachCommander", "CFBundleExecutablePath"="/Users/admin/pc-test/PeachCommander.app/Contents/MacOS/PeachCommander", "CFBundleHelpBookFolder"="PeachCommander.help", "CFBundleHelpBookName"="Peach Commander Help", "CFBundleIconFile"="AppIcon", "CFBundleIconName"="AppIcon", "CFBundleIdentifier"="com.peachcommander.app", "CFBundleInfoDictionaryVersion"="6.0", "CFBundleName"="PeachCommander", "CFBundleNumericVersion"=402685952, "CFBundlePackageType"="APPL", "CFBundleShortVersionString"="0.9.0", "CFBundleSignature"="?????", "CFBundleSupportedPlatforms"=( "MacOSX"), "CFBundleVersion"="18", "DTCompiler"="com.apple.compilers.llvm.clang.1_0", "DTPlatformBuild"="25F70", "DTPlatformName"="macosx", "<…>
2026-09-14 13:57:28.826 Df PeachCommander[25236:144b9] [com.apple.processmanager:front-35286506] CHECKIN: pid=25236
2026-09-14 13:57:28.827 Df PeachCommander[25236:144b9] [com.apple.processmanager:front-35286506] CHECKEDIN: pid=25236 asn=0x0-0x150150 foreground=1
2026-09-14 13:57:28.828 I  PeachCommander[25236:144b9] [com.apple.launchservices:cas] Setting processControlState to default PROC_SETPC_SUSPEND because application does not have LSProcessControlValue key
2026-09-14 13:57:28.828 Df PeachCommander[25236:144b9] [com.apple.xpc:connection] [0xbd0ca0280] activating connection: mach=false listener=true peer=false name=(anonymous)
2026-09-14 13:57:28.828 Df PeachCommander[25236:144b9] [com.apple.xpc:connection] [0xbd0ca0280] Connection returned listener port: 0x5403
2026-09-14 13:57:28.828 Df PeachCommander[25236:144bf] [com.apple.xpc:connection] [0xbd1060300] activating connection: mach=false listener=false peer=true name=com.apple.xpc.anonymous.0xbd0ca0280.peer[131].0xbd1060300
2026-09-14 13:57:28.828 Df PeachCommander[25236:144b9] [com.apple.processmanager:front-35286506] FRONTLOGGING: version 1
2026-09-14 13:57:28.828 Df PeachCommander[25236:144b9] [com.apple.processmanager:front-35286506] Registered, pid=25236 ASN=0x0,0x150150
2026-09-14 13:57:28.828 Df PeachCommander[25236:144b9] [com.apple.xpc:connection] [0xbd0ca03c0] activating connection: mach=true listener=false peer=false name=com.apple.analyticsd
2026-09-14 13:57:28.828 I  PeachCommander[25236:144b9] [com.apple.CoreAnalytics:client] Daemon status changed from 0 to 1
2026-09-14 13:57:28.828 I  PeachCommander[25236:144bf] [com.apple.CarbonCore:coreservicesdaemon] SCSession():SCSession( id=100, this=0x0x106950840 option=65538) created, forUID=501 mach_port_t=0x4603.
2026-09-14 13:57:28.828 I  PeachCommander[25236:144bf] [com.apple.CarbonCore:coreservicesdaemon] SCSession():SCSession( id=101, this=0x0x106950980 option=65538) created, forUID=501 mach_port_t=0x5303.
2026-09-14 13:57:28.828 I  PeachCommander[25236:144bf] [com.apple.CarbonCore:coreservicesdaemon] connectToCoreServicesD():Instantiating server (coreservicesd based) SCSession, port=0x4603 serverOptions=0x10002.
2026-09-14 13:57:28.829 I  PeachCommander[25236:144b9] [com.apple.hiservices:processmgr] _RegisterApplication( pid 25236 => 0x0,0x150150) type=foreground
2026-09-14 13:57:28.829 Df PeachCommander[25236:144b9] [com.apple.xpc:connection] [0xbd0ca0280] Connection returned listener port: 0x5403
2026-09-14 13:57:28.829 I  PeachCommander[25236:144b9] [com.apple.launchservices:cas] CFArrayRef _LSCopyLaunchModifiers(LSSessionID, LSASNRef _Nonnull), result for psn [ kLSCurrentApp ASN, 0x0,0x2]  is 1 items.
2026-09-14 13:57:28.829 Df PeachCommander[25236:144b9] [com.apple.processmanager:front-35286506] BringForward: pid=25236 asn=0x0-0x150150 bringForward=1 foreground=1 uiElement=0 launchedByLS=1 modifiersCount=1 allDisabled=1
2026-09-14 13:57:28.829 Df PeachCommander[25236:144b9] [com.apple.processmanager:front-35286506] BringFrontModifier: pid=25236 asn=0x0-0x150150 Modifier 0 hideAfter=0 hideOthers=0 dontMakeFrontmost=0 mouseDown=0/0 seed=0/0
2026-09-14 13:57:28.829 Df PeachCommander[25236:144b9] [com.apple.processmanager:front-35286506] BringForward: pid=25236 asn=0x0-0x150150
2026-09-14 13:57:28.829 Df PeachCommander[25236:144b9] [com.apple.processmanager:front-35286506] SetFrontProcess: asn=0x0-0x150150 options=0
2026-09-14 13:57:28.829 I  PeachCommander[25236:144b9] [com.apple.SkyLight:processes] 0[outside of RPC]: SLPSetFrontProcess(0x0-0x150150 window=0 options=0x0
2026-09-14 13:57:28.829 Df PeachCommander[25236:144c4] [com.apple.CoreAnalytics:client] Received configuration update from daemon (initial)
2026-09-14 13:57:28.829 Df PeachCommander[25236:144bf] [com.apple.xpc:connection] [0xbd0ca0640] activating connection: mach=true listener=false peer=false name=com.apple.lsd.mapdb
2026-09-14 13:57:28.831 Df PeachCommander[25236:144b9] [com.apple.AppKit:Appearance] Current system appearance, (HLTB: 1), (SLS: 0)
2026-09-14 13:57:28.831 Df PeachCommander[25236:144b9] (libMobileGestalt.dylib) No persisted cache on this platform.
2026-09-14 13:57:28.831 I  PeachCommander[25236:144c0] [com.apple.launchservices:cas] information in shared memory for 0x0-0x150150 with seed 533 was still valid, so using cached info { "ApplicationType"="Foreground", "BuildMachineOSBuild"="25E246", "BundleIdentifierLowerCase"="com.peachcommander.app", "CFBundleDevelopmentRegion"="en", "CFBundleDocumentTypes"=( { "CFBundleTypeName"="Peach Commander Plugin Package", "CFBundleTypeRole"="Viewer", "LSHandlerRank"="Owner", "LSItemContentTypes"=( "com.peachcommander.plugin-package") }), "CFBundleExecutable"="PeachCommander", "CFBundleExecutablePath"="/Users/admin/pc-test/PeachCommander.app/Contents/MacOS/PeachCommander", "CFBundleExecutablePathDeviceID"=16777227, "CFBundleExecutablePathINode"=488284, "CFBundleHelpBookFolder"="PeachCommander.help", "CFBundleHelpBookName"="Peach Commander Help", "CFBundleIconFile"="AppIcon", "CFBundleIconName"="AppIcon", "CFBundleIdentifier"="com.peachcommander.app", "CFBundleInfoDictionaryVersion"="6.0", "CFBundleName"="PeachCommander", "CFBundleNameLowerCase"="peachcommander", "CFBundleNumericVersion"=402685952, "CFBundlePackageType"="APPL", "CFBundleShortVersionString"="0.9.0", "CFBun<…>
2026-09-14 13:57:28.832 Df PeachCommander[25236:144b9] (libMobileGestalt.dylib) Could not get size of EAN data (IOConnectCallScalarMethod kAppleNVMeEANGetSize returned 0xE00002E2)
2026-09-14 13:57:28.832 Df PeachCommander[25236:144b9] (libMobileGestalt.dylib) Failed to copy 'aptk' from EAN
2026-09-14 13:57:28.832 Df PeachCommander[25236:144b9] (libMobileGestalt.dylib) Failed to copy APTicket properties. Falling back to default policy.
2026-09-14 13:57:28.832 Df PeachCommander[25236:144b9] (libMobileGestalt.dylib) Creating default MGSysConfigPolicy
2026-09-14 13:57:28.832 I  PeachCommander[25236:144bf] [com.apple.launchservices:db] LaunchServices database schema version: 20971544
2026-09-14 13:57:28.832 Df PeachCommander[25236:144b9] (libMobileGestalt.dylib) CFDictionaryRef copySyscfgDictionary(void) enumeration of <private> failed.
2026-09-14 13:57:28.832 Df PeachCommander[25236:144b9] (libMobileGestalt.dylib) Failed to find key <private>
2026-09-14 13:57:28.832 Df PeachCommander[25236:144b9] [com.apple.AppKit:Appearance] Current system appearance, (HLTB: 1), (SLS: 0)
2026-09-14 13:57:28.833 Df PeachCommander[25236:144b9] [com.apple.AppKit:Appearance] Post-registration system appearance: (HLTB: 1)
2026-09-14 13:57:28.833 I  PeachCommander[25236:144bf] [com.apple.launchservices:default] Unable to load Info.plist exceptions (eGPUOverrides)
2026-09-14 13:57:28.833 I  PeachCommander[25236:144bf] [com.apple.launchservices:default] Unable to load Info.plist exceptions (gameModeOverrides)
2026-09-14 13:57:28.833 I  PeachCommander[25236:144bf] [com.apple.launchservices:default] Unable to load Info.plist exceptions (identifiedGameOverrides)
2026-09-14 13:57:28.833 I  PeachCommander[25236:144bf] [com.apple.launchservices:default] Unable to load Info.plist exceptions (SystemHiddenPreferred)
2026-09-14 13:57:28.834 Df PeachCommander[25236:144b9] [com.apple.FrontBoard:Common] FBSWorkspace: endpoint monitoring is disabled.
2026-09-14 13:57:28.834 Df PeachCommander[25236:144b9] [com.apple.FrontBoard:Common] FBSWorkspace: default shell endpoint is disabled.
2026-09-14 13:57:28.834 Df PeachCommander[25236:144b9] [com.apple.runningboard:connection] Initializing connection
2026-09-14 13:57:28.834 Df PeachCommander[25236:144b9] [com.apple.runningboard:process] Removing all cached process handles
2026-09-14 13:57:28.834 Df PeachCommander[25236:144c0] [com.apple.runningboard:connection] Sending handshake request attempt #1 to server
2026-09-14 13:57:28.834 Df PeachCommander[25236:144c0] [com.apple.runningboard:connection] Creating connection to com.apple.runningboard
2026-09-14 13:57:28.834 Df PeachCommander[25236:144c0] [com.apple.xpc:connection] [0xbd0ca0500] activating connection: mach=true listener=false peer=false name=com.apple.runningboard
2026-09-14 13:57:28.834 A  PeachCommander[25236:144c4] (RunningBoardServices) didChangeInheritances
2026-09-14 13:57:28.835 Df PeachCommander[25236:144c0] [com.apple.runningboard:connection] Handshake succeeded
2026-09-14 13:57:28.835 Df PeachCommander[25236:144c0] [com.apple.runningboard:connection] Identity resolved as app<application.com.peachcommander.app.487016.488284(501)>
2026-09-14 13:57:28.835 Df PeachCommander[25236:144b9] [com.apple.xpc:connection] [0xbd0ca0280] Connection returned listener port: 0x5403
2026-09-14 13:57:28.835 I  PeachCommander[25236:144b9] [com.apple.launchservices:cas] information in shared memory for 0x0-0x150150 with seed 533 was still valid, so using cached info { "ApplicationType"="Foreground", "BuildMachineOSBuild"="25E246", "BundleIdentifierLowerCase"="com.peachcommander.app", "CFBundleDevelopmentRegion"="en", "CFBundleDocumentTypes"=( { "CFBundleTypeName"="Peach Commander Plugin Package", "CFBundleTypeRole"="Viewer", "LSHandlerRank"="Owner", "LSItemContentTypes"=( "com.peachcommander.plugin-package") }), "CFBundleExecutable"="PeachCommander", "CFBundleExecutablePath"="/Users/admin/pc-test/PeachCommander.app/Contents/MacOS/PeachCommander", "CFBundleExecutablePathDeviceID"=16777227, "CFBundleExecutablePathINode"=488284, "CFBundleHelpBookFolder"="PeachCommander.help", "CFBundleHelpBookName"="Peach Commander Help", "CFBundleIconFile"="AppIcon", "CFBundleIconName"="AppIcon", "CFBundleIdentifier"="com.peachcommander.app", "CFBundleInfoDictionaryVersion"="6.0", "CFBundleName"="PeachCommander", "CFBundleNameLowerCase"="peachcommander", "CFBundleNumericVersion"=402685952, "CFBundlePackageType"="APPL", "CFBundleShortVersionString"="0.9.0", "CFBun<…>
2026-09-14 13:57:28.836 Df PeachCommander[25236:144b9] [com.apple.xpc:connection] [0xbd0ca0280] Connection returned listener port: 0x5403
2026-09-14 13:57:28.837 A  PeachCommander[25236:144bf] (AppIntents) appintents:register process
2026-09-14 13:57:28.837 Df PeachCommander[25236:144bf] [com.apple.appintents:Connection] Created a new Process Instance Registry XPC connection (inactive)
2026-09-14 13:57:28.837 Df PeachCommander[25236:144bf] [com.apple.xpc:connection] [0xbd0ca0780] activating connection: mach=true listener=false peer=false name=com.apple.linkd.autoShortcut
2026-09-14 13:57:28.837 Df PeachCommander[25236:144bf] [com.apple.appintents:Connection] Activated connection to linkd (ApplicationService)
2026-09-14 13:57:28.837 I  PeachCommander[25236:144b9] [com.apple.launchservices:cas] information in shared memory for 0x0-0x150150 with seed 533 was still valid, so using cached info { "ApplicationType"="Foreground", "BuildMachineOSBuild"="25E246", "BundleIdentifierLowerCase"="com.peachcommander.app", "CFBundleDevelopmentRegion"="en", "CFBundleDocumentTypes"=( { "CFBundleTypeName"="Peach Commander Plugin Package", "CFBundleTypeRole"="Viewer", "LSHandlerRank"="Owner", "LSItemContentTypes"=( "com.peachcommander.plugin-package") }), "CFBundleExecutable"="PeachCommander", "CFBundleExecutablePath"="/Users/admin/pc-test/PeachCommander.app/Contents/MacOS/PeachCommander", "CFBundleExecutablePathDeviceID"=16777227, "CFBundleExecutablePathINode"=488284, "CFBundleHelpBookFolder"="PeachCommander.help", "CFBundleHelpBookName"="Peach Commander Help", "CFBundleIconFile"="AppIcon", "CFBundleIconName"="AppIcon", "CFBundleIdentifier"="com.peachcommander.app", "CFBundleInfoDictionaryVersion"="6.0", "CFBundleName"="PeachCommander", "CFBundleNameLowerCase"="peachcommander", "CFBundleNumericVersion"=402685952, "CFBundlePackageType"="APPL", "CFBundleShortVersionString"="0.9.0", "CFBun<…>
2026-09-14 13:57:28.837 Df PeachCommander[25236:144bf] [com.apple.xpc:connection] [0xbd0ca0a00] activating connection: mach=false listener=true peer=false name=(anonymous)
2026-09-14 13:57:28.837 I  PeachCommander[25236:144b9] [com.apple.hiservices:processmgr] TransformProcessType(0x0,0x2 => 1 wasFront=1 pickNew=0)
2026-09-14 13:57:28.837 I  PeachCommander[25236:144b9] [com.apple.CoreAnalytics:client] Dropping "com.apple.appkit.app_config" as it isn't used in any transform (not in the config or budgeted?)
2026-09-14 13:57:28.838 I  PeachCommander[25236:144bf] [com.apple.appintents:Execution] LNAppConnectionListener instantiated
2026-09-14 13:57:28.838 Df PeachCommander[25236:144bf] [com.apple.xpc:connection] [0xbd0ca0a00] Connection returned listener port: 0x6a03
2026-09-14 13:57:28.838 Df PeachCommander[25236:144b9] [com.apple.dt.xctest:Default] Registering for test daemon availability notify post.
2026-09-14 13:57:28.838 Df PeachCommander[25236:144c4] [com.apple.xpc:connection] [0xbd0ca0780] Re-initialization successful; calling out to event handler with XPC_ERROR_CONNECTION_INTERRUPTED
2026-09-14 13:57:28.838 Df PeachCommander[25236:144c4] [com.apple.appintents:Connection] Process Instance Registry XPC connection has been interrupted
2026-09-14 13:57:28.838 Df PeachCommander[25236:144b9] [com.apple.dt.xctest:Default] notify_get_state check indicated test daemon not ready.
2026-09-14 13:57:28.838 Df PeachCommander[25236:144b9] [com.apple.dt.xctest:Default] notify_get_state check indicated test daemon not ready.
2026-09-14 13:57:28.838 Df PeachCommander[25236:144c4] [com.apple.appintents:Connection] Created a new Process Instance Registry XPC connection (inactive)
2026-09-14 13:57:28.838 A  PeachCommander[25236:144c4] (AppIntents) appintents:register process
2026-09-14 13:57:28.838 Df PeachCommander[25236:144b9] [com.apple.dt.xctest:Default] notify_get_state check indicated test daemon not ready.
2026-09-14 13:57:28.838 Df PeachCommander[25236:144c4] [com.apple.appintents:Connection] Created a new Process Instance Registry XPC connection (inactive)
2026-09-14 13:57:28.838 Df PeachCommander[25236:144c4] [com.apple.xpc:connection] [0xbd0ca0c80] activating connection: mach=true listener=false peer=false name=com.apple.linkd.autoShortcut
2026-09-14 13:57:28.838 E  PeachCommander[25236:144bf] [com.apple.appintents:Connection] Unable to get synchronousRemoteObjectProxy, error: Error Domain=NSCocoaErrorDomain Code=4097 "connection to service named com.apple.linkd.autoShortcut" UserInfo={NSDebugDescription=connection to service named com.apple.linkd.autoShortcut}
2026-09-14 13:57:28.838 Df PeachCommander[25236:144c4] [com.apple.appintents:Connection] Activated connection to linkd (ApplicationService)
2026-09-14 13:57:28.838 Df PeachCommander[25236:144c4] [com.apple.xpc:connection] [0xbd0ca0a00] Connection returned listener port: 0x6a03
2026-09-14 13:57:28.839 E  PeachCommander[25236:144bf] [com.apple.AppKit:Application] Error registering app with intents framework: Error Domain=NSCocoaErrorDomain Code=4097 UserInfo={NSDebugDescription=<private>}
2026-09-14 13:57:28.839 Df PeachCommander[25236:144bf] [com.apple.xpc:connection] [0xbd0ca0c80] Re-initialization successful; calling out to event handler with XPC_ERROR_CONNECTION_INTERRUPTED
2026-09-14 13:57:28.839 Df PeachCommander[25236:144bf] [com.apple.appintents:Connection] Process Instance Registry XPC connection has been interrupted
2026-09-14 13:57:28.839 Df PeachCommander[25236:144bf] [com.apple.appintents:Connection] Created a new Process Instance Registry XPC connection (inactive)
2026-09-14 13:57:28.839 A  PeachCommander[25236:144bf] (AppIntents) appintents:register process
2026-09-14 13:57:28.839 Df PeachCommander[25236:144bf] [com.apple.appintents:Connection] Created a new Process Instance Registry XPC connection (inactive)
2026-09-14 13:57:28.839 Df PeachCommander[25236:144bf] [com.apple.xpc:connection] [0xbd0ca12c0] activating connection: mach=true listener=false peer=false name=com.apple.linkd.autoShortcut
2026-09-14 13:57:28.839 Df PeachCommander[25236:144bf] [com.apple.appintents:Connection] Activated connection to linkd (ApplicationService)
2026-09-14 13:57:28.839 Df PeachCommander[25236:144bf] [com.apple.xpc:connection] [0xbd0ca0a00] Connection returned listener port: 0x6a03
2026-09-14 13:57:28.839 E  PeachCommander[25236:144c4] [com.apple.appintents:Connection] Unable to get synchronousRemoteObjectProxy, error: Error Domain=NSCocoaErrorDomain Code=4097 "connection to service named com.apple.linkd.autoShortcut" UserInfo={NSDebugDescription=connection to service named com.apple.linkd.autoShortcut}
2026-09-14 13:57:28.839 E  PeachCommander[25236:144c4] [com.apple.appintents:Connection] Unable to re-register with Process Instance Registry, error: Error Domain=NSCocoaErrorDomain Code=4097 "connection to service named com.apple.linkd.autoShortcut" UserInfo={NSDebugDescription=connection to service named com.apple.linkd.autoShortcut}
2026-09-14 13:57:28.839 Df PeachCommander[25236:144c0] [com.apple.xpc:connection] [0xbd0ca12c0] Re-initialization successful; calling out to event handler with XPC_ERROR_CONNECTION_INTERRUPTED
2026-09-14 13:57:28.839 Df PeachCommander[25236:144c0] [com.apple.appintents:Connection] Process Instance Registry XPC connection has been interrupted
2026-09-14 13:57:28.839 E  PeachCommander[25236:144bf] [com.apple.appintents:Connection] Unable to get synchronousRemoteObjectProxy, error: Error Domain=NSCocoaErrorDomain Code=4097 "connection to service named com.apple.linkd.autoShortcut" UserInfo={NSDebugDescription=connection to service named com.apple.linkd.autoShortcut}
2026-09-14 13:57:28.839 E  PeachCommander[25236:144bf] [com.apple.appintents:Connection] Unable to re-register with Process Instance Registry, error: Error Domain=NSCocoaErrorDomain Code=4097 "connection to service named com.apple.linkd.autoShortcut" UserInfo={NSDebugDescription=connection to service named com.apple.linkd.autoShortcut}
2026-09-14 13:57:28.839 Df PeachCommander[25236:144c0] [com.apple.appintents:Connection] Created a new Process Instance Registry XPC connection (inactive)
2026-09-14 13:57:28.839 A  PeachCommander[25236:144c0] (AppIntents) appintents:register process
2026-09-14 13:57:28.839 Df PeachCommander[25236:144c0] [com.apple.appintents:Connection] Created a new Process Instance Registry XPC connection (inactive)
2026-09-14 13:57:28.839 Df PeachCommander[25236:144c0] [com.apple.xpc:connection] [0xbd0ca1540] activating connection: mach=true listener=false peer=false name=com.apple.linkd.autoShortcut
2026-09-14 13:57:28.839 Df PeachCommander[25236:144c0] [com.apple.appintents:Connection] Activated connection to linkd (ApplicationService)
2026-09-14 13:57:28.839 Df PeachCommander[25236:144c0] [com.apple.xpc:connection] [0xbd0ca0a00] Connection returned listener port: 0x6a03
2026-09-14 13:57:28.839 Df PeachCommander[25236:144bf] [com.apple.xpc:connection] [0xbd0ca1540] Re-initialization successful; calling out to event handler with XPC_ERROR_CONNECTION_INTERRUPTED
2026-09-14 13:57:28.839 Df PeachCommander[25236:144bf] [com.apple.appintents:Connection] Process Instance Registry XPC connection has been interrupted
2026-09-14 13:57:28.839 E  PeachCommander[25236:144bf] [com.apple.appintents:Connection] Will NOT re-try to establish the connection
2026-09-14 13:57:28.839 E  PeachCommander[25236:144c0] [com.apple.appintents:Connection] Unable to get synchronousRemoteObjectProxy, error: Error Domain=NSCocoaErrorDomain Code=4097 "connection to service named com.apple.linkd.autoShortcut" UserInfo={NSDebugDescription=connection to service named com.apple.linkd.autoShortcut}
2026-09-14 13:57:28.839 E  PeachCommander[25236:144c0] [com.apple.appintents:Connection] Unable to re-register with Process Instance Registry, error: Error Domain=NSCocoaErrorDomain Code=4097 "connection to service named com.apple.linkd.autoShortcut" UserInfo={NSDebugDescription=connection to service named com.apple.linkd.autoShortcut}
2026-09-14 13:57:28.841 A  PeachCommander[25236:144b9] (CoreFoundation) Loading Preferences From System CFPrefsD
2026-09-14 13:57:28.842 Df PeachCommander[25236:144b9] (libMobileGestalt.dylib) couldn't load support library
2026-09-14 13:57:28.842 Df PeachCommander[25236:144b9] (libMobileGestalt.dylib) called dummy function!
2026-09-14 13:57:28.842 I  PeachCommander[25236:144b9] [com.apple.GenerativeModels:availability] Current availability state: unavailable, use cases: com.apple.WritingTools, language: <any>, api: <private>
2026-09-14 13:57:28.842 Df PeachCommander[25236:144b9] [com.apple.GenerativeModels:availability] registering darwin observer for name: com.apple.gms.availability.notification
2026-09-14 13:57:28.842 Df PeachCommander[25236:144b9] [com.apple.GenerativeModels:availability] registering darwin observer for name: com.apple.os-eligibility-domain.change.greymatter
2026-09-14 13:57:28.842 Df PeachCommander[25236:144b9] [com.apple.GenerativeModels:availability] registering darwin observer for name: com.apple.language.changed
2026-09-14 13:57:28.842 Df PeachCommander[25236:144b9] [com.apple.WritingTools:Default] isAvailable value changed: isMDMAllowed = true, gmAvailable (current) = false
2026-09-14 13:57:28.845 I  PeachCommander[25236:144b9] [com.apple.CoreAnalytics:client] Dropping "com.apple.appkit.app_config" as it isn't used in any transform (not in the config or budgeted?)
2026-09-14 13:57:28.848 Df PeachCommander[25236:144b9] [com.apple.AppKit:Appearance] NSApp cache appearance:
-NSRequiresAquaSystemAppearance: 0
-appearance: (null)
-effectiveAppearance: <NSCompositeAppearance: 0xbd0c8c640
 (
    "<NSAquaAppearance: 0xbd0c8c6e0>",
    "<NSSystemAppearance: 0xbd0c8c780>"
)>
2026-09-14 13:57:28.850 A  PeachCommander[25236:144b9] (CoreFoundation) Loading Preferences From User CFPrefsD
2026-09-14 13:57:28.850 A  PeachCommander[25236:144b9] (CoreFoundation) Loading Preferences From User CFPrefsD
2026-09-14 13:57:28.853 A  PeachCommander[25236:144c4] (libsystem_info.dylib) Membership API: translate identifier
2026-09-14 13:57:28.855 I  PeachCommander[25236:144b9] [com.apple.CoreAnalytics:client] Dropping "com.apple.appkit.app_config" as it isn't used in any transform (not in the config or budgeted?)
2026-09-14 13:57:28.855 I  PeachCommander[25236:144b9] [com.apple.CoreAnalytics:client] Dropping "com.apple.appkit.app_config" as it isn't used in any transform (not in the config or budgeted?)
2026-09-14 13:57:28.856 Df PeachCommander[25236:144bf] [com.apple.xpc:connection] [0xbd0ca1a40] activating connection: mach=true listener=false peer=false name=com.apple.dock.fullscreen
2026-09-14 13:57:28.857 Df PeachCommander[25236:144b9] [com.apple.xpc:connection] [0xbd0ca1b80] activating connection: mach=true listener=false peer=false name=com.apple.fonts
2026-09-14 13:57:28.860 I  PeachCommander[25236:144b9] [com.apple.launchservices:cas] information in shared memory for 0x0-0x150150 with seed 533 was still valid, so using cached info { "ApplicationType"="Foreground", "BuildMachineOSBuild"="25E246", "BundleIdentifierLowerCase"="com.peachcommander.app", "CFBundleDevelopmentRegion"="en", "CFBundleDocumentTypes"=( { "CFBundleTypeName"="Peach Commander Plugin Package", "CFBundleTypeRole"="Viewer", "LSHandlerRank"="Owner", "LSItemContentTypes"=( "com.peachcommander.plugin-package") }), "CFBundleExecutable"="PeachCommander", "CFBundleExecutablePath"="/Users/admin/pc-test/PeachCommander.app/Contents/MacOS/PeachCommander", "CFBundleExecutablePathDeviceID"=16777227, "CFBundleExecutablePathINode"=488284, "CFBundleHelpBookFolder"="PeachCommander.help", "CFBundleHelpBookName"="Peach Commander Help", "CFBundleIconFile"="AppIcon", "CFBundleIconName"="AppIcon", "CFBundleIdentifier"="com.peachcommander.app", "CFBundleInfoDictionaryVersion"="6.0", "CFBundleName"="PeachCommander", "CFBundleNameLowerCase"="peachcommander", "CFBundleNumericVersion"=402685952, "CFBundlePackageType"="APPL", "CFBundleShortVersionString"="0.9.0", "CFBun<…>
2026-09-14 13:57:28.860 I  PeachCommander[25236:144b9] [com.apple.CoreAnalytics:client] Dropping "com.apple.appkit.app_config" as it isn't used in any transform (not in the config or budgeted?)
2026-09-14 13:57:28.860 Df PeachCommander[25236:144b9] [com.apple.AppKit:AutomaticTermination] -[NSApplication(NSAppssassination) _checkForAutomaticTerminationSupportPossiblyEnablingIt]_block_invoke Enabling automatic termination support.
2026-09-14 13:57:28.860 Df PeachCommander[25236:144b9] [com.apple.xpc:connection] [0xbd0ca0f00] activating connection: mach=true listener=false peer=false name=com.apple.appkit.restoration_storage
2026-09-14 13:57:28.860 I  PeachCommander[25236:144b9] [com.apple.launchservices:cas] information in shared memory for 0x0-0x150150 with seed 533 was still valid, so using cached info { "ApplicationType"="Foreground", "BuildMachineOSBuild"="25E246", "BundleIdentifierLowerCase"="com.peachcommander.app", "CFBundleDevelopmentRegion"="en", "CFBundleDocumentTypes"=( { "CFBundleTypeName"="Peach Commander Plugin Package", "CFBundleTypeRole"="Viewer", "LSHandlerRank"="Owner", "LSItemContentTypes"=( "com.peachcommander.plugin-package") }), "CFBundleExecutable"="PeachCommander", "CFBundleExecutablePath"="/Users/admin/pc-test/PeachCommander.app/Contents/MacOS/PeachCommander", "CFBundleExecutablePathDeviceID"=16777227, "CFBundleExecutablePathINode"=488284, "CFBundleHelpBookFolder"="PeachCommander.help", "CFBundleHelpBookName"="Peach Commander Help", "CFBundleIconFile"="AppIcon", "CFBundleIconName"="AppIcon", "CFBundleIdentifier"="com.peachcommander.app", "CFBundleInfoDictionaryVersion"="6.0", "CFBundleName"="PeachCommander", "CFBundleNameLowerCase"="peachcommander", "CFBundleNumericVersion"=402685952, "CFBundlePackageType"="APPL", "CFBundleShortVersionString"="0.9.0", "CFBun<…>
2026-09-14 13:57:28.860 Df PeachCommander[25236:144b9] [com.apple.xpc:connection] [0xbd0ca1040] activating connection: mach=true listener=false peer=false name=com.apple.coreservices.appleevents
2026-09-14 13:57:28.861 I  PeachCommander[25236:144b9] [com.apple.appleevents:main] _AEGetRegisteredMachPort() created default port (port:44803/0xaf03 rcv:1 send:1 limit:5) and registered it with server
2026-09-14 13:57:28.861 Df PeachCommander[25236:144b9] [com.apple.xpc:connection] [0xbd0ca0280] Connection returned listener port: 0x5403
2026-09-14 13:57:28.861 I  PeachCommander[25236:144b9] [com.apple.launchservices:cas] information in shared memory for 0x0-0x150150 with seed 533 was still valid, so using cached info { "ApplicationType"="Foreground", "BuildMachineOSBuild"="25E246", "BundleIdentifierLowerCase"="com.peachcommander.app", "CFBundleDevelopmentRegion"="en", "CFBundleDocumentTypes"=( { "CFBundleTypeName"="Peach Commander Plugin Package", "CFBundleTypeRole"="Viewer", "LSHandlerRank"="Owner", "LSItemContentTypes"=( "com.peachcommander.plugin-package") }), "CFBundleExecutable"="PeachCommander", "CFBundleExecutablePath"="/Users/admin/pc-test/PeachCommander.app/Contents/MacOS/PeachCommander", "CFBundleExecutablePathDeviceID"=16777227, "CFBundleExecutablePathINode"=488284, "CFBundleHelpBookFolder"="PeachCommander.help", "CFBundleHelpBookName"="Peach Commander Help", "CFBundleIconFile"="AppIcon", "CFBundleIconName"="AppIcon", "CFBundleIdentifier"="com.peachcommander.app", "CFBundleInfoDictionaryVersion"="6.0", "CFBundleName"="PeachCommander", "CFBundleNameLowerCase"="peachcommander", "CFBundleNumericVersion"=402685952, "CFBundlePackageType"="APPL", "CFBundleShortVersionString"="0.9.0", "CFBun<…>
2026-09-14 13:57:28.861 Df PeachCommander[25236:144b9] [com.apple.processmanager:front-35286506] SignalReady: pid=25236 asn=0x0-0x150150
2026-09-14 13:57:28.861 Df PeachCommander[25236:144b9] [com.apple.processmanager:front-35286506] SIGNAL: pid=25236 asn=0x0x-0x150150
2026-09-14 13:57:28.861 I  PeachCommander[25236:144b9] [com.apple.appleevents:main] aeGenerateFakeFirstOAPPEventIfNecessary()
2026-09-14 13:57:28.861 I  PeachCommander[25236:144b9] [com.apple.appleevents:main] aeGenerateFakeFirstOAPPEventIfNecessary(), needToCreateFakeOAPPEventIfFirstEvent == true
2026-09-14 13:57:28.861 I  PeachCommander[25236:144b9] [com.apple.launchservices:cas] Removing cached information for app [ 0x0-0x150150]  "PeachCommander", as its seed is different from that in shared memory ( 533 vs 535)
2026-09-14 13:57:28.862 I  PeachCommander[25236:144b9] [com.apple.CFPasteboard:entry] CopyData('DefaultAsciiKeyboardLayoutPasteboard' (<CFUUID 0xbd0d5c760> 66C69F16-B2A4-4354-80E0-EFC1D2921009) gen: -1 item: 1264739405 flavor: 'DefaultAsciiKeyboardLayoutFlavor')
2026-09-14 13:57:28.862 I  PeachCommander[25236:144b9] [com.apple.CFPasteboard:cache] Rebuilding cache for 'DefaultAsciiKeyboardLayoutPasteboard' (<CFUUID 0xbd0d5c760> 66C69F16-B2A4-4354-80E0-EFC1D2921009)
2026-09-14 13:57:28.862 I  PeachCommander[25236:144b9] [com.apple.CFPasteboard:exit] (not-in-cache) - result: -8 generation: 0 null data flags: 0
2026-09-14 13:57:28.862 A  PeachCommander[25236:144b9] (CoreFoundation) Loading Preferences From User CFPrefsD
2026-09-14 13:57:28.862 A  PeachCommander[25236:144b9] (CoreFoundation) Loading Preferences From System CFPrefsD
2026-09-14 13:57:28.862 I  PeachCommander[25236:144b9] [com.apple.CFPasteboard:entry] CopyData('AppleIntlFileCacheModificationDatePasteboard' (<CFUUID 0xbd0d5cc00> 1AB8537F-800D-43D8-A82C-A6A0534344AB) gen: -1 item: 1 flavor: '-32766 1768845414')
2026-09-14 13:57:28.862 I  PeachCommander[25236:144b9] [com.apple.CFPasteboard:cache] Rebuilding cache for 'AppleIntlFileCacheModificationDatePasteboard' (<CFUUID 0xbd0d5cc00> 1AB8537F-800D-43D8-A82C-A6A0534344AB)
2026-09-14 13:57:28.862 I  PeachCommander[25236:144b9] [com.apple.CFPasteboard:general] Will request data from daemon
2026-09-14 13:57:28.863 I  PeachCommander[25236:144b9] [com.apple.CFPasteboard:exit] (not-in-cache) - result: 0 generation: 7 data (310 bytes) flags: 0
2026-09-14 13:57:28.863 I  PeachCommander[25236:144b9] [com.apple.CFPasteboard:entry] CopyData('AppleIntlFileCacheModificationDatePasteboard' (<CFUUID 0xbd0d5cc00> 1AB8537F-800D-43D8-A82C-A6A0534344AB) gen: -1 item: 1 flavor: '-32765 1802264953')
2026-09-14 13:57:28.863 I  PeachCommander[25236:144b9] [com.apple.CFPasteboard:general] Will request data from daemon
2026-09-14 13:57:28.863 I  PeachCommander[25236:144b9] [com.apple.CFPasteboard:exit] (not-in-cache) - result: 0 generation: 7 data (306 bytes) flags: 0
2026-09-14 13:57:28.863 I  PeachCommander[25236:144b9] [com.apple.CFPasteboard:entry] CopyData('AppleIntlFileCacheModificationDatePasteboard' (<CFUUID 0xbd0d5cc00> 1AB8537F-800D-43D8-A82C-A6A0534344AB) gen: -1 item: 1 flavor: '-32764 1802264953')
2026-09-14 13:57:28.863 I  PeachCommander[25236:144b9] [com.apple.CFPasteboard:general] Will request data from daemon
2026-09-14 13:57:28.863 I  PeachCommander[25236:144b9] [com.apple.CFPasteboard:exit] (not-in-cache) - result: 0 generation: 7 data (281 bytes) flags: 0
2026-09-14 13:57:28.863 I  PeachCommander[25236:144b9] [com.apple.CFPasteboard:entry] CopyData('AppleIntlFileCacheModificationDatePasteboard' (<CFUUID 0xbd0d5cc00> 1AB8537F-800D-43D8-A82C-A6A0534344AB) gen: -1 item: 1 flavor: '-32763 1802264953')
2026-09-14 13:57:28.863 I  PeachCommander[25236:144b9] [com.apple.CFPasteboard:general] Will request data from daemon
2026-09-14 13:57:28.863 I  PeachCommander[25236:144b9] [com.apple.CFPasteboard:exit] (not-in-cache) - result: 0 generation: 7 data (318 bytes) flags: 0
2026-09-14 13:57:28.863 I  PeachCommander[25236:144b9] [com.apple.CFPasteboard:entry] CopyData('AppleIntlFileCacheModificationDatePasteboard' (<CFUUID 0xbd0d5cc00> 1AB8537F-800D-43D8-A82C-A6A0534344AB) gen: -1 item: 1 flavor: '-32765 1768845414')
2026-09-14 13:57:28.863 I  PeachCommander[25236:144b9] [com.apple.CFPasteboard:general] Will request data from daemon
2026-09-14 13:57:28.863 I  PeachCommander[25236:144b9] [com.apple.CFPasteboard:exit] (not-in-cache) - result: 0 generation: 7 data (303 bytes) flags: 0
2026-09-14 13:57:28.863 I  PeachCommander[25236:144b9] [com.apple.CFPasteboard:entry] CopyData('AppleIntlFileCacheModificationDatePasteboard' (<CFUUID 0xbd0d5cc00> 1AB8537F-800D-43D8-A82C-A6A0534344AB) gen: -1 item: 1 flavor: '-32763 1768845414')
2026-09-14 13:57:28.863 I  PeachCommander[25236:144b9] [com.apple.CFPasteboard:general] Will request data from daemon
2026-09-14 13:57:28.863 I  PeachCommander[25236:144b9] [com.apple.CFPasteboard:exit] (not-in-cache) - result: 0 generation: 7 data (315 bytes) flags: 0
2026-09-14 13:57:28.864 I  PeachCommander[25236:144b9] [com.apple.launchservices:cas] information in shared memory for 0x0-0x150150 with seed 535 was still valid, so using cached info { "ApplicationType"="Foreground", "BuildMachineOSBuild"="25E246", "BundleIdentifierLowerCase"="com.peachcommander.app", "CFBundleDevelopmentRegion"="en", "CFBundleDocumentTypes"=( { "CFBundleTypeName"="Peach Commander Plugin Package", "CFBundleTypeRole"="Viewer", "LSHandlerRank"="Owner", "LSItemContentTypes"=( "com.peachcommander.plugin-package") }), "CFBundleExecutable"="PeachCommander", "CFBundleExecutablePath"="/Users/admin/pc-test/PeachCommander.app/Contents/MacOS/PeachCommander", "CFBundleExecutablePathDeviceID"=16777227, "CFBundleExecutablePathINode"=488284, "CFBundleHelpBookFolder"="PeachCommander.help", "CFBundleHelpBookName"="Peach Commander Help", "CFBundleIconFile"="AppIcon", "CFBundleIconName"="AppIcon", "CFBundleIdentifier"="com.peachcommander.app", "CFBundleInfoDictionaryVersion"="6.0", "CFBundleName"="PeachCommander", "CFBundleNameLowerCase"="peachcommander", "CFBundleNumericVersion"=402685952, "CFBundlePackageType"="APPL", "CFBundleShortVersionString"="0.9.0", "CFBun<…>
2026-09-14 13:57:28.864 Df PeachCommander[25236:144b9] [com.apple.xpc:connection] [0xbd0ca1e00] activating connection: mach=false listener=false peer=false name=com.apple.ViewBridgeAuxiliary
2026-09-14 13:57:28.869 Df PeachCommander[25236:144b9] [com.apple.xpc:connection] [0xbd0ca1cc0] activating connection: mach=false listener=false peer=false name=(anonymous)
2026-09-14 13:57:28.869 Df PeachCommander[25236:144b9] [com.apple.xpc:connection] [0xbd0ca1f40] activating connection: mach=false listener=true peer=false name=(anonymous)
2026-09-14 13:57:28.869 Df PeachCommander[25236:144b9] [com.apple.xpc:connection] [0xbd0ca1f40] Connection returned listener port: 0xf603
2026-09-14 13:57:28.869 Df PeachCommander[25236:144b9] [com.apple.xpc:connection] [0xbd0ca1e00] invalidated after the last release of the connection object
2026-09-14 13:57:28.869 I  PeachCommander[25236:144b9] [com.apple.showhide:pr-59900543] SHOWHIDE: SHOW id=560 0x0-0x150150, err=0 eventTime=1702534684125 windowID=0
2026-09-14 13:57:28.869 I  PeachCommander[25236:144b9] [com.apple.CarbonCore:coreservicesdaemon] findOrCreateCacheable():findOrCreateCacheable(), factoryName=3 cacheableName=<private> fCacheables.size()=0
2026-09-14 13:57:28.869 I  PeachCommander[25236:144b9] [com.apple.CarbonCore:coreservicesdaemon] findOrCreateCacheable():findOrCreateCacheable(), result = 0xbd1149880 (should be non-NULL)
2026-09-14 13:57:28.870 Df PeachCommander[25236:144b9] [com.apple.AppKit:AutomaticTermination] void _NSDisableAutomaticTerminationAndLog(NSString *) Restoring windows
2026-09-14 13:57:28.870 Df PeachCommander[25236:144b9] [com.apple.AppKit:StateRestoration] -[NSApplication _reopenWindowsAsNecessaryIncludingRestorableState:withFullFidelity:completionHandler:] shouldRestoreState=1 hasPersistentStateToRestore=0 shouldStillRestoreStateAfterPrompting=0
2026-09-14 13:57:28.870 Df PeachCommander[25236:144b9] [com.apple.xpc:connection] [0xbd0ca1e00] activating connection: mach=true listener=false peer=false name=com.apple.window_proxies
2026-09-14 13:57:28.870 Df PeachCommander[25236:144b9] [com.apple.xpc:connection] [0xbd0ca1e00] invalidated because the current process cancelled the connection by calling xpc_connection_cancel()
2026-09-14 13:57:28.870 I  PeachCommander[25236:144b9] [com.apple.SkyLight:processes] 0[outside of RPC]: SLSSetFrontProcessWithInfo(0x0-0x2 window=0 options=0x1
2026-09-14 13:57:28.870 I  PeachCommander[25236:144b9] [com.apple.CoreAnalytics:client] Dropping "com.apple.appkit.app_config" as it isn't used in any transform (not in the config or budgeted?)
2026-09-14 13:57:28.870 Df PeachCommander[25236:144b9] [com.apple.AppKit:AutomaticTermination] void _NSEnableAutomaticTerminationAndLog(NSString *) Restoring windows
2026-09-14 13:57:28.872 I  PeachCommander[25236:144b9] [com.apple.CoreAnalytics:client] Dropping "com.apple.appkit.app_config" as it isn't used in any transform (not in the config or budgeted?)
2026-09-14 13:57:28.873 I  PeachCommander[25236:144b9] [com.apple.CoreAnalytics:client] Dropping "com.apple.appkit.app_config" as it isn't used in any transform (not in the config or budgeted?)
2026-09-14 13:57:28.881 A  PeachCommander[25236:144b9] (CoreFoundation) Loading Preferences From User CFPrefsD
2026-09-14 13:57:28.886 I  PeachCommander[25236:144b9] [com.peachcommander:PCFoundation] VolumeManager initialized
2026-09-14 13:57:28.903 Df PeachCommander[25236:144b9] [com.apple.BoardServices:XPCErrors] [C:1] Alloc <private>
2026-09-14 13:57:28.903 Df PeachCommander[25236:144b9] [com.apple.xpc:connection] [0xbd0ff5180] activating connection: mach=false listener=false peer=false name=(anonymous)
2026-09-14 13:57:28.904 I  PeachCommander[25236:144b9] [com.apple.AppKit:Window] context (0 -> 67a0ea20) for window 54c
2026-09-14 13:57:28.905 Df PeachCommander[25236:144c5] [com.apple.corespotlight:index] (<private>) deleteSearchableItemsWithDomainIdentifiers, protectionClass:(null), domainIdentifiers number:1
2026-09-14 13:57:28.905 A  PeachCommander[25236:144c5] (CoreSpotlight) delete-domains
2026-09-14 13:57:28.905 Df PeachCommander[25236:144c0] [com.apple.corespotlight:index] CSInlineDonation:<private>: Skipping donation (feature flag disabled)
2026-09-14 13:57:28.905 Df PeachCommander[25236:144c0] (CoreSpotlight) sConnectionName: com.apple.spotlight.IndexAgent
2026-09-14 13:57:28.905 Df PeachCommander[25236:144c0] (CoreSpotlight) Start service name com.apple.spotlight.IndexAgent
2026-09-14 13:57:28.905 Df PeachCommander[25236:144c0] [com.apple.xpc:connection] [0xbd0ff5400] activating connection: mach=true listener=false peer=false name=com.apple.spotlight.IndexAgent
2026-09-14 13:57:28.905 I  PeachCommander[25236:144b9] [com.peachcommander:PCFoundation] MainWindowController initialized (config: <private>)
2026-09-14 13:57:28.905 I  PeachCommander[25236:144b9] [com.peachcommander:PCFoundation] SelectionState initialized
2026-09-14 13:57:28.905 I  PeachCommander[25236:144b9] [com.peachcommander:PCFoundation] DirectoryModel initialized
2026-09-14 13:57:28.905 I  PeachCommander[25236:144b9] [com.peachcommander:PCFoundation] VolumeManager initialized
2026-09-14 13:57:28.905 I  PeachCommander[25236:144b9] [com.peachcommander:PCFoundation] PanelController initialized for <private> panel
2026-09-14 13:57:28.906 I  PeachCommander[25236:144b9] [com.peachcommander:PCFoundation] SelectionState initialized
2026-09-14 13:57:28.906 I  PeachCommander[25236:144b9] [com.peachcommander:PCFoundation] DirectoryModel initialized
2026-09-14 13:57:28.906 I  PeachCommander[25236:144b9] [com.peachcommander:PCFoundation] VolumeManager initialized
2026-09-14 13:57:28.906 I  PeachCommander[25236:144b9] [com.peachcommander:PCFoundation] PanelController initialized for <private> panel
2026-09-14 13:57:28.909 I  PeachCommander[25236:144b9] [com.apple.AppKit:Animation] Running new animation: <private>
2026-09-14 13:57:28.909 I  PeachCommander[25236:144b9] [com.apple.AppKit:Animation] Running new animation: <private>
2026-09-14 13:57:28.909 I  PeachCommander[25236:144b9] [com.apple.AppKit:Animation] Running new animation: <private>
2026-09-14 13:57:28.909 I  PeachCommander[25236:144b9] [com.apple.AppKit:Animation] Running new animation: <private>
2026-09-14 13:57:28.909 I  PeachCommander[25236:144b9] [com.apple.AppKit:Animation] Running new animation: <private>
2026-09-14 13:57:28.911 I  PeachCommander[25236:144b9] [com.apple.AppKit:Animation] Running new animation: <private>
2026-09-14 13:57:28.911 I  PeachCommander[25236:144b9] [com.apple.AppKit:Animation] Running new animation: <private>
2026-09-14 13:57:28.911 I  PeachCommander[25236:144b9] [com.apple.AppKit:Animation] Running new animation: <private>
2026-09-14 13:57:28.911 I  PeachCommander[25236:144b9] [com.apple.AppKit:Animation] Running new animation: <private>
2026-09-14 13:57:28.911 I  PeachCommander[25236:144b9] [com.apple.AppKit:Animation] Running new animation: <private>
2026-09-14 13:57:28.914 A  PeachCommander[25236:144c5] (RunningBoardServices) didChangeInheritances
2026-09-14 13:57:28.917 I  PeachCommander[25236:144b9] [com.apple.CoreAnalytics:client] Dropping "com.apple.appkit.app_config" as it isn't used in any transform (not in the config or budgeted?)
2026-09-14 13:57:28.919 I  PeachCommander[25236:144b9] [com.apple.CoreAnalytics:client] Dropping "com.apple.appkit.app_config" as it isn't used in any transform (not in the config or budgeted?)
2026-09-14 13:57:28.922 I  PeachCommander[25236:144b9] [com.apple.launchservices:datasep] application record search init. Node: <FSNode 0xbd195eba0> { isDir = ?, path = <private> } bundleID: (null) itemID: 0
2026-09-14 13:57:28.923 I  PeachCommander[25236:144b9] [com.apple.GenerativeModels:availability] Current availability state: unavailable, use cases: com.apple.Settings.AppleIntelligence,com.apple.Siri.NLRouter, language: en, api: <private>
2026-09-14 13:57:28.923 Df PeachCommander[25236:144b9] [com.apple.GenerativeModels:availability] isOkayToHaveAsset: False
2026-09-14 13:57:28.923 E  PeachCommander[25236:144b9] [com.apple.siri:Utility] AFIsDeviceGreymatterEligible Missing entitlements for os_eligibility lookup
2026-09-14 13:57:28.923 I  PeachCommander[25236:144b9] [com.apple.GenerativeModels:availability] Current availability state: unavailable, use cases: com.apple.Settings.AppleIntelligence, language: en, api: <private>
2026-09-14 13:57:28.923 Df PeachCommander[25236:144b9] [com.apple.GenerativeModels:availability] isOkayToHaveAsset: False
2026-09-14 13:57:28.923 Df PeachCommander[25236:144b9] [com.apple.siri:Utility] -[AFSystemAssistantExperienceStatusManager fetchGenerativeModelsAvailability] #SAEStatus #cacheUpdate Updating cache:
deviceSupportsSAE: 0 (0)
       saeEnabled: 0 (0)
     saeAvailable: 0 (0)
      swaiEnabled: 0 (0)
        viEnabled: 0 (0)
        siriAvailability:
        <private>
        ((null))
2026-09-14 13:57:28.923 Df PeachCommander[25236:144b9] [com.apple.xpc:connection] [0xbd0ac0140] activating connection: mach=true listener=false peer=false name=com.apple.iconservices
2026-09-14 13:57:28.924 Df PeachCommander[25236:144b9] [com.apple.xpc:connection] [0xbd0ac0280] activating connection: mach=true listener=false peer=false name=com.apple.iconservices.store
2026-09-14 13:57:28.928 I  PeachCommander[25236:144b9] [com.peachcommander:Theme] no user themes in /Users/admin/pc-cfg/themes
2026-09-14 13:57:28.928 Df PeachCommander[25236:144b9] [com.apple.AppKit:Appearance] Invalidate NSApp effectiveAppearance
2026-09-14 13:57:28.928 Df PeachCommander[25236:144b9] [com.apple.AppKit:Appearance] NSApp cache appearance:
-NSRequiresAquaSystemAppearance: 0
-appearance: (null)
-effectiveAppearance: <NSCompositeAppearance: 0xbd0c8c640
 (
    "<NSAquaAppearance: 0xbd0c8c6e0>",
    "<NSSystemAppearance: 0xbd0c8c780>"
)>
2026-09-14 13:57:28.928 A  PeachCommander[25236:144c0] (libsystem_info.dylib) Retrieve Group by ID
2026-09-14 13:57:28.929 I  PeachCommander[25236:144b9] [com.peachcommander:PCFoundation] Theme applied: id=system, appearance=system, dark=false, background=#FFFFFF
2026-09-14 13:57:28.953 I  PeachCommander[25236:144b9] [com.apple.iconservices:foundation] layer data size zero
2026-09-14 13:57:28.954 I  PeachCommander[25236:144b9] [com.apple.CoreAnalytics:client] Dropping "com.apple.appkit.app_config" as it isn't used in any transform (not in the config or budgeted?)
2026-09-14 13:57:28.957 I  PeachCommander[25236:144b9] [com.peachcommander:PCFoundation] Keymap loaded: scheme=<private>, 82 effective bindings
2026-09-14 13:57:28.958 I  PeachCommander[25236:144b9] [com.apple.AppKit:Animation] Running new animation: <private>
2026-09-14 13:57:28.958 I  PeachCommander[25236:144b9] [com.apple.AppKit:Animation] Running new animation: <private>
2026-09-14 13:57:28.958 I  PeachCommander[25236:144b9] [com.apple.AppKit:Animation] Running new animation: <private>
2026-09-14 13:57:28.958 I  PeachCommander[25236:144b9] [com.apple.AppKit:Animation] Running new animation: <private>
2026-09-14 13:57:28.958 I  PeachCommander[25236:144b9] [com.apple.AppKit:Animation] Running new animation: <private>
2026-09-14 13:57:28.958 I  PeachCommander[25236:144b9] [com.apple.AppKit:Animation] Running new animation: <private>
2026-09-14 13:57:28.958 I  PeachCommander[25236:144b9] [com.apple.AppKit:Animation] Running new animation: <private>
2026-09-14 13:57:28.958 I  PeachCommander[25236:144b9] [com.apple.AppKit:Animation] Running new animation: <private>
2026-09-14 13:57:28.958 I  PeachCommander[25236:144b9] [com.apple.AppKit:Animation] Running new animation: <private>
2026-09-14 13:57:28.958 I  PeachCommander[25236:144b9] [com.apple.AppKit:Animation] Running new animation: <private>
2026-09-14 13:57:28.961 I  PeachCommander[25236:144b9] [com.apple.CoreAnalytics:client] Dropping "<private>" as it isn't used in any transform (not in the config or budgeted?)
2026-09-14 13:57:28.961 I  PeachCommander[25236:144b9] [com.apple.CoreAnalytics:client] Dropping "<private>" as it isn't used in any transform (not in the config or budgeted?)
2026-09-14 13:57:28.961 I  PeachCommander[25236:144b9] [com.apple.CoreAnalytics:client] Dropping "<private>" as it isn't used in any transform (not in the config or budgeted?)
2026-09-14 13:57:28.961 I  PeachCommander[25236:144b9] [com.peachcommander:PCFoundation] MainWindowController window loaded
2026-09-14 13:57:28.962 I  PeachCommander[25236:144b9] [com.apple.launchservices:cas] information in shared memory for 0x0-0x150150 with seed 535 was still valid, so using cached info { "ApplicationType"="Foreground", "BuildMachineOSBuild"="25E246", "BundleIdentifierLowerCase"="com.peachcommander.app", "CFBundleDevelopmentRegion"="en", "CFBundleDocumentTypes"=( { "CFBundleTypeName"="Peach Commander Plugin Package", "CFBundleTypeRole"="Viewer", "LSHandlerRank"="Owner", "LSItemContentTypes"=( "com.peachcommander.plugin-package") }), "CFBundleExecutable"="PeachCommander", "CFBundleExecutablePath"="/Users/admin/pc-test/PeachCommander.app/Contents/MacOS/PeachCommander", "CFBundleExecutablePathDeviceID"=16777227, "CFBundleExecutablePathINode"=488284, "CFBundleHelpBookFolder"="PeachCommander.help", "CFBundleHelpBookName"="Peach Commander Help", "CFBundleIconFile"="AppIcon", "CFBundleIconName"="AppIcon", "CFBundleIdentifier"="com.peachcommander.app", "CFBundleInfoDictionaryVersion"="6.0", "CFBundleName"="PeachCommander", "CFBundleNameLowerCase"="peachcommander", "CFBundleNumericVersion"=402685952, "CFBundlePackageType"="APPL", "CFBundleShortVersionString"="0.9.0", "CFBun<…>
2026-09-14 13:57:28.962 I  PeachCommander[25236:144b9] [com.apple.launchservices:cas] information in shared memory for 0x0-0x150150 with seed 535 was still valid, so using cached info { "ApplicationType"="Foreground", "BuildMachineOSBuild"="25E246", "BundleIdentifierLowerCase"="com.peachcommander.app", "CFBundleDevelopmentRegion"="en", "CFBundleDocumentTypes"=( { "CFBundleTypeName"="Peach Commander Plugin Package", "CFBundleTypeRole"="Viewer", "LSHandlerRank"="Owner", "LSItemContentTypes"=( "com.peachcommander.plugin-package") }), "CFBundleExecutable"="PeachCommander", "CFBundleExecutablePath"="/Users/admin/pc-test/PeachCommander.app/Contents/MacOS/PeachCommander", "CFBundleExecutablePathDeviceID"=16777227, "CFBundleExecutablePathINode"=488284, "CFBundleHelpBookFolder"="PeachCommander.help", "CFBundleHelpBookName"="Peach Commander Help", "CFBundleIconFile"="AppIcon", "CFBundleIconName"="AppIcon", "CFBundleIdentifier"="com.peachcommander.app", "CFBundleInfoDictionaryVersion"="6.0", "CFBundleName"="PeachCommander", "CFBundleNameLowerCase"="peachcommander", "CFBundleNumericVersion"=402685952, "CFBundlePackageType"="APPL", "CFBundleShortVersionString"="0.9.0", "CFBun<…>
2026-09-14 13:57:28.970 I  PeachCommander[25236:144b9] [com.apple.AppKit:Window] order window front conditionally: 54c related: 0
2026-09-14 13:57:28.970 Df PeachCommander[25236:144b9] [com.apple.AppKit:AutomaticTermination] void _NSEnableAutomaticTerminationAndLog(NSString *) No windows open yet
2026-09-14 13:57:28.971 I  PeachCommander[25236:144b9] [com.apple.AppKit:Intelligence] starting collection observation
2026-09-14 13:57:28.971 Df PeachCommander[25236:144c5] [com.apple.UIIntelligenceSupport:xpc] establishing connection to agent
2026-09-14 13:57:28.971 Df PeachCommander[25236:144c5] [com.apple.xpc:session] [0xbd0485130] Session created.
2026-09-14 13:57:28.971 Df PeachCommander[25236:144c5] [com.apple.xpc:session] [0xbd0485130] Session created from connection [0xbd0ac2300]
2026-09-14 13:57:28.971 Df PeachCommander[25236:144c5] [com.apple.xpc:connection] [0xbd0ac2300] activating connection: mach=true listener=false peer=false name=com.apple.uiintelligencesupport.agent
2026-09-14 13:57:28.971 Df PeachCommander[25236:144c5] [com.apple.xpc:session] [0xbd0485130] Session activated
2026-09-14 13:57:28.971 I  PeachCommander[25236:144b9] [com.apple.SkyLight:processes] 0[outside of RPC]: SLSSetFrontProcessWithInfo(0x0-0x2 window=0 options=0x1
2026-09-14 13:57:28.971 Df PeachCommander[25236:144c4] [com.apple.UIIntelligenceSupport:xpc] Connection established with agent PID: 1213
2026-09-14 13:57:28.972 I  PeachCommander[25236:144b9] [com.apple.launchservices:cas] information in shared memory for 0x0-0x150150 with seed 535 was still valid, so using cached info { "ApplicationType"="Foreground", "BuildMachineOSBuild"="25E246", "BundleIdentifierLowerCase"="com.peachcommander.app", "CFBundleDevelopmentRegion"="en", "CFBundleDocumentTypes"=( { "CFBundleTypeName"="Peach Commander Plugin Package", "CFBundleTypeRole"="Viewer", "LSHandlerRank"="Owner", "LSItemContentTypes"=( "com.peachcommander.plugin-package") }), "CFBundleExecutable"="PeachCommander", "CFBundleExecutablePath"="/Users/admin/pc-test/PeachCommander.app/Contents/MacOS/PeachCommander", "CFBundleExecutablePathDeviceID"=16777227, "CFBundleExecutablePathINode"=488284, "CFBundleHelpBookFolder"="PeachCommander.help", "CFBundleHelpBookName"="Peach Commander Help", "CFBundleIconFile"="AppIcon", "CFBundleIconName"="AppIcon", "CFBundleIdentifier"="com.peachcommander.app", "CFBundleInfoDictionaryVersion"="6.0", "CFBundleName"="PeachCommander", "CFBundleNameLowerCase"="peachcommander", "CFBundleNumericVersion"=402685952, "CFBundlePackageType"="APPL", "CFBundleShortVersionString"="0.9.0", "CFBun<…>
2026-09-14 13:57:28.972 Df PeachCommander[25236:144b9] [com.apple.xpc:connection] [0xbd0ac2440] activating connection: mach=true listener=false peer=false name=com.apple.FileCoordination
2026-09-14 13:57:28.972 Df PeachCommander[25236:144c4] [com.apple.foundation.filecoordination:presenter] Adding presenter 11D6CE48-EBDE-4B37-A385-9CA845CC6F1D for URL: <private>
2026-09-14 13:57:28.972 I  PeachCommander[25236:144b9] [com.apple.launchservices:cas] information in shared memory for 0x0-0x150150 with seed 535 was still valid, so using cached info { "ApplicationType"="Foreground", "BuildMachineOSBuild"="25E246", "BundleIdentifierLowerCase"="com.peachcommander.app", "CFBundleDevelopmentRegion"="en", "CFBundleDocumentTypes"=( { "CFBundleTypeName"="Peach Commander Plugin Package", "CFBundleTypeRole"="Viewer", "LSHandlerRank"="Owner", "LSItemContentTypes"=( "com.peachcommander.plugin-package") }), "CFBundleExecutable"="PeachCommander", "CFBundleExecutablePath"="/Users/admin/pc-test/PeachCommander.app/Contents/MacOS/PeachCommander", "CFBundleExecutablePathDeviceID"=16777227, "CFBundleExecutablePathINode"=488284, "CFBundleHelpBookFolder"="PeachCommander.help", "CFBundleHelpBookName"="Peach Commander Help", "CFBundleIconFile"="AppIcon", "CFBundleIconName"="AppIcon", "CFBundleIdentifier"="com.peachcommander.app", "CFBundleInfoDictionaryVersion"="6.0", "CFBundleName"="PeachCommander", "CFBundleNameLowerCase"="peachcommander", "CFBundleNumericVersion"=402685952, "CFBundlePackageType"="APPL", "CFBundleShortVersionString"="0.9.0", "CFBun<…>
2026-09-14 13:57:28.975 I  PeachCommander[25236:144b9] [com.apple.AppKit:Window] order all windows front 1702534684125
2026-09-14 13:57:28.975 I  PeachCommander[25236:144b9] [com.apple.launchservices:cas] information in shared memory for 0x0-0x150150 with seed 535 was still valid, so using cached info { "ApplicationType"="Foreground", "BuildMachineOSBuild"="25E246", "BundleIdentifierLowerCase"="com.peachcommander.app", "CFBundleDevelopmentRegion"="en", "CFBundleDocumentTypes"=( { "CFBundleTypeName"="Peach Commander Plugin Package", "CFBundleTypeRole"="Viewer", "LSHandlerRank"="Owner", "LSItemContentTypes"=( "com.peachcommander.plugin-package") }), "CFBundleExecutable"="PeachCommander", "CFBundleExecutablePath"="/Users/admin/pc-test/PeachCommander.app/Contents/MacOS/PeachCommander", "CFBundleExecutablePathDeviceID"=16777227, "CFBundleExecutablePathINode"=488284, "CFBundleHelpBookFolder"="PeachCommander.help", "CFBundleHelpBookName"="Peach Commander Help", "CFBundleIconFile"="AppIcon", "CFBundleIconName"="AppIcon", "CFBundleIdentifier"="com.peachcommander.app", "CFBundleInfoDictionaryVersion"="6.0", "CFBundleName"="PeachCommander", "CFBundleNameLowerCase"="peachcommander", "CFBundleNumericVersion"=402685952, "CFBundlePackageType"="APPL", "CFBundleShortVersionString"="0.9.0", "CFBun<…>
2026-09-14 13:57:28.975 I  PeachCommander[25236:144b9] [com.apple.showhide:pr-59900543] SHOWHIDE: CONFIRM, id=560, err=0
2026-09-14 13:57:28.975 I  PeachCommander[25236:144b9] [com.apple.AppKit:Window] context (0 -> 923ac424) for window 54b
2026-09-14 13:57:28.975 I  PeachCommander[25236:144b9] [com.apple.AppKit:Window] context (0 -> 615c974c) for window 54a
2026-09-14 13:57:28.975 I  PeachCommander[25236:144b9] [com.apple.AppKit:Window] context (0 -> 8af7d45e) for window 549
2026-09-14 13:57:28.975 I  PeachCommander[25236:144b9] [com.apple.AppKit:Window] context (0 -> 1275f810) for window 548
2026-09-14 13:57:29.001 Df PeachCommander[25236:144b9] [com.apple.AppKit:AutomaticTermination] void _updateToReflectAutomaticTerminationState(void) Setting _kLSApplicationWouldBeTerminatedByTALKey=0
2026-09-14 13:57:29.001 I  PeachCommander[25236:144b9] [com.apple.runningboard:assertion] Acquiring assertion: <RBSAssertionDescriptor| "AppNap adapter assertion" ID:(null) target:25236>
2026-09-14 13:57:29.035 A  PeachCommander[25236:144c5] (RunningBoardServices) didChangeInheritances
2026-09-14 13:57:29.057 Df PeachCommander[25236:144b9] [com.apple.libsystem.libdispatch:] DEPRECATED USE in libdispatch client: dispatch source activated with no event handler set; set a breakpoint on _dispatch_bug_deprecated to debug
2026-09-14 13:57:29.146 I  PeachCommander[25236:144b9] [com.apple.coreanimation:Utilities] IOSurface Compression Enabled: NO
2026-09-14 13:57:29.147 Df PeachCommander[25236:144c4] [com.apple.coreanimation:Metal] Precompiled pipelines disabled on unsupported hardware.
2026-09-14 13:57:29.158 I  PeachCommander[25236:144b9] [com.apple.CarbonCore:gestalt] SetGestaltValuesBulk SetGestaltValuesBulk( count=22 tuples=0x184a9e650
2026-09-14 13:57:29.158 I  PeachCommander[25236:144b9] [com.apple.CarbonCore:gestalt] SetGestaltValue SetGestaltValue(alis 1C9) => 0
2026-09-14 13:57:29.158 I  PeachCommander[25236:144b9] [com.apple.CarbonCore:gestalt] SetGestaltValue SetGestaltValue(os   FE) => 0
2026-09-14 13:57:29.158 I  PeachCommander[25236:144b9] [com.apple.CarbonCore:gestalt] SetGestaltValue SetGestaltValue(addr 7) => 0
2026-09-14 13:57:29.158 I  PeachCommander[25236:144b9] [com.apple.CarbonCore:gestalt] SetGestaltValue SetGestaltValue(fs   3D332) => 0
2026-09-14 13:57:29.158 I  PeachCommander[25236:144b9] [com.apple.CarbonCore:gestalt] SetGestaltValue SetGestaltValue(fold 11) => 0
2026-09-14 13:57:29.158 I  PeachCommander[25236:144b9] [com.apple.CarbonCore:gestalt] SetGestaltValue SetGestaltValue(lram 7FFFF000) => 0
2026-09-14 13:57:29.158 I  PeachCommander[25236:144b9] [com.apple.CarbonCore:gestalt] SetGestaltValue SetGestaltValue(mmap 1) => 0
2026-09-14 13:57:29.158 I  PeachCommander[25236:144b9] [com.apple.CarbonCore:gestalt] SetGestaltValue SetGestaltValue(cfrg 1) => 0
2026-09-14 13:57:29.158 I  PeachCommander[25236:144b9] [com.apple.CarbonCore:gestalt] SetGestaltValue SetGestaltValue(thds 7) => 0
2026-09-14 13:57:29.158 I  PeachCommander[25236:144b9] [com.apple.CarbonCore:gestalt] SetGestaltValue SetGestaltValue(tmgr E) => 0
2026-09-14 13:57:29.158 I  PeachCommander[25236:144b9] [com.apple.CarbonCore:gestalt] SetGestaltValue SetGestaltValue(vers 7) => 0
2026-09-14 13:57:29.158 I  PeachCommander[25236:144b9] [com.apple.CarbonCore:gestalt] SetGestaltValue SetGestaltValue(cbon 160) => 0
2026-09-14 13:57:29.158 I  PeachCommander[25236:144b9] [com.apple.CarbonCore:gestalt] SetGestaltValue SetGestaltValue(cltn 1108000) => 0
2026-09-14 13:57:29.158 I  PeachCommander[25236:144b9] [com.apple.CarbonCore:gestalt] SetGestaltValue SetGestaltValue(cpnt 8) => 0
2026-09-14 13:57:29.158 I  PeachCommander[25236:144b9] [com.apple.CarbonCore:gestalt] SetGestaltValue SetGestaltValue(rsrc 3) => 0
2026-09-14 13:57:29.158 I  PeachCommander[25236:144b9] [com.apple.CarbonCore:gestalt] SetGestaltValue SetGestaltValue(rmbg 11F) => 0
2026-09-14 13:57:29.158 I  PeachCommander[25236:144b9] [com.apple.CarbonCore:gestalt] SetGestaltValue SetGestaltValue(vm   11) => 0
2026-09-14 13:57:29.158 I  PeachCommander[25236:144b9] [com.apple.CarbonCore:gestalt] SetGestaltValue SetGestaltValue(srad 4170706C) => 0
2026-09-14 13:57:29.158 I  PeachCommander[25236:144b9] [com.apple.CarbonCore:gestalt] SetGestaltValue SetGestaltValue(sysa 14) => 0
2026-09-14 13:57:29.158 I  PeachCommander[25236:144b9] [com.apple.CarbonCore:gestalt] SetGestaltValue SetGestaltValue(copl 9) => 0
2026-09-14 13:57:29.158 I  PeachCommander[25236:144b9] [com.apple.CarbonCore:gestalt] SetGestaltValue SetGestaltValue(xlat 0) => 0
2026-09-14 13:57:29.158 I  PeachCommander[25236:144b9] [com.apple.CarbonCore:gestalt] SetGestaltValue SetGestaltValue(stdf 0) => 0
2026-09-14 13:57:29.158 I  PeachCommander[25236:144b9] [com.apple.CarbonCore:gestalt] _NewGestalt _NewGestalt(ram  0x184a17644) => 0
2026-09-14 13:57:29.158 I  PeachCommander[25236:144b9] [com.apple.CarbonCore:gestalt] _NewGestalt _NewGestalt(ramm 0x184a17644) => 0
2026-09-14 13:57:29.158 I  PeachCommander[25236:144b9] [com.apple.CarbonCore:gestalt] _NewGestalt _NewGestalt(cput 0x184a17734) => 0
2026-09-14 13:57:29.158 I  PeachCommander[25236:144b9] [com.apple.CarbonCore:gestalt] _NewGestalt _NewGestalt(cpuf 0x184a17764) => 0
2026-09-14 13:57:29.158 I  PeachCommander[25236:144b9] [com.apple.CarbonCore:gestalt] _NewGestalt _NewGestalt(bclk 0x184a17794) => 0
2026-09-14 13:57:29.158 I  PeachCommander[25236:144b9] [com.apple.CarbonCore:gestalt] _NewGestalt _NewGestalt(bclm 0x184a17794) => 0
2026-09-14 13:57:29.158 I  PeachCommander[25236:144b9] [com.apple.CarbonCore:gestalt] _NewGestalt _NewGestalt(pclk 0x184a17834) => 0
2026-09-14 13:57:29.158 I  PeachCommander[25236:144b9] [com.apple.CarbonCore:gestalt] _NewGestalt _NewGestalt(mclk 0x184a17834) => 0
2026-09-14 13:57:29.158 I  PeachCommander[25236:144b9] [com.apple.CarbonCore:gestalt] _NewGestalt _NewGestalt(a/ux 0x184a1794c) => 0
2026-09-14 13:57:29.158 I  PeachCommander[25236:144b9] [com.apple.CarbonCore:gestalt] _NewGestalt _NewGestalt(pgsz 0x184a17954) => 0
2026-09-14 13:57:29.158 I  PeachCommander[25236:144b9] [com.apple.CarbonCore:gestalt] _NewGestalt _NewGestalt(csiz 0x184a17994) => 0
2026-09-14 13:57:29.158 I  PeachCommander[25236:144b9] [com.apple.CarbonCore:gestalt] _NewGestalt _NewGestalt(sysv 0x1849c2dfc) => 0
2026-09-14 13:57:29.158 I  PeachCommander[25236:144b9] [com.apple.CarbonCore:gestalt] _NewGestalt _NewGestalt(sys1 0x1849c2dfc) => 0
2026-09-14 13:57:29.158 I  PeachCommander[25236:144b9] [com.apple.CarbonCore:gestalt] _NewGestalt _NewGestalt(sys2 0x1849c2dfc) => 0
2026-09-14 13:57:29.158 I  PeachCommander[25236:144b9] [com.apple.CarbonCore:gestalt] _NewGestalt _NewGestalt(sys3 0x1849c2dfc) => 0
2026-09-14 13:57:29.158 I  PeachCommander[25236:144b9] [com.apple.CarbonCore:gestalt] _NewGestalt _NewGestalt(cdfl 0x184a179d4) => 0
2026-09-14 13:57:29.158 I  PeachCommander[25236:144b9] [com.apple.CarbonCore:gestalt] _NewGestalt _NewGestalt(cdrm 0x184a17c30) => 0
2026-09-14 13:57:29.158 I  PeachCommander[25236:144b9] [com.apple.CarbonCore:gestalt] _NewGestalt _NewGestalt(cpus 0x184a17c78) => 0
2026-09-14 13:57:29.158 I  PeachCommander[25236:144b9] [com.apple.CarbonCore:gestalt] SetGestaltValue SetGestaltValue(swex 1) => 0
2026-09-14 13:57:29.158 Df PeachCommander[25236:144b9] [com.apple.xpc:connection] [0xbd0ac3980] activating connection: mach=false listener=false peer=false name=com.apple.hiservices-xpcservice
2026-09-14 13:57:29.159 I  PeachCommander[25236:144b9] [com.apple.CFPasteboard:entry] CopyData('ApplePerContextInputPasteboard' (<CFUUID 0xbd04701c0> 0E560C11-411E-4FD5-9273-BD9443FE5194) gen: -1 item: 1264739405 flavor: 'ApplePerContextInputFlavor')
2026-09-14 13:57:29.159 I  PeachCommander[25236:144b9] [com.apple.CFPasteboard:cache] Rebuilding cache for 'ApplePerContextInputPasteboard' (<CFUUID 0xbd04701c0> 0E560C11-411E-4FD5-9273-BD9443FE5194)
2026-09-14 13:57:29.159 I  PeachCommander[25236:144b9] [com.apple.CFPasteboard:general] Will request data from daemon
2026-09-14 13:57:29.160 I  PeachCommander[25236:144b9] [com.apple.CFPasteboard:exit] (not-in-cache) - result: 0 generation: 1 data (182 bytes) flags: 0
2026-09-14 13:57:29.160 I  PeachCommander[25236:144b9] [com.apple.CFPasteboard:entry] CopyData('DefaultAsciiKeyboardLayoutPasteboard' (<CFUUID 0xbd0d5c760> 66C69F16-B2A4-4354-80E0-EFC1D2921009) gen: -1 item: 1264739405 flavor: 'DefaultAsciiKeyboardLayoutFlavor')
2026-09-14 13:57:29.160 I  PeachCommander[25236:144b9] [com.apple.CFPasteboard:exit] (not-in-cache) - result: -8 generation: 0 null data flags: 0
2026-09-14 13:57:29.161 I  PeachCommander[25236:144b9] [com.apple.AppKit:Window] context (0 -> b6ffad6f) for window 54d
2026-09-14 13:57:29.162 Df PeachCommander[25236:144b9] [com.apple.inputmethodkitClient:Client] +[IMKClient subclass]: chose IMKClient_Modern
2026-09-14 13:57:29.162 Df PeachCommander[25236:144b9] [com.apple.BoardServices:XPCErrors] [C:2] Alloc com.apple.backboard.hid-services.xpc
2026-09-14 13:57:29.162 Df PeachCommander[25236:144b9] [com.apple.xpc:connection] [0xbd0ac3ac0] activating connection: mach=false listener=false peer=false name=(anonymous)
2026-09-14 13:57:29.162 E  PeachCommander[25236:144c5] [com.apple.BaseBoard:Common] Unable to obtain a task name port right for pid 168: (os/kern) failure (0x5)
2026-09-14 13:57:29.162 Df PeachCommander[25236:144c4] [com.apple.xpc:connection] [0xbd0ac2940] activating connection: mach=false listener=false peer=false name=com.apple.TextInputUI.xpc.CursorUIViewService
2026-09-14 13:57:29.162 Df PeachCommander[25236:144c4] [com.apple.xpc:connection] [0xbd0ac2940] invalidated after the last release of the connection object
2026-09-14 13:57:29.163 I  PeachCommander[25236:144b9] [com.apple.CFPasteboard:entry] CopyData('DefaultAsciiKeyboardLayoutPasteboard' (<CFUUID 0xbd0d5c760> 66C69F16-B2A4-4354-80E0-EFC1D2921009) gen: -1 item: 1264739405 flavor: 'DefaultAsciiKeyboardLayoutFlavor')
2026-09-14 13:57:29.163 I  PeachCommander[25236:144b9] [com.apple.CFPasteboard:exit] (not-in-cache) - result: -8 generation: 0 null data flags: 0
2026-09-14 13:57:29.163 Df PeachCommander[25236:144b9] [com.apple.xpc:connection] [0xbd0ac26c0] activating connection: mach=false listener=false peer=false name=(anonymous)
2026-09-14 13:57:29.163 Df PeachCommander[25236:144b9] [com.apple.xpc:connection] [0xbd0ac2940] activating connection: mach=false listener=false peer=false name=com.apple.ViewBridgeAuxiliary
2026-09-14 13:57:29.163 Df PeachCommander[25236:144b9] [com.apple.xpc:connection] [0xbd0ac2580] activating connection: mach=false listener=false peer=false name=(anonymous)
2026-09-14 13:57:29.163 Df PeachCommander[25236:144b9] [com.apple.xpc:connection] [0xbd0ac2940] invalidated after the last release of the connection object
2026-09-14 13:57:29.179 Df PeachCommander[25236:144b9] [com.apple.TextInputUI:CursorUI] -[TUINSCursorUIController activate:]_block_invoke: Create CursorUIViewService: TUINSRemoteViewController
2026-09-14 13:57:29.179 I  PeachCommander[25236:144b9] [com.apple.AppKit:Window] window <TUINSWindow: 0xbd0f4b700> windowNumber=54d finishing close
2026-09-14 13:57:29.179 I  PeachCommander[25236:144b9] [com.apple.AppKit:Window] order window: 54d op: 0 relative: 0 related: 0
2026-09-14 13:57:29.182 A  PeachCommander[25236:144cc] (CoreFoundation) Loading Preferences From System CFPrefsD
2026-09-14 13:57:29.259 Df PeachCommander[25236:144b9] [com.apple.BoardServices:XPCErrors] [C:3] Alloc com.apple.backboard.hid-services.xpc
2026-09-14 13:57:29.259 Df PeachCommander[25236:144b9] [com.apple.xpc:connection] [0xbd0ac2080] activating connection: mach=false listener=false peer=false name=(anonymous)
2026-09-14 13:57:29.260 Df PeachCommander[25236:144cc] [com.apple.BackBoard:EventDelivery] BKSHIDEventDeliveryManager - connection activation
2026-09-14 13:57:29.272 I  PeachCommander[25236:144b9] [com.apple.iconservices:foundation] layer data size zero
2026-09-14 13:57:29.273 A  PeachCommander[25236:144b9] (CoreFoundation) Loading Preferences From User CFPrefsD
2026-09-14 13:57:29.273 I  PeachCommander[25236:144b9] [com.apple.CoreAnalytics:client] Dropping "com.apple.ImageIO.readerSelection" as it isn't used in any transform (not in the config or budgeted?)
2026-09-14 13:57:29.289 I  PeachCommander[25236:144b9] [com.peachcommander:PCFoundation] Session restored
2026-09-14 13:57:29.289 Df PeachCommander[25236:144b9] (Foundation) <private>
2026-09-14 13:57:29.289 I  PeachCommander[25236:144b9] [com.peachcommander:PCFoundation] [automation] running /Users/admin/auto.txt
2026-09-14 13:57:29.289 Df PeachCommander[25236:144b9] (Foundation) <private>
2026-09-14 13:57:29.289 I  PeachCommander[25236:144b9] [com.peachcommander:PCFoundation] [automation] > active left
2026-09-14 13:57:29.289 Df PeachCommander[25236:144b9] (Foundation) <private>
2026-09-14 13:57:29.289 I  PeachCommander[25236:144b9] [com.peachcommander:PCFoundation] [automation] > left /Users/admin/pc-demo
2026-09-14 13:57:29.363 I  PeachCommander[25236:144b9] [com.apple.CoreAnalytics:client] Dropping "com.apple.appkit.app_config" as it isn't used in any transform (not in the config or budgeted?)
2026-09-14 13:57:29.364 I  PeachCommander[25236:144b9] [com.apple.launchservices:datasep] application record search init. Node: <FSNode 0xbd2bd52a0> { isDir = y, path = <private> } bundleID: (null) itemID: 0
2026-09-14 13:57:29.364 I  PeachCommander[25236:144b9] [com.apple.launchservices:datasep] application record search init. Node: <FSNode 0xbd2bd52a0> { isDir = y, path = <private> } bundleID: (null) itemID: 0
2026-09-14 13:57:29.364 I  PeachCommander[25236:144b9] [com.apple.SafariPlatformSupport:SafariPlatformSupport] -[SFSafariPlatformSupport credentialSelected:] with nil credential
2026-09-14 13:57:29.364 I  PeachCommander[25236:144b9] [com.apple.SafariPlatformSupport:SafariPlatformSupport] -[SFSafariPlatformSupport oneTimeCodeSelected:] with nil code
2026-09-14 13:57:29.408 I  PeachCommander[25236:144cd] [com.apple.AppKit:WindowTab] Indexing 1 items
2026-09-14 13:57:29.408 A  PeachCommander[25236:144cd] (CoreSpotlight) end-index-batch
2026-09-14 13:57:29.408 Df PeachCommander[25236:144cd] [com.apple.corespotlight:index] *warn* MailCS ======%%% _setMailMessageAttributes skip:1
2026-09-14 13:57:29.408 A  PeachCommander[25236:144cd] (CoreSpotlight) index-items
2026-09-14 13:57:29.408 Df PeachCommander[25236:144cd] [com.apple.corespotlight:index] CSInlineDonation:<private>: Skipping donation (feature flag disabled)
2026-09-14 13:57:29.408 Df PeachCommander[25236:144cd] [com.apple.corespotlight:index] CSInlineDonation:<private>: Skipping donation (feature flag disabled)
2026-09-14 13:57:29.529 I  PeachCommander[25236:144b9] [com.apple.HIToolbox:MBDisplays] <private>
2026-09-14 13:57:29.529 I  PeachCommander[25236:144b9] [com.apple.HIToolbox:MBDisplays] <private>
2026-09-14 13:57:29.769 Df PeachCommander[25236:144bf] [com.apple.xpc:connection] [0xbd0ac21c0] activating connection: mach=false listener=false peer=false name=com.apple.SafariPlatformSupport.Helper
2026-09-14 13:57:29.789 Df PeachCommander[25236:144b9] (Foundation) <private>
2026-09-14 13:57:29.789 I  PeachCommander[25236:144b9] [com.peachcommander:PCFoundation] [automation] > wait 1200
2026-09-14 13:57:29.809 I  PeachCommander[25236:144b9] [com.apple.iconservices:foundation] layer data size zero
2026-09-14 13:57:29.826 Df PeachCommander[25236:144bf] [com.apple.xpc:connection] [0xbd0ac21c0] invalidated after the last release of the connection object
2026-09-14 13:57:29.844 I  PeachCommander[25236:144b9] [com.apple.launchservices:cas] Removing cached information for app [ 0x0-0x150150]  "PeachCommander", as its seed is different from that in shared memory ( 535 vs 537)
2026-09-14 13:57:29.845 Df PeachCommander[25236:144b9] [com.apple.xpc:connection] [0xbd0ac1cc0] activating connection: mach=false listener=false peer=false name=(anonymous)
2026-09-14 13:57:29.845 Df PeachCommander[25236:144b9] [com.apple.xpc:connection] [0xbd0ac21c0] activating connection: mach=false listener=false peer=false name=(anonymous)
2026-09-14 13:57:29.845 I  PeachCommander[25236:144b9] [com.apple.iconservices:foundation] layer data size zero
2026-09-14 13:57:29.845 I  PeachCommander[25236:144b9] [com.apple.iconservices:foundation] layer data size zero
2026-09-14 13:57:29.845 I  PeachCommander[25236:144b9] [com.apple.iconservices:foundation] layer data size zero
2026-09-14 13:57:29.846 I  PeachCommander[25236:144b9] [com.apple.iconservices:foundation] layer data size zero
2026-09-14 13:57:30.218 I  PeachCommander[25236:144b9] [com.apple.SafariPlatformSupport:SafariPlatformSupport] -[SPSafariPlatformSupport completionListPreferredContentSizeDidUpdate] with size {0, 0}, in window that is visible
2026-09-14 13:57:30.284 I  PeachCommander[25236:144bf] [com.apple.AppKit:WindowTab] Indexing 1 items
2026-09-14 13:57:30.284 A  PeachCommander[25236:144bf] (CoreSpotlight) end-index-batch
2026-09-14 13:57:30.284 A  PeachCommander[25236:144bf] (CoreSpotlight) index-items
2026-09-14 13:57:30.284 Df PeachCommander[25236:144bf] [com.apple.corespotlight:index] CSInlineDonation:<private>: Skipping donation (feature flag disabled)
2026-09-14 13:57:30.284 Df PeachCommander[25236:144bf] [com.apple.corespotlight:index] CSInlineDonation:<private>: Skipping donation (feature flag disabled)
2026-09-14 13:57:31.004 Df PeachCommander[25236:144b9] (Foundation) <private>
2026-09-14 13:57:31.004 I  PeachCommander[25236:144b9] [com.peachcommander:PCFoundation] [automation] > focus annotated.txt
2026-09-14 13:57:31.025 Df PeachCommander[25236:144b9] (Foundation) <private>
2026-09-14 13:57:31.025 I  PeachCommander[25236:144b9] [com.peachcommander:PCFoundation] [automation] > wait 400
2026-09-14 13:57:31.293 I  PeachCommander[25236:144b9] [com.apple.quicklook:Preview Loading] start loading item <private>
2026-09-14 13:57:31.293 I  PeachCommander[25236:144b9] [com.apple.quicklook:Preview Loading] created <private> (customView: (null))
2026-09-14 13:57:31.293 I  PeachCommander[25236:144b9] [com.apple.quicklook:Preview Loading] start loading <private> with forced displayBundleID (null)
2026-09-14 13:57:31.294 Df PeachCommander[25236:144bf] [com.apple.foundation.filecoordination:claims] Read options: 200000 -- URL: <private> -- purposeID: DA9EC6F3-4BE0-4566-90D5-071001C04185 -- claimID: 6C4B6C12-0704-4088-9B1D-95955F06FA51
2026-09-14 13:57:31.296 Df PeachCommander[25236:144bf] [com.apple.foundation.filecoordination:claims] Claim 6C4B6C12-0704-4088-9B1D-95955F06FA51 granted in client
2026-09-14 13:57:31.296 Df PeachCommander[25236:144bf] [com.apple.foundation.filecoordination:claims] Claim 6C4B6C12-0704-4088-9B1D-95955F06FA51 invoked in client
2026-09-14 13:57:31.296 I  PeachCommander[25236:144bf] [com.apple.quicklook:Preview Loading] got displayBundleID com.apple.qldisplay.Text for <private>
2026-09-14 13:57:31.300 I  PeachCommander[25236:144b9] [com.apple.quicklook:Preview Loading] document <private> got display bundle <private>
2026-09-14 13:57:31.300 I  PeachCommander[25236:14560] [com.apple.quicklook:General] presentedItemURL: <private>
2026-09-14 13:57:31.300 I  PeachCommander[25236:14560] [com.apple.quicklook:General] presentedItemOperationQueue: <private>
2026-09-14 13:57:31.300 Df PeachCommander[25236:14560] [com.apple.foundation.filecoordination:presenter] Adding presenter E41D0B47-836B-4C8D-BDBE-24A3CA04908B for URL: <private>
2026-09-14 13:57:31.300 Df PeachCommander[25236:145ad] [com.apple.foundation.filecoordination:claims] Read options: 0 -- URL: <private> -- purposeID: F2142EEE-15C1-4840-8ED5-186C1C6E4BB3 -- claimID: 274735CF-71C9-40C5-A95D-7B45AC43E469
2026-09-14 13:57:31.301 Df PeachCommander[25236:14560] [com.apple.foundation.filecoordination:claims] Claim 274735CF-71C9-40C5-A95D-7B45AC43E469 granted in client
2026-09-14 13:57:31.301 Df PeachCommander[25236:14560] [com.apple.foundation.filecoordination:claims] Claim 274735CF-71C9-40C5-A95D-7B45AC43E469 invoked in client
2026-09-14 13:57:31.302 I  PeachCommander[25236:145ad] [com.apple.quicklook:default] Getting <private> for 'Text Loading Options' from UTI '<private>' #UTI
2026-09-14 13:57:31.303 I  PeachCommander[25236:144b9] [com.apple.inputAnalytics.client:IATextInputActions] initWithAnalyticsMetadataObserver service
2026-09-14 13:57:31.303 I  PeachCommander[25236:144b9] [com.apple.quicklook:General] DID LOAD <private>
2026-09-14 13:57:31.304 I  PeachCommander[25236:144b9] [com.apple.quicklook:Preview Loading] document <private> did load
2026-09-14 13:57:31.304 I  PeachCommander[25236:144b9] [com.apple.quicklook:Preview Loading] setting displayable from (null) to <private>
2026-09-14 13:57:31.457 Df PeachCommander[25236:144b9] (Foundation) <private>
2026-09-14 13:57:31.457 I  PeachCommander[25236:144b9] [com.peachcommander:PCFoundation] [automation] > cmd cm_List
2026-09-14 13:57:31.458 Df PeachCommander[25236:144b9] (Foundation) <private>
2026-09-14 13:57:31.458 I  PeachCommander[25236:144b9] [com.peachcommander:PCFoundation] [automation] > wait 2500
2026-09-14 13:57:31.480 I  PeachCommander[25236:144b9] [com.apple.AppKit:Animation] Running new animation: <private>
2026-09-14 13:57:31.480 I  PeachCommander[25236:144b9] [com.apple.AppKit:Animation] Running new animation: <private>
2026-09-14 13:57:31.480 I  PeachCommander[25236:144b9] [com.apple.AppKit:Animation] Running new animation: <private>
2026-09-14 13:57:31.480 I  PeachCommander[25236:144b9] [com.apple.AppKit:Animation] Running new animation: <private>
2026-09-14 13:57:31.480 I  PeachCommander[25236:144b9] [com.apple.AppKit:Animation] Running new animation: <private>
2026-09-14 13:57:31.486 I  PeachCommander[25236:144b9] [com.apple.AppKit:Window] context (0 -> 5446f88b) for window 550
2026-09-14 13:57:31.490 I  PeachCommander[25236:144b9] [com.apple.AppKit:Animation] Running new animation: <private>
2026-09-14 13:57:31.490 I  PeachCommander[25236:144b9] [com.apple.AppKit:Animation] Running new animation: <private>
2026-09-14 13:57:31.490 I  PeachCommander[25236:144b9] [com.apple.AppKit:Animation] Running new animation: <private>
2026-09-14 13:57:31.490 I  PeachCommander[25236:144b9] [com.apple.AppKit:Animation] Running new animation: <private>
2026-09-14 13:57:31.490 I  PeachCommander[25236:144b9] [com.apple.AppKit:Animation] Running new animation: <private>
2026-09-14 13:57:31.515 I  PeachCommander[25236:144b9] [com.apple.CFPasteboard:entry] CopyItemsAndFlavors('Apple CFPasteboard find (<CFUUID 0xbd0a0a480> 86FACE8F-A98C-4725-A562-D3C953A01D7F)' gen: -1)
2026-09-14 13:57:31.515 I  PeachCommander[25236:144b9] [com.apple.CFPasteboard:cache] Rebuilding cache for 'Apple CFPasteboard find' (<CFUUID 0xbd0a0a480> 86FACE8F-A98C-4725-A562-D3C953A01D7F)
2026-09-14 13:57:31.515 I  PeachCommander[25236:144b9] [com.apple.CFPasteboard:exit] result: 0, gen: -1 item-count: 2 flavor-count: 2 (-1 means nil)
2026-09-14 13:57:31.515 I  PeachCommander[25236:144b9] [com.apple.CFPasteboard:entry] GetDataFlags('Apple CFPasteboard find' (<CFUUID 0xbd0a0a480> 86FACE8F-A98C-4725-A562-D3C953A01D7F) gen: -1  item: 789514, flavor: 'public.utf8-plain-text')
2026-09-14 13:57:31.515 I  PeachCommander[25236:144b9] [com.apple.CFPasteboard:exit] result: 0 flags: 20000000
2026-09-14 13:57:31.515 I  PeachCommander[25236:144b9] [com.apple.CFPasteboard:entry] GetDataFlags('Apple CFPasteboard find' (<CFUUID 0xbd0a0a480> 86FACE8F-A98C-4725-A562-D3C953A01D7F) gen: -1  item: 789514, flavor: 'com.apple.cocoa.pasteboard.find-panel-search-options')
2026-09-14 13:57:31.515 I  PeachCommander[25236:144b9] [com.apple.CFPasteboard:exit] result: 0 flags: 20000000
2026-09-14 13:57:31.515 Df PeachCommander[25236:144b9] [com.apple.AppKit:Pasteboard] NSPasteboard (name: Apple CFPasteboard find): data requested for type NSStringPboardType at index 0
2026-09-14 13:57:31.515 I  PeachCommander[25236:144b9] [com.apple.CFPasteboard:entry] GetItemCount('Apple CFPasteboard find' (<CFUUID 0xbd0a0a480> 86FACE8F-A98C-4725-A562-D3C953A01D7F) gen: -1)
2026-09-14 13:57:31.515 I  PeachCommander[25236:144b9] [com.apple.CFPasteboard:exit] result: 0 gen: 4 count: 1
2026-09-14 13:57:31.515 I  PeachCommander[25236:144b9] [com.apple.CFPasteboard:entry] CopyItemsAndFlavors('Apple CFPasteboard find (<CFUUID 0xbd0a0a480> 86FACE8F-A98C-4725-A562-D3C953A01D7F)' gen: -1)
2026-09-14 13:57:31.515 I  PeachCommander[25236:144b9] [com.apple.CFPasteboard:exit] result: 0, gen: -1 item-count: 2 flavor-count: 2 (-1 means nil)
2026-09-14 13:57:31.515 I  PeachCommander[25236:144b9] [com.apple.CFPasteboard:entry] CopyData('Apple CFPasteboard find' (<CFUUID 0xbd0a0a480> 86FACE8F-A98C-4725-A562-D3C953A01D7F) gen: 4 item: 789514 flavor: 'public.utf8-plain-text')
2026-09-14 13:57:31.515 I  PeachCommander[25236:144b9] [com.apple.CFPasteboard:general] Will request data from daemon
2026-09-14 13:57:31.515 I  PeachCommander[25236:144b9] [com.apple.CFPasteboard:exit] (not-in-cache) - result: 0 generation: 4 data (7 bytes) flags: 20000000
2026-09-14 13:57:31.515 Df PeachCommander[25236:144b9] [com.apple.AppKit:Pasteboard] NSPasteboard (name: Apple CFPasteboard find): data requested for type com.apple.cocoa.pasteboard.find-panel-search-options at index 0
2026-09-14 13:57:31.515 I  PeachCommander[25236:144b9] [com.apple.CFPasteboard:entry] CopyItemsAndFlavors('Apple CFPasteboard find (<CFUUID 0xbd0a0a480> 86FACE8F-A98C-4725-A562-D3C953A01D7F)' gen: -1)
2026-09-14 13:57:31.515 I  PeachCommander[25236:144b9] [com.apple.CFPasteboard:exit] result: 0, gen: -1 item-count: 2 flavor-count: 2 (-1 means nil)
2026-09-14 13:57:31.515 I  PeachCommander[25236:144b9] [com.apple.CFPasteboard:entry] CopyData('Apple CFPasteboard find' (<CFUUID 0xbd0a0a480> 86FACE8F-A98C-4725-A562-D3C953A01D7F) gen: 4 item: 789514 flavor: 'com.apple.cocoa.pasteboard.find-panel-search-options')
2026-09-14 13:57:31.515 I  PeachCommander[25236:144b9] [com.apple.CFPasteboard:general] Will request data from daemon
2026-09-14 13:57:31.516 I  PeachCommander[25236:144b9] [com.apple.CFPasteboard:exit] (not-in-cache) - result: 0 generation: 4 data (116 bytes) flags: 20000000
2026-09-14 13:57:31.518 I  PeachCommander[25236:144b9] [com.apple.CFPasteboard:entry] CopyData('DefaultAsciiKeyboardLayoutPasteboard' (<CFUUID 0xbd0d5c760> 66C69F16-B2A4-4354-80E0-EFC1D2921009) gen: -1 item: 1264739405 flavor: 'DefaultAsciiKeyboardLayoutFlavor')
2026-09-14 13:57:31.518 I  PeachCommander[25236:144b9] [com.apple.CFPasteboard:exit] (not-in-cache) - result: -8 generation: 0 null data flags: 0
2026-09-14 13:57:31.547 I  PeachCommander[25236:144b9] [com.apple.AppKit:Animation] Running new animation: <private>
2026-09-14 13:57:31.547 I  PeachCommander[25236:144b9] [com.apple.AppKit:Animation] Running new animation: <private>
2026-09-14 13:57:31.547 I  PeachCommander[25236:144b9] [com.apple.AppKit:Animation] Running new animation: <private>
2026-09-14 13:57:31.547 I  PeachCommander[25236:144b9] [com.apple.AppKit:Animation] Running new animation: <private>
2026-09-14 13:57:31.547 I  PeachCommander[25236:144b9] [com.apple.AppKit:Animation] Running new animation: <private>
2026-09-14 13:57:31.548 I  PeachCommander[25236:144b9] [com.apple.AppKit:Window] order window front conditionally: 550 related: 0
2026-09-14 13:57:31.548 I  PeachCommander[25236:144b9] [com.apple.AppKit:Window] order window front conditionally: 550 related: 0
2026-09-14 13:57:31.736 I  PeachCommander[25236:144cc] [com.apple.AppKit:WindowTab] Indexing 2 items
2026-09-14 13:57:31.736 A  PeachCommander[25236:144cc] (CoreSpotlight) end-index-batch
2026-09-14 13:57:31.736 A  PeachCommander[25236:144cc] (CoreSpotlight) index-items
2026-09-14 13:57:31.736 Df PeachCommander[25236:144cc] [com.apple.corespotlight:index] CSInlineDonation:<private>: Skipping donation (feature flag disabled)
2026-09-14 13:57:31.736 Df PeachCommander[25236:144cc] [com.apple.corespotlight:index] CSInlineDonation:<private>: Skipping donation (feature flag disabled)
2026-09-14 13:57:32.539 Df PeachCommander[25236:144b9] [com.apple.xpc:connection] [0xbcf876080] activating connection: mach=true listener=false peer=false name=com.apple.pbs.fetch_services
2026-09-14 13:57:32.541 Df PeachCommander[25236:144b9] [com.apple.xpc:connection] [0xbcf876080] invalidated after the last release of the connection object
2026-09-14 13:57:32.541 A  PeachCommander[25236:144b9] (CoreFoundation) Loading Preferences From User CFPrefsD
2026-09-14 13:57:32.548 A  PeachCommander[25236:144b9] (CoreFoundation) Updating Key-Value Observers Of Preferences
2026-09-14 13:57:33.998 Df PeachCommander[25236:144b9] (Foundation) <private>
2026-09-14 13:57:33.998 I  PeachCommander[25236:144b9] [com.peachcommander:PCFoundation] [automation] > listercaret 2
2026-09-14 13:57:34.001 Df PeachCommander[25236:144b9] (Foundation) <private>
2026-09-14 13:57:34.001 I  PeachCommander[25236:144b9] [com.peachcommander:PCFoundation] [automation] > wait 400
2026-09-14 13:57:34.406 Df PeachCommander[25236:144b9] (Foundation) <private>
2026-09-14 13:57:34.406 I  PeachCommander[25236:144b9] [com.peachcommander:PCFoundation] [automation] > listernote
2026-09-14 13:57:34.406 Df PeachCommander[25236:144b9] (Foundation) <private>
2026-09-14 13:57:34.406 I  PeachCommander[25236:144b9] [com.peachcommander:PCFoundation] [automation] > wait 2000
2026-09-14 13:57:34.436 I  PeachCommander[25236:144b9] [com.apple.AppKit:Window] context (0 -> e7a64689) for window 551
2026-09-14 13:57:34.439 Df PeachCommander[25236:144b9] [com.apple.TextInputUI:CursorUI] -[TUINSCursorUIController scheduleUpdateCursorLocation]
2026-09-14 13:57:34.461 I  PeachCommander[25236:144b9] [com.apple.AppKit:Window] order window front conditionally: 551 related: 0
2026-09-14 13:57:34.461 I  PeachCommander[25236:144b9] [com.apple.AppKit:Window] order window front conditionally: 551 related: 0
2026-09-14 13:57:34.472 Df PeachCommander[25236:144b9] [com.apple.TextInputUI:CursorUI] -[TUINSCursorUIController scheduleUpdateCursorLocation]
2026-09-14 13:57:34.638 I  PeachCommander[25236:144cc] [com.apple.AppKit:WindowTab] Indexing 3 items
2026-09-14 13:57:34.638 A  PeachCommander[25236:144cc] (CoreSpotlight) end-index-batch
2026-09-14 13:57:34.638 A  PeachCommander[25236:144cc] (CoreSpotlight) index-items
2026-09-14 13:57:34.638 Df PeachCommander[25236:144cc] [com.apple.corespotlight:index] CSInlineDonation:<private>: Skipping donation (feature flag disabled)
2026-09-14 13:57:34.638 Df PeachCommander[25236:144cc] [com.apple.corespotlight:index] CSInlineDonation:<private>: Skipping donation (feature flag disabled)
2026-09-14 13:57:36.540 Df PeachCommander[25236:144b9] (Foundation) <private>
2026-09-14 13:57:36.540 I  PeachCommander[25236:144b9] [com.peachcommander:PCFoundation] [automation] > windowdump /Users/admin/note-write.txt
2026-09-14 13:57:36.541 Df PeachCommander[25236:144b9] (Foundation) <private>
2026-09-14 13:57:36.541 I  PeachCommander[25236:144b9] [com.peachcommander:PCFoundation] [automation] > wait 500
2026-09-14 13:57:37.051 Df PeachCommander[25236:144b9] (Foundation) <private>
2026-09-14 13:57:37.051 I  PeachCommander[25236:144b9] [com.peachcommander:PCFoundation] [automation] done
