Timestamp               Ty Process[PID:TID]
2026-09-14 13:52:01.040 A  PeachCommander[20314:1064e] (libsystem_info.dylib) Retrieve User by ID
2026-09-14 13:52:01.040 Df PeachCommander[20314:1064e] [com.apple.xpc:connection] [0x1025bb5c0] activating connection: mach=true listener=false peer=false name=com.apple.cfprefsd.daemon
2026-09-14 13:52:01.040 Df PeachCommander[20314:10655] [com.apple.xpc:connection] [0x1025bbd00] activating connection: mach=true listener=false peer=false name=com.apple.cfprefsd.agent
2026-09-14 13:52:01.041 Df PeachCommander[20314:1064e] [com.apple.xpc:connection] [0x1025c1ce0] activating connection: mach=true listener=false peer=false name=com.apple.coreservices.launchservicesd
2026-09-14 13:52:01.042 I  PeachCommander[20314:1064e] [com.apple.launchservices:cas] Registering for notification <private> on default queue, to re-boostrap client connection.
2026-09-14 13:52:01.042 Df PeachCommander[20314:1064e] [com.apple.xpc:connection] [0x90aca0000] activating connection: mach=true listener=false peer=false name=com.apple.pasteboard.1
2026-09-14 13:52:01.042 Df PeachCommander[20314:1064e] [com.apple.xpc:connection] [0x90aca0140] activating connection: mach=true listener=false peer=false name=com.apple.distributed_notifications@Uv3
2026-09-14 13:52:01.043 Df PeachCommander[20314:1064e] [com.apple.AppKit:AutomaticTermination] void _NSDisableAutomaticTerminationAndLog(NSString *) No windows open yet
2026-09-14 13:52:01.043 A  PeachCommander[20314:1064e] (TCC) TCCAccessRequest() IPC
2026-09-14 13:52:01.043 Df PeachCommander[20314:1064e] [com.apple.xpc:connection] [0x90aca0280] activating connection: mach=true listener=false peer=false name=com.apple.tccd.system
2026-09-14 13:52:01.044 I  PeachCommander[20314:1064e] [com.apple.TCC:access] SEND: 0/7 synchronous to com.apple.tccd.system: request: msgID=20314.1, function=TCCAccessRequest, service=kTCCServiceListenEvent,
2026-09-14 13:52:01.045 I  PeachCommander[20314:1064e] [com.apple.TCC:access] RECV: synchronous reply <dictionary: 0x90ac88000> { count = 5, transaction: 0, voucher = 0x0, contents =
	"prompt_type" => <uint64: 0xba4179910bb8bfcf>: 1
	"auth_value" => <uint64: 0xba4179910bb8bfcf>: 1
	"preflight_unknown" => <bool: 0x1ee1ad190>: true
	"auth_version" => <uint64: 0xba4179910bb8bfcf>: 1
	"auth_reason" => <uint64: 0xba4179910bb8bfef>: 5
}
2026-09-14 13:52:01.045 Df PeachCommander[20314:1064e] [com.apple.xpc:connection] [0x90aca0280] invalidated after the last release of the connection object
2026-09-14 13:52:01.045 Df PeachCommander[20314:1064e] [com.apple.SkyLight:default] server port 0x00003a07, session port 0x00003a07
2026-09-14 13:52:01.047 Df PeachCommander[20314:1064e] [com.apple.SkyLight:default] New connection 0x45abb main
2026-09-14 13:52:01.047 I  PeachCommander[20314:10655] [com.apple.SkyLight:processes] 0[outside of RPC]: First connection id 285371 mapped to ctx = 0x90ac44380
2026-09-14 13:52:01.048 I  PeachCommander[20314:1064e] [com.apple.hiservices:processmgr] Checking in with CAS, pid=20314
2026-09-14 13:52:01.048 I  PeachCommander[20314:1064e] [com.apple.launchservices:cas] LSApplicationCheckIn(), app being registered is:"/Users/admin/pc-test/PeachCommander.app/Contents/MacOS/PeachCommander"
2026-09-14 13:52:01.048 I  PeachCommander[20314:1064e] [com.apple.launchservices:cas]  { "ApplicationType"="Foreground", "BuildMachineOSBuild"="25E246", "CFBundleDevelopmentRegion"="en", "CFBundleDocumentTypes"=( { "CFBundleTypeName"="Peach Commander Plugin Package", "CFBundleTypeRole"="Viewer", "LSHandlerRank"="Owner", "LSItemContentTypes"=( "com.peachcommander.plugin-package") }), "CFBundleExecutable"="PeachCommander", "CFBundleExecutablePath"="/Users/admin/pc-test/PeachCommander.app/Contents/MacOS/PeachCommander", "CFBundleHelpBookFolder"="PeachCommander.help", "CFBundleHelpBookName"="Peach Commander Help", "CFBundleIconFile"="AppIcon", "CFBundleIconName"="AppIcon", "CFBundleIdentifier"="com.peachcommander.app", "CFBundleInfoDictionaryVersion"="6.0", "CFBundleName"="PeachCommander", "CFBundleNumericVersion"=402685952, "CFBundlePackageType"="APPL", "CFBundleShortVersionString"="0.9.0", "CFBundleSignature"="?????", "CFBundleSupportedPlatforms"=( "MacOSX"), "CFBundleVersion"="18", "DTCompiler"="com.apple.compilers.llvm.clang.1_0", "DTPlatformBuild"="25F70", "DTPlatformName"="macosx", "<…>
2026-09-14 13:52:01.048 Df PeachCommander[20314:1064e] [com.apple.processmanager:front-35286506] CHECKIN: pid=20314
2026-09-14 13:52:01.049 Df PeachCommander[20314:1064e] [com.apple.processmanager:front-35286506] CHECKEDIN: pid=20314 asn=0x0-0xfd0fd foreground=1
2026-09-14 13:52:01.049 I  PeachCommander[20314:1064e] [com.apple.launchservices:cas] Setting processControlState to default PROC_SETPC_SUSPEND because application does not have LSProcessControlValue key
2026-09-14 13:52:01.050 Df PeachCommander[20314:1064e] [com.apple.xpc:connection] [0x90aca0280] activating connection: mach=false listener=true peer=false name=(anonymous)
2026-09-14 13:52:01.050 Df PeachCommander[20314:1064e] [com.apple.xpc:connection] [0x90aca0280] Connection returned listener port: 0x4103
2026-09-14 13:52:01.050 Df PeachCommander[20314:10656] [com.apple.xpc:connection] [0x90b060300] activating connection: mach=false listener=false peer=true name=com.apple.xpc.anonymous.0x90aca0280.peer[131].0x90b060300
2026-09-14 13:52:01.050 Df PeachCommander[20314:1064e] [com.apple.processmanager:front-35286506] FRONTLOGGING: version 1
2026-09-14 13:52:01.050 Df PeachCommander[20314:1064e] [com.apple.processmanager:front-35286506] Registered, pid=20314 ASN=0x0,0xfd0fd
2026-09-14 13:52:01.050 Df PeachCommander[20314:1064e] [com.apple.xpc:connection] [0x90aca03c0] activating connection: mach=true listener=false peer=false name=com.apple.analyticsd
2026-09-14 13:52:01.050 I  PeachCommander[20314:1064e] [com.apple.CoreAnalytics:client] Daemon status changed from 0 to 1
2026-09-14 13:52:01.051 I  PeachCommander[20314:10656] [com.apple.CarbonCore:coreservicesdaemon] SCSession():SCSession( id=100, this=0x0x1025cc9a0 option=65538) created, forUID=501 mach_port_t=0x4403.
2026-09-14 13:52:01.051 I  PeachCommander[20314:10656] [com.apple.CarbonCore:coreservicesdaemon] SCSession():SCSession( id=101, this=0x0x1025ccae0 option=65538) created, forUID=501 mach_port_t=0x4303.
2026-09-14 13:52:01.051 I  PeachCommander[20314:10656] [com.apple.CarbonCore:coreservicesdaemon] connectToCoreServicesD():Instantiating server (coreservicesd based) SCSession, port=0x4403 serverOptions=0x10002.
2026-09-14 13:52:01.051 I  PeachCommander[20314:1064e] [com.apple.hiservices:processmgr] _RegisterApplication( pid 20314 => 0x0,0xfd0fd) type=foreground
2026-09-14 13:52:01.051 Df PeachCommander[20314:1064e] [com.apple.xpc:connection] [0x90aca0280] Connection returned listener port: 0x4103
2026-09-14 13:52:01.051 I  PeachCommander[20314:1064e] [com.apple.launchservices:cas] CFArrayRef _LSCopyLaunchModifiers(LSSessionID, LSASNRef _Nonnull), result for psn [ kLSCurrentApp ASN, 0x0,0x2]  is 1 items.
2026-09-14 13:52:01.051 Df PeachCommander[20314:1064e] [com.apple.processmanager:front-35286506] BringForward: pid=20314 asn=0x0-0xfd0fd bringForward=1 foreground=1 uiElement=0 launchedByLS=1 modifiersCount=1 allDisabled=1
2026-09-14 13:52:01.051 Df PeachCommander[20314:1064e] [com.apple.processmanager:front-35286506] BringFrontModifier: pid=20314 asn=0x0-0xfd0fd Modifier 0 hideAfter=0 hideOthers=0 dontMakeFrontmost=0 mouseDown=0/0 seed=0/0
2026-09-14 13:52:01.051 Df PeachCommander[20314:1064e] [com.apple.processmanager:front-35286506] BringForward: pid=20314 asn=0x0-0xfd0fd
2026-09-14 13:52:01.051 Df PeachCommander[20314:1064e] [com.apple.processmanager:front-35286506] SetFrontProcess: asn=0x0-0xfd0fd options=0
2026-09-14 13:52:01.051 I  PeachCommander[20314:1064e] [com.apple.SkyLight:processes] 0[outside of RPC]: SLPSetFrontProcess(0x0-0xfd0fd window=0 options=0x0
2026-09-14 13:52:01.051 Df PeachCommander[20314:10656] [com.apple.xpc:connection] [0x90aca0500] activating connection: mach=true listener=false peer=false name=com.apple.lsd.mapdb
2026-09-14 13:52:01.051 Df PeachCommander[20314:10655] [com.apple.CoreAnalytics:client] Received configuration update from daemon (initial)
2026-09-14 13:52:01.053 Df PeachCommander[20314:1064e] [com.apple.AppKit:Appearance] Current system appearance, (HLTB: 1), (SLS: 0)
2026-09-14 13:52:01.053 Df PeachCommander[20314:1064e] (libMobileGestalt.dylib) No persisted cache on this platform.
2026-09-14 13:52:01.054 I  PeachCommander[20314:10655] [com.apple.launchservices:cas] information in shared memory for 0x0-0xfd0fd with seed 533 was still valid, so using cached info { "ApplicationType"="Foreground", "BuildMachineOSBuild"="25E246", "BundleIdentifierLowerCase"="com.peachcommander.app", "CFBundleDevelopmentRegion"="en", "CFBundleDocumentTypes"=( { "CFBundleTypeName"="Peach Commander Plugin Package", "CFBundleTypeRole"="Viewer", "LSHandlerRank"="Owner", "LSItemContentTypes"=( "com.peachcommander.plugin-package") }), "CFBundleExecutable"="PeachCommander", "CFBundleExecutablePath"="/Users/admin/pc-test/PeachCommander.app/Contents/MacOS/PeachCommander", "CFBundleExecutablePathDeviceID"=16777227, "CFBundleExecutablePathINode"=488284, "CFBundleHelpBookFolder"="PeachCommander.help", "CFBundleHelpBookName"="Peach Commander Help", "CFBundleIconFile"="AppIcon", "CFBundleIconName"="AppIcon", "CFBundleIdentifier"="com.peachcommander.app", "CFBundleInfoDictionaryVersion"="6.0", "CFBundleName"="PeachCommander", "CFBundleNameLowerCase"="peachcommander", "CFBundleNumericVersion"=402685952, "CFBundlePackageType"="APPL", "CFBundleShortVersionString"="0.9.0", "CFBun<…>
2026-09-14 13:52:01.054 Df PeachCommander[20314:1064e] (libMobileGestalt.dylib) Could not get size of EAN data (IOConnectCallScalarMethod kAppleNVMeEANGetSize returned 0xE00002E2)
2026-09-14 13:52:01.054 Df PeachCommander[20314:1064e] (libMobileGestalt.dylib) Failed to copy 'aptk' from EAN
2026-09-14 13:52:01.054 Df PeachCommander[20314:1064e] (libMobileGestalt.dylib) Failed to copy APTicket properties. Falling back to default policy.
2026-09-14 13:52:01.054 Df PeachCommander[20314:1064e] (libMobileGestalt.dylib) Creating default MGSysConfigPolicy
2026-09-14 13:52:01.054 Df PeachCommander[20314:1064e] (libMobileGestalt.dylib) CFDictionaryRef copySyscfgDictionary(void) enumeration of <private> failed.
2026-09-14 13:52:01.054 Df PeachCommander[20314:1064e] (libMobileGestalt.dylib) Failed to find key <private>
2026-09-14 13:52:01.054 I  PeachCommander[20314:10656] [com.apple.launchservices:db] LaunchServices database schema version: 20971544
2026-09-14 13:52:01.055 Df PeachCommander[20314:1064e] [com.apple.AppKit:Appearance] Current system appearance, (HLTB: 1), (SLS: 0)
2026-09-14 13:52:01.055 Df PeachCommander[20314:1064e] [com.apple.AppKit:Appearance] Post-registration system appearance: (HLTB: 1)
2026-09-14 13:52:01.056 I  PeachCommander[20314:10656] [com.apple.launchservices:default] Unable to load Info.plist exceptions (eGPUOverrides)
2026-09-14 13:52:01.056 I  PeachCommander[20314:10656] [com.apple.launchservices:default] Unable to load Info.plist exceptions (gameModeOverrides)
2026-09-14 13:52:01.056 I  PeachCommander[20314:10656] [com.apple.launchservices:default] Unable to load Info.plist exceptions (identifiedGameOverrides)
2026-09-14 13:52:01.056 I  PeachCommander[20314:10656] [com.apple.launchservices:default] Unable to load Info.plist exceptions (SystemHiddenPreferred)
2026-09-14 13:52:01.056 Df PeachCommander[20314:1064e] [com.apple.FrontBoard:Common] FBSWorkspace: endpoint monitoring is disabled.
2026-09-14 13:52:01.056 Df PeachCommander[20314:1064e] [com.apple.FrontBoard:Common] FBSWorkspace: default shell endpoint is disabled.
2026-09-14 13:52:01.056 Df PeachCommander[20314:1064e] [com.apple.runningboard:connection] Initializing connection
2026-09-14 13:52:01.056 Df PeachCommander[20314:1064e] [com.apple.runningboard:process] Removing all cached process handles
2026-09-14 13:52:01.056 Df PeachCommander[20314:10656] [com.apple.runningboard:connection] Sending handshake request attempt #1 to server
2026-09-14 13:52:01.056 Df PeachCommander[20314:10656] [com.apple.runningboard:connection] Creating connection to com.apple.runningboard
2026-09-14 13:52:01.056 Df PeachCommander[20314:10656] [com.apple.xpc:connection] [0x90aca0640] activating connection: mach=true listener=false peer=false name=com.apple.runningboard
2026-09-14 13:52:01.057 A  PeachCommander[20314:1065a] (RunningBoardServices) didChangeInheritances
2026-09-14 13:52:01.057 Df PeachCommander[20314:1064e] [com.apple.xpc:connection] [0x90aca0280] Connection returned listener port: 0x4103
2026-09-14 13:52:01.057 Df PeachCommander[20314:10656] [com.apple.runningboard:connection] Handshake succeeded
2026-09-14 13:52:01.057 Df PeachCommander[20314:10656] [com.apple.runningboard:connection] Identity resolved as app<application.com.peachcommander.app.487016.488284(501)>
2026-09-14 13:52:01.057 I  PeachCommander[20314:1064e] [com.apple.launchservices:cas] information in shared memory for 0x0-0xfd0fd with seed 533 was still valid, so using cached info { "ApplicationType"="Foreground", "BuildMachineOSBuild"="25E246", "BundleIdentifierLowerCase"="com.peachcommander.app", "CFBundleDevelopmentRegion"="en", "CFBundleDocumentTypes"=( { "CFBundleTypeName"="Peach Commander Plugin Package", "CFBundleTypeRole"="Viewer", "LSHandlerRank"="Owner", "LSItemContentTypes"=( "com.peachcommander.plugin-package") }), "CFBundleExecutable"="PeachCommander", "CFBundleExecutablePath"="/Users/admin/pc-test/PeachCommander.app/Contents/MacOS/PeachCommander", "CFBundleExecutablePathDeviceID"=16777227, "CFBundleExecutablePathINode"=488284, "CFBundleHelpBookFolder"="PeachCommander.help", "CFBundleHelpBookName"="Peach Commander Help", "CFBundleIconFile"="AppIcon", "CFBundleIconName"="AppIcon", "CFBundleIdentifier"="com.peachcommander.app", "CFBundleInfoDictionaryVersion"="6.0", "CFBundleName"="PeachCommander", "CFBundleNameLowerCase"="peachcommander", "CFBundleNumericVersion"=402685952, "CFBundlePackageType"="APPL", "CFBundleShortVersionString"="0.9.0", "CFBun<…>
2026-09-14 13:52:01.059 Df PeachCommander[20314:1064e] [com.apple.xpc:connection] [0x90aca0280] Connection returned listener port: 0x4103
2026-09-14 13:52:01.059 A  PeachCommander[20314:10655] (AppIntents) appintents:register process
2026-09-14 13:52:01.059 Df PeachCommander[20314:10655] [com.apple.appintents:Connection] Created a new Process Instance Registry XPC connection (inactive)
2026-09-14 13:52:01.059 Df PeachCommander[20314:10655] [com.apple.xpc:connection] [0x90aca0780] activating connection: mach=true listener=false peer=false name=com.apple.linkd.autoShortcut
2026-09-14 13:52:01.060 Df PeachCommander[20314:10655] [com.apple.appintents:Connection] Activated connection to linkd (ApplicationService)
2026-09-14 13:52:01.060 Df PeachCommander[20314:10655] [com.apple.xpc:connection] [0x90aca0a00] activating connection: mach=false listener=true peer=false name=(anonymous)
2026-09-14 13:52:01.060 I  PeachCommander[20314:1064e] [com.apple.launchservices:cas] information in shared memory for 0x0-0xfd0fd with seed 533 was still valid, so using cached info { "ApplicationType"="Foreground", "BuildMachineOSBuild"="25E246", "BundleIdentifierLowerCase"="com.peachcommander.app", "CFBundleDevelopmentRegion"="en", "CFBundleDocumentTypes"=( { "CFBundleTypeName"="Peach Commander Plugin Package", "CFBundleTypeRole"="Viewer", "LSHandlerRank"="Owner", "LSItemContentTypes"=( "com.peachcommander.plugin-package") }), "CFBundleExecutable"="PeachCommander", "CFBundleExecutablePath"="/Users/admin/pc-test/PeachCommander.app/Contents/MacOS/PeachCommander", "CFBundleExecutablePathDeviceID"=16777227, "CFBundleExecutablePathINode"=488284, "CFBundleHelpBookFolder"="PeachCommander.help", "CFBundleHelpBookName"="Peach Commander Help", "CFBundleIconFile"="AppIcon", "CFBundleIconName"="AppIcon", "CFBundleIdentifier"="com.peachcommander.app", "CFBundleInfoDictionaryVersion"="6.0", "CFBundleName"="PeachCommander", "CFBundleNameLowerCase"="peachcommander", "CFBundleNumericVersion"=402685952, "CFBundlePackageType"="APPL", "CFBundleShortVersionString"="0.9.0", "CFBun<…>
2026-09-14 13:52:01.060 I  PeachCommander[20314:1064e] [com.apple.hiservices:processmgr] TransformProcessType(0x0,0x2 => 1 wasFront=1 pickNew=0)
2026-09-14 13:52:01.060 I  PeachCommander[20314:1064e] [com.apple.CoreAnalytics:client] Dropping "com.apple.appkit.app_config" as it isn't used in any transform (not in the config or budgeted?)
2026-09-14 13:52:01.060 I  PeachCommander[20314:10655] [com.apple.appintents:Execution] LNAppConnectionListener instantiated
2026-09-14 13:52:01.060 Df PeachCommander[20314:10655] [com.apple.xpc:connection] [0x90aca0a00] Connection returned listener port: 0x6803
2026-09-14 13:52:01.060 Df PeachCommander[20314:10656] [com.apple.xpc:connection] [0x90aca0780] Re-initialization successful; calling out to event handler with XPC_ERROR_CONNECTION_INTERRUPTED
2026-09-14 13:52:01.060 Df PeachCommander[20314:10656] [com.apple.appintents:Connection] Process Instance Registry XPC connection has been interrupted
2026-09-14 13:52:01.060 Df PeachCommander[20314:1064e] [com.apple.dt.xctest:Default] Registering for test daemon availability notify post.
2026-09-14 13:52:01.060 E  PeachCommander[20314:10655] [com.apple.appintents:Connection] Unable to get synchronousRemoteObjectProxy, error: Error Domain=NSCocoaErrorDomain Code=4097 "connection to service named com.apple.linkd.autoShortcut" UserInfo={NSDebugDescription=connection to service named com.apple.linkd.autoShortcut}
2026-09-14 13:52:01.060 Df PeachCommander[20314:1064e] [com.apple.dt.xctest:Default] notify_get_state check indicated test daemon not ready.
2026-09-14 13:52:01.060 E  PeachCommander[20314:10655] [com.apple.AppKit:Application] Error registering app with intents framework: Error Domain=NSCocoaErrorDomain Code=4097 UserInfo={NSDebugDescription=<private>}
2026-09-14 13:52:01.060 Df PeachCommander[20314:10656] [com.apple.appintents:Connection] Created a new Process Instance Registry XPC connection (inactive)
2026-09-14 13:52:01.060 A  PeachCommander[20314:10656] (AppIntents) appintents:register process
2026-09-14 13:52:01.060 Df PeachCommander[20314:1064e] [com.apple.dt.xctest:Default] notify_get_state check indicated test daemon not ready.
2026-09-14 13:52:01.060 Df PeachCommander[20314:10656] [com.apple.appintents:Connection] Created a new Process Instance Registry XPC connection (inactive)
2026-09-14 13:52:01.060 Df PeachCommander[20314:10656] [com.apple.xpc:connection] [0x90aca0c80] activating connection: mach=true listener=false peer=false name=com.apple.linkd.autoShortcut
2026-09-14 13:52:01.060 Df PeachCommander[20314:1064e] [com.apple.dt.xctest:Default] notify_get_state check indicated test daemon not ready.
2026-09-14 13:52:01.060 Df PeachCommander[20314:10656] [com.apple.appintents:Connection] Activated connection to linkd (ApplicationService)
2026-09-14 13:52:01.060 Df PeachCommander[20314:10656] [com.apple.xpc:connection] [0x90aca0a00] Connection returned listener port: 0x6803
2026-09-14 13:52:01.061 Df PeachCommander[20314:10655] [com.apple.xpc:connection] [0x90aca0c80] Re-initialization successful; calling out to event handler with XPC_ERROR_CONNECTION_INTERRUPTED
2026-09-14 13:52:01.061 Df PeachCommander[20314:10655] [com.apple.appintents:Connection] Process Instance Registry XPC connection has been interrupted
2026-09-14 13:52:01.061 E  PeachCommander[20314:10656] [com.apple.appintents:Connection] Unable to get synchronousRemoteObjectProxy, error: Error Domain=NSCocoaErrorDomain Code=4097 "connection to service named com.apple.linkd.autoShortcut" UserInfo={NSDebugDescription=connection to service named com.apple.linkd.autoShortcut}
2026-09-14 13:52:01.061 E  PeachCommander[20314:10656] [com.apple.appintents:Connection] Unable to re-register with Process Instance Registry, error: Error Domain=NSCocoaErrorDomain Code=4097 "connection to service named com.apple.linkd.autoShortcut" UserInfo={NSDebugDescription=connection to service named com.apple.linkd.autoShortcut}
2026-09-14 13:52:01.061 Df PeachCommander[20314:10655] [com.apple.appintents:Connection] Created a new Process Instance Registry XPC connection (inactive)
2026-09-14 13:52:01.061 A  PeachCommander[20314:10655] (AppIntents) appintents:register process
2026-09-14 13:52:01.061 Df PeachCommander[20314:10655] [com.apple.appintents:Connection] Created a new Process Instance Registry XPC connection (inactive)
2026-09-14 13:52:01.061 Df PeachCommander[20314:10655] [com.apple.xpc:connection] [0x90aca12c0] activating connection: mach=true listener=false peer=false name=com.apple.linkd.autoShortcut
2026-09-14 13:52:01.061 Df PeachCommander[20314:10655] [com.apple.appintents:Connection] Activated connection to linkd (ApplicationService)
2026-09-14 13:52:01.061 Df PeachCommander[20314:10655] [com.apple.xpc:connection] [0x90aca0a00] Connection returned listener port: 0x6803
2026-09-14 13:52:01.061 Df PeachCommander[20314:10656] [com.apple.xpc:connection] [0x90aca12c0] Re-initialization successful; calling out to event handler with XPC_ERROR_CONNECTION_INTERRUPTED
2026-09-14 13:52:01.061 Df PeachCommander[20314:10656] [com.apple.appintents:Connection] Process Instance Registry XPC connection has been interrupted
2026-09-14 13:52:01.061 E  PeachCommander[20314:10655] [com.apple.appintents:Connection] Unable to get synchronousRemoteObjectProxy, error: Error Domain=NSCocoaErrorDomain Code=4097 "connection to service named com.apple.linkd.autoShortcut" UserInfo={NSDebugDescription=connection to service named com.apple.linkd.autoShortcut}
2026-09-14 13:52:01.061 E  PeachCommander[20314:10655] [com.apple.appintents:Connection] Unable to re-register with Process Instance Registry, error: Error Domain=NSCocoaErrorDomain Code=4097 "connection to service named com.apple.linkd.autoShortcut" UserInfo={NSDebugDescription=connection to service named com.apple.linkd.autoShortcut}
2026-09-14 13:52:01.061 Df PeachCommander[20314:1065a] [com.apple.appintents:Connection] Created a new Process Instance Registry XPC connection (inactive)
2026-09-14 13:52:01.061 A  PeachCommander[20314:1065a] (AppIntents) appintents:register process
2026-09-14 13:52:01.061 Df PeachCommander[20314:1065a] [com.apple.appintents:Connection] Created a new Process Instance Registry XPC connection (inactive)
2026-09-14 13:52:01.061 Df PeachCommander[20314:1065a] [com.apple.xpc:connection] [0x90aca1540] activating connection: mach=true listener=false peer=false name=com.apple.linkd.autoShortcut
2026-09-14 13:52:01.061 Df PeachCommander[20314:1065a] [com.apple.appintents:Connection] Activated connection to linkd (ApplicationService)
2026-09-14 13:52:01.061 Df PeachCommander[20314:1065a] [com.apple.xpc:connection] [0x90aca0a00] Connection returned listener port: 0x6803
2026-09-14 13:52:01.062 Df PeachCommander[20314:10656] [com.apple.xpc:connection] [0x90aca1540] Re-initialization successful; calling out to event handler with XPC_ERROR_CONNECTION_INTERRUPTED
2026-09-14 13:52:01.062 Df PeachCommander[20314:10656] [com.apple.appintents:Connection] Process Instance Registry XPC connection has been interrupted
2026-09-14 13:52:01.062 E  PeachCommander[20314:10656] [com.apple.appintents:Connection] Will NOT re-try to establish the connection
2026-09-14 13:52:01.062 E  PeachCommander[20314:1065a] [com.apple.appintents:Connection] Unable to get synchronousRemoteObjectProxy, error: Error Domain=NSCocoaErrorDomain Code=4097 "connection to service named com.apple.linkd.autoShortcut" UserInfo={NSDebugDescription=connection to service named com.apple.linkd.autoShortcut}
2026-09-14 13:52:01.062 E  PeachCommander[20314:1065a] [com.apple.appintents:Connection] Unable to re-register with Process Instance Registry, error: Error Domain=NSCocoaErrorDomain Code=4097 "connection to service named com.apple.linkd.autoShortcut" UserInfo={NSDebugDescription=connection to service named com.apple.linkd.autoShortcut}
2026-09-14 13:52:01.064 A  PeachCommander[20314:1064e] (CoreFoundation) Loading Preferences From System CFPrefsD
2026-09-14 13:52:01.065 Df PeachCommander[20314:1064e] (libMobileGestalt.dylib) couldn't load support library
2026-09-14 13:52:01.065 Df PeachCommander[20314:1064e] (libMobileGestalt.dylib) called dummy function!
2026-09-14 13:52:01.065 I  PeachCommander[20314:1064e] [com.apple.GenerativeModels:availability] Current availability state: unavailable, use cases: com.apple.WritingTools, language: <any>, api: <private>
2026-09-14 13:52:01.065 Df PeachCommander[20314:1064e] [com.apple.GenerativeModels:availability] registering darwin observer for name: com.apple.gms.availability.notification
2026-09-14 13:52:01.065 Df PeachCommander[20314:1064e] [com.apple.GenerativeModels:availability] registering darwin observer for name: com.apple.os-eligibility-domain.change.greymatter
2026-09-14 13:52:01.065 Df PeachCommander[20314:1064e] [com.apple.GenerativeModels:availability] registering darwin observer for name: com.apple.language.changed
2026-09-14 13:52:01.065 Df PeachCommander[20314:1064e] [com.apple.WritingTools:Default] isAvailable value changed: isMDMAllowed = true, gmAvailable (current) = false
2026-09-14 13:52:01.068 I  PeachCommander[20314:1064e] [com.apple.CoreAnalytics:client] Dropping "com.apple.appkit.app_config" as it isn't used in any transform (not in the config or budgeted?)
2026-09-14 13:52:01.070 Df PeachCommander[20314:1064e] [com.apple.AppKit:Appearance] NSApp cache appearance:
-NSRequiresAquaSystemAppearance: 0
-appearance: (null)
-effectiveAppearance: <NSCompositeAppearance: 0x90ac8c6e0
 (
    "<NSAquaAppearance: 0x90ac8c460>",
    "<NSSystemAppearance: 0x90ac8c780>"
)>
2026-09-14 13:52:01.072 A  PeachCommander[20314:1064e] (CoreFoundation) Loading Preferences From User CFPrefsD
2026-09-14 13:52:01.072 A  PeachCommander[20314:1064e] (CoreFoundation) Loading Preferences From User CFPrefsD
2026-09-14 13:52:01.075 A  PeachCommander[20314:10655] (libsystem_info.dylib) Membership API: translate identifier
2026-09-14 13:52:01.077 I  PeachCommander[20314:1064e] [com.apple.CoreAnalytics:client] Dropping "com.apple.appkit.app_config" as it isn't used in any transform (not in the config or budgeted?)
2026-09-14 13:52:01.077 I  PeachCommander[20314:1064e] [com.apple.CoreAnalytics:client] Dropping "com.apple.appkit.app_config" as it isn't used in any transform (not in the config or budgeted?)
2026-09-14 13:52:01.078 Df PeachCommander[20314:10656] [com.apple.xpc:connection] [0x90aca1a40] activating connection: mach=true listener=false peer=false name=com.apple.dock.fullscreen
2026-09-14 13:52:01.080 Df PeachCommander[20314:1064e] [com.apple.xpc:connection] [0x90aca1b80] activating connection: mach=true listener=false peer=false name=com.apple.fonts
2026-09-14 13:52:01.083 I  PeachCommander[20314:1064e] [com.apple.launchservices:cas] information in shared memory for 0x0-0xfd0fd with seed 533 was still valid, so using cached info { "ApplicationType"="Foreground", "BuildMachineOSBuild"="25E246", "BundleIdentifierLowerCase"="com.peachcommander.app", "CFBundleDevelopmentRegion"="en", "CFBundleDocumentTypes"=( { "CFBundleTypeName"="Peach Commander Plugin Package", "CFBundleTypeRole"="Viewer", "LSHandlerRank"="Owner", "LSItemContentTypes"=( "com.peachcommander.plugin-package") }), "CFBundleExecutable"="PeachCommander", "CFBundleExecutablePath"="/Users/admin/pc-test/PeachCommander.app/Contents/MacOS/PeachCommander", "CFBundleExecutablePathDeviceID"=16777227, "CFBundleExecutablePathINode"=488284, "CFBundleHelpBookFolder"="PeachCommander.help", "CFBundleHelpBookName"="Peach Commander Help", "CFBundleIconFile"="AppIcon", "CFBundleIconName"="AppIcon", "CFBundleIdentifier"="com.peachcommander.app", "CFBundleInfoDictionaryVersion"="6.0", "CFBundleName"="PeachCommander", "CFBundleNameLowerCase"="peachcommander", "CFBundleNumericVersion"=402685952, "CFBundlePackageType"="APPL", "CFBundleShortVersionString"="0.9.0", "CFBun<…>
2026-09-14 13:52:01.083 I  PeachCommander[20314:1064e] [com.apple.CoreAnalytics:client] Dropping "com.apple.appkit.app_config" as it isn't used in any transform (not in the config or budgeted?)
2026-09-14 13:52:01.083 Df PeachCommander[20314:1064e] [com.apple.AppKit:AutomaticTermination] -[NSApplication(NSAppssassination) _checkForAutomaticTerminationSupportPossiblyEnablingIt]_block_invoke Enabling automatic termination support.
2026-09-14 13:52:01.083 Df PeachCommander[20314:1064e] [com.apple.xpc:connection] [0x90aca0dc0] activating connection: mach=true listener=false peer=false name=com.apple.appkit.restoration_storage
2026-09-14 13:52:01.084 I  PeachCommander[20314:1064e] [com.apple.launchservices:cas] information in shared memory for 0x0-0xfd0fd with seed 533 was still valid, so using cached info { "ApplicationType"="Foreground", "BuildMachineOSBuild"="25E246", "BundleIdentifierLowerCase"="com.peachcommander.app", "CFBundleDevelopmentRegion"="en", "CFBundleDocumentTypes"=( { "CFBundleTypeName"="Peach Commander Plugin Package", "CFBundleTypeRole"="Viewer", "LSHandlerRank"="Owner", "LSItemContentTypes"=( "com.peachcommander.plugin-package") }), "CFBundleExecutable"="PeachCommander", "CFBundleExecutablePath"="/Users/admin/pc-test/PeachCommander.app/Contents/MacOS/PeachCommander", "CFBundleExecutablePathDeviceID"=16777227, "CFBundleExecutablePathINode"=488284, "CFBundleHelpBookFolder"="PeachCommander.help", "CFBundleHelpBookName"="Peach Commander Help", "CFBundleIconFile"="AppIcon", "CFBundleIconName"="AppIcon", "CFBundleIdentifier"="com.peachcommander.app", "CFBundleInfoDictionaryVersion"="6.0", "CFBundleName"="PeachCommander", "CFBundleNameLowerCase"="peachcommander", "CFBundleNumericVersion"=402685952, "CFBundlePackageType"="APPL", "CFBundleShortVersionString"="0.9.0", "CFBun<…>
2026-09-14 13:52:01.084 Df PeachCommander[20314:1064e] [com.apple.xpc:connection] [0x90aca0f00] activating connection: mach=true listener=false peer=false name=com.apple.coreservices.appleevents
2026-09-14 13:52:01.084 I  PeachCommander[20314:1064e] [com.apple.appleevents:main] _AEGetRegisteredMachPort() created default port (port:45059/0xb003 rcv:1 send:1 limit:5) and registered it with server
2026-09-14 13:52:01.084 Df PeachCommander[20314:1064e] [com.apple.xpc:connection] [0x90aca0280] Connection returned listener port: 0x4103
2026-09-14 13:52:01.084 I  PeachCommander[20314:1064e] [com.apple.launchservices:cas] information in shared memory for 0x0-0xfd0fd with seed 533 was still valid, so using cached info { "ApplicationType"="Foreground", "BuildMachineOSBuild"="25E246", "BundleIdentifierLowerCase"="com.peachcommander.app", "CFBundleDevelopmentRegion"="en", "CFBundleDocumentTypes"=( { "CFBundleTypeName"="Peach Commander Plugin Package", "CFBundleTypeRole"="Viewer", "LSHandlerRank"="Owner", "LSItemContentTypes"=( "com.peachcommander.plugin-package") }), "CFBundleExecutable"="PeachCommander", "CFBundleExecutablePath"="/Users/admin/pc-test/PeachCommander.app/Contents/MacOS/PeachCommander", "CFBundleExecutablePathDeviceID"=16777227, "CFBundleExecutablePathINode"=488284, "CFBundleHelpBookFolder"="PeachCommander.help", "CFBundleHelpBookName"="Peach Commander Help", "CFBundleIconFile"="AppIcon", "CFBundleIconName"="AppIcon", "CFBundleIdentifier"="com.peachcommander.app", "CFBundleInfoDictionaryVersion"="6.0", "CFBundleName"="PeachCommander", "CFBundleNameLowerCase"="peachcommander", "CFBundleNumericVersion"=402685952, "CFBundlePackageType"="APPL", "CFBundleShortVersionString"="0.9.0", "CFBun<…>
2026-09-14 13:52:01.084 Df PeachCommander[20314:1064e] [com.apple.processmanager:front-35286506] SignalReady: pid=20314 asn=0x0-0xfd0fd
2026-09-14 13:52:01.084 Df PeachCommander[20314:1064e] [com.apple.processmanager:front-35286506] SIGNAL: pid=20314 asn=0x0x-0xfd0fd
2026-09-14 13:52:01.084 I  PeachCommander[20314:1064e] [com.apple.appleevents:main] aeGenerateFakeFirstOAPPEventIfNecessary()
2026-09-14 13:52:01.084 I  PeachCommander[20314:1064e] [com.apple.appleevents:main] aeGenerateFakeFirstOAPPEventIfNecessary(), needToCreateFakeOAPPEventIfFirstEvent == true
2026-09-14 13:52:01.084 I  PeachCommander[20314:1064e] [com.apple.launchservices:cas] Removing cached information for app [ 0x0-0xfd0fd]  "PeachCommander", as its seed is different from that in shared memory ( 533 vs 535)
2026-09-14 13:52:01.085 I  PeachCommander[20314:1064e] [com.apple.CFPasteboard:entry] CopyData('DefaultAsciiKeyboardLayoutPasteboard' (<CFUUID 0x90ad5c9c0> 87E98931-D2BF-4459-9289-501EF8EF41DA) gen: -1 item: 1264739405 flavor: 'DefaultAsciiKeyboardLayoutFlavor')
2026-09-14 13:52:01.085 I  PeachCommander[20314:1064e] [com.apple.CFPasteboard:cache] Rebuilding cache for 'DefaultAsciiKeyboardLayoutPasteboard' (<CFUUID 0x90ad5c9c0> 87E98931-D2BF-4459-9289-501EF8EF41DA)
2026-09-14 13:52:01.085 I  PeachCommander[20314:1064e] [com.apple.CFPasteboard:exit] (not-in-cache) - result: -8 generation: 0 null data flags: 0
2026-09-14 13:52:01.085 A  PeachCommander[20314:1064e] (CoreFoundation) Loading Preferences From User CFPrefsD
2026-09-14 13:52:01.085 A  PeachCommander[20314:1064e] (CoreFoundation) Loading Preferences From System CFPrefsD
2026-09-14 13:52:01.086 I  PeachCommander[20314:1064e] [com.apple.CFPasteboard:entry] CopyData('AppleIntlFileCacheModificationDatePasteboard' (<CFUUID 0x90ad5cc40> 27370470-F22F-4842-A295-35370BCC8BF0) gen: -1 item: 1 flavor: '-32766 1768845414')
2026-09-14 13:52:01.086 I  PeachCommander[20314:1064e] [com.apple.CFPasteboard:cache] Rebuilding cache for 'AppleIntlFileCacheModificationDatePasteboard' (<CFUUID 0x90ad5cc40> 27370470-F22F-4842-A295-35370BCC8BF0)
2026-09-14 13:52:01.086 I  PeachCommander[20314:1064e] [com.apple.CFPasteboard:general] Will request data from daemon
2026-09-14 13:52:01.086 I  PeachCommander[20314:1064e] [com.apple.CFPasteboard:exit] (not-in-cache) - result: 0 generation: 7 data (310 bytes) flags: 0
2026-09-14 13:52:01.086 I  PeachCommander[20314:1064e] [com.apple.CFPasteboard:entry] CopyData('AppleIntlFileCacheModificationDatePasteboard' (<CFUUID 0x90ad5cc40> 27370470-F22F-4842-A295-35370BCC8BF0) gen: -1 item: 1 flavor: '-32765 1802264953')
2026-09-14 13:52:01.086 I  PeachCommander[20314:1064e] [com.apple.CFPasteboard:general] Will request data from daemon
2026-09-14 13:52:01.086 I  PeachCommander[20314:1064e] [com.apple.CFPasteboard:exit] (not-in-cache) - result: 0 generation: 7 data (306 bytes) flags: 0
2026-09-14 13:52:01.086 I  PeachCommander[20314:1064e] [com.apple.CFPasteboard:entry] CopyData('AppleIntlFileCacheModificationDatePasteboard' (<CFUUID 0x90ad5cc40> 27370470-F22F-4842-A295-35370BCC8BF0) gen: -1 item: 1 flavor: '-32764 1802264953')
2026-09-14 13:52:01.086 I  PeachCommander[20314:1064e] [com.apple.CFPasteboard:general] Will request data from daemon
2026-09-14 13:52:01.086 I  PeachCommander[20314:1064e] [com.apple.CFPasteboard:exit] (not-in-cache) - result: 0 generation: 7 data (281 bytes) flags: 0
2026-09-14 13:52:01.086 I  PeachCommander[20314:1064e] [com.apple.CFPasteboard:entry] CopyData('AppleIntlFileCacheModificationDatePasteboard' (<CFUUID 0x90ad5cc40> 27370470-F22F-4842-A295-35370BCC8BF0) gen: -1 item: 1 flavor: '-32763 1802264953')
2026-09-14 13:52:01.086 I  PeachCommander[20314:1064e] [com.apple.CFPasteboard:general] Will request data from daemon
2026-09-14 13:52:01.086 I  PeachCommander[20314:1064e] [com.apple.CFPasteboard:exit] (not-in-cache) - result: 0 generation: 7 data (318 bytes) flags: 0
2026-09-14 13:52:01.086 I  PeachCommander[20314:1064e] [com.apple.CFPasteboard:entry] CopyData('AppleIntlFileCacheModificationDatePasteboard' (<CFUUID 0x90ad5cc40> 27370470-F22F-4842-A295-35370BCC8BF0) gen: -1 item: 1 flavor: '-32765 1768845414')
2026-09-14 13:52:01.086 I  PeachCommander[20314:1064e] [com.apple.CFPasteboard:general] Will request data from daemon
2026-09-14 13:52:01.086 I  PeachCommander[20314:1064e] [com.apple.CFPasteboard:exit] (not-in-cache) - result: 0 generation: 7 data (303 bytes) flags: 0
2026-09-14 13:52:01.086 I  PeachCommander[20314:1064e] [com.apple.CFPasteboard:entry] CopyData('AppleIntlFileCacheModificationDatePasteboard' (<CFUUID 0x90ad5cc40> 27370470-F22F-4842-A295-35370BCC8BF0) gen: -1 item: 1 flavor: '-32763 1768845414')
2026-09-14 13:52:01.086 I  PeachCommander[20314:1064e] [com.apple.CFPasteboard:general] Will request data from daemon
2026-09-14 13:52:01.086 I  PeachCommander[20314:1064e] [com.apple.CFPasteboard:exit] (not-in-cache) - result: 0 generation: 7 data (315 bytes) flags: 0
2026-09-14 13:52:01.087 I  PeachCommander[20314:1064e] [com.apple.launchservices:cas] information in shared memory for 0x0-0xfd0fd with seed 535 was still valid, so using cached info { "ApplicationType"="Foreground", "BuildMachineOSBuild"="25E246", "BundleIdentifierLowerCase"="com.peachcommander.app", "CFBundleDevelopmentRegion"="en", "CFBundleDocumentTypes"=( { "CFBundleTypeName"="Peach Commander Plugin Package", "CFBundleTypeRole"="Viewer", "LSHandlerRank"="Owner", "LSItemContentTypes"=( "com.peachcommander.plugin-package") }), "CFBundleExecutable"="PeachCommander", "CFBundleExecutablePath"="/Users/admin/pc-test/PeachCommander.app/Contents/MacOS/PeachCommander", "CFBundleExecutablePathDeviceID"=16777227, "CFBundleExecutablePathINode"=488284, "CFBundleHelpBookFolder"="PeachCommander.help", "CFBundleHelpBookName"="Peach Commander Help", "CFBundleIconFile"="AppIcon", "CFBundleIconName"="AppIcon", "CFBundleIdentifier"="com.peachcommander.app", "CFBundleInfoDictionaryVersion"="6.0", "CFBundleName"="PeachCommander", "CFBundleNameLowerCase"="peachcommander", "CFBundleNumericVersion"=402685952, "CFBundlePackageType"="APPL", "CFBundleShortVersionString"="0.9.0", "CFBun<…>
2026-09-14 13:52:01.087 Df PeachCommander[20314:1064e] [com.apple.xpc:connection] [0x90aca1e00] activating connection: mach=false listener=false peer=false name=com.apple.ViewBridgeAuxiliary
2026-09-14 13:52:01.092 Df PeachCommander[20314:1064e] [com.apple.xpc:connection] [0x90aca1cc0] activating connection: mach=false listener=false peer=false name=(anonymous)
2026-09-14 13:52:01.092 Df PeachCommander[20314:1064e] [com.apple.xpc:connection] [0x90aca1f40] activating connection: mach=false listener=true peer=false name=(anonymous)
2026-09-14 13:52:01.092 Df PeachCommander[20314:1064e] [com.apple.xpc:connection] [0x90aca1f40] Connection returned listener port: 0xf703
2026-09-14 13:52:01.092 Df PeachCommander[20314:1064e] [com.apple.xpc:connection] [0x90aca1e00] invalidated after the last release of the connection object
2026-09-14 13:52:01.093 I  PeachCommander[20314:1064e] [com.apple.showhide:pr-59900543] SHOWHIDE: SHOW id=436 0x0-0xFD0FD, err=0 eventTime=1374756837291 windowID=0
2026-09-14 13:52:01.093 I  PeachCommander[20314:1064e] [com.apple.CarbonCore:coreservicesdaemon] findOrCreateCacheable():findOrCreateCacheable(), factoryName=3 cacheableName=<private> fCacheables.size()=0
2026-09-14 13:52:01.093 I  PeachCommander[20314:1064e] [com.apple.CarbonCore:coreservicesdaemon] findOrCreateCacheable():findOrCreateCacheable(), result = 0x90b149580 (should be non-NULL)
2026-09-14 13:52:01.093 Df PeachCommander[20314:1064e] [com.apple.AppKit:AutomaticTermination] void _NSDisableAutomaticTerminationAndLog(NSString *) Restoring windows
2026-09-14 13:52:01.093 Df PeachCommander[20314:1064e] [com.apple.AppKit:StateRestoration] -[NSApplication _reopenWindowsAsNecessaryIncludingRestorableState:withFullFidelity:completionHandler:] shouldRestoreState=1 hasPersistentStateToRestore=0 shouldStillRestoreStateAfterPrompting=0
2026-09-14 13:52:01.093 Df PeachCommander[20314:1064e] [com.apple.xpc:connection] [0x90aca1e00] activating connection: mach=true listener=false peer=false name=com.apple.window_proxies
2026-09-14 13:52:01.093 Df PeachCommander[20314:1064e] [com.apple.xpc:connection] [0x90aca1e00] invalidated because the current process cancelled the connection by calling xpc_connection_cancel()
2026-09-14 13:52:01.093 I  PeachCommander[20314:1064e] [com.apple.SkyLight:processes] 0[outside of RPC]: SLSSetFrontProcessWithInfo(0x0-0x2 window=0 options=0x1
2026-09-14 13:52:01.093 I  PeachCommander[20314:1064e] [com.apple.CoreAnalytics:client] Dropping "com.apple.appkit.app_config" as it isn't used in any transform (not in the config or budgeted?)
2026-09-14 13:52:01.093 Df PeachCommander[20314:1064e] [com.apple.AppKit:AutomaticTermination] void _NSEnableAutomaticTerminationAndLog(NSString *) Restoring windows
2026-09-14 13:52:01.095 I  PeachCommander[20314:1064e] [com.apple.CoreAnalytics:client] Dropping "com.apple.appkit.app_config" as it isn't used in any transform (not in the config or budgeted?)
2026-09-14 13:52:01.096 I  PeachCommander[20314:1064e] [com.apple.CoreAnalytics:client] Dropping "com.apple.appkit.app_config" as it isn't used in any transform (not in the config or budgeted?)
2026-09-14 13:52:01.104 A  PeachCommander[20314:1064e] (CoreFoundation) Loading Preferences From User CFPrefsD
2026-09-14 13:52:01.109 I  PeachCommander[20314:1064e] [com.peachcommander:PCFoundation] VolumeManager initialized
2026-09-14 13:52:01.126 Df PeachCommander[20314:1064e] [com.apple.BoardServices:XPCErrors] [C:1] Alloc <private>
2026-09-14 13:52:01.126 Df PeachCommander[20314:1064e] [com.apple.xpc:connection] [0x90aff1180] activating connection: mach=false listener=false peer=false name=(anonymous)
2026-09-14 13:52:01.127 I  PeachCommander[20314:1064e] [com.apple.AppKit:Window] context (0 -> 81b160f2) for window 416
2026-09-14 13:52:01.128 Df PeachCommander[20314:10656] [com.apple.corespotlight:index] (<private>) deleteSearchableItemsWithDomainIdentifiers, protectionClass:(null), domainIdentifiers number:1
2026-09-14 13:52:01.128 A  PeachCommander[20314:10656] (CoreSpotlight) delete-domains
2026-09-14 13:52:01.128 Df PeachCommander[20314:10656] [com.apple.corespotlight:index] CSInlineDonation:<private>: Skipping donation (feature flag disabled)
2026-09-14 13:52:01.128 Df PeachCommander[20314:10656] (CoreSpotlight) sConnectionName: com.apple.spotlight.IndexAgent
2026-09-14 13:52:01.128 Df PeachCommander[20314:10656] (CoreSpotlight) Start service name com.apple.spotlight.IndexAgent
2026-09-14 13:52:01.128 Df PeachCommander[20314:10656] [com.apple.xpc:connection] [0x90aff1400] activating connection: mach=true listener=false peer=false name=com.apple.spotlight.IndexAgent
2026-09-14 13:52:01.128 I  PeachCommander[20314:1064e] [com.peachcommander:PCFoundation] MainWindowController initialized (config: <private>)
2026-09-14 13:52:01.128 I  PeachCommander[20314:1064e] [com.peachcommander:PCFoundation] SelectionState initialized
2026-09-14 13:52:01.128 I  PeachCommander[20314:1064e] [com.peachcommander:PCFoundation] DirectoryModel initialized
2026-09-14 13:52:01.128 I  PeachCommander[20314:1064e] [com.peachcommander:PCFoundation] VolumeManager initialized
2026-09-14 13:52:01.128 I  PeachCommander[20314:1064e] [com.peachcommander:PCFoundation] PanelController initialized for <private> panel
2026-09-14 13:52:01.129 I  PeachCommander[20314:1064e] [com.peachcommander:PCFoundation] SelectionState initialized
2026-09-14 13:52:01.129 I  PeachCommander[20314:1064e] [com.peachcommander:PCFoundation] DirectoryModel initialized
2026-09-14 13:52:01.129 I  PeachCommander[20314:1064e] [com.peachcommander:PCFoundation] VolumeManager initialized
2026-09-14 13:52:01.129 I  PeachCommander[20314:1064e] [com.peachcommander:PCFoundation] PanelController initialized for <private> panel
2026-09-14 13:52:01.133 A  PeachCommander[20314:10655] (RunningBoardServices) didChangeInheritances
2026-09-14 13:52:01.133 I  PeachCommander[20314:1064e] [com.apple.AppKit:Animation] Running new animation: <private>
2026-09-14 13:52:01.133 I  PeachCommander[20314:1064e] [com.apple.AppKit:Animation] Running new animation: <private>
2026-09-14 13:52:01.133 I  PeachCommander[20314:1064e] [com.apple.AppKit:Animation] Running new animation: <private>
2026-09-14 13:52:01.133 I  PeachCommander[20314:1064e] [com.apple.AppKit:Animation] Running new animation: <private>
2026-09-14 13:52:01.133 I  PeachCommander[20314:1064e] [com.apple.AppKit:Animation] Running new animation: <private>
2026-09-14 13:52:01.136 I  PeachCommander[20314:1064e] [com.apple.AppKit:Animation] Running new animation: <private>
2026-09-14 13:52:01.136 I  PeachCommander[20314:1064e] [com.apple.AppKit:Animation] Running new animation: <private>
2026-09-14 13:52:01.136 I  PeachCommander[20314:1064e] [com.apple.AppKit:Animation] Running new animation: <private>
2026-09-14 13:52:01.136 I  PeachCommander[20314:1064e] [com.apple.AppKit:Animation] Running new animation: <private>
2026-09-14 13:52:01.136 I  PeachCommander[20314:1064e] [com.apple.AppKit:Animation] Running new animation: <private>
2026-09-14 13:52:01.141 I  PeachCommander[20314:1064e] [com.apple.CoreAnalytics:client] Dropping "com.apple.appkit.app_config" as it isn't used in any transform (not in the config or budgeted?)
2026-09-14 13:52:01.143 I  PeachCommander[20314:1064e] [com.apple.CoreAnalytics:client] Dropping "com.apple.appkit.app_config" as it isn't used in any transform (not in the config or budgeted?)
2026-09-14 13:52:01.146 I  PeachCommander[20314:1064e] [com.apple.launchservices:datasep] application record search init. Node: <FSNode 0x90b956ba0> { isDir = ?, path = <private> } bundleID: (null) itemID: 0
2026-09-14 13:52:01.147 I  PeachCommander[20314:1064e] [com.apple.GenerativeModels:availability] Current availability state: unavailable, use cases: com.apple.Settings.AppleIntelligence,com.apple.Siri.NLRouter, language: en, api: <private>
2026-09-14 13:52:01.147 Df PeachCommander[20314:1064e] [com.apple.GenerativeModels:availability] isOkayToHaveAsset: False
2026-09-14 13:52:01.147 E  PeachCommander[20314:1064e] [com.apple.siri:Utility] AFIsDeviceGreymatterEligible Missing entitlements for os_eligibility lookup
2026-09-14 13:52:01.147 I  PeachCommander[20314:1064e] [com.apple.GenerativeModels:availability] Current availability state: unavailable, use cases: com.apple.Settings.AppleIntelligence, language: en, api: <private>
2026-09-14 13:52:01.147 Df PeachCommander[20314:1064e] [com.apple.GenerativeModels:availability] isOkayToHaveAsset: False
2026-09-14 13:52:01.148 Df PeachCommander[20314:1064e] [com.apple.siri:Utility] -[AFSystemAssistantExperienceStatusManager fetchGenerativeModelsAvailability] #SAEStatus #cacheUpdate Updating cache:
deviceSupportsSAE: 0 (0)
       saeEnabled: 0 (0)
     saeAvailable: 0 (0)
      swaiEnabled: 0 (0)
        viEnabled: 0 (0)
        siriAvailability:
        <private>
        ((null))
2026-09-14 13:52:01.148 Df PeachCommander[20314:1064e] [com.apple.xpc:connection] [0x90aac0140] activating connection: mach=true listener=false peer=false name=com.apple.iconservices
2026-09-14 13:52:01.148 Df PeachCommander[20314:1064e] [com.apple.xpc:connection] [0x90aac0280] activating connection: mach=true listener=false peer=false name=com.apple.iconservices.store
2026-09-14 13:52:01.153 I  PeachCommander[20314:1064e] [com.peachcommander:Theme] no user themes in /Users/admin/pc-cfg/themes
2026-09-14 13:52:01.153 Df PeachCommander[20314:1064e] [com.apple.AppKit:Appearance] Invalidate NSApp effectiveAppearance
2026-09-14 13:52:01.153 Df PeachCommander[20314:1064e] [com.apple.AppKit:Appearance] NSApp cache appearance:
-NSRequiresAquaSystemAppearance: 0
-appearance: <NSCompositeAppearance: 0x90ac8d9a0
 (
    "<NSDarkAquaAppearance: 0x90ac8da40>",
    "<NSSystemAppearance: 0x90ac8c780>"
)>
-effectiveAppearance: <NSCompositeAppearance: 0x90ac8d9a0
 (
    "<NSDarkAquaAppearance: 0x90ac8da40>",
    "<NSSystemAppearance: 0x90ac8c780>"
)>
2026-09-14 13:52:01.155 I  PeachCommander[20314:1064e] [com.peachcommander:PCFoundation] Theme applied: id=norton, appearance=dark, dark=true, background=#0000AA
2026-09-14 13:52:01.179 I  PeachCommander[20314:1064e] [com.apple.iconservices:foundation] layer data size zero
2026-09-14 13:52:01.179 I  PeachCommander[20314:1064e] [com.apple.CoreAnalytics:client] Dropping "com.apple.appkit.app_config" as it isn't used in any transform (not in the config or budgeted?)
2026-09-14 13:52:01.184 I  PeachCommander[20314:1064e] [com.peachcommander:PCFoundation] Keymap loaded: scheme=<private>, 82 effective bindings
2026-09-14 13:52:01.185 I  PeachCommander[20314:1064e] [com.apple.AppKit:Animation] Running new animation: <private>
2026-09-14 13:52:01.185 I  PeachCommander[20314:1064e] [com.apple.AppKit:Animation] Running new animation: <private>
2026-09-14 13:52:01.185 I  PeachCommander[20314:1064e] [com.apple.AppKit:Animation] Running new animation: <private>
2026-09-14 13:52:01.185 I  PeachCommander[20314:1064e] [com.apple.AppKit:Animation] Running new animation: <private>
2026-09-14 13:52:01.185 I  PeachCommander[20314:1064e] [com.apple.AppKit:Animation] Running new animation: <private>
2026-09-14 13:52:01.185 I  PeachCommander[20314:1064e] [com.apple.AppKit:Animation] Running new animation: <private>
2026-09-14 13:52:01.185 I  PeachCommander[20314:1064e] [com.apple.AppKit:Animation] Running new animation: <private>
2026-09-14 13:52:01.185 I  PeachCommander[20314:1064e] [com.apple.AppKit:Animation] Running new animation: <private>
2026-09-14 13:52:01.185 I  PeachCommander[20314:1064e] [com.apple.AppKit:Animation] Running new animation: <private>
2026-09-14 13:52:01.185 I  PeachCommander[20314:1064e] [com.apple.AppKit:Animation] Running new animation: <private>
2026-09-14 13:52:01.187 I  PeachCommander[20314:1064e] [com.apple.CoreAnalytics:client] Dropping "<private>" as it isn't used in any transform (not in the config or budgeted?)
2026-09-14 13:52:01.188 I  PeachCommander[20314:1064e] [com.apple.CoreAnalytics:client] Dropping "<private>" as it isn't used in any transform (not in the config or budgeted?)
2026-09-14 13:52:01.188 I  PeachCommander[20314:1064e] [com.apple.CoreAnalytics:client] Dropping "<private>" as it isn't used in any transform (not in the config or budgeted?)
2026-09-14 13:52:01.188 I  PeachCommander[20314:1064e] [com.peachcommander:PCFoundation] MainWindowController window loaded
2026-09-14 13:52:01.188 I  PeachCommander[20314:1064e] [com.apple.launchservices:cas] information in shared memory for 0x0-0xfd0fd with seed 535 was still valid, so using cached info { "ApplicationType"="Foreground", "BuildMachineOSBuild"="25E246", "BundleIdentifierLowerCase"="com.peachcommander.app", "CFBundleDevelopmentRegion"="en", "CFBundleDocumentTypes"=( { "CFBundleTypeName"="Peach Commander Plugin Package", "CFBundleTypeRole"="Viewer", "LSHandlerRank"="Owner", "LSItemContentTypes"=( "com.peachcommander.plugin-package") }), "CFBundleExecutable"="PeachCommander", "CFBundleExecutablePath"="/Users/admin/pc-test/PeachCommander.app/Contents/MacOS/PeachCommander", "CFBundleExecutablePathDeviceID"=16777227, "CFBundleExecutablePathINode"=488284, "CFBundleHelpBookFolder"="PeachCommander.help", "CFBundleHelpBookName"="Peach Commander Help", "CFBundleIconFile"="AppIcon", "CFBundleIconName"="AppIcon", "CFBundleIdentifier"="com.peachcommander.app", "CFBundleInfoDictionaryVersion"="6.0", "CFBundleName"="PeachCommander", "CFBundleNameLowerCase"="peachcommander", "CFBundleNumericVersion"=402685952, "CFBundlePackageType"="APPL", "CFBundleShortVersionString"="0.9.0", "CFBun<…>
2026-09-14 13:52:01.189 I  PeachCommander[20314:1064e] [com.apple.launchservices:cas] information in shared memory for 0x0-0xfd0fd with seed 535 was still valid, so using cached info { "ApplicationType"="Foreground", "BuildMachineOSBuild"="25E246", "BundleIdentifierLowerCase"="com.peachcommander.app", "CFBundleDevelopmentRegion"="en", "CFBundleDocumentTypes"=( { "CFBundleTypeName"="Peach Commander Plugin Package", "CFBundleTypeRole"="Viewer", "LSHandlerRank"="Owner", "LSItemContentTypes"=( "com.peachcommander.plugin-package") }), "CFBundleExecutable"="PeachCommander", "CFBundleExecutablePath"="/Users/admin/pc-test/PeachCommander.app/Contents/MacOS/PeachCommander", "CFBundleExecutablePathDeviceID"=16777227, "CFBundleExecutablePathINode"=488284, "CFBundleHelpBookFolder"="PeachCommander.help", "CFBundleHelpBookName"="Peach Commander Help", "CFBundleIconFile"="AppIcon", "CFBundleIconName"="AppIcon", "CFBundleIdentifier"="com.peachcommander.app", "CFBundleInfoDictionaryVersion"="6.0", "CFBundleName"="PeachCommander", "CFBundleNameLowerCase"="peachcommander", "CFBundleNumericVersion"=402685952, "CFBundlePackageType"="APPL", "CFBundleShortVersionString"="0.9.0", "CFBun<…>
2026-09-14 13:52:01.196 I  PeachCommander[20314:1064e] [com.apple.AppKit:Window] order window front conditionally: 416 related: 0
2026-09-14 13:52:01.196 Df PeachCommander[20314:1064e] [com.apple.AppKit:AutomaticTermination] void _NSEnableAutomaticTerminationAndLog(NSString *) No windows open yet
2026-09-14 13:52:01.197 I  PeachCommander[20314:1064e] [com.apple.AppKit:Intelligence] starting collection observation
2026-09-14 13:52:01.197 Df PeachCommander[20314:10656] [com.apple.UIIntelligenceSupport:xpc] establishing connection to agent
2026-09-14 13:52:01.197 Df PeachCommander[20314:10656] [com.apple.xpc:session] [0x90a47d5e0] Session created.
2026-09-14 13:52:01.197 Df PeachCommander[20314:10656] [com.apple.xpc:session] [0x90a47d5e0] Session created from connection [0x90aac2440]
2026-09-14 13:52:01.197 Df PeachCommander[20314:10656] [com.apple.xpc:connection] [0x90aac2440] activating connection: mach=true listener=false peer=false name=com.apple.uiintelligencesupport.agent
2026-09-14 13:52:01.197 I  PeachCommander[20314:1064e] [com.apple.SkyLight:processes] 0[outside of RPC]: SLSSetFrontProcessWithInfo(0x0-0x2 window=0 options=0x1
2026-09-14 13:52:01.197 Df PeachCommander[20314:10656] [com.apple.xpc:session] [0x90a47d5e0] Session activated
2026-09-14 13:52:01.198 I  PeachCommander[20314:1064e] [com.apple.launchservices:cas] information in shared memory for 0x0-0xfd0fd with seed 535 was still valid, so using cached info { "ApplicationType"="Foreground", "BuildMachineOSBuild"="25E246", "BundleIdentifierLowerCase"="com.peachcommander.app", "CFBundleDevelopmentRegion"="en", "CFBundleDocumentTypes"=( { "CFBundleTypeName"="Peach Commander Plugin Package", "CFBundleTypeRole"="Viewer", "LSHandlerRank"="Owner", "LSItemContentTypes"=( "com.peachcommander.plugin-package") }), "CFBundleExecutable"="PeachCommander", "CFBundleExecutablePath"="/Users/admin/pc-test/PeachCommander.app/Contents/MacOS/PeachCommander", "CFBundleExecutablePathDeviceID"=16777227, "CFBundleExecutablePathINode"=488284, "CFBundleHelpBookFolder"="PeachCommander.help", "CFBundleHelpBookName"="Peach Commander Help", "CFBundleIconFile"="AppIcon", "CFBundleIconName"="AppIcon", "CFBundleIdentifier"="com.peachcommander.app", "CFBundleInfoDictionaryVersion"="6.0", "CFBundleName"="PeachCommander", "CFBundleNameLowerCase"="peachcommander", "CFBundleNumericVersion"=402685952, "CFBundlePackageType"="APPL", "CFBundleShortVersionString"="0.9.0", "CFBun<…>
2026-09-14 13:52:01.198 Df PeachCommander[20314:10655] [com.apple.UIIntelligenceSupport:xpc] Connection established with agent PID: 1213
2026-09-14 13:52:01.198 Df PeachCommander[20314:1064e] [com.apple.xpc:connection] [0x90aac2580] activating connection: mach=true listener=false peer=false name=com.apple.FileCoordination
2026-09-14 13:52:01.199 Df PeachCommander[20314:10656] [com.apple.foundation.filecoordination:presenter] Adding presenter C02DD8F7-8F3C-4239-A44D-A64F0CC4F3D5 for URL: <private>
2026-09-14 13:52:01.199 I  PeachCommander[20314:1064e] [com.apple.launchservices:cas] information in shared memory for 0x0-0xfd0fd with seed 535 was still valid, so using cached info { "ApplicationType"="Foreground", "BuildMachineOSBuild"="25E246", "BundleIdentifierLowerCase"="com.peachcommander.app", "CFBundleDevelopmentRegion"="en", "CFBundleDocumentTypes"=( { "CFBundleTypeName"="Peach Commander Plugin Package", "CFBundleTypeRole"="Viewer", "LSHandlerRank"="Owner", "LSItemContentTypes"=( "com.peachcommander.plugin-package") }), "CFBundleExecutable"="PeachCommander", "CFBundleExecutablePath"="/Users/admin/pc-test/PeachCommander.app/Contents/MacOS/PeachCommander", "CFBundleExecutablePathDeviceID"=16777227, "CFBundleExecutablePathINode"=488284, "CFBundleHelpBookFolder"="PeachCommander.help", "CFBundleHelpBookName"="Peach Commander Help", "CFBundleIconFile"="AppIcon", "CFBundleIconName"="AppIcon", "CFBundleIdentifier"="com.peachcommander.app", "CFBundleInfoDictionaryVersion"="6.0", "CFBundleName"="PeachCommander", "CFBundleNameLowerCase"="peachcommander", "CFBundleNumericVersion"=402685952, "CFBundlePackageType"="APPL", "CFBundleShortVersionString"="0.9.0", "CFBun<…>
2026-09-14 13:52:01.202 I  PeachCommander[20314:1064e] [com.apple.AppKit:Window] order all windows front 1374756837291
2026-09-14 13:52:01.202 I  PeachCommander[20314:1064e] [com.apple.launchservices:cas] information in shared memory for 0x0-0xfd0fd with seed 535 was still valid, so using cached info { "ApplicationType"="Foreground", "BuildMachineOSBuild"="25E246", "BundleIdentifierLowerCase"="com.peachcommander.app", "CFBundleDevelopmentRegion"="en", "CFBundleDocumentTypes"=( { "CFBundleTypeName"="Peach Commander Plugin Package", "CFBundleTypeRole"="Viewer", "LSHandlerRank"="Owner", "LSItemContentTypes"=( "com.peachcommander.plugin-package") }), "CFBundleExecutable"="PeachCommander", "CFBundleExecutablePath"="/Users/admin/pc-test/PeachCommander.app/Contents/MacOS/PeachCommander", "CFBundleExecutablePathDeviceID"=16777227, "CFBundleExecutablePathINode"=488284, "CFBundleHelpBookFolder"="PeachCommander.help", "CFBundleHelpBookName"="Peach Commander Help", "CFBundleIconFile"="AppIcon", "CFBundleIconName"="AppIcon", "CFBundleIdentifier"="com.peachcommander.app", "CFBundleInfoDictionaryVersion"="6.0", "CFBundleName"="PeachCommander", "CFBundleNameLowerCase"="peachcommander", "CFBundleNumericVersion"=402685952, "CFBundlePackageType"="APPL", "CFBundleShortVersionString"="0.9.0", "CFBun<…>
2026-09-14 13:52:01.202 I  PeachCommander[20314:1064e] [com.apple.showhide:pr-59900543] SHOWHIDE: CONFIRM, id=436, err=0
2026-09-14 13:52:01.202 I  PeachCommander[20314:1064e] [com.apple.AppKit:Window] context (0 -> 8944d0f2) for window 415
2026-09-14 13:52:01.202 I  PeachCommander[20314:1064e] [com.apple.AppKit:Window] context (0 -> b4ddb3af) for window 414
2026-09-14 13:52:01.202 I  PeachCommander[20314:1064e] [com.apple.AppKit:Window] context (0 -> cc507c43) for window 413
2026-09-14 13:52:01.202 I  PeachCommander[20314:1064e] [com.apple.AppKit:Window] context (0 -> e6b95453) for window 412
2026-09-14 13:52:01.219 I  PeachCommander[20314:1064e] [com.apple.iconservices:foundation] layer data size zero
2026-09-14 13:52:01.226 Df PeachCommander[20314:1064e] [com.apple.AppKit:AutomaticTermination] void _updateToReflectAutomaticTerminationState(void) Setting _kLSApplicationWouldBeTerminatedByTALKey=0
2026-09-14 13:52:01.226 I  PeachCommander[20314:1064e] [com.apple.runningboard:assertion] Acquiring assertion: <RBSAssertionDescriptor| "AppNap adapter assertion" ID:(null) target:20314>
2026-09-14 13:52:01.261 A  PeachCommander[20314:1065c] (RunningBoardServices) didChangeInheritances
2026-09-14 13:52:01.290 Df PeachCommander[20314:1064e] [com.apple.libsystem.libdispatch:] DEPRECATED USE in libdispatch client: dispatch source activated with no event handler set; set a breakpoint on _dispatch_bug_deprecated to debug
2026-09-14 13:52:01.382 I  PeachCommander[20314:1064e] [com.apple.coreanimation:Utilities] IOSurface Compression Enabled: NO
2026-09-14 13:52:01.383 Df PeachCommander[20314:1065c] [com.apple.coreanimation:Metal] Precompiled pipelines disabled on unsupported hardware.
2026-09-14 13:52:01.395 I  PeachCommander[20314:1064e] [com.apple.CarbonCore:gestalt] SetGestaltValuesBulk SetGestaltValuesBulk( count=22 tuples=0x184a9e650
2026-09-14 13:52:01.395 I  PeachCommander[20314:1064e] [com.apple.CarbonCore:gestalt] SetGestaltValue SetGestaltValue(alis 1C9) => 0
2026-09-14 13:52:01.395 I  PeachCommander[20314:1064e] [com.apple.CarbonCore:gestalt] SetGestaltValue SetGestaltValue(os   FE) => 0
2026-09-14 13:52:01.395 I  PeachCommander[20314:1064e] [com.apple.CarbonCore:gestalt] SetGestaltValue SetGestaltValue(addr 7) => 0
2026-09-14 13:52:01.395 I  PeachCommander[20314:1064e] [com.apple.CarbonCore:gestalt] SetGestaltValue SetGestaltValue(fs   3D332) => 0
2026-09-14 13:52:01.395 I  PeachCommander[20314:1064e] [com.apple.CarbonCore:gestalt] SetGestaltValue SetGestaltValue(fold 11) => 0
2026-09-14 13:52:01.395 I  PeachCommander[20314:1064e] [com.apple.CarbonCore:gestalt] SetGestaltValue SetGestaltValue(lram 7FFFF000) => 0
2026-09-14 13:52:01.395 I  PeachCommander[20314:1064e] [com.apple.CarbonCore:gestalt] SetGestaltValue SetGestaltValue(mmap 1) => 0
2026-09-14 13:52:01.395 I  PeachCommander[20314:1064e] [com.apple.CarbonCore:gestalt] SetGestaltValue SetGestaltValue(cfrg 1) => 0
2026-09-14 13:52:01.395 I  PeachCommander[20314:1064e] [com.apple.CarbonCore:gestalt] SetGestaltValue SetGestaltValue(thds 7) => 0
2026-09-14 13:52:01.395 I  PeachCommander[20314:1064e] [com.apple.CarbonCore:gestalt] SetGestaltValue SetGestaltValue(tmgr E) => 0
2026-09-14 13:52:01.395 I  PeachCommander[20314:1064e] [com.apple.CarbonCore:gestalt] SetGestaltValue SetGestaltValue(vers 7) => 0
2026-09-14 13:52:01.395 I  PeachCommander[20314:1064e] [com.apple.CarbonCore:gestalt] SetGestaltValue SetGestaltValue(cbon 160) => 0
2026-09-14 13:52:01.395 I  PeachCommander[20314:1064e] [com.apple.CarbonCore:gestalt] SetGestaltValue SetGestaltValue(cltn 1108000) => 0
2026-09-14 13:52:01.395 I  PeachCommander[20314:1064e] [com.apple.CarbonCore:gestalt] SetGestaltValue SetGestaltValue(cpnt 8) => 0
2026-09-14 13:52:01.395 I  PeachCommander[20314:1064e] [com.apple.CarbonCore:gestalt] SetGestaltValue SetGestaltValue(rsrc 3) => 0
2026-09-14 13:52:01.395 I  PeachCommander[20314:1064e] [com.apple.CarbonCore:gestalt] SetGestaltValue SetGestaltValue(rmbg 11F) => 0
2026-09-14 13:52:01.395 I  PeachCommander[20314:1064e] [com.apple.CarbonCore:gestalt] SetGestaltValue SetGestaltValue(vm   11) => 0
2026-09-14 13:52:01.395 I  PeachCommander[20314:1064e] [com.apple.CarbonCore:gestalt] SetGestaltValue SetGestaltValue(srad 4170706C) => 0
2026-09-14 13:52:01.395 I  PeachCommander[20314:1064e] [com.apple.CarbonCore:gestalt] SetGestaltValue SetGestaltValue(sysa 14) => 0
2026-09-14 13:52:01.395 I  PeachCommander[20314:1064e] [com.apple.CarbonCore:gestalt] SetGestaltValue SetGestaltValue(copl 9) => 0
2026-09-14 13:52:01.395 I  PeachCommander[20314:1064e] [com.apple.CarbonCore:gestalt] SetGestaltValue SetGestaltValue(xlat 0) => 0
2026-09-14 13:52:01.395 I  PeachCommander[20314:1064e] [com.apple.CarbonCore:gestalt] SetGestaltValue SetGestaltValue(stdf 0) => 0
2026-09-14 13:52:01.395 I  PeachCommander[20314:1064e] [com.apple.CarbonCore:gestalt] _NewGestalt _NewGestalt(ram  0x184a17644) => 0
2026-09-14 13:52:01.395 I  PeachCommander[20314:1064e] [com.apple.CarbonCore:gestalt] _NewGestalt _NewGestalt(ramm 0x184a17644) => 0
2026-09-14 13:52:01.395 I  PeachCommander[20314:1064e] [com.apple.CarbonCore:gestalt] _NewGestalt _NewGestalt(cput 0x184a17734) => 0
2026-09-14 13:52:01.395 I  PeachCommander[20314:1064e] [com.apple.CarbonCore:gestalt] _NewGestalt _NewGestalt(cpuf 0x184a17764) => 0
2026-09-14 13:52:01.395 I  PeachCommander[20314:1064e] [com.apple.CarbonCore:gestalt] _NewGestalt _NewGestalt(bclk 0x184a17794) => 0
2026-09-14 13:52:01.395 I  PeachCommander[20314:1064e] [com.apple.CarbonCore:gestalt] _NewGestalt _NewGestalt(bclm 0x184a17794) => 0
2026-09-14 13:52:01.395 I  PeachCommander[20314:1064e] [com.apple.CarbonCore:gestalt] _NewGestalt _NewGestalt(pclk 0x184a17834) => 0
2026-09-14 13:52:01.395 I  PeachCommander[20314:1064e] [com.apple.CarbonCore:gestalt] _NewGestalt _NewGestalt(mclk 0x184a17834) => 0
2026-09-14 13:52:01.395 I  PeachCommander[20314:1064e] [com.apple.CarbonCore:gestalt] _NewGestalt _NewGestalt(a/ux 0x184a1794c) => 0
2026-09-14 13:52:01.395 I  PeachCommander[20314:1064e] [com.apple.CarbonCore:gestalt] _NewGestalt _NewGestalt(pgsz 0x184a17954) => 0
2026-09-14 13:52:01.395 I  PeachCommander[20314:1064e] [com.apple.CarbonCore:gestalt] _NewGestalt _NewGestalt(csiz 0x184a17994) => 0
2026-09-14 13:52:01.395 I  PeachCommander[20314:1064e] [com.apple.CarbonCore:gestalt] _NewGestalt _NewGestalt(sysv 0x1849c2dfc) => 0
2026-09-14 13:52:01.395 I  PeachCommander[20314:1064e] [com.apple.CarbonCore:gestalt] _NewGestalt _NewGestalt(sys1 0x1849c2dfc) => 0
2026-09-14 13:52:01.395 I  PeachCommander[20314:1064e] [com.apple.CarbonCore:gestalt] _NewGestalt _NewGestalt(sys2 0x1849c2dfc) => 0
2026-09-14 13:52:01.395 I  PeachCommander[20314:1064e] [com.apple.CarbonCore:gestalt] _NewGestalt _NewGestalt(sys3 0x1849c2dfc) => 0
2026-09-14 13:52:01.395 I  PeachCommander[20314:1064e] [com.apple.CarbonCore:gestalt] _NewGestalt _NewGestalt(cdfl 0x184a179d4) => 0
2026-09-14 13:52:01.395 I  PeachCommander[20314:1064e] [com.apple.CarbonCore:gestalt] _NewGestalt _NewGestalt(cdrm 0x184a17c30) => 0
2026-09-14 13:52:01.395 I  PeachCommander[20314:1064e] [com.apple.CarbonCore:gestalt] _NewGestalt _NewGestalt(cpus 0x184a17c78) => 0
2026-09-14 13:52:01.395 I  PeachCommander[20314:1064e] [com.apple.CarbonCore:gestalt] SetGestaltValue SetGestaltValue(swex 1) => 0
2026-09-14 13:52:01.395 Df PeachCommander[20314:1064e] [com.apple.xpc:connection] [0x90aac3980] activating connection: mach=false listener=false peer=false name=com.apple.hiservices-xpcservice
2026-09-14 13:52:01.396 I  PeachCommander[20314:1064e] [com.apple.CFPasteboard:entry] CopyData('ApplePerContextInputPasteboard' (<CFUUID 0x90a4741a0> 847610A3-1BCC-4729-B5F4-A11B65DFE19B) gen: -1 item: 1264739405 flavor: 'ApplePerContextInputFlavor')
2026-09-14 13:52:01.396 I  PeachCommander[20314:1064e] [com.apple.CFPasteboard:cache] Rebuilding cache for 'ApplePerContextInputPasteboard' (<CFUUID 0x90a4741a0> 847610A3-1BCC-4729-B5F4-A11B65DFE19B)
2026-09-14 13:52:01.396 I  PeachCommander[20314:1064e] [com.apple.CFPasteboard:general] Will request data from daemon
2026-09-14 13:52:01.396 I  PeachCommander[20314:1064e] [com.apple.CFPasteboard:exit] (not-in-cache) - result: 0 generation: 1 data (182 bytes) flags: 0
2026-09-14 13:52:01.396 I  PeachCommander[20314:1064e] [com.apple.CFPasteboard:entry] CopyData('DefaultAsciiKeyboardLayoutPasteboard' (<CFUUID 0x90ad5c9c0> 87E98931-D2BF-4459-9289-501EF8EF41DA) gen: -1 item: 1264739405 flavor: 'DefaultAsciiKeyboardLayoutFlavor')
2026-09-14 13:52:01.396 I  PeachCommander[20314:1064e] [com.apple.CFPasteboard:exit] (not-in-cache) - result: -8 generation: 0 null data flags: 0
2026-09-14 13:52:01.399 I  PeachCommander[20314:1064e] [com.apple.AppKit:Window] context (0 -> eb096065) for window 417
2026-09-14 13:52:01.400 Df PeachCommander[20314:1064e] [com.apple.inputmethodkitClient:Client] +[IMKClient subclass]: chose IMKClient_Modern
2026-09-14 13:52:01.400 Df PeachCommander[20314:1064e] [com.apple.BoardServices:XPCErrors] [C:2] Alloc com.apple.backboard.hid-services.xpc
2026-09-14 13:52:01.400 Df PeachCommander[20314:1064e] [com.apple.xpc:connection] [0x90aac3ac0] activating connection: mach=false listener=false peer=false name=(anonymous)
2026-09-14 13:52:01.400 E  PeachCommander[20314:10655] [com.apple.BaseBoard:Common] Unable to obtain a task name port right for pid 168: (os/kern) failure (0x5)
2026-09-14 13:52:01.400 Df PeachCommander[20314:10655] [com.apple.xpc:connection] [0x90aac2940] activating connection: mach=false listener=false peer=false name=com.apple.TextInputUI.xpc.CursorUIViewService
2026-09-14 13:52:01.400 Df PeachCommander[20314:10655] [com.apple.xpc:connection] [0x90aac2940] invalidated after the last release of the connection object
2026-09-14 13:52:01.401 I  PeachCommander[20314:1064e] [com.apple.CFPasteboard:entry] CopyData('DefaultAsciiKeyboardLayoutPasteboard' (<CFUUID 0x90ad5c9c0> 87E98931-D2BF-4459-9289-501EF8EF41DA) gen: -1 item: 1264739405 flavor: 'DefaultAsciiKeyboardLayoutFlavor')
2026-09-14 13:52:01.401 I  PeachCommander[20314:1064e] [com.apple.CFPasteboard:exit] (not-in-cache) - result: -8 generation: 0 null data flags: 0
2026-09-14 13:52:01.401 Df PeachCommander[20314:1064e] [com.apple.xpc:connection] [0x90aac26c0] activating connection: mach=false listener=false peer=false name=(anonymous)
2026-09-14 13:52:01.401 Df PeachCommander[20314:1064e] [com.apple.xpc:connection] [0x90aac2940] activating connection: mach=false listener=false peer=false name=com.apple.ViewBridgeAuxiliary
2026-09-14 13:52:01.401 Df PeachCommander[20314:1064e] [com.apple.xpc:connection] [0x90aac21c0] activating connection: mach=false listener=false peer=false name=(anonymous)
2026-09-14 13:52:01.401 Df PeachCommander[20314:1064e] [com.apple.xpc:connection] [0x90aac2940] invalidated after the last release of the connection object
2026-09-14 13:52:01.417 Df PeachCommander[20314:1064e] [com.apple.TextInputUI:CursorUI] -[TUINSCursorUIController activate:]_block_invoke: Create CursorUIViewService: TUINSRemoteViewController
2026-09-14 13:52:01.417 I  PeachCommander[20314:1064e] [com.apple.AppKit:Window] window <TUINSWindow: 0x90a7e8280> windowNumber=417 finishing close
2026-09-14 13:52:01.417 I  PeachCommander[20314:1064e] [com.apple.AppKit:Window] order window: 417 op: 0 relative: 0 related: 0
2026-09-14 13:52:01.418 A  PeachCommander[20314:10662] (CoreFoundation) Loading Preferences From System CFPrefsD
2026-09-14 13:52:01.496 Df PeachCommander[20314:1064e] [com.apple.BoardServices:XPCErrors] [C:3] Alloc com.apple.backboard.hid-services.xpc
2026-09-14 13:52:01.496 Df PeachCommander[20314:1064e] [com.apple.xpc:connection] [0x90aac1e00] activating connection: mach=false listener=false peer=false name=(anonymous)
2026-09-14 13:52:01.496 Df PeachCommander[20314:1065c] [com.apple.BackBoard:EventDelivery] BKSHIDEventDeliveryManager - connection activation
2026-09-14 13:52:01.510 I  PeachCommander[20314:1064e] [com.apple.iconservices:foundation] layer data size zero
2026-09-14 13:52:01.511 A  PeachCommander[20314:1064e] (CoreFoundation) Loading Preferences From User CFPrefsD
2026-09-14 13:52:01.511 I  PeachCommander[20314:1064e] [com.apple.CoreAnalytics:client] Dropping "com.apple.ImageIO.readerSelection" as it isn't used in any transform (not in the config or budgeted?)
2026-09-14 13:52:01.529 A  PeachCommander[20314:10655] (libsystem_info.dylib) Retrieve Group by ID
2026-09-14 13:52:01.529 I  PeachCommander[20314:1064e] [com.peachcommander:PCFoundation] Session restored
2026-09-14 13:52:01.529 Df PeachCommander[20314:1064e] (Foundation) <private>
2026-09-14 13:52:01.529 I  PeachCommander[20314:1064e] [com.peachcommander:PCFoundation] [automation] running /Users/admin/auto.txt
2026-09-14 13:52:01.529 Df PeachCommander[20314:1064e] (Foundation) <private>
2026-09-14 13:52:01.529 I  PeachCommander[20314:1064e] [com.peachcommander:PCFoundation] [automation] > active left
2026-09-14 13:52:01.529 Df PeachCommander[20314:1064e] (Foundation) <private>
2026-09-14 13:52:01.529 I  PeachCommander[20314:1064e] [com.peachcommander:PCFoundation] [automation] > left /Users/admin/pc-demo
2026-09-14 13:52:01.597 I  PeachCommander[20314:1064e] [com.apple.CoreAnalytics:client] Dropping "com.apple.appkit.app_config" as it isn't used in any transform (not in the config or budgeted?)
2026-09-14 13:52:01.599 I  PeachCommander[20314:1064e] [com.apple.launchservices:datasep] application record search init. Node: <FSNode 0x90cb287e0> { isDir = y, path = <private> } bundleID: (null) itemID: 0
2026-09-14 13:52:01.599 I  PeachCommander[20314:1064e] [com.apple.launchservices:datasep] application record search init. Node: <FSNode 0x90cb287e0> { isDir = y, path = <private> } bundleID: (null) itemID: 0
2026-09-14 13:52:01.599 I  PeachCommander[20314:1064e] [com.apple.SafariPlatformSupport:SafariPlatformSupport] -[SFSafariPlatformSupport credentialSelected:] with nil credential
2026-09-14 13:52:01.599 I  PeachCommander[20314:1064e] [com.apple.SafariPlatformSupport:SafariPlatformSupport] -[SFSafariPlatformSupport oneTimeCodeSelected:] with nil code
2026-09-14 13:52:01.629 I  PeachCommander[20314:106f4] [com.apple.AppKit:WindowTab] Indexing 1 items
2026-09-14 13:52:01.629 A  PeachCommander[20314:106f4] (CoreSpotlight) end-index-batch
2026-09-14 13:52:01.629 Df PeachCommander[20314:106f4] [com.apple.corespotlight:index] *warn* MailCS ======%%% _setMailMessageAttributes skip:1
2026-09-14 13:52:01.630 A  PeachCommander[20314:106f4] (CoreSpotlight) index-items
2026-09-14 13:52:01.630 Df PeachCommander[20314:106ee] [com.apple.corespotlight:index] CSInlineDonation:<private>: Skipping donation (feature flag disabled)
2026-09-14 13:52:01.630 Df PeachCommander[20314:106ee] [com.apple.corespotlight:index] CSInlineDonation:<private>: Skipping donation (feature flag disabled)
2026-09-14 13:52:01.743 I  PeachCommander[20314:1064e] [com.apple.HIToolbox:MBDisplays] <private>
2026-09-14 13:52:01.743 I  PeachCommander[20314:1064e] [com.apple.HIToolbox:MBDisplays] <private>
2026-09-14 13:52:02.016 Df PeachCommander[20314:10662] [com.apple.xpc:connection] [0x90aac2300] activating connection: mach=false listener=false peer=false name=com.apple.SafariPlatformSupport.Helper
2026-09-14 13:52:02.058 Df PeachCommander[20314:1064e] (Foundation) <private>
2026-09-14 13:52:02.058 I  PeachCommander[20314:1064e] [com.peachcommander:PCFoundation] [automation] > wait 1500
2026-09-14 13:52:02.085 I  PeachCommander[20314:1064e] [com.apple.AppKit:Image] ISImage reported a placeholder, image rep is providing a placeholder image for <private>
2026-09-14 13:52:02.085 I  PeachCommander[20314:1064e] [com.apple.AppKit:Image] ISImage reported a placeholder, image rep is providing a placeholder image for <private>
2026-09-14 13:52:02.086 I  PeachCommander[20314:106f4] [com.apple.iconservices:foundation] layer data size zero
2026-09-14 13:52:02.087 I  PeachCommander[20314:1064e] [com.apple.AppKit:Image] ISImage reported a placeholder, image rep is providing a placeholder image for <private>
2026-09-14 13:52:02.087 I  PeachCommander[20314:1064e] [com.apple.AppKit:Image] ISImage reported a placeholder, image rep is providing a placeholder image for <private>
2026-09-14 13:52:02.089 I  PeachCommander[20314:1064e] [com.apple.AppKit:Image] ISImage reported a placeholder, image rep is providing a placeholder image for <private>
2026-09-14 13:52:02.089 I  PeachCommander[20314:1064e] [com.apple.AppKit:Image] ISImage reported a placeholder, image rep is providing a placeholder image for <private>
2026-09-14 13:52:02.090 I  PeachCommander[20314:1064e] [com.apple.AppKit:Image] ISImage reported a placeholder, image rep is providing a placeholder image for <private>
2026-09-14 13:52:02.090 I  PeachCommander[20314:1064e] [com.apple.AppKit:Image] ISImage reported a placeholder, image rep is providing a placeholder image for <private>
2026-09-14 13:52:02.092 I  PeachCommander[20314:1064e] [com.apple.AppKit:Image] ISImage reported a placeholder, image rep is providing a placeholder image for <private>
2026-09-14 13:52:02.092 I  PeachCommander[20314:1064e] [com.apple.AppKit:Image] ISImage reported a placeholder, image rep is providing a placeholder image for <private>
2026-09-14 13:52:02.093 I  PeachCommander[20314:1064e] [com.apple.AppKit:Image] ISImage reported a placeholder, image rep is providing a placeholder image for <private>
2026-09-14 13:52:02.093 I  PeachCommander[20314:1064e] [com.apple.AppKit:Image] ISImage reported a placeholder, image rep is providing a placeholder image for <private>
2026-09-14 13:52:02.099 I  PeachCommander[20314:1065a] [com.apple.iconservices:foundation] layer data size zero
2026-09-14 13:52:02.101 Df PeachCommander[20314:10656] [com.apple.xpc:connection] [0x90aac2300] invalidated after the last release of the connection object
2026-09-14 13:52:02.126 I  PeachCommander[20314:1064e] [com.apple.launchservices:cas] Removing cached information for app [ 0x0-0xfd0fd]  "PeachCommander", as its seed is different from that in shared memory ( 535 vs 537)
2026-09-14 13:52:02.127 Df PeachCommander[20314:1064e] [com.apple.xpc:connection] [0x90aac3200] activating connection: mach=false listener=false peer=false name=(anonymous)
2026-09-14 13:52:02.127 Df PeachCommander[20314:1064e] [com.apple.xpc:connection] [0x90aac2300] activating connection: mach=false listener=false peer=false name=(anonymous)
2026-09-14 13:52:02.128 I  PeachCommander[20314:1064e] [com.apple.iconservices:foundation] layer data size zero
2026-09-14 13:52:02.128 I  PeachCommander[20314:1064e] [com.apple.AppKit:Image] ISImage reported a placeholder, image rep is providing a placeholder image for <private>
2026-09-14 13:52:02.129 I  PeachCommander[20314:1064e] [com.apple.iconservices:foundation] layer data size zero
2026-09-14 13:52:02.129 I  PeachCommander[20314:1064e] [com.apple.AppKit:Image] ISImage reported a placeholder, image rep is providing a placeholder image for <private>
2026-09-14 13:52:02.129 I  PeachCommander[20314:1064e] [com.apple.iconservices:foundation] layer data size zero
2026-09-14 13:52:02.129 I  PeachCommander[20314:1064e] [com.apple.AppKit:Image] ISImage reported a placeholder, image rep is providing a placeholder image for <private>
2026-09-14 13:52:02.129 I  PeachCommander[20314:1064e] [com.apple.AppKit:Image] ISImage reported a placeholder, image rep is providing a placeholder image for <private>
2026-09-14 13:52:02.129 I  PeachCommander[20314:1064e] [com.apple.AppKit:Image] ISImage reported a placeholder, image rep is providing a placeholder image for <private>
2026-09-14 13:52:02.129 I  PeachCommander[20314:1064e] [com.apple.iconservices:foundation] layer data size zero
2026-09-14 13:52:02.129 I  PeachCommander[20314:1064e] [com.apple.AppKit:Image] ISImage reported a placeholder, image rep is providing a placeholder image for <private>
2026-09-14 13:52:02.130 I  PeachCommander[20314:1064e] [com.apple.iconservices:foundation] layer data size zero
2026-09-14 13:52:02.130 I  PeachCommander[20314:1064e] [com.apple.iconservices:foundation] layer data size zero
2026-09-14 13:52:02.130 I  PeachCommander[20314:1064e] [com.apple.iconservices:foundation] layer data size zero
2026-09-14 13:52:02.130 I  PeachCommander[20314:1064e] [com.apple.iconservices:foundation] layer data size zero
2026-09-14 13:52:02.406 I  PeachCommander[20314:1064e] [com.apple.SafariPlatformSupport:SafariPlatformSupport] -[SPSafariPlatformSupport completionListPreferredContentSizeDidUpdate] with size {0, 0}, in window that is visible
2026-09-14 13:52:02.509 I  PeachCommander[20314:106e9] [com.apple.AppKit:WindowTab] Indexing 1 items
2026-09-14 13:52:02.509 A  PeachCommander[20314:106e9] (CoreSpotlight) end-index-batch
2026-09-14 13:52:02.509 A  PeachCommander[20314:106e9] (CoreSpotlight) index-items
2026-09-14 13:52:02.509 Df PeachCommander[20314:106e9] [com.apple.corespotlight:index] CSInlineDonation:<private>: Skipping donation (feature flag disabled)
2026-09-14 13:52:02.510 Df PeachCommander[20314:106e9] [com.apple.corespotlight:index] CSInlineDonation:<private>: Skipping donation (feature flag disabled)
2026-09-14 13:52:03.654 Df PeachCommander[20314:1064e] (Foundation) <private>
2026-09-14 13:52:03.654 I  PeachCommander[20314:1064e] [com.peachcommander:PCFoundation] [automation] > windowdump /Users/admin/title.txt
2026-09-14 13:52:03.656 Df PeachCommander[20314:1064e] (Foundation) <private>
2026-09-14 13:52:03.656 I  PeachCommander[20314:1064e] [com.peachcommander:PCFoundation] [automation] > wait 400
2026-09-14 13:52:04.088 Df PeachCommander[20314:1064e] (Foundation) <private>
2026-09-14 13:52:04.088 I  PeachCommander[20314:1064e] [com.peachcommander:PCFoundation] [automation] done
