Timestamp               Ty Process[PID:TID]
2026-09-14 18:13:39.797 A  PeachCommander[22043:12002] (libsystem_info.dylib) Retrieve User by ID
2026-09-14 18:13:39.797 Df PeachCommander[22043:12002] [com.apple.xpc:connection] [0x1014b2620] activating connection: mach=true listener=false peer=false name=com.apple.cfprefsd.daemon
2026-09-14 18:13:39.797 Df PeachCommander[22043:12008] [com.apple.xpc:connection] [0x1014b2d20] activating connection: mach=true listener=false peer=false name=com.apple.cfprefsd.agent
2026-09-14 18:13:39.798 Df PeachCommander[22043:12002] [com.apple.xpc:connection] [0x1014b9360] activating connection: mach=true listener=false peer=false name=com.apple.coreservices.launchservicesd
2026-09-14 18:13:39.799 I  PeachCommander[22043:12002] [com.apple.launchservices:cas] Registering for notification <private> on default queue, to re-boostrap client connection.
2026-09-14 18:13:39.799 Df PeachCommander[22043:12002] [com.apple.xpc:connection] [0x92cc48000] activating connection: mach=true listener=false peer=false name=com.apple.pasteboard.1
2026-09-14 18:13:39.799 Df PeachCommander[22043:12002] [com.apple.xpc:connection] [0x92cc48140] activating connection: mach=true listener=false peer=false name=com.apple.distributed_notifications@Uv3
2026-09-14 18:13:39.800 Df PeachCommander[22043:12002] [com.apple.AppKit:AutomaticTermination] void _NSDisableAutomaticTerminationAndLog(NSString *) No windows open yet
2026-09-14 18:13:39.801 A  PeachCommander[22043:12002] (TCC) TCCAccessRequest() IPC
2026-09-14 18:13:39.801 Df PeachCommander[22043:12002] [com.apple.xpc:connection] [0x92cc48280] activating connection: mach=true listener=false peer=false name=com.apple.tccd.system
2026-09-14 18:13:39.801 I  PeachCommander[22043:12002] [com.apple.TCC:access] SEND: 0/7 synchronous to com.apple.tccd.system: request: msgID=22043.1, function=TCCAccessRequest, service=kTCCServiceListenEvent,
2026-09-14 18:13:39.802 I  PeachCommander[22043:12002] [com.apple.TCC:access] RECV: synchronous reply <dictionary: 0x92d078000> { count = 5, transaction: 0, voucher = 0x0, contents =
	"prompt_type" => <uint64: 0xaee055e006c16a2f>: 1
	"auth_value" => <uint64: 0xaee055e006c16a2f>: 1
	"preflight_unknown" => <bool: 0x1f4c0d190>: true
	"auth_version" => <uint64: 0xaee055e006c16a2f>: 1
	"auth_reason" => <uint64: 0xaee055e006c16a0f>: 5
}
2026-09-14 18:13:39.802 Df PeachCommander[22043:12002] [com.apple.xpc:connection] [0x92cc48280] invalidated after the last release of the connection object
2026-09-14 18:13:39.802 Df PeachCommander[22043:12002] [com.apple.SkyLight:default] server port 0x00002e07, session port 0x00002e07
2026-09-14 18:13:39.804 Df PeachCommander[22043:12002] [com.apple.SkyLight:default] New connection 0x4cedb main
2026-09-14 18:13:39.804 I  PeachCommander[22043:12008] [com.apple.SkyLight:processes] 0[outside of RPC]: First connection id 315099 mapped to ctx = 0x92d07c800
2026-09-14 18:13:39.805 I  PeachCommander[22043:12002] [com.apple.hiservices:processmgr] Checking in with CAS, pid=22043
2026-09-14 18:13:39.805 I  PeachCommander[22043:12002] [com.apple.launchservices:cas] LSApplicationCheckIn(), app being registered is:"/Users/admin/pc-test/PeachCommander.app/Contents/MacOS/PeachCommander"
2026-09-14 18:13:39.805 I  PeachCommander[22043:12002] [com.apple.launchservices:cas]  { "ApplicationType"="Foreground", "BuildMachineOSBuild"="25E246", "CFBundleDevelopmentRegion"="en", "CFBundleDocumentTypes"=( { "CFBundleTypeName"="Peach Commander Plugin Package", "CFBundleTypeRole"="Viewer", "LSHandlerRank"="Owner", "LSItemContentTypes"=( "com.peachcommander.plugin-package") }), "CFBundleExecutable"="PeachCommander", "CFBundleExecutablePath"="/Users/admin/pc-test/PeachCommander.app/Contents/MacOS/PeachCommander", "CFBundleHelpBookFolder"="PeachCommander.help", "CFBundleHelpBookName"="Peach Commander Help", "CFBundleIconFile"="AppIcon", "CFBundleIconName"="AppIcon", "CFBundleIdentifier"="com.peachcommander.app", "CFBundleInfoDictionaryVersion"="6.0", "CFBundleName"="PeachCommander", "CFBundleNumericVersion"=402685952, "CFBundlePackageType"="APPL", "CFBundleShortVersionString"="0.9.0", "CFBundleSignature"="?????", "CFBundleSupportedPlatforms"=( "MacOSX"), "CFBundleVersion"="18", "DTCompiler"="com.apple.compilers.llvm.clang.1_0", "DTPlatformBuild"="25F70", "DTPlatformName"="macosx", "<…>
2026-09-14 18:13:39.805 Df PeachCommander[22043:12002] [com.apple.processmanager:front-35286506] CHECKIN: pid=22043
2026-09-14 18:13:39.806 Df PeachCommander[22043:12002] [com.apple.processmanager:front-35286506] CHECKEDIN: pid=22043 asn=0x0-0x127127 foreground=1
2026-09-14 18:13:39.807 I  PeachCommander[22043:12002] [com.apple.launchservices:cas] Setting processControlState to default PROC_SETPC_SUSPEND because application does not have LSProcessControlValue key
2026-09-14 18:13:39.807 Df PeachCommander[22043:12002] [com.apple.xpc:connection] [0x92cc48280] activating connection: mach=false listener=true peer=false name=(anonymous)
2026-09-14 18:13:39.807 Df PeachCommander[22043:12002] [com.apple.xpc:connection] [0x92cc48280] Connection returned listener port: 0x4203
2026-09-14 18:13:39.807 Df PeachCommander[22043:12009] [com.apple.xpc:connection] [0x92d124300] activating connection: mach=false listener=false peer=true name=com.apple.xpc.anonymous.0x92cc48280.peer[131].0x92d124300
2026-09-14 18:13:39.807 Df PeachCommander[22043:12002] [com.apple.processmanager:front-35286506] FRONTLOGGING: version 1
2026-09-14 18:13:39.807 Df PeachCommander[22043:12002] [com.apple.processmanager:front-35286506] Registered, pid=22043 ASN=0x0,0x127127
2026-09-14 18:13:39.807 Df PeachCommander[22043:12002] [com.apple.xpc:connection] [0x92cc483c0] activating connection: mach=true listener=false peer=false name=com.apple.analyticsd
2026-09-14 18:13:39.807 I  PeachCommander[22043:12002] [com.apple.CoreAnalytics:client] Daemon status changed from 0 to 1
2026-09-14 18:13:39.807 I  PeachCommander[22043:12009] [com.apple.CarbonCore:coreservicesdaemon] SCSession():SCSession( id=100, this=0x0x1014b7d40 option=65538) created, forUID=501 mach_port_t=0x5103.
2026-09-14 18:13:39.807 I  PeachCommander[22043:12009] [com.apple.CarbonCore:coreservicesdaemon] SCSession():SCSession( id=101, this=0x0x1014b87c0 option=65538) created, forUID=501 mach_port_t=0x4503.
2026-09-14 18:13:39.807 I  PeachCommander[22043:12009] [com.apple.CarbonCore:coreservicesdaemon] connectToCoreServicesD():Instantiating server (coreservicesd based) SCSession, port=0x5103 serverOptions=0x10002.
2026-09-14 18:13:39.808 I  PeachCommander[22043:12002] [com.apple.hiservices:processmgr] _RegisterApplication( pid 22043 => 0x0,0x127127) type=foreground
2026-09-14 18:13:39.808 Df PeachCommander[22043:12002] [com.apple.xpc:connection] [0x92cc48280] Connection returned listener port: 0x4203
2026-09-14 18:13:39.808 Df PeachCommander[22043:1200d] [com.apple.CoreAnalytics:client] Received configuration update from daemon (initial)
2026-09-14 18:13:39.808 I  PeachCommander[22043:12002] [com.apple.launchservices:cas] CFArrayRef _LSCopyLaunchModifiers(LSSessionID, LSASNRef _Nonnull), result for psn [ kLSCurrentApp ASN, 0x0,0x2]  is 1 items.
2026-09-14 18:13:39.808 Df PeachCommander[22043:12002] [com.apple.processmanager:front-35286506] BringForward: pid=22043 asn=0x0-0x127127 bringForward=1 foreground=1 uiElement=0 launchedByLS=1 modifiersCount=1 allDisabled=1
2026-09-14 18:13:39.808 Df PeachCommander[22043:12002] [com.apple.processmanager:front-35286506] BringFrontModifier: pid=22043 asn=0x0-0x127127 Modifier 0 hideAfter=0 hideOthers=0 dontMakeFrontmost=0 mouseDown=0/0 seed=0/0
2026-09-14 18:13:39.808 Df PeachCommander[22043:12002] [com.apple.processmanager:front-35286506] BringForward: pid=22043 asn=0x0-0x127127
2026-09-14 18:13:39.808 Df PeachCommander[22043:12002] [com.apple.processmanager:front-35286506] SetFrontProcess: asn=0x0-0x127127 options=0
2026-09-14 18:13:39.808 I  PeachCommander[22043:12002] [com.apple.SkyLight:processes] 0[outside of RPC]: SLPSetFrontProcess(0x0-0x127127 window=0 options=0x0
2026-09-14 18:13:39.808 Df PeachCommander[22043:12009] [com.apple.xpc:connection] [0x92cc48640] activating connection: mach=true listener=false peer=false name=com.apple.lsd.mapdb
2026-09-14 18:13:39.810 Df PeachCommander[22043:12002] [com.apple.AppKit:Appearance] Current system appearance, (HLTB: 1), (SLS: 0)
2026-09-14 18:13:39.810 Df PeachCommander[22043:12002] (libMobileGestalt.dylib) No persisted cache on this platform.
2026-09-14 18:13:39.811 I  PeachCommander[22043:1200d] [com.apple.launchservices:cas] information in shared memory for 0x0-0x127127 with seed 533 was still valid, so using cached info { "ApplicationType"="Foreground", "BuildMachineOSBuild"="25E246", "BundleIdentifierLowerCase"="com.peachcommander.app", "CFBundleDevelopmentRegion"="en", "CFBundleDocumentTypes"=( { "CFBundleTypeName"="Peach Commander Plugin Package", "CFBundleTypeRole"="Viewer", "LSHandlerRank"="Owner", "LSItemContentTypes"=( "com.peachcommander.plugin-package") }), "CFBundleExecutable"="PeachCommander", "CFBundleExecutablePath"="/Users/admin/pc-test/PeachCommander.app/Contents/MacOS/PeachCommander", "CFBundleExecutablePathDeviceID"=16777229, "CFBundleExecutablePathINode"=487524, "CFBundleHelpBookFolder"="PeachCommander.help", "CFBundleHelpBookName"="Peach Commander Help", "CFBundleIconFile"="AppIcon", "CFBundleIconName"="AppIcon", "CFBundleIdentifier"="com.peachcommander.app", "CFBundleInfoDictionaryVersion"="6.0", "CFBundleName"="PeachCommander", "CFBundleNameLowerCase"="peachcommander", "CFBundleNumericVersion"=402685952, "CFBundlePackageType"="APPL", "CFBundleShortVersionString"="0.9.0", "CFBun<…>
2026-09-14 18:13:39.811 Df PeachCommander[22043:12002] (libMobileGestalt.dylib) Could not get size of EAN data (IOConnectCallScalarMethod kAppleNVMeEANGetSize returned 0xE00002E2)
2026-09-14 18:13:39.811 Df PeachCommander[22043:12002] (libMobileGestalt.dylib) Failed to copy 'aptk' from EAN
2026-09-14 18:13:39.811 Df PeachCommander[22043:12002] (libMobileGestalt.dylib) Failed to copy APTicket properties. Falling back to default policy.
2026-09-14 18:13:39.811 Df PeachCommander[22043:12002] (libMobileGestalt.dylib) Creating default MGSysConfigPolicy
2026-09-14 18:13:39.811 Df PeachCommander[22043:12002] (libMobileGestalt.dylib) CFDictionaryRef copySyscfgDictionary(void) enumeration of <private> failed.
2026-09-14 18:13:39.811 Df PeachCommander[22043:12002] (libMobileGestalt.dylib) Failed to find key <private>
2026-09-14 18:13:39.811 I  PeachCommander[22043:12009] [com.apple.launchservices:db] LaunchServices database schema version: 20971544
2026-09-14 18:13:39.812 Df PeachCommander[22043:12002] [com.apple.AppKit:Appearance] Current system appearance, (HLTB: 1), (SLS: 0)
2026-09-14 18:13:39.812 Df PeachCommander[22043:12002] [com.apple.AppKit:Appearance] Post-registration system appearance: (HLTB: 1)
2026-09-14 18:13:39.813 I  PeachCommander[22043:12009] [com.apple.launchservices:default] Unable to load Info.plist exceptions (eGPUOverrides)
2026-09-14 18:13:39.813 I  PeachCommander[22043:12009] [com.apple.launchservices:default] Unable to load Info.plist exceptions (gameModeOverrides)
2026-09-14 18:13:39.813 I  PeachCommander[22043:12009] [com.apple.launchservices:default] Unable to load Info.plist exceptions (identifiedGameOverrides)
2026-09-14 18:13:39.813 I  PeachCommander[22043:12009] [com.apple.launchservices:default] Unable to load Info.plist exceptions (SystemHiddenPreferred)
2026-09-14 18:13:39.813 Df PeachCommander[22043:12002] [com.apple.FrontBoard:Common] FBSWorkspace: endpoint monitoring is disabled.
2026-09-14 18:13:39.813 Df PeachCommander[22043:12002] [com.apple.FrontBoard:Common] FBSWorkspace: default shell endpoint is disabled.
2026-09-14 18:13:39.813 Df PeachCommander[22043:12002] [com.apple.runningboard:connection] Initializing connection
2026-09-14 18:13:39.813 Df PeachCommander[22043:12002] [com.apple.runningboard:process] Removing all cached process handles
2026-09-14 18:13:39.813 Df PeachCommander[22043:12009] [com.apple.runningboard:connection] Sending handshake request attempt #1 to server
2026-09-14 18:13:39.813 Df PeachCommander[22043:12009] [com.apple.runningboard:connection] Creating connection to com.apple.runningboard
2026-09-14 18:13:39.813 Df PeachCommander[22043:12009] [com.apple.xpc:connection] [0x92cc48500] activating connection: mach=true listener=false peer=false name=com.apple.runningboard
2026-09-14 18:13:39.814 A  PeachCommander[22043:1200d] (RunningBoardServices) didChangeInheritances
2026-09-14 18:13:39.814 Df PeachCommander[22043:12002] [com.apple.xpc:connection] [0x92cc48280] Connection returned listener port: 0x4203
2026-09-14 18:13:39.814 Df PeachCommander[22043:12009] [com.apple.runningboard:connection] Handshake succeeded
2026-09-14 18:13:39.814 Df PeachCommander[22043:12009] [com.apple.runningboard:connection] Identity resolved as app<application.com.peachcommander.app.486777.487524(501)>
2026-09-14 18:13:39.814 I  PeachCommander[22043:12002] [com.apple.launchservices:cas] information in shared memory for 0x0-0x127127 with seed 533 was still valid, so using cached info { "ApplicationType"="Foreground", "BuildMachineOSBuild"="25E246", "BundleIdentifierLowerCase"="com.peachcommander.app", "CFBundleDevelopmentRegion"="en", "CFBundleDocumentTypes"=( { "CFBundleTypeName"="Peach Commander Plugin Package", "CFBundleTypeRole"="Viewer", "LSHandlerRank"="Owner", "LSItemContentTypes"=( "com.peachcommander.plugin-package") }), "CFBundleExecutable"="PeachCommander", "CFBundleExecutablePath"="/Users/admin/pc-test/PeachCommander.app/Contents/MacOS/PeachCommander", "CFBundleExecutablePathDeviceID"=16777229, "CFBundleExecutablePathINode"=487524, "CFBundleHelpBookFolder"="PeachCommander.help", "CFBundleHelpBookName"="Peach Commander Help", "CFBundleIconFile"="AppIcon", "CFBundleIconName"="AppIcon", "CFBundleIdentifier"="com.peachcommander.app", "CFBundleInfoDictionaryVersion"="6.0", "CFBundleName"="PeachCommander", "CFBundleNameLowerCase"="peachcommander", "CFBundleNumericVersion"=402685952, "CFBundlePackageType"="APPL", "CFBundleShortVersionString"="0.9.0", "CFBun<…>
2026-09-14 18:13:39.816 Df PeachCommander[22043:12002] [com.apple.xpc:connection] [0x92cc48280] Connection returned listener port: 0x4203
2026-09-14 18:13:39.816 A  PeachCommander[22043:1200d] (AppIntents) appintents:register process
2026-09-14 18:13:39.817 Df PeachCommander[22043:1200d] [com.apple.appintents:Connection] Created a new Process Instance Registry XPC connection (inactive)
2026-09-14 18:13:39.817 Df PeachCommander[22043:1200d] [com.apple.xpc:connection] [0x92cc488c0] activating connection: mach=true listener=false peer=false name=com.apple.linkd.autoShortcut
2026-09-14 18:13:39.817 Df PeachCommander[22043:1200d] [com.apple.appintents:Connection] Activated connection to linkd (ApplicationService)
2026-09-14 18:13:39.817 I  PeachCommander[22043:12002] [com.apple.launchservices:cas] information in shared memory for 0x0-0x127127 with seed 533 was still valid, so using cached info { "ApplicationType"="Foreground", "BuildMachineOSBuild"="25E246", "BundleIdentifierLowerCase"="com.peachcommander.app", "CFBundleDevelopmentRegion"="en", "CFBundleDocumentTypes"=( { "CFBundleTypeName"="Peach Commander Plugin Package", "CFBundleTypeRole"="Viewer", "LSHandlerRank"="Owner", "LSItemContentTypes"=( "com.peachcommander.plugin-package") }), "CFBundleExecutable"="PeachCommander", "CFBundleExecutablePath"="/Users/admin/pc-test/PeachCommander.app/Contents/MacOS/PeachCommander", "CFBundleExecutablePathDeviceID"=16777229, "CFBundleExecutablePathINode"=487524, "CFBundleHelpBookFolder"="PeachCommander.help", "CFBundleHelpBookName"="Peach Commander Help", "CFBundleIconFile"="AppIcon", "CFBundleIconName"="AppIcon", "CFBundleIdentifier"="com.peachcommander.app", "CFBundleInfoDictionaryVersion"="6.0", "CFBundleName"="PeachCommander", "CFBundleNameLowerCase"="peachcommander", "CFBundleNumericVersion"=402685952, "CFBundlePackageType"="APPL", "CFBundleShortVersionString"="0.9.0", "CFBun<…>
2026-09-14 18:13:39.817 Df PeachCommander[22043:1200d] [com.apple.xpc:connection] [0x92cc48a00] activating connection: mach=false listener=true peer=false name=(anonymous)
2026-09-14 18:13:39.817 I  PeachCommander[22043:12002] [com.apple.hiservices:processmgr] TransformProcessType(0x0,0x2 => 1 wasFront=1 pickNew=0)
2026-09-14 18:13:39.817 I  PeachCommander[22043:12002] [com.apple.CoreAnalytics:client] Dropping "com.apple.appkit.app_config" as it isn't used in any transform (not in the config or budgeted?)
2026-09-14 18:13:39.817 I  PeachCommander[22043:1200d] [com.apple.appintents:Execution] LNAppConnectionListener instantiated
2026-09-14 18:13:39.817 Df PeachCommander[22043:1200d] [com.apple.xpc:connection] [0x92cc48a00] Connection returned listener port: 0x6a03
2026-09-14 18:13:39.817 Df PeachCommander[22043:12002] [com.apple.dt.xctest:Default] Registering for test daemon availability notify post.
2026-09-14 18:13:39.817 Df PeachCommander[22043:1200e] [com.apple.xpc:connection] [0x92cc488c0] Re-initialization successful; calling out to event handler with XPC_ERROR_CONNECTION_INTERRUPTED
2026-09-14 18:13:39.817 Df PeachCommander[22043:1200e] [com.apple.appintents:Connection] Process Instance Registry XPC connection has been interrupted
2026-09-14 18:13:39.817 E  PeachCommander[22043:1200d] [com.apple.appintents:Connection] Unable to get synchronousRemoteObjectProxy, error: Error Domain=NSCocoaErrorDomain Code=4097 "connection to service named com.apple.linkd.autoShortcut" UserInfo={NSDebugDescription=connection to service named com.apple.linkd.autoShortcut}
2026-09-14 18:13:39.817 Df PeachCommander[22043:12002] [com.apple.dt.xctest:Default] notify_get_state check indicated test daemon not ready.
2026-09-14 18:13:39.817 E  PeachCommander[22043:1200d] [com.apple.AppKit:Application] Error registering app with intents framework: Error Domain=NSCocoaErrorDomain Code=4097 UserInfo={NSDebugDescription=<private>}
2026-09-14 18:13:39.817 Df PeachCommander[22043:1200e] [com.apple.appintents:Connection] Created a new Process Instance Registry XPC connection (inactive)
2026-09-14 18:13:39.817 A  PeachCommander[22043:1200e] (AppIntents) appintents:register process
2026-09-14 18:13:39.818 Df PeachCommander[22043:1200e] [com.apple.appintents:Connection] Created a new Process Instance Registry XPC connection (inactive)
2026-09-14 18:13:39.818 Df PeachCommander[22043:1200e] [com.apple.xpc:connection] [0x92cc48c80] activating connection: mach=true listener=false peer=false name=com.apple.linkd.autoShortcut
2026-09-14 18:13:39.818 Df PeachCommander[22043:12002] [com.apple.dt.xctest:Default] notify_get_state check indicated test daemon not ready.
2026-09-14 18:13:39.818 Df PeachCommander[22043:1200e] [com.apple.appintents:Connection] Activated connection to linkd (ApplicationService)
2026-09-14 18:13:39.818 Df PeachCommander[22043:1200e] [com.apple.xpc:connection] [0x92cc48a00] Connection returned listener port: 0x6a03
2026-09-14 18:13:39.818 Df PeachCommander[22043:12002] [com.apple.dt.xctest:Default] notify_get_state check indicated test daemon not ready.
2026-09-14 18:13:39.818 Df PeachCommander[22043:1200d] [com.apple.xpc:connection] [0x92cc48c80] Re-initialization successful; calling out to event handler with XPC_ERROR_CONNECTION_INTERRUPTED
2026-09-14 18:13:39.818 Df PeachCommander[22043:1200d] [com.apple.appintents:Connection] Process Instance Registry XPC connection has been interrupted
2026-09-14 18:13:39.818 Df PeachCommander[22043:1200d] [com.apple.appintents:Connection] Created a new Process Instance Registry XPC connection (inactive)
2026-09-14 18:13:39.818 A  PeachCommander[22043:1200d] (AppIntents) appintents:register process
2026-09-14 18:13:39.818 Df PeachCommander[22043:1200d] [com.apple.appintents:Connection] Created a new Process Instance Registry XPC connection (inactive)
2026-09-14 18:13:39.818 Df PeachCommander[22043:1200d] [com.apple.xpc:connection] [0x92cc492c0] activating connection: mach=true listener=false peer=false name=com.apple.linkd.autoShortcut
2026-09-14 18:13:39.818 E  PeachCommander[22043:1200e] [com.apple.appintents:Connection] Unable to get synchronousRemoteObjectProxy, error: Error Domain=NSCocoaErrorDomain Code=4097 "connection to service named com.apple.linkd.autoShortcut" UserInfo={NSDebugDescription=connection to service named com.apple.linkd.autoShortcut}
2026-09-14 18:13:39.818 E  PeachCommander[22043:1200e] [com.apple.appintents:Connection] Unable to re-register with Process Instance Registry, error: Error Domain=NSCocoaErrorDomain Code=4097 "connection to service named com.apple.linkd.autoShortcut" UserInfo={NSDebugDescription=connection to service named com.apple.linkd.autoShortcut}
2026-09-14 18:13:39.818 Df PeachCommander[22043:1200d] [com.apple.appintents:Connection] Activated connection to linkd (ApplicationService)
2026-09-14 18:13:39.818 Df PeachCommander[22043:1200d] [com.apple.xpc:connection] [0x92cc48a00] Connection returned listener port: 0x6a03
2026-09-14 18:13:39.818 Df PeachCommander[22043:12009] [com.apple.xpc:connection] [0x92cc492c0] Re-initialization successful; calling out to event handler with XPC_ERROR_CONNECTION_INTERRUPTED
2026-09-14 18:13:39.818 Df PeachCommander[22043:12009] [com.apple.appintents:Connection] Process Instance Registry XPC connection has been interrupted
2026-09-14 18:13:39.818 Df PeachCommander[22043:12009] [com.apple.appintents:Connection] Created a new Process Instance Registry XPC connection (inactive)
2026-09-14 18:13:39.818 A  PeachCommander[22043:12009] (AppIntents) appintents:register process
2026-09-14 18:13:39.819 Df PeachCommander[22043:12009] [com.apple.appintents:Connection] Created a new Process Instance Registry XPC connection (inactive)
2026-09-14 18:13:39.819 Df PeachCommander[22043:12009] [com.apple.xpc:connection] [0x92cc49540] activating connection: mach=true listener=false peer=false name=com.apple.linkd.autoShortcut
2026-09-14 18:13:39.819 E  PeachCommander[22043:1200d] [com.apple.appintents:Connection] Unable to get synchronousRemoteObjectProxy, error: Error Domain=NSCocoaErrorDomain Code=4097 "connection to service named com.apple.linkd.autoShortcut" UserInfo={NSDebugDescription=connection to service named com.apple.linkd.autoShortcut}
2026-09-14 18:13:39.819 E  PeachCommander[22043:1200d] [com.apple.appintents:Connection] Unable to re-register with Process Instance Registry, error: Error Domain=NSCocoaErrorDomain Code=4097 "connection to service named com.apple.linkd.autoShortcut" UserInfo={NSDebugDescription=connection to service named com.apple.linkd.autoShortcut}
2026-09-14 18:13:39.819 Df PeachCommander[22043:12009] [com.apple.appintents:Connection] Activated connection to linkd (ApplicationService)
2026-09-14 18:13:39.819 Df PeachCommander[22043:12009] [com.apple.xpc:connection] [0x92cc48a00] Connection returned listener port: 0x6a03
2026-09-14 18:13:39.819 Df PeachCommander[22043:1200e] [com.apple.xpc:connection] [0x92cc49540] Re-initialization successful; calling out to event handler with XPC_ERROR_CONNECTION_INTERRUPTED
2026-09-14 18:13:39.819 Df PeachCommander[22043:1200e] [com.apple.appintents:Connection] Process Instance Registry XPC connection has been interrupted
2026-09-14 18:13:39.819 E  PeachCommander[22043:1200e] [com.apple.appintents:Connection] Will NOT re-try to establish the connection
2026-09-14 18:13:39.819 E  PeachCommander[22043:12009] [com.apple.appintents:Connection] Unable to get synchronousRemoteObjectProxy, error: Error Domain=NSCocoaErrorDomain Code=4097 "connection to service named com.apple.linkd.autoShortcut" UserInfo={NSDebugDescription=connection to service named com.apple.linkd.autoShortcut}
2026-09-14 18:13:39.819 E  PeachCommander[22043:12009] [com.apple.appintents:Connection] Unable to re-register with Process Instance Registry, error: Error Domain=NSCocoaErrorDomain Code=4097 "connection to service named com.apple.linkd.autoShortcut" UserInfo={NSDebugDescription=connection to service named com.apple.linkd.autoShortcut}
2026-09-14 18:13:39.821 A  PeachCommander[22043:12002] (CoreFoundation) Loading Preferences From System CFPrefsD
2026-09-14 18:13:39.821 Df PeachCommander[22043:12002] (libMobileGestalt.dylib) couldn't load support library
2026-09-14 18:13:39.821 Df PeachCommander[22043:12002] (libMobileGestalt.dylib) called dummy function!
2026-09-14 18:13:39.821 I  PeachCommander[22043:12002] [com.apple.GenerativeModels:availability] Current availability state: unavailable, use cases: com.apple.WritingTools, language: <any>, api: <private>
2026-09-14 18:13:39.821 Df PeachCommander[22043:12002] [com.apple.GenerativeModels:availability] registering darwin observer for name: com.apple.gms.availability.notification
2026-09-14 18:13:39.821 Df PeachCommander[22043:12002] [com.apple.GenerativeModels:availability] registering darwin observer for name: com.apple.os-eligibility-domain.change.greymatter
2026-09-14 18:13:39.821 Df PeachCommander[22043:12002] [com.apple.GenerativeModels:availability] registering darwin observer for name: com.apple.language.changed
2026-09-14 18:13:39.821 Df PeachCommander[22043:12002] [com.apple.WritingTools:Default] isAvailable value changed: isMDMAllowed = true, gmAvailable (current) = false
2026-09-14 18:13:39.824 I  PeachCommander[22043:12002] [com.apple.CoreAnalytics:client] Dropping "com.apple.appkit.app_config" as it isn't used in any transform (not in the config or budgeted?)
2026-09-14 18:13:39.827 Df PeachCommander[22043:12002] [com.apple.AppKit:Appearance] NSApp cache appearance:
-NSRequiresAquaSystemAppearance: 0
-appearance: (null)
-effectiveAppearance: <NSCompositeAppearance: 0x92d0805a0
 (
    "<NSAquaAppearance: 0x92d0806e0>",
    "<NSSystemAppearance: 0x92d080780>"
)>
2026-09-14 18:13:39.829 A  PeachCommander[22043:12002] (CoreFoundation) Loading Preferences From User CFPrefsD
2026-09-14 18:13:39.829 A  PeachCommander[22043:12002] (CoreFoundation) Loading Preferences From User CFPrefsD
2026-09-14 18:13:39.832 A  PeachCommander[22043:1200d] (libsystem_info.dylib) Membership API: translate identifier
2026-09-14 18:13:39.834 I  PeachCommander[22043:12002] [com.apple.CoreAnalytics:client] Dropping "com.apple.appkit.app_config" as it isn't used in any transform (not in the config or budgeted?)
2026-09-14 18:13:39.834 I  PeachCommander[22043:12002] [com.apple.CoreAnalytics:client] Dropping "com.apple.appkit.app_config" as it isn't used in any transform (not in the config or budgeted?)
2026-09-14 18:13:39.835 Df PeachCommander[22043:1200e] [com.apple.xpc:connection] [0x92cc49a40] activating connection: mach=true listener=false peer=false name=com.apple.dock.fullscreen
2026-09-14 18:13:39.836 Df PeachCommander[22043:12002] [com.apple.xpc:connection] [0x92cc49b80] activating connection: mach=true listener=false peer=false name=com.apple.fonts
2026-09-14 18:13:39.838 I  PeachCommander[22043:12002] [com.apple.launchservices:cas] information in shared memory for 0x0-0x127127 with seed 533 was still valid, so using cached info { "ApplicationType"="Foreground", "BuildMachineOSBuild"="25E246", "BundleIdentifierLowerCase"="com.peachcommander.app", "CFBundleDevelopmentRegion"="en", "CFBundleDocumentTypes"=( { "CFBundleTypeName"="Peach Commander Plugin Package", "CFBundleTypeRole"="Viewer", "LSHandlerRank"="Owner", "LSItemContentTypes"=( "com.peachcommander.plugin-package") }), "CFBundleExecutable"="PeachCommander", "CFBundleExecutablePath"="/Users/admin/pc-test/PeachCommander.app/Contents/MacOS/PeachCommander", "CFBundleExecutablePathDeviceID"=16777229, "CFBundleExecutablePathINode"=487524, "CFBundleHelpBookFolder"="PeachCommander.help", "CFBundleHelpBookName"="Peach Commander Help", "CFBundleIconFile"="AppIcon", "CFBundleIconName"="AppIcon", "CFBundleIdentifier"="com.peachcommander.app", "CFBundleInfoDictionaryVersion"="6.0", "CFBundleName"="PeachCommander", "CFBundleNameLowerCase"="peachcommander", "CFBundleNumericVersion"=402685952, "CFBundlePackageType"="APPL", "CFBundleShortVersionString"="0.9.0", "CFBun<…>
2026-09-14 18:13:39.839 I  PeachCommander[22043:12002] [com.apple.CoreAnalytics:client] Dropping "com.apple.appkit.app_config" as it isn't used in any transform (not in the config or budgeted?)
2026-09-14 18:13:39.839 Df PeachCommander[22043:12002] [com.apple.AppKit:AutomaticTermination] -[NSApplication(NSAppssassination) _checkForAutomaticTerminationSupportPossiblyEnablingIt]_block_invoke Enabling automatic termination support.
2026-09-14 18:13:39.839 Df PeachCommander[22043:12002] [com.apple.xpc:connection] [0x92cc48dc0] activating connection: mach=true listener=false peer=false name=com.apple.appkit.restoration_storage
2026-09-14 18:13:39.840 I  PeachCommander[22043:12002] [com.apple.launchservices:cas] information in shared memory for 0x0-0x127127 with seed 533 was still valid, so using cached info { "ApplicationType"="Foreground", "BuildMachineOSBuild"="25E246", "BundleIdentifierLowerCase"="com.peachcommander.app", "CFBundleDevelopmentRegion"="en", "CFBundleDocumentTypes"=( { "CFBundleTypeName"="Peach Commander Plugin Package", "CFBundleTypeRole"="Viewer", "LSHandlerRank"="Owner", "LSItemContentTypes"=( "com.peachcommander.plugin-package") }), "CFBundleExecutable"="PeachCommander", "CFBundleExecutablePath"="/Users/admin/pc-test/PeachCommander.app/Contents/MacOS/PeachCommander", "CFBundleExecutablePathDeviceID"=16777229, "CFBundleExecutablePathINode"=487524, "CFBundleHelpBookFolder"="PeachCommander.help", "CFBundleHelpBookName"="Peach Commander Help", "CFBundleIconFile"="AppIcon", "CFBundleIconName"="AppIcon", "CFBundleIdentifier"="com.peachcommander.app", "CFBundleInfoDictionaryVersion"="6.0", "CFBundleName"="PeachCommander", "CFBundleNameLowerCase"="peachcommander", "CFBundleNumericVersion"=402685952, "CFBundlePackageType"="APPL", "CFBundleShortVersionString"="0.9.0", "CFBun<…>
2026-09-14 18:13:39.840 Df PeachCommander[22043:12002] [com.apple.xpc:connection] [0x92cc48f00] activating connection: mach=true listener=false peer=false name=com.apple.coreservices.appleevents
2026-09-14 18:13:39.840 I  PeachCommander[22043:12002] [com.apple.appleevents:main] _AEGetRegisteredMachPort() created default port (port:63491/0xf803 rcv:1 send:1 limit:5) and registered it with server
2026-09-14 18:13:39.840 Df PeachCommander[22043:12002] [com.apple.xpc:connection] [0x92cc48280] Connection returned listener port: 0x4203
2026-09-14 18:13:39.840 I  PeachCommander[22043:12002] [com.apple.launchservices:cas] information in shared memory for 0x0-0x127127 with seed 533 was still valid, so using cached info { "ApplicationType"="Foreground", "BuildMachineOSBuild"="25E246", "BundleIdentifierLowerCase"="com.peachcommander.app", "CFBundleDevelopmentRegion"="en", "CFBundleDocumentTypes"=( { "CFBundleTypeName"="Peach Commander Plugin Package", "CFBundleTypeRole"="Viewer", "LSHandlerRank"="Owner", "LSItemContentTypes"=( "com.peachcommander.plugin-package") }), "CFBundleExecutable"="PeachCommander", "CFBundleExecutablePath"="/Users/admin/pc-test/PeachCommander.app/Contents/MacOS/PeachCommander", "CFBundleExecutablePathDeviceID"=16777229, "CFBundleExecutablePathINode"=487524, "CFBundleHelpBookFolder"="PeachCommander.help", "CFBundleHelpBookName"="Peach Commander Help", "CFBundleIconFile"="AppIcon", "CFBundleIconName"="AppIcon", "CFBundleIdentifier"="com.peachcommander.app", "CFBundleInfoDictionaryVersion"="6.0", "CFBundleName"="PeachCommander", "CFBundleNameLowerCase"="peachcommander", "CFBundleNumericVersion"=402685952, "CFBundlePackageType"="APPL", "CFBundleShortVersionString"="0.9.0", "CFBun<…>
2026-09-14 18:13:39.840 Df PeachCommander[22043:12002] [com.apple.processmanager:front-35286506] SignalReady: pid=22043 asn=0x0-0x127127
2026-09-14 18:13:39.841 Df PeachCommander[22043:12002] [com.apple.processmanager:front-35286506] SIGNAL: pid=22043 asn=0x0x-0x127127
2026-09-14 18:13:39.841 I  PeachCommander[22043:12002] [com.apple.appleevents:main] aeGenerateFakeFirstOAPPEventIfNecessary()
2026-09-14 18:13:39.841 I  PeachCommander[22043:12002] [com.apple.appleevents:main] aeGenerateFakeFirstOAPPEventIfNecessary(), needToCreateFakeOAPPEventIfFirstEvent == true
2026-09-14 18:13:39.841 I  PeachCommander[22043:12002] [com.apple.launchservices:cas] Removing cached information for app [ 0x0-0x127127]  "PeachCommander", as its seed is different from that in shared memory ( 533 vs 535)
2026-09-14 18:13:39.841 I  PeachCommander[22043:12002] [com.apple.CFPasteboard:entry] CopyData('DefaultAsciiKeyboardLayoutPasteboard' (<CFUUID 0x92cc7ba20> 0E4EF5F0-B95F-460B-96B4-843439BA62B5) gen: -1 item: 1264739405 flavor: 'DefaultAsciiKeyboardLayoutFlavor')
2026-09-14 18:13:39.841 I  PeachCommander[22043:12002] [com.apple.CFPasteboard:cache] Rebuilding cache for 'DefaultAsciiKeyboardLayoutPasteboard' (<CFUUID 0x92cc7ba20> 0E4EF5F0-B95F-460B-96B4-843439BA62B5)
2026-09-14 18:13:39.842 I  PeachCommander[22043:12002] [com.apple.CFPasteboard:exit] (not-in-cache) - result: -8 generation: 0 null data flags: 0
2026-09-14 18:13:39.842 A  PeachCommander[22043:12002] (CoreFoundation) Loading Preferences From User CFPrefsD
2026-09-14 18:13:39.842 A  PeachCommander[22043:12002] (CoreFoundation) Loading Preferences From System CFPrefsD
2026-09-14 18:13:39.842 I  PeachCommander[22043:12002] [com.apple.CFPasteboard:entry] CopyData('AppleIntlFileCacheModificationDatePasteboard' (<CFUUID 0x92cc7ba60> C2DEBF2F-04D9-47B1-BF32-197847244ACF) gen: -1 item: 1 flavor: '-32766 1768845414')
2026-09-14 18:13:39.842 I  PeachCommander[22043:12002] [com.apple.CFPasteboard:cache] Rebuilding cache for 'AppleIntlFileCacheModificationDatePasteboard' (<CFUUID 0x92cc7ba60> C2DEBF2F-04D9-47B1-BF32-197847244ACF)
2026-09-14 18:13:39.842 I  PeachCommander[22043:12002] [com.apple.CFPasteboard:general] Will request data from daemon
2026-09-14 18:13:39.842 I  PeachCommander[22043:12002] [com.apple.CFPasteboard:exit] (not-in-cache) - result: 0 generation: 2 data (310 bytes) flags: 0
2026-09-14 18:13:39.842 I  PeachCommander[22043:12002] [com.apple.CFPasteboard:entry] CopyData('AppleIntlFileCacheModificationDatePasteboard' (<CFUUID 0x92cc7ba60> C2DEBF2F-04D9-47B1-BF32-197847244ACF) gen: -1 item: 1 flavor: '-32765 1802264953')
2026-09-14 18:13:39.842 I  PeachCommander[22043:12002] [com.apple.CFPasteboard:general] Will request data from daemon
2026-09-14 18:13:39.842 I  PeachCommander[22043:12002] [com.apple.CFPasteboard:exit] (not-in-cache) - result: 0 generation: 2 data (306 bytes) flags: 0
2026-09-14 18:13:39.842 I  PeachCommander[22043:12002] [com.apple.CFPasteboard:entry] CopyData('AppleIntlFileCacheModificationDatePasteboard' (<CFUUID 0x92cc7ba60> C2DEBF2F-04D9-47B1-BF32-197847244ACF) gen: -1 item: 1 flavor: '-32764 1802264953')
2026-09-14 18:13:39.842 I  PeachCommander[22043:12002] [com.apple.CFPasteboard:general] Will request data from daemon
2026-09-14 18:13:39.843 I  PeachCommander[22043:12002] [com.apple.CFPasteboard:exit] (not-in-cache) - result: 0 generation: 2 data (281 bytes) flags: 0
2026-09-14 18:13:39.843 I  PeachCommander[22043:12002] [com.apple.CFPasteboard:entry] CopyData('AppleIntlFileCacheModificationDatePasteboard' (<CFUUID 0x92cc7ba60> C2DEBF2F-04D9-47B1-BF32-197847244ACF) gen: -1 item: 1 flavor: '-32763 1802264953')
2026-09-14 18:13:39.843 I  PeachCommander[22043:12002] [com.apple.CFPasteboard:general] Will request data from daemon
2026-09-14 18:13:39.843 I  PeachCommander[22043:12002] [com.apple.CFPasteboard:exit] (not-in-cache) - result: 0 generation: 2 data (318 bytes) flags: 0
2026-09-14 18:13:39.843 I  PeachCommander[22043:12002] [com.apple.CFPasteboard:entry] CopyData('AppleIntlFileCacheModificationDatePasteboard' (<CFUUID 0x92cc7ba60> C2DEBF2F-04D9-47B1-BF32-197847244ACF) gen: -1 item: 1 flavor: '-32765 1768845414')
2026-09-14 18:13:39.843 I  PeachCommander[22043:12002] [com.apple.CFPasteboard:general] Will request data from daemon
2026-09-14 18:13:39.843 I  PeachCommander[22043:12002] [com.apple.CFPasteboard:exit] (not-in-cache) - result: 0 generation: 2 data (303 bytes) flags: 0
2026-09-14 18:13:39.843 I  PeachCommander[22043:12002] [com.apple.CFPasteboard:entry] CopyData('AppleIntlFileCacheModificationDatePasteboard' (<CFUUID 0x92cc7ba60> C2DEBF2F-04D9-47B1-BF32-197847244ACF) gen: -1 item: 1 flavor: '-32763 1768845414')
2026-09-14 18:13:39.843 I  PeachCommander[22043:12002] [com.apple.CFPasteboard:general] Will request data from daemon
2026-09-14 18:13:39.843 I  PeachCommander[22043:12002] [com.apple.CFPasteboard:exit] (not-in-cache) - result: 0 generation: 2 data (315 bytes) flags: 0
2026-09-14 18:13:39.844 I  PeachCommander[22043:12002] [com.apple.launchservices:cas] information in shared memory for 0x0-0x127127 with seed 535 was still valid, so using cached info { "ApplicationType"="Foreground", "BuildMachineOSBuild"="25E246", "BundleIdentifierLowerCase"="com.peachcommander.app", "CFBundleDevelopmentRegion"="en", "CFBundleDocumentTypes"=( { "CFBundleTypeName"="Peach Commander Plugin Package", "CFBundleTypeRole"="Viewer", "LSHandlerRank"="Owner", "LSItemContentTypes"=( "com.peachcommander.plugin-package") }), "CFBundleExecutable"="PeachCommander", "CFBundleExecutablePath"="/Users/admin/pc-test/PeachCommander.app/Contents/MacOS/PeachCommander", "CFBundleExecutablePathDeviceID"=16777229, "CFBundleExecutablePathINode"=487524, "CFBundleHelpBookFolder"="PeachCommander.help", "CFBundleHelpBookName"="Peach Commander Help", "CFBundleIconFile"="AppIcon", "CFBundleIconName"="AppIcon", "CFBundleIdentifier"="com.peachcommander.app", "CFBundleInfoDictionaryVersion"="6.0", "CFBundleName"="PeachCommander", "CFBundleNameLowerCase"="peachcommander", "CFBundleNumericVersion"=402685952, "CFBundlePackageType"="APPL", "CFBundleShortVersionString"="0.9.0", "CFBun<…>
2026-09-14 18:13:39.844 Df PeachCommander[22043:12002] [com.apple.xpc:connection] [0x92cc49e00] activating connection: mach=false listener=false peer=false name=com.apple.ViewBridgeAuxiliary
2026-09-14 18:13:39.848 Df PeachCommander[22043:12002] [com.apple.xpc:connection] [0x92cc49cc0] activating connection: mach=false listener=false peer=false name=(anonymous)
2026-09-14 18:13:39.848 Df PeachCommander[22043:12002] [com.apple.xpc:connection] [0x92cc49f40] activating connection: mach=false listener=true peer=false name=(anonymous)
2026-09-14 18:13:39.848 Df PeachCommander[22043:12002] [com.apple.xpc:connection] [0x92cc49f40] Connection returned listener port: 0xf303
2026-09-14 18:13:39.849 Df PeachCommander[22043:12002] [com.apple.xpc:connection] [0x92cc49e00] invalidated after the last release of the connection object
2026-09-14 18:13:39.849 I  PeachCommander[22043:12002] [com.apple.showhide:pr-59900543] SHOWHIDE: SHOW id=488 0x0-0x127127, err=0 eventTime=1524970487208 windowID=0
2026-09-14 18:13:39.849 I  PeachCommander[22043:12002] [com.apple.CarbonCore:coreservicesdaemon] findOrCreateCacheable():findOrCreateCacheable(), factoryName=3 cacheableName=<private> fCacheables.size()=0
2026-09-14 18:13:39.849 I  PeachCommander[22043:12002] [com.apple.CarbonCore:coreservicesdaemon] findOrCreateCacheable():findOrCreateCacheable(), result = 0x92cc3bb80 (should be non-NULL)
2026-09-14 18:13:39.849 Df PeachCommander[22043:12002] [com.apple.AppKit:AutomaticTermination] void _NSDisableAutomaticTerminationAndLog(NSString *) Restoring windows
2026-09-14 18:13:39.849 Df PeachCommander[22043:12002] [com.apple.AppKit:StateRestoration] -[NSApplication _reopenWindowsAsNecessaryIncludingRestorableState:withFullFidelity:completionHandler:] shouldRestoreState=1 hasPersistentStateToRestore=0 shouldStillRestoreStateAfterPrompting=0
2026-09-14 18:13:39.849 Df PeachCommander[22043:12002] [com.apple.xpc:connection] [0x92cc49e00] activating connection: mach=true listener=false peer=false name=com.apple.window_proxies
2026-09-14 18:13:39.849 Df PeachCommander[22043:12002] [com.apple.xpc:connection] [0x92cc49e00] invalidated because the current process cancelled the connection by calling xpc_connection_cancel()
2026-09-14 18:13:39.849 I  PeachCommander[22043:12002] [com.apple.SkyLight:processes] 0[outside of RPC]: SLSSetFrontProcessWithInfo(0x0-0x2 window=0 options=0x1
2026-09-14 18:13:39.850 I  PeachCommander[22043:12002] [com.apple.CoreAnalytics:client] Dropping "com.apple.appkit.app_config" as it isn't used in any transform (not in the config or budgeted?)
2026-09-14 18:13:39.850 Df PeachCommander[22043:12002] [com.apple.AppKit:AutomaticTermination] void _NSEnableAutomaticTerminationAndLog(NSString *) Restoring windows
2026-09-14 18:13:39.852 I  PeachCommander[22043:12002] [com.apple.CoreAnalytics:client] Dropping "com.apple.appkit.app_config" as it isn't used in any transform (not in the config or budgeted?)
2026-09-14 18:13:39.852 I  PeachCommander[22043:12002] [com.apple.CoreAnalytics:client] Dropping "com.apple.appkit.app_config" as it isn't used in any transform (not in the config or budgeted?)
2026-09-14 18:13:39.861 A  PeachCommander[22043:12002] (CoreFoundation) Loading Preferences From User CFPrefsD
2026-09-14 18:13:39.865 I  PeachCommander[22043:12002] [com.peachcommander:PCFoundation] VolumeManager initialized
2026-09-14 18:13:39.881 Df PeachCommander[22043:12002] [com.apple.BoardServices:XPCErrors] [C:1] Alloc <private>
2026-09-14 18:13:39.881 Df PeachCommander[22043:12002] [com.apple.xpc:connection] [0x92cef9180] activating connection: mach=false listener=false peer=false name=(anonymous)
2026-09-14 18:13:39.882 I  PeachCommander[22043:12002] [com.apple.AppKit:Window] context (0 -> 1250021a) for window 492
2026-09-14 18:13:39.883 Df PeachCommander[22043:1200d] [com.apple.corespotlight:index] (<private>) deleteSearchableItemsWithDomainIdentifiers, protectionClass:(null), domainIdentifiers number:1
2026-09-14 18:13:39.883 A  PeachCommander[22043:1200d] (CoreSpotlight) delete-domains
2026-09-14 18:13:39.883 Df PeachCommander[22043:1200d] [com.apple.corespotlight:index] CSInlineDonation:<private>: Skipping donation (feature flag disabled)
2026-09-14 18:13:39.883 Df PeachCommander[22043:1200d] (CoreSpotlight) sConnectionName: com.apple.spotlight.IndexAgent
2026-09-14 18:13:39.883 Df PeachCommander[22043:1200d] (CoreSpotlight) Start service name com.apple.spotlight.IndexAgent
2026-09-14 18:13:39.883 I  PeachCommander[22043:12002] [com.peachcommander:PCFoundation] MainWindowController initialized (config: <private>)
2026-09-14 18:13:39.883 Df PeachCommander[22043:1200d] [com.apple.xpc:connection] [0x92cef9400] activating connection: mach=true listener=false peer=false name=com.apple.spotlight.IndexAgent
2026-09-14 18:13:39.883 I  PeachCommander[22043:12002] [com.peachcommander:PCFoundation] SelectionState initialized
2026-09-14 18:13:39.883 I  PeachCommander[22043:12002] [com.peachcommander:PCFoundation] DirectoryModel initialized
2026-09-14 18:13:39.883 I  PeachCommander[22043:12002] [com.peachcommander:PCFoundation] VolumeManager initialized
2026-09-14 18:13:39.883 I  PeachCommander[22043:12002] [com.peachcommander:PCFoundation] PanelController initialized for <private> panel
2026-09-14 18:13:39.884 I  PeachCommander[22043:12002] [com.peachcommander:PCFoundation] SelectionState initialized
2026-09-14 18:13:39.884 I  PeachCommander[22043:12002] [com.peachcommander:PCFoundation] DirectoryModel initialized
2026-09-14 18:13:39.884 I  PeachCommander[22043:12002] [com.peachcommander:PCFoundation] VolumeManager initialized
2026-09-14 18:13:39.884 I  PeachCommander[22043:12002] [com.peachcommander:PCFoundation] PanelController initialized for <private> panel
2026-09-14 18:13:39.887 I  PeachCommander[22043:12002] [com.apple.AppKit:Animation] Running new animation: <private>
2026-09-14 18:13:39.887 I  PeachCommander[22043:12002] [com.apple.AppKit:Animation] Running new animation: <private>
2026-09-14 18:13:39.887 I  PeachCommander[22043:12002] [com.apple.AppKit:Animation] Running new animation: <private>
2026-09-14 18:13:39.887 I  PeachCommander[22043:12002] [com.apple.AppKit:Animation] Running new animation: <private>
2026-09-14 18:13:39.887 I  PeachCommander[22043:12002] [com.apple.AppKit:Animation] Running new animation: <private>
2026-09-14 18:13:39.889 I  PeachCommander[22043:12002] [com.apple.AppKit:Animation] Running new animation: <private>
2026-09-14 18:13:39.889 I  PeachCommander[22043:12002] [com.apple.AppKit:Animation] Running new animation: <private>
2026-09-14 18:13:39.889 I  PeachCommander[22043:12002] [com.apple.AppKit:Animation] Running new animation: <private>
2026-09-14 18:13:39.889 I  PeachCommander[22043:12002] [com.apple.AppKit:Animation] Running new animation: <private>
2026-09-14 18:13:39.889 I  PeachCommander[22043:12002] [com.apple.AppKit:Animation] Running new animation: <private>
2026-09-14 18:13:39.890 A  PeachCommander[22043:1200d] (RunningBoardServices) didChangeInheritances
2026-09-14 18:13:39.896 I  PeachCommander[22043:12002] [com.apple.CoreAnalytics:client] Dropping "com.apple.appkit.app_config" as it isn't used in any transform (not in the config or budgeted?)
2026-09-14 18:13:39.897 I  PeachCommander[22043:12002] [com.apple.CoreAnalytics:client] Dropping "com.apple.appkit.app_config" as it isn't used in any transform (not in the config or budgeted?)
2026-09-14 18:13:39.900 I  PeachCommander[22043:12002] [com.apple.launchservices:datasep] application record search init. Node: <FSNode 0x92c982ba0> { isDir = ?, path = <private> } bundleID: (null) itemID: 0
2026-09-14 18:13:39.902 I  PeachCommander[22043:12002] [com.apple.GenerativeModels:availability] Current availability state: unavailable, use cases: com.apple.Settings.AppleIntelligence,com.apple.Siri.NLRouter, language: en, api: <private>
2026-09-14 18:13:39.902 Df PeachCommander[22043:12002] [com.apple.GenerativeModels:availability] isOkayToHaveAsset: False
2026-09-14 18:13:39.902 E  PeachCommander[22043:12002] [com.apple.siri:Utility] AFIsDeviceGreymatterEligible Missing entitlements for os_eligibility lookup
2026-09-14 18:13:39.902 I  PeachCommander[22043:12002] [com.apple.GenerativeModels:availability] Current availability state: unavailable, use cases: com.apple.Settings.AppleIntelligence, language: en, api: <private>
2026-09-14 18:13:39.902 Df PeachCommander[22043:12002] [com.apple.GenerativeModels:availability] isOkayToHaveAsset: False
2026-09-14 18:13:39.902 Df PeachCommander[22043:12002] [com.apple.siri:Utility] -[AFSystemAssistantExperienceStatusManager fetchGenerativeModelsAvailability] #SAEStatus #cacheUpdate Updating cache:
deviceSupportsSAE: 0 (0)
       saeEnabled: 0 (0)
     saeAvailable: 0 (0)
      swaiEnabled: 0 (0)
        viEnabled: 0 (0)
        siriAvailability:
        <private>
        ((null))
2026-09-14 18:13:39.902 Df PeachCommander[22043:12002] [com.apple.xpc:connection] [0x92ca18140] activating connection: mach=true listener=false peer=false name=com.apple.iconservices
2026-09-14 18:13:39.902 Df PeachCommander[22043:12002] [com.apple.xpc:connection] [0x92ca18280] activating connection: mach=true listener=false peer=false name=com.apple.iconservices.store
2026-09-14 18:13:39.906 I  PeachCommander[22043:12002] [com.peachcommander:Theme] no user themes in /Users/admin/pc-cfg/themes
2026-09-14 18:13:39.906 Df PeachCommander[22043:12002] [com.apple.AppKit:Appearance] Invalidate NSApp effectiveAppearance
2026-09-14 18:13:39.907 Df PeachCommander[22043:12002] [com.apple.AppKit:Appearance] NSApp cache appearance:
-NSRequiresAquaSystemAppearance: 0
-appearance: <NSCompositeAppearance: 0x92d0819a0
 (
    "<NSDarkAquaAppearance: 0x92d081a40>",
    "<NSSystemAppearance: 0x92d080780>"
)>
-effectiveAppearance: <NSCompositeAppearance: 0x92d0819a0
 (
    "<NSDarkAquaAppearance: 0x92d081a40>",
    "<NSSystemAppearance: 0x92d080780>"
)>
2026-09-14 18:13:39.910 I  PeachCommander[22043:12002] [com.peachcommander:PCFoundation] Theme applied: id=norton, appearance=dark, dark=true, background=#0000AA
2026-09-14 18:13:39.933 I  PeachCommander[22043:12002] [com.apple.iconservices:foundation] layer data size zero
2026-09-14 18:13:39.933 I  PeachCommander[22043:12002] [com.apple.CoreAnalytics:client] Dropping "com.apple.appkit.app_config" as it isn't used in any transform (not in the config or budgeted?)
2026-09-14 18:13:39.936 I  PeachCommander[22043:12002] [com.peachcommander:PCFoundation] Keymap loaded: scheme=<private>, 82 effective bindings
2026-09-14 18:13:39.937 I  PeachCommander[22043:12002] [com.apple.AppKit:Animation] Running new animation: <private>
2026-09-14 18:13:39.937 I  PeachCommander[22043:12002] [com.apple.AppKit:Animation] Running new animation: <private>
2026-09-14 18:13:39.937 I  PeachCommander[22043:12002] [com.apple.AppKit:Animation] Running new animation: <private>
2026-09-14 18:13:39.937 I  PeachCommander[22043:12002] [com.apple.AppKit:Animation] Running new animation: <private>
2026-09-14 18:13:39.937 I  PeachCommander[22043:12002] [com.apple.AppKit:Animation] Running new animation: <private>
2026-09-14 18:13:39.937 I  PeachCommander[22043:12002] [com.apple.AppKit:Animation] Running new animation: <private>
2026-09-14 18:13:39.937 I  PeachCommander[22043:12002] [com.apple.AppKit:Animation] Running new animation: <private>
2026-09-14 18:13:39.937 I  PeachCommander[22043:12002] [com.apple.AppKit:Animation] Running new animation: <private>
2026-09-14 18:13:39.937 I  PeachCommander[22043:12002] [com.apple.AppKit:Animation] Running new animation: <private>
2026-09-14 18:13:39.937 I  PeachCommander[22043:12002] [com.apple.AppKit:Animation] Running new animation: <private>
2026-09-14 18:13:39.940 I  PeachCommander[22043:12002] [com.apple.CoreAnalytics:client] Dropping "<private>" as it isn't used in any transform (not in the config or budgeted?)
2026-09-14 18:13:39.940 I  PeachCommander[22043:12002] [com.apple.CoreAnalytics:client] Dropping "<private>" as it isn't used in any transform (not in the config or budgeted?)
2026-09-14 18:13:39.940 I  PeachCommander[22043:12002] [com.apple.CoreAnalytics:client] Dropping "<private>" as it isn't used in any transform (not in the config or budgeted?)
2026-09-14 18:13:39.941 I  PeachCommander[22043:12002] [com.peachcommander:PCFoundation] MainWindowController window loaded
2026-09-14 18:13:39.941 I  PeachCommander[22043:12002] [com.apple.launchservices:cas] information in shared memory for 0x0-0x127127 with seed 535 was still valid, so using cached info { "ApplicationType"="Foreground", "BuildMachineOSBuild"="25E246", "BundleIdentifierLowerCase"="com.peachcommander.app", "CFBundleDevelopmentRegion"="en", "CFBundleDocumentTypes"=( { "CFBundleTypeName"="Peach Commander Plugin Package", "CFBundleTypeRole"="Viewer", "LSHandlerRank"="Owner", "LSItemContentTypes"=( "com.peachcommander.plugin-package") }), "CFBundleExecutable"="PeachCommander", "CFBundleExecutablePath"="/Users/admin/pc-test/PeachCommander.app/Contents/MacOS/PeachCommander", "CFBundleExecutablePathDeviceID"=16777229, "CFBundleExecutablePathINode"=487524, "CFBundleHelpBookFolder"="PeachCommander.help", "CFBundleHelpBookName"="Peach Commander Help", "CFBundleIconFile"="AppIcon", "CFBundleIconName"="AppIcon", "CFBundleIdentifier"="com.peachcommander.app", "CFBundleInfoDictionaryVersion"="6.0", "CFBundleName"="PeachCommander", "CFBundleNameLowerCase"="peachcommander", "CFBundleNumericVersion"=402685952, "CFBundlePackageType"="APPL", "CFBundleShortVersionString"="0.9.0", "CFBun<…>
2026-09-14 18:13:39.941 I  PeachCommander[22043:12002] [com.apple.launchservices:cas] information in shared memory for 0x0-0x127127 with seed 535 was still valid, so using cached info { "ApplicationType"="Foreground", "BuildMachineOSBuild"="25E246", "BundleIdentifierLowerCase"="com.peachcommander.app", "CFBundleDevelopmentRegion"="en", "CFBundleDocumentTypes"=( { "CFBundleTypeName"="Peach Commander Plugin Package", "CFBundleTypeRole"="Viewer", "LSHandlerRank"="Owner", "LSItemContentTypes"=( "com.peachcommander.plugin-package") }), "CFBundleExecutable"="PeachCommander", "CFBundleExecutablePath"="/Users/admin/pc-test/PeachCommander.app/Contents/MacOS/PeachCommander", "CFBundleExecutablePathDeviceID"=16777229, "CFBundleExecutablePathINode"=487524, "CFBundleHelpBookFolder"="PeachCommander.help", "CFBundleHelpBookName"="Peach Commander Help", "CFBundleIconFile"="AppIcon", "CFBundleIconName"="AppIcon", "CFBundleIdentifier"="com.peachcommander.app", "CFBundleInfoDictionaryVersion"="6.0", "CFBundleName"="PeachCommander", "CFBundleNameLowerCase"="peachcommander", "CFBundleNumericVersion"=402685952, "CFBundlePackageType"="APPL", "CFBundleShortVersionString"="0.9.0", "CFBun<…>
2026-09-14 18:13:39.950 I  PeachCommander[22043:12002] [com.apple.AppKit:Window] order window front conditionally: 492 related: 0
2026-09-14 18:13:39.950 Df PeachCommander[22043:12002] [com.apple.AppKit:AutomaticTermination] void _NSEnableAutomaticTerminationAndLog(NSString *) No windows open yet
2026-09-14 18:13:39.950 I  PeachCommander[22043:12002] [com.apple.AppKit:Intelligence] starting collection observation
2026-09-14 18:13:39.950 Df PeachCommander[22043:12009] [com.apple.UIIntelligenceSupport:xpc] establishing connection to agent
2026-09-14 18:13:39.950 Df PeachCommander[22043:12009] [com.apple.xpc:session] [0x92dd015e0] Session created.
2026-09-14 18:13:39.950 Df PeachCommander[22043:12009] [com.apple.xpc:session] [0x92dd015e0] Session created from connection [0x92ca1a440]
2026-09-14 18:13:39.950 Df PeachCommander[22043:12009] [com.apple.xpc:connection] [0x92ca1a440] activating connection: mach=true listener=false peer=false name=com.apple.uiintelligencesupport.agent
2026-09-14 18:13:39.950 Df PeachCommander[22043:12009] [com.apple.xpc:session] [0x92dd015e0] Session activated
2026-09-14 18:13:39.951 I  PeachCommander[22043:12002] [com.apple.SkyLight:processes] 0[outside of RPC]: SLSSetFrontProcessWithInfo(0x0-0x2 window=0 options=0x1
2026-09-14 18:13:39.951 Df PeachCommander[22043:12008] [com.apple.UIIntelligenceSupport:xpc] Connection established with agent PID: 1211
2026-09-14 18:13:39.951 I  PeachCommander[22043:12002] [com.apple.launchservices:cas] information in shared memory for 0x0-0x127127 with seed 535 was still valid, so using cached info { "ApplicationType"="Foreground", "BuildMachineOSBuild"="25E246", "BundleIdentifierLowerCase"="com.peachcommander.app", "CFBundleDevelopmentRegion"="en", "CFBundleDocumentTypes"=( { "CFBundleTypeName"="Peach Commander Plugin Package", "CFBundleTypeRole"="Viewer", "LSHandlerRank"="Owner", "LSItemContentTypes"=( "com.peachcommander.plugin-package") }), "CFBundleExecutable"="PeachCommander", "CFBundleExecutablePath"="/Users/admin/pc-test/PeachCommander.app/Contents/MacOS/PeachCommander", "CFBundleExecutablePathDeviceID"=16777229, "CFBundleExecutablePathINode"=487524, "CFBundleHelpBookFolder"="PeachCommander.help", "CFBundleHelpBookName"="Peach Commander Help", "CFBundleIconFile"="AppIcon", "CFBundleIconName"="AppIcon", "CFBundleIdentifier"="com.peachcommander.app", "CFBundleInfoDictionaryVersion"="6.0", "CFBundleName"="PeachCommander", "CFBundleNameLowerCase"="peachcommander", "CFBundleNumericVersion"=402685952, "CFBundlePackageType"="APPL", "CFBundleShortVersionString"="0.9.0", "CFBun<…>
2026-09-14 18:13:39.951 Df PeachCommander[22043:12002] [com.apple.xpc:connection] [0x92ca1a580] activating connection: mach=true listener=false peer=false name=com.apple.FileCoordination
2026-09-14 18:13:39.952 Df PeachCommander[22043:12008] [com.apple.foundation.filecoordination:presenter] Adding presenter D70C42B3-6D75-4C14-B712-A3F8CB14C72C for URL: <private>
2026-09-14 18:13:39.952 I  PeachCommander[22043:12002] [com.apple.launchservices:cas] information in shared memory for 0x0-0x127127 with seed 535 was still valid, so using cached info { "ApplicationType"="Foreground", "BuildMachineOSBuild"="25E246", "BundleIdentifierLowerCase"="com.peachcommander.app", "CFBundleDevelopmentRegion"="en", "CFBundleDocumentTypes"=( { "CFBundleTypeName"="Peach Commander Plugin Package", "CFBundleTypeRole"="Viewer", "LSHandlerRank"="Owner", "LSItemContentTypes"=( "com.peachcommander.plugin-package") }), "CFBundleExecutable"="PeachCommander", "CFBundleExecutablePath"="/Users/admin/pc-test/PeachCommander.app/Contents/MacOS/PeachCommander", "CFBundleExecutablePathDeviceID"=16777229, "CFBundleExecutablePathINode"=487524, "CFBundleHelpBookFolder"="PeachCommander.help", "CFBundleHelpBookName"="Peach Commander Help", "CFBundleIconFile"="AppIcon", "CFBundleIconName"="AppIcon", "CFBundleIdentifier"="com.peachcommander.app", "CFBundleInfoDictionaryVersion"="6.0", "CFBundleName"="PeachCommander", "CFBundleNameLowerCase"="peachcommander", "CFBundleNumericVersion"=402685952, "CFBundlePackageType"="APPL", "CFBundleShortVersionString"="0.9.0", "CFBun<…>
2026-09-14 18:13:39.954 I  PeachCommander[22043:12002] [com.apple.AppKit:Window] order all windows front 1524970487208
2026-09-14 18:13:39.954 I  PeachCommander[22043:12002] [com.apple.launchservices:cas] information in shared memory for 0x0-0x127127 with seed 535 was still valid, so using cached info { "ApplicationType"="Foreground", "BuildMachineOSBuild"="25E246", "BundleIdentifierLowerCase"="com.peachcommander.app", "CFBundleDevelopmentRegion"="en", "CFBundleDocumentTypes"=( { "CFBundleTypeName"="Peach Commander Plugin Package", "CFBundleTypeRole"="Viewer", "LSHandlerRank"="Owner", "LSItemContentTypes"=( "com.peachcommander.plugin-package") }), "CFBundleExecutable"="PeachCommander", "CFBundleExecutablePath"="/Users/admin/pc-test/PeachCommander.app/Contents/MacOS/PeachCommander", "CFBundleExecutablePathDeviceID"=16777229, "CFBundleExecutablePathINode"=487524, "CFBundleHelpBookFolder"="PeachCommander.help", "CFBundleHelpBookName"="Peach Commander Help", "CFBundleIconFile"="AppIcon", "CFBundleIconName"="AppIcon", "CFBundleIdentifier"="com.peachcommander.app", "CFBundleInfoDictionaryVersion"="6.0", "CFBundleName"="PeachCommander", "CFBundleNameLowerCase"="peachcommander", "CFBundleNumericVersion"=402685952, "CFBundlePackageType"="APPL", "CFBundleShortVersionString"="0.9.0", "CFBun<…>
2026-09-14 18:13:39.954 I  PeachCommander[22043:12002] [com.apple.showhide:pr-59900543] SHOWHIDE: CONFIRM, id=488, err=0
2026-09-14 18:13:39.954 I  PeachCommander[22043:12002] [com.apple.AppKit:Window] context (0 -> 88534502) for window 491
2026-09-14 18:13:39.954 I  PeachCommander[22043:12002] [com.apple.AppKit:Window] context (0 -> 3a29752e) for window 490
2026-09-14 18:13:39.954 I  PeachCommander[22043:12002] [com.apple.AppKit:Window] context (0 -> 206973db) for window 48f
2026-09-14 18:13:39.954 I  PeachCommander[22043:12002] [com.apple.AppKit:Window] context (0 -> 4047406b) for window 48e
2026-09-14 18:13:39.971 I  PeachCommander[22043:12002] [com.apple.iconservices:foundation] layer data size zero
2026-09-14 18:13:39.979 Df PeachCommander[22043:12002] [com.apple.AppKit:AutomaticTermination] void _updateToReflectAutomaticTerminationState(void) Setting _kLSApplicationWouldBeTerminatedByTALKey=0
2026-09-14 18:13:39.980 I  PeachCommander[22043:12002] [com.apple.runningboard:assertion] Acquiring assertion: <RBSAssertionDescriptor| "AppNap adapter assertion" ID:(null) target:22043>
2026-09-14 18:13:40.014 A  PeachCommander[22043:12009] (RunningBoardServices) didChangeInheritances
2026-09-14 18:13:40.033 Df PeachCommander[22043:12002] [com.apple.libsystem.libdispatch:] DEPRECATED USE in libdispatch client: dispatch source activated with no event handler set; set a breakpoint on _dispatch_bug_deprecated to debug
2026-09-14 18:13:40.122 I  PeachCommander[22043:12002] [com.apple.coreanimation:Utilities] IOSurface Compression Enabled: NO
2026-09-14 18:13:40.123 Df PeachCommander[22043:12008] [com.apple.coreanimation:Metal] Precompiled pipelines disabled on unsupported hardware.
2026-09-14 18:13:40.135 I  PeachCommander[22043:12002] [com.apple.CarbonCore:gestalt] SetGestaltValuesBulk SetGestaltValuesBulk( count=22 tuples=0x18b4fe650
2026-09-14 18:13:40.135 I  PeachCommander[22043:12002] [com.apple.CarbonCore:gestalt] SetGestaltValue SetGestaltValue(alis 1C9) => 0
2026-09-14 18:13:40.135 I  PeachCommander[22043:12002] [com.apple.CarbonCore:gestalt] SetGestaltValue SetGestaltValue(os   FE) => 0
2026-09-14 18:13:40.135 I  PeachCommander[22043:12002] [com.apple.CarbonCore:gestalt] SetGestaltValue SetGestaltValue(addr 7) => 0
2026-09-14 18:13:40.135 I  PeachCommander[22043:12002] [com.apple.CarbonCore:gestalt] SetGestaltValue SetGestaltValue(fs   3D332) => 0
2026-09-14 18:13:40.135 I  PeachCommander[22043:12002] [com.apple.CarbonCore:gestalt] SetGestaltValue SetGestaltValue(fold 11) => 0
2026-09-14 18:13:40.135 I  PeachCommander[22043:12002] [com.apple.CarbonCore:gestalt] SetGestaltValue SetGestaltValue(lram 7FFFF000) => 0
2026-09-14 18:13:40.135 I  PeachCommander[22043:12002] [com.apple.CarbonCore:gestalt] SetGestaltValue SetGestaltValue(mmap 1) => 0
2026-09-14 18:13:40.135 I  PeachCommander[22043:12002] [com.apple.CarbonCore:gestalt] SetGestaltValue SetGestaltValue(cfrg 1) => 0
2026-09-14 18:13:40.135 I  PeachCommander[22043:12002] [com.apple.CarbonCore:gestalt] SetGestaltValue SetGestaltValue(thds 7) => 0
2026-09-14 18:13:40.135 I  PeachCommander[22043:12002] [com.apple.CarbonCore:gestalt] SetGestaltValue SetGestaltValue(tmgr E) => 0
2026-09-14 18:13:40.135 I  PeachCommander[22043:12002] [com.apple.CarbonCore:gestalt] SetGestaltValue SetGestaltValue(vers 7) => 0
2026-09-14 18:13:40.135 I  PeachCommander[22043:12002] [com.apple.CarbonCore:gestalt] SetGestaltValue SetGestaltValue(cbon 160) => 0
2026-09-14 18:13:40.135 I  PeachCommander[22043:12002] [com.apple.CarbonCore:gestalt] SetGestaltValue SetGestaltValue(cltn 1108000) => 0
2026-09-14 18:13:40.135 I  PeachCommander[22043:12002] [com.apple.CarbonCore:gestalt] SetGestaltValue SetGestaltValue(cpnt 8) => 0
2026-09-14 18:13:40.135 I  PeachCommander[22043:12002] [com.apple.CarbonCore:gestalt] SetGestaltValue SetGestaltValue(rsrc 3) => 0
2026-09-14 18:13:40.135 I  PeachCommander[22043:12002] [com.apple.CarbonCore:gestalt] SetGestaltValue SetGestaltValue(rmbg 11F) => 0
2026-09-14 18:13:40.135 I  PeachCommander[22043:12002] [com.apple.CarbonCore:gestalt] SetGestaltValue SetGestaltValue(vm   11) => 0
2026-09-14 18:13:40.135 I  PeachCommander[22043:12002] [com.apple.CarbonCore:gestalt] SetGestaltValue SetGestaltValue(srad 4170706C) => 0
2026-09-14 18:13:40.135 I  PeachCommander[22043:12002] [com.apple.CarbonCore:gestalt] SetGestaltValue SetGestaltValue(sysa 14) => 0
2026-09-14 18:13:40.135 I  PeachCommander[22043:12002] [com.apple.CarbonCore:gestalt] SetGestaltValue SetGestaltValue(copl 9) => 0
2026-09-14 18:13:40.135 I  PeachCommander[22043:12002] [com.apple.CarbonCore:gestalt] SetGestaltValue SetGestaltValue(xlat 0) => 0
2026-09-14 18:13:40.135 I  PeachCommander[22043:12002] [com.apple.CarbonCore:gestalt] SetGestaltValue SetGestaltValue(stdf 0) => 0
2026-09-14 18:13:40.135 I  PeachCommander[22043:12002] [com.apple.CarbonCore:gestalt] _NewGestalt _NewGestalt(ram  0x18b477644) => 0
2026-09-14 18:13:40.135 I  PeachCommander[22043:12002] [com.apple.CarbonCore:gestalt] _NewGestalt _NewGestalt(ramm 0x18b477644) => 0
2026-09-14 18:13:40.135 I  PeachCommander[22043:12002] [com.apple.CarbonCore:gestalt] _NewGestalt _NewGestalt(cput 0x18b477734) => 0
2026-09-14 18:13:40.135 I  PeachCommander[22043:12002] [com.apple.CarbonCore:gestalt] _NewGestalt _NewGestalt(cpuf 0x18b477764) => 0
2026-09-14 18:13:40.135 I  PeachCommander[22043:12002] [com.apple.CarbonCore:gestalt] _NewGestalt _NewGestalt(bclk 0x18b477794) => 0
2026-09-14 18:13:40.135 I  PeachCommander[22043:12002] [com.apple.CarbonCore:gestalt] _NewGestalt _NewGestalt(bclm 0x18b477794) => 0
2026-09-14 18:13:40.135 I  PeachCommander[22043:12002] [com.apple.CarbonCore:gestalt] _NewGestalt _NewGestalt(pclk 0x18b477834) => 0
2026-09-14 18:13:40.135 I  PeachCommander[22043:12002] [com.apple.CarbonCore:gestalt] _NewGestalt _NewGestalt(mclk 0x18b477834) => 0
2026-09-14 18:13:40.135 I  PeachCommander[22043:12002] [com.apple.CarbonCore:gestalt] _NewGestalt _NewGestalt(a/ux 0x18b47794c) => 0
2026-09-14 18:13:40.135 I  PeachCommander[22043:12002] [com.apple.CarbonCore:gestalt] _NewGestalt _NewGestalt(pgsz 0x18b477954) => 0
2026-09-14 18:13:40.135 I  PeachCommander[22043:12002] [com.apple.CarbonCore:gestalt] _NewGestalt _NewGestalt(csiz 0x18b477994) => 0
2026-09-14 18:13:40.135 I  PeachCommander[22043:12002] [com.apple.CarbonCore:gestalt] _NewGestalt _NewGestalt(sysv 0x18b422dfc) => 0
2026-09-14 18:13:40.135 I  PeachCommander[22043:12002] [com.apple.CarbonCore:gestalt] _NewGestalt _NewGestalt(sys1 0x18b422dfc) => 0
2026-09-14 18:13:40.135 I  PeachCommander[22043:12002] [com.apple.CarbonCore:gestalt] _NewGestalt _NewGestalt(sys2 0x18b422dfc) => 0
2026-09-14 18:13:40.135 I  PeachCommander[22043:12002] [com.apple.CarbonCore:gestalt] _NewGestalt _NewGestalt(sys3 0x18b422dfc) => 0
2026-09-14 18:13:40.135 I  PeachCommander[22043:12002] [com.apple.CarbonCore:gestalt] _NewGestalt _NewGestalt(cdfl 0x18b4779d4) => 0
2026-09-14 18:13:40.135 I  PeachCommander[22043:12002] [com.apple.CarbonCore:gestalt] _NewGestalt _NewGestalt(cdrm 0x18b477c30) => 0
2026-09-14 18:13:40.135 I  PeachCommander[22043:12002] [com.apple.CarbonCore:gestalt] _NewGestalt _NewGestalt(cpus 0x18b477c78) => 0
2026-09-14 18:13:40.135 I  PeachCommander[22043:12002] [com.apple.CarbonCore:gestalt] SetGestaltValue SetGestaltValue(swex 1) => 0
2026-09-14 18:13:40.135 Df PeachCommander[22043:12002] [com.apple.xpc:connection] [0x92ca1b980] activating connection: mach=false listener=false peer=false name=com.apple.hiservices-xpcservice
2026-09-14 18:13:40.136 I  PeachCommander[22043:12002] [com.apple.CFPasteboard:entry] CopyData('ApplePerContextInputPasteboard' (<CFUUID 0x92c698ac0> 01A3635B-5535-4B2F-B88E-7596B285AF65) gen: -1 item: 1264739405 flavor: 'ApplePerContextInputFlavor')
2026-09-14 18:13:40.136 I  PeachCommander[22043:12002] [com.apple.CFPasteboard:cache] Rebuilding cache for 'ApplePerContextInputPasteboard' (<CFUUID 0x92c698ac0> 01A3635B-5535-4B2F-B88E-7596B285AF65)
2026-09-14 18:13:40.136 I  PeachCommander[22043:12002] [com.apple.CFPasteboard:general] Will request data from daemon
2026-09-14 18:13:40.136 I  PeachCommander[22043:12002] [com.apple.CFPasteboard:exit] (not-in-cache) - result: 0 generation: 1 data (182 bytes) flags: 0
2026-09-14 18:13:40.136 I  PeachCommander[22043:12002] [com.apple.CFPasteboard:entry] CopyData('DefaultAsciiKeyboardLayoutPasteboard' (<CFUUID 0x92cc7ba20> 0E4EF5F0-B95F-460B-96B4-843439BA62B5) gen: -1 item: 1264739405 flavor: 'DefaultAsciiKeyboardLayoutFlavor')
2026-09-14 18:13:40.136 I  PeachCommander[22043:12002] [com.apple.CFPasteboard:exit] (not-in-cache) - result: -8 generation: 0 null data flags: 0
2026-09-14 18:13:40.138 I  PeachCommander[22043:12002] [com.apple.AppKit:Window] context (0 -> 7e1bcd) for window 493
2026-09-14 18:13:40.138 Df PeachCommander[22043:12002] [com.apple.inputmethodkitClient:Client] +[IMKClient subclass]: chose IMKClient_Modern
2026-09-14 18:13:40.139 Df PeachCommander[22043:12002] [com.apple.BoardServices:XPCErrors] [C:2] Alloc com.apple.backboard.hid-services.xpc
2026-09-14 18:13:40.139 Df PeachCommander[22043:12002] [com.apple.xpc:connection] [0x92ca1bac0] activating connection: mach=false listener=false peer=false name=(anonymous)
2026-09-14 18:13:40.139 E  PeachCommander[22043:12014] [com.apple.BaseBoard:Common] Unable to obtain a task name port right for pid 165: (os/kern) failure (0x5)
2026-09-14 18:13:40.139 Df PeachCommander[22043:12013] [com.apple.xpc:connection] [0x92ca1a940] activating connection: mach=false listener=false peer=false name=com.apple.TextInputUI.xpc.CursorUIViewService
2026-09-14 18:13:40.139 Df PeachCommander[22043:12014] [com.apple.xpc:connection] [0x92ca1a940] invalidated after the last release of the connection object
2026-09-14 18:13:40.139 I  PeachCommander[22043:12002] [com.apple.CFPasteboard:entry] CopyData('DefaultAsciiKeyboardLayoutPasteboard' (<CFUUID 0x92cc7ba20> 0E4EF5F0-B95F-460B-96B4-843439BA62B5) gen: -1 item: 1264739405 flavor: 'DefaultAsciiKeyboardLayoutFlavor')
2026-09-14 18:13:40.139 I  PeachCommander[22043:12002] [com.apple.CFPasteboard:exit] (not-in-cache) - result: -8 generation: 0 null data flags: 0
2026-09-14 18:13:40.140 Df PeachCommander[22043:12002] [com.apple.xpc:connection] [0x92ca1a6c0] activating connection: mach=false listener=false peer=false name=(anonymous)
2026-09-14 18:13:40.140 Df PeachCommander[22043:12002] [com.apple.xpc:connection] [0x92ca1a940] activating connection: mach=false listener=false peer=false name=com.apple.ViewBridgeAuxiliary
2026-09-14 18:13:40.140 Df PeachCommander[22043:12002] [com.apple.xpc:connection] [0x92ca1a1c0] activating connection: mach=false listener=false peer=false name=(anonymous)
2026-09-14 18:13:40.140 Df PeachCommander[22043:12002] [com.apple.xpc:connection] [0x92ca1a940] invalidated after the last release of the connection object
2026-09-14 18:13:40.155 Df PeachCommander[22043:12002] [com.apple.TextInputUI:CursorUI] -[TUINSCursorUIController activate:]_block_invoke: Create CursorUIViewService: TUINSRemoteViewController
2026-09-14 18:13:40.155 I  PeachCommander[22043:12002] [com.apple.AppKit:Window] window <TUINSWindow: 0x92dcb6300> windowNumber=493 finishing close
2026-09-14 18:13:40.155 I  PeachCommander[22043:12002] [com.apple.AppKit:Window] order window: 493 op: 0 relative: 0 related: 0
2026-09-14 18:13:40.158 A  PeachCommander[22043:12013] (CoreFoundation) Loading Preferences From System CFPrefsD
2026-09-14 18:13:40.236 Df PeachCommander[22043:12002] [com.apple.BoardServices:XPCErrors] [C:3] Alloc com.apple.backboard.hid-services.xpc
2026-09-14 18:13:40.236 Df PeachCommander[22043:12002] [com.apple.xpc:connection] [0x92ca19e00] activating connection: mach=false listener=false peer=false name=(anonymous)
2026-09-14 18:13:40.236 Df PeachCommander[22043:12008] [com.apple.BackBoard:EventDelivery] BKSHIDEventDeliveryManager - connection activation
2026-09-14 18:13:40.249 I  PeachCommander[22043:12002] [com.apple.iconservices:foundation] layer data size zero
2026-09-14 18:13:40.250 A  PeachCommander[22043:12002] (CoreFoundation) Loading Preferences From User CFPrefsD
2026-09-14 18:13:40.250 I  PeachCommander[22043:12002] [com.apple.CoreAnalytics:client] Dropping "com.apple.ImageIO.readerSelection" as it isn't used in any transform (not in the config or budgeted?)
2026-09-14 18:13:40.267 A  PeachCommander[22043:1200e] (libsystem_info.dylib) Retrieve Group by ID
2026-09-14 18:13:40.267 I  PeachCommander[22043:12002] [com.peachcommander:PCFoundation] Session restored
2026-09-14 18:13:40.267 Df PeachCommander[22043:12002] (Foundation) <private>
2026-09-14 18:13:40.267 I  PeachCommander[22043:12002] [com.peachcommander:PCFoundation] [automation] running /Users/admin/auto.txt
2026-09-14 18:13:40.268 Df PeachCommander[22043:12002] (Foundation) <private>
2026-09-14 18:13:40.268 I  PeachCommander[22043:12002] [com.peachcommander:PCFoundation] [automation] > active left
2026-09-14 18:13:40.268 Df PeachCommander[22043:12002] (Foundation) <private>
2026-09-14 18:13:40.268 I  PeachCommander[22043:12002] [com.peachcommander:PCFoundation] [automation] > left /Users/admin/pc-slip
2026-09-14 18:13:40.338 I  PeachCommander[22043:12002] [com.apple.CoreAnalytics:client] Dropping "com.apple.appkit.app_config" as it isn't used in any transform (not in the config or budgeted?)
2026-09-14 18:13:40.339 I  PeachCommander[22043:12002] [com.apple.launchservices:datasep] application record search init. Node: <FSNode 0x92bdd91a0> { isDir = y, path = <private> } bundleID: (null) itemID: 0
2026-09-14 18:13:40.339 I  PeachCommander[22043:12002] [com.apple.launchservices:datasep] application record search init. Node: <FSNode 0x92bdd91a0> { isDir = y, path = <private> } bundleID: (null) itemID: 0
2026-09-14 18:13:40.339 I  PeachCommander[22043:12002] [com.apple.SafariPlatformSupport:SafariPlatformSupport] -[SFSafariPlatformSupport credentialSelected:] with nil credential
2026-09-14 18:13:40.339 I  PeachCommander[22043:12002] [com.apple.SafariPlatformSupport:SafariPlatformSupport] -[SFSafariPlatformSupport oneTimeCodeSelected:] with nil code
2026-09-14 18:13:40.386 I  PeachCommander[22043:120a1] [com.apple.AppKit:WindowTab] Indexing 1 items
2026-09-14 18:13:40.386 A  PeachCommander[22043:120a1] (CoreSpotlight) end-index-batch
2026-09-14 18:13:40.386 Df PeachCommander[22043:120a1] [com.apple.corespotlight:index] *warn* MailCS ======%%% _setMailMessageAttributes skip:1
2026-09-14 18:13:40.387 A  PeachCommander[22043:120a1] (CoreSpotlight) index-items
2026-09-14 18:13:40.387 Df PeachCommander[22043:120a1] [com.apple.corespotlight:index] CSInlineDonation:<private>: Skipping donation (feature flag disabled)
2026-09-14 18:13:40.387 Df PeachCommander[22043:120a1] [com.apple.corespotlight:index] CSInlineDonation:<private>: Skipping donation (feature flag disabled)
2026-09-14 18:13:40.505 I  PeachCommander[22043:12002] [com.apple.HIToolbox:MBDisplays] <private>
2026-09-14 18:13:40.505 I  PeachCommander[22043:12002] [com.apple.HIToolbox:MBDisplays] <private>
2026-09-14 18:13:40.750 Df PeachCommander[22043:12008] [com.apple.xpc:connection] [0x92ca1a300] activating connection: mach=false listener=false peer=false name=com.apple.SafariPlatformSupport.Helper
2026-09-14 18:13:40.786 Df PeachCommander[22043:12002] (Foundation) <private>
2026-09-14 18:13:40.786 I  PeachCommander[22043:12002] [com.peachcommander:PCFoundation] [automation] > wait 1000
2026-09-14 18:13:40.804 I  PeachCommander[22043:12002] [com.apple.AppKit:Image] ISImage reported a placeholder, image rep is providing a placeholder image for <private>
2026-09-14 18:13:40.804 I  PeachCommander[22043:12002] [com.apple.AppKit:Image] ISImage reported a placeholder, image rep is providing a placeholder image for <private>
2026-09-14 18:13:40.805 I  PeachCommander[22043:12014] [com.apple.iconservices:foundation] layer data size zero
2026-09-14 18:13:40.807 I  PeachCommander[22043:12014] [com.apple.iconservices:foundation] layer data size zero
2026-09-14 18:13:40.819 I  PeachCommander[22043:12002] [com.apple.launchservices:cas] Removing cached information for app [ 0x0-0x127127]  "PeachCommander", as its seed is different from that in shared memory ( 535 vs 537)
2026-09-14 18:13:40.820 I  PeachCommander[22043:12002] [com.apple.AppKit:Image] ISImage reported a placeholder, image rep is providing a placeholder image for <private>
2026-09-14 18:13:40.820 I  PeachCommander[22043:12002] [com.apple.AppKit:Image] ISImage reported a placeholder, image rep is providing a placeholder image for <private>
2026-09-14 18:13:40.820 I  PeachCommander[22043:12002] [com.apple.AppKit:Image] ISImage reported a placeholder, image rep is providing a placeholder image for <private>
2026-09-14 18:13:40.821 I  PeachCommander[22043:1200d] [com.apple.iconservices:foundation] layer data size zero
2026-09-14 18:13:40.832 I  PeachCommander[22043:12002] [com.apple.AppKit:Image] ISImage reported a placeholder, image rep is providing a placeholder image for <private>
2026-09-14 18:13:40.833 Df PeachCommander[22043:12014] [com.apple.xpc:connection] [0x92ca1a300] invalidated after the last release of the connection object
2026-09-14 18:13:40.835 Df PeachCommander[22043:12002] [com.apple.xpc:connection] [0x92ca1b0c0] activating connection: mach=false listener=false peer=false name=(anonymous)
2026-09-14 18:13:40.835 Df PeachCommander[22043:12002] [com.apple.xpc:connection] [0x92ca1a300] activating connection: mach=false listener=false peer=false name=(anonymous)
2026-09-14 18:13:40.843 I  PeachCommander[22043:12002] [com.apple.AppKit:Image] ISImage reported a placeholder, image rep is providing a placeholder image for <private>
2026-09-14 18:13:40.843 I  PeachCommander[22043:12002] [com.apple.AppKit:Image] ISImage reported a placeholder, image rep is providing a placeholder image for <private>
2026-09-14 18:13:40.843 I  PeachCommander[22043:1200d] [com.apple.iconservices:foundation] layer data size zero
2026-09-14 18:13:40.870 I  PeachCommander[22043:12002] [com.apple.SafariPlatformSupport:SafariPlatformSupport] -[SPSafariPlatformSupport completionListPreferredContentSizeDidUpdate] with size {0, 0}, in window that is visible
2026-09-14 18:13:40.990 I  PeachCommander[22043:120a1] [com.apple.AppKit:WindowTab] Indexing 1 items
2026-09-14 18:13:40.990 A  PeachCommander[22043:120a1] (CoreSpotlight) end-index-batch
2026-09-14 18:13:40.990 A  PeachCommander[22043:120a1] (CoreSpotlight) index-items
2026-09-14 18:13:40.990 Df PeachCommander[22043:120a1] [com.apple.corespotlight:index] CSInlineDonation:<private>: Skipping donation (feature flag disabled)
2026-09-14 18:13:40.991 Df PeachCommander[22043:120a1] [com.apple.corespotlight:index] CSInlineDonation:<private>: Skipping donation (feature flag disabled)
2026-09-14 18:13:41.811 Df PeachCommander[22043:12002] (Foundation) <private>
2026-09-14 18:13:41.811 I  PeachCommander[22043:12002] [com.peachcommander:PCFoundation] [automation] > zipextract /Users/admin/pc-slip/evil.zip|/Users/admin/pc-slip/target/out|/Users/admin/slip.txt
2026-09-14 18:13:41.826 I  PeachCommander[22043:12002] [com.apple.AppKit:Image] ISImage reported a placeholder, image rep is providing a placeholder image for <private>
2026-09-14 18:13:41.836 I  PeachCommander[22043:12002] [com.apple.AppKit:Image] ISImage reported a placeholder, image rep is providing a placeholder image for <private>
2026-09-14 18:13:41.836 I  PeachCommander[22043:12002] [com.apple.AppKit:Image] ISImage reported a placeholder, image rep is providing a placeholder image for <private>
2026-09-14 18:13:41.858 I  PeachCommander[22043:12002] [com.apple.AppKit:Image] ISImage reported a placeholder, image rep is providing a placeholder image for <private>
2026-09-14 18:13:41.858 I  PeachCommander[22043:12002] [com.apple.AppKit:Image] ISImage reported a placeholder, image rep is providing a placeholder image for <private>
2026-09-14 18:13:41.858 I  PeachCommander[22043:12002] [com.apple.AppKit:Image] ISImage reported a placeholder, image rep is providing a placeholder image for <private>
2026-09-14 18:13:41.859 I  PeachCommander[22043:12008] [com.apple.iconservices:foundation] layer data size zero
2026-09-14 18:13:41.928 I  PeachCommander[22043:12002] [com.apple.AppKit:Image] ISImage reported a placeholder, image rep is providing a placeholder image for <private>
2026-09-14 18:13:41.931 E  PeachCommander[22043:12002] [com.peachcommander:PCFoundation] refused to extract ..: it would leave the destination
2026-09-14 18:13:41.933 Df PeachCommander[22043:12002] (Foundation) <private>
2026-09-14 18:13:41.934 Df PeachCommander[22043:12002] (Foundation) <private>
2026-09-14 18:13:41.934 I  PeachCommander[22043:12002] [com.peachcommander:PCFoundation] [automation] > wait 2500
2026-09-14 18:13:41.942 I  PeachCommander[22043:12002] [com.apple.AppKit:Image] ISImage reported a placeholder, image rep is providing a placeholder image for <private>
2026-09-14 18:13:41.942 I  PeachCommander[22043:12002] [com.apple.AppKit:Image] ISImage reported a placeholder, image rep is providing a placeholder image for <private>
2026-09-14 18:13:41.943 I  PeachCommander[22043:12009] [com.apple.iconservices:foundation] layer data size zero
2026-09-14 18:13:42.074 I  PeachCommander[22043:12009] [com.apple.AppKit:WindowTab] Indexing 1 items
2026-09-14 18:13:42.074 A  PeachCommander[22043:12009] (CoreSpotlight) end-index-batch
2026-09-14 18:13:42.074 A  PeachCommander[22043:12009] (CoreSpotlight) index-items
2026-09-14 18:13:42.074 Df PeachCommander[22043:12009] [com.apple.corespotlight:index] CSInlineDonation:<private>: Skipping donation (feature flag disabled)
2026-09-14 18:13:42.074 Df PeachCommander[22043:12009] [com.apple.corespotlight:index] CSInlineDonation:<private>: Skipping donation (feature flag disabled)
2026-09-14 18:13:44.602 Df PeachCommander[22043:12002] (Foundation) <private>
2026-09-14 18:13:44.602 I  PeachCommander[22043:12002] [com.peachcommander:PCFoundation] [automation] done
